sveltekit-frontend/src/lib/cache/multi-layer-cache.ts(55,5): error TS1005: ',' expected.
sveltekit-frontend/src/lib/cache/MultiLayerCacheSystem.ts(143,5): error TS1005: ',' expected.
sveltekit-frontend/src/lib/cache/MultiLayerCacheSystem.ts(191,5): error TS1005: ',' expected.
sveltekit-frontend/src/lib/cache/MultiLayerCacheSystem.ts(221,5): error TS1005: ',' expected.
sveltekit-frontend/src/lib/cache/MultiLayerCacheSystem.ts(247,5): error TS1005: ',' expected.
sveltekit-frontend/src/lib/cache/ssr-legal-api-cache.ts(9,1): error TS1128: Declaration or statement expected.
sveltekit-frontend/src/lib/cache/ssr-legal-api-cache.ts(334,51): error TS1005: ')' expected.
sveltekit-frontend/src/lib/cache/ssr-legal-api-cache.ts(381,76): error TS1005: ')' expected.
sveltekit-frontend/src/lib/cache/ssr-legal-api-cache.ts(398,69): error TS1005: ')' expected.
sveltekit-frontend/src/lib/cache/stack-cache.ts(50,61): error TS1005: ')' expected.
sveltekit-frontend/src/lib/cache/xstate-cache-integration.ts(8,1): error TS1128: Declaration or statement expected.
sveltekit-frontend/src/lib/cache/xstate-cache-integration.ts(91,25): error TS1005: ',' expected.
sveltekit-frontend/src/lib/cache/xstate-cache-integration.ts(108,26): error TS1005: ',' expected.
sveltekit-frontend/src/lib/cache/xstate-cache-integration.ts(117,26): error TS1005: ',' expected.
sveltekit-frontend/src/lib/cache/xstate-cache-integration.ts(127,23): error TS1005: ',' expected.
sveltekit-frontend/src/lib/cache/xstate-cache-integration.ts(138,67): error TS1005: '>' expected.
sveltekit-frontend/src/lib/cache/xstate-cache-integration.ts(140,52): error TS1005: ',' expected.
sveltekit-frontend/src/lib/cache/xstate-cache-integration.ts(268,24): error TS1005: ',' expected.
sveltekit-frontend/src/lib/cache/xstate-cache-integration.ts(308,67): error TS1005: ')' expected.
sveltekit-frontend/src/lib/client-logging.ts(10,78): error TS1005: ')' expected.
sveltekit-frontend/src/lib/client-logging.ts(14,78): error TS1005: ')' expected.
sveltekit-frontend/src/lib/client-logging.ts(19,95): error TS1005: ')' expected.
sveltekit-frontend/src/lib/client/secure-storage-client.ts(5,1): error TS1128: Declaration or statement expected.
sveltekit-frontend/src/lib/client/secure-storage-client.ts(61,15): error TS1005: ',' expected.
sveltekit-frontend/src/lib/client/secure-storage-client.ts(63,23): error TS1005: ',' expected.
sveltekit-frontend/src/lib/client/secure-storage-client.ts(138,18): error TS1005: ',' expected.
sveltekit-frontend/src/lib/client/secure-storage-client.ts(140,60): error TS1005: ',' expected.
sveltekit-frontend/src/lib/client/secure-storage-client.ts(226,84): error TS1005: ')' expected.
sveltekit-frontend/src/lib/clients/securityOrchestrator.ts(5,1): error TS1128: Declaration or statement expected.
sveltekit-frontend/src/lib/clients/securityOrchestrator.ts(28,27): error TS1136: Property assignment expected.
sveltekit-frontend/src/lib/clients/securityOrchestrator.ts(41,38): error TS1109: Expression expected.
sveltekit-frontend/src/lib/clients/securityOrchestrator.ts(65,41): error TS1135: Argument expression expected.
sveltekit-frontend/src/lib/compat/lokijs.ts(46,40): error TS1005: ';' expected.
sveltekit-frontend/src/lib/components/AIAssistant.svelte.ts(12,31): error TS1136: Property assignment expected.
sveltekit-frontend/src/lib/components/auth/index.ts(29,1): error TS1128: Declaration or statement expected.
sveltekit-frontend/src/lib/components/cases/index.ts(9,1): error TS1128: Declaration or statement expected.
sveltekit-frontend/src/lib/components/chat/index.ts(8,1): error TS1128: Declaration or statement expected.
sveltekit-frontend/src/lib/components/editor/index.ts(8,1): error TS1128: Declaration or statement expected.
sveltekit-frontend/src/lib/components/evidence-editor/index.ts(8,1): error TS1128: Declaration or statement expected.
sveltekit-frontend/src/lib/components/legal/index.ts(12,1): error TS1128: Declaration or statement expected.
sveltekit-frontend/src/lib/components/realtime/index.ts(8,1): error TS1128: Declaration or statement expected.
sveltekit-frontend/src/lib/components/search/types.ts(2,1): error TS1128: Declaration or statement expected.
sveltekit-frontend/src/lib/components/three/yorha-ui/components/YoRHaButton3D.ts(10,1): error TS1128: Declaration or statement expected.
sveltekit-frontend/src/lib/components/three/yorha-ui/components/YoRHaButton3D.ts(250,7): error TS1005: ',' expected.
sveltekit-frontend/src/lib/components/three/yorha-ui/components/YoRHaButton3D.ts(262,60): error TS1005: ')' expected.
sveltekit-frontend/src/lib/components/three/yorha-ui/components/YoRHaButton3D.ts(307,60): error TS1005: ')' expected.
sveltekit-frontend/src/lib/components/three/yorha-ui/components/YoRHaButton3D.ts(315,60): error TS1005: ')' expected.
sveltekit-frontend/src/lib/components/three/yorha-ui/components/YoRHaButtonAA3D.ts(11,1): error TS1128: Declaration or statement expected.
sveltekit-frontend/src/lib/components/three/yorha-ui/components/YoRHaButtonAA3D.ts(157,86): error TS1005: ')' expected.
sveltekit-frontend/src/lib/components/three/yorha-ui/components/YoRHaButtonAA3D.ts(158,80): error TS1005: ')' expected.
sveltekit-frontend/src/lib/components/three/yorha-ui/components/YoRHaButtonAA3D.ts(378,89): error TS1005: ')' expected.
sveltekit-frontend/src/lib/components/three/yorha-ui/components/YoRHaButtonAA3D.ts(633,60): error TS1005: ')' expected.
sveltekit-frontend/src/lib/components/three/yorha-ui/components/YoRHaButtonAA3D.ts(723,60): error TS1005: ')' expected.
sveltekit-frontend/src/lib/components/three/yorha-ui/components/YoRHaButtonAA3D.ts(731,60): error TS1005: ')' expected.
sveltekit-frontend/src/lib/components/three/yorha-ui/components/YoRHaInput3D.ts(7,1): error TS1128: Declaration or statement expected.
sveltekit-frontend/src/lib/components/three/yorha-ui/components/YoRHaInput3D.ts(296,5): error TS1005: ',' expected.
sveltekit-frontend/src/lib/components/three/yorha-ui/components/YoRHaInput3D.ts(296,22): error TS1005: ',' expected.
sveltekit-frontend/src/lib/components/three/yorha-ui/components/YoRHaInput3D.ts(515,60): error TS1005: ')' expected.
sveltekit-frontend/src/lib/components/three/yorha-ui/components/YoRHaInput3D.ts(543,53): error TS1005: ')' expected.
sveltekit-frontend/src/lib/components/three/yorha-ui/components/YoRHaModal3D.ts(7,1): error TS1128: Declaration or statement expected.
sveltekit-frontend/src/lib/components/three/yorha-ui/components/YoRHaModal3D.ts(219,68): error TS1005: ')' expected.
sveltekit-frontend/src/lib/components/three/yorha-ui/components/YoRHaModal3D.ts(479,53): error TS1005: ')' expected.
sveltekit-frontend/src/lib/components/three/yorha-ui/components/YoRHaModal3D.ts(490,56): error TS1005: ')' expected.
sveltekit-frontend/src/lib/components/three/yorha-ui/components/YoRHaModal3D.ts(502,56): error TS1005: ')' expected.
sveltekit-frontend/src/lib/components/three/yorha-ui/components/YoRHaPanel3D.ts(7,1): error TS1128: Declaration or statement expected.
sveltekit-frontend/src/lib/components/three/yorha-ui/components/YoRHaPanel3D.ts(295,84): error TS1005: ')' expected.
sveltekit-frontend/src/lib/components/three/yorha-ui/components/YoRHaPanel3D.ts(356,61): error TS1005: ')' expected.
sveltekit-frontend/src/lib/components/three/yorha-ui/components/YoRHaPanel3D.ts(364,62): error TS1005: ')' expected.
sveltekit-frontend/src/lib/components/three/yorha-ui/components/YoRHaPanel3D.ts(372,67): error TS1005: ')' expected.
sveltekit-frontend/src/lib/components/three/yorha-ui/components/YoRHaQuantumEffects3D.ts(8,1): error TS1128: Declaration or statement expected.
sveltekit-frontend/src/lib/components/three/yorha-ui/components/YoRHaQuantumEffects3D.ts(172,78): error TS1005: ')' expected.
sveltekit-frontend/src/lib/components/three/yorha-ui/components/YoRHaQuantumEffects3D.ts(173,72): error TS1005: ')' expected.
sveltekit-frontend/src/lib/components/three/yorha-ui/components/YoRHaQuantumEffects3D.ts(174,70): error TS1005: ')' expected.
sveltekit-frontend/src/lib/components/three/yorha-ui/components/YoRHaQuantumEffects3D.ts(175,72): error TS1005: ')' expected.
sveltekit-frontend/src/lib/components/three/yorha-ui/components/YoRHaQuantumEffects3D.ts(293,13): error TS1005: ')' expected.
sveltekit-frontend/src/lib/components/three/yorha-ui/components/YoRHaQuantumEffects3D.ts(297,23): error TS1109: Expression expected.
sveltekit-frontend/src/lib/components/three/yorha-ui/components/YoRHaQuantumEffects3D.ts(297,29): error TS1005: ';' expected.
sveltekit-frontend/src/lib/components/three/yorha-ui/components/YoRHaQuantumEffects3D.ts(298,11): error TS1128: Declaration or statement expected.
sveltekit-frontend/src/lib/components/three/yorha-ui/components/YoRHaQuantumEffects3D.ts(305,9): error TS1128: Declaration or statement expected.
sveltekit-frontend/src/lib/components/three/yorha-ui/components/YoRHaQuantumEffects3D.ts(351,5): error TS1128: Declaration or statement expected.
sveltekit-frontend/src/lib/components/three/yorha-ui/components/YoRHaQuantumEffects3D.ts(353,3): error TS1128: Declaration or statement expected.
sveltekit-frontend/src/lib/components/three/yorha-ui/components/YoRHaQuantumEffects3D.ts(354,3): error TS1128: Declaration or statement expected.
sveltekit-frontend/src/lib/components/three/yorha-ui/components/YoRHaQuantumEffects3D.ts(354,42): error TS1109: Expression expected.
sveltekit-frontend/src/lib/components/three/yorha-ui/components/YoRHaQuantumEffects3D.ts(355,11): error TS1005: ':' expected.
sveltekit-frontend/src/lib/components/three/yorha-ui/components/YoRHaQuantumEffects3D.ts(404,5): error TS1005: ',' expected.
sveltekit-frontend/src/lib/components/three/yorha-ui/components/YoRHaQuantumEffects3D.ts(406,3): error TS1128: Declaration or statement expected.
sveltekit-frontend/src/lib/components/three/yorha-ui/components/YoRHaQuantumEffects3D.ts(406,36): error TS1109: Expression expected.
sveltekit-frontend/src/lib/components/three/yorha-ui/components/YoRHaQuantumEffects3D.ts(407,11): error TS1005: ':' expected.
sveltekit-frontend/src/lib/components/three/yorha-ui/components/YoRHaQuantumEffects3D.ts(432,5): error TS1005: ',' expected.
sveltekit-frontend/src/lib/components/three/yorha-ui/components/YoRHaQuantumEffects3D.ts(435,3): error TS1128: Declaration or statement expected.
sveltekit-frontend/src/lib/components/three/yorha-ui/components/YoRHaQuantumEffects3D.ts(435,38): error TS1135: Argument expression expected.
sveltekit-frontend/src/lib/components/three/yorha-ui/components/YoRHaQuantumEffects3D.ts(435,59): error TS1005: ';' expected.
sveltekit-frontend/src/lib/components/three/yorha-ui/components/YoRHaQuantumEffects3D.ts(437,11): error TS1005: ':' expected.
sveltekit-frontend/src/lib/components/three/yorha-ui/components/YoRHaQuantumEffects3D.ts(437,50): error TS1005: ',' expected.
sveltekit-frontend/src/lib/components/three/yorha-ui/components/YoRHaQuantumEffects3D.ts(438,14): error TS1005: ',' expected.
sveltekit-frontend/src/lib/components/three/yorha-ui/components/YoRHaQuantumEffects3D.ts(438,17): error TS1109: Expression expected.
sveltekit-frontend/src/lib/components/three/yorha-ui/components/YoRHaQuantumEffects3D.ts(438,19): error TS1003: Identifier expected.
sveltekit-frontend/src/lib/components/three/yorha-ui/components/YoRHaQuantumEffects3D.ts(438,20): error TS1138: Parameter declaration expected.
sveltekit-frontend/src/lib/components/three/yorha-ui/components/YoRHaQuantumEffects3D.ts(438,21): error TS1138: Parameter declaration expected.
sveltekit-frontend/src/lib/components/three/yorha-ui/components/YoRHaQuantumEffects3D.ts(438,25): error TS1005: ',' expected.
sveltekit-frontend/src/lib/components/three/yorha-ui/components/YoRHaQuantumEffects3D.ts(438,32): error TS1005: ',' expected.
sveltekit-frontend/src/lib/components/three/yorha-ui/components/YoRHaQuantumEffects3D.ts(438,59): error TS1005: ',' expected.
sveltekit-frontend/src/lib/components/three/yorha-ui/components/YoRHaQuantumEffects3D.ts(438,62): error TS1005: ',' expected.
sveltekit-frontend/src/lib/components/three/yorha-ui/components/YoRHaQuantumEffects3D.ts(438,64): error TS1005: ';' expected.
sveltekit-frontend/src/lib/components/three/yorha-ui/components/YoRHaQuantumEffects3D.ts(457,3): error TS1128: Declaration or statement expected.
sveltekit-frontend/src/lib/components/three/yorha-ui/components/YoRHaQuantumEffects3D.ts(458,3): error TS1128: Declaration or statement expected.
sveltekit-frontend/src/lib/components/three/yorha-ui/components/YoRHaQuantumEffects3D.ts(458,36): error TS1109: Expression expected.
sveltekit-frontend/src/lib/components/three/yorha-ui/components/YoRHaQuantumEffects3D.ts(460,9): error TS1005: ':' expected.
sveltekit-frontend/src/lib/components/three/yorha-ui/components/YoRHaQuantumEffects3D.ts(474,7): error TS1005: ',' expected.
sveltekit-frontend/src/lib/components/three/yorha-ui/components/YoRHaQuantumEffects3D.ts(477,3): error TS1128: Declaration or statement expected.
sveltekit-frontend/src/lib/components/three/yorha-ui/components/YoRHaQuantumEffects3D.ts(477,35): error TS1109: Expression expected.
sveltekit-frontend/src/lib/components/three/yorha-ui/components/YoRHaQuantumEffects3D.ts(477,37): error TS1434: Unexpected keyword or identifier.
sveltekit-frontend/src/lib/components/three/yorha-ui/components/YoRHaQuantumEffects3D.ts(490,3): error TS1128: Declaration or statement expected.
sveltekit-frontend/src/lib/components/three/yorha-ui/components/YoRHaQuantumEffects3D.ts(490,34): error TS1109: Expression expected.
sveltekit-frontend/src/lib/components/three/yorha-ui/components/YoRHaQuantumEffects3D.ts(490,36): error TS1434: Unexpected keyword or identifier.
sveltekit-frontend/src/lib/components/three/yorha-ui/components/YoRHaQuantumEffects3D.ts(500,3): error TS1128: Declaration or statement expected.
sveltekit-frontend/src/lib/components/three/yorha-ui/components/YoRHaQuantumEffects3D.ts(500,36): error TS1109: Expression expected.
sveltekit-frontend/src/lib/components/three/yorha-ui/components/YoRHaQuantumEffects3D.ts(500,38): error TS1434: Unexpected keyword or identifier.
sveltekit-frontend/src/lib/components/three/yorha-ui/components/YoRHaQuantumEffects3D.ts(533,3): error TS1128: Declaration or statement expected.
sveltekit-frontend/src/lib/components/three/yorha-ui/components/YoRHaQuantumEffects3D.ts(533,38): error TS1109: Expression expected.
sveltekit-frontend/src/lib/components/three/yorha-ui/components/YoRHaQuantumEffects3D.ts(533,40): error TS1434: Unexpected keyword or identifier.
sveltekit-frontend/src/lib/components/three/yorha-ui/components/YoRHaQuantumEffects3D.ts(557,3): error TS1128: Declaration or statement expected.
sveltekit-frontend/src/lib/components/three/yorha-ui/components/YoRHaQuantumEffects3D.ts(557,35): error TS1109: Expression expected.
sveltekit-frontend/src/lib/components/three/yorha-ui/components/YoRHaQuantumEffects3D.ts(557,37): error TS1434: Unexpected keyword or identifier.
sveltekit-frontend/src/lib/components/three/yorha-ui/components/YoRHaQuantumEffects3D.ts(575,3): error TS1128: Declaration or statement expected.
sveltekit-frontend/src/lib/components/three/yorha-ui/components/YoRHaQuantumEffects3D.ts(575,37): error TS1109: Expression expected.
sveltekit-frontend/src/lib/components/three/yorha-ui/components/YoRHaQuantumEffects3D.ts(575,39): error TS1434: Unexpected keyword or identifier.
sveltekit-frontend/src/lib/components/three/yorha-ui/components/YoRHaQuantumEffects3D.ts(603,3): error TS1128: Declaration or statement expected.
sveltekit-frontend/src/lib/components/three/yorha-ui/components/YoRHaQuantumEffects3D.ts(603,32): error TS1109: Expression expected.
sveltekit-frontend/src/lib/components/three/yorha-ui/components/YoRHaQuantumEffects3D.ts(604,9): error TS1005: ':' expected.
sveltekit-frontend/src/lib/components/three/yorha-ui/components/YoRHaQuantumEffects3D.ts(604,49): error TS1005: ':' expected.
sveltekit-frontend/src/lib/components/three/yorha-ui/components/YoRHaQuantumEffects3D.ts(605,9): error TS1005: ':' expected.
sveltekit-frontend/src/lib/components/three/yorha-ui/components/YoRHaQuantumEffects3D.ts(605,52): error TS1005: ':' expected.
sveltekit-frontend/src/lib/components/three/yorha-ui/components/YoRHaQuantumEffects3D.ts(606,9): error TS1005: ':' expected.
sveltekit-frontend/src/lib/components/three/yorha-ui/components/YoRHaQuantumEffects3D.ts(606,53): error TS1005: ',' expected.
sveltekit-frontend/src/lib/components/three/yorha-ui/components/YoRHaQuantumEffects3D.ts(607,13): error TS1005: ',' expected.
sveltekit-frontend/src/lib/components/three/yorha-ui/components/YoRHaQuantumEffects3D.ts(607,27): error TS1005: ',' expected.
sveltekit-frontend/src/lib/components/three/yorha-ui/components/YoRHaQuantumEffects3D.ts(607,29): error TS1136: Property assignment expected.
sveltekit-frontend/src/lib/components/three/yorha-ui/components/YoRHaQuantumEffects3D.ts(612,3): error TS1128: Declaration or statement expected.
sveltekit-frontend/src/lib/components/three/yorha-ui/components/YoRHaQuantumEffects3D.ts(613,3): error TS1128: Declaration or statement expected.
sveltekit-frontend/src/lib/components/three/yorha-ui/components/YoRHaQuantumEffects3D.ts(613,38): error TS1109: Expression expected.
sveltekit-frontend/src/lib/components/three/yorha-ui/components/YoRHaQuantumEffects3D.ts(614,9): error TS1005: ':' expected.
sveltekit-frontend/src/lib/components/three/yorha-ui/components/YoRHaQuantumEffects3D.ts(614,52): error TS1005: ':' expected.
sveltekit-frontend/src/lib/components/three/yorha-ui/components/YoRHaQuantumEffects3D.ts(615,9): error TS1005: ':' expected.
sveltekit-frontend/src/lib/components/three/yorha-ui/components/YoRHaQuantumEffects3D.ts(615,54): error TS1005: ':' expected.
sveltekit-frontend/src/lib/components/three/yorha-ui/components/YoRHaQuantumEffects3D.ts(616,9): error TS1005: ':' expected.
sveltekit-frontend/src/lib/components/three/yorha-ui/components/YoRHaQuantumEffects3D.ts(616,57): error TS1005: ',' expected.
sveltekit-frontend/src/lib/components/three/yorha-ui/components/YoRHaQuantumEffects3D.ts(618,3): error TS1128: Declaration or statement expected.
sveltekit-frontend/src/lib/components/three/yorha-ui/components/YoRHaQuantumEffects3D.ts(618,31): error TS1109: Expression expected.
sveltekit-frontend/src/lib/components/three/yorha-ui/components/YoRHaQuantumEffects3D.ts(619,9): error TS1005: ':' expected.
sveltekit-frontend/src/lib/components/three/yorha-ui/components/YoRHaQuantumEffects3D.ts(619,53): error TS1005: ':' expected.
sveltekit-frontend/src/lib/components/three/yorha-ui/components/YoRHaQuantumEffects3D.ts(620,9): error TS1005: ':' expected.
sveltekit-frontend/src/lib/components/three/yorha-ui/components/YoRHaQuantumEffects3D.ts(620,50): error TS1005: ':' expected.
sveltekit-frontend/src/lib/components/three/yorha-ui/components/YoRHaQuantumEffects3D.ts(621,9): error TS1005: ':' expected.
sveltekit-frontend/src/lib/components/three/yorha-ui/components/YoRHaQuantumEffects3D.ts(621,48): error TS1005: ':' expected.
sveltekit-frontend/src/lib/components/three/yorha-ui/components/YoRHaQuantumEffects3D.ts(622,9): error TS1005: ':' expected.
sveltekit-frontend/src/lib/components/three/yorha-ui/components/YoRHaQuantumEffects3D.ts(625,7): error TS1005: ',' expected.
sveltekit-frontend/src/lib/components/three/yorha-ui/components/YoRHaQuantumEffects3D.ts(627,3): error TS1128: Declaration or statement expected.
sveltekit-frontend/src/lib/components/three/yorha-ui/components/YoRHaQuantumEffects3D.ts(627,30): error TS1109: Expression expected.
sveltekit-frontend/src/lib/components/three/yorha-ui/components/YoRHaQuantumEffects3D.ts(642,3): error TS1128: Declaration or statement expected.
sveltekit-frontend/src/lib/components/three/yorha-ui/components/YoRHaQuantumEffects3D.ts(642,36): error TS1109: Expression expected.
sveltekit-frontend/src/lib/components/three/yorha-ui/components/YoRHaQuantumEffects3D.ts(656,3): error TS1128: Declaration or statement expected.
sveltekit-frontend/src/lib/components/three/yorha-ui/components/YoRHaQuantumEffects3D.ts(656,30): error TS1109: Expression expected.
sveltekit-frontend/src/lib/components/three/yorha-ui/components/YoRHaQuantumEffects3D.ts(669,13): error TS1109: Expression expected.
sveltekit-frontend/src/lib/components/three/yorha-ui/components/YoRHaQuantumEffects3D.ts(670,10): error TS1005: ':' expected.
sveltekit-frontend/src/lib/components/three/yorha-ui/components/YoRHaQuantumEffects3D.ts(670,11): error TS1003: Identifier expected.
sveltekit-frontend/src/lib/components/three/yorha-ui/components/YoRHaQuantumEffects3D.ts(670,21): error TS1005: ',' expected.
sveltekit-frontend/src/lib/components/three/yorha-ui/components/YoRHaQuantumEffects3D.ts(671,9): error TS1005: ':' expected.
sveltekit-frontend/src/lib/components/three/yorha-ui/components/YoRHaQuantumEffects3D.ts(671,64): error TS1005: ')' expected.
sveltekit-frontend/src/lib/components/three/yorha-ui/components/YoRHaQuantumEffects3D.ts(672,9): error TS1005: ':' expected.
sveltekit-frontend/src/lib/components/three/yorha-ui/components/YoRHaQuantumEffects3D.ts(672,64): error TS1005: ')' expected.
sveltekit-frontend/src/lib/components/three/yorha-ui/components/YoRHaQuantumEffects3D.ts(673,9): error TS1005: ':' expected.
sveltekit-frontend/src/lib/components/three/yorha-ui/components/YoRHaQuantumEffects3D.ts(673,35): error TS1109: Expression expected.
sveltekit-frontend/src/lib/components/three/yorha-ui/components/YoRHaQuantumEffects3D.ts(673,38): error TS1005: ':' expected.
sveltekit-frontend/src/lib/components/three/yorha-ui/components/YoRHaQuantumEffects3D.ts(674,9): error TS1005: ':' expected.
sveltekit-frontend/src/lib/components/three/yorha-ui/components/YoRHaQuantumEffects3D.ts(674,37): error TS1109: Expression expected.
sveltekit-frontend/src/lib/components/three/yorha-ui/components/YoRHaQuantumEffects3D.ts(674,40): error TS1005: ':' expected.
sveltekit-frontend/src/lib/components/three/yorha-ui/components/YoRHaQuantumEffects3D.ts(676,1): error TS1128: Declaration or statement expected.
sveltekit-frontend/src/lib/components/three/yorha-ui/index.ts(222,34): error TS1005: '>' expected.
sveltekit-frontend/src/lib/components/three/yorha-ui/webgpu/YoRHaMipmapShaders.ts(8,1): error TS1128: Declaration or statement expected.
sveltekit-frontend/src/lib/components/three/yorha-ui/webgpu/YoRHaMipmapShaders.ts(49,60): error TS1005: ')' expected.
sveltekit-frontend/src/lib/components/three/yorha-ui/webgpu/YoRHaMipmapShaders.ts(138,7): error TS1005: ')' expected.
sveltekit-frontend/src/lib/components/three/yorha-ui/webgpu/YoRHaMipmapShaders.ts(147,7): error TS1005: ')' expected.
sveltekit-frontend/src/lib/components/three/yorha-ui/webgpu/YoRHaMipmapShaders.ts(156,7): error TS1005: ')' expected.
sveltekit-frontend/src/lib/components/three/yorha-ui/webgpu/YoRHaMipmapShaders.ts(165,7): error TS1005: ')' expected.
sveltekit-frontend/src/lib/components/three/yorha-ui/webgpu/YoRHaMipmapShaders.ts(174,7): error TS1005: ')' expected.
sveltekit-frontend/src/lib/components/three/yorha-ui/webgpu/YoRHaMipmapShaders.ts(255,25): error TS1005: ',' expected.
sveltekit-frontend/src/lib/components/three/yorha-ui/webgpu/YoRHaMipmapShaders.ts(297,25): error TS1005: ',' expected.
sveltekit-frontend/src/lib/components/three/yorha-ui/webgpu/YoRHaMipmapShaders.ts(312,92): error TS1005: ')' expected.
sveltekit-frontend/src/lib/components/three/yorha-ui/webgpu/YoRHaMipmapShaders.ts(313,94): error TS1005: ')' expected.
sveltekit-frontend/src/lib/components/three/yorha-ui/webgpu/YoRHaMipmapShaders.ts(344,25): error TS1005: ',' expected.
sveltekit-frontend/src/lib/components/three/yorha-ui/webgpu/YoRHaMipmapShaders.ts(353,92): error TS1005: ')' expected.
sveltekit-frontend/src/lib/components/three/yorha-ui/webgpu/YoRHaMipmapShaders.ts(354,94): error TS1005: ')' expected.
sveltekit-frontend/src/lib/components/three/yorha-ui/webgpu/YoRHaMipmapShaders.ts(374,33): error TS1005: ',' expected.
sveltekit-frontend/src/lib/components/three/yorha-ui/webgpu/YoRHaMipmapShaders.ts(375,25): error TS1005: ',' expected.
sveltekit-frontend/src/lib/components/three/yorha-ui/webgpu/YoRHaMipmapShaders.ts(397,74): error TS1005: ')' expected.
sveltekit-frontend/src/lib/components/three/yorha-ui/webgpu/YoRHaMipmapShaders.ts(398,76): error TS1005: ')' expected.
sveltekit-frontend/src/lib/components/three/yorha-ui/webgpu/YoRHaMipmapShaders.ts(411,33): error TS1005: ',' expected.
sveltekit-frontend/src/lib/components/three/yorha-ui/webgpu/YoRHaMipmapShaders.ts(412,37): error TS1005: ',' expected.
sveltekit-frontend/src/lib/components/three/yorha-ui/webgpu/YoRHaMipmapShaders.ts(439,35): error TS1128: Declaration or statement expected.
sveltekit-frontend/src/lib/components/three/yorha-ui/webgpu/YoRHaMipmapShaders.ts(441,9): error TS1128: Declaration or statement expected.
sveltekit-frontend/src/lib/components/three/yorha-ui/webgpu/YoRHaMipmapShaders.ts(464,9): error TS1128: Declaration or statement expected.
sveltekit-frontend/src/lib/components/three/yorha-ui/webgpu/YoRHaMipmapShaders.ts(677,49): error TS1005: ')' expected.
sveltekit-frontend/src/lib/components/three/yorha-ui/webgpu/YoRHaOptimizedTextureManager.ts(9,1): error TS1128: Declaration or statement expected.
sveltekit-frontend/src/lib/components/three/yorha-ui/webgpu/YoRHaOptimizedTextureManager.ts(159,5): error TS1005: ',' expected.
sveltekit-frontend/src/lib/components/three/yorha-ui/webgpu/YoRHaOptimizedTextureManager.ts(209,31): error TS1005: ',' expected.
sveltekit-frontend/src/lib/components/three/yorha-ui/webgpu/YoRHaOptimizedTextureManager.ts(295,86): error TS1005: ')' expected.
sveltekit-frontend/src/lib/components/three/yorha-ui/webgpu/YoRHaOptimizedTextureManager.ts(314,9): error TS1128: Declaration or statement expected.
sveltekit-frontend/src/lib/components/three/yorha-ui/webgpu/YoRHaOptimizedTextureManager.ts(387,55): error TS1005: ')' expected.
sveltekit-frontend/src/lib/components/three/yorha-ui/webgpu/YoRHaOptimizedTextureManager.ts(400,79): error TS1005: ')' expected.
sveltekit-frontend/src/lib/components/three/yorha-ui/webgpu/YoRHaOptimizedTextureManager.ts(427,54): error TS1005: ')' expected.
sveltekit-frontend/src/lib/components/three/yorha-ui/webgpu/YoRHaOptimizedTextureManager.ts(451,7): error TS1135: Argument expression expected.
sveltekit-frontend/src/lib/components/three/yorha-ui/webgpu/YoRHaOptimizedTextureManager.ts(457,5): error TS1005: ',' expected.
sveltekit-frontend/src/lib/components/three/yorha-ui/webgpu/YoRHaOptimizedTextureManager.ts(535,66): error TS1005: ')' expected.
sveltekit-frontend/src/lib/components/three/yorha-ui/webgpu/YoRHaWebGPUMath.ts(7,1): error TS1128: Declaration or statement expected.
sveltekit-frontend/src/lib/components/three/yorha-ui/webgpu/YoRHaWebGPUMath.ts(210,7): error TS1005: ')' expected.
sveltekit-frontend/src/lib/components/three/yorha-ui/webgpu/YoRHaWebGPUMath.ts(217,7): error TS1005: ')' expected.
sveltekit-frontend/src/lib/components/three/yorha-ui/webgpu/YoRHaWebGPUMath.ts(224,7): error TS1005: ')' expected.
sveltekit-frontend/src/lib/components/three/yorha-ui/webgpu/YoRHaWebGPUMath.ts(231,7): error TS1005: ')' expected.
sveltekit-frontend/src/lib/components/three/yorha-ui/webgpu/YoRHaWebGPUMath.ts(267,69): error TS1005: ')' expected.
sveltekit-frontend/src/lib/components/three/yorha-ui/webgpu/YoRHaWebGPUMath.ts(331,70): error TS1005: ')' expected.
sveltekit-frontend/src/lib/components/three/yorha-ui/webgpu/YoRHaWebGPUMath.ts(365,42): error TS1005: ',' expected.
sveltekit-frontend/src/lib/components/three/yorha-ui/webgpu/YoRHaWebGPUMath.ts(392,22): error TS1005: ',' expected.
sveltekit-frontend/src/lib/components/three/yorha-ui/webgpu/YoRHaWebGPUMath.ts(393,24): error TS1005: ',' expected.
sveltekit-frontend/src/lib/components/three/yorha-ui/webgpu/YoRHaWebGPUMath.ts(422,7): error TS1005: ')' expected.
sveltekit-frontend/src/lib/components/three/yorha-ui/webgpu/YoRHaWebGPUMath.ts(425,5): error TS1135: Argument expression expected.
sveltekit-frontend/src/lib/components/three/yorha-ui/webgpu/YoRHaWebGPUMath.ts(425,7): error TS1005: ')' expected.
sveltekit-frontend/src/lib/components/three/yorha-ui/webgpu/YoRHaWebGPUMath.ts(623,27): error TS1005: '>' expected.
sveltekit-frontend/src/lib/components/three/yorha-ui/YoRHaAntiAliasing3D.ts(469,9): error TS1005: ')' expected.
sveltekit-frontend/src/lib/components/three/yorha-ui/YoRHaAntiAliasing3D.ts(478,54): error TS1005: ')' expected.
sveltekit-frontend/src/lib/components/three/yorha-ui/YoRHaAntiAliasing3D.ts(507,44): error TS1005: ')' expected.
sveltekit-frontend/src/lib/components/three/yorha-ui/YoRHaLayout3D.ts(7,1): error TS1128: Declaration or statement expected.
sveltekit-frontend/src/lib/components/three/yorha-ui/YoRHaLayout3D.ts(123,61): error TS1005: ')' expected.
sveltekit-frontend/src/lib/components/three/yorha-ui/YoRHaLayout3D.ts(155,92): error TS1005: ')' expected.
sveltekit-frontend/src/lib/components/three/yorha-ui/YoRHaLayout3D.ts(160,99): error TS1005: ')' expected.
sveltekit-frontend/src/lib/components/three/yorha-ui/YoRHaLayout3D.ts(161,97): error TS1005: ')' expected.
sveltekit-frontend/src/lib/components/three/yorha-ui/YoRHaLayout3D.ts(275,38): error TS1005: ',' expected.
sveltekit-frontend/src/lib/components/three/yorha-ui/YoRHaUIExample.ts(102,72): error TS1005: ')' expected.
sveltekit-frontend/src/lib/components/three/yorha-ui/YoRHaUIExample.ts(103,64): error TS1005: ')' expected.
sveltekit-frontend/src/lib/components/three/yorha-ui/YoRHaUIExample.ts(105,65): error TS1005: ')' expected.
sveltekit-frontend/src/lib/components/three/yorha-ui/YoRHaUIExample.ts(107,69): error TS1005: ')' expected.
sveltekit-frontend/src/lib/components/three/yorha-ui/YoRHaUIExample.ts(451,69): error TS1005: ')' expected.
sveltekit-frontend/src/lib/components/three/yorha-ui/YoRHaUIExample.ts(458,44): error TS1109: Expression expected.
sveltekit-frontend/src/lib/components/three/yorha-ui/YoRHaUIExample.ts(459,41): error TS1005: ';' expected.
sveltekit-frontend/src/lib/components/three/yorha-ui/YoRHaUIExample.ts(462,6): error TS1068: Unexpected token. A constructor, method, accessor, or property was expected.
sveltekit-frontend/src/lib/components/three/yorha-ui/YoRHaUIExample.ts(463,5): error TS1068: Unexpected token. A constructor, method, accessor, or property was expected.
sveltekit-frontend/src/lib/components/three/yorha-ui/YoRHaUIExample.ts(464,3): error TS1128: Declaration or statement expected.
sveltekit-frontend/src/lib/components/three/yorha-ui/YoRHaUIExample.ts(465,3): error TS1128: Declaration or statement expected.
sveltekit-frontend/src/lib/components/three/yorha-ui/YoRHaUIExample.ts(465,20): error TS1109: Expression expected.
sveltekit-frontend/src/lib/components/three/yorha-ui/YoRHaUIExample.ts(466,13): error TS1005: ',' expected.
sveltekit-frontend/src/lib/components/three/yorha-ui/YoRHaUIExample.ts(466,26): error TS1005: ',' expected.
sveltekit-frontend/src/lib/components/three/yorha-ui/YoRHaUIExample.ts(466,28): error TS1136: Property assignment expected.
sveltekit-frontend/src/lib/components/three/yorha-ui/YoRHaUIExample.ts(473,44): error TS1109: Expression expected.
sveltekit-frontend/src/lib/components/three/yorha-ui/YoRHaUIExample.ts(474,41): error TS1005: ';' expected.
sveltekit-frontend/src/lib/components/three/yorha-ui/YoRHaUIExample.ts(475,15): error TS1005: ',' expected.
sveltekit-frontend/src/lib/components/three/yorha-ui/YoRHaUIExample.ts(475,25): error TS1005: ',' expected.
sveltekit-frontend/src/lib/components/three/yorha-ui/YoRHaUIExample.ts(477,5): error TS1128: Declaration or statement expected.
sveltekit-frontend/src/lib/components/three/yorha-ui/YoRHaUIExample.ts(477,6): error TS1128: Declaration or statement expected.
sveltekit-frontend/src/lib/components/three/yorha-ui/YoRHaUIExample.ts(481,3): error TS1128: Declaration or statement expected.
sveltekit-frontend/src/lib/components/three/yorha-ui/YoRHaUIExample.ts(482,1): error TS1128: Declaration or statement expected.
sveltekit-frontend/src/lib/components/ui/bits/index.optimized.ts(90,17): error TS1005: ',' expected.
sveltekit-frontend/src/lib/components/ui/bits/performance.ts(16,43): error TS1134: Variable declaration expected.
sveltekit-frontend/src/lib/components/ui/bits/performance.ts(75,43): error TS1005: ';' expected.
sveltekit-frontend/src/lib/components/ui/bits/performance.ts(104,51): error TS1005: ')' expected.
sveltekit-frontend/src/lib/components/ui/bits/performance.ts(414,63): error TS1005: ')' expected.
sveltekit-frontend/src/lib/components/ui/bits/performance.ts(428,3): error TS1005: ')' expected.
sveltekit-frontend/src/lib/components/ui/bits/performance.ts(432,3): error TS1005: ')' expected.
sveltekit-frontend/src/lib/components/ui/bits/performance.ts(436,3): error TS1005: ')' expected.
sveltekit-frontend/src/lib/components/ui/bits/performance.ts(440,3): error TS1005: ')' expected.
sveltekit-frontend/src/lib/components/ui/bits/performance.ts(444,3): error TS1005: ')' expected.
sveltekit-frontend/src/lib/components/ui/bits/performance.ts(448,3): error TS1005: ')' expected.
sveltekit-frontend/src/lib/components/ui/bits/performance.ts(452,3): error TS1005: ')' expected.
sveltekit-frontend/src/lib/components/ui/bits/types.ts(4,1): error TS1128: Declaration or statement expected.
sveltekit-frontend/src/lib/components/ui/Button.stories.ts(129,19): error TS1005: ',' expected.
sveltekit-frontend/src/lib/components/ui/enhanced/button-variants.ts(13,9): error TS1128: Declaration or statement expected.
sveltekit-frontend/src/lib/components/ui/enhanced/button-variants.ts(13,16): error TS1128: Declaration or statement expected.
sveltekit-frontend/src/lib/components/ui/enhanced/button-variants.ts(14,21): error TS1109: Expression expected.
sveltekit-frontend/src/lib/components/ui/enhanced/button-variants.ts(15,17): error TS1109: Expression expected.
sveltekit-frontend/src/lib/components/ui/enhanced/button-variants.ts(16,19): error TS1109: Expression expected.
sveltekit-frontend/src/lib/components/ui/enhanced/button-variants.ts(17,15): error TS1109: Expression expected.
sveltekit-frontend/src/lib/components/ui/enhanced/button-variants.ts(18,14): error TS1109: Expression expected.
sveltekit-frontend/src/lib/components/ui/enhanced/button-variants.ts(19,14): error TS1109: Expression expected.
sveltekit-frontend/src/lib/components/ui/enhanced/button-variants.ts(20,17): error TS1109: Expression expected.
sveltekit-frontend/src/lib/components/ui/enhanced/button-variants.ts(21,14): error TS1109: Expression expected.
sveltekit-frontend/src/lib/components/ui/enhanced/button-variants.ts(22,8): error TS1128: Declaration or statement expected.
sveltekit-frontend/src/lib/components/ui/enhanced/button-variants.ts(24,9): error TS1128: Declaration or statement expected.
sveltekit-frontend/src/lib/components/ui/enhanced/button-variants.ts(24,16): error TS1128: Declaration or statement expected.
sveltekit-frontend/src/lib/components/ui/enhanced/button-variants.ts(25,12): error TS1109: Expression expected.
sveltekit-frontend/src/lib/components/ui/enhanced/button-variants.ts(26,12): error TS1109: Expression expected.
sveltekit-frontend/src/lib/components/ui/enhanced/button-variants.ts(27,14): error TS1109: Expression expected.
sveltekit-frontend/src/lib/components/ui/enhanced/button-variants.ts(29,6): error TS1128: Declaration or statement expected.
sveltekit-frontend/src/lib/components/ui/enhanced/button-variants.ts(32,12): error TS1109: Expression expected.
sveltekit-frontend/src/lib/components/ui/enhanced/button-variants.ts(35,1): error TS1128: Declaration or statement expected.
sveltekit-frontend/src/lib/components/ui/gaming/n64/index.ts(206,56): error TS1005: '>' expected.
sveltekit-frontend/src/lib/components/ui/gaming/n64/index.ts(244,78): error TS1005: ')' expected.
sveltekit-frontend/src/lib/components/ui/gaming/n64/parallaxDynamic.js(18,3): error TS1005: ',' expected.
sveltekit-frontend/src/lib/components/ui/gaming/n64/parallaxDynamic.js(80,5): error TS1005: ',' expected.
sveltekit-frontend/src/lib/components/ui/gaming/n64/parallaxDynamic.js(82,5): error TS1005: ',' expected.
sveltekit-frontend/src/lib/components/ui/gaming/n64/parallaxDynamic.js(85,5): error TS1005: ',' expected.
sveltekit-frontend/src/lib/components/ui/gaming/n64/parallaxDynamic.js(86,5): error TS1005: ',' expected.
sveltekit-frontend/src/lib/components/ui/gaming/n64/parallaxDynamic.js(122,9): error TS1005: ',' expected.
sveltekit-frontend/src/lib/components/ui/gaming/n64/parallaxDynamic.js(221,5): error TS1005: ')' expected.
sveltekit-frontend/src/lib/components/ui/gaming/n64/parallaxDynamic.js(239,57): error TS1005: ')' expected.
sveltekit-frontend/src/lib/components/ui/gaming/n64/parallaxDynamic.js(240,57): error TS1005: ')' expected.
sveltekit-frontend/src/lib/components/ui/gaming/n64/parallaxDynamic.js(241,57): error TS1005: ')' expected.
sveltekit-frontend/src/lib/components/ui/gaming/n64/parallaxDynamic.js(490,5): error TS1005: ',' expected.
sveltekit-frontend/src/lib/components/ui/gaming/n64/parallaxDynamic.js(491,5): error TS1005: ',' expected.
sveltekit-frontend/src/lib/components/ui/gaming/n64/parallaxDynamic.js(492,5): error TS1005: ',' expected.
sveltekit-frontend/src/lib/components/ui/gaming/n64/parallaxDynamic.js(494,5): error TS1005: ',' expected.
sveltekit-frontend/src/lib/components/ui/gaming/n64/parallaxDynamic.js(495,5): error TS1005: ',' expected.
sveltekit-frontend/src/lib/components/ui/gaming/n64/parallaxDynamic.js(497,5): error TS1005: ',' expected.
sveltekit-frontend/src/lib/components/ui/layout/index.ts(41,31): error TS1136: Property assignment expected.
sveltekit-frontend/src/lib/components/ui/orchestrated/index.ts(57,3): error TS1005: ',' expected.
sveltekit-frontend/src/lib/components/ui/orchestrated/index.ts(86,3): error TS1005: ',' expected.
sveltekit-frontend/src/lib/composables/legal-data-runes.svelte.ts(54,70): error TS1005: ')' expected.
sveltekit-frontend/src/lib/composables/legal-data-runes.svelte.ts(55,72): error TS1005: ')' expected.
sveltekit-frontend/src/lib/composables/legal-data-runes.svelte.ts(166,60): error TS1005: ')' expected.
sveltekit-frontend/src/lib/composables/legal-data-runes.svelte.ts(212,59): error TS1005: ')' expected.
sveltekit-frontend/src/lib/composables/legal-data-runes.svelte.ts(289,5): error TS1128: Declaration or statement expected.
sveltekit-frontend/src/lib/composables/legal-data-runes.svelte.ts(290,4): error TS1128: Declaration or statement expected.
sveltekit-frontend/src/lib/composables/legal-data-runes.svelte.ts(301,74): error TS1005: ')' expected.
sveltekit-frontend/src/lib/composables/legal-data-runes.svelte.ts(391,1): error TS1128: Declaration or statement expected.
sveltekit-frontend/src/lib/config/environment.ts(5,1): error TS1128: Declaration or statement expected.
sveltekit-frontend/src/lib/config/gemma3-config.ts(5,1): error TS1128: Declaration or statement expected.
sveltekit-frontend/src/lib/config/legal-priorities.ts(5,1): error TS1128: Declaration or statement expected.
sveltekit-frontend/src/lib/config/legal-priorities.ts(175,63): error TS1005: ')' expected.
sveltekit-frontend/src/lib/config/local-llm.ts(137,10): error TS1128: Declaration or statement expected.
sveltekit-frontend/src/lib/config/local-llm.ts(138,7): error TS1128: Declaration or statement expected.
sveltekit-frontend/src/lib/config/local-llm.ts(145,63): error TS1005: ')' expected.
sveltekit-frontend/src/lib/config/local-llm.ts(194,77): error TS1005: ')' expected.
sveltekit-frontend/src/lib/config/multi-protocol-routes.ts(9,1): error TS1128: Declaration or statement expected.
sveltekit-frontend/src/lib/config/pgvector-gpu-config.js(59,5): error TS1005: ',' expected.
sveltekit-frontend/src/lib/config/unified-config.ts(224,39): error TS1136: Property assignment expected.
sveltekit-frontend/src/lib/config/unified-config.ts(229,9): error TS1005: ',' expected.
sveltekit-frontend/src/lib/config/unified-config.ts(307,36): error TS1136: Property assignment expected.
sveltekit-frontend/src/lib/config/unified-config.ts(313,9): error TS1005: ',' expected.
sveltekit-frontend/src/lib/config/unified-config.ts(358,70): error TS1005: ')' expected.
sveltekit-frontend/src/lib/constants/local-llm-config.ts(12,3): error TS1005: ',' expected.
sveltekit-frontend/src/lib/core/logic/case-logic.ts(18,72): error TS1005: ')' expected.
sveltekit-frontend/src/lib/core/logic/legal-ai-logic.ts(5,1): error TS1128: Declaration or statement expected.
sveltekit-frontend/src/lib/data/legal-documents.ts(3,1): error TS1128: Declaration or statement expected.
sveltekit-frontend/src/lib/data/legal-documents.ts(52,71): error TS1005: ',' expected.
sveltekit-frontend/src/lib/database/enhanced-schema.ts(596,3): error TS1128: Declaration or statement expected.
sveltekit-frontend/src/lib/database/enhanced-schema.ts(596,4): error TS1128: Declaration or statement expected.
sveltekit-frontend/src/lib/database/enhanced-schema.ts(596,5): error TS1128: Declaration or statement expected.
sveltekit-frontend/src/lib/database/enhanced-schema.ts(597,1): error TS1128: Declaration or statement expected.
sveltekit-frontend/src/lib/database/enhanced-schema.ts(597,2): error TS1128: Declaration or statement expected.
sveltekit-frontend/src/lib/database/enhanced-schema.ts(597,3): error TS1128: Declaration or statement expected.
sveltekit-frontend/src/lib/database/migrations/migration-system.ts(26,1): error TS1128: Declaration or statement expected.
sveltekit-frontend/src/lib/database/migrations/migration-system.ts(49,61): error TS1005: ',' expected.
sveltekit-frontend/src/lib/database/migrations/migration-system.ts(94,16): error TS1005: ')' expected.
sveltekit-frontend/src/lib/database/migrations/migration-system.ts(168,41): error TS1005: ')' expected.
sveltekit-frontend/src/lib/database/migrations/migration-system.ts(194,18): error TS1005: ')' expected.
sveltekit-frontend/src/lib/database/migrations/migration-system.ts(323,18): error TS1005: ')' expected.
sveltekit-frontend/src/lib/database/migrations/migration-system.ts(386,18): error TS1005: ')' expected.
sveltekit-frontend/src/lib/database/migrations/migration-system.ts(393,45): error TS1005: ')' expected.
sveltekit-frontend/src/lib/database/migrations/migration-system.ts(450,41): error TS1005: ')' expected.
sveltekit-frontend/src/lib/database/migrations/migration-system.ts(680,73): error TS1005: ')' expected.
sveltekit-frontend/src/lib/db/schema-jsonb.ts(122,17): error TS1128: Declaration or statement expected.
sveltekit-frontend/src/lib/db/schema-jsonb.ts(123,19): error TS1005: ',' expected.
sveltekit-frontend/src/lib/db/schema-jsonb.ts(124,18): error TS1005: ',' expected.
sveltekit-frontend/src/lib/db/schema-jsonb.ts(125,25): error TS1005: ',' expected.
sveltekit-frontend/src/lib/db/schema-jsonb.ts(131,1): error TS1128: Declaration or statement expected.
sveltekit-frontend/src/lib/db/schema-jsonb.ts(183,4): error TS1005: ',' expected.
sveltekit-frontend/src/lib/db/schema-jsonb.ts(184,22): error TS1136: Property assignment expected.
sveltekit-frontend/src/lib/db/schema-jsonb.ts(194,3): error TS1005: ')' expected.
sveltekit-frontend/src/lib/db/schema-jsonb.ts(204,74): error TS1005: ',' expected.
sveltekit-frontend/src/lib/db/schema-jsonb.ts(205,22): error TS1136: Property assignment expected.
sveltekit-frontend/src/lib/db/schema-jsonb.ts(209,3): error TS1005: ')' expected.
sveltekit-frontend/src/lib/db/schema-jsonb.ts(234,74): error TS1005: ',' expected.
sveltekit-frontend/src/lib/db/schema-jsonb.ts(235,22): error TS1136: Property assignment expected.
sveltekit-frontend/src/lib/db/schema-jsonb.ts(239,3): error TS1005: ')' expected.
sveltekit-frontend/src/lib/db/schema/vectors.ts(27,3): error TS1005: ')' expected.
sveltekit-frontend/src/lib/db/schema/vectors.ts(38,3): error TS1005: ')' expected.
sveltekit-frontend/src/lib/db/schema/vectors.ts(52,3): error TS1005: ')' expected.
sveltekit-frontend/src/lib/db/schema/vectors.ts(65,3): error TS1005: ')' expected.
sveltekit-frontend/src/lib/db/schema/vectors.ts(79,3): error TS1005: ')' expected.
sveltekit-frontend/src/lib/db/schema/vectors.ts(93,3): error TS1005: ')' expected.
sveltekit-frontend/src/lib/db/schema/vectors.ts(105,3): error TS1005: ')' expected.
sveltekit-frontend/src/lib/demo/sampleData.ts(5,1): error TS1128: Declaration or statement expected.
sveltekit-frontend/src/lib/detective-mode/comprehensive-integration.ts(126,72): error TS1005: ')' expected.
sveltekit-frontend/src/lib/detective-mode/comprehensive-integration.ts(229,55): error TS1005: ')' expected.
sveltekit-frontend/src/lib/embedding/embedding-adapter.ts(28,39): error TS1005: ')' expected.
sveltekit-frontend/src/lib/embedding/embedding-adapter.ts(36,1): error TS1068: Unexpected token. A constructor, method, accessor, or property was expected.
sveltekit-frontend/src/lib/embedding/embedding-adapter.ts(39,98): error TS1109: Expression expected.
sveltekit-frontend/src/lib/embedding/embedding-adapter.ts(40,46): error TS1005: ')' expected.
sveltekit-frontend/src/lib/engines/matrix-transform-lib.ts(7,1): error TS1128: Declaration or statement expected.
sveltekit-frontend/src/lib/engines/matrix-transform-lib.ts(158,35): error TS1005: ')' expected.
sveltekit-frontend/src/lib/engines/matrix-transform-lib.ts(273,68): error TS1005: ')' expected.
sveltekit-frontend/src/lib/engines/neural-sprite-effects.ts(7,1): error TS1128: Declaration or statement expected.
sveltekit-frontend/src/lib/engines/neural-sprite-effects.ts(33,26): error TS1005: ',' expected.
sveltekit-frontend/src/lib/engines/neural-sprite-effects.ts(75,26): error TS1005: ',' expected.
sveltekit-frontend/src/lib/engines/neural-sprite-effects.ts(95,29): error TS1005: ',' expected.
sveltekit-frontend/src/lib/engines/neural-sprite-effects.ts(118,31): error TS1005: ',' expected.
sveltekit-frontend/src/lib/engines/neural-sprite-effects.ts(141,26): error TS1005: ',' expected.
sveltekit-frontend/src/lib/engines/neural-sprite-effects.ts(159,61): error TS1109: Expression expected.
sveltekit-frontend/src/lib/engines/neural-sprite-effects.ts(162,27): error TS1109: Expression expected.
sveltekit-frontend/src/lib/engines/neural-sprite-effects.ts(163,23): error TS1109: Expression expected.
sveltekit-frontend/src/lib/engines/neural-sprite-effects.ts(164,26): error TS1109: Expression expected.
sveltekit-frontend/src/lib/engines/neural-sprite-effects.ts(166,14): error TS1128: Declaration or statement expected.
sveltekit-frontend/src/lib/engines/neural-sprite-effects.ts(167,11): error TS1128: Declaration or statement expected.
sveltekit-frontend/src/lib/engines/neural-sprite-effects.ts(209,26): error TS1005: ',' expected.
sveltekit-frontend/src/lib/engines/neural-sprite-effects.ts(260,26): error TS1005: ',' expected.
sveltekit-frontend/src/lib/engines/neural-sprite-effects.ts(286,31): error TS1005: ',' expected.
sveltekit-frontend/src/lib/engines/neural-sprite-effects.ts(302,26): error TS1005: ',' expected.
sveltekit-frontend/src/lib/engines/neural-sprite-effects.ts(371,48): error TS1005: ')' expected.
sveltekit-frontend/src/lib/engines/webgl-shader-cache.ts(6,1): error TS1128: Declaration or statement expected.
sveltekit-frontend/src/lib/engines/webgl-shader-cache.ts(287,55): error TS1005: ')' expected.
sveltekit-frontend/src/lib/engines/webgl-shader-cache.ts(329,55): error TS1005: ')' expected.
sveltekit-frontend/src/lib/evidence/simd-gpu-tiling-engine.ts(192,23): error TS1005: ',' expected.
sveltekit-frontend/src/lib/evidence/simd-gpu-tiling-engine.ts(279,18): error TS1005: ',' expected.
sveltekit-frontend/src/lib/evidence/simd-gpu-tiling-engine.ts(409,18): error TS1005: ',' expected.
sveltekit-frontend/src/lib/evidence/simd-gpu-tiling-engine.ts(531,38): error TS1136: Property assignment expected.
sveltekit-frontend/src/lib/examples/client-integration-examples.ts(44,11): error TS1005: ',' expected.
sveltekit-frontend/src/lib/examples/client-integration-examples.ts(44,12): error TS1005: ')' expected.
sveltekit-frontend/src/lib/examples/client-integration-examples.ts(51,8): error TS1472: 'catch' or 'finally' expected.
sveltekit-frontend/src/lib/examples/client-integration-examples.ts(52,5): error TS1128: Declaration or statement expected.
sveltekit-frontend/src/lib/examples/client-integration-examples.ts(61,5): error TS1005: 'try' expected.
sveltekit-frontend/src/lib/examples/client-integration-examples.ts(69,7): error TS1005: ')' expected.
sveltekit-frontend/src/lib/examples/client-integration-examples.ts(71,1): error TS1128: Declaration or statement expected.
sveltekit-frontend/src/lib/examples/client-integration-examples.ts(133,7): error TS1109: Expression expected.
sveltekit-frontend/src/lib/examples/client-integration-examples.ts(133,8): error TS1109: Expression expected.
sveltekit-frontend/src/lib/examples/client-integration-examples.ts(136,12): error TS1109: Expression expected.
sveltekit-frontend/src/lib/examples/client-integration-examples.ts(137,16): error TS1109: Expression expected.
sveltekit-frontend/src/lib/examples/client-integration-examples.ts(138,18): error TS1109: Expression expected.
sveltekit-frontend/src/lib/examples/client-integration-examples.ts(140,3): error TS1128: Declaration or statement expected.
sveltekit-frontend/src/lib/examples/client-integration-examples.ts(159,7): error TS1005: ')' expected.
sveltekit-frontend/src/lib/examples/client-integration-examples.ts(172,77): error TS1005: ')' expected.
sveltekit-frontend/src/lib/examples/client-integration-examples.ts(210,5): error TS1135: Argument expression expected.
sveltekit-frontend/src/lib/examples/client-integration-examples.ts(230,7): error TS1005: ')' expected.
sveltekit-frontend/src/lib/examples/client-integration-examples.ts(238,30): error TS1005: ',' expected.
sveltekit-frontend/src/lib/examples/webgpu-array-integration-example.ts(21,20): error TS1005: ',' expected.
sveltekit-frontend/src/lib/examples/webgpu-array-integration-example.ts(26,6): error TS1005: ',' expected.
sveltekit-frontend/src/lib/examples/webgpu-array-integration-example.ts(82,44): error TS1005: ',' expected.
sveltekit-frontend/src/lib/examples/webgpu-array-integration-example.ts(95,1): error TS1128: Declaration or statement expected.
sveltekit-frontend/src/lib/examples/webgpu-array-integration-example.ts(100,20): error TS1005: ',' expected.
sveltekit-frontend/src/lib/examples/webgpu-array-integration-example.ts(102,28): error TS1005: ',' expected.
sveltekit-frontend/src/lib/examples/webgpu-buffer-usage-examples.ts(72,59): error TS1005: ')' expected.
sveltekit-frontend/src/lib/examples/webgpu-buffer-usage-examples.ts(108,98): error TS1005: ')' expected.
sveltekit-frontend/src/lib/examples/webgpu-buffer-usage-examples.ts(168,78): error TS1005: ')' expected.
sveltekit-frontend/src/lib/examples/webgpu-buffer-usage-examples.ts(197,99): error TS1005: ')' expected.
sveltekit-frontend/src/lib/examples/webgpu-buffer-usage-examples.ts(219,79): error TS1005: ')' expected.
sveltekit-frontend/src/lib/examples/webgpu-buffer-usage-examples.ts(285,93): error TS1005: ')' expected.
sveltekit-frontend/src/lib/gemma3Client.ts(6,1): error TS1128: Declaration or statement expected.
sveltekit-frontend/src/lib/gemma3Client.ts(262,20): error TS1005: ',' expected.
sveltekit-frontend/src/lib/gpu/gpu-benchmark.ts(3,1): error TS1128: Declaration or statement expected.
sveltekit-frontend/src/lib/gpu/gpu-benchmark.ts(60,80): error TS1005: ')' expected.
sveltekit-frontend/src/lib/gpu/gpu-benchmark.ts(94,7): error TS1128: Declaration or statement expected.
sveltekit-frontend/src/lib/gpu/gpu-benchmark.ts(96,27): error TS1109: Expression expected.
sveltekit-frontend/src/lib/gpu/gpu-benchmark.ts(97,26): error TS1109: Expression expected.
sveltekit-frontend/src/lib/gpu/gpu-benchmark.ts(99,7): error TS1128: Declaration or statement expected.
sveltekit-frontend/src/lib/gpu/gpu-benchmark.ts(113,7): error TS1128: Declaration or statement expected.
sveltekit-frontend/src/lib/gpu/gpu-benchmark.ts(115,27): error TS1109: Expression expected.
sveltekit-frontend/src/lib/gpu/gpu-benchmark.ts(116,26): error TS1109: Expression expected.
sveltekit-frontend/src/lib/gpu/gpu-benchmark.ts(118,7): error TS1128: Declaration or statement expected.
sveltekit-frontend/src/lib/gpu/gpu-error-utils.ts(25,17): error TS1005: ',' expected.
sveltekit-frontend/src/lib/gpu/gpu-vector-processor.ts(256,145): error TS1109: Expression expected.
sveltekit-frontend/src/lib/gpu/gpu-vector-processor.ts(434,9): error TS1005: ',' expected.
sveltekit-frontend/src/lib/gpu/gpu-vector-processor.ts(655,68): error TS1109: Expression expected.
sveltekit-frontend/src/lib/gpu/gpu-vector-processor.ts(688,298): error TS1109: Expression expected.
sveltekit-frontend/src/lib/gpu/gpu-vector-processor.ts(688,311): error TS1109: Expression expected.
sveltekit-frontend/src/lib/gpu/gpu-vector-processor.ts(692,138): error TS1109: Expression expected.
sveltekit-frontend/src/lib/gpu/gpu-vector-processor.ts(831,295): error TS1109: Expression expected.
sveltekit-frontend/src/lib/gpu/gpu-vector-processor.ts(831,308): error TS1109: Expression expected.
sveltekit-frontend/src/lib/gpu/gpu-vector-processor.ts(835,143): error TS1109: Expression expected.
sveltekit-frontend/src/lib/gpu/legal-texture-pipeline.ts(6,1): error TS1128: Declaration or statement expected.
sveltekit-frontend/src/lib/gpu/legal-texture-pipeline.ts(65,4): error TS1128: Declaration or statement expected.
sveltekit-frontend/src/lib/gpu/legal-texture-pipeline.ts(66,21): error TS1005: ',' expected.
sveltekit-frontend/src/lib/gpu/legal-texture-pipeline.ts(67,23): error TS1005: ',' expected.
sveltekit-frontend/src/lib/gpu/legal-texture-pipeline.ts(68,17): error TS1005: ',' expected.
sveltekit-frontend/src/lib/gpu/legal-texture-pipeline.ts(69,25): error TS1005: ',' expected.
sveltekit-frontend/src/lib/gpu/legal-texture-pipeline.ts(70,66): error TS1005: ',' expected.
sveltekit-frontend/src/lib/gpu/legal-texture-pipeline.ts(72,1): error TS1128: Declaration or statement expected.
sveltekit-frontend/src/lib/gpu/legal-texture-pipeline.ts(183,7): error TS1005: ')' expected.
sveltekit-frontend/src/lib/gpu/legal-texture-pipeline.ts(201,7): error TS1005: ')' expected.
sveltekit-frontend/src/lib/gpu/legal-texture-pipeline.ts(256,110): error TS1005: ')' expected.
sveltekit-frontend/src/lib/gpu/legal-texture-pipeline.ts(350,7): error TS1005: ')' expected.
sveltekit-frontend/src/lib/gpu/legal-texture-pipeline.ts(403,105): error TS1005: ')' expected.
sveltekit-frontend/src/lib/gpu/legal-texture-pipeline.ts(422,95): error TS1005: ')' expected.
sveltekit-frontend/src/lib/gpu/legal-texture-pipeline.ts(423,95): error TS1005: ')' expected.
sveltekit-frontend/src/lib/gpu/legal-texture-pipeline.ts(424,95): error TS1005: ')' expected.
sveltekit-frontend/src/lib/gpu/n64-texture-streaming.ts(6,1): error TS1128: Declaration or statement expected.
sveltekit-frontend/src/lib/gpu/n64-texture-streaming.ts(170,66): error TS1005: ')' expected.
sveltekit-frontend/src/lib/gpu/n64-texture-streaming.ts(533,51): error TS1138: Parameter declaration expected.
sveltekit-frontend/src/lib/gpu/n64-texture-streaming.ts(533,56): error TS1005: ',' expected.
sveltekit-frontend/src/lib/gpu/n64-texture-streaming.ts(537,14): error TS1109: Expression expected.
sveltekit-frontend/src/lib/gpu/n64-texture-streaming.ts(537,16): error TS1109: Expression expected.
sveltekit-frontend/src/lib/gpu/n64-texture-streaming.ts(537,21): error TS1109: Expression expected.
sveltekit-frontend/src/lib/gpu/n64-texture-streaming.ts(539,9): error TS1109: Expression expected.
sveltekit-frontend/src/lib/gpu/n64-texture-streaming.ts(540,9): error TS1109: Expression expected.
sveltekit-frontend/src/lib/gpu/n64-texture-streaming.ts(542,19): error TS1109: Expression expected.
sveltekit-frontend/src/lib/gpu/n64-texture-streaming.ts(554,82): error TS1005: ')' expected.
sveltekit-frontend/src/lib/gpu/n64-texture-streaming.ts(571,48): error TS1138: Parameter declaration expected.
sveltekit-frontend/src/lib/gpu/n64-texture-streaming.ts(577,7): error TS1005: ')' expected.
sveltekit-frontend/src/lib/gpu/n64-texture-streaming.ts(591,28): error TS1138: Parameter declaration expected.
sveltekit-frontend/src/lib/gpu/n64-texture-system.ts(116,20): error TS1005: ',' expected.
sveltekit-frontend/src/lib/gpu/nes-gpu-integration.ts(98,76): error TS1109: Expression expected.
sveltekit-frontend/src/lib/gpu/nes-gpu-integration.ts(98,85): error TS1005: ',' expected.
sveltekit-frontend/src/lib/gpu/nes-gpu-integration.ts(98,86): error TS1136: Property assignment expected.
sveltekit-frontend/src/lib/gpu/nes-gpu-integration.ts(103,1): error TS1135: Argument expression expected.
sveltekit-frontend/src/lib/gpu/nes-gpu-integration.ts(115,28): error TS1136: Property assignment expected.
sveltekit-frontend/src/lib/gpu/nes-gpu-integration.ts(241,25): error TS1109: Expression expected.
sveltekit-frontend/src/lib/gpu/nes-gpu-integration.ts(243,7): error TS1128: Declaration or statement expected.
sveltekit-frontend/src/lib/gpu/nes-gpu-integration.ts(285,78): error TS1005: ')' expected.
sveltekit-frontend/src/lib/gpu/nes-gpu-integration.ts(287,76): error TS1005: ')' expected.
sveltekit-frontend/src/lib/gpu/nes-gpu-integration.ts(308,85): error TS1005: ')' expected.
sveltekit-frontend/src/lib/gpu/nes-gpu-integration.ts(386,84): error TS1005: ')' expected.
sveltekit-frontend/src/lib/gpu/nes-gpu-integration.ts(393,66): error TS1005: ')' expected.
sveltekit-frontend/src/lib/gpu/nes-gpu-integration.ts(491,55): error TS1005: ')' expected.
sveltekit-frontend/src/lib/gpu/nes-gpu-integration.ts(500,22): error TS1005: ',' expected.
sveltekit-frontend/src/lib/gpu/nes-gpu-integration.ts(552,82): error TS1005: ')' expected.
sveltekit-frontend/src/lib/gpu/nes-gpu-integration.ts(589,22): error TS1005: ',' expected.
sveltekit-frontend/src/lib/gpu/nes-gpu-integration.ts(613,82): error TS1005: ')' expected.
sveltekit-frontend/src/lib/gpu/nes-gpu-integration.ts(736,22): error TS1005: ',' expected.
sveltekit-frontend/src/lib/gpu/nes-gpu-memory-bridge.ts(490,8): error TS1005: '(' expected.
sveltekit-frontend/src/lib/gpu/performance-monitor.ts(5,1): error TS1128: Declaration or statement expected.
sveltekit-frontend/src/lib/gpu/performance-monitor.ts(298,107): error TS1005: ')' expected.
sveltekit-frontend/src/lib/gpu/performance-monitor.ts(343,80): error TS1005: ')' expected.
sveltekit-frontend/src/lib/gpu/performance-monitor.ts(399,75): error TS1005: ')' expected.
sveltekit-frontend/src/lib/gpu/performance-monitor.ts(419,79): error TS1005: ')' expected.
sveltekit-frontend/src/lib/gpu/performance-monitor.ts(429,46): error TS1005: ')' expected.
sveltekit-frontend/src/lib/gpu/performance-monitor.ts(432,81): error TS1005: ')' expected.
sveltekit-frontend/src/lib/gpu/performance-monitor.ts(439,75): error TS1005: ')' expected.
sveltekit-frontend/src/lib/gpu/performance-monitor.ts(518,62): error TS1005: ',' expected.
sveltekit-frontend/src/lib/gpu/physics-aware-legal-gpu-orchestrator.ts(263,45): error TS1005: ')' expected.
sveltekit-frontend/src/lib/gpu/search-cache-neural-engine.ts(71,5): error TS1005: ',' expected.
sveltekit-frontend/src/lib/gpu/search-cache-neural-engine.ts(345,5): error TS1005: ',' expected.
sveltekit-frontend/src/lib/gpu/shader-resource-manager.ts(15,1): error TS1128: Declaration or statement expected.
sveltekit-frontend/src/lib/gpu/shader-resource-manager.ts(127,25): error TS1005: ',' expected.
sveltekit-frontend/src/lib/gpu/shader-resource-manager.ts(128,35): error TS1005: ',' expected.
sveltekit-frontend/src/lib/gpu/shader-resource-manager.ts(181,23): error TS1005: ',' expected.
sveltekit-frontend/src/lib/gpu/shader-resource-manager.ts(182,35): error TS1005: ',' expected.
sveltekit-frontend/src/lib/gpu/shader-resource-manager.ts(207,77): error TS1005: ')' expected.
sveltekit-frontend/src/lib/gpu/shader-resource-manager.ts(257,35): error TS1005: ',' expected.
sveltekit-frontend/src/lib/gpu/shader-resource-manager.ts(278,45): error TS1005: ',' expected.
sveltekit-frontend/src/lib/gpu/shader-resource-manager.ts(326,35): error TS1005: ',' expected.
sveltekit-frontend/src/lib/gpu/shader-resource-manager.ts(397,39): error TS1005: ')' expected.
sveltekit-frontend/src/lib/gpu/shader-resource-manager.ts(406,7): error TS1005: ')' expected.
sveltekit-frontend/src/lib/gpu/texture-streaming-service.js(44,7): error TS1005: ',' expected.
sveltekit-frontend/src/lib/gpu/texture-streaming-service.js(48,7): error TS1005: ',' expected.
sveltekit-frontend/src/lib/gpu/texture-streaming-service.js(109,7): error TS1005: ',' expected.
sveltekit-frontend/src/lib/gpu/texture-streaming-service.js(110,7): error TS1005: ',' expected.
sveltekit-frontend/src/lib/gpu/texture-streaming-service.js(142,7): error TS1005: ',' expected.
sveltekit-frontend/src/lib/gpu/universal-runtime.ts(9,1): error TS1128: Declaration or statement expected.
sveltekit-frontend/src/lib/gpu/universal-runtime.ts(22,1): error TS1128: Declaration or statement expected.
sveltekit-frontend/src/lib/gpu/universal-runtime.ts(393,57): error TS1005: ')' expected.
sveltekit-frontend/src/lib/gpu/universal-runtime.ts(400,56): error TS1005: ')' expected.
sveltekit-frontend/src/lib/gpu/universal-runtime.ts(632,53): error TS1005: ')' expected.
sveltekit-frontend/src/lib/gpu/universal-runtime.ts(667,56): error TS1005: ')' expected.
sveltekit-frontend/src/lib/gpu/universal-runtime.ts(862,56): error TS1005: ')' expected.
sveltekit-frontend/src/lib/gpu/universal-runtime.ts(898,31): error TS1136: Property assignment expected.
sveltekit-frontend/src/lib/gpu/universal-runtime.ts(949,31): error TS1136: Property assignment expected.
sveltekit-frontend/src/lib/gpu/universal-runtime.ts(1008,31): error TS1136: Property assignment expected.
sveltekit-frontend/src/lib/gpu/universal-runtime.ts(1056,31): error TS1136: Property assignment expected.
sveltekit-frontend/src/lib/gpu/universal-runtime.ts(1113,56): error TS1005: ')' expected.
sveltekit-frontend/src/lib/gpu/universal-runtime.ts(1343,49): error TS1131: Property or signature expected.
sveltekit-frontend/src/lib/gpu/universal-runtime.ts(1344,13): error TS1005: '>' expected.
sveltekit-frontend/src/lib/gpu/universal-runtime.ts(1347,4): error TS1109: Expression expected.
sveltekit-frontend/src/lib/gpu/universal-runtime.ts(1348,9): error TS1003: Identifier expected.
sveltekit-frontend/src/lib/gpu/universal-runtime.ts(1348,14): error TS1005: ',' expected.
sveltekit-frontend/src/lib/gpu/universal-runtime.ts(1348,44): error TS1005: ',' expected.
sveltekit-frontend/src/lib/gpu/universal-runtime.ts(1348,46): error TS1136: Property assignment expected.
sveltekit-frontend/src/lib/gpu/universal-runtime.ts(1352,68): error TS1005: ')' expected.
sveltekit-frontend/src/lib/gpu/universal-runtime.ts(1353,68): error TS1005: ')' expected.
sveltekit-frontend/src/lib/gpu/universal-runtime.ts(1377,3): error TS1128: Declaration or statement expected.
sveltekit-frontend/src/lib/gpu/universal-runtime.ts(1378,1): error TS1128: Declaration or statement expected.
sveltekit-frontend/src/lib/graph/sora-graph-traversal.ts(754,9): error TS1005: ')' expected.
sveltekit-frontend/src/lib/hooks/useRedisOrchestrator.ts(47,19): error TS1005: ',' expected.
sveltekit-frontend/src/lib/hooks/useRedisOrchestrator.ts(48,3): error TS1128: Declaration or statement expected.
sveltekit-frontend/src/lib/hooks/useRedisOrchestrator.ts(48,4): error TS1128: Declaration or statement expected.
sveltekit-frontend/src/lib/hooks/useRedisOrchestrator.ts(48,23): error TS1005: '(' expected.
sveltekit-frontend/src/lib/hooks/useRedisOrchestrator.ts(65,47): error TS1109: Expression expected.
sveltekit-frontend/src/lib/hooks/useRedisOrchestrator.ts(66,43): error TS1109: Expression expected.
sveltekit-frontend/src/lib/hooks/useRedisOrchestrator.ts(67,33): error TS1109: Expression expected.
sveltekit-frontend/src/lib/hooks/useRedisOrchestrator.ts(71,39): error TS1109: Expression expected.
sveltekit-frontend/src/lib/hooks/useRedisOrchestrator.ts(100,43): error TS1109: Expression expected.
sveltekit-frontend/src/lib/hooks/useRedisOrchestrator.ts(101,41): error TS1109: Expression expected.
sveltekit-frontend/src/lib/hooks/useRedisOrchestrator.ts(102,43): error TS1109: Expression expected.
sveltekit-frontend/src/lib/hooks/useRedisOrchestrator.ts(103,51): error TS1109: Expression expected.
sveltekit-frontend/src/lib/hooks/useRedisOrchestrator.ts(112,56): error TS1005: ')' expected.
sveltekit-frontend/src/lib/hooks/useRedisOrchestrator.ts(149,33): error TS1109: Expression expected.
sveltekit-frontend/src/lib/hooks/useRedisOrchestrator.ts(150,41): error TS1109: Expression expected.
sveltekit-frontend/src/lib/hooks/useRedisOrchestrator.ts(183,49): error TS1109: Expression expected.
sveltekit-frontend/src/lib/hooks/useRedisOrchestrator.ts(184,41): error TS1109: Expression expected.
sveltekit-frontend/src/lib/hooks/useRedisOrchestrator.ts(199,58): error TS1005: ')' expected.
sveltekit-frontend/src/lib/hooks/useRedisOrchestrator.ts(244,41): error TS1109: Expression expected.
sveltekit-frontend/src/lib/hooks/useRedisOrchestrator.ts(245,48): error TS1109: Expression expected.
sveltekit-frontend/src/lib/hooks/useRedisOrchestrator.ts(276,33): error TS1128: Declaration or statement expected.
sveltekit-frontend/src/lib/hooks/useRedisOrchestrator.ts(278,9): error TS1128: Declaration or statement expected.
sveltekit-frontend/src/lib/hooks/useRedisOrchestrator.ts(284,9): error TS1128: Declaration or statement expected.
sveltekit-frontend/src/lib/hooks/useRedisOrchestrator.ts(296,5): error TS1128: Declaration or statement expected.
sveltekit-frontend/src/lib/hooks/useRedisOrchestrator.ts(296,7): error TS1005: 'try' expected.
sveltekit-frontend/src/lib/hooks/useRedisOrchestrator.ts(302,3): error TS1128: Declaration or statement expected.
sveltekit-frontend/src/lib/hooks/useRedisOrchestrator.ts(304,47): error TS1109: Expression expected.
sveltekit-frontend/src/lib/hooks/useRedisOrchestrator.ts(305,45): error TS1109: Expression expected.
sveltekit-frontend/src/lib/hooks/useRedisOrchestrator.ts(306,51): error TS1109: Expression expected.
sveltekit-frontend/src/lib/hooks/useRedisOrchestrator.ts(308,45): error TS1109: Expression expected.
sveltekit-frontend/src/lib/hooks/useRedisOrchestrator.ts(310,1): error TS1128: Declaration or statement expected.
sveltekit-frontend/src/lib/integration-status.ts(16,1): error TS1128: Declaration or statement expected.
sveltekit-frontend/src/lib/integrations/comprehensive-agent-orchestration.ts(102,104): error TS1005: ')' expected.
sveltekit-frontend/src/lib/integrations/comprehensive-agent-orchestration.ts(112,27): error TS1005: ',' expected.
sveltekit-frontend/src/lib/integrations/comprehensive-agent-orchestration.ts(125,36): error TS1005: ',' expected.
sveltekit-frontend/src/lib/integrations/comprehensive-agent-orchestration.ts(139,34): error TS1136: Property assignment expected.
sveltekit-frontend/src/lib/integrations/comprehensive-agent-orchestration.ts(143,26): error TS1109: Expression expected.
sveltekit-frontend/src/lib/integrations/comprehensive-agent-orchestration.ts(143,35): error TS1005: ',' expected.
sveltekit-frontend/src/lib/integrations/comprehensive-agent-orchestration.ts(143,36): error TS1136: Property assignment expected.
sveltekit-frontend/src/lib/integrations/comprehensive-agent-orchestration.ts(146,47): error TS1136: Property assignment expected.
sveltekit-frontend/src/lib/integrations/comprehensive-agent-orchestration.ts(151,7): error TS1005: ',' expected.
sveltekit-frontend/src/lib/integrations/comprehensive-agent-orchestration.ts(192,6): error TS1005: ')' expected.
sveltekit-frontend/src/lib/integrations/comprehensive-agent-orchestration.ts(222,27): error TS1005: ',' expected.
sveltekit-frontend/src/lib/integrations/comprehensive-agent-orchestration.ts(244,35): error TS1005: ',' expected.
sveltekit-frontend/src/lib/integrations/comprehensive-agent-orchestration.ts(251,35): error TS1005: ',' expected.
sveltekit-frontend/src/lib/integrations/comprehensive-agent-orchestration.ts(261,35): error TS1005: ',' expected.
sveltekit-frontend/src/lib/integrations/comprehensive-agent-orchestration.ts(291,62): error TS1005: ')' expected.
sveltekit-frontend/src/lib/integrations/comprehensive-agent-orchestration.ts(337,21): error TS1005: ',' expected.
sveltekit-frontend/src/lib/integrations/context7-wasm-mock.ts(37,53): error TS1005: ')' expected.
sveltekit-frontend/src/lib/integrations/context7-wasm-mock.ts(39,37): error TS1005: ')' expected.
sveltekit-frontend/src/lib/integrations/context7-wasm-mock.ts(101,46): error TS1005: ')' expected.
sveltekit-frontend/src/lib/integrations/enhanced-rabbitmq-cuda-bridge.ts(17,18): error TS1005: ',' expected.
sveltekit-frontend/src/lib/integrations/enhanced-rabbitmq-cuda-bridge.ts(75,9): error TS1005: ')' expected.
sveltekit-frontend/src/lib/integrations/enhanced-rabbitmq-cuda-bridge.ts(84,9): error TS1005: ')' expected.
sveltekit-frontend/src/lib/integrations/enhanced-rabbitmq-cuda-bridge.ts(105,22): error TS1005: ',' expected.
sveltekit-frontend/src/lib/integrations/enhanced-rabbitmq-cuda-bridge.ts(152,46): error TS1005: ')' expected.
sveltekit-frontend/src/lib/integrations/enhanced-rabbitmq-cuda-bridge.ts(157,9): error TS1005: ')' expected.
sveltekit-frontend/src/lib/integrations/enhanced-rabbitmq-cuda-bridge.ts(186,9): error TS1005: ')' expected.
sveltekit-frontend/src/lib/integrations/enhanced-rabbitmq-cuda-bridge.ts(190,23): error TS1005: ',' expected.
sveltekit-frontend/src/lib/integrations/enhanced-rabbitmq-cuda-bridge.ts(203,46): error TS1005: ')' expected.
sveltekit-frontend/src/lib/integrations/enhanced-rabbitmq-cuda-bridge.ts(225,22): error TS1005: ',' expected.
sveltekit-frontend/src/lib/integrations/enhanced-rabbitmq-cuda-bridge.ts(233,23): error TS1005: ',' expected.
sveltekit-frontend/src/lib/integrations/enhanced-rabbitmq-cuda-bridge.ts(246,46): error TS1005: ')' expected.
sveltekit-frontend/src/lib/integrations/enhanced-rabbitmq-cuda-bridge.ts(267,22): error TS1005: ',' expected.
sveltekit-frontend/src/lib/integrations/enhanced-rabbitmq-cuda-bridge.ts(275,23): error TS1005: ',' expected.
sveltekit-frontend/src/lib/integrations/enhanced-rabbitmq-cuda-bridge.ts(315,11): error TS1005: ')' expected.
sveltekit-frontend/src/lib/integrations/enhanced-rabbitmq-cuda-bridge.ts(333,58): error TS1005: ')' expected.
sveltekit-frontend/src/lib/integrations/enhanced-rabbitmq-cuda-bridge.ts(345,82): error TS1005: ')' expected.
sveltekit-frontend/src/lib/integrations/enhanced-rabbitmq-cuda-bridge.ts(346,84): error TS1005: ')' expected.
sveltekit-frontend/src/lib/integrations/enhanced-rabbitmq-cuda-bridge.ts(359,85): error TS1005: ')' expected.
sveltekit-frontend/src/lib/integrations/enhanced-rabbitmq-cuda-bridge.ts(410,25): error TS1005: ',' expected.
sveltekit-frontend/src/lib/integrations/enhanced-rabbitmq-cuda-bridge.ts(453,9): error TS1005: ')' expected.
sveltekit-frontend/src/lib/integrations/full-system-orchestrator.ts(9,1): error TS1128: Declaration or statement expected.
sveltekit-frontend/src/lib/integrations/full-system-orchestrator.ts(172,218): error TS1005: ')' expected.
sveltekit-frontend/src/lib/integrations/full-system-orchestrator.ts(296,21): error TS1005: ',' expected.
sveltekit-frontend/src/lib/integrations/legal-ai-webgpu-bridge.ts(10,1): error TS1128: Declaration or statement expected.
sveltekit-frontend/src/lib/integrations/legal-ai-webgpu-bridge.ts(112,19): error TS1005: '>' expected.
sveltekit-frontend/src/lib/integrations/legal-ai-webgpu-bridge.ts(280,75): error TS1005: ',' expected.
sveltekit-frontend/src/lib/integrations/legal-ai-webgpu-bridge.ts(303,37): error TS1005: ',' expected.
sveltekit-frontend/src/lib/integrations/legal-ai-webgpu-bridge.ts(312,25): error TS1109: Expression expected.
sveltekit-frontend/src/lib/integrations/legal-ai-webgpu-bridge.ts(315,7): error TS1128: Declaration or statement expected.
sveltekit-frontend/src/lib/integrations/phase13-full-integration.ts(49,20): error TS1005: ',' expected.
sveltekit-frontend/src/lib/integrations/phase13-full-integration.ts(75,21): error TS1005: ',' expected.
sveltekit-frontend/src/lib/integrations/phase13-full-integration.ts(186,67): error TS1005: ')' expected.
sveltekit-frontend/src/lib/integrations/phase13-full-integration.ts(196,67): error TS1005: ')' expected.
sveltekit-frontend/src/lib/integrations/phase13-full-integration.ts(499,19): error TS1109: Expression expected.
sveltekit-frontend/src/lib/integrations/phase13-full-integration.ts(501,29): error TS1109: Expression expected.
sveltekit-frontend/src/lib/integrations/phase13-full-integration.ts(504,7): error TS1128: Declaration or statement expected.
sveltekit-frontend/src/lib/integrations/phase13-full-integration.ts(538,86): error TS1005: ')' expected.
sveltekit-frontend/src/lib/integrations/revolutionary-multicore-bridge.ts(11,1): error TS1128: Declaration or statement expected.
sveltekit-frontend/src/lib/integrations/revolutionary-multicore-bridge.ts(208,32): error TS1109: Expression expected.
sveltekit-frontend/src/lib/integrations/revolutionary-multicore-bridge.ts(208,41): error TS1005: ',' expected.
sveltekit-frontend/src/lib/integrations/revolutionary-multicore-bridge.ts(208,42): error TS1136: Property assignment expected.
sveltekit-frontend/src/lib/integrations/revolutionary-multicore-bridge.ts(209,31): error TS1109: Expression expected.
sveltekit-frontend/src/lib/integrations/revolutionary-multicore-bridge.ts(209,40): error TS1005: ',' expected.
sveltekit-frontend/src/lib/integrations/revolutionary-multicore-bridge.ts(209,41): error TS1136: Property assignment expected.
sveltekit-frontend/src/lib/integrations/revolutionary-multicore-bridge.ts(381,22): error TS1005: ',' expected.
sveltekit-frontend/src/lib/integrations/revolutionary-multicore-bridge.ts(408,25): error TS1005: ',' expected.
sveltekit-frontend/src/lib/integrations/revolutionary-multicore-bridge.ts(505,62): error TS1005: ',' expected.
sveltekit-frontend/src/lib/llm/tauri-llm.ts(10,67): error TS1005: ')' expected.
sveltekit-frontend/src/lib/llm/tauri-llm.ts(23,16): error TS1005: ',' expected.
sveltekit-frontend/src/lib/machines/agentShellMachine.mcp.ts(60,24): error TS1109: Expression expected.
sveltekit-frontend/src/lib/machines/agentShellMachine.mcp.ts(60,33): error TS1005: ',' expected.
sveltekit-frontend/src/lib/machines/agentShellMachine.mcp.ts(60,34): error TS1136: Property assignment expected.
sveltekit-frontend/src/lib/machines/agentShellMachine.mcp.ts(68,17): error TS1109: Expression expected.
sveltekit-frontend/src/lib/machines/agentShellMachine.mcp.ts(68,26): error TS1005: ',' expected.
sveltekit-frontend/src/lib/machines/agentShellMachine.mcp.ts(68,27): error TS1136: Property assignment expected.
sveltekit-frontend/src/lib/machines/agentShellMachine.mcp.ts(479,11): error TS1005: ')' expected.
sveltekit-frontend/src/lib/machines/agentShellMachine.mcp.ts(486,11): error TS1005: ')' expected.
sveltekit-frontend/src/lib/machines/aiAssistantMachine.stories.ts(114,25): error TS1005: ',' expected.
sveltekit-frontend/src/lib/machines/aiAssistantMachine.stories.ts(152,25): error TS1005: ',' expected.
sveltekit-frontend/src/lib/machines/aiAssistantMachine.stories.ts(192,25): error TS1005: ',' expected.
sveltekit-frontend/src/lib/machines/aiAssistantMachine.stories.ts(319,26): error TS1005: ',' expected.
sveltekit-frontend/src/lib/machines/aiAssistantMachine.stories.ts(380,25): error TS1005: ',' expected.
sveltekit-frontend/src/lib/machines/aiAssistantMachine.stories.ts(447,25): error TS1005: ',' expected.
sveltekit-frontend/src/lib/machines/aiSummaryMachine.ts(7,1): error TS1128: Declaration or statement expected.
sveltekit-frontend/src/lib/machines/aiSummaryMachine.ts(154,19): error TS1005: ',' expected.
sveltekit-frontend/src/lib/machines/aiSummaryMachine.ts(161,17): error TS1109: Expression expected.
sveltekit-frontend/src/lib/machines/aiSummaryMachine.ts(161,26): error TS1005: ',' expected.
sveltekit-frontend/src/lib/machines/aiSummaryMachine.ts(161,27): error TS1136: Property assignment expected.
sveltekit-frontend/src/lib/machines/aiSummaryMachine.ts(547,18): error TS1005: ',' expected.
sveltekit-frontend/src/lib/machines/aiSummaryMachine.ts(550,25): error TS1109: Expression expected.
sveltekit-frontend/src/lib/machines/aiSummaryMachine.ts(551,31): error TS1109: Expression expected.
sveltekit-frontend/src/lib/machines/aiSummaryMachine.ts(553,35): error TS1109: Expression expected.
sveltekit-frontend/src/lib/machines/aiSummaryMachine.ts(558,15): error TS1128: Declaration or statement expected.
sveltekit-frontend/src/lib/machines/aiSummaryMachine.ts(559,13): error TS1128: Declaration or statement expected.
sveltekit-frontend/src/lib/machines/aiSummaryMachine.ts(559,14): error TS1128: Declaration or statement expected.
sveltekit-frontend/src/lib/machines/aiSummaryMachine.ts(560,11): error TS1128: Declaration or statement expected.
sveltekit-frontend/src/lib/machines/aiSummaryMachine.ts(560,12): error TS1128: Declaration or statement expected.
sveltekit-frontend/src/lib/machines/aiSummaryMachine.ts(560,18): error TS1005: ';' expected.
sveltekit-frontend/src/lib/machines/aiSummaryMachine.ts(561,9): error TS1128: Declaration or statement expected.
sveltekit-frontend/src/lib/machines/aiSummaryMachine.ts(561,10): error TS1128: Declaration or statement expected.
sveltekit-frontend/src/lib/machines/aiSummaryMachine.ts(562,7): error TS1128: Declaration or statement expected.
sveltekit-frontend/src/lib/machines/aiSummaryMachine.ts(562,8): error TS1128: Declaration or statement expected.
sveltekit-frontend/src/lib/machines/aiSummaryMachine.ts(562,9): error TS1128: Declaration or statement expected.
sveltekit-frontend/src/lib/machines/aiSummaryMachine.ts(605,23): error TS1109: Expression expected.
sveltekit-frontend/src/lib/machines/aiSummaryMachine.ts(617,5): error TS1128: Declaration or statement expected.
sveltekit-frontend/src/lib/machines/aiSummaryMachine.ts(618,3): error TS1128: Declaration or statement expected.
sveltekit-frontend/src/lib/machines/aiSummaryMachine.ts(618,4): error TS1128: Declaration or statement expected.
sveltekit-frontend/src/lib/machines/aiSummaryMachine.ts(619,1): error TS1128: Declaration or statement expected.
sveltekit-frontend/src/lib/machines/auth-machine.v5.ts(60,1): error TS1128: Declaration or statement expected.
sveltekit-frontend/src/lib/machines/auth-machine.v5.ts(82,16): error TS1005: ',' expected.
sveltekit-frontend/src/lib/machines/auth-machine.v5.ts(94,17): error TS1109: Expression expected.
sveltekit-frontend/src/lib/machines/auth-machine.v5.ts(94,26): error TS1005: ',' expected.
sveltekit-frontend/src/lib/machines/auth-machine.v5.ts(94,27): error TS1136: Property assignment expected.
sveltekit-frontend/src/lib/machines/canvasSystem.ts(8,1): error TS1128: Declaration or statement expected.
sveltekit-frontend/src/lib/machines/canvasSystem.ts(33,21): error TS1109: Expression expected.
sveltekit-frontend/src/lib/machines/canvasSystem.ts(33,30): error TS1005: ',' expected.
sveltekit-frontend/src/lib/machines/canvasSystem.ts(33,31): error TS1136: Property assignment expected.
sveltekit-frontend/src/lib/machines/canvasSystem.ts(34,20): error TS1109: Expression expected.
sveltekit-frontend/src/lib/machines/canvasSystem.ts(34,29): error TS1005: ',' expected.
sveltekit-frontend/src/lib/machines/canvasSystem.ts(34,30): error TS1136: Property assignment expected.
sveltekit-frontend/src/lib/machines/canvasSystem.ts(118,66): error TS1005: ')' expected.
sveltekit-frontend/src/lib/machines/case-workflow-machine.ts(7,1): error TS1128: Declaration or statement expected.
sveltekit-frontend/src/lib/machines/case-workflow-machine.ts(23,4): error TS1128: Declaration or statement expected.
sveltekit-frontend/src/lib/machines/case-workflow-machine.ts(24,26): error TS1005: ',' expected.
sveltekit-frontend/src/lib/machines/case-workflow-machine.ts(25,58): error TS1005: ',' expected.
sveltekit-frontend/src/lib/machines/case-workflow-machine.ts(26,60): error TS1005: ',' expected.
sveltekit-frontend/src/lib/machines/case-workflow-machine.ts(28,1): error TS1128: Declaration or statement expected.
sveltekit-frontend/src/lib/machines/case-workflow-machine.ts(32,21): error TS1109: Expression expected.
sveltekit-frontend/src/lib/machines/case-workflow-machine.ts(32,30): error TS1005: ',' expected.
sveltekit-frontend/src/lib/machines/case-workflow-machine.ts(32,31): error TS1136: Property assignment expected.
sveltekit-frontend/src/lib/machines/case-workflow-machine.ts(33,20): error TS1109: Expression expected.
sveltekit-frontend/src/lib/machines/case-workflow-machine.ts(33,29): error TS1005: ',' expected.
sveltekit-frontend/src/lib/machines/case-workflow-machine.ts(33,30): error TS1136: Property assignment expected.
sveltekit-frontend/src/lib/machines/case-workflow-machine.ts(57,6): error TS1005: ',' expected.
sveltekit-frontend/src/lib/machines/case-workflow-machine.ts(62,3): error TS1128: Declaration or statement expected.
sveltekit-frontend/src/lib/machines/case-workflow-machine.ts(62,4): error TS1128: Declaration or statement expected.
sveltekit-frontend/src/lib/machines/case-workflow-machine.ts(64,10): error TS1109: Expression expected.
sveltekit-frontend/src/lib/machines/case-workflow-machine.ts(69,19): error TS1109: Expression expected.
sveltekit-frontend/src/lib/machines/case-workflow-machine.ts(79,6): error TS1128: Declaration or statement expected.
sveltekit-frontend/src/lib/machines/case-workflow-machine.ts(103,16): error TS1109: Expression expected.
sveltekit-frontend/src/lib/machines/case-workflow-machine.ts(105,19): error TS1109: Expression expected.
sveltekit-frontend/src/lib/machines/case-workflow-machine.ts(114,10): error TS1128: Declaration or statement expected.
sveltekit-frontend/src/lib/machines/case-workflow-machine.ts(117,19): error TS1109: Expression expected.
sveltekit-frontend/src/lib/machines/case-workflow-machine.ts(122,6): error TS1128: Declaration or statement expected.
sveltekit-frontend/src/lib/machines/case-workflow-machine.ts(127,10): error TS1109: Expression expected.
sveltekit-frontend/src/lib/machines/case-workflow-machine.ts(130,19): error TS1109: Expression expected.
sveltekit-frontend/src/lib/machines/case-workflow-machine.ts(136,10): error TS1128: Declaration or statement expected.
sveltekit-frontend/src/lib/machines/case-workflow-machine.ts(139,17): error TS1109: Expression expected.
sveltekit-frontend/src/lib/machines/case-workflow-machine.ts(140,10): error TS1128: Declaration or statement expected.
sveltekit-frontend/src/lib/machines/case-workflow-machine.ts(145,6): error TS1128: Declaration or statement expected.
sveltekit-frontend/src/lib/machines/case-workflow-machine.ts(180,16): error TS1109: Expression expected.
sveltekit-frontend/src/lib/machines/case-workflow-machine.ts(182,19): error TS1109: Expression expected.
sveltekit-frontend/src/lib/machines/case-workflow-machine.ts(193,10): error TS1128: Declaration or statement expected.
sveltekit-frontend/src/lib/machines/case-workflow-machine.ts(196,19): error TS1109: Expression expected.
sveltekit-frontend/src/lib/machines/case-workflow-machine.ts(201,6): error TS1128: Declaration or statement expected.
sveltekit-frontend/src/lib/machines/case-workflow-machine.ts(233,16): error TS1109: Expression expected.
sveltekit-frontend/src/lib/machines/case-workflow-machine.ts(255,17): error TS1109: Expression expected.
sveltekit-frontend/src/lib/machines/case-workflow-machine.ts(257,19): error TS1109: Expression expected.
sveltekit-frontend/src/lib/machines/case-workflow-machine.ts(262,6): error TS1128: Declaration or statement expected.
sveltekit-frontend/src/lib/machines/case-workflow-machine.ts(271,14): error TS1109: Expression expected.
sveltekit-frontend/src/lib/machines/case-workflow-machine.ts(295,23): error TS1109: Expression expected.
sveltekit-frontend/src/lib/machines/case-workflow-machine.ts(296,24): error TS1109: Expression expected.
sveltekit-frontend/src/lib/machines/case-workflow-machine.ts(298,11): error TS1128: Declaration or statement expected.
sveltekit-frontend/src/lib/machines/case-workflow-machine.ts(300,10): error TS1128: Declaration or statement expected.
sveltekit-frontend/src/lib/machines/case-workflow-machine.ts(300,11): error TS1128: Declaration or statement expected.
sveltekit-frontend/src/lib/machines/case-workflow-machine.ts(303,19): error TS1109: Expression expected.
sveltekit-frontend/src/lib/machines/case-workflow-machine.ts(315,10): error TS1128: Declaration or statement expected.
sveltekit-frontend/src/lib/machines/case-workflow-machine.ts(318,19): error TS1109: Expression expected.
sveltekit-frontend/src/lib/machines/case-workflow-machine.ts(323,6): error TS1128: Declaration or statement expected.
sveltekit-frontend/src/lib/machines/case-workflow-machine.ts(328,10): error TS1109: Expression expected.
sveltekit-frontend/src/lib/machines/case-workflow-machine.ts(331,19): error TS1109: Expression expected.
sveltekit-frontend/src/lib/machines/case-workflow-machine.ts(337,10): error TS1128: Declaration or statement expected.
sveltekit-frontend/src/lib/machines/case-workflow-machine.ts(343,10): error TS1128: Declaration or statement expected.
sveltekit-frontend/src/lib/machines/case-workflow-machine.ts(346,10): error TS1128: Declaration or statement expected.
sveltekit-frontend/src/lib/machines/case-workflow-machine.ts(349,17): error TS1109: Expression expected.
sveltekit-frontend/src/lib/machines/case-workflow-machine.ts(352,6): error TS1128: Declaration or statement expected.
sveltekit-frontend/src/lib/machines/case-workflow-machine.ts(391,16): error TS1109: Expression expected.
sveltekit-frontend/src/lib/machines/case-workflow-machine.ts(393,19): error TS1109: Expression expected.
sveltekit-frontend/src/lib/machines/case-workflow-machine.ts(406,10): error TS1128: Declaration or statement expected.
sveltekit-frontend/src/lib/machines/case-workflow-machine.ts(409,19): error TS1109: Expression expected.
sveltekit-frontend/src/lib/machines/case-workflow-machine.ts(419,6): error TS1128: Declaration or statement expected.
sveltekit-frontend/src/lib/machines/case-workflow-machine.ts(442,16): error TS1109: Expression expected.
sveltekit-frontend/src/lib/machines/case-workflow-machine.ts(444,19): error TS1109: Expression expected.
sveltekit-frontend/src/lib/machines/case-workflow-machine.ts(450,10): error TS1128: Declaration or statement expected.
sveltekit-frontend/src/lib/machines/case-workflow-machine.ts(453,19): error TS1109: Expression expected.
sveltekit-frontend/src/lib/machines/case-workflow-machine.ts(458,6): error TS1128: Declaration or statement expected.
sveltekit-frontend/src/lib/machines/case-workflow-machine.ts(461,13): error TS1109: Expression expected.
sveltekit-frontend/src/lib/machines/case-workflow-machine.ts(469,6): error TS1128: Declaration or statement expected.
sveltekit-frontend/src/lib/machines/case-workflow-machine.ts(474,19): error TS1109: Expression expected.
sveltekit-frontend/src/lib/machines/case-workflow-machine.ts(477,10): error TS1128: Declaration or statement expected.
sveltekit-frontend/src/lib/machines/case-workflow-machine.ts(480,19): error TS1109: Expression expected.
sveltekit-frontend/src/lib/machines/case-workflow-machine.ts(497,3): error TS1128: Declaration or statement expected.
sveltekit-frontend/src/lib/machines/case-workflow-machine.ts(497,4): error TS1128: Declaration or statement expected.
sveltekit-frontend/src/lib/machines/case-workflow-machine.ts(509,1): error TS1128: Declaration or statement expected.
sveltekit-frontend/src/lib/machines/case-workflow-machine.ts(509,2): error TS1128: Declaration or statement expected.
sveltekit-frontend/src/lib/machines/caseManagementMachine.ts(57,29): error TS1136: Property assignment expected.
sveltekit-frontend/src/lib/machines/caseManagementMachine.ts(72,29): error TS1136: Property assignment expected.
sveltekit-frontend/src/lib/machines/caseManagementMachine.ts(92,29): error TS1136: Property assignment expected.
sveltekit-frontend/src/lib/machines/caseManagementMachine.ts(110,29): error TS1136: Property assignment expected.
sveltekit-frontend/src/lib/machines/caseManagementMachine.ts(128,29): error TS1136: Property assignment expected.
sveltekit-frontend/src/lib/machines/caseManagementMachine.ts(147,29): error TS1136: Property assignment expected.
sveltekit-frontend/src/lib/machines/caseManagementMachine.ts(175,21): error TS1109: Expression expected.
sveltekit-frontend/src/lib/machines/caseManagementMachine.ts(175,30): error TS1005: ',' expected.
sveltekit-frontend/src/lib/machines/caseManagementMachine.ts(175,31): error TS1136: Property assignment expected.
sveltekit-frontend/src/lib/machines/enhanced-legal-upload-analytics-machine.ts(183,151): error TS1110: Type expected.
sveltekit-frontend/src/lib/machines/enhanced-legal-upload-analytics-machine.ts(183,153): error TS1005: '>' expected.
sveltekit-frontend/src/lib/machines/enhanced-legal-upload-analytics-machine.ts(189,31): error TS1136: Property assignment expected.
sveltekit-frontend/src/lib/machines/enhanced-legal-upload-analytics-machine.ts(234,31): error TS1136: Property assignment expected.
sveltekit-frontend/src/lib/machines/enhanced-legal-upload-analytics-machine.ts(299,83): error TS1005: ')' expected.
sveltekit-frontend/src/lib/machines/enhanced-legal-upload-analytics-machine.ts(328,33): error TS1136: Property assignment expected.
sveltekit-frontend/src/lib/machines/enhanced-legal-upload-analytics-machine.ts(329,25): error TS1137: Expression or comma expected.
sveltekit-frontend/src/lib/machines/enhanced-legal-upload-analytics-machine.ts(330,21): error TS1137: Expression or comma expected.
sveltekit-frontend/src/lib/machines/enhanced-legal-upload-analytics-machine.ts(331,22): error TS1137: Expression or comma expected.
sveltekit-frontend/src/lib/machines/enhanced-legal-upload-analytics-machine.ts(332,23): error TS1137: Expression or comma expected.
sveltekit-frontend/src/lib/machines/enhanced-legal-upload-analytics-machine.ts(333,13): error TS1005: ',' expected.
sveltekit-frontend/src/lib/machines/enhanced-legal-upload-analytics-machine.ts(333,15): error TS1136: Property assignment expected.
sveltekit-frontend/src/lib/machines/enhanced-legal-upload-analytics-machine.ts(336,7): error TS1005: ',' expected.
sveltekit-frontend/src/lib/machines/enhanced-legal-upload-analytics-machine.ts(336,8): error TS1472: 'catch' or 'finally' expected.
sveltekit-frontend/src/lib/machines/enhanced-legal-upload-analytics-machine.ts(338,5): error TS1128: Declaration or statement expected.
sveltekit-frontend/src/lib/machines/enhanced-legal-upload-analytics-machine.ts(338,7): error TS1005: 'try' expected.
sveltekit-frontend/src/lib/machines/enhanced-legal-upload-analytics-machine.ts(362,31): error TS1136: Property assignment expected.
sveltekit-frontend/src/lib/machines/enhanced-legal-upload-analytics-machine.ts(363,23): error TS1137: Expression or comma expected.
sveltekit-frontend/src/lib/machines/enhanced-legal-upload-analytics-machine.ts(364,19): error TS1137: Expression or comma expected.
sveltekit-frontend/src/lib/machines/enhanced-legal-upload-analytics-machine.ts(365,20): error TS1137: Expression or comma expected.
sveltekit-frontend/src/lib/machines/enhanced-legal-upload-analytics-machine.ts(366,21): error TS1137: Expression or comma expected.
sveltekit-frontend/src/lib/machines/enhanced-legal-upload-analytics-machine.ts(367,11): error TS1005: ',' expected.
sveltekit-frontend/src/lib/machines/enhanced-legal-upload-analytics-machine.ts(367,13): error TS1136: Property assignment expected.
sveltekit-frontend/src/lib/machines/enhanced-legal-upload-analytics-machine.ts(369,7): error TS1005: ')' expected.
sveltekit-frontend/src/lib/machines/enhanced-legal-upload-analytics-machine.ts(369,8): error TS1128: Declaration or statement expected.
sveltekit-frontend/src/lib/machines/enhanced-legal-upload-analytics-machine.ts(370,5): error TS1128: Declaration or statement expected.
sveltekit-frontend/src/lib/machines/enhanced-legal-upload-analytics-machine.ts(371,3): error TS1128: Declaration or statement expected.
sveltekit-frontend/src/lib/machines/enhanced-legal-upload-analytics-machine.ts(372,1): error TS1128: Declaration or statement expected.
sveltekit-frontend/src/lib/machines/enhanced-legal-upload-analytics-machine.ts(380,31): error TS1136: Property assignment expected.
sveltekit-frontend/src/lib/machines/enhanced-legal-upload-analytics-machine.ts(451,21): error TS1109: Expression expected.
sveltekit-frontend/src/lib/machines/enhanced-legal-upload-analytics-machine.ts(451,30): error TS1005: ',' expected.
sveltekit-frontend/src/lib/machines/enhanced-legal-upload-analytics-machine.ts(451,31): error TS1136: Property assignment expected.
sveltekit-frontend/src/lib/machines/enhanced-legal-upload-analytics-machine.ts(452,20): error TS1109: Expression expected.
sveltekit-frontend/src/lib/machines/enhanced-legal-upload-analytics-machine.ts(452,29): error TS1005: ',' expected.
sveltekit-frontend/src/lib/machines/enhanced-legal-upload-analytics-machine.ts(452,30): error TS1136: Property assignment expected.
sveltekit-frontend/src/lib/machines/idle-detection-rabbitmq-machine.ts(104,31): error TS1136: Property assignment expected.
sveltekit-frontend/src/lib/machines/idle-detection-rabbitmq-machine.ts(159,33): error TS1136: Property assignment expected.
sveltekit-frontend/src/lib/machines/idle-detection-rabbitmq-machine.ts(231,87): error TS1005: ')' expected.
sveltekit-frontend/src/lib/machines/idle-detection-rabbitmq-machine.ts(249,25): error TS1109: Expression expected.
sveltekit-frontend/src/lib/machines/idle-detection-rabbitmq-machine.ts(249,34): error TS1005: ',' expected.
sveltekit-frontend/src/lib/machines/idle-detection-rabbitmq-machine.ts(249,35): error TS1136: Property assignment expected.
sveltekit-frontend/src/lib/machines/idle-detection-rabbitmq-machine.ts(492,32): error TS1005: ',' expected.
sveltekit-frontend/src/lib/machines/idle-detection-rabbitmq-machine.ts(529,78): error TS1005: ')' expected.
sveltekit-frontend/src/lib/machines/idle-detection-rabbitmq-machine.ts(541,56): error TS1005: ')' expected.
sveltekit-frontend/src/lib/machines/ingestion-workflow-machine.ts(9,1): error TS1128: Declaration or statement expected.
sveltekit-frontend/src/lib/machines/ingestion-workflow-machine.ts(46,1): error TS1131: Property or signature expected.
sveltekit-frontend/src/lib/machines/ingestion-workflow-machine.ts(107,17): error TS1109: Expression expected.
sveltekit-frontend/src/lib/machines/ingestion-workflow-machine.ts(107,26): error TS1005: ',' expected.
sveltekit-frontend/src/lib/machines/ingestion-workflow-machine.ts(107,27): error TS1136: Property assignment expected.
sveltekit-frontend/src/lib/machines/ingestion-workflow-machine.ts(212,59): error TS1005: ',' expected.
sveltekit-frontend/src/lib/machines/ingestion-workflow-machine.ts(212,60): error TS1005: ')' expected.
sveltekit-frontend/src/lib/machines/ingestion-workflow-machine.ts(222,34): error TS1005: ',' expected.
sveltekit-frontend/src/lib/machines/ingestion-workflow-machine.ts(247,17): error TS1005: ',' expected.
sveltekit-frontend/src/lib/machines/ingestion-workflow-machine.ts(251,12): error TS1128: Declaration or statement expected.
sveltekit-frontend/src/lib/machines/ingestion-workflow-machine.ts(252,9): error TS1005: ',' expected.
sveltekit-frontend/src/lib/machines/ingestion-workflow-machine.ts(257,7): error TS1128: Declaration or statement expected.
sveltekit-frontend/src/lib/machines/ingestion-workflow-machine.ts(267,5): error TS1128: Declaration or statement expected.
sveltekit-frontend/src/lib/machines/ingestion-workflow-machine.ts(267,6): error TS1128: Declaration or statement expected.
sveltekit-frontend/src/lib/machines/ingestion-workflow-machine.ts(267,7): error TS1128: Declaration or statement expected.
sveltekit-frontend/src/lib/machines/ingestion-workflow-machine.ts(279,33): error TS1136: Property assignment expected.
sveltekit-frontend/src/lib/machines/ingestion-workflow-machine.ts(280,60): error TS1136: Property assignment expected.
sveltekit-frontend/src/lib/machines/ingestion-workflow-machine.ts(287,11): error TS1005: ',' expected.
sveltekit-frontend/src/lib/machines/ingestion-workflow-machine.ts(304,20): error TS1109: Expression expected.
sveltekit-frontend/src/lib/machines/ingestion-workflow-machine.ts(321,11): error TS1005: ')' expected.
sveltekit-frontend/src/lib/machines/ingestion-workflow-machine.ts(327,26): error TS1109: Expression expected.
sveltekit-frontend/src/lib/machines/ingestion-workflow-machine.ts(339,33): error TS1136: Property assignment expected.
sveltekit-frontend/src/lib/machines/ingestion-workflow-machine.ts(355,3): error TS1128: Declaration or statement expected.
sveltekit-frontend/src/lib/machines/ingestion-workflow-machine.ts(355,4): error TS1128: Declaration or statement expected.
sveltekit-frontend/src/lib/machines/ingestion-workflow-machine.ts(358,14): error TS1109: Expression expected.
sveltekit-frontend/src/lib/machines/ingestion-workflow-machine.ts(362,20): error TS1109: Expression expected.
sveltekit-frontend/src/lib/machines/ingestion-workflow-machine.ts(367,1): error TS1128: Declaration or statement expected.
sveltekit-frontend/src/lib/machines/ingestion-workflow-machine.ts(367,2): error TS1128: Declaration or statement expected.
sveltekit-frontend/src/lib/machines/ingestion-workflow-machine.ts(367,3): error TS1128: Declaration or statement expected.
sveltekit-frontend/src/lib/machines/ingestion-workflow-machine.ts(611,19): error TS1005: ',' expected.
sveltekit-frontend/src/lib/machines/ingestion-workflow-machine.ts(612,46): error TS1005: ',' expected.
sveltekit-frontend/src/lib/machines/legal-case-machine-factory.ts(8,1): error TS1128: Declaration or statement expected.
sveltekit-frontend/src/lib/machines/legal-case-machine-factory.ts(61,33): error TS1136: Property assignment expected.
sveltekit-frontend/src/lib/machines/legal-case-machine-factory.ts(73,67): error TS1005: ')' expected.
sveltekit-frontend/src/lib/machines/legal-case-machine-factory.ts(83,33): error TS1136: Property assignment expected.
sveltekit-frontend/src/lib/machines/legal-case-machine-factory.ts(97,53): error TS1136: Property assignment expected.
sveltekit-frontend/src/lib/machines/legalCaseMachine.ts(125,1): error TS1128: Declaration or statement expected.
sveltekit-frontend/src/lib/machines/legalCaseMachine.ts(160,1): error TS1128: Declaration or statement expected.
sveltekit-frontend/src/lib/machines/legalCaseMachine.ts(172,1): error TS1128: Declaration or statement expected.
sveltekit-frontend/src/lib/machines/legalCaseMachine.ts(269,1): error TS1128: Declaration or statement expected.
sveltekit-frontend/src/lib/machines/legalCaseMachine.ts(353,21): error TS1109: Expression expected.
sveltekit-frontend/src/lib/machines/legalCaseMachine.ts(353,30): error TS1005: ',' expected.
sveltekit-frontend/src/lib/machines/legalCaseMachine.ts(353,31): error TS1136: Property assignment expected.
sveltekit-frontend/src/lib/machines/legalCaseMachine.ts(525,49): error TS1109: Expression expected.
sveltekit-frontend/src/lib/machines/legalCaseMachine.ts(526,23): error TS1003: Identifier expected.
sveltekit-frontend/src/lib/machines/legalCaseMachine.ts(534,49): error TS1109: Expression expected.
sveltekit-frontend/src/lib/machines/legalCaseMachine.ts(535,23): error TS1003: Identifier expected.
sveltekit-frontend/src/lib/machines/legalCaseMachine.ts(590,35): error TS1136: Property assignment expected.
sveltekit-frontend/src/lib/machines/legalCaseMachine.ts(700,25): error TS1005: ',' expected.
sveltekit-frontend/src/lib/machines/prefetchMachine.ts(4,1): error TS1128: Declaration or statement expected.
sveltekit-frontend/src/lib/machines/prefetchMachine.ts(44,17): error TS1109: Expression expected.
sveltekit-frontend/src/lib/machines/prefetchMachine.ts(44,26): error TS1005: ',' expected.
sveltekit-frontend/src/lib/machines/prefetchMachine.ts(44,27): error TS1136: Property assignment expected.
sveltekit-frontend/src/lib/machines/prefetchMachine.ts(154,11): error TS1005: ',' expected.
sveltekit-frontend/src/lib/machines/prefetchMachine.ts(319,47): error TS1109: Expression expected.
sveltekit-frontend/src/lib/machines/prefetchMachine.ts(319,57): error TS1005: ';' expected.
sveltekit-frontend/src/lib/machines/prefetchMachine.ts(320,7): error TS1129: Statement expected.
sveltekit-frontend/src/lib/machines/prefetchMachine.ts(326,52): error TS1109: Expression expected.
sveltekit-frontend/src/lib/machines/prefetchMachine.ts(326,62): error TS1005: ';' expected.
sveltekit-frontend/src/lib/machines/prefetchMachine.ts(327,7): error TS1129: Statement expected.
sveltekit-frontend/src/lib/machines/prefetchMachine.ts(333,44): error TS1109: Expression expected.
sveltekit-frontend/src/lib/machines/prefetchMachine.ts(333,54): error TS1005: ';' expected.
sveltekit-frontend/src/lib/machines/prefetchMachine.ts(334,7): error TS1129: Statement expected.
sveltekit-frontend/src/lib/machines/prefetchMachine.ts(340,7): error TS1129: Statement expected.
sveltekit-frontend/src/lib/machines/prefetchMachine.ts(350,27): error TS1136: Property assignment expected.
sveltekit-frontend/src/lib/machines/rag-machine.ts(171,1): error TS1128: Declaration or statement expected.
sveltekit-frontend/src/lib/machines/rag-machine.ts(171,2): error TS1128: Declaration or statement expected.
sveltekit-frontend/src/lib/machines/ssr-qlora-chat-machine.ts(308,109): error TS1109: Expression expected.
sveltekit-frontend/src/lib/machines/ssr-qlora-chat-machine.ts(308,118): error TS1005: ',' expected.
sveltekit-frontend/src/lib/machines/ssr-qlora-chat-machine.ts(308,119): error TS1136: Property assignment expected.
sveltekit-frontend/src/lib/machines/ssr-qlora-chat-machine.ts(309,105): error TS1109: Expression expected.
sveltekit-frontend/src/lib/machines/ssr-qlora-chat-machine.ts(309,114): error TS1005: ',' expected.
sveltekit-frontend/src/lib/machines/ssr-qlora-chat-machine.ts(309,115): error TS1136: Property assignment expected.
sveltekit-frontend/src/lib/machines/ssr-qlora-chat-machine.ts(413,7): error TS1005: ',' expected.
sveltekit-frontend/src/lib/machines/ssr-qlora-chat-machine.ts(451,36): error TS1005: ',' expected.
sveltekit-frontend/src/lib/machines/ssr-qlora-chat-machine.ts(584,72): error TS1005: ')' expected.
sveltekit-frontend/src/lib/machines/ssr-qlora-chat-machine.ts(598,97): error TS1005: ')' expected.
sveltekit-frontend/src/lib/machines/userTypingStateMachine.ts(17,1): error TS1128: Declaration or statement expected.
sveltekit-frontend/src/lib/machines/userTypingStateMachine.ts(53,29): error TS1136: Property assignment expected.
sveltekit-frontend/src/lib/machines/userTypingStateMachine.ts(83,21): error TS1109: Expression expected.
sveltekit-frontend/src/lib/machines/userTypingStateMachine.ts(83,30): error TS1005: ',' expected.
sveltekit-frontend/src/lib/machines/userTypingStateMachine.ts(83,31): error TS1136: Property assignment expected.
sveltekit-frontend/src/lib/machines/userTypingStateMachine.ts(84,20): error TS1109: Expression expected.
sveltekit-frontend/src/lib/machines/userTypingStateMachine.ts(84,29): error TS1005: ',' expected.
sveltekit-frontend/src/lib/machines/userTypingStateMachine.ts(84,30): error TS1136: Property assignment expected.
sveltekit-frontend/src/lib/machines/vectorJobMachine.ts(5,1): error TS1128: Declaration or statement expected.
sveltekit-frontend/src/lib/machines/vectorJobMachine.ts(86,26): error TS1136: Property assignment expected.
sveltekit-frontend/src/lib/machines/vectorJobMachine.ts(113,58): error TS1005: ')' expected.
sveltekit-frontend/src/lib/machines/vectorJobMachine.ts(121,19): error TS1109: Expression expected.
sveltekit-frontend/src/lib/machines/vectorJobMachine.ts(121,28): error TS1005: ',' expected.
sveltekit-frontend/src/lib/machines/vectorJobMachine.ts(121,29): error TS1136: Property assignment expected.
sveltekit-frontend/src/lib/machines/vectorJobMachine.ts(122,18): error TS1109: Expression expected.
sveltekit-frontend/src/lib/machines/vectorJobMachine.ts(122,27): error TS1005: ',' expected.
sveltekit-frontend/src/lib/machines/vectorJobMachine.ts(122,28): error TS1136: Property assignment expected.
sveltekit-frontend/src/lib/machines/vectorJobMachine.ts(154,5): error TS1005: ',' expected.
sveltekit-frontend/src/lib/machines/vectorJobMachine.ts(167,5): error TS1005: ',' expected.
sveltekit-frontend/src/lib/machines/vectorJobMachine.ts(173,5): error TS1005: ',' expected.
sveltekit-frontend/src/lib/machines/vectorJobMachine.ts(182,4): error TS1005: ',' expected.
sveltekit-frontend/src/lib/machines/vectorJobMachine.ts(193,6): error TS1005: ')' expected.
sveltekit-frontend/src/lib/machines/vectorJobMachine.ts(194,5): error TS1005: ',' expected.
sveltekit-frontend/src/lib/machines/vectorJobMachine.ts(200,6): error TS1005: ',' expected.
sveltekit-frontend/src/lib/machines/vectorJobMachine.ts(208,6): error TS1005: ',' expected.
sveltekit-frontend/src/lib/machines/vectorJobMachine.ts(215,6): error TS1005: ',' expected.
sveltekit-frontend/src/lib/machines/vectorJobMachine.ts(230,5): error TS1005: ',' expected.
sveltekit-frontend/src/lib/machines/vectorJobMachine.ts(238,6): error TS1005: ')' expected.
sveltekit-frontend/src/lib/machines/vectorJobMachine.ts(239,5): error TS1005: ',' expected.
sveltekit-frontend/src/lib/machines/vectorJobMachine.ts(247,5): error TS1005: ',' expected.
sveltekit-frontend/src/lib/machines/vectorJobMachine.ts(263,6): error TS1005: ')' expected.
sveltekit-frontend/src/lib/machines/vectorJobMachine.ts(264,5): error TS1005: ',' expected.
sveltekit-frontend/src/lib/machines/vectorJobMachine.ts(271,5): error TS1005: ',' expected.
sveltekit-frontend/src/lib/machines/vectorJobMachine.ts(281,30): error TS1136: Property assignment expected.
sveltekit-frontend/src/lib/machines/vectorJobMachine.ts(284,5): error TS1005: ',' expected.
sveltekit-frontend/src/lib/machines/vectorJobMachine.ts(308,9): error TS1005: ')' expected.
sveltekit-frontend/src/lib/machines/vectorJobMachine.ts(329,9): error TS1005: ')' expected.
sveltekit-frontend/src/lib/machines/vectorJobMachine.ts(338,5): error TS1005: ',' expected.
sveltekit-frontend/src/lib/machines/vectorJobMachine.ts(361,12): error TS1005: ',' expected.
sveltekit-frontend/src/lib/machines/vectorJobMachine.ts(362,29): error TS1005: ',' expected.
sveltekit-frontend/src/lib/machines/vectorJobMachine.ts(381,14): error TS1005: '>' expected.
sveltekit-frontend/src/lib/machines/workflow-machine.ts(8,1): error TS1128: Declaration or statement expected.
sveltekit-frontend/src/lib/machines/workflow-machine.ts(37,21): error TS1109: Expression expected.
sveltekit-frontend/src/lib/machines/workflow-machine.ts(37,30): error TS1005: ',' expected.
sveltekit-frontend/src/lib/machines/workflow-machine.ts(37,31): error TS1136: Property assignment expected.
sveltekit-frontend/src/lib/machines/workflow-machine.ts(38,20): error TS1109: Expression expected.
sveltekit-frontend/src/lib/machines/workflow-machine.ts(38,29): error TS1005: ',' expected.
sveltekit-frontend/src/lib/machines/workflow-machine.ts(38,30): error TS1136: Property assignment expected.
sveltekit-frontend/src/lib/machines/workflow-machine.ts(188,1): error TS1128: Declaration or statement expected.
sveltekit-frontend/src/lib/machines/workflow-machine.ts(217,21): error TS1109: Expression expected.
sveltekit-frontend/src/lib/machines/workflow-machine.ts(217,30): error TS1005: ',' expected.
sveltekit-frontend/src/lib/machines/workflow-machine.ts(217,31): error TS1136: Property assignment expected.
sveltekit-frontend/src/lib/machines/workflow-machine.ts(218,20): error TS1109: Expression expected.
sveltekit-frontend/src/lib/machines/workflow-machine.ts(218,29): error TS1005: ',' expected.
sveltekit-frontend/src/lib/machines/workflow-machine.ts(218,30): error TS1136: Property assignment expected.
sveltekit-frontend/src/lib/machines/workflow-machine.ts(368,1): error TS1128: Declaration or statement expected.
sveltekit-frontend/src/lib/machines/workflow-machine.ts(396,21): error TS1109: Expression expected.
sveltekit-frontend/src/lib/machines/workflow-machine.ts(396,30): error TS1005: ',' expected.
sveltekit-frontend/src/lib/machines/workflow-machine.ts(396,31): error TS1136: Property assignment expected.
sveltekit-frontend/src/lib/machines/workflow-machine.ts(397,20): error TS1109: Expression expected.
sveltekit-frontend/src/lib/machines/workflow-machine.ts(397,29): error TS1005: ',' expected.
sveltekit-frontend/src/lib/machines/workflow-machine.ts(397,30): error TS1136: Property assignment expected.
sveltekit-frontend/src/lib/machines/workflow-machine.ts(547,53): error TS1005: ')' expected.
sveltekit-frontend/src/lib/mcp-memory-read-graph.ts(6,1): error TS1128: Declaration or statement expected.
sveltekit-frontend/src/lib/mcp-memory-read-graph.ts(32,3): error TS1005: ',' expected.
sveltekit-frontend/src/lib/mcp-memory-read-graph.ts(32,20): error TS1005: ',' expected.
sveltekit-frontend/src/lib/mcp-memory-read-graph.ts(43,57): error TS1005: ')' expected.
sveltekit-frontend/src/lib/mcp-memory-read-graph.ts(80,70): error TS1005: ')' expected.
sveltekit-frontend/src/lib/mcp/cases.mcp.ts(16,1): error TS1128: Declaration or statement expected.
sveltekit-frontend/src/lib/mcp/cases.mcp.ts(120,7): error TS1128: Declaration or statement expected.
sveltekit-frontend/src/lib/mcp/cases.mcp.ts(125,19): error TS1005: ')' expected.
sveltekit-frontend/src/lib/mcp/cases.mcp.ts(135,23): error TS1005: ',' expected.
sveltekit-frontend/src/lib/mcp/cases.mcp.ts(167,65): error TS1005: ',' expected.
sveltekit-frontend/src/lib/mcp/cases.mcp.ts(212,62): error TS1005: ')' expected.
sveltekit-frontend/src/lib/mcp/cases.mcp.ts(215,66): error TS1005: ')' expected.
sveltekit-frontend/src/lib/mcp/cases.mcp.ts(262,54): error TS1005: ')' expected.
sveltekit-frontend/src/lib/mcp/cases.mcp.ts(274,32): error TS1005: ')' expected.
sveltekit-frontend/src/lib/mcp/cases.mcp.ts(297,14): error TS1005: ')' expected.
sveltekit-frontend/src/lib/mcp/cases.mcp.ts(300,73): error TS1005: ')' expected.
sveltekit-frontend/src/lib/memory/nes-memory-architecture.ts(243,22): error TS1005: ',' expected.
sveltekit-frontend/src/lib/memory/nes-memory-architecture.ts(365,22): error TS1005: ',' expected.
sveltekit-frontend/src/lib/memory/nes-memory-architecture.ts(805,66): error TS1109: Expression expected.
sveltekit-frontend/src/lib/memory/nes-memory-architecture.ts(806,49): error TS1109: Expression expected.
sveltekit-frontend/src/lib/messaging/rabbitmq-legal-queue.ts(16,1): error TS1128: Declaration or statement expected.
sveltekit-frontend/src/lib/messaging/rabbitmq-legal-queue.ts(68,90): error TS1005: '>' expected.
sveltekit-frontend/src/lib/messaging/rabbitmq-legal-queue.ts(223,5): error TS1005: ',' expected.
sveltekit-frontend/src/lib/messaging/rabbitmq-legal-queue.ts(508,30): error TS1005: ')' expected.
sveltekit-frontend/src/lib/messaging/rabbitmq-legal-queue.ts(521,31): error TS1005: ')' expected.
sveltekit-frontend/src/lib/middleware/binary-encoding.ts(10,1): error TS1128: Declaration or statement expected.
sveltekit-frontend/src/lib/middleware/binary-encoding.ts(55,18): error TS1005: ',' expected.
sveltekit-frontend/src/lib/middleware/binary-encoding.ts(150,65): error TS1005: ')' expected.
sveltekit-frontend/src/lib/middleware/binary-encoding.ts(157,66): error TS1005: ')' expected.
sveltekit-frontend/src/lib/middleware/binary-encoding.ts(184,31): error TS1005: ',' expected.
sveltekit-frontend/src/lib/middleware/binary-encoding.ts(210,68): error TS1005: ')' expected.
sveltekit-frontend/src/lib/middleware/binary-encoding.ts(213,70): error TS1005: ')' expected.
sveltekit-frontend/src/lib/middleware/binary-encoding.ts(260,61): error TS1005: ')' expected.
sveltekit-frontend/src/lib/middleware/binary-encoding.ts(420,53): error TS1005: ')' expected.
sveltekit-frontend/src/lib/middleware/binary-encoding.ts(454,44): error TS1005: ')' expected.
sveltekit-frontend/src/lib/middleware/binary-encoding.ts(477,66): error TS1005: ')' expected.
sveltekit-frontend/src/lib/middleware/binary-encoding.ts(500,15): error TS1005: ')' expected.
sveltekit-frontend/src/lib/middleware/binary-encoding.ts(527,20): error TS1005: ',' expected.
sveltekit-frontend/src/lib/middleware/binary-encoding.ts(534,16): error TS1005: ',' expected.
sveltekit-frontend/src/lib/middleware/binary-encoding.ts(540,16): error TS1005: ',' expected.
sveltekit-frontend/src/lib/middleware/binary-encoding.ts(547,18): error TS1005: ',' expected.
sveltekit-frontend/src/lib/middleware/binary-encoding.ts(578,23): error TS1005: ',' expected.
sveltekit-frontend/src/lib/modules/auth-demo.ts(81,81): error TS1005: ')' expected.
sveltekit-frontend/src/lib/modules/auth-demo.ts(99,70): error TS1005: ')' expected.
sveltekit-frontend/src/lib/modules/citations-manager.ts(6,1): error TS1128: Declaration or statement expected.
sveltekit-frontend/src/lib/modules/citations-manager.ts(80,68): error TS1005: ')' expected.
sveltekit-frontend/src/lib/modules/citations-manager.ts(121,9): error TS1128: Declaration or statement expected.
sveltekit-frontend/src/lib/modules/citations-manager.ts(124,11): error TS1005: ')' expected.
sveltekit-frontend/src/lib/modules/citations-manager.ts(175,9): error TS1128: Declaration or statement expected.
sveltekit-frontend/src/lib/modules/citations-manager.ts(179,11): error TS1005: ')' expected.
sveltekit-frontend/src/lib/modules/citations-manager.ts(232,84): error TS1005: ')' expected.
sveltekit-frontend/src/lib/modules/citations-manager.ts(235,20): error TS1005: ')' expected.
sveltekit-frontend/src/lib/modules/citations-manager.ts(277,80): error TS1005: ')' expected.
sveltekit-frontend/src/lib/modules/citations-manager.ts(281,78): error TS1005: ')' expected.
sveltekit-frontend/src/lib/modules/citations-manager.ts(341,68): error TS1005: ')' expected.
sveltekit-frontend/src/lib/modules/citations-manager.ts(359,72): error TS1005: ')' expected.
sveltekit-frontend/src/lib/modules/citations-manager.ts(385,84): error TS1005: ')' expected.
sveltekit-frontend/src/lib/monitoring/legal-performance-metrics.ts(6,1): error TS1128: Declaration or statement expected.
sveltekit-frontend/src/lib/monitoring/legal-performance-metrics.ts(249,59): error TS1109: Expression expected.
sveltekit-frontend/src/lib/monitoring/legal-performance-metrics.ts(250,49): error TS1005: ';' expected.
sveltekit-frontend/src/lib/monitoring/legal-performance-metrics.ts(255,59): error TS1109: Expression expected.
sveltekit-frontend/src/lib/monitoring/legal-performance-metrics.ts(256,49): error TS1005: ';' expected.
sveltekit-frontend/src/lib/monitoring/legal-performance-metrics.ts(314,26): error TS1005: ',' expected.
sveltekit-frontend/src/lib/moogle/stage6-production-orchestrator.ts(95,30): error TS1005: ',' expected.
sveltekit-frontend/src/lib/moogle/stage6-production-orchestrator.ts(104,25): error TS1005: ',' expected.
sveltekit-frontend/src/lib/moogle/stage6-production-orchestrator.ts(122,23): error TS1005: ',' expected.
sveltekit-frontend/src/lib/moogle/stage6-production-orchestrator.ts(134,24): error TS1005: ',' expected.
sveltekit-frontend/src/lib/moogle/stage6-production-orchestrator.ts(180,19): error TS1005: ',' expected.
sveltekit-frontend/src/lib/moogle/stage6-production-orchestrator.ts(220,7): error TS1005: ')' expected.
sveltekit-frontend/src/lib/moogle/stage6-production-orchestrator.ts(242,21): error TS1005: ',' expected.
sveltekit-frontend/src/lib/moogle/stage6-production-orchestrator.ts(266,23): error TS1005: ',' expected.
sveltekit-frontend/src/lib/moogle/stage6-production-orchestrator.ts(297,21): error TS1005: ',' expected.
sveltekit-frontend/src/lib/moogle/stage6-production-orchestrator.ts(308,33): error TS1136: Property assignment expected.
sveltekit-frontend/src/lib/moogle/stage6-production-orchestrator.ts(373,18): error TS1005: ',' expected.
sveltekit-frontend/src/lib/moogle/stage6-production-orchestrator.ts(375,21): error TS1005: ',' expected.
sveltekit-frontend/src/lib/moogle/stage6-production-orchestrator.ts(441,7): error TS1005: ')' expected.
sveltekit-frontend/src/lib/moogle/stage6-production-orchestrator.ts(450,77): error TS1005: ',' expected.
sveltekit-frontend/src/lib/moogle/stage6-production-orchestrator.ts(457,85): error TS1005: ')' expected.
sveltekit-frontend/src/lib/moogle/stage6-production-orchestrator.ts(466,27): error TS1005: ',' expected.
sveltekit-frontend/src/lib/moogle/stage6-production-orchestrator.ts(510,78): error TS1005: '>' expected.
sveltekit-frontend/src/lib/moogle/stage6-production-orchestrator.ts(511,73): error TS1136: Property assignment expected.
sveltekit-frontend/src/lib/moogle/stage6-production-orchestrator.ts(530,42): error TS1136: Property assignment expected.
sveltekit-frontend/src/lib/moogle/stage6-production-orchestrator.ts(640,35): error TS1109: Expression expected.
sveltekit-frontend/src/lib/moogle/stage6-production-orchestrator.ts(640,49): error TS1129: Statement expected.
sveltekit-frontend/src/lib/moogle/stage6-production-orchestrator.ts(642,9): error TS1129: Statement expected.
sveltekit-frontend/src/lib/moogle/stage6-production-orchestrator.ts(692,57): error TS1005: ')' expected.
sveltekit-frontend/src/lib/moogle/stage6-production-orchestrator.ts(728,67): error TS1005: ',' expected.
sveltekit-frontend/src/lib/observability/client-timing.ts(4,1): error TS1128: Declaration or statement expected.
sveltekit-frontend/src/lib/observability/client-timing.ts(36,34): error TS1109: Expression expected.
sveltekit-frontend/src/lib/optimization/advanced-memory-optimizer.ts(33,23): error TS1005: ',' expected.
sveltekit-frontend/src/lib/optimization/advanced-memory-optimizer.ts(306,5): error TS1005: ',' expected.
sveltekit-frontend/src/lib/optimization/advanced-memory-optimizer.ts(308,28): error TS1005: ',' expected.
sveltekit-frontend/src/lib/optimization/advanced-memory-optimizer.ts(312,47): error TS1005: ')' expected.
sveltekit-frontend/src/lib/optimization/advanced-memory-optimizer.ts(352,41): error TS1005: ')' expected.
sveltekit-frontend/src/lib/optimization/advanced-memory-optimizer.ts(353,5): error TS1128: Declaration or statement expected.
sveltekit-frontend/src/lib/optimization/advanced-memory-optimizer.ts(364,16): error TS1005: ',' expected.
sveltekit-frontend/src/lib/optimization/advanced-memory-optimizer.ts(365,18): error TS1005: ',' expected.
sveltekit-frontend/src/lib/optimization/advanced-memory-optimizer.ts(384,16): error TS1005: ',' expected.
sveltekit-frontend/src/lib/optimization/advanced-memory-optimizer.ts(385,14): error TS1005: ',' expected.
sveltekit-frontend/src/lib/optimization/advanced-memory-optimizer.ts(390,55): error TS1005: ')' expected.
sveltekit-frontend/src/lib/optimization/advanced-memory-optimizer.ts(417,63): error TS1005: ')' expected.
sveltekit-frontend/src/lib/optimization/advanced-memory-optimizer.ts(442,16): error TS1005: ',' expected.
sveltekit-frontend/src/lib/optimization/advanced-memory-optimizer.ts(443,14): error TS1005: ',' expected.
sveltekit-frontend/src/lib/optimization/advanced-memory-optimizer.ts(457,7): error TS1128: Declaration or statement expected.
sveltekit-frontend/src/lib/optimization/advanced-memory-optimizer.ts(467,57): error TS1005: ')' expected.
sveltekit-frontend/src/lib/optimization/advanced-memory-optimizer.ts(678,16): error TS1005: ',' expected.
sveltekit-frontend/src/lib/optimization/advanced-memory-optimizer.ts(679,18): error TS1005: ',' expected.
sveltekit-frontend/src/lib/optimization/advanced-memory-optimizer.ts(696,9): error TS1005: ')' expected.
sveltekit-frontend/src/lib/optimization/advanced-memory-optimizer.ts(741,43): error TS1005: ')' expected.
sveltekit-frontend/src/lib/optimization/advanced-memory-optimizer.ts(748,83): error TS1005: ')' expected.
sveltekit-frontend/src/lib/optimization/advanced-memory-optimizer.ts(772,10): error TS1005: ')' expected.
sveltekit-frontend/src/lib/optimization/advanced-memory-optimizer.ts(773,5): error TS1128: Declaration or statement expected.
sveltekit-frontend/src/lib/optimization/advanced-memory-optimizer.ts(777,56): error TS1005: ')' expected.
sveltekit-frontend/src/lib/optimization/advanced-memory-optimizer.ts(794,23): error TS1005: ',' expected.
sveltekit-frontend/src/lib/optimization/advanced-memory-optimizer.ts(923,7): error TS1005: ')' expected.
sveltekit-frontend/src/lib/optimization/advanced-memory-optimizer.ts(929,45): error TS1005: ')' expected.
sveltekit-frontend/src/lib/optimization/advanced-memory-optimizer.ts(935,25): error TS1005: ',' expected.
sveltekit-frontend/src/lib/optimization/advanced-memory-optimizer.ts(1003,47): error TS1005: ')' expected.
sveltekit-frontend/src/lib/optimization/advanced-memory-optimizer.ts(1008,17): error TS1005: ',' expected.
sveltekit-frontend/src/lib/optimization/advanced-memory-optimizer.ts(1009,17): error TS1005: ',' expected.
sveltekit-frontend/src/lib/optimization/advanced-memory-optimizer.ts(1030,22): error TS1005: ',' expected.
sveltekit-frontend/src/lib/optimization/advanced-memory-optimizer.ts(1031,28): error TS1005: ',' expected.
sveltekit-frontend/src/lib/optimization/advanced-memory-optimizer.ts(1171,47): error TS1005: ')' expected.
sveltekit-frontend/src/lib/optimization/advanced-memory-optimizer.ts(1246,28): error TS1005: ',' expected.
sveltekit-frontend/src/lib/optimization/advanced-memory-optimizer.ts(1258,78): error TS1005: ';' expected.
sveltekit-frontend/src/lib/optimization/advanced-memory-optimizer.ts(1258,79): error TS1005: ')' expected.
sveltekit-frontend/src/lib/optimization/advanced-memory-optimizer.ts(1271,9): error TS1434: Unexpected keyword or identifier.
sveltekit-frontend/src/lib/optimization/advanced-memory-optimizer.ts(1271,12): error TS1068: Unexpected token. A constructor, method, accessor, or property was expected.
sveltekit-frontend/src/lib/optimization/advanced-memory-optimizer.ts(1277,9): error TS1068: Unexpected token. A constructor, method, accessor, or property was expected.
sveltekit-frontend/src/lib/optimization/advanced-memory-optimizer.ts(1278,7): error TS1128: Declaration or statement expected.
sveltekit-frontend/src/lib/optimization/advanced-memory-optimizer.ts(1278,8): error TS1128: Declaration or statement expected.
sveltekit-frontend/src/lib/optimization/advanced-memory-optimizer.ts(1279,5): error TS1128: Declaration or statement expected.
sveltekit-frontend/src/lib/optimization/advanced-memory-optimizer.ts(1294,3): error TS1128: Declaration or statement expected.
sveltekit-frontend/src/lib/optimization/advanced-memory-optimizer.ts(1298,3): error TS1128: Declaration or statement expected.
sveltekit-frontend/src/lib/optimization/advanced-memory-optimizer.ts(1298,11): error TS1434: Unexpected keyword or identifier.
sveltekit-frontend/src/lib/optimization/advanced-memory-optimizer.ts(1299,13): error TS1135: Argument expression expected.
sveltekit-frontend/src/lib/optimization/advanced-memory-optimizer.ts(1299,22): error TS1005: ')' expected.
sveltekit-frontend/src/lib/optimization/advanced-memory-optimizer.ts(1300,3): error TS1128: Declaration or statement expected.
sveltekit-frontend/src/lib/optimization/advanced-memory-optimizer.ts(1300,4): error TS1128: Declaration or statement expected.
sveltekit-frontend/src/lib/optimization/advanced-memory-optimizer.ts(1303,11): error TS1005: ':' expected.
sveltekit-frontend/src/lib/optimization/advanced-memory-optimizer.ts(1303,28): error TS1005: ':' expected.
sveltekit-frontend/src/lib/optimization/advanced-memory-optimizer.ts(1304,11): error TS1005: ':' expected.
sveltekit-frontend/src/lib/optimization/advanced-memory-optimizer.ts(1304,51): error TS1005: ',' expected.
sveltekit-frontend/src/lib/optimization/advanced-memory-optimizer.ts(1306,11): error TS1005: ':' expected.
sveltekit-frontend/src/lib/optimization/advanced-memory-optimizer.ts(1306,42): error TS1005: ',' expected.
sveltekit-frontend/src/lib/optimization/advanced-memory-optimizer.ts(1307,14): error TS1005: ',' expected.
sveltekit-frontend/src/lib/optimization/advanced-memory-optimizer.ts(1307,17): error TS1109: Expression expected.
sveltekit-frontend/src/lib/optimization/advanced-memory-optimizer.ts(1307,19): error TS1003: Identifier expected.
sveltekit-frontend/src/lib/optimization/advanced-memory-optimizer.ts(1307,20): error TS1138: Parameter declaration expected.
sveltekit-frontend/src/lib/optimization/advanced-memory-optimizer.ts(1307,21): error TS1138: Parameter declaration expected.
sveltekit-frontend/src/lib/optimization/advanced-memory-optimizer.ts(1307,25): error TS1005: ',' expected.
sveltekit-frontend/src/lib/optimization/advanced-memory-optimizer.ts(1307,39): error TS1005: ',' expected.
sveltekit-frontend/src/lib/optimization/advanced-memory-optimizer.ts(1307,42): error TS1005: ',' expected.
sveltekit-frontend/src/lib/optimization/advanced-memory-optimizer.ts(1307,44): error TS1005: ';' expected.
sveltekit-frontend/src/lib/optimization/advanced-memory-optimizer.ts(1311,3): error TS1128: Declaration or statement expected.
sveltekit-frontend/src/lib/optimization/advanced-memory-optimizer.ts(1315,3): error TS1128: Declaration or statement expected.
sveltekit-frontend/src/lib/optimization/advanced-memory-optimizer.ts(1315,41): error TS1135: Argument expression expected.
sveltekit-frontend/src/lib/optimization/advanced-memory-optimizer.ts(1315,63): error TS1005: ';' expected.
sveltekit-frontend/src/lib/optimization/advanced-memory-optimizer.ts(1315,65): error TS1434: Unexpected keyword or identifier.
sveltekit-frontend/src/lib/optimization/advanced-memory-optimizer.ts(1318,68): error TS1005: ')' expected.
sveltekit-frontend/src/lib/optimization/advanced-memory-optimizer.ts(1319,70): error TS1005: ')' expected.
sveltekit-frontend/src/lib/optimization/advanced-memory-optimizer.ts(1338,3): error TS1128: Declaration or statement expected.
sveltekit-frontend/src/lib/optimization/advanced-memory-optimizer.ts(1338,26): error TS1135: Argument expression expected.
sveltekit-frontend/src/lib/optimization/advanced-memory-optimizer.ts(1338,35): error TS1005: ';' expected.
sveltekit-frontend/src/lib/optimization/advanced-memory-optimizer.ts(1338,37): error TS1434: Unexpected keyword or identifier.
sveltekit-frontend/src/lib/optimization/advanced-memory-optimizer.ts(1347,1): error TS1128: Declaration or statement expected.
sveltekit-frontend/src/lib/optimization/comprehensive-orchestrator.ts(10,17): error TS1005: ',' expected.
sveltekit-frontend/src/lib/optimization/comprehensive-orchestrator.ts(16,17): error TS1005: ',' expected.
sveltekit-frontend/src/lib/optimization/enhanced-vscode-extension-manager.ts(16,1): error TS1128: Declaration or statement expected.
sveltekit-frontend/src/lib/optimization/enhanced-vscode-extension-manager.ts(30,1): error TS1128: Declaration or statement expected.
sveltekit-frontend/src/lib/optimization/enhanced-vscode-extension-manager.ts(85,5): error TS1131: Property or signature expected.
sveltekit-frontend/src/lib/optimization/enhanced-vscode-extension-manager.ts(86,5): error TS1068: Unexpected token. A constructor, method, accessor, or property was expected.
sveltekit-frontend/src/lib/optimization/enhanced-vscode-extension-manager.ts(115,3): error TS1128: Declaration or statement expected.
sveltekit-frontend/src/lib/optimization/enhanced-vscode-extension-manager.ts(116,3): error TS1128: Declaration or statement expected.
sveltekit-frontend/src/lib/optimization/enhanced-vscode-extension-manager.ts(116,34): error TS1005: ',' expected.
sveltekit-frontend/src/lib/optimization/enhanced-vscode-extension-manager.ts(116,51): error TS1005: ',' expected.
sveltekit-frontend/src/lib/optimization/enhanced-vscode-extension-manager.ts(116,68): error TS1005: ';' expected.
sveltekit-frontend/src/lib/optimization/enhanced-vscode-extension-manager.ts(117,9): error TS1003: Identifier expected.
sveltekit-frontend/src/lib/optimization/enhanced-vscode-extension-manager.ts(117,14): error TS1005: ',' expected.
sveltekit-frontend/src/lib/optimization/enhanced-vscode-extension-manager.ts(117,37): error TS1005: ',' expected.
sveltekit-frontend/src/lib/optimization/enhanced-vscode-extension-manager.ts(117,39): error TS1136: Property assignment expected.
sveltekit-frontend/src/lib/optimization/enhanced-vscode-extension-manager.ts(121,3): error TS1128: Declaration or statement expected.
sveltekit-frontend/src/lib/optimization/enhanced-vscode-extension-manager.ts(122,24): error TS1109: Expression expected.
sveltekit-frontend/src/lib/optimization/enhanced-vscode-extension-manager.ts(122,33): error TS1005: ';' expected.
sveltekit-frontend/src/lib/optimization/enhanced-vscode-extension-manager.ts(122,50): error TS1011: An element access expression should take an argument.
sveltekit-frontend/src/lib/optimization/enhanced-vscode-extension-manager.ts(122,52): error TS1005: ';' expected.
sveltekit-frontend/src/lib/optimization/enhanced-vscode-extension-manager.ts(128,1): error TS1128: Declaration or statement expected.
sveltekit-frontend/src/lib/optimization/index.ts(25,17): error TS1005: ',' expected.
sveltekit-frontend/src/lib/optimization/index.ts(33,17): error TS1005: ',' expected.
sveltekit-frontend/src/lib/optimization/index.ts(41,17): error TS1005: ',' expected.
sveltekit-frontend/src/lib/optimization/index.ts(50,17): error TS1005: ',' expected.
sveltekit-frontend/src/lib/optimization/index.ts(59,17): error TS1005: ',' expected.
sveltekit-frontend/src/lib/optimization/index.ts(63,1): error TS1128: Declaration or statement expected.
sveltekit-frontend/src/lib/optimization/index.ts(209,1): error TS1128: Declaration or statement expected.
sveltekit-frontend/src/lib/optimization/index.ts(334,38): error TS1136: Property assignment expected.
sveltekit-frontend/src/lib/optimization/index.ts(350,24): error TS1136: Property assignment expected.
sveltekit-frontend/src/lib/optimization/index.ts(362,35): error TS1136: Property assignment expected.
sveltekit-frontend/src/lib/optimization/index.ts(601,39): error TS1109: Expression expected.
sveltekit-frontend/src/lib/optimization/index.ts(601,48): error TS1005: ',' expected.
sveltekit-frontend/src/lib/optimization/index.ts(601,49): error TS1136: Property assignment expected.
sveltekit-frontend/src/lib/optimization/index.ts(716,44): error TS1110: Type expected.
sveltekit-frontend/src/lib/optimization/index.ts(716,46): error TS1005: '>' expected.
sveltekit-frontend/src/lib/optimization/index.ts(741,40): error TS1110: Type expected.
sveltekit-frontend/src/lib/optimization/index.ts(741,42): error TS1005: '>' expected.
sveltekit-frontend/src/lib/optimization/index.ts(755,40): error TS1110: Type expected.
sveltekit-frontend/src/lib/optimization/index.ts(755,42): error TS1005: '>' expected.
sveltekit-frontend/src/lib/optimization/index.ts(771,43): error TS1110: Type expected.
sveltekit-frontend/src/lib/optimization/index.ts(771,45): error TS1005: '>' expected.
sveltekit-frontend/src/lib/optimization/optimization-test-suite.ts(65,34): error TS1136: Property assignment expected.
sveltekit-frontend/src/lib/optimization/optimization-test-suite.ts(303,11): error TS1135: Argument expression expected.
sveltekit-frontend/src/lib/optimization/optimization-test-suite.ts(390,122): error TS1109: Expression expected.
sveltekit-frontend/src/lib/optimization/optimization-test-suite.ts(390,131): error TS1005: ',' expected.
sveltekit-frontend/src/lib/optimization/optimization-test-suite.ts(390,132): error TS1136: Property assignment expected.
sveltekit-frontend/src/lib/optimization/optimization-test-suite.ts(390,155): error TS1005: ']' expected.
sveltekit-frontend/src/lib/optimization/optimization-test-suite.ts(390,164): error TS1005: ',' expected.
sveltekit-frontend/src/lib/optimization/optimization-test-suite.ts(390,165): error TS1136: Property assignment expected.
sveltekit-frontend/src/lib/optimization/optimization-test-suite.ts(422,123): error TS1109: Expression expected.
sveltekit-frontend/src/lib/optimization/optimization-test-suite.ts(422,132): error TS1005: ',' expected.
sveltekit-frontend/src/lib/optimization/optimization-test-suite.ts(422,133): error TS1136: Property assignment expected.
sveltekit-frontend/src/lib/optimization/optimization-test-suite.ts(422,156): error TS1005: ']' expected.
sveltekit-frontend/src/lib/optimization/optimization-test-suite.ts(422,165): error TS1005: ',' expected.
sveltekit-frontend/src/lib/optimization/optimization-test-suite.ts(422,166): error TS1136: Property assignment expected.
sveltekit-frontend/src/lib/optimization/optimization-test-suite.ts(455,45): error TS1005: ',' expected.
sveltekit-frontend/src/lib/optimization/optimization-test-suite.ts(635,93): error TS1005: ')' expected.
sveltekit-frontend/src/lib/optimization/optimization-test-suite.ts(646,54): error TS1005: ')' expected.
sveltekit-frontend/src/lib/optimization/optimization-test-suite.ts(648,54): error TS1005: ')' expected.
sveltekit-frontend/src/lib/optimization/optimization-test-suite.ts(650,54): error TS1005: ')' expected.
sveltekit-frontend/src/lib/optimization/optimization-test-suite.ts(652,56): error TS1005: ')' expected.
sveltekit-frontend/src/lib/optimization/optimization-test-suite.ts(654,58): error TS1005: ')' expected.
sveltekit-frontend/src/lib/optimization/optimization-test-suite.ts(686,115): error TS1005: ',' expected.
sveltekit-frontend/src/lib/optimization/redis-som-cache.ts(43,23): error TS1005: ',' expected.
sveltekit-frontend/src/lib/optimization/redis-som-cache.ts(54,59): error TS1109: Expression expected.
sveltekit-frontend/src/lib/optimization/redis-som-cache.ts(97,103): error TS1005: ')' expected.
sveltekit-frontend/src/lib/optimization/redis-som-cache.ts(239,55): error TS1005: ')' expected.
sveltekit-frontend/src/lib/optimization/redis-som-cache.ts(329,5): error TS1005: ',' expected.
sveltekit-frontend/src/lib/optimization/redis-som-cache.ts(329,15): error TS1005: ',' expected.
sveltekit-frontend/src/lib/optimization/redis-som-cache.ts(416,50): error TS1005: ')' expected.
sveltekit-frontend/src/lib/optimization/redis-som-cache.ts(418,58): error TS1005: ')' expected.
sveltekit-frontend/src/lib/optimization/redis-som-cache.ts(419,58): error TS1005: ')' expected.
sveltekit-frontend/src/lib/optimization/redis-som-cache.ts(429,52): error TS1005: ')' expected.
sveltekit-frontend/src/lib/optimization/redis-som-cache.ts(464,57): error TS1005: ')' expected.
sveltekit-frontend/src/lib/optimization/redis-som-cache.ts(468,19): error TS1005: ')' expected.
sveltekit-frontend/src/lib/optimization/redis-som-cache.ts(515,7): error TS1005: ')' expected.
sveltekit-frontend/src/lib/optimization/redis-som-cache.ts(521,19): error TS1005: ',' expected.
sveltekit-frontend/src/lib/orchestration/optimized-rabbitmq-orchestrator.ts(9,1): error TS1128: Declaration or statement expected.
sveltekit-frontend/src/lib/orchestration/optimized-rabbitmq-orchestrator.ts(44,1): error TS1128: Declaration or statement expected.
sveltekit-frontend/src/lib/orchestration/optimized-rabbitmq-orchestrator.ts(346,71): error TS1005: ')' expected.
sveltekit-frontend/src/lib/orchestration/optimized-rabbitmq-orchestrator.ts(462,83): error TS1005: ')' expected.
sveltekit-frontend/src/lib/orchestration/optimized-rabbitmq-orchestrator.ts(463,74): error TS1005: ')' expected.
sveltekit-frontend/src/lib/orchestration/optimized-rabbitmq-orchestrator.ts(464,80): error TS1005: ')' expected.
sveltekit-frontend/src/lib/orchestration/optimized-rabbitmq-orchestrator.ts(465,78): error TS1005: ')' expected.
sveltekit-frontend/src/lib/orchestration/optimized-rabbitmq-orchestrator.ts(466,76): error TS1005: ')' expected.
sveltekit-frontend/src/lib/orchestration/optimized-rabbitmq-orchestrator.ts(467,64): error TS1005: ')' expected.
sveltekit-frontend/src/lib/orchestration/optimized-rabbitmq-orchestrator.ts(468,60): error TS1005: ')' expected.
sveltekit-frontend/src/lib/orchestration/optimized-rabbitmq-orchestrator.ts(469,74): error TS1005: ')' expected.
sveltekit-frontend/src/lib/orchestration/optimized-rabbitmq-orchestrator.ts(470,74): error TS1005: ')' expected.
sveltekit-frontend/src/lib/orchestration/optimized-rabbitmq-orchestrator.ts(471,84): error TS1005: ')' expected.
sveltekit-frontend/src/lib/orchestration/optimized-rabbitmq-orchestrator.ts(472,84): error TS1005: ')' expected.
sveltekit-frontend/src/lib/orchestration/optimized-rabbitmq-orchestrator.ts(473,76): error TS1005: ')' expected.
sveltekit-frontend/src/lib/orchestration/optimized-rabbitmq-orchestrator.ts(474,72): error TS1005: ')' expected.
sveltekit-frontend/src/lib/orchestration/optimized-rabbitmq-orchestrator.ts(475,72): error TS1005: ')' expected.
sveltekit-frontend/src/lib/orchestration/optimized-rabbitmq-orchestrator.ts(476,90): error TS1005: ')' expected.
sveltekit-frontend/src/lib/orchestration/optimized-rabbitmq-orchestrator.ts(685,61): error TS1005: ')' expected.
sveltekit-frontend/src/lib/orchestration/optimized-rabbitmq-orchestrator.ts(698,61): error TS1005: ')' expected.
sveltekit-frontend/src/lib/orchestration/optimized-rabbitmq-orchestrator.ts(714,60): error TS1005: ')' expected.
sveltekit-frontend/src/lib/orchestration/optimized-rabbitmq-orchestrator.ts(727,61): error TS1005: ')' expected.
sveltekit-frontend/src/lib/orchestration/optimized-rabbitmq-orchestrator.ts(740,61): error TS1005: ')' expected.
sveltekit-frontend/src/lib/orchestration/optimized-rabbitmq-orchestrator.ts(747,61): error TS1005: ')' expected.
sveltekit-frontend/src/lib/orchestration/optimized-rabbitmq-orchestrator.ts(754,61): error TS1005: ')' expected.
sveltekit-frontend/src/lib/orchestration/optimized-rabbitmq-orchestrator.ts(761,61): error TS1005: ')' expected.
sveltekit-frontend/src/lib/orchestration/optimized-rabbitmq-orchestrator.ts(762,71): error TS1109: Expression expected.
sveltekit-frontend/src/lib/orchestration/optimized-rabbitmq-orchestrator.ts(762,80): error TS1005: ',' expected.
sveltekit-frontend/src/lib/orchestration/optimized-rabbitmq-orchestrator.ts(762,81): error TS1136: Property assignment expected.
sveltekit-frontend/src/lib/orchestration/optimized-rabbitmq-orchestrator.ts(768,61): error TS1005: ')' expected.
sveltekit-frontend/src/lib/orchestration/optimized-rabbitmq-orchestrator.ts(775,61): error TS1005: ')' expected.
sveltekit-frontend/src/lib/orchestration/optimized-rabbitmq-orchestrator.ts(782,60): error TS1005: ')' expected.
sveltekit-frontend/src/lib/orchestration/optimized-rabbitmq-orchestrator.ts(789,60): error TS1005: ')' expected.
sveltekit-frontend/src/lib/orchestration/optimized-rabbitmq-orchestrator.ts(796,61): error TS1005: ')' expected.
sveltekit-frontend/src/lib/orchestration/optimized-rabbitmq-orchestrator.ts(803,60): error TS1005: ')' expected.
sveltekit-frontend/src/lib/orchestration/optimized-rabbitmq-orchestrator.ts(810,60): error TS1005: ')' expected.
sveltekit-frontend/src/lib/orchestration/qlora-ollama-orchestrator.ts(173,80): error TS1005: ')' expected.
sveltekit-frontend/src/lib/orchestration/qlora-ollama-orchestrator.ts(179,83): error TS1005: ')' expected.
sveltekit-frontend/src/lib/orchestration/qlora-ollama-orchestrator.ts(250,62): error TS1005: ')' expected.
sveltekit-frontend/src/lib/orchestration/qlora-ollama-orchestrator.ts(283,23): error TS1005: ',' expected.
sveltekit-frontend/src/lib/orchestration/qlora-ollama-orchestrator.ts(537,25): error TS1136: Property assignment expected.
sveltekit-frontend/src/lib/orchestration/qlora-ollama-orchestrator.ts(538,16): error TS1137: Expression or comma expected.
sveltekit-frontend/src/lib/orchestration/qlora-ollama-orchestrator.ts(539,17): error TS1137: Expression or comma expected.
sveltekit-frontend/src/lib/orchestration/qlora-ollama-orchestrator.ts(540,16): error TS1137: Expression or comma expected.
sveltekit-frontend/src/lib/orchestration/qlora-ollama-orchestrator.ts(541,16): error TS1137: Expression or comma expected.
sveltekit-frontend/src/lib/orchestration/qlora-ollama-orchestrator.ts(542,24): error TS1137: Expression or comma expected.
sveltekit-frontend/src/lib/orchestration/qlora-ollama-orchestrator.ts(543,22): error TS1137: Expression or comma expected.
sveltekit-frontend/src/lib/orchestration/qlora-ollama-orchestrator.ts(544,17): error TS1137: Expression or comma expected.
sveltekit-frontend/src/lib/orchestration/qlora-ollama-orchestrator.ts(545,7): error TS1005: ',' expected.
sveltekit-frontend/src/lib/orchestration/qlora-ollama-orchestrator.ts(545,9): error TS1109: Expression expected.
sveltekit-frontend/src/lib/orchestration/qlora-ollama-orchestrator.ts(545,10): error TS1128: Declaration or statement expected.
sveltekit-frontend/src/lib/orchestration/qlora-ollama-orchestrator.ts(553,11): error TS1005: ':' expected.
sveltekit-frontend/src/lib/orchestration/qlora-ollama-orchestrator.ts(553,71): error TS1005: ',' expected.
sveltekit-frontend/src/lib/orchestration/qlora-ollama-orchestrator.ts(554,11): error TS1005: ':' expected.
sveltekit-frontend/src/lib/orchestration/qlora-ollama-orchestrator.ts(555,90): error TS1005: ',' expected.
sveltekit-frontend/src/lib/orchestration/qlora-ollama-orchestrator.ts(556,12): error TS1005: ':' expected.
sveltekit-frontend/src/lib/orchestration/qlora-ollama-orchestrator.ts(564,1): error TS1128: Declaration or statement expected.
sveltekit-frontend/src/lib/parsers/simd-json-parser.ts(6,1): error TS1128: Declaration or statement expected.
sveltekit-frontend/src/lib/parsers/simd-json-parser.ts(71,26): error TS1005: ',' expected.
sveltekit-frontend/src/lib/parsers/simd-json-parser.ts(76,77): error TS1005: ')' expected.
sveltekit-frontend/src/lib/parsers/simd-json-parser.ts(120,23): error TS1005: ',' expected.
sveltekit-frontend/src/lib/parsers/simd-json-parser.ts(165,25): error TS1005: ',' expected.
sveltekit-frontend/src/lib/parsers/simd-json-parser.ts(244,28): error TS1005: ',' expected.
sveltekit-frontend/src/lib/parsers/simd-json-parser.ts(252,62): error TS1005: ')' expected.
sveltekit-frontend/src/lib/parsers/simd-json-parser.ts(282,29): error TS1005: ';' expected.
sveltekit-frontend/src/lib/parsers/simd-json-parser.ts(290,22): error TS1005: ';' expected.
sveltekit-frontend/src/lib/parsers/simd-json-parser.ts(309,54): error TS1005: ')' expected.
sveltekit-frontend/src/lib/parsers/simd-json-parser.ts(318,23): error TS1005: ',' expected.
sveltekit-frontend/src/lib/parsers/simd-json-parser.ts(332,22): error TS1005: ',' expected.
sveltekit-frontend/src/lib/performance/optimizations.ts(67,84): error TS1005: ')' expected.
sveltekit-frontend/src/lib/phase14/server/queues/logWorker.ts(24,29): error TS1136: Property assignment expected.
sveltekit-frontend/src/lib/phase14/server/queues/logWorker.ts(25,30): error TS1005: ',' expected.
sveltekit-frontend/src/lib/phase14/server/workers/logWorker.ts(18,19): error TS1005: ',' expected.
sveltekit-frontend/src/lib/phase14/services/bullmqService.ts(357,39): error TS1138: Parameter declaration expected.
sveltekit-frontend/src/lib/phase14/services/bullmqService.ts(357,44): error TS1005: ',' expected.
sveltekit-frontend/src/lib/phase14/services/bullmqService.ts(357,58): error TS1005: ',' expected.
sveltekit-frontend/src/lib/phase14/services/bullmqService.ts(357,59): error TS1109: Expression expected.
sveltekit-frontend/src/lib/phase14/services/bullmqService.ts(357,60): error TS1128: Declaration or statement expected.
sveltekit-frontend/src/lib/phase14/services/bullmqService.ts(358,11): error TS1005: ':' expected.
sveltekit-frontend/src/lib/phase14/services/bullmqService.ts(358,33): error TS1005: ',' expected.
sveltekit-frontend/src/lib/phase14/services/bullmqService.ts(359,11): error TS1005: ':' expected.
sveltekit-frontend/src/lib/phase14/services/bullmqService.ts(359,67): error TS1005: ',' expected.
sveltekit-frontend/src/lib/phase14/services/bullmqService.ts(359,69): error TS1005: ',' expected.
sveltekit-frontend/src/lib/phase14/services/bullmqService.ts(360,9): error TS1005: ':' expected.
sveltekit-frontend/src/lib/phase14/services/bullmqService.ts(361,13): error TS1005: ',' expected.
sveltekit-frontend/src/lib/phase14/services/bullmqService.ts(361,17): error TS1005: ',' expected.
sveltekit-frontend/src/lib/phase14/services/bullmqService.ts(361,37): error TS1005: ',' expected.
sveltekit-frontend/src/lib/phase14/services/bullmqService.ts(364,13): error TS1005: ':' expected.
sveltekit-frontend/src/lib/phase14/services/bullmqService.ts(365,7): error TS1005: ',' expected.
sveltekit-frontend/src/lib/phase14/services/bullmqService.ts(365,13): error TS1005: ',' expected.
sveltekit-frontend/src/lib/phase14/services/bullmqService.ts(365,17): error TS1005: ',' expected.
sveltekit-frontend/src/lib/phase14/services/bullmqService.ts(365,37): error TS1005: ',' expected.
sveltekit-frontend/src/lib/phase14/services/bullmqService.ts(378,13): error TS1005: ',' expected.
sveltekit-frontend/src/lib/phase14/services/bullmqService.ts(378,17): error TS1005: ',' expected.
sveltekit-frontend/src/lib/phase14/services/bullmqService.ts(378,38): error TS1005: ',' expected.
sveltekit-frontend/src/lib/phase14/services/bullmqService.ts(379,14): error TS1005: ':' expected.
sveltekit-frontend/src/lib/phase14/services/bullmqService.ts(380,22): error TS1005: ',' expected.
sveltekit-frontend/src/lib/phase14/services/bullmqService.ts(384,7): error TS1005: ',' expected.
sveltekit-frontend/src/lib/phase14/services/bullmqService.ts(386,23): error TS1005: ',' expected.
sveltekit-frontend/src/lib/phase14/services/bullmqService.ts(395,3): error TS1128: Declaration or statement expected.
sveltekit-frontend/src/lib/phase14/services/bullmqService.ts(395,11): error TS1434: Unexpected keyword or identifier.
sveltekit-frontend/src/lib/phase14/services/bullmqService.ts(395,45): error TS1135: Argument expression expected.
sveltekit-frontend/src/lib/phase14/services/bullmqService.ts(395,70): error TS1005: ';' expected.
sveltekit-frontend/src/lib/phase14/services/bullmqService.ts(396,11): error TS1005: ':' expected.
sveltekit-frontend/src/lib/phase14/services/bullmqService.ts(396,33): error TS1005: ',' expected.
sveltekit-frontend/src/lib/phase14/services/bullmqService.ts(397,11): error TS1005: ':' expected.
sveltekit-frontend/src/lib/phase14/services/bullmqService.ts(397,47): error TS1005: ',' expected.
sveltekit-frontend/src/lib/phase14/services/bullmqService.ts(397,49): error TS1005: ',' expected.
sveltekit-frontend/src/lib/phase14/services/bullmqService.ts(398,9): error TS1005: ':' expected.
sveltekit-frontend/src/lib/phase14/services/bullmqService.ts(399,13): error TS1005: ',' expected.
sveltekit-frontend/src/lib/phase14/services/bullmqService.ts(399,17): error TS1005: ',' expected.
sveltekit-frontend/src/lib/phase14/services/bullmqService.ts(399,37): error TS1005: ',' expected.
sveltekit-frontend/src/lib/phase14/services/bullmqService.ts(402,13): error TS1005: ':' expected.
sveltekit-frontend/src/lib/phase14/services/bullmqService.ts(403,7): error TS1005: ',' expected.
sveltekit-frontend/src/lib/phase14/services/bullmqService.ts(403,13): error TS1005: ',' expected.
sveltekit-frontend/src/lib/phase14/services/bullmqService.ts(403,17): error TS1005: ',' expected.
sveltekit-frontend/src/lib/phase14/services/bullmqService.ts(403,37): error TS1005: ',' expected.
sveltekit-frontend/src/lib/phase14/services/bullmqService.ts(417,13): error TS1005: ',' expected.
sveltekit-frontend/src/lib/phase14/services/bullmqService.ts(417,17): error TS1005: ',' expected.
sveltekit-frontend/src/lib/phase14/services/bullmqService.ts(417,38): error TS1005: ',' expected.
sveltekit-frontend/src/lib/phase14/services/bullmqService.ts(418,14): error TS1005: ':' expected.
sveltekit-frontend/src/lib/phase14/services/bullmqService.ts(419,22): error TS1005: ',' expected.
sveltekit-frontend/src/lib/phase14/services/bullmqService.ts(423,7): error TS1005: ',' expected.
sveltekit-frontend/src/lib/phase14/services/bullmqService.ts(425,23): error TS1005: ',' expected.
sveltekit-frontend/src/lib/phase14/services/bullmqService.ts(434,3): error TS1128: Declaration or statement expected.
sveltekit-frontend/src/lib/phase14/services/bullmqService.ts(434,11): error TS1434: Unexpected keyword or identifier.
sveltekit-frontend/src/lib/phase14/services/bullmqService.ts(434,37): error TS1135: Argument expression expected.
sveltekit-frontend/src/lib/phase14/services/bullmqService.ts(434,65): error TS1005: ';' expected.
sveltekit-frontend/src/lib/phase14/services/bullmqService.ts(435,11): error TS1005: ':' expected.
sveltekit-frontend/src/lib/phase14/services/bullmqService.ts(435,33): error TS1005: ',' expected.
sveltekit-frontend/src/lib/phase14/services/bullmqService.ts(436,11): error TS1005: ':' expected.
sveltekit-frontend/src/lib/phase14/services/bullmqService.ts(436,47): error TS1005: ',' expected.
sveltekit-frontend/src/lib/phase14/services/bullmqService.ts(436,49): error TS1005: ',' expected.
sveltekit-frontend/src/lib/phase14/services/bullmqService.ts(437,9): error TS1005: ':' expected.
sveltekit-frontend/src/lib/phase14/services/bullmqService.ts(438,13): error TS1005: ',' expected.
sveltekit-frontend/src/lib/phase14/services/bullmqService.ts(438,17): error TS1005: ',' expected.
sveltekit-frontend/src/lib/phase14/services/bullmqService.ts(438,37): error TS1005: ',' expected.
sveltekit-frontend/src/lib/phase14/services/bullmqService.ts(441,13): error TS1005: ':' expected.
sveltekit-frontend/src/lib/phase14/services/bullmqService.ts(441,31): error TS1109: Expression expected.
sveltekit-frontend/src/lib/phase14/services/bullmqService.ts(441,34): error TS1005: ':' expected.
sveltekit-frontend/src/lib/phase14/services/bullmqService.ts(442,13): error TS1005: ',' expected.
sveltekit-frontend/src/lib/phase14/services/bullmqService.ts(442,17): error TS1005: ',' expected.
sveltekit-frontend/src/lib/phase14/services/bullmqService.ts(442,38): error TS1005: ',' expected.
sveltekit-frontend/src/lib/phase14/services/bullmqService.ts(443,14): error TS1005: ':' expected.
sveltekit-frontend/src/lib/phase14/services/bullmqService.ts(444,22): error TS1005: ',' expected.
sveltekit-frontend/src/lib/phase14/services/bullmqService.ts(448,7): error TS1005: ',' expected.
sveltekit-frontend/src/lib/phase14/services/bullmqService.ts(450,23): error TS1005: ',' expected.
sveltekit-frontend/src/lib/phase14/services/bullmqService.ts(459,3): error TS1434: Unexpected keyword or identifier.
sveltekit-frontend/src/lib/phase14/services/bullmqService.ts(459,32): error TS1135: Argument expression expected.
sveltekit-frontend/src/lib/phase14/services/bullmqService.ts(459,48): error TS1005: ',' expected.
sveltekit-frontend/src/lib/phase14/services/bullmqService.ts(459,58): error TS1005: ';' expected.
sveltekit-frontend/src/lib/phase14/services/bullmqService.ts(460,11): error TS1005: ':' expected.
sveltekit-frontend/src/lib/phase14/services/bullmqService.ts(460,45): error TS1005: ',' expected.
sveltekit-frontend/src/lib/phase14/services/bullmqService.ts(461,9): error TS1003: Identifier expected.
sveltekit-frontend/src/lib/phase14/services/bullmqService.ts(461,16): error TS1005: '{' expected.
sveltekit-frontend/src/lib/phase14/services/bullmqService.ts(461,25): error TS1005: ':' expected.
sveltekit-frontend/src/lib/phase14/services/bullmqService.ts(461,30): error TS1005: ',' expected.
sveltekit-frontend/src/lib/phase14/services/bullmqService.ts(462,12): error TS1005: ':' expected.
sveltekit-frontend/src/lib/phase14/services/bullmqService.ts(462,31): error TS1005: ',' expected.
sveltekit-frontend/src/lib/phase14/services/bullmqService.ts(467,3): error TS1434: Unexpected keyword or identifier.
sveltekit-frontend/src/lib/phase14/services/bullmqService.ts(467,33): error TS1135: Argument expression expected.
sveltekit-frontend/src/lib/phase14/services/bullmqService.ts(467,42): error TS1005: ';' expected.
sveltekit-frontend/src/lib/phase14/services/bullmqService.ts(468,11): error TS1005: ':' expected.
sveltekit-frontend/src/lib/phase14/services/bullmqService.ts(468,45): error TS1005: ',' expected.
sveltekit-frontend/src/lib/phase14/services/bullmqService.ts(469,9): error TS1003: Identifier expected.
sveltekit-frontend/src/lib/phase14/services/bullmqService.ts(469,16): error TS1005: '{' expected.
sveltekit-frontend/src/lib/phase14/services/bullmqService.ts(469,23): error TS1005: ':' expected.
sveltekit-frontend/src/lib/phase14/services/bullmqService.ts(469,29): error TS1005: ':' expected.
sveltekit-frontend/src/lib/phase14/services/bullmqService.ts(469,67): error TS1005: ',' expected.
sveltekit-frontend/src/lib/phase14/services/bullmqService.ts(470,12): error TS1005: ':' expected.
sveltekit-frontend/src/lib/phase14/services/bullmqService.ts(481,3): error TS1434: Unexpected keyword or identifier.
sveltekit-frontend/src/lib/phase14/services/bullmqService.ts(481,28): error TS1109: Expression expected.
sveltekit-frontend/src/lib/phase14/services/bullmqService.ts(482,11): error TS1005: ':' expected.
sveltekit-frontend/src/lib/phase14/services/bullmqService.ts(482,26): error TS1005: ']' expected.
sveltekit-frontend/src/lib/phase14/services/bullmqService.ts(482,35): error TS1005: ',' expected.
sveltekit-frontend/src/lib/phase14/services/bullmqService.ts(482,36): error TS1136: Property assignment expected.
sveltekit-frontend/src/lib/phase14/services/bullmqService.ts(483,5): error TS1005: ',' expected.
sveltekit-frontend/src/lib/phase14/services/bullmqService.ts(483,10): error TS1359: Identifier expected. 'const' is a reserved word that cannot be used here.
sveltekit-frontend/src/lib/phase14/services/bullmqService.ts(483,16): error TS1005: ',' expected.
sveltekit-frontend/src/lib/phase14/services/bullmqService.ts(483,26): error TS1005: ',' expected.
sveltekit-frontend/src/lib/phase14/services/bullmqService.ts(483,29): error TS1005: ',' expected.
sveltekit-frontend/src/lib/phase14/services/bullmqService.ts(483,35): error TS1005: ',' expected.
sveltekit-frontend/src/lib/phase14/services/bullmqService.ts(483,64): error TS1005: ',' expected.
sveltekit-frontend/src/lib/phase14/services/bullmqService.ts(483,66): error TS1136: Property assignment expected.
sveltekit-frontend/src/lib/phase14/services/bullmqService.ts(491,3): error TS1128: Declaration or statement expected.
sveltekit-frontend/src/lib/phase14/services/bullmqService.ts(495,3): error TS1434: Unexpected keyword or identifier.
sveltekit-frontend/src/lib/phase14/services/bullmqService.ts(495,17): error TS1109: Expression expected.
sveltekit-frontend/src/lib/phase14/services/bullmqService.ts(495,31): error TS1109: Expression expected.
sveltekit-frontend/src/lib/phase14/services/bullmqService.ts(497,11): error TS1005: ',' expected.
sveltekit-frontend/src/lib/phase14/services/bullmqService.ts(497,19): error TS1005: ',' expected.
sveltekit-frontend/src/lib/phase14/services/bullmqService.ts(498,13): error TS1003: Identifier expected.
sveltekit-frontend/src/lib/phase14/services/bullmqService.ts(499,6): error TS1005: ',' expected.
sveltekit-frontend/src/lib/phase14/services/bullmqService.ts(501,11): error TS1005: ',' expected.
sveltekit-frontend/src/lib/phase14/services/bullmqService.ts(501,19): error TS1005: ',' expected.
sveltekit-frontend/src/lib/phase14/services/bullmqService.ts(502,13): error TS1003: Identifier expected.
sveltekit-frontend/src/lib/phase14/services/bullmqService.ts(503,6): error TS1005: ',' expected.
sveltekit-frontend/src/lib/phase14/services/bullmqService.ts(505,11): error TS1005: ',' expected.
sveltekit-frontend/src/lib/phase14/services/bullmqService.ts(505,19): error TS1005: ',' expected.
sveltekit-frontend/src/lib/phase14/services/bullmqService.ts(506,13): error TS1003: Identifier expected.
sveltekit-frontend/src/lib/phase14/services/bullmqService.ts(507,6): error TS1005: ',' expected.
sveltekit-frontend/src/lib/phase14/services/bullmqService.ts(509,9): error TS1005: ':' expected.
sveltekit-frontend/src/lib/phase14/services/bullmqService.ts(510,11): error TS1003: Identifier expected.
sveltekit-frontend/src/lib/phase14/services/bullmqService.ts(510,23): error TS1433: Neither decorators nor modifiers may be applied to 'this' parameters.
sveltekit-frontend/src/lib/phase14/services/bullmqService.ts(510,31): error TS1005: ',' expected.
sveltekit-frontend/src/lib/phase14/services/bullmqService.ts(510,38): error TS1005: ',' expected.
sveltekit-frontend/src/lib/phase14/services/bullmqService.ts(512,9): error TS1109: Expression expected.
sveltekit-frontend/src/lib/phase14/services/bullmqService.ts(515,5): error TS1109: Expression expected.
sveltekit-frontend/src/lib/phase14/services/bullmqService.ts(515,7): error TS1005: 'try' expected.
sveltekit-frontend/src/lib/phase14/services/bullmqService.ts(518,3): error TS1109: Expression expected.
sveltekit-frontend/src/lib/phase14/services/bullmqService.ts(519,1): error TS1109: Expression expected.
sveltekit-frontend/src/lib/polyfills.ts(105,14): error TS1005: ',' expected.
sveltekit-frontend/src/lib/polyfills.ts(106,48): error TS1109: Expression expected.
sveltekit-frontend/src/lib/polyfills.ts(107,1): error TS1128: Declaration or statement expected.
sveltekit-frontend/src/lib/polyfills.ts(107,2): error TS1128: Declaration or statement expected.
sveltekit-frontend/src/lib/polyfills.ts(107,23): error TS1005: '(' expected.
sveltekit-frontend/src/lib/polyfills.ts(130,59): error TS1005: '?' expected.
sveltekit-frontend/src/lib/polyfills.ts(130,60): error TS1134: Variable declaration expected.
sveltekit-frontend/src/lib/polyfills.ts(130,62): error TS1109: Expression expected.
sveltekit-frontend/src/lib/polyfills.ts(131,8): error TS1109: Expression expected.
sveltekit-frontend/src/lib/polyfills.ts(133,1): error TS1128: Declaration or statement expected.
sveltekit-frontend/src/lib/polyfills.ts(133,2): error TS1128: Declaration or statement expected.
sveltekit-frontend/src/lib/polyfills.ts(133,37): error TS1109: Expression expected.
sveltekit-frontend/src/lib/polyfills.ts(133,40): error TS1005: '(' expected.
sveltekit-frontend/src/lib/polyfills.ts(141,59): error TS1005: '?' expected.
sveltekit-frontend/src/lib/polyfills.ts(141,60): error TS1134: Variable declaration expected.
sveltekit-frontend/src/lib/polyfills.ts(141,62): error TS1109: Expression expected.
sveltekit-frontend/src/lib/polyfills.ts(142,8): error TS1109: Expression expected.
sveltekit-frontend/src/lib/polyfills.ts(144,1): error TS1128: Declaration or statement expected.
sveltekit-frontend/src/lib/polyfills.ts(144,2): error TS1128: Declaration or statement expected.
sveltekit-frontend/src/lib/polyfills.ts(144,37): error TS1109: Expression expected.
sveltekit-frontend/src/lib/polyfills.ts(144,40): error TS1005: '(' expected.
sveltekit-frontend/src/lib/polyfills.ts(169,54): error TS1005: ')' expected.
sveltekit-frontend/src/lib/polyfills/sveltekit2-universal-polyfill.ts(42,19): error TS1005: ',' expected.
sveltekit-frontend/src/lib/polyfills/sveltekit2-universal-polyfill.ts(156,62): error TS1005: ')' expected.
sveltekit-frontend/src/lib/polyfills/sveltekit2-universal-polyfill.ts(198,70): error TS1005: ')' expected.
sveltekit-frontend/src/lib/polyfills/sveltekit2-universal-polyfill.ts(242,42): error TS1109: Expression expected.
sveltekit-frontend/src/lib/polyfills/sveltekit2-universal-polyfill.ts(249,55): error TS1136: Property assignment expected.
sveltekit-frontend/src/lib/polyfills/sveltekit2-universal-polyfill.ts(260,63): error TS1136: Property assignment expected.
sveltekit-frontend/src/lib/polyfills/sveltekit2-universal-polyfill.ts(265,47): error TS1136: Property assignment expected.
sveltekit-frontend/src/lib/polyfills/sveltekit2-universal-polyfill.ts(280,32): error TS1109: Expression expected.
sveltekit-frontend/src/lib/polyfills/sveltekit2-universal-polyfill.ts(280,41): error TS1005: ',' expected.
sveltekit-frontend/src/lib/polyfills/sveltekit2-universal-polyfill.ts(280,42): error TS1136: Property assignment expected.
sveltekit-frontend/src/lib/polyfills/sveltekit2-universal-polyfill.ts(285,28): error TS1109: Expression expected.
sveltekit-frontend/src/lib/polyfills/sveltekit2-universal-polyfill.ts(285,37): error TS1005: ',' expected.
sveltekit-frontend/src/lib/polyfills/sveltekit2-universal-polyfill.ts(285,38): error TS1136: Property assignment expected.
sveltekit-frontend/src/lib/polyfills/sveltekit2-universal-polyfill.ts(316,36): error TS1136: Property assignment expected.
sveltekit-frontend/src/lib/polyfills/sveltekit2-universal-polyfill.ts(401,54): error TS1005: ')' expected.
sveltekit-frontend/src/lib/polyfills/sveltekit2-universal-polyfill.ts(405,54): error TS1005: ')' expected.
sveltekit-frontend/src/lib/polyfills/sveltekit2-universal-polyfill.ts(409,54): error TS1005: ')' expected.
sveltekit-frontend/src/lib/polyfills/sveltekit2-universal-polyfill.ts(436,83): error TS1005: ',' expected.
sveltekit-frontend/src/lib/rag/demo-rag.ts(238,6): error TS1005: ')' expected.
sveltekit-frontend/src/lib/rag/query-helpers.ts(2,1): error TS1128: Declaration or statement expected.
sveltekit-frontend/src/lib/rag/query-helpers.ts(68,78): error TS1005: ')' expected.
sveltekit-frontend/src/lib/rag/query-helpers.ts(85,15): error TS1005: ',' expected.
sveltekit-frontend/src/lib/rag/query-helpers.ts(106,71): error TS1005: ')' expected.
sveltekit-frontend/src/lib/rag/som-intent.ts(3,1): error TS1128: Declaration or statement expected.
sveltekit-frontend/src/lib/rag/som-intent.ts(72,44): error TS1005: ')' expected.
sveltekit-frontend/src/lib/registry/texture-component-registry.ts(6,1): error TS1128: Declaration or statement expected.
sveltekit-frontend/src/lib/registry/texture-component-registry.ts(185,98): error TS1005: ')' expected.
sveltekit-frontend/src/lib/registry/texture-component-registry.ts(291,22): error TS1135: Argument expression expected.
sveltekit-frontend/src/lib/registry/texture-component-registry.ts(293,28): error TS1135: Argument expression expected.
sveltekit-frontend/src/lib/registry/texture-component-registry.ts(294,17): error TS1135: Argument expression expected.
sveltekit-frontend/src/lib/registry/texture-component-registry.ts(295,7): error TS1005: ',' expected.
sveltekit-frontend/src/lib/registry/texture-component-registry.ts(301,21): error TS1135: Argument expression expected.
sveltekit-frontend/src/lib/registry/texture-component-registry.ts(303,17): error TS1135: Argument expression expected.
sveltekit-frontend/src/lib/registry/texture-component-registry.ts(304,17): error TS1135: Argument expression expected.
sveltekit-frontend/src/lib/registry/texture-component-registry.ts(305,18): error TS1135: Argument expression expected.
sveltekit-frontend/src/lib/registry/texture-component-registry.ts(306,5): error TS1005: ',' expected.
sveltekit-frontend/src/lib/routing/dynamic-navigation.ts(13,1): error TS1128: Declaration or statement expected.
sveltekit-frontend/src/lib/routing/dynamic-navigation.ts(53,56): error TS1136: Property assignment expected.
sveltekit-frontend/src/lib/routing/dynamic-navigation.ts(78,73): error TS1005: ')' expected.
sveltekit-frontend/src/lib/routing/dynamic-navigation.ts(80,81): error TS1005: ')' expected.
sveltekit-frontend/src/lib/routing/dynamic-navigation.ts(104,68): error TS1005: ')' expected.
sveltekit-frontend/src/lib/routing/dynamic-navigation.ts(121,71): error TS1005: ')' expected.
sveltekit-frontend/src/lib/routing/dynamic-navigation.ts(211,15): error TS1005: ',' expected.
sveltekit-frontend/src/lib/routing/dynamic-navigation.ts(212,17): error TS1005: ',' expected.
sveltekit-frontend/src/lib/routing/dynamic-navigation.ts(236,17): error TS1005: ',' expected.
sveltekit-frontend/src/lib/routing/dynamic-navigation.ts(238,21): error TS1005: ',' expected.
sveltekit-frontend/src/lib/routing/dynamic-navigation.ts(311,21): error TS1005: ')' expected.
sveltekit-frontend/src/lib/routing/dynamic-navigation.ts(372,7): error TS1005: ')' expected.
sveltekit-frontend/src/lib/routing/dynamic-navigation.ts(418,30): error TS1005: ',' expected.
sveltekit-frontend/src/lib/routing/dynamic-route-generator.ts(8,1): error TS1128: Declaration or statement expected.
sveltekit-frontend/src/lib/routing/dynamic-route-generator.ts(55,16): error TS1005: ',' expected.
sveltekit-frontend/src/lib/routing/dynamic-route-generator.ts(65,17): error TS1005: ',' expected.
sveltekit-frontend/src/lib/routing/dynamic-route-generator.ts(75,16): error TS1005: ',' expected.
sveltekit-frontend/src/lib/routing/dynamic-route-generator.ts(85,16): error TS1005: ',' expected.
sveltekit-frontend/src/lib/routing/dynamic-route-generator.ts(95,17): error TS1005: ',' expected.
sveltekit-frontend/src/lib/routing/dynamic-route-generator.ts(168,31): error TS1005: ',' expected.
sveltekit-frontend/src/lib/routing/dynamic-route-generator.ts(227,43): error TS1005: ')' expected.
sveltekit-frontend/src/lib/routing/dynamic-route-generator.ts(323,13): error TS1005: ',' expected.
sveltekit-frontend/src/lib/routing/dynamic-route-generator.ts(325,40): error TS1005: ',' expected.
sveltekit-frontend/src/lib/routing/dynamic-route-generator.ts(360,21): error TS1005: ',' expected.
sveltekit-frontend/src/lib/routing/index.ts(216,46): error TS1005: '>' expected.
sveltekit-frontend/src/lib/routing/index.ts(226,18): error TS1005: ',' expected.
sveltekit-frontend/src/lib/routing/index.ts(227,15): error TS1005: ',' expected.
sveltekit-frontend/src/lib/routing/index.ts(232,43): error TS1109: Expression expected.
sveltekit-frontend/src/lib/routing/index.ts(232,52): error TS1005: ',' expected.
sveltekit-frontend/src/lib/routing/index.ts(232,53): error TS1136: Property assignment expected.
sveltekit-frontend/src/lib/routing/index.ts(246,45): error TS1109: Expression expected.
sveltekit-frontend/src/lib/routing/index.ts(246,54): error TS1005: ',' expected.
sveltekit-frontend/src/lib/routing/index.ts(246,55): error TS1136: Property assignment expected.
sveltekit-frontend/src/lib/routing/index.ts(318,26): error TS1131: Property or signature expected.
sveltekit-frontend/src/lib/routing/index.ts(336,3): error TS1005: ',' expected.
sveltekit-frontend/src/lib/routing/route-guards.ts(10,1): error TS1128: Declaration or statement expected.
sveltekit-frontend/src/lib/routing/route-guards.ts(64,31): error TS1005: ',' expected.
sveltekit-frontend/src/lib/routing/route-guards.ts(91,23): error TS1005: ',' expected.
sveltekit-frontend/src/lib/routing/route-guards.ts(96,20): error TS1005: ',' expected.
sveltekit-frontend/src/lib/routing/route-guards.ts(108,23): error TS1005: ',' expected.
sveltekit-frontend/src/lib/routing/route-guards.ts(195,23): error TS1005: ',' expected.
sveltekit-frontend/src/lib/routing/route-guards.ts(234,22): error TS1005: ',' expected.
sveltekit-frontend/src/lib/routing/route-guards.ts(286,51): error TS1109: Expression expected.
sveltekit-frontend/src/lib/routing/route-guards.ts(287,41): error TS1005: ';' expected.
sveltekit-frontend/src/lib/routing/route-guards.ts(331,27): error TS1005: ',' expected.
sveltekit-frontend/src/lib/routing/route-guards.ts(354,12): error TS1005: ',' expected.
sveltekit-frontend/src/lib/routing/route-guards.ts(380,12): error TS1005: ',' expected.
sveltekit-frontend/src/lib/routing/route-guards.ts(383,9): error TS1005: ';' expected.
sveltekit-frontend/src/lib/routing/route-guards.ts(384,3): error TS1131: Property or signature expected.
sveltekit-frontend/src/lib/routing/route-guards.ts(385,75): error TS1005: ';' expected.
sveltekit-frontend/src/lib/routing/route-guards.ts(385,76): error TS1005: ')' expected.
sveltekit-frontend/src/lib/routing/route-guards.ts(386,5): error TS1128: Declaration or statement expected.
sveltekit-frontend/src/lib/routing/route-guards.ts(386,6): error TS1128: Declaration or statement expected.
sveltekit-frontend/src/lib/routing/route-guards.ts(387,3): error TS1128: Declaration or statement expected.
sveltekit-frontend/src/lib/routing/route-guards.ts(389,1): error TS1128: Declaration or statement expected.
sveltekit-frontend/src/lib/routing/route-registry.ts(12,1): error TS1128: Declaration or statement expected.
sveltekit-frontend/src/lib/routing/route-registry.ts(108,17): error TS1005: ',' expected.
sveltekit-frontend/src/lib/routing/route-registry.ts(162,5): error TS1005: ',' expected.
sveltekit-frontend/src/lib/routing/route-registry.ts(184,6): error TS1068: Unexpected token. A constructor, method, accessor, or property was expected.
sveltekit-frontend/src/lib/routing/route-registry.ts(189,3): error TS1128: Declaration or statement expected.
sveltekit-frontend/src/lib/routing/route-registry.ts(189,38): error TS1135: Argument expression expected.
sveltekit-frontend/src/lib/routing/route-registry.ts(189,47): error TS1005: ';' expected.
sveltekit-frontend/src/lib/routing/route-registry.ts(190,9): error TS1005: ':' expected.
sveltekit-frontend/src/lib/routing/route-registry.ts(218,7): error TS1005: ',' expected.
sveltekit-frontend/src/lib/routing/route-registry.ts(223,3): error TS1128: Declaration or statement expected.
sveltekit-frontend/src/lib/routing/route-registry.ts(223,33): error TS1135: Argument expression expected.
sveltekit-frontend/src/lib/routing/route-registry.ts(223,42): error TS1005: ';' expected.
sveltekit-frontend/src/lib/routing/route-registry.ts(224,9): error TS1005: ':' expected.
sveltekit-frontend/src/lib/routing/route-registry.ts(227,7): error TS1005: ')' expected.
sveltekit-frontend/src/lib/routing/route-registry.ts(232,3): error TS1128: Declaration or statement expected.
sveltekit-frontend/src/lib/routing/route-registry.ts(232,38): error TS1135: Argument expression expected.
sveltekit-frontend/src/lib/routing/route-registry.ts(232,47): error TS1005: ';' expected.
sveltekit-frontend/src/lib/routing/route-registry.ts(233,9): error TS1005: ':' expected.
sveltekit-frontend/src/lib/routing/route-registry.ts(240,7): error TS1005: ',' expected.
sveltekit-frontend/src/lib/routing/route-registry.ts(245,3): error TS1128: Declaration or statement expected.
sveltekit-frontend/src/lib/routing/route-registry.ts(245,29): error TS1135: Argument expression expected.
sveltekit-frontend/src/lib/routing/route-registry.ts(245,38): error TS1005: ';' expected.
sveltekit-frontend/src/lib/routing/route-registry.ts(245,40): error TS1434: Unexpected keyword or identifier.
sveltekit-frontend/src/lib/routing/route-registry.ts(252,3): error TS1128: Declaration or statement expected.
sveltekit-frontend/src/lib/routing/route-registry.ts(252,30): error TS1109: Expression expected.
sveltekit-frontend/src/lib/routing/route-registry.ts(252,67): error TS1011: An element access expression should take an argument.
sveltekit-frontend/src/lib/routing/route-registry.ts(253,11): error TS1005: ':' expected.
sveltekit-frontend/src/lib/routing/route-registry.ts(253,41): error TS1005: ',' expected.
sveltekit-frontend/src/lib/routing/route-registry.ts(254,12): error TS1005: ':' expected.
sveltekit-frontend/src/lib/routing/route-registry.ts(256,79): error TS1005: ')' expected.
sveltekit-frontend/src/lib/routing/route-registry.ts(261,3): error TS1128: Declaration or statement expected.
sveltekit-frontend/src/lib/routing/route-registry.ts(261,28): error TS1109: Expression expected.
sveltekit-frontend/src/lib/routing/route-registry.ts(261,65): error TS1011: An element access expression should take an argument.
sveltekit-frontend/src/lib/routing/route-registry.ts(262,11): error TS1005: ':' expected.
sveltekit-frontend/src/lib/routing/route-registry.ts(262,41): error TS1005: ',' expected.
sveltekit-frontend/src/lib/routing/route-registry.ts(263,12): error TS1005: ':' expected.
sveltekit-frontend/src/lib/routing/route-registry.ts(265,79): error TS1005: ')' expected.
sveltekit-frontend/src/lib/routing/route-registry.ts(270,3): error TS1128: Declaration or statement expected.
sveltekit-frontend/src/lib/routing/route-registry.ts(270,26): error TS1109: Expression expected.
sveltekit-frontend/src/lib/routing/route-registry.ts(296,3): error TS1128: Declaration or statement expected.
sveltekit-frontend/src/lib/routing/route-registry.ts(296,25): error TS1109: Expression expected.
sveltekit-frontend/src/lib/routing/route-registry.ts(297,9): error TS1005: ':' expected.
sveltekit-frontend/src/lib/routing/route-registry.ts(301,7): error TS1005: ')' expected.
sveltekit-frontend/src/lib/routing/route-registry.ts(306,3): error TS1128: Declaration or statement expected.
sveltekit-frontend/src/lib/routing/route-registry.ts(306,27): error TS1109: Expression expected.
sveltekit-frontend/src/lib/routing/route-registry.ts(307,9): error TS1005: ':' expected.
sveltekit-frontend/src/lib/routing/route-registry.ts(310,7): error TS1005: ')' expected.
sveltekit-frontend/src/lib/routing/route-registry.ts(315,3): error TS1128: Declaration or statement expected.
sveltekit-frontend/src/lib/routing/route-registry.ts(315,29): error TS1109: Expression expected.
sveltekit-frontend/src/lib/routing/route-registry.ts(315,31): error TS1434: Unexpected keyword or identifier.
sveltekit-frontend/src/lib/routing/route-registry.ts(325,3): error TS1128: Declaration or statement expected.
sveltekit-frontend/src/lib/routing/route-registry.ts(325,32): error TS1109: Expression expected.
sveltekit-frontend/src/lib/routing/route-registry.ts(326,9): error TS1359: Identifier expected. 'typeof' is a reserved word that cannot be used here.
sveltekit-frontend/src/lib/routing/route-registry.ts(326,24): error TS1138: Parameter declaration expected.
sveltekit-frontend/src/lib/routing/route-registry.ts(326,40): error TS1005: ';' expected.
sveltekit-frontend/src/lib/routing/route-registry.ts(334,82): error TS1005: ')' expected.
sveltekit-frontend/src/lib/routing/route-registry.ts(338,3): error TS1128: Declaration or statement expected.
sveltekit-frontend/src/lib/routing/route-registry.ts(342,3): error TS1128: Declaration or statement expected.
sveltekit-frontend/src/lib/routing/route-registry.ts(342,11): error TS1434: Unexpected keyword or identifier.
sveltekit-frontend/src/lib/routing/route-registry.ts(342,38): error TS1109: Expression expected.
sveltekit-frontend/src/lib/routing/route-registry.ts(342,52): error TS1109: Expression expected.
sveltekit-frontend/src/lib/routing/route-registry.ts(343,9): error TS1359: Identifier expected. 'typeof' is a reserved word that cannot be used here.
sveltekit-frontend/src/lib/routing/route-registry.ts(343,24): error TS1138: Parameter declaration expected.
sveltekit-frontend/src/lib/routing/route-registry.ts(343,40): error TS1005: ';' expected.
sveltekit-frontend/src/lib/routing/route-registry.ts(353,11): error TS1005: ')' expected.
sveltekit-frontend/src/lib/routing/route-registry.ts(358,3): error TS1128: Declaration or statement expected.
sveltekit-frontend/src/lib/routing/route-registry.ts(362,3): error TS1128: Declaration or statement expected.
sveltekit-frontend/src/lib/routing/route-registry.ts(362,32): error TS1109: Expression expected.
sveltekit-frontend/src/lib/routing/route-registry.ts(362,41): error TS1005: ',' expected.
sveltekit-frontend/src/lib/routing/route-registry.ts(362,51): error TS1005: ';' expected.
sveltekit-frontend/src/lib/routing/route-registry.ts(381,1): error TS1128: Declaration or statement expected.
sveltekit-frontend/src/lib/routing/route-registry.ts(387,2): error TS1005: ')' expected.
sveltekit-frontend/src/lib/routing/route-registry.ts(390,2): error TS1005: ')' expected.
sveltekit-frontend/src/lib/routing/route-registry.ts(394,1): error TS1005: ',' expected.
sveltekit-frontend/src/lib/routing/route-registry.ts(402,2): error TS1005: ')' expected.
sveltekit-frontend/src/lib/routing/route-registry.ts(407,2): error TS1005: ')' expected.
sveltekit-frontend/src/lib/routing/route-registry.ts(413,3): error TS1005: ',' expected.
sveltekit-frontend/src/lib/routing/route-registry.ts(432,13): error TS1005: ',' expected.
sveltekit-frontend/src/lib/routing/route-registry.ts(434,39): error TS1005: ',' expected.
sveltekit-frontend/src/lib/routing/unified-api-router.ts(13,1): error TS1128: Declaration or statement expected.
sveltekit-frontend/src/lib/routing/unified-api-router.ts(27,1): error TS1128: Declaration or statement expected.
sveltekit-frontend/src/lib/routing/unified-api-router.ts(38,1): error TS1128: Declaration or statement expected.
sveltekit-frontend/src/lib/routing/unified-api-router.ts(102,49): error TS1005: ')' expected.
sveltekit-frontend/src/lib/routing/unified-api-router.ts(159,66): error TS1109: Expression expected.
sveltekit-frontend/src/lib/routing/unified-api-router.ts(159,75): error TS1005: ',' expected.
sveltekit-frontend/src/lib/routing/unified-api-router.ts(159,76): error TS1136: Property assignment expected.
sveltekit-frontend/src/lib/routing/unified-api-router.ts(166,24): error TS1005: ',' expected.
sveltekit-frontend/src/lib/routing/unified-api-router.ts(168,42): error TS1005: ',' expected.
sveltekit-frontend/src/lib/routing/unified-api-router.ts(384,13): error TS1005: ')' expected.
sveltekit-frontend/src/lib/routing/unified-api-router.ts(392,1): error TS1128: Declaration or statement expected.
sveltekit-frontend/src/lib/routing/unified-api-router.ts(406,11): error TS1005: ';' expected.
sveltekit-frontend/src/lib/routing/unified-api-router.ts(407,10): error TS1359: Identifier expected. 'const' is a reserved word that cannot be used here.
sveltekit-frontend/src/lib/routing/unified-api-router.ts(407,16): error TS1005: ',' expected.
sveltekit-frontend/src/lib/routing/unified-api-router.ts(407,29): error TS1005: ',' expected.
sveltekit-frontend/src/lib/routing/unified-api-router.ts(407,32): error TS1005: ',' expected.
sveltekit-frontend/src/lib/routing/unified-api-router.ts(407,36): error TS1005: ',' expected.
sveltekit-frontend/src/lib/routing/unified-api-router.ts(407,37): error TS1434: Unexpected keyword or identifier.
sveltekit-frontend/src/lib/routing/unified-api-router.ts(407,45): error TS1068: Unexpected token. A constructor, method, accessor, or property was expected.
sveltekit-frontend/src/lib/routing/unified-api-router.ts(407,55): error TS1144: '{' or ';' expected.
sveltekit-frontend/src/lib/routing/unified-api-router.ts(407,57): error TS1068: Unexpected token. A constructor, method, accessor, or property was expected.
sveltekit-frontend/src/lib/routing/unified-api-router.ts(418,3): error TS1128: Declaration or statement expected.
sveltekit-frontend/src/lib/routing/unified-api-router.ts(419,3): error TS1434: Unexpected keyword or identifier.
sveltekit-frontend/src/lib/routing/unified-api-router.ts(419,25): error TS1005: ';' expected.
sveltekit-frontend/src/lib/routing/unified-api-router.ts(419,47): error TS1011: An element access expression should take an argument.
sveltekit-frontend/src/lib/routing/unified-api-router.ts(420,12): error TS1005: ':' expected.
sveltekit-frontend/src/lib/routing/unified-api-router.ts(420,45): error TS1005: ')' expected.
sveltekit-frontend/src/lib/routing/unified-api-router.ts(422,23): error TS1005: ',' expected.
sveltekit-frontend/src/lib/routing/unified-api-router.ts(422,37): error TS1005: ',' expected.
sveltekit-frontend/src/lib/routing/unified-api-router.ts(422,51): error TS1005: ';' expected.
sveltekit-frontend/src/lib/routing/unified-api-router.ts(423,9): error TS1005: ':' expected.
sveltekit-frontend/src/lib/routing/unified-api-router.ts(423,34): error TS1005: ',' expected.
sveltekit-frontend/src/lib/routing/unified-api-router.ts(425,1): error TS1128: Declaration or statement expected.
sveltekit-frontend/src/lib/routing/unified-api-router.ts(451,10): error TS1005: ',' expected.
sveltekit-frontend/src/lib/routing/unified-api-router.ts(454,3): error TS1005: ',' expected.
sveltekit-frontend/src/lib/routing/unified-api-router.ts(454,35): error TS1005: ',' expected.
sveltekit-frontend/src/lib/schemas.ts(7,3): error TS1128: Declaration or statement expected.
sveltekit-frontend/src/lib/schemas.ts(21,3): error TS1128: Declaration or statement expected.
sveltekit-frontend/src/lib/schemas/file-upload.ts(75,25): error TS1136: Property assignment expected.
sveltekit-frontend/src/lib/schemas/file-upload.ts(120,57): error TS1005: ')' expected.
sveltekit-frontend/src/lib/schemas/file-upload.ts(121,5): error TS1003: Identifier expected.
sveltekit-frontend/src/lib/schemas/file-upload.ts(162,20): error TS1135: Argument expression expected.
sveltekit-frontend/src/lib/schemas/file-upload.ts(163,14): error TS1135: Argument expression expected.
sveltekit-frontend/src/lib/schemas/file-upload.ts(164,13): error TS1135: Argument expression expected.
sveltekit-frontend/src/lib/schemas/file-upload.ts(165,21): error TS1135: Argument expression expected.
sveltekit-frontend/src/lib/schemas/file-upload.ts(166,1): error TS1005: ',' expected.
sveltekit-frontend/src/lib/schemas/file-upload.ts(191,31): error TS1136: Property assignment expected.
sveltekit-frontend/src/lib/schemas/file-upload.ts(196,24): error TS1136: Property assignment expected.
sveltekit-frontend/src/lib/schemas/file-upload.ts(238,56): error TS1005: ')' expected.
sveltekit-frontend/src/lib/schemas/file-upload.ts(255,20): error TS1109: Expression expected.
sveltekit-frontend/src/lib/schemas/file-upload.ts(255,29): error TS1005: ',' expected.
sveltekit-frontend/src/lib/schemas/file-upload.ts(255,30): error TS1136: Property assignment expected.
sveltekit-frontend/src/lib/schemas/upload.ts(49,28): error TS1136: Property assignment expected.
sveltekit-frontend/src/lib/schemas/vector.ts(11,30): error TS1136: Property assignment expected.
sveltekit-frontend/src/lib/schemas/vector.ts(36,28): error TS1136: Property assignment expected.
sveltekit-frontend/src/lib/search/fuseStore.ts(3,1): error TS1128: Declaration or statement expected.
sveltekit-frontend/src/lib/search/fuseStore.ts(15,59): error TS1109: Expression expected.
sveltekit-frontend/src/lib/search/fuseStore.ts(16,37): error TS1005: '>' expected.
sveltekit-frontend/src/lib/search/fuseStore.ts(18,91): error TS1005: ')' expected.
sveltekit-frontend/src/lib/search/local-pipeline.ts(2,1): error TS1128: Declaration or statement expected.
sveltekit-frontend/src/lib/search/local-pipeline.ts(36,5): error TS1068: Unexpected token. A constructor, method, accessor, or property was expected.
sveltekit-frontend/src/lib/search/local-pipeline.ts(37,59): error TS1005: ',' expected.
sveltekit-frontend/src/lib/search/local-pipeline.ts(38,84): error TS1005: ',' expected.
sveltekit-frontend/src/lib/search/local-pipeline.ts(39,65): error TS1005: ',' expected.
sveltekit-frontend/src/lib/search/local-pipeline.ts(40,70): error TS1005: ',' expected.
sveltekit-frontend/src/lib/search/local-pipeline.ts(43,9): error TS1005: ':' expected.
sveltekit-frontend/src/lib/search/local-pipeline.ts(47,38): error TS1005: ',' expected.
sveltekit-frontend/src/lib/search/local-pipeline.ts(48,9): error TS1005: ',' expected.
sveltekit-frontend/src/lib/search/local-pipeline.ts(48,42): error TS1109: Expression expected.
sveltekit-frontend/src/lib/search/local-pipeline.ts(49,7): error TS1128: Declaration or statement expected.
sveltekit-frontend/src/lib/search/local-pipeline.ts(49,9): error TS1434: Unexpected keyword or identifier.
sveltekit-frontend/src/lib/search/local-pipeline.ts(50,5): error TS1128: Declaration or statement expected.
sveltekit-frontend/src/lib/search/local-pipeline.ts(50,6): error TS1128: Declaration or statement expected.
sveltekit-frontend/src/lib/search/local-pipeline.ts(51,3): error TS1128: Declaration or statement expected.
sveltekit-frontend/src/lib/search/local-pipeline.ts(52,3): error TS1128: Declaration or statement expected.
sveltekit-frontend/src/lib/search/local-pipeline.ts(52,11): error TS1434: Unexpected keyword or identifier.
sveltekit-frontend/src/lib/search/local-pipeline.ts(52,31): error TS1109: Expression expected.
sveltekit-frontend/src/lib/search/local-pipeline.ts(52,45): error TS1109: Expression expected.
sveltekit-frontend/src/lib/search/local-pipeline.ts(53,13): error TS1005: ',' expected.
sveltekit-frontend/src/lib/search/local-pipeline.ts(53,20): error TS1005: ',' expected.
sveltekit-frontend/src/lib/search/local-pipeline.ts(53,29): error TS1005: ',' expected.
sveltekit-frontend/src/lib/search/local-pipeline.ts(55,9): error TS1005: ':' expected.
sveltekit-frontend/src/lib/search/local-pipeline.ts(56,13): error TS1005: ':' expected.
sveltekit-frontend/src/lib/search/local-pipeline.ts(56,66): error TS1005: ',' expected.
sveltekit-frontend/src/lib/search/local-pipeline.ts(57,16): error TS1138: Parameter declaration expected.
sveltekit-frontend/src/lib/search/local-pipeline.ts(57,24): error TS1005: ',' expected.
sveltekit-frontend/src/lib/search/local-pipeline.ts(57,31): error TS1005: ',' expected.
sveltekit-frontend/src/lib/search/local-pipeline.ts(57,92): error TS1005: ',' expected.
sveltekit-frontend/src/lib/search/local-pipeline.ts(57,94): error TS1136: Property assignment expected.
sveltekit-frontend/src/lib/search/local-pipeline.ts(59,9): error TS1128: Declaration or statement expected.
sveltekit-frontend/src/lib/search/local-pipeline.ts(62,5): error TS1128: Declaration or statement expected.
sveltekit-frontend/src/lib/search/local-pipeline.ts(62,7): error TS1005: 'try' expected.
sveltekit-frontend/src/lib/search/local-pipeline.ts(86,3): error TS1128: Declaration or statement expected.
sveltekit-frontend/src/lib/search/local-pipeline.ts(87,21): error TS1135: Argument expression expected.
sveltekit-frontend/src/lib/search/local-pipeline.ts(87,32): error TS1011: An element access expression should take an argument.
sveltekit-frontend/src/lib/search/local-pipeline.ts(87,34): error TS1005: ';' expected.
sveltekit-frontend/src/lib/search/local-pipeline.ts(88,9): error TS1003: Identifier expected.
sveltekit-frontend/src/lib/search/local-pipeline.ts(88,15): error TS1138: Parameter declaration expected.
sveltekit-frontend/src/lib/search/local-pipeline.ts(88,24): error TS1005: '{' expected.
sveltekit-frontend/src/lib/search/local-pipeline.ts(88,33): error TS1005: ',' expected.
sveltekit-frontend/src/lib/search/local-pipeline.ts(89,10): error TS1359: Identifier expected. 'const' is a reserved word that cannot be used here.
sveltekit-frontend/src/lib/search/local-pipeline.ts(89,16): error TS1005: ',' expected.
sveltekit-frontend/src/lib/search/local-pipeline.ts(89,23): error TS1005: ',' expected.
sveltekit-frontend/src/lib/search/local-pipeline.ts(89,29): error TS1005: '{' expected.
sveltekit-frontend/src/lib/search/local-pipeline.ts(89,35): error TS1005: ':' expected.
sveltekit-frontend/src/lib/search/local-pipeline.ts(89,54): error TS1005: ',' expected.
sveltekit-frontend/src/lib/search/local-pipeline.ts(90,9): error TS1005: ':' expected.
sveltekit-frontend/src/lib/search/local-pipeline.ts(90,24): error TS1005: ',' expected.
sveltekit-frontend/src/lib/search/local-pipeline.ts(92,21): error TS1135: Argument expression expected.
sveltekit-frontend/src/lib/search/local-pipeline.ts(92,30): error TS1005: ';' expected.
sveltekit-frontend/src/lib/search/local-pipeline.ts(93,9): error TS1005: ':' expected.
sveltekit-frontend/src/lib/search/local-pipeline.ts(93,25): error TS1005: ',' expected.
sveltekit-frontend/src/lib/search/local-pipeline.ts(94,9): error TS1005: ':' expected.
sveltekit-frontend/src/lib/search/local-pipeline.ts(94,24): error TS1005: ',' expected.
sveltekit-frontend/src/lib/search/local-pipeline.ts(96,3): error TS1128: Declaration or statement expected.
sveltekit-frontend/src/lib/search/local-pipeline.ts(96,26): error TS1109: Expression expected.
sveltekit-frontend/src/lib/search/local-pipeline.ts(97,9): error TS1005: ':' expected.
sveltekit-frontend/src/lib/search/local-pipeline.ts(97,59): error TS1005: ')' expected.
sveltekit-frontend/src/lib/search/local-pipeline.ts(99,3): error TS1434: Unexpected keyword or identifier.
sveltekit-frontend/src/lib/search/local-pipeline.ts(99,22): error TS1135: Argument expression expected.
sveltekit-frontend/src/lib/search/local-pipeline.ts(99,42): error TS1005: ';' expected.
sveltekit-frontend/src/lib/search/local-pipeline.ts(99,70): error TS1011: An element access expression should take an argument.
sveltekit-frontend/src/lib/search/local-pipeline.ts(100,11): error TS1005: ',' expected.
sveltekit-frontend/src/lib/search/local-pipeline.ts(100,16): error TS1005: ',' expected.
sveltekit-frontend/src/lib/search/local-pipeline.ts(100,29): error TS1136: Property assignment expected.
sveltekit-frontend/src/lib/search/local-pipeline.ts(101,17): error TS1109: Expression expected.
sveltekit-frontend/src/lib/search/local-pipeline.ts(118,60): error TS1136: Property assignment expected.
sveltekit-frontend/src/lib/search/local-pipeline.ts(123,7): error TS1005: ')' expected.
sveltekit-frontend/src/lib/search/local-pipeline.ts(139,3): error TS1128: Declaration or statement expected.
sveltekit-frontend/src/lib/search/local-pipeline.ts(141,12): error TS1005: ':' expected.
sveltekit-frontend/src/lib/search/local-pipeline.ts(147,1): error TS1128: Declaration or statement expected.
sveltekit-frontend/src/lib/server/ai/caching-layer.ts(93,73): error TS1005: ')' expected.
sveltekit-frontend/src/lib/server/ai/caching-layer.ts(195,87): error TS1005: ')' expected.
sveltekit-frontend/src/lib/server/ai/caching-layer.ts(246,29): error TS1005: '>' expected.
sveltekit-frontend/src/lib/server/ai/caching-layer.ts(248,287): error TS1005: ')' expected.
sveltekit-frontend/src/lib/server/ai/config.ts(85,39): error TS1005: ')' expected.
sveltekit-frontend/src/lib/server/ai/config.ts(110,27): error TS1005: ',' expected.
sveltekit-frontend/src/lib/server/ai/config.ts(128,64): error TS1005: ')' expected.
sveltekit-frontend/src/lib/server/ai/config.ts(139,47): error TS1005: ',' expected.
sveltekit-frontend/src/lib/server/ai/config.ts(303,63): error TS1005: '>' expected.
sveltekit-frontend/src/lib/server/ai/config.ts(303,64): error TS1138: Parameter declaration expected.
sveltekit-frontend/src/lib/server/ai/config.ts(306,43): error TS1005: ',' expected.
sveltekit-frontend/src/lib/server/ai/config.ts(337,15): error TS1005: ',' expected.
sveltekit-frontend/src/lib/server/ai/config.ts(339,9): error TS1005: ';' expected.
sveltekit-frontend/src/lib/server/ai/config.ts(341,3): error TS1131: Property or signature expected.
sveltekit-frontend/src/lib/server/ai/config.ts(359,1): error TS1128: Declaration or statement expected.
sveltekit-frontend/src/lib/server/ai/config.ts(367,1): error TS1128: Declaration or statement expected.
sveltekit-frontend/src/lib/server/ai/config.ts(380,20): error TS1005: ',' expected.
sveltekit-frontend/src/lib/server/ai/embedder.ts(25,29): error TS1136: Property assignment expected.
sveltekit-frontend/src/lib/server/ai/embedder.ts(26,19): error TS1005: ',' expected.
sveltekit-frontend/src/lib/server/ai/embedder.ts(145,31): error TS1136: Property assignment expected.
sveltekit-frontend/src/lib/server/ai/embedder.ts(146,23): error TS1005: ',' expected.
sveltekit-frontend/src/lib/server/ai/embedder.ts(202,26): error TS1005: ',' expected.
sveltekit-frontend/src/lib/server/ai/embedder.ts(222,59): error TS1005: ')' expected.
sveltekit-frontend/src/lib/server/ai/embeddings-enhanced.ts(6,1): error TS1128: Declaration or statement expected.
sveltekit-frontend/src/lib/server/ai/embeddings-enhanced.ts(37,31): error TS1136: Property assignment expected.
sveltekit-frontend/src/lib/server/ai/embeddings-enhanced.ts(38,23): error TS1005: ',' expected.
sveltekit-frontend/src/lib/server/ai/embeddings-enhanced.ts(58,1): error TS1128: Declaration or statement expected.
sveltekit-frontend/src/lib/server/ai/embeddings-enhanced.ts(81,64): error TS1005: ')' expected.
sveltekit-frontend/src/lib/server/ai/embeddings-enhanced.ts(120,26): error TS1005: ',' expected.
sveltekit-frontend/src/lib/server/ai/embeddings-enhanced.ts(179,18): error TS1005: ',' expected.
sveltekit-frontend/src/lib/server/ai/embeddings-enhanced.ts(200,44): error TS1005: ')' expected.
sveltekit-frontend/src/lib/server/ai/embeddings-enhanced.ts(205,62): error TS1005: ')' expected.
sveltekit-frontend/src/lib/server/ai/embeddings-enhanced.ts(273,59): error TS1005: ')' expected.
sveltekit-frontend/src/lib/server/ai/embeddings-enhanced.ts(293,3): error TS1005: ',' expected.
sveltekit-frontend/src/lib/server/ai/embeddings-enhanced.ts(305,3): error TS1005: ',' expected.
sveltekit-frontend/src/lib/server/ai/embeddings-simple.ts(23,22): error TS1005: ',' expected.
sveltekit-frontend/src/lib/server/ai/embeddings-simple.ts(26,5): error TS1005: ')' expected.
sveltekit-frontend/src/lib/server/ai/embeddings-simple.ts(32,55): error TS1005: ')' expected.
sveltekit-frontend/src/lib/server/ai/embeddings-simple.ts(40,15): error TS1005: ',' expected.
sveltekit-frontend/src/lib/server/ai/embeddings-simple.ts(99,27): error TS1136: Property assignment expected.
sveltekit-frontend/src/lib/server/ai/embeddings-simple.ts(100,18): error TS1005: ',' expected.
sveltekit-frontend/src/lib/server/ai/embeddings-simple.ts(105,147): error TS1005: ')' expected.
sveltekit-frontend/src/lib/server/ai/embeddings-simple.ts(120,29): error TS1136: Property assignment expected.
sveltekit-frontend/src/lib/server/ai/embeddings-simple.ts(134,9): error TS1005: ')' expected.
sveltekit-frontend/src/lib/server/ai/embeddings-simple.ts(159,18): error TS1005: ',' expected.
sveltekit-frontend/src/lib/server/ai/embeddings-simple.ts(177,44): error TS1005: ')' expected.
sveltekit-frontend/src/lib/server/ai/embeddings-simple.ts(182,50): error TS1005: ')' expected.
sveltekit-frontend/src/lib/server/ai/embeddings-simple.ts(213,27): error TS1136: Property assignment expected.
sveltekit-frontend/src/lib/server/ai/embeddings-simple.ts(214,19): error TS1005: ',' expected.
sveltekit-frontend/src/lib/server/ai/embeddings-simple.ts(222,156): error TS1005: ')' expected.
sveltekit-frontend/src/lib/server/ai/embeddings-simple.ts(226,18): error TS1005: ',' expected.
sveltekit-frontend/src/lib/server/ai/embeddings-simple.ts(238,31): error TS1136: Property assignment expected.
sveltekit-frontend/src/lib/server/ai/embeddings-simple.ts(252,11): error TS1005: ')' expected.
sveltekit-frontend/src/lib/server/ai/enhanced-legal-search.ts(152,9): error TS1005: ')' expected.
sveltekit-frontend/src/lib/server/ai/enhanced-legal-search.ts(186,18): error TS1005: ',' expected.
sveltekit-frontend/src/lib/server/ai/enhanced-legal-search.ts(219,104): error TS1136: Property assignment expected.
sveltekit-frontend/src/lib/server/ai/enhanced-legal-search.ts(235,19): error TS1005: ',' expected.
sveltekit-frontend/src/lib/server/ai/enhanced-legal-search.ts(346,18): error TS1005: ',' expected.
sveltekit-frontend/src/lib/server/ai/enhanced-legal-search.ts(347,17): error TS1005: ',' expected.
sveltekit-frontend/src/lib/server/ai/enhanced-legal-search.ts(484,46): error TS1005: ')' expected.
sveltekit-frontend/src/lib/server/ai/enhanced-legal-search.ts(488,18): error TS1005: ',' expected.
sveltekit-frontend/src/lib/server/ai/enhanced-legal-search.ts(489,17): error TS1005: ',' expected.
sveltekit-frontend/src/lib/server/ai/feedback-loop.ts(5,1): error TS1128: Declaration or statement expected.
sveltekit-frontend/src/lib/server/ai/feedback-loop.ts(169,20): error TS1005: ')' expected.
sveltekit-frontend/src/lib/server/ai/feedback-loop.ts(200,90): error TS1005: ')' expected.
sveltekit-frontend/src/lib/server/ai/feedback-loop.ts(214,7): error TS1135: Argument expression expected.
sveltekit-frontend/src/lib/server/ai/feedback-loop.ts(224,75): error TS1005: ')' expected.
sveltekit-frontend/src/lib/server/ai/feedback-loop.ts(270,33): error TS1005: ',' expected.
sveltekit-frontend/src/lib/server/ai/feedback-loop.ts(271,27): error TS1005: ',' expected.
sveltekit-frontend/src/lib/server/ai/feedback-loop.ts(290,33): error TS1005: ',' expected.
sveltekit-frontend/src/lib/server/ai/feedback-loop.ts(291,27): error TS1005: ',' expected.
sveltekit-frontend/src/lib/server/ai/feedback-loop.ts(316,29): error TS1005: ',' expected.
sveltekit-frontend/src/lib/server/ai/feedback-loop.ts(420,83): error TS1109: Expression expected.
sveltekit-frontend/src/lib/server/ai/feedback-loop.ts(421,46): error TS1005: ';' expected.
sveltekit-frontend/src/lib/server/ai/feedback-loop.ts(425,77): error TS1109: Expression expected.
sveltekit-frontend/src/lib/server/ai/feedback-loop.ts(426,39): error TS1005: ';' expected.
sveltekit-frontend/src/lib/server/ai/feedback-loop.ts(430,75): error TS1109: Expression expected.
sveltekit-frontend/src/lib/server/ai/feedback-loop.ts(431,36): error TS1005: ';' expected.
sveltekit-frontend/src/lib/server/ai/feedback-loop.ts(435,68): error TS1109: Expression expected.
sveltekit-frontend/src/lib/server/ai/feedback-loop.ts(436,38): error TS1005: ';' expected.
sveltekit-frontend/src/lib/server/ai/feedback-loop.ts(440,70): error TS1109: Expression expected.
sveltekit-frontend/src/lib/server/ai/feedback-loop.ts(441,39): error TS1005: ';' expected.
sveltekit-frontend/src/lib/server/ai/feedback-loop.ts(458,31): error TS1005: ')' expected.
sveltekit-frontend/src/lib/server/ai/feedback-loop.ts(485,37): error TS1005: ')' expected.
sveltekit-frontend/src/lib/server/ai/feedback-loop.ts(501,70): error TS1005: ')' expected.
sveltekit-frontend/src/lib/server/ai/feedback-loop.ts(558,19): error TS1005: ')' expected.
sveltekit-frontend/src/lib/server/ai/legal-bert-onnx-service.ts(135,11): error TS1109: Expression expected.
sveltekit-frontend/src/lib/server/ai/legal-bert-onnx-service.ts(137,7): error TS1128: Declaration or statement expected.
sveltekit-frontend/src/lib/server/ai/legal-bert-onnx-service.ts(242,66): error TS1005: ')' expected.
sveltekit-frontend/src/lib/server/ai/legal-bert-onnx-service.ts(277,66): error TS1005: ')' expected.
sveltekit-frontend/src/lib/server/ai/legal-bert-onnx-service.ts(307,5): error TS1131: Property or signature expected.
sveltekit-frontend/src/lib/server/ai/legal-bert-onnx-service.ts(316,26): error TS1005: ',' expected.
sveltekit-frontend/src/lib/server/ai/legal-bert-onnx-service.ts(316,34): error TS1005: ',' expected.
sveltekit-frontend/src/lib/server/ai/legal-bert-onnx-service.ts(321,5): error TS1068: Unexpected token. A constructor, method, accessor, or property was expected.
sveltekit-frontend/src/lib/server/ai/legal-bert-onnx-service.ts(326,3): error TS1128: Declaration or statement expected.
sveltekit-frontend/src/lib/server/ai/legal-bert-onnx-service.ts(330,3): error TS1128: Declaration or statement expected.
sveltekit-frontend/src/lib/server/ai/legal-bert-onnx-service.ts(330,36): error TS1005: ',' expected.
sveltekit-frontend/src/lib/server/ai/legal-bert-onnx-service.ts(330,55): error TS1005: ',' expected.
sveltekit-frontend/src/lib/server/ai/legal-bert-onnx-service.ts(330,71): error TS1005: ',' expected.
sveltekit-frontend/src/lib/server/ai/legal-bert-onnx-service.ts(330,77): error TS1005: ';' expected.
sveltekit-frontend/src/lib/server/ai/legal-bert-onnx-service.ts(336,11): error TS1005: ':' expected.
sveltekit-frontend/src/lib/server/ai/legal-bert-onnx-service.ts(338,87): error TS1109: Expression expected.
sveltekit-frontend/src/lib/server/ai/legal-bert-onnx-service.ts(340,6): error TS1005: ',' expected.
sveltekit-frontend/src/lib/server/ai/legal-bert-onnx-service.ts(341,12): error TS1005: ':' expected.
sveltekit-frontend/src/lib/server/ai/legal-bert-onnx-service.ts(341,80): error TS1005: ')' expected.
sveltekit-frontend/src/lib/server/ai/legal-bert-onnx-service.ts(346,3): error TS1128: Declaration or statement expected.
sveltekit-frontend/src/lib/server/ai/legal-bert-onnx-service.ts(346,48): error TS1135: Argument expression expected.
sveltekit-frontend/src/lib/server/ai/legal-bert-onnx-service.ts(346,54): error TS1005: ';' expected.
sveltekit-frontend/src/lib/server/ai/legal-bert-onnx-service.ts(348,11): error TS1005: ':' expected.
sveltekit-frontend/src/lib/server/ai/legal-bert-onnx-service.ts(350,53): error TS1109: Expression expected.
sveltekit-frontend/src/lib/server/ai/legal-bert-onnx-service.ts(352,6): error TS1005: ',' expected.
sveltekit-frontend/src/lib/server/ai/legal-bert-onnx-service.ts(353,12): error TS1005: ':' expected.
sveltekit-frontend/src/lib/server/ai/legal-bert-onnx-service.ts(353,69): error TS1005: ',' expected.
sveltekit-frontend/src/lib/server/ai/legal-bert-onnx-service.ts(358,3): error TS1128: Declaration or statement expected.
sveltekit-frontend/src/lib/server/ai/legal-bert-onnx-service.ts(358,37): error TS1135: Argument expression expected.
sveltekit-frontend/src/lib/server/ai/legal-bert-onnx-service.ts(358,43): error TS1005: ';' expected.
sveltekit-frontend/src/lib/server/ai/legal-bert-onnx-service.ts(358,52): error TS1109: Expression expected.
sveltekit-frontend/src/lib/server/ai/legal-bert-onnx-service.ts(358,53): error TS1109: Expression expected.
sveltekit-frontend/src/lib/server/ai/legal-bert-onnx-service.ts(358,55): error TS1005: ';' expected.
sveltekit-frontend/src/lib/server/ai/legal-bert-onnx-service.ts(367,3): error TS1128: Declaration or statement expected.
sveltekit-frontend/src/lib/server/ai/legal-bert-onnx-service.ts(367,33): error TS1135: Argument expression expected.
sveltekit-frontend/src/lib/server/ai/legal-bert-onnx-service.ts(367,51): error TS1005: ',' expected.
sveltekit-frontend/src/lib/server/ai/legal-bert-onnx-service.ts(367,62): error TS1005: ';' expected.
sveltekit-frontend/src/lib/server/ai/legal-bert-onnx-service.ts(368,9): error TS1005: ':' expected.
sveltekit-frontend/src/lib/server/ai/legal-bert-onnx-service.ts(368,45): error TS1109: Expression expected.
sveltekit-frontend/src/lib/server/ai/legal-bert-onnx-service.ts(368,46): error TS1136: Property assignment expected.
sveltekit-frontend/src/lib/server/ai/legal-bert-onnx-service.ts(368,47): error TS1109: Expression expected.
sveltekit-frontend/src/lib/server/ai/legal-bert-onnx-service.ts(376,6): error TS1128: Declaration or statement expected.
sveltekit-frontend/src/lib/server/ai/legal-bert-onnx-service.ts(376,8): error TS1128: Declaration or statement expected.
sveltekit-frontend/src/lib/server/ai/legal-bert-onnx-service.ts(376,12): error TS1128: Declaration or statement expected.
sveltekit-frontend/src/lib/server/ai/legal-bert-onnx-service.ts(382,3): error TS1128: Declaration or statement expected.
sveltekit-frontend/src/lib/server/ai/legal-bert-onnx-service.ts(387,12): error TS1005: ':' expected.
sveltekit-frontend/src/lib/server/ai/legal-bert-onnx-service.ts(392,13): error TS1109: Expression expected.
sveltekit-frontend/src/lib/server/ai/legal-bert-onnx-service.ts(392,15): error TS1434: Unexpected keyword or identifier.
sveltekit-frontend/src/lib/server/ai/legal-bert-onnx-service.ts(398,3): error TS1434: Unexpected keyword or identifier.
sveltekit-frontend/src/lib/server/ai/legal-bert-onnx-service.ts(398,19): error TS1109: Expression expected.
sveltekit-frontend/src/lib/server/ai/legal-bert-onnx-service.ts(398,33): error TS1109: Expression expected.
sveltekit-frontend/src/lib/server/ai/legal-bert-onnx-service.ts(399,9): error TS1005: ':' expected.
sveltekit-frontend/src/lib/server/ai/legal-bert-onnx-service.ts(400,15): error TS1005: ',' expected.
sveltekit-frontend/src/lib/server/ai/legal-bert-onnx-service.ts(400,24): error TS1005: ',' expected.
sveltekit-frontend/src/lib/server/ai/legal-bert-onnx-service.ts(400,26): error TS1136: Property assignment expected.
sveltekit-frontend/src/lib/server/ai/legal-bert-onnx-service.ts(406,5): error TS1128: Declaration or statement expected.
sveltekit-frontend/src/lib/server/ai/legal-bert-onnx-service.ts(406,7): error TS1005: 'try' expected.
sveltekit-frontend/src/lib/server/ai/legal-bert-onnx-service.ts(409,3): error TS1128: Declaration or statement expected.
sveltekit-frontend/src/lib/server/ai/legal-bert-onnx-service.ts(410,1): error TS1128: Declaration or statement expected.
sveltekit-frontend/src/lib/server/ai/monitoring-service.ts(6,1): error TS1128: Declaration or statement expected.
sveltekit-frontend/src/lib/server/ai/monitoring-service.ts(31,61): error TS1005: '>' expected.
sveltekit-frontend/src/lib/server/ai/monitoring-service.ts(314,27): error TS1005: ',' expected.
sveltekit-frontend/src/lib/server/ai/monitoring-service.ts(329,28): error TS1005: ',' expected.
sveltekit-frontend/src/lib/server/ai/monitoring-service.ts(370,65): error TS1005: ')' expected.
sveltekit-frontend/src/lib/server/ai/monitoring-service.ts(426,19): error TS1005: ',' expected.
sveltekit-frontend/src/lib/server/ai/monitoring-service.ts(428,36): error TS1005: ',' expected.
sveltekit-frontend/src/lib/server/ai/monitoring-service.ts(485,43): error TS1005: ')' expected.
sveltekit-frontend/src/lib/server/ai/ollama-config.ts(75,3): error TS1005: ',' expected.
sveltekit-frontend/src/lib/server/ai/orchestrator-test.ts(52,21): error TS1005: ',' expected.
sveltekit-frontend/src/lib/server/ai/orchestrator-test.ts(102,21): error TS1005: ',' expected.
sveltekit-frontend/src/lib/server/ai/orchestrator-test.ts(151,21): error TS1005: ',' expected.
sveltekit-frontend/src/lib/server/ai/orchestrator-test.ts(203,21): error TS1005: ',' expected.
sveltekit-frontend/src/lib/server/ai/orchestrator-test.ts(235,21): error TS1005: ',' expected.
sveltekit-frontend/src/lib/server/ai/orchestrator-test.ts(274,35): error TS1005: ',' expected.
sveltekit-frontend/src/lib/server/ai/orchestrator-test.ts(315,21): error TS1005: ',' expected.
sveltekit-frontend/src/lib/server/audit-logger.ts(6,1): error TS1128: Declaration or statement expected.
sveltekit-frontend/src/lib/server/audit-logger.ts(35,21): error TS1005: ',' expected.
sveltekit-frontend/src/lib/server/audit-logger.ts(38,5): error TS1005: ',' expected.
sveltekit-frontend/src/lib/server/audit-logger.ts(130,41): error TS1136: Property assignment expected.
sveltekit-frontend/src/lib/server/audit-logger.ts(142,27): error TS1005: ')' expected.
sveltekit-frontend/src/lib/server/audit-logger.ts(163,9): error TS1128: Declaration or statement expected.
sveltekit-frontend/src/lib/server/audit-logger.ts(188,95): error TS1005: ')' expected.
sveltekit-frontend/src/lib/server/auth-guard.ts(4,1): error TS1128: Declaration or statement expected.
sveltekit-frontend/src/lib/server/auth-guard.ts(100,47): error TS1005: ',' expected.
sveltekit-frontend/src/lib/server/auth/authUtils.ts(16,19): error TS1005: ',' expected.
sveltekit-frontend/src/lib/server/auth/authUtils.ts(30,11): error TS1109: Expression expected.
sveltekit-frontend/src/lib/server/auth/authUtils.ts(31,11): error TS1109: Expression expected.
sveltekit-frontend/src/lib/server/auth/authUtils.ts(32,5): error TS1109: Expression expected.
sveltekit-frontend/src/lib/server/auth/authUtils.ts(32,6): error TS1128: Declaration or statement expected.
sveltekit-frontend/src/lib/server/auth/authUtils.ts(34,3): error TS1109: Expression expected.
sveltekit-frontend/src/lib/server/authPolicy.ts(8,1): error TS1128: Declaration or statement expected.
sveltekit-frontend/src/lib/server/authPolicy.ts(24,86): error TS1005: ')' expected.
sveltekit-frontend/src/lib/server/authUtils.ts(29,19): error TS1005: ',' expected.
sveltekit-frontend/src/lib/server/chrrom/patterns.ts(4,1): error TS1128: Declaration or statement expected.
sveltekit-frontend/src/lib/server/chrrom/patterns.ts(31,1): error TS1128: Declaration or statement expected.
sveltekit-frontend/src/lib/server/chrrom/patterns.ts(49,93): error TS1005: ')' expected.
sveltekit-frontend/src/lib/server/chrrom/patterns.ts(61,22): error TS1131: Property or signature expected.
sveltekit-frontend/src/lib/server/chrrom/patterns.ts(104,79): error TS1005: ',' expected.
sveltekit-frontend/src/lib/server/chrrom/patterns.ts(131,31): error TS1136: Property assignment expected.
sveltekit-frontend/src/lib/server/chrrom/patterns.ts(171,79): error TS1005: ',' expected.
sveltekit-frontend/src/lib/server/chrrom/patterns.ts(194,35): error TS1136: Property assignment expected.
sveltekit-frontend/src/lib/server/chrrom/predictor.ts(13,44): error TS1005: ';' expected.
sveltekit-frontend/src/lib/server/chrrom/predictor.ts(70,59): error TS1005: ')' expected.
sveltekit-frontend/src/lib/server/chrrom/predictor.ts(88,22): error TS1005: ')' expected.
sveltekit-frontend/src/lib/server/chrrom/predictor.ts(92,17): error TS1005: ',' expected.
sveltekit-frontend/src/lib/server/chrrom/predictor.ts(94,13): error TS1005: ',' expected.
sveltekit-frontend/src/lib/server/chrrom/predictor.ts(113,36): error TS1005: ',' expected.
sveltekit-frontend/src/lib/server/chrrom/predictor.ts(115,17): error TS1005: ',' expected.
sveltekit-frontend/src/lib/server/chrrom/predictor.ts(139,52): error TS1005: ')' expected.
sveltekit-frontend/src/lib/server/chrrom/predictor.ts(142,61): error TS1005: ')' expected.
sveltekit-frontend/src/lib/server/chrrom/predictor.ts(143,61): error TS1005: ')' expected.
sveltekit-frontend/src/lib/server/chrrom/predictor.ts(144,72): error TS1005: ')' expected.
sveltekit-frontend/src/lib/server/concurrency/advisory-locks.ts(26,1): error TS1128: Declaration or statement expected.
sveltekit-frontend/src/lib/server/concurrency/advisory-locks.ts(96,64): error TS1005: ')' expected.
sveltekit-frontend/src/lib/server/concurrency/advisory-locks.ts(130,42): error TS1005: ',' expected.
sveltekit-frontend/src/lib/server/concurrency/advisory-locks.ts(217,34): error TS1005: ')' expected.
sveltekit-frontend/src/lib/server/concurrency/advisory-locks.ts(220,42): error TS1005: ')' expected.
sveltekit-frontend/src/lib/server/concurrency/queue-manager.ts(61,88): error TS1005: ')' expected.
sveltekit-frontend/src/lib/server/concurrency/queue-manager.ts(62,92): error TS1005: ')' expected.
sveltekit-frontend/src/lib/server/concurrency/queue-manager.ts(63,82): error TS1005: ')' expected.
sveltekit-frontend/src/lib/server/concurrency/queue-manager.ts(64,98): error TS1005: ')' expected.
sveltekit-frontend/src/lib/server/concurrency/queue-manager.ts(65,93): error TS1005: ')' expected.
sveltekit-frontend/src/lib/server/concurrency/queue-manager.ts(135,47): error TS1005: ')' expected.
sveltekit-frontend/src/lib/server/concurrency/queue-manager.ts(151,73): error TS1005: ')' expected.
sveltekit-frontend/src/lib/server/concurrency/queue-manager.ts(194,73): error TS1005: ')' expected.
sveltekit-frontend/src/lib/server/concurrency/queue-manager.ts(214,59): error TS1005: ')' expected.
sveltekit-frontend/src/lib/server/concurrency/queue-manager.ts(230,59): error TS1005: ')' expected.
sveltekit-frontend/src/lib/server/concurrency/queue-manager.ts(246,59): error TS1005: ')' expected.
sveltekit-frontend/src/lib/server/concurrency/queue-manager.ts(262,59): error TS1005: ')' expected.
sveltekit-frontend/src/lib/server/concurrency/queue-manager.ts(277,60): error TS1005: ')' expected.
sveltekit-frontend/src/lib/server/concurrency/queue-manager.ts(304,65): error TS1005: ')' expected.
sveltekit-frontend/src/lib/server/concurrency/queue-manager.ts(307,68): error TS1005: ')' expected.
sveltekit-frontend/src/lib/server/config/dynamic-ports.ts(4,1): error TS1128: Declaration or statement expected.
sveltekit-frontend/src/lib/server/config/dynamic-ports.ts(172,49): error TS1005: ')' expected.
sveltekit-frontend/src/lib/server/config/dynamic-ports.ts(175,46): error TS1005: ')' expected.
sveltekit-frontend/src/lib/server/config/dynamic-ports.ts(210,40): error TS1005: ';' expected.
sveltekit-frontend/src/lib/server/config/dynamic-ports.ts(211,6): error TS1068: Unexpected token. A constructor, method, accessor, or property was expected.
sveltekit-frontend/src/lib/server/config/dynamic-ports.ts(212,5): error TS1068: Unexpected token. A constructor, method, accessor, or property was expected.
sveltekit-frontend/src/lib/server/config/dynamic-ports.ts(213,3): error TS1128: Declaration or statement expected.
sveltekit-frontend/src/lib/server/config/dynamic-ports.ts(215,20): error TS1109: Expression expected.
sveltekit-frontend/src/lib/server/config/dynamic-ports.ts(216,11): error TS1005: ':' expected.
sveltekit-frontend/src/lib/server/config/dynamic-ports.ts(217,5): error TS1005: ',' expected.
sveltekit-frontend/src/lib/server/config/dynamic-ports.ts(217,9): error TS1005: ':' expected.
sveltekit-frontend/src/lib/server/config/dynamic-ports.ts(232,7): error TS1005: ',' expected.
sveltekit-frontend/src/lib/server/config/dynamic-ports.ts(233,12): error TS1005: ':' expected.
sveltekit-frontend/src/lib/server/config/dynamic-ports.ts(233,16): error TS1005: ',' expected.
sveltekit-frontend/src/lib/server/config/dynamic-ports.ts(236,3): error TS1434: Unexpected keyword or identifier.
sveltekit-frontend/src/lib/server/config/dynamic-ports.ts(236,33): error TS1109: Expression expected.
sveltekit-frontend/src/lib/server/config/dynamic-ports.ts(237,11): error TS1005: ':' expected.
sveltekit-frontend/src/lib/server/config/dynamic-ports.ts(237,48): error TS1005: ',' expected.
sveltekit-frontend/src/lib/server/config/dynamic-ports.ts(238,10): error TS1359: Identifier expected. 'const' is a reserved word that cannot be used here.
sveltekit-frontend/src/lib/server/config/dynamic-ports.ts(238,16): error TS1005: ',' expected.
sveltekit-frontend/src/lib/server/config/dynamic-ports.ts(238,35): error TS1005: ',' expected.
sveltekit-frontend/src/lib/server/config/dynamic-ports.ts(238,40): error TS1005: ',' expected.
sveltekit-frontend/src/lib/server/config/dynamic-ports.ts(238,50): error TS1005: ',' expected.
sveltekit-frontend/src/lib/server/config/dynamic-ports.ts(238,52): error TS1136: Property assignment expected.
sveltekit-frontend/src/lib/server/config/dynamic-ports.ts(247,3): error TS1128: Declaration or statement expected.
sveltekit-frontend/src/lib/server/config/dynamic-ports.ts(249,27): error TS1109: Expression expected.
sveltekit-frontend/src/lib/server/config/dynamic-ports.ts(250,13): error TS1003: Identifier expected.
sveltekit-frontend/src/lib/server/config/dynamic-ports.ts(250,58): error TS1005: ',' expected.
sveltekit-frontend/src/lib/server/config/dynamic-ports.ts(251,13): error TS1003: Identifier expected.
sveltekit-frontend/src/lib/server/config/dynamic-ports.ts(251,32): error TS1005: ')' expected.
sveltekit-frontend/src/lib/server/config/dynamic-ports.ts(252,9): error TS1005: ':' expected.
sveltekit-frontend/src/lib/server/config/dynamic-ports.ts(256,66): error TS1005: '}' expected.
sveltekit-frontend/src/lib/server/config/dynamic-ports.ts(256,81): error TS1005: ',' expected.
sveltekit-frontend/src/lib/server/config/dynamic-ports.ts(259,36): error TS1135: Argument expression expected.
sveltekit-frontend/src/lib/server/config/dynamic-ports.ts(259,39): error TS1005: ',' expected.
sveltekit-frontend/src/lib/server/config/dynamic-ports.ts(259,40): error TS1136: Property assignment expected.
sveltekit-frontend/src/lib/server/config/dynamic-ports.ts(259,45): error TS1005: ':' expected.
sveltekit-frontend/src/lib/server/config/dynamic-ports.ts(260,37): error TS1135: Argument expression expected.
sveltekit-frontend/src/lib/server/config/dynamic-ports.ts(260,40): error TS1005: ',' expected.
sveltekit-frontend/src/lib/server/config/dynamic-ports.ts(260,47): error TS1005: ',' expected.
sveltekit-frontend/src/lib/server/config/dynamic-ports.ts(288,21): error TS1005: ',' expected.
sveltekit-frontend/src/lib/server/config/dynamic-ports.ts(288,31): error TS1005: ',' expected.
sveltekit-frontend/src/lib/server/config/dynamic-ports.ts(288,38): error TS1135: Argument expression expected.
sveltekit-frontend/src/lib/server/config/dynamic-ports.ts(288,42): error TS1005: ':' expected.
sveltekit-frontend/src/lib/server/config/dynamic-ports.ts(288,51): error TS1005: ',' expected.
sveltekit-frontend/src/lib/server/config/dynamic-ports.ts(288,52): error TS1005: ',' expected.
sveltekit-frontend/src/lib/server/config/dynamic-ports.ts(288,65): error TS1128: Declaration or statement expected.
sveltekit-frontend/src/lib/server/config/dynamic-ports.ts(288,67): error TS1434: Unexpected keyword or identifier.
sveltekit-frontend/src/lib/server/config/dynamic-ports.ts(288,84): error TS1434: Unexpected keyword or identifier.
sveltekit-frontend/src/lib/server/config/dynamic-ports.ts(307,18): error TS1127: Invalid character.
sveltekit-frontend/src/lib/server/config/dynamic-ports.ts(307,19): error TS1127: Invalid character.
sveltekit-frontend/src/lib/server/config/dynamic-ports.ts(307,21): error TS1434: Unexpected keyword or identifier.
sveltekit-frontend/src/lib/server/config/dynamic-ports.ts(307,27): error TS1434: Unexpected keyword or identifier.
sveltekit-frontend/src/lib/server/config/dynamic-ports.ts(307,40): error TS1005: '(' expected.
sveltekit-frontend/src/lib/server/config/dynamic-ports.ts(307,51): error TS1005: ';' expected.
sveltekit-frontend/src/lib/server/config/dynamic-ports.ts(307,53): error TS1434: Unexpected keyword or identifier.
sveltekit-frontend/src/lib/server/config/dynamic-ports.ts(316,2): error TS1160: Unterminated template literal.
sveltekit-frontend/src/lib/server/database-api-bridge.ts(158,11): error TS1005: ',' expected.
sveltekit-frontend/src/lib/server/database-api-bridge.ts(169,18): error TS1109: Expression expected.
sveltekit-frontend/src/lib/server/database-api-bridge.ts(170,18): error TS1109: Expression expected.
sveltekit-frontend/src/lib/server/database-api-bridge.ts(171,24): error TS1109: Expression expected.
sveltekit-frontend/src/lib/server/database-api-bridge.ts(173,7): error TS1128: Declaration or statement expected.
sveltekit-frontend/src/lib/server/database-api-bridge.ts(174,61): error TS1005: ')' expected.
sveltekit-frontend/src/lib/server/database-api-bridge.ts(189,29): error TS1005: ')' expected.
sveltekit-frontend/src/lib/server/database-api-bridge.ts(358,7): error TS1005: ',' expected.
sveltekit-frontend/src/lib/server/database-api-bridge.ts(374,11): error TS1005: ',' expected.
sveltekit-frontend/src/lib/server/database-api-bridge.ts(461,7): error TS1005: ',' expected.
sveltekit-frontend/src/lib/server/database-api-bridge.ts(489,5): error TS1131: Property or signature expected.
sveltekit-frontend/src/lib/server/database-api-bridge.ts(505,3): error TS1128: Declaration or statement expected.
sveltekit-frontend/src/lib/server/database-api-bridge.ts(506,1): error TS1128: Declaration or statement expected.
sveltekit-frontend/src/lib/server/database-api-bridge.ts(511,3): error TS1131: Property or signature expected.
sveltekit-frontend/src/lib/server/database-api-bridge.ts(518,22): error TS1005: ',' expected.
sveltekit-frontend/src/lib/server/database-api-bridge.ts(534,1): error TS1128: Declaration or statement expected.
sveltekit-frontend/src/lib/server/database-api-bridge.ts(536,3): error TS1131: Property or signature expected.
sveltekit-frontend/src/lib/server/database-api-bridge.ts(543,22): error TS1005: ',' expected.
sveltekit-frontend/src/lib/server/database-api-bridge.ts(559,1): error TS1128: Declaration or statement expected.
sveltekit-frontend/src/lib/server/database-api-bridge.ts(564,3): error TS1131: Property or signature expected.
sveltekit-frontend/src/lib/server/database-api-bridge.ts(571,22): error TS1005: ',' expected.
sveltekit-frontend/src/lib/server/database-api-bridge.ts(587,1): error TS1128: Declaration or statement expected.
sveltekit-frontend/src/lib/server/database-pool-service.ts(29,59): error TS1005: '>' expected.
sveltekit-frontend/src/lib/server/database-pool-service.ts(30,83): error TS1005: '>' expected.
sveltekit-frontend/src/lib/server/database-pool-service.ts(58,5): error TS1131: Property or signature expected.
sveltekit-frontend/src/lib/server/database-pool-service.ts(59,13): error TS1005: ',' expected.
sveltekit-frontend/src/lib/server/database-pool-service.ts(59,19): error TS1005: ',' expected.
sveltekit-frontend/src/lib/server/database-pool-service.ts(59,23): error TS1005: ',' expected.
sveltekit-frontend/src/lib/server/database-pool-service.ts(59,32): error TS1005: ';' expected.
sveltekit-frontend/src/lib/server/database-pool-service.ts(77,3): error TS1128: Declaration or statement expected.
sveltekit-frontend/src/lib/server/database-pool-service.ts(81,3): error TS1434: Unexpected keyword or identifier.
sveltekit-frontend/src/lib/server/database-pool-service.ts(82,12): error TS1005: ',' expected.
sveltekit-frontend/src/lib/server/database-pool-service.ts(82,32): error TS1005: ')' expected.
sveltekit-frontend/src/lib/server/database-pool-service.ts(83,3): error TS1128: Declaration or statement expected.
sveltekit-frontend/src/lib/server/database-pool-service.ts(83,4): error TS1128: Declaration or statement expected.
sveltekit-frontend/src/lib/server/database-pool-service.ts(84,11): error TS1005: ':' expected.
sveltekit-frontend/src/lib/server/database-pool-service.ts(84,41): error TS1005: ',' expected.
sveltekit-frontend/src/lib/server/database-pool-service.ts(85,13): error TS1005: ',' expected.
sveltekit-frontend/src/lib/server/database-pool-service.ts(85,43): error TS1005: ',' expected.
sveltekit-frontend/src/lib/server/database-pool-service.ts(85,45): error TS1136: Property assignment expected.
sveltekit-frontend/src/lib/server/database-pool-service.ts(92,3): error TS1128: Declaration or statement expected.
sveltekit-frontend/src/lib/server/database-pool-service.ts(96,3): error TS1434: Unexpected keyword or identifier.
sveltekit-frontend/src/lib/server/database-pool-service.ts(96,23): error TS1005: ';' expected.
sveltekit-frontend/src/lib/server/database-pool-service.ts(97,8): error TS1005: ')' expected.
sveltekit-frontend/src/lib/server/database-pool-service.ts(98,17): error TS1011: An element access expression should take an argument.
sveltekit-frontend/src/lib/server/database-pool-service.ts(99,12): error TS1005: ';' expected.
sveltekit-frontend/src/lib/server/database-pool-service.ts(100,8): error TS1005: ';' expected.
sveltekit-frontend/src/lib/server/database-pool-service.ts(101,3): error TS1128: Declaration or statement expected.
sveltekit-frontend/src/lib/server/database-pool-service.ts(101,4): error TS1128: Declaration or statement expected.
sveltekit-frontend/src/lib/server/database-pool-service.ts(102,11): error TS1005: ':' expected.
sveltekit-frontend/src/lib/server/database-pool-service.ts(102,56): error TS1005: ',' expected.
sveltekit-frontend/src/lib/server/database-pool-service.ts(104,21): error TS1005: ',' expected.
sveltekit-frontend/src/lib/server/database-pool-service.ts(104,33): error TS1005: ',' expected.
sveltekit-frontend/src/lib/server/database-pool-service.ts(104,35): error TS1136: Property assignment expected.
sveltekit-frontend/src/lib/server/database-pool-service.ts(142,3): error TS1128: Declaration or statement expected.
sveltekit-frontend/src/lib/server/database-pool-service.ts(146,3): error TS1434: Unexpected keyword or identifier.
sveltekit-frontend/src/lib/server/database-pool-service.ts(146,32): error TS1005: ',' expected.
sveltekit-frontend/src/lib/server/database-pool-service.ts(146,41): error TS1005: ';' expected.
sveltekit-frontend/src/lib/server/database-pool-service.ts(146,55): error TS1109: Expression expected.
sveltekit-frontend/src/lib/server/database-pool-service.ts(147,9): error TS1003: Identifier expected.
sveltekit-frontend/src/lib/server/database-pool-service.ts(147,22): error TS1005: ',' expected.
sveltekit-frontend/src/lib/server/database-pool-service.ts(147,34): error TS1005: ',' expected.
sveltekit-frontend/src/lib/server/database-pool-service.ts(147,42): error TS1005: ':' expected.
sveltekit-frontend/src/lib/server/database-pool-service.ts(148,9): error TS1005: ':' expected.
sveltekit-frontend/src/lib/server/database-pool-service.ts(149,13): error TS1005: ':' expected.
sveltekit-frontend/src/lib/server/database-pool-service.ts(149,84): error TS1005: ',' expected.
sveltekit-frontend/src/lib/server/database-pool-service.ts(150,15): error TS1005: ',' expected.
sveltekit-frontend/src/lib/server/database-pool-service.ts(150,26): error TS1005: ',' expected.
sveltekit-frontend/src/lib/server/database-pool-service.ts(150,28): error TS1136: Property assignment expected.
sveltekit-frontend/src/lib/server/database-pool-service.ts(156,5): error TS1128: Declaration or statement expected.
sveltekit-frontend/src/lib/server/database-pool-service.ts(156,7): error TS1005: 'try' expected.
sveltekit-frontend/src/lib/server/database-pool-service.ts(159,3): error TS1128: Declaration or statement expected.
sveltekit-frontend/src/lib/server/database-pool-service.ts(163,3): error TS1128: Declaration or statement expected.
sveltekit-frontend/src/lib/server/database-pool-service.ts(163,11): error TS1434: Unexpected keyword or identifier.
sveltekit-frontend/src/lib/server/database-pool-service.ts(163,48): error TS1005: ',' expected.
sveltekit-frontend/src/lib/server/database-pool-service.ts(163,57): error TS1005: ';' expected.
sveltekit-frontend/src/lib/server/database-pool-service.ts(164,9): error TS1003: Identifier expected.
sveltekit-frontend/src/lib/server/database-pool-service.ts(164,22): error TS1005: ',' expected.
sveltekit-frontend/src/lib/server/database-pool-service.ts(164,34): error TS1005: ',' expected.
sveltekit-frontend/src/lib/server/database-pool-service.ts(164,43): error TS1005: ':' expected.
sveltekit-frontend/src/lib/server/database-pool-service.ts(165,5): error TS1005: ',' expected.
sveltekit-frontend/src/lib/server/database-pool-service.ts(165,9): error TS1005: ':' expected.
sveltekit-frontend/src/lib/server/database-pool-service.ts(166,13): error TS1005: ':' expected.
sveltekit-frontend/src/lib/server/database-pool-service.ts(166,92): error TS1005: ',' expected.
sveltekit-frontend/src/lib/server/database-pool-service.ts(167,14): error TS1005: ':' expected.
sveltekit-frontend/src/lib/server/database-pool-service.ts(173,7): error TS1005: ',' expected.
sveltekit-frontend/src/lib/server/database-pool-service.ts(181,3): error TS1128: Declaration or statement expected.
sveltekit-frontend/src/lib/server/database-pool-service.ts(181,11): error TS1434: Unexpected keyword or identifier.
sveltekit-frontend/src/lib/server/database-pool-service.ts(181,37): error TS1005: ',' expected.
sveltekit-frontend/src/lib/server/database-pool-service.ts(181,43): error TS1005: ';' expected.
sveltekit-frontend/src/lib/server/database-pool-service.ts(182,11): error TS1005: ':' expected.
sveltekit-frontend/src/lib/server/database-pool-service.ts(182,37): error TS1005: ',' expected.
sveltekit-frontend/src/lib/server/database-pool-service.ts(183,9): error TS1005: ',' expected.
sveltekit-frontend/src/lib/server/database-pool-service.ts(183,32): error TS1005: ',' expected.
sveltekit-frontend/src/lib/server/database-pool-service.ts(185,14): error TS1005: ',' expected.
sveltekit-frontend/src/lib/server/database-pool-service.ts(185,49): error TS1005: ',' expected.
sveltekit-frontend/src/lib/server/database-pool-service.ts(185,51): error TS1136: Property assignment expected.
sveltekit-frontend/src/lib/server/database-pool-service.ts(187,7): error TS1128: Declaration or statement expected.
sveltekit-frontend/src/lib/server/database-pool-service.ts(194,3): error TS1128: Declaration or statement expected.
sveltekit-frontend/src/lib/server/database-pool-service.ts(198,3): error TS1128: Declaration or statement expected.
sveltekit-frontend/src/lib/server/database-pool-service.ts(198,11): error TS1434: Unexpected keyword or identifier.
sveltekit-frontend/src/lib/server/database-pool-service.ts(198,46): error TS1005: ',' expected.
sveltekit-frontend/src/lib/server/database-pool-service.ts(198,65): error TS1005: ',' expected.
sveltekit-frontend/src/lib/server/database-pool-service.ts(198,74): error TS1005: ';' expected.
sveltekit-frontend/src/lib/server/database-pool-service.ts(198,88): error TS1109: Expression expected.
sveltekit-frontend/src/lib/server/database-pool-service.ts(199,9): error TS1003: Identifier expected.
sveltekit-frontend/src/lib/server/database-pool-service.ts(199,22): error TS1005: ',' expected.
sveltekit-frontend/src/lib/server/database-pool-service.ts(199,34): error TS1005: ',' expected.
sveltekit-frontend/src/lib/server/database-pool-service.ts(199,42): error TS1005: ':' expected.
sveltekit-frontend/src/lib/server/database-pool-service.ts(200,9): error TS1005: ':' expected.
sveltekit-frontend/src/lib/server/database-pool-service.ts(201,13): error TS1005: ':' expected.
sveltekit-frontend/src/lib/server/database-pool-service.ts(201,62): error TS1005: ',' expected.
sveltekit-frontend/src/lib/server/database-pool-service.ts(202,13): error TS1005: ':' expected.
sveltekit-frontend/src/lib/server/database-pool-service.ts(202,35): error TS1005: ',' expected.
sveltekit-frontend/src/lib/server/database-pool-service.ts(203,13): error TS1005: ',' expected.
sveltekit-frontend/src/lib/server/database-pool-service.ts(203,25): error TS1005: ',' expected.
sveltekit-frontend/src/lib/server/database-pool-service.ts(203,80): error TS1005: ',' expected.
sveltekit-frontend/src/lib/server/database-pool-service.ts(204,13): error TS1005: ',' expected.
sveltekit-frontend/src/lib/server/database-pool-service.ts(204,25): error TS1005: ',' expected.
sveltekit-frontend/src/lib/server/database-pool-service.ts(204,88): error TS1005: ',' expected.
sveltekit-frontend/src/lib/server/database-pool-service.ts(205,13): error TS1005: ',' expected.
sveltekit-frontend/src/lib/server/database-pool-service.ts(205,25): error TS1005: ',' expected.
sveltekit-frontend/src/lib/server/database-pool-service.ts(205,71): error TS1005: ',' expected.
sveltekit-frontend/src/lib/server/database-pool-service.ts(206,13): error TS1005: ',' expected.
sveltekit-frontend/src/lib/server/database-pool-service.ts(206,25): error TS1005: ',' expected.
sveltekit-frontend/src/lib/server/database-pool-service.ts(206,43): error TS1005: ',' expected.
sveltekit-frontend/src/lib/server/database-pool-service.ts(207,7): error TS1005: ',' expected.
sveltekit-frontend/src/lib/server/database-pool-service.ts(214,3): error TS1128: Declaration or statement expected.
sveltekit-frontend/src/lib/server/database-pool-service.ts(214,31): error TS1005: ',' expected.
sveltekit-frontend/src/lib/server/database-pool-service.ts(214,47): error TS1005: ',' expected.
sveltekit-frontend/src/lib/server/database-pool-service.ts(214,53): error TS1011: An element access expression should take an argument.
sveltekit-frontend/src/lib/server/database-pool-service.ts(214,55): error TS1005: ';' expected.
sveltekit-frontend/src/lib/server/database-pool-service.ts(214,57): error TS1434: Unexpected keyword or identifier.
sveltekit-frontend/src/lib/server/database-pool-service.ts(222,3): error TS1434: Unexpected keyword or identifier.
sveltekit-frontend/src/lib/server/database-pool-service.ts(222,16): error TS1005: ';' expected.
sveltekit-frontend/src/lib/server/database-pool-service.ts(222,30): error TS1109: Expression expected.
sveltekit-frontend/src/lib/server/database-pool-service.ts(223,12): error TS1005: ',' expected.
sveltekit-frontend/src/lib/server/database-pool-service.ts(223,48): error TS1005: ',' expected.
sveltekit-frontend/src/lib/server/database-pool-service.ts(224,10): error TS1359: Identifier expected. 'const' is a reserved word that cannot be used here.
sveltekit-frontend/src/lib/server/database-pool-service.ts(224,16): error TS1005: ',' expected.
sveltekit-frontend/src/lib/server/database-pool-service.ts(224,28): error TS1005: ',' expected.
sveltekit-frontend/src/lib/server/database-pool-service.ts(224,31): error TS1005: ',' expected.
sveltekit-frontend/src/lib/server/database-pool-service.ts(224,35): error TS1005: ',' expected.
sveltekit-frontend/src/lib/server/database-pool-service.ts(224,41): error TS1005: ',' expected.
sveltekit-frontend/src/lib/server/database-pool-service.ts(224,43): error TS1136: Property assignment expected.
sveltekit-frontend/src/lib/server/database-pool-service.ts(235,3): error TS1128: Declaration or statement expected.
sveltekit-frontend/src/lib/server/database-pool-service.ts(239,3): error TS1434: Unexpected keyword or identifier.
sveltekit-frontend/src/lib/server/database-pool-service.ts(239,22): error TS1005: ';' expected.
sveltekit-frontend/src/lib/server/database-pool-service.ts(240,11): error TS1005: ':' expected.
sveltekit-frontend/src/lib/server/database-pool-service.ts(240,18): error TS1005: ',' expected.
sveltekit-frontend/src/lib/server/database-pool-service.ts(240,20): error TS1136: Property assignment expected.
sveltekit-frontend/src/lib/server/database-pool-service.ts(240,26): error TS1005: ',' expected.
sveltekit-frontend/src/lib/server/database-pool-service.ts(240,35): error TS1005: ';' expected.
sveltekit-frontend/src/lib/server/database-pool-service.ts(240,47): error TS2809: Declaration or statement expected. This '=' follows a block of statements, so if you intended to write a destructuring assignment, you might need to wrap the whole assignment in parentheses.
sveltekit-frontend/src/lib/server/database-pool-service.ts(251,3): error TS1128: Declaration or statement expected.
sveltekit-frontend/src/lib/server/database-pool-service.ts(255,13): error TS1005: ';' expected.
sveltekit-frontend/src/lib/server/database-pool-service.ts(255,15): error TS1434: Unexpected keyword or identifier.
sveltekit-frontend/src/lib/server/database-pool-service.ts(260,21): error TS1109: Expression expected.
sveltekit-frontend/src/lib/server/database-pool-service.ts(260,30): error TS1005: ',' expected.
sveltekit-frontend/src/lib/server/database-pool-service.ts(260,31): error TS1136: Property assignment expected.
sveltekit-frontend/src/lib/server/database-pool-service.ts(270,1): error TS1128: Declaration or statement expected.
sveltekit-frontend/src/lib/server/database-pool-service.ts(274,43): error TS1005: ')' expected.
sveltekit-frontend/src/lib/server/database-pool-service.ts(275,42): error TS1005: ')' expected.
sveltekit-frontend/src/lib/server/database/connection.ts(70,7): error TS1128: Declaration or statement expected.
sveltekit-frontend/src/lib/server/database/connection.ts(107,9): error TS1128: Declaration or statement expected.
sveltekit-frontend/src/lib/server/database/connection.ts(121,7): error TS1128: Declaration or statement expected.
sveltekit-frontend/src/lib/server/database/connection.ts(127,7): error TS1128: Declaration or statement expected.
sveltekit-frontend/src/lib/server/database/vector-schema.ts(15,53): error TS1109: Expression expected.
sveltekit-frontend/src/lib/server/database/vector-schema.ts(32,12): error TS1109: Expression expected.
sveltekit-frontend/src/lib/server/database/vector-schema.ts(33,17): error TS1109: Expression expected.
sveltekit-frontend/src/lib/server/database/vector-schema.ts(34,13): error TS1109: Expression expected.
sveltekit-frontend/src/lib/server/database/vector-schema.ts(35,15): error TS1109: Expression expected.
sveltekit-frontend/src/lib/server/database/vector-schema.ts(36,14): error TS1109: Expression expected.
sveltekit-frontend/src/lib/server/database/vector-schema.ts(37,12): error TS1109: Expression expected.
sveltekit-frontend/src/lib/server/database/vector-schema.ts(38,15): error TS1109: Expression expected.
sveltekit-frontend/src/lib/server/database/vector-schema.ts(39,15): error TS1109: Expression expected.
sveltekit-frontend/src/lib/server/database/vector-schema.ts(40,4): error TS1128: Declaration or statement expected.
sveltekit-frontend/src/lib/server/database/vector-schema.ts(48,1): error TS1109: Expression expected.
sveltekit-frontend/src/lib/server/database/vector-schema.ts(54,12): error TS1109: Expression expected.
sveltekit-frontend/src/lib/server/database/vector-schema.ts(55,17): error TS1109: Expression expected.
sveltekit-frontend/src/lib/server/database/vector-schema.ts(56,13): error TS1109: Expression expected.
sveltekit-frontend/src/lib/server/database/vector-schema.ts(57,15): error TS1109: Expression expected.
sveltekit-frontend/src/lib/server/database/vector-schema.ts(58,14): error TS1109: Expression expected.
sveltekit-frontend/src/lib/server/database/vector-schema.ts(59,15): error TS1109: Expression expected.
sveltekit-frontend/src/lib/server/database/vector-schema.ts(60,15): error TS1109: Expression expected.
sveltekit-frontend/src/lib/server/database/vector-schema.ts(61,4): error TS1128: Declaration or statement expected.
sveltekit-frontend/src/lib/server/database/vector-schema.ts(68,1): error TS1109: Expression expected.
sveltekit-frontend/src/lib/server/database/vector-schema.ts(74,16): error TS1109: Expression expected.
sveltekit-frontend/src/lib/server/database/vector-schema.ts(75,17): error TS1109: Expression expected.
sveltekit-frontend/src/lib/server/database/vector-schema.ts(76,13): error TS1109: Expression expected.
sveltekit-frontend/src/lib/server/database/vector-schema.ts(77,15): error TS1109: Expression expected.
sveltekit-frontend/src/lib/server/database/vector-schema.ts(78,14): error TS1109: Expression expected.
sveltekit-frontend/src/lib/server/database/vector-schema.ts(79,15): error TS1109: Expression expected.
sveltekit-frontend/src/lib/server/database/vector-schema.ts(80,15): error TS1109: Expression expected.
sveltekit-frontend/src/lib/server/database/vector-schema.ts(81,4): error TS1128: Declaration or statement expected.
sveltekit-frontend/src/lib/server/database/vector-schema.ts(90,1): error TS1109: Expression expected.
sveltekit-frontend/src/lib/server/database/vector-schema.ts(96,16): error TS1109: Expression expected.
sveltekit-frontend/src/lib/server/database/vector-schema.ts(97,17): error TS1109: Expression expected.
sveltekit-frontend/src/lib/server/database/vector-schema.ts(98,13): error TS1109: Expression expected.
sveltekit-frontend/src/lib/server/database/vector-schema.ts(99,15): error TS1109: Expression expected.
sveltekit-frontend/src/lib/server/database/vector-schema.ts(100,14): error TS1109: Expression expected.
sveltekit-frontend/src/lib/server/database/vector-schema.ts(101,15): error TS1109: Expression expected.
sveltekit-frontend/src/lib/server/database/vector-schema.ts(102,15): error TS1109: Expression expected.
sveltekit-frontend/src/lib/server/database/vector-schema.ts(103,4): error TS1128: Declaration or statement expected.
sveltekit-frontend/src/lib/server/database/vector-schema.ts(112,1): error TS1109: Expression expected.
sveltekit-frontend/src/lib/server/database/vector-schema.ts(118,12): error TS1109: Expression expected.
sveltekit-frontend/src/lib/server/database/vector-schema.ts(119,11): error TS1109: Expression expected.
sveltekit-frontend/src/lib/server/database/vector-schema.ts(120,15): error TS1109: Expression expected.
sveltekit-frontend/src/lib/server/database/vector-schema.ts(121,14): error TS1109: Expression expected.
sveltekit-frontend/src/lib/server/database/vector-schema.ts(122,15): error TS1109: Expression expected.
sveltekit-frontend/src/lib/server/database/vector-schema.ts(123,4): error TS1128: Declaration or statement expected.
sveltekit-frontend/src/lib/server/database/vector-schema.ts(127,1): error TS1109: Expression expected.
sveltekit-frontend/src/lib/server/db-insert-helpers.ts(14,69): error TS1005: ',' expected.
sveltekit-frontend/src/lib/server/db-insert-helpers.ts(16,5): error TS1005: ',' expected.
sveltekit-frontend/src/lib/server/db/connection-manager.ts(271,11): error TS1005: '}' expected.
sveltekit-frontend/src/lib/server/db/embedding-cache-utils.ts(3,1): error TS1128: Declaration or statement expected.
sveltekit-frontend/src/lib/server/db/embedding-cache-utils.ts(11,104): error TS1109: Expression expected.
sveltekit-frontend/src/lib/server/db/embedding-cache-utils.ts(14,112): error TS1005: ')' expected.
sveltekit-frontend/src/lib/server/db/embedding-cache-utils.ts(25,88): error TS1109: Expression expected.
sveltekit-frontend/src/lib/server/db/embedding-cache-utils.ts(28,97): error TS1005: ')' expected.
sveltekit-frontend/src/lib/server/db/embedding-cache-utils.ts(42,85): error TS1005: ')' expected.
sveltekit-frontend/src/lib/server/db/embedding-cache-utils.ts(51,89): error TS1109: Expression expected.
sveltekit-frontend/src/lib/server/db/enhanced-embedding-schema.ts(23,11): error TS1109: Expression expected.
sveltekit-frontend/src/lib/server/db/enhanced-embedding-schema.ts(24,14): error TS1109: Expression expected.
sveltekit-frontend/src/lib/server/db/enhanced-embedding-schema.ts(25,15): error TS1109: Expression expected.
sveltekit-frontend/src/lib/server/db/enhanced-embedding-schema.ts(26,14): error TS1109: Expression expected.
sveltekit-frontend/src/lib/server/db/enhanced-embedding-schema.ts(27,14): error TS1109: Expression expected.
sveltekit-frontend/src/lib/server/db/enhanced-embedding-schema.ts(28,19): error TS1109: Expression expected.
sveltekit-frontend/src/lib/server/db/enhanced-embedding-schema.ts(29,22): error TS1109: Expression expected.
sveltekit-frontend/src/lib/server/db/enhanced-embedding-schema.ts(30,12): error TS1109: Expression expected.
sveltekit-frontend/src/lib/server/db/enhanced-embedding-schema.ts(31,16): error TS1109: Expression expected.
sveltekit-frontend/src/lib/server/db/enhanced-embedding-schema.ts(32,14): error TS1109: Expression expected.
sveltekit-frontend/src/lib/server/db/enhanced-embedding-schema.ts(33,15): error TS1109: Expression expected.
sveltekit-frontend/src/lib/server/db/enhanced-embedding-schema.ts(34,15): error TS1109: Expression expected.
sveltekit-frontend/src/lib/server/db/enhanced-embedding-schema.ts(35,17): error TS1109: Expression expected.
sveltekit-frontend/src/lib/server/db/enhanced-embedding-schema.ts(36,4): error TS1128: Declaration or statement expected.
sveltekit-frontend/src/lib/server/db/enhanced-embedding-schema.ts(43,1): error TS1128: Declaration or statement expected.
sveltekit-frontend/src/lib/server/db/enhanced-embedding-schema.ts(49,16): error TS1109: Expression expected.
sveltekit-frontend/src/lib/server/db/enhanced-embedding-schema.ts(52,16): error TS1109: Expression expected.
sveltekit-frontend/src/lib/server/db/enhanced-embedding-schema.ts(53,19): error TS1109: Expression expected.
sveltekit-frontend/src/lib/server/db/enhanced-embedding-schema.ts(54,11): error TS1109: Expression expected.
sveltekit-frontend/src/lib/server/db/enhanced-embedding-schema.ts(55,10): error TS1109: Expression expected.
sveltekit-frontend/src/lib/server/db/enhanced-embedding-schema.ts(56,12): error TS1109: Expression expected.
sveltekit-frontend/src/lib/server/db/enhanced-embedding-schema.ts(57,17): error TS1109: Expression expected.
sveltekit-frontend/src/lib/server/db/enhanced-embedding-schema.ts(58,15): error TS1109: Expression expected.
sveltekit-frontend/src/lib/server/db/enhanced-embedding-schema.ts(60,14): error TS1005: ';' expected.
sveltekit-frontend/src/lib/server/db/enhanced-embedding-schema.ts(61,19): error TS1005: ';' expected.
sveltekit-frontend/src/lib/server/db/enhanced-embedding-schema.ts(62,16): error TS1109: Expression expected.
sveltekit-frontend/src/lib/server/db/enhanced-embedding-schema.ts(63,14): error TS1109: Expression expected.
sveltekit-frontend/src/lib/server/db/enhanced-embedding-schema.ts(64,15): error TS1109: Expression expected.
sveltekit-frontend/src/lib/server/db/enhanced-embedding-schema.ts(65,15): error TS1109: Expression expected.
sveltekit-frontend/src/lib/server/db/enhanced-embedding-schema.ts(66,4): error TS1128: Declaration or statement expected.
sveltekit-frontend/src/lib/server/db/enhanced-embedding-schema.ts(74,1): error TS1128: Declaration or statement expected.
sveltekit-frontend/src/lib/server/db/enhanced-embedding-schema.ts(80,12): error TS1109: Expression expected.
sveltekit-frontend/src/lib/server/db/enhanced-embedding-schema.ts(81,15): error TS1109: Expression expected.
sveltekit-frontend/src/lib/server/db/enhanced-embedding-schema.ts(82,15): error TS1109: Expression expected.
sveltekit-frontend/src/lib/server/db/enhanced-embedding-schema.ts(83,20): error TS1109: Expression expected.
sveltekit-frontend/src/lib/server/db/enhanced-embedding-schema.ts(84,16): error TS1109: Expression expected.
sveltekit-frontend/src/lib/server/db/enhanced-embedding-schema.ts(85,13): error TS1109: Expression expected.
sveltekit-frontend/src/lib/server/db/enhanced-embedding-schema.ts(86,18): error TS1109: Expression expected.
sveltekit-frontend/src/lib/server/db/enhanced-embedding-schema.ts(87,16): error TS1109: Expression expected.
sveltekit-frontend/src/lib/server/db/enhanced-embedding-schema.ts(88,13): error TS1109: Expression expected.
sveltekit-frontend/src/lib/server/db/enhanced-embedding-schema.ts(88,41): error TS1136: Property assignment expected.
sveltekit-frontend/src/lib/server/db/enhanced-embedding-schema.ts(94,15): error TS1109: Expression expected.
sveltekit-frontend/src/lib/server/db/enhanced-embedding-schema.ts(95,4): error TS1128: Declaration or statement expected.
sveltekit-frontend/src/lib/server/db/enhanced-embedding-schema.ts(102,1): error TS1128: Declaration or statement expected.
sveltekit-frontend/src/lib/server/db/enhanced-embedding-schema.ts(108,10): error TS1109: Expression expected.
sveltekit-frontend/src/lib/server/db/enhanced-embedding-schema.ts(109,14): error TS1109: Expression expected.
sveltekit-frontend/src/lib/server/db/enhanced-embedding-schema.ts(110,13): error TS1109: Expression expected.
sveltekit-frontend/src/lib/server/db/enhanced-embedding-schema.ts(111,16): error TS1109: Expression expected.
sveltekit-frontend/src/lib/server/db/enhanced-embedding-schema.ts(112,19): error TS1109: Expression expected.
sveltekit-frontend/src/lib/server/db/enhanced-embedding-schema.ts(113,15): error TS1109: Expression expected.
sveltekit-frontend/src/lib/server/db/enhanced-embedding-schema.ts(114,12): error TS1109: Expression expected.
sveltekit-frontend/src/lib/server/db/enhanced-embedding-schema.ts(115,17): error TS1109: Expression expected.
sveltekit-frontend/src/lib/server/db/enhanced-embedding-schema.ts(116,14): error TS1109: Expression expected.
sveltekit-frontend/src/lib/server/db/enhanced-embedding-schema.ts(117,15): error TS1109: Expression expected.
sveltekit-frontend/src/lib/server/db/enhanced-embedding-schema.ts(118,15): error TS1109: Expression expected.
sveltekit-frontend/src/lib/server/db/enhanced-embedding-schema.ts(119,15): error TS1109: Expression expected.
sveltekit-frontend/src/lib/server/db/enhanced-embedding-schema.ts(120,4): error TS1128: Declaration or statement expected.
sveltekit-frontend/src/lib/server/db/enhanced-embedding-schema.ts(126,1): error TS1128: Declaration or statement expected.
sveltekit-frontend/src/lib/server/db/enhanced-embedding-schema.ts(132,13): error TS1109: Expression expected.
sveltekit-frontend/src/lib/server/db/enhanced-embedding-schema.ts(133,12): error TS1109: Expression expected.
sveltekit-frontend/src/lib/server/db/enhanced-embedding-schema.ts(134,14): error TS1109: Expression expected.
sveltekit-frontend/src/lib/server/db/enhanced-embedding-schema.ts(135,16): error TS1109: Expression expected.
sveltekit-frontend/src/lib/server/db/enhanced-embedding-schema.ts(136,13): error TS1109: Expression expected.
sveltekit-frontend/src/lib/server/db/enhanced-embedding-schema.ts(137,13): error TS1109: Expression expected.
sveltekit-frontend/src/lib/server/db/enhanced-embedding-schema.ts(138,16): error TS1109: Expression expected.
sveltekit-frontend/src/lib/server/db/enhanced-embedding-schema.ts(139,15): error TS1109: Expression expected.
sveltekit-frontend/src/lib/server/db/enhanced-embedding-schema.ts(140,17): error TS1109: Expression expected.
sveltekit-frontend/src/lib/server/db/enhanced-embedding-schema.ts(141,14): error TS1109: Expression expected.
sveltekit-frontend/src/lib/server/db/enhanced-embedding-schema.ts(142,17): error TS1109: Expression expected.
sveltekit-frontend/src/lib/server/db/enhanced-embedding-schema.ts(143,15): error TS1109: Expression expected.
sveltekit-frontend/src/lib/server/db/enhanced-embedding-schema.ts(144,15): error TS1109: Expression expected.
sveltekit-frontend/src/lib/server/db/enhanced-embedding-schema.ts(145,4): error TS1128: Declaration or statement expected.
sveltekit-frontend/src/lib/server/db/enhanced-embedding-schema.ts(153,1): error TS1128: Declaration or statement expected.
sveltekit-frontend/src/lib/server/db/enhanced-embedding-schema.ts(159,13): error TS1109: Expression expected.
sveltekit-frontend/src/lib/server/db/enhanced-embedding-schema.ts(160,16): error TS1109: Expression expected.
sveltekit-frontend/src/lib/server/db/enhanced-embedding-schema.ts(161,10): error TS1109: Expression expected.
sveltekit-frontend/src/lib/server/db/enhanced-embedding-schema.ts(162,20): error TS1109: Expression expected.
sveltekit-frontend/src/lib/server/db/enhanced-embedding-schema.ts(163,17): error TS1109: Expression expected.
sveltekit-frontend/src/lib/server/db/enhanced-embedding-schema.ts(164,16): error TS1109: Expression expected.
sveltekit-frontend/src/lib/server/db/enhanced-embedding-schema.ts(165,16): error TS1109: Expression expected.
sveltekit-frontend/src/lib/server/db/enhanced-embedding-schema.ts(166,15): error TS1109: Expression expected.
sveltekit-frontend/src/lib/server/db/enhanced-embedding-schema.ts(167,17): error TS1109: Expression expected.
sveltekit-frontend/src/lib/server/db/enhanced-embedding-schema.ts(168,14): error TS1109: Expression expected.
sveltekit-frontend/src/lib/server/db/enhanced-embedding-schema.ts(169,18): error TS1109: Expression expected.
sveltekit-frontend/src/lib/server/db/enhanced-embedding-schema.ts(170,15): error TS1109: Expression expected.
sveltekit-frontend/src/lib/server/db/enhanced-embedding-schema.ts(171,15): error TS1109: Expression expected.
sveltekit-frontend/src/lib/server/db/enhanced-embedding-schema.ts(172,4): error TS1128: Declaration or statement expected.
sveltekit-frontend/src/lib/server/db/enhanced-embedding-schema.ts(179,1): error TS1128: Declaration or statement expected.
sveltekit-frontend/src/lib/server/db/enhanced-embedding-schema.ts(184,3): error TS1005: ')' expected.
sveltekit-frontend/src/lib/server/db/enhanced-embedding-schema.ts(195,3): error TS1005: ')' expected.
sveltekit-frontend/src/lib/server/db/enhanced-embedding-schema.ts(205,3): error TS1005: ')' expected.
sveltekit-frontend/src/lib/server/db/enhanced-embedding-schema.ts(247,76): error TS1005: ')' expected.
sveltekit-frontend/src/lib/server/db/enhanced-embedding-schema.ts(248,76): error TS1005: ')' expected.
sveltekit-frontend/src/lib/server/db/enhanced-embedding-schema.ts(253,77): error TS1005: ')' expected.
sveltekit-frontend/src/lib/server/db/enhanced-legal-schema.ts(214,3): error TS1005: ')' expected.
sveltekit-frontend/src/lib/server/db/enhanced-legal-schema.ts(221,3): error TS1005: ')' expected.
sveltekit-frontend/src/lib/server/db/enhanced-legal-schema.ts(227,3): error TS1005: ')' expected.
sveltekit-frontend/src/lib/server/db/enhanced-legal-schema.ts(233,3): error TS1005: ')' expected.
sveltekit-frontend/src/lib/server/db/enhanced-vector-operations.ts(3,1): error TS1128: Declaration or statement expected.
sveltekit-frontend/src/lib/server/db/index-unified.ts(103,82): error TS1005: ',' expected.
sveltekit-frontend/src/lib/server/db/jsonb-legal-schema.ts(35,30): error TS1136: Property assignment expected.
sveltekit-frontend/src/lib/server/db/jsonb-legal-schema.ts(41,32): error TS1136: Property assignment expected.
sveltekit-frontend/src/lib/server/db/jsonb-legal-schema.ts(48,24): error TS1136: Property assignment expected.
sveltekit-frontend/src/lib/server/db/jsonb-legal-schema.ts(52,42): error TS1136: Property assignment expected.
sveltekit-frontend/src/lib/server/db/jsonb-legal-schema.ts(59,25): error TS1136: Property assignment expected.
sveltekit-frontend/src/lib/server/db/jsonb-legal-schema.ts(74,31): error TS1136: Property assignment expected.
sveltekit-frontend/src/lib/server/db/jsonb-legal-schema.ts(79,23): error TS1136: Property assignment expected.
sveltekit-frontend/src/lib/server/db/jsonb-legal-schema.ts(82,30): error TS1136: Property assignment expected.
sveltekit-frontend/src/lib/server/db/jsonb-legal-schema.ts(92,27): error TS1136: Property assignment expected.
sveltekit-frontend/src/lib/server/db/jsonb-legal-schema.ts(98,37): error TS1136: Property assignment expected.
sveltekit-frontend/src/lib/server/db/jsonb-legal-schema.ts(105,24): error TS1136: Property assignment expected.
sveltekit-frontend/src/lib/server/db/jsonb-legal-schema.ts(110,28): error TS1136: Property assignment expected.
sveltekit-frontend/src/lib/server/db/lucia-schema.ts(16,23): error TS1005: ',' expected.
sveltekit-frontend/src/lib/server/db/queries.ts(5,1): error TS1128: Declaration or statement expected.
sveltekit-frontend/src/lib/server/db/queries.ts(24,16): error TS1005: ')' expected.
sveltekit-frontend/src/lib/server/db/queries.ts(37,16): error TS1005: ')' expected.
sveltekit-frontend/src/lib/server/db/queries.ts(55,7): error TS1128: Declaration or statement expected.
sveltekit-frontend/src/lib/server/db/queries.ts(71,13): error TS1005: ',' expected.
sveltekit-frontend/src/lib/server/db/queries.ts(79,19): error TS1005: ')' expected.
sveltekit-frontend/src/lib/server/db/query-utils.ts(5,1): error TS1128: Declaration or statement expected.
sveltekit-frontend/src/lib/server/db/query-utils.ts(33,71): error TS1005: ')' expected.
sveltekit-frontend/src/lib/server/db/query-utils.ts(35,77): error TS1005: ')' expected.
sveltekit-frontend/src/lib/server/db/query-utils.ts(37,70): error TS1005: ')' expected.
sveltekit-frontend/src/lib/server/db/query-utils.ts(39,75): error TS1005: ')' expected.
sveltekit-frontend/src/lib/server/db/query-utils.ts(41,74): error TS1005: ')' expected.
sveltekit-frontend/src/lib/server/db/query-utils.ts(51,48): error TS1005: ')' expected.
sveltekit-frontend/src/lib/server/db/query-utils.ts(56,55): error TS1005: ')' expected.
sveltekit-frontend/src/lib/server/db/query-utils.ts(60,59): error TS1005: ')' expected.
sveltekit-frontend/src/lib/server/db/query-utils.ts(64,55): error TS1005: ')' expected.
sveltekit-frontend/src/lib/server/db/query-utils.ts(68,67): error TS1005: ')' expected.
sveltekit-frontend/src/lib/server/db/query-utils.ts(72,67): error TS1005: ')' expected.
sveltekit-frontend/src/lib/server/db/query-utils.ts(76,63): error TS1005: ')' expected.
sveltekit-frontend/src/lib/server/db/query-utils.ts(80,65): error TS1005: ')' expected.
sveltekit-frontend/src/lib/server/db/query-utils.ts(84,55): error TS1005: ')' expected.
sveltekit-frontend/src/lib/server/db/query-utils.ts(93,19): error TS1005: ',' expected.
sveltekit-frontend/src/lib/server/db/query-utils.ts(94,35): error TS1005: ',' expected.
sveltekit-frontend/src/lib/server/db/query-utils.ts(106,5): error TS1005: ',' expected.
sveltekit-frontend/src/lib/server/db/query-utils.ts(106,26): error TS1005: ',' expected.
sveltekit-frontend/src/lib/server/db/query-utils.ts(108,54): error TS1005: ')' expected.
sveltekit-frontend/src/lib/server/db/query-utils.ts(109,72): error TS1005: ')' expected.
sveltekit-frontend/src/lib/server/db/query-utils.ts(115,26): error TS1005: ',' expected.
sveltekit-frontend/src/lib/server/db/query-utils.ts(116,15): error TS1005: ',' expected.
sveltekit-frontend/src/lib/server/db/query-utils.ts(129,70): error TS1005: ')' expected.
sveltekit-frontend/src/lib/server/db/query-utils.ts(133,15): error TS1134: Variable declaration expected.
sveltekit-frontend/src/lib/server/db/query-utils.ts(134,9): error TS1128: Declaration or statement expected.
sveltekit-frontend/src/lib/server/db/query-utils.ts(134,78): error TS1005: ';' expected.
sveltekit-frontend/src/lib/server/db/query-utils.ts(135,9): error TS1128: Declaration or statement expected.
sveltekit-frontend/src/lib/server/db/query-utils.ts(136,5): error TS1128: Declaration or statement expected.
sveltekit-frontend/src/lib/server/db/relations.ts(8,3): error TS1005: ')' expected.
sveltekit-frontend/src/lib/server/db/relations.ts(11,3): error TS1005: ')' expected.
sveltekit-frontend/src/lib/server/db/relations.ts(17,3): error TS1005: ')' expected.
sveltekit-frontend/src/lib/server/db/relations.ts(20,3): error TS1005: ')' expected.
sveltekit-frontend/src/lib/server/db/schema-canvas.ts(57,37): error TS1005: ',' expected.
sveltekit-frontend/src/lib/server/db/schema-canvas.ts(58,5): error TS1003: Identifier expected.
sveltekit-frontend/src/lib/server/db/schema-canvas.ts(101,33): error TS1005: ',' expected.
sveltekit-frontend/src/lib/server/db/schema-canvas.ts(102,5): error TS1003: Identifier expected.
sveltekit-frontend/src/lib/server/db/schema-canvas.ts(125,30): error TS1005: ',' expected.
sveltekit-frontend/src/lib/server/db/schema-canvas.ts(126,5): error TS1003: Identifier expected.
sveltekit-frontend/src/lib/server/db/schema-canvas.ts(195,3): error TS1005: ')' expected.
sveltekit-frontend/src/lib/server/db/schema-canvas.ts(231,3): error TS1005: ')' expected.
sveltekit-frontend/src/lib/server/db/schema-canvas.ts(250,3): error TS1005: ')' expected.
sveltekit-frontend/src/lib/server/db/schema-gpu-cache.ts(71,3): error TS1005: ')' expected.
sveltekit-frontend/src/lib/server/db/schema-gpu-cache.ts(104,74): error TS1005: ',' expected.
sveltekit-frontend/src/lib/server/db/schema-gpu-cache.ts(122,3): error TS1005: ')' expected.
sveltekit-frontend/src/lib/server/db/schema-gpu-cache.ts(149,74): error TS1005: ',' expected.
sveltekit-frontend/src/lib/server/db/schema-gpu-cache.ts(162,3): error TS1005: ')' expected.
sveltekit-frontend/src/lib/server/db/schema-gpu-cache.ts(182,74): error TS1005: ',' expected.
sveltekit-frontend/src/lib/server/db/schema-gpu-cache.ts(189,3): error TS1005: ')' expected.
sveltekit-frontend/src/lib/server/db/schema-gpu-cache.ts(218,74): error TS1005: ',' expected.
sveltekit-frontend/src/lib/server/db/schema-gpu-cache.ts(229,3): error TS1005: ')' expected.
sveltekit-frontend/src/lib/server/db/schema-gpu-cache.ts(259,3): error TS1005: ')' expected.
sveltekit-frontend/src/lib/server/db/schema-new.ts(420,3): error TS1005: ')' expected.
sveltekit-frontend/src/lib/server/db/schema-new.ts(442,3): error TS1005: ')' expected.
sveltekit-frontend/src/lib/server/db/schema-new.ts(450,3): error TS1005: ')' expected.
sveltekit-frontend/src/lib/server/db/schema-new.ts(464,3): error TS1005: ')' expected.
sveltekit-frontend/src/lib/server/db/schema-new.ts(478,3): error TS1005: ')' expected.
sveltekit-frontend/src/lib/server/db/schema-new.ts(494,3): error TS1005: ')' expected.
sveltekit-frontend/src/lib/server/db/schema-new.ts(500,3): error TS1005: ')' expected.
sveltekit-frontend/src/lib/server/db/schema-new.ts(516,3): error TS1005: ')' expected.
sveltekit-frontend/src/lib/server/db/schema-pgvector-512.ts(21,12): error TS1109: Expression expected.
sveltekit-frontend/src/lib/server/db/schema-pgvector-512.ts(22,11): error TS1109: Expression expected.
sveltekit-frontend/src/lib/server/db/schema-pgvector-512.ts(23,12): error TS1109: Expression expected.
sveltekit-frontend/src/lib/server/db/schema-pgvector-512.ts(24,13): error TS1109: Expression expected.
sveltekit-frontend/src/lib/server/db/schema-pgvector-512.ts(25,10): error TS1109: Expression expected.
sveltekit-frontend/src/lib/server/db/schema-pgvector-512.ts(26,15): error TS1109: Expression expected.
sveltekit-frontend/src/lib/server/db/schema-pgvector-512.ts(27,14): error TS1109: Expression expected.
sveltekit-frontend/src/lib/server/db/schema-pgvector-512.ts(28,11): error TS1109: Expression expected.
sveltekit-frontend/src/lib/server/db/schema-pgvector-512.ts(29,14): error TS1109: Expression expected.
sveltekit-frontend/src/lib/server/db/schema-pgvector-512.ts(30,15): error TS1109: Expression expected.
sveltekit-frontend/src/lib/server/db/schema-pgvector-512.ts(31,15): error TS1109: Expression expected.
sveltekit-frontend/src/lib/server/db/schema-pgvector-512.ts(32,4): error TS1128: Declaration or statement expected.
sveltekit-frontend/src/lib/server/db/schema-pgvector-512.ts(42,1): error TS1109: Expression expected.
sveltekit-frontend/src/lib/server/db/schema-pgvector-512.ts(48,16): error TS1109: Expression expected.
sveltekit-frontend/src/lib/server/db/schema-pgvector-512.ts(49,11): error TS1109: Expression expected.
sveltekit-frontend/src/lib/server/db/schema-pgvector-512.ts(50,12): error TS1109: Expression expected.
sveltekit-frontend/src/lib/server/db/schema-pgvector-512.ts(51,13): error TS1109: Expression expected.
sveltekit-frontend/src/lib/server/db/schema-pgvector-512.ts(52,10): error TS1109: Expression expected.
sveltekit-frontend/src/lib/server/db/schema-pgvector-512.ts(53,15): error TS1109: Expression expected.
sveltekit-frontend/src/lib/server/db/schema-pgvector-512.ts(54,14): error TS1109: Expression expected.
sveltekit-frontend/src/lib/server/db/schema-pgvector-512.ts(55,11): error TS1109: Expression expected.
sveltekit-frontend/src/lib/server/db/schema-pgvector-512.ts(56,14): error TS1109: Expression expected.
sveltekit-frontend/src/lib/server/db/schema-pgvector-512.ts(57,15): error TS1109: Expression expected.
sveltekit-frontend/src/lib/server/db/schema-pgvector-512.ts(58,15): error TS1109: Expression expected.
sveltekit-frontend/src/lib/server/db/schema-pgvector-512.ts(59,4): error TS1128: Declaration or statement expected.
sveltekit-frontend/src/lib/server/db/schema-pgvector-512.ts(67,1): error TS1109: Expression expected.
sveltekit-frontend/src/lib/server/db/schema-pgvector-512.ts(73,16): error TS1109: Expression expected.
sveltekit-frontend/src/lib/server/db/schema-pgvector-512.ts(74,12): error TS1109: Expression expected.
sveltekit-frontend/src/lib/server/db/schema-pgvector-512.ts(75,16): error TS1109: Expression expected.
sveltekit-frontend/src/lib/server/db/schema-pgvector-512.ts(76,16): error TS1109: Expression expected.
sveltekit-frontend/src/lib/server/db/schema-pgvector-512.ts(77,16): error TS1109: Expression expected.
sveltekit-frontend/src/lib/server/db/schema-pgvector-512.ts(78,17): error TS1109: Expression expected.
sveltekit-frontend/src/lib/server/db/schema-pgvector-512.ts(79,15): error TS1109: Expression expected.
sveltekit-frontend/src/lib/server/db/schema-pgvector-512.ts(80,14): error TS1109: Expression expected.
sveltekit-frontend/src/lib/server/db/schema-pgvector-512.ts(81,16): error TS1109: Expression expected.
sveltekit-frontend/src/lib/server/db/schema-pgvector-512.ts(83,18): error TS1109: Expression expected.
sveltekit-frontend/src/lib/server/db/schema-pgvector-512.ts(84,18): error TS1109: Expression expected.
sveltekit-frontend/src/lib/server/db/schema-pgvector-512.ts(85,18): error TS1109: Expression expected.
sveltekit-frontend/src/lib/server/db/schema-pgvector-512.ts(86,21): error TS1109: Expression expected.
sveltekit-frontend/src/lib/server/db/schema-pgvector-512.ts(87,15): error TS1109: Expression expected.
sveltekit-frontend/src/lib/server/db/schema-pgvector-512.ts(89,23): error TS1109: Expression expected.
sveltekit-frontend/src/lib/server/db/schema-pgvector-512.ts(90,14): error TS1109: Expression expected.
sveltekit-frontend/src/lib/server/db/schema-pgvector-512.ts(91,20): error TS1109: Expression expected.
sveltekit-frontend/src/lib/server/db/schema-pgvector-512.ts(92,21): error TS1109: Expression expected.
sveltekit-frontend/src/lib/server/db/schema-pgvector-512.ts(94,11): error TS1109: Expression expected.
sveltekit-frontend/src/lib/server/db/schema-pgvector-512.ts(95,15): error TS1109: Expression expected.
sveltekit-frontend/src/lib/server/db/schema-pgvector-512.ts(96,15): error TS1109: Expression expected.
sveltekit-frontend/src/lib/server/db/schema-pgvector-512.ts(97,4): error TS1128: Declaration or statement expected.
sveltekit-frontend/src/lib/server/db/schema-pgvector-512.ts(110,1): error TS1109: Expression expected.
sveltekit-frontend/src/lib/server/db/schema-pgvector-512.ts(116,14): error TS1109: Expression expected.
sveltekit-frontend/src/lib/server/db/schema-pgvector-512.ts(117,15): error TS1109: Expression expected.
sveltekit-frontend/src/lib/server/db/schema-pgvector-512.ts(118,11): error TS1109: Expression expected.
sveltekit-frontend/src/lib/server/db/schema-pgvector-512.ts(119,16): error TS1109: Expression expected.
sveltekit-frontend/src/lib/server/db/schema-pgvector-512.ts(120,15): error TS1109: Expression expected.
sveltekit-frontend/src/lib/server/db/schema-pgvector-512.ts(121,18): error TS1109: Expression expected.
sveltekit-frontend/src/lib/server/db/schema-pgvector-512.ts(122,17): error TS1109: Expression expected.
sveltekit-frontend/src/lib/server/db/schema-pgvector-512.ts(123,4): error TS1128: Declaration or statement expected.
sveltekit-frontend/src/lib/server/db/schema-pgvector-512.ts(130,1): error TS1109: Expression expected.
sveltekit-frontend/src/lib/server/db/schema-pgvector-512.ts(138,3): error TS1005: ')' expected.
sveltekit-frontend/src/lib/server/db/schema-pgvector-512.ts(145,3): error TS1005: ')' expected.
sveltekit-frontend/src/lib/server/db/schema-pgvector-512.ts(155,3): error TS1005: ')' expected.
sveltekit-frontend/src/lib/server/db/schema-postgres-enhanced.ts(23,12): error TS1109: Expression expected.
sveltekit-frontend/src/lib/server/db/schema-postgres-enhanced.ts(24,11): error TS1109: Expression expected.
sveltekit-frontend/src/lib/server/db/schema-postgres-enhanced.ts(25,16): error TS1109: Expression expected.
sveltekit-frontend/src/lib/server/db/schema-postgres-enhanced.ts(26,17): error TS1109: Expression expected.
sveltekit-frontend/src/lib/server/db/schema-postgres-enhanced.ts(27,18): error TS1109: Expression expected.
sveltekit-frontend/src/lib/server/db/schema-postgres-enhanced.ts(28,14): error TS1109: Expression expected.
sveltekit-frontend/src/lib/server/db/schema-postgres-enhanced.ts(29,14): error TS1109: Expression expected.
sveltekit-frontend/src/lib/server/db/schema-postgres-enhanced.ts(30,12): error TS1109: Expression expected.
sveltekit-frontend/src/lib/server/db/schema-postgres-enhanced.ts(31,14): error TS1109: Expression expected.
sveltekit-frontend/src/lib/server/db/schema-postgres-enhanced.ts(32,17): error TS1109: Expression expected.
sveltekit-frontend/src/lib/server/db/schema-postgres-enhanced.ts(33,20): error TS1109: Expression expected.
sveltekit-frontend/src/lib/server/db/schema-postgres-enhanced.ts(34,18): error TS1109: Expression expected.
sveltekit-frontend/src/lib/server/db/schema-postgres-enhanced.ts(35,20): error TS1109: Expression expected.
sveltekit-frontend/src/lib/server/db/schema-postgres-enhanced.ts(36,18): error TS1109: Expression expected.
sveltekit-frontend/src/lib/server/db/schema-postgres-enhanced.ts(37,10): error TS1109: Expression expected.
sveltekit-frontend/src/lib/server/db/schema-postgres-enhanced.ts(38,15): error TS1109: Expression expected.
sveltekit-frontend/src/lib/server/db/schema-postgres-enhanced.ts(39,14): error TS1109: Expression expected.
sveltekit-frontend/src/lib/server/db/schema-postgres-enhanced.ts(41,20): error TS1109: Expression expected.
sveltekit-frontend/src/lib/server/db/schema-postgres-enhanced.ts(42,22): error TS1109: Expression expected.
sveltekit-frontend/src/lib/server/db/schema-postgres-enhanced.ts(43,15): error TS1109: Expression expected.
sveltekit-frontend/src/lib/server/db/schema-postgres-enhanced.ts(44,15): error TS1109: Expression expected.
sveltekit-frontend/src/lib/server/db/schema-postgres-enhanced.ts(45,4): error TS1128: Declaration or statement expected.
sveltekit-frontend/src/lib/server/db/schema-postgres-enhanced.ts(54,1): error TS1109: Expression expected.
sveltekit-frontend/src/lib/server/db/schema-postgres-enhanced.ts(59,12): error TS1109: Expression expected.
sveltekit-frontend/src/lib/server/db/schema-postgres-enhanced.ts(60,12): error TS1109: Expression expected.
sveltekit-frontend/src/lib/server/db/schema-postgres-enhanced.ts(61,11): error TS1109: Expression expected.
sveltekit-frontend/src/lib/server/db/schema-postgres-enhanced.ts(62,17): error TS1109: Expression expected.
sveltekit-frontend/src/lib/server/db/schema-postgres-enhanced.ts(63,18): error TS1109: Expression expected.
sveltekit-frontend/src/lib/server/db/schema-postgres-enhanced.ts(64,13): error TS1109: Expression expected.
sveltekit-frontend/src/lib/server/db/schema-postgres-enhanced.ts(66,14): error TS1109: Expression expected.
sveltekit-frontend/src/lib/server/db/schema-postgres-enhanced.ts(67,14): error TS1109: Expression expected.
sveltekit-frontend/src/lib/server/db/schema-postgres-enhanced.ts(68,14): error TS1109: Expression expected.
sveltekit-frontend/src/lib/server/db/schema-postgres-enhanced.ts(69,10): error TS1109: Expression expected.
sveltekit-frontend/src/lib/server/db/schema-postgres-enhanced.ts(71,17): error TS1109: Expression expected.
sveltekit-frontend/src/lib/server/db/schema-postgres-enhanced.ts(72,17): error TS1109: Expression expected.
sveltekit-frontend/src/lib/server/db/schema-postgres-enhanced.ts(73,14): error TS1109: Expression expected.
sveltekit-frontend/src/lib/server/db/schema-postgres-enhanced.ts(74,20): error TS1109: Expression expected.
sveltekit-frontend/src/lib/server/db/schema-postgres-enhanced.ts(76,10): error TS1109: Expression expected.
sveltekit-frontend/src/lib/server/db/schema-postgres-enhanced.ts(77,18): error TS1109: Expression expected.
sveltekit-frontend/src/lib/server/db/schema-postgres-enhanced.ts(78,26): error TS1109: Expression expected.
sveltekit-frontend/src/lib/server/db/schema-postgres-enhanced.ts(80,16): error TS1109: Expression expected.
sveltekit-frontend/src/lib/server/db/schema-postgres-enhanced.ts(81,12): error TS1109: Expression expected.
sveltekit-frontend/src/lib/server/db/schema-postgres-enhanced.ts(82,15): error TS1109: Expression expected.
sveltekit-frontend/src/lib/server/db/schema-postgres-enhanced.ts(83,13): error TS1109: Expression expected.
sveltekit-frontend/src/lib/server/db/schema-postgres-enhanced.ts(85,20): error TS1109: Expression expected.
sveltekit-frontend/src/lib/server/db/schema-postgres-enhanced.ts(86,22): error TS1109: Expression expected.
sveltekit-frontend/src/lib/server/db/schema-postgres-enhanced.ts(88,19): error TS1109: Expression expected.
sveltekit-frontend/src/lib/server/db/schema-postgres-enhanced.ts(89,15): error TS1109: Expression expected.
sveltekit-frontend/src/lib/server/db/schema-postgres-enhanced.ts(90,15): error TS1109: Expression expected.
sveltekit-frontend/src/lib/server/db/schema-postgres-enhanced.ts(91,4): error TS1128: Declaration or statement expected.
sveltekit-frontend/src/lib/server/db/schema-postgres-enhanced.ts(99,1): error TS1109: Expression expected.
sveltekit-frontend/src/lib/server/db/schema-postgres-enhanced.ts(104,12): error TS1109: Expression expected.
sveltekit-frontend/src/lib/server/db/schema-postgres-enhanced.ts(106,15): error TS1109: Expression expected.
sveltekit-frontend/src/lib/server/db/schema-postgres-enhanced.ts(107,14): error TS1109: Expression expected.
sveltekit-frontend/src/lib/server/db/schema-postgres-enhanced.ts(108,16): error TS1109: Expression expected.
sveltekit-frontend/src/lib/server/db/schema-postgres-enhanced.ts(109,13): error TS1109: Expression expected.
sveltekit-frontend/src/lib/server/db/schema-postgres-enhanced.ts(110,17): error TS1109: Expression expected.
sveltekit-frontend/src/lib/server/db/schema-postgres-enhanced.ts(111,18): error TS1109: Expression expected.
sveltekit-frontend/src/lib/server/db/schema-postgres-enhanced.ts(113,13): error TS1109: Expression expected.
sveltekit-frontend/src/lib/server/db/schema-postgres-enhanced.ts(114,11): error TS1109: Expression expected.
sveltekit-frontend/src/lib/server/db/schema-postgres-enhanced.ts(115,11): error TS1109: Expression expected.
sveltekit-frontend/src/lib/server/db/schema-postgres-enhanced.ts(117,26): error TS1109: Expression expected.
sveltekit-frontend/src/lib/server/db/schema-postgres-enhanced.ts(118,20): error TS1109: Expression expected.
sveltekit-frontend/src/lib/server/db/schema-postgres-enhanced.ts(120,12): error TS1109: Expression expected.
sveltekit-frontend/src/lib/server/db/schema-postgres-enhanced.ts(121,12): error TS1109: Expression expected.
sveltekit-frontend/src/lib/server/db/schema-postgres-enhanced.ts(122,14): error TS1109: Expression expected.
sveltekit-frontend/src/lib/server/db/schema-postgres-enhanced.ts(123,15): error TS1109: Expression expected.
sveltekit-frontend/src/lib/server/db/schema-postgres-enhanced.ts(124,25): error TS1109: Expression expected.
sveltekit-frontend/src/lib/server/db/schema-postgres-enhanced.ts(126,12): error TS1109: Expression expected.
sveltekit-frontend/src/lib/server/db/schema-postgres-enhanced.ts(127,17): error TS1109: Expression expected.
sveltekit-frontend/src/lib/server/db/schema-postgres-enhanced.ts(128,21): error TS1109: Expression expected.
sveltekit-frontend/src/lib/server/db/schema-postgres-enhanced.ts(129,21): error TS1109: Expression expected.
sveltekit-frontend/src/lib/server/db/schema-postgres-enhanced.ts(130,21): error TS1109: Expression expected.
sveltekit-frontend/src/lib/server/db/schema-postgres-enhanced.ts(132,21): error TS1109: Expression expected.
sveltekit-frontend/src/lib/server/db/schema-postgres-enhanced.ts(133,11): error TS1109: Expression expected.
sveltekit-frontend/src/lib/server/db/schema-postgres-enhanced.ts(134,14): error TS1109: Expression expected.
sveltekit-frontend/src/lib/server/db/schema-postgres-enhanced.ts(136,22): error TS1109: Expression expected.
sveltekit-frontend/src/lib/server/db/schema-postgres-enhanced.ts(137,15): error TS1109: Expression expected.
sveltekit-frontend/src/lib/server/db/schema-postgres-enhanced.ts(138,15): error TS1109: Expression expected.
sveltekit-frontend/src/lib/server/db/schema-postgres-enhanced.ts(139,4): error TS1128: Declaration or statement expected.
sveltekit-frontend/src/lib/server/db/schema-postgres-enhanced.ts(146,1): error TS1109: Expression expected.
sveltekit-frontend/src/lib/server/db/schema-postgres-enhanced.ts(152,12): error TS1109: Expression expected.
sveltekit-frontend/src/lib/server/db/schema-postgres-enhanced.ts(153,20): error TS1109: Expression expected.
sveltekit-frontend/src/lib/server/db/schema-postgres-enhanced.ts(156,18): error TS1109: Expression expected.
sveltekit-frontend/src/lib/server/db/schema-postgres-enhanced.ts(159,20): error TS1109: Expression expected.
sveltekit-frontend/src/lib/server/db/schema-postgres-enhanced.ts(160,14): error TS1109: Expression expected.
sveltekit-frontend/src/lib/server/db/schema-postgres-enhanced.ts(161,17): error TS1109: Expression expected.
sveltekit-frontend/src/lib/server/db/schema-postgres-enhanced.ts(162,14): error TS1109: Expression expected.
sveltekit-frontend/src/lib/server/db/schema-postgres-enhanced.ts(163,15): error TS1109: Expression expected.
sveltekit-frontend/src/lib/server/db/schema-postgres-enhanced.ts(164,15): error TS1109: Expression expected.
sveltekit-frontend/src/lib/server/db/schema-postgres-enhanced.ts(165,4): error TS1128: Declaration or statement expected.
sveltekit-frontend/src/lib/server/db/schema-postgres-enhanced.ts(173,1): error TS1109: Expression expected.
sveltekit-frontend/src/lib/server/db/schema-postgres-enhanced.ts(179,16): error TS1109: Expression expected.
sveltekit-frontend/src/lib/server/db/schema-postgres-enhanced.ts(180,18): error TS1109: Expression expected.
sveltekit-frontend/src/lib/server/db/schema-postgres-enhanced.ts(181,20): error TS1109: Expression expected.
sveltekit-frontend/src/lib/server/db/schema-postgres-enhanced.ts(182,14): error TS1109: Expression expected.
sveltekit-frontend/src/lib/server/db/schema-postgres-enhanced.ts(183,17): error TS1109: Expression expected.
sveltekit-frontend/src/lib/server/db/schema-postgres-enhanced.ts(184,20): error TS1109: Expression expected.
sveltekit-frontend/src/lib/server/db/schema-postgres-enhanced.ts(185,15): error TS1109: Expression expected.
sveltekit-frontend/src/lib/server/db/schema-postgres-enhanced.ts(186,15): error TS1109: Expression expected.
sveltekit-frontend/src/lib/server/db/schema-postgres-enhanced.ts(187,4): error TS1128: Declaration or statement expected.
sveltekit-frontend/src/lib/server/db/schema-postgres-enhanced.ts(199,1): error TS1109: Expression expected.
sveltekit-frontend/src/lib/server/db/schema-postgres-enhanced.ts(205,14): error TS1109: Expression expected.
sveltekit-frontend/src/lib/server/db/schema-postgres-enhanced.ts(206,15): error TS1109: Expression expected.
sveltekit-frontend/src/lib/server/db/schema-postgres-enhanced.ts(207,11): error TS1109: Expression expected.
sveltekit-frontend/src/lib/server/db/schema-postgres-enhanced.ts(208,15): error TS1109: Expression expected.
sveltekit-frontend/src/lib/server/db/schema-postgres-enhanced.ts(209,4): error TS1128: Declaration or statement expected.
sveltekit-frontend/src/lib/server/db/schema-postgres-enhanced.ts(214,1): error TS1109: Expression expected.
sveltekit-frontend/src/lib/server/db/schema-postgres-enhanced.ts(220,12): error TS1109: Expression expected.
sveltekit-frontend/src/lib/server/db/schema-postgres-enhanced.ts(221,11): error TS1109: Expression expected.
sveltekit-frontend/src/lib/server/db/schema-postgres-enhanced.ts(222,10): error TS1109: Expression expected.
sveltekit-frontend/src/lib/server/db/schema-postgres-enhanced.ts(223,14): error TS1109: Expression expected.
sveltekit-frontend/src/lib/server/db/schema-postgres-enhanced.ts(224,15): error TS1109: Expression expected.
sveltekit-frontend/src/lib/server/db/schema-postgres-enhanced.ts(225,15): error TS1109: Expression expected.
sveltekit-frontend/src/lib/server/db/schema-postgres-enhanced.ts(226,4): error TS1128: Declaration or statement expected.
sveltekit-frontend/src/lib/server/db/schema-postgres-enhanced.ts(231,1): error TS1109: Expression expected.
sveltekit-frontend/src/lib/server/db/schema-postgres-enhanced.ts(236,20): error TS1109: Expression expected.
sveltekit-frontend/src/lib/server/db/schema-postgres-enhanced.ts(239,10): error TS1109: Expression expected.
sveltekit-frontend/src/lib/server/db/schema-postgres-enhanced.ts(240,13): error TS1109: Expression expected.
sveltekit-frontend/src/lib/server/db/schema-postgres-enhanced.ts(241,14): error TS1109: Expression expected.
sveltekit-frontend/src/lib/server/db/schema-postgres-enhanced.ts(242,15): error TS1109: Expression expected.
sveltekit-frontend/src/lib/server/db/schema-postgres-enhanced.ts(243,15): error TS1109: Expression expected.
sveltekit-frontend/src/lib/server/db/schema-postgres-enhanced.ts(244,4): error TS1128: Declaration or statement expected.
sveltekit-frontend/src/lib/server/db/schema-postgres-enhanced.ts(251,1): error TS1109: Expression expected.
sveltekit-frontend/src/lib/server/db/schema-postgres-enhanced.ts(257,12): error TS1109: Expression expected.
sveltekit-frontend/src/lib/server/db/schema-postgres-enhanced.ts(258,12): error TS1109: Expression expected.
sveltekit-frontend/src/lib/server/db/schema-postgres-enhanced.ts(259,18): error TS1109: Expression expected.
sveltekit-frontend/src/lib/server/db/schema-postgres-enhanced.ts(260,16): error TS1109: Expression expected.
sveltekit-frontend/src/lib/server/db/schema-postgres-enhanced.ts(261,13): error TS1109: Expression expected.
sveltekit-frontend/src/lib/server/db/schema-postgres-enhanced.ts(262,15): error TS1109: Expression expected.
sveltekit-frontend/src/lib/server/db/schema-postgres-enhanced.ts(263,15): error TS1109: Expression expected.
sveltekit-frontend/src/lib/server/db/schema-postgres-enhanced.ts(264,15): error TS1109: Expression expected.
sveltekit-frontend/src/lib/server/db/schema-postgres-enhanced.ts(265,4): error TS1128: Declaration or statement expected.
sveltekit-frontend/src/lib/server/db/schema-postgres-enhanced.ts(274,1): error TS1109: Expression expected.
sveltekit-frontend/src/lib/server/db/schema-postgres-enhanced.ts(280,9): error TS1109: Expression expected.
sveltekit-frontend/src/lib/server/db/schema-postgres-enhanced.ts(281,11): error TS1109: Expression expected.
sveltekit-frontend/src/lib/server/db/schema-postgres-enhanced.ts(282,17): error TS1109: Expression expected.
sveltekit-frontend/src/lib/server/db/schema-postgres-enhanced.ts(283,14): error TS1109: Expression expected.
sveltekit-frontend/src/lib/server/db/schema-postgres-enhanced.ts(284,17): error TS1109: Expression expected.
sveltekit-frontend/src/lib/server/db/schema-postgres-enhanced.ts(285,15): error TS1109: Expression expected.
sveltekit-frontend/src/lib/server/db/schema-postgres-enhanced.ts(286,15): error TS1109: Expression expected.
sveltekit-frontend/src/lib/server/db/schema-postgres-enhanced.ts(287,15): error TS1109: Expression expected.
sveltekit-frontend/src/lib/server/db/schema-postgres-enhanced.ts(288,4): error TS1128: Declaration or statement expected.
sveltekit-frontend/src/lib/server/db/schema-postgres-enhanced.ts(293,1): error TS1109: Expression expected.
sveltekit-frontend/src/lib/server/db/schema-postgres-enhanced.ts(298,3): error TS1005: ')' expected.
sveltekit-frontend/src/lib/server/db/schema-postgres-enhanced.ts(306,3): error TS1005: ')' expected.
sveltekit-frontend/src/lib/server/db/schema-postgres-enhanced.ts(328,3): error TS1005: ')' expected.
sveltekit-frontend/src/lib/server/db/schema-postgres-enhanced.ts(334,3): error TS1005: ')' expected.
sveltekit-frontend/src/lib/server/db/schema-production-pipeline.ts(53,3): error TS1005: ')' expected.
sveltekit-frontend/src/lib/server/db/schema-production-pipeline.ts(83,3): error TS1005: ')' expected.
sveltekit-frontend/src/lib/server/db/schema-production-pipeline.ts(129,3): error TS1005: ')' expected.
sveltekit-frontend/src/lib/server/db/schema-production-pipeline.ts(167,3): error TS1005: ')' expected.
sveltekit-frontend/src/lib/server/db/schema-production-pipeline.ts(200,3): error TS1005: ')' expected.
sveltekit-frontend/src/lib/server/db/schema-production-pipeline.ts(226,3): error TS1005: ')' expected.
sveltekit-frontend/src/lib/server/db/schema-production-pipeline.ts(259,3): error TS1005: ')' expected.
sveltekit-frontend/src/lib/server/db/schema-production-pipeline.ts(277,3): error TS1005: ')' expected.
sveltekit-frontend/src/lib/server/db/schema-production-pipeline.ts(306,3): error TS1005: ')' expected.
sveltekit-frontend/src/lib/server/db/schema-sqlite.ts(145,3): error TS1005: ')' expected.
sveltekit-frontend/src/lib/server/db/schema-sqlite.ts(159,3): error TS1005: ')' expected.
sveltekit-frontend/src/lib/server/db/schema-sqlite.ts(166,3): error TS1005: ')' expected.
sveltekit-frontend/src/lib/server/db/schema-sqlite.ts(176,3): error TS1005: ')' expected.
sveltekit-frontend/src/lib/server/db/schema-sqlite.ts(192,3): error TS1005: ')' expected.
sveltekit-frontend/src/lib/server/db/schema/gpu-cache-schema.ts(73,3): error TS1005: ')' expected.
sveltekit-frontend/src/lib/server/db/schema/gpu-cache-schema.ts(109,3): error TS1005: ')' expected.
sveltekit-frontend/src/lib/server/db/schema/gpu-cache-schema.ts(129,3): error TS1005: ')' expected.
sveltekit-frontend/src/lib/server/db/schema/gpu-cache-schema.ts(165,3): error TS1005: ')' expected.
sveltekit-frontend/src/lib/server/db/schema/gpu-cache-schema.ts(196,3): error TS1005: ')' expected.
sveltekit-frontend/src/lib/server/db/schema/gpu-cache-schema.ts(204,3): error TS1005: ')' expected.
sveltekit-frontend/src/lib/server/db/schema/gpu-cache-schema.ts(210,3): error TS1005: ')' expected.
sveltekit-frontend/src/lib/server/db/schema/gpu-cache-schema.ts(222,3): error TS1005: ')' expected.
sveltekit-frontend/src/lib/server/db/schema/gpu-cache-schema.ts(228,3): error TS1005: ')' expected.
sveltekit-frontend/src/lib/server/db/schema/gpu-cache-schema.ts(234,3): error TS1005: ')' expected.
sveltekit-frontend/src/lib/server/db/schema/gpu-cache-schema.ts(247,1): error TS1128: Declaration or statement expected.
sveltekit-frontend/src/lib/server/db/setup-database.ts(7,1): error TS1128: Declaration or statement expected.
sveltekit-frontend/src/lib/server/db/unified-client-backup.ts(94,54): error TS1005: ',' expected.
sveltekit-frontend/src/lib/server/db/unified-client-backup.ts(160,44): error TS1005: ',' expected.
sveltekit-frontend/src/lib/server/db/unified-client-backup.ts(177,51): error TS1136: Property assignment expected.
sveltekit-frontend/src/lib/server/db/unified-client-backup.ts(193,71): error TS1005: ')' expected.
sveltekit-frontend/src/lib/server/db/unified-client-backup.ts(198,70): error TS1005: ',' expected.
sveltekit-frontend/src/lib/server/db/unified-client-backup.ts(199,21): error TS1109: Expression expected.
sveltekit-frontend/src/lib/server/db/unified-client-backup.ts(201,22): error TS1109: Expression expected.
sveltekit-frontend/src/lib/server/db/unified-client-backup.ts(202,14): error TS1128: Declaration or statement expected.
sveltekit-frontend/src/lib/server/db/unified-client-backup.ts(206,5): error TS1472: 'catch' or 'finally' expected.
sveltekit-frontend/src/lib/server/db/unified-client-backup.ts(206,7): error TS1005: 'try' expected.
sveltekit-frontend/src/lib/server/db/unified-client-backup.ts(220,21): error TS1005: ')' expected.
sveltekit-frontend/src/lib/server/db/unified-client-backup.ts(222,26): error TS1005: ',' expected.
sveltekit-frontend/src/lib/server/db/unified-client-backup.ts(229,1): error TS1128: Declaration or statement expected.
sveltekit-frontend/src/lib/server/db/unified-client-backup.ts(236,18): error TS1005: ',' expected.
sveltekit-frontend/src/lib/server/db/vector-operations.ts(65,36): error TS1005: ',' expected.
sveltekit-frontend/src/lib/server/db/vector-operations.ts(82,40): error TS1136: Property assignment expected.
sveltekit-frontend/src/lib/server/db/vector-operations.ts(91,7): error TS1005: ')' expected.
sveltekit-frontend/src/lib/server/db/vector-operations.ts(102,5): error TS1128: Declaration or statement expected.
sveltekit-frontend/src/lib/server/db/vector-operations.ts(120,5): error TS1005: ')' expected.
sveltekit-frontend/src/lib/server/db/vector-operations.ts(157,22): error TS1005: ',' expected.
sveltekit-frontend/src/lib/server/db/vector-operations.ts(158,37): error TS1005: ',' expected.
sveltekit-frontend/src/lib/server/db/vector-operations.ts(182,98): error TS1005: ')' expected.
sveltekit-frontend/src/lib/server/db/vector-operations.ts(194,27): error TS1005: ',' expected.
sveltekit-frontend/src/lib/server/db/vector-operations.ts(195,21): error TS1005: ',' expected.
sveltekit-frontend/src/lib/server/db/vector-operations.ts(199,94): error TS1005: ')' expected.
sveltekit-frontend/src/lib/server/db/vector-operations.ts(214,83): error TS1136: Property assignment expected.
sveltekit-frontend/src/lib/server/db/vector-operations.ts(224,7): error TS1005: ')' expected.
sveltekit-frontend/src/lib/server/db/vector-operations.ts(291,20): error TS1005: ',' expected.
sveltekit-frontend/src/lib/server/db/vector-operations.ts(339,42): error TS1109: Expression expected.
sveltekit-frontend/src/lib/server/db/vector-operations.ts(340,5): error TS1128: Declaration or statement expected.
sveltekit-frontend/src/lib/server/db/vector-operations.ts(380,7): error TS1005: ')' expected.
sveltekit-frontend/src/lib/server/db/vector-operations.ts(401,7): error TS1005: ')' expected.
sveltekit-frontend/src/lib/server/db/vector-operations.ts(414,7): error TS1005: ')' expected.
sveltekit-frontend/src/lib/server/db/vector-operations.ts(439,7): error TS1005: ')' expected.
sveltekit-frontend/src/lib/server/db/vector-schema.ts(29,16): error TS1109: Expression expected.
sveltekit-frontend/src/lib/server/db/vector-schema.ts(30,18): error TS1109: Expression expected.
sveltekit-frontend/src/lib/server/db/vector-schema.ts(31,16): error TS1109: Expression expected.
sveltekit-frontend/src/lib/server/db/vector-schema.ts(32,15): error TS1109: Expression expected.
sveltekit-frontend/src/lib/server/db/vector-schema.ts(33,15): error TS1109: Expression expected.
sveltekit-frontend/src/lib/server/db/vector-schema.ts(34,14): error TS1109: Expression expected.
sveltekit-frontend/src/lib/server/db/vector-schema.ts(37,15): error TS1109: Expression expected.
sveltekit-frontend/src/lib/server/db/vector-schema.ts(38,15): error TS1109: Expression expected.
sveltekit-frontend/src/lib/server/db/vector-schema.ts(39,15): error TS1109: Expression expected.
sveltekit-frontend/src/lib/server/db/vector-schema.ts(40,4): error TS1128: Declaration or statement expected.
sveltekit-frontend/src/lib/server/db/vector-schema.ts(51,1): error TS1109: Expression expected.
sveltekit-frontend/src/lib/server/db/vector-schema.ts(66,12): error TS1109: Expression expected.
sveltekit-frontend/src/lib/server/db/vector-schema.ts(67,15): error TS1109: Expression expected.
sveltekit-frontend/src/lib/server/db/vector-schema.ts(68,20): error TS1109: Expression expected.
sveltekit-frontend/src/lib/server/db/vector-schema.ts(69,16): error TS1109: Expression expected.
sveltekit-frontend/src/lib/server/db/vector-schema.ts(70,18): error TS1109: Expression expected.
sveltekit-frontend/src/lib/server/db/vector-schema.ts(71,13): error TS1109: Expression expected.
sveltekit-frontend/src/lib/server/db/vector-schema.ts(75,8): error TS1109: Expression expected.
sveltekit-frontend/src/lib/server/db/vector-schema.ts(75,10): error TS1109: Expression expected.
sveltekit-frontend/src/lib/server/db/vector-schema.ts(77,15): error TS1109: Expression expected.
sveltekit-frontend/src/lib/server/db/vector-schema.ts(78,3): error TS1128: Declaration or statement expected.
sveltekit-frontend/src/lib/server/db/vector-schema.ts(78,4): error TS1128: Declaration or statement expected.
sveltekit-frontend/src/lib/server/db/vector-schema.ts(84,1): error TS1109: Expression expected.
sveltekit-frontend/src/lib/server/db/vector-schema.ts(99,10): error TS1109: Expression expected.
sveltekit-frontend/src/lib/server/db/vector-schema.ts(100,14): error TS1109: Expression expected.
sveltekit-frontend/src/lib/server/db/vector-schema.ts(101,15): error TS1109: Expression expected.
sveltekit-frontend/src/lib/server/db/vector-schema.ts(102,25): error TS1109: Expression expected.
sveltekit-frontend/src/lib/server/db/vector-schema.ts(103,19): error TS1109: Expression expected.
sveltekit-frontend/src/lib/server/db/vector-schema.ts(104,12): error TS1109: Expression expected.
sveltekit-frontend/src/lib/server/db/vector-schema.ts(107,14): error TS1109: Expression expected.
sveltekit-frontend/src/lib/server/db/vector-schema.ts(108,15): error TS1109: Expression expected.
sveltekit-frontend/src/lib/server/db/vector-schema.ts(109,15): error TS1109: Expression expected.
sveltekit-frontend/src/lib/server/db/vector-schema.ts(110,4): error TS1128: Declaration or statement expected.
sveltekit-frontend/src/lib/server/db/vector-schema.ts(118,1): error TS1109: Expression expected.
sveltekit-frontend/src/lib/server/db/vector-schema.ts(128,3): error TS1005: ')' expected.
sveltekit-frontend/src/lib/server/db/vector-search.ts(70,56): error TS1136: Property assignment expected.
sveltekit-frontend/src/lib/server/db/vector-search.ts(126,21): error TS1131: Property or signature expected.
sveltekit-frontend/src/lib/server/db/vector-search.ts(127,8): error TS1005: '>' expected.
sveltekit-frontend/src/lib/server/db/vector-search.ts(127,17): error TS1005: ',' expected.
sveltekit-frontend/src/lib/server/db/vector-search.ts(128,20): error TS1005: ',' expected.
sveltekit-frontend/src/lib/server/db/vector-search.ts(129,24): error TS1005: ',' expected.
sveltekit-frontend/src/lib/server/db/vector-search.ts(131,3): error TS1005: ',' expected.
sveltekit-frontend/src/lib/server/db/vector-search.ts(131,4): error TS1138: Parameter declaration expected.
sveltekit-frontend/src/lib/server/db/vector-search.ts(132,1): error TS1109: Expression expected.
sveltekit-frontend/src/lib/server/db/vector-search.ts(218,21): error TS1005: ',' expected.
sveltekit-frontend/src/lib/server/embedding-cache-middleware.ts(299,25): error TS1005: ',' expected.
sveltekit-frontend/src/lib/server/embedding-gateway.ts(3,1): error TS1128: Declaration or statement expected.
sveltekit-frontend/src/lib/server/embedding-gateway.ts(16,15): error TS1005: ',' expected.
sveltekit-frontend/src/lib/server/embedding-service.ts(9,1): error TS1128: Declaration or statement expected.
sveltekit-frontend/src/lib/server/embedding-service.ts(25,21): error TS1005: ',' expected.
sveltekit-frontend/src/lib/server/embedding-service.ts(44,31): error TS1136: Property assignment expected.
sveltekit-frontend/src/lib/server/embedding-service.ts(46,11): error TS1005: ',' expected.
sveltekit-frontend/src/lib/server/embedding-service.ts(75,20): error TS1005: ',' expected.
sveltekit-frontend/src/lib/server/embedding-service.ts(80,6): error TS1005: ')' expected.
sveltekit-frontend/src/lib/server/embedding-service.ts(110,9): error TS1128: Declaration or statement expected.
sveltekit-frontend/src/lib/server/embedding-service.ts(114,36): error TS1005: ')' expected.
sveltekit-frontend/src/lib/server/embedding-service.ts(157,9): error TS1128: Declaration or statement expected.
sveltekit-frontend/src/lib/server/embedding-service.ts(161,36): error TS1005: ')' expected.
sveltekit-frontend/src/lib/server/embedding-service.ts(172,20): error TS1005: ',' expected.
sveltekit-frontend/src/lib/server/embedding-service.ts(195,9): error TS1005: ',' expected.
sveltekit-frontend/src/lib/server/embedding-service.ts(195,26): error TS1109: Expression expected.
sveltekit-frontend/src/lib/server/embedding-service.ts(195,35): error TS1005: ',' expected.
sveltekit-frontend/src/lib/server/embedding-service.ts(195,36): error TS1136: Property assignment expected.
sveltekit-frontend/src/lib/server/embedding-service.ts(215,26): error TS1109: Expression expected.
sveltekit-frontend/src/lib/server/embedding-service.ts(215,35): error TS1005: ',' expected.
sveltekit-frontend/src/lib/server/embedding-service.ts(215,36): error TS1136: Property assignment expected.
sveltekit-frontend/src/lib/server/embedding-service.ts(248,75): error TS1005: ')' expected.
sveltekit-frontend/src/lib/server/embedding-service.ts(260,25): error TS1005: ',' expected.
sveltekit-frontend/src/lib/server/embedding-service.ts(269,20): error TS1005: ',' expected.
sveltekit-frontend/src/lib/server/embedding/embedding-repository.ts(4,1): error TS1128: Declaration or statement expected.
sveltekit-frontend/src/lib/server/embedding/knn-helper.ts(47,16): error TS1005: ',' expected.
sveltekit-frontend/src/lib/server/embedding/knn-helper.ts(49,8): error TS1005: ',' expected.
sveltekit-frontend/src/lib/server/embedding/knn-helper.ts(57,67): error TS1005: ')' expected.
sveltekit-frontend/src/lib/server/fetch-wrapper.ts(25,57): error TS1109: Expression expected.
sveltekit-frontend/src/lib/server/fetch-wrapper.ts(25,87): error TS1109: Expression expected.
sveltekit-frontend/src/lib/server/fetch-wrapper.ts(34,73): error TS1005: ')' expected.
sveltekit-frontend/src/lib/server/gpu-thread-coordinator-broken.ts(5,1): error TS1128: Declaration or statement expected.
sveltekit-frontend/src/lib/server/http-cache-headers.ts(6,1): error TS1128: Declaration or statement expected.
sveltekit-frontend/src/lib/server/http-cache-headers.ts(105,19): error TS1005: ')' expected.
sveltekit-frontend/src/lib/server/http-cache-headers.ts(113,56): error TS1005: ',' expected.
sveltekit-frontend/src/lib/server/http-cache-headers.ts(134,68): error TS1005: ')' expected.
sveltekit-frontend/src/lib/server/http-cache-headers.ts(148,56): error TS1005: ',' expected.
sveltekit-frontend/src/lib/server/http-cache-headers.ts(174,3): error TS1005: ',' expected.
sveltekit-frontend/src/lib/server/http-cache-headers.ts(174,22): error TS1005: ',' expected.
sveltekit-frontend/src/lib/server/http-cache-headers.ts(182,69): error TS1005: ')' expected.
sveltekit-frontend/src/lib/server/http-cache-headers.ts(206,60): error TS1005: ')' expected.
sveltekit-frontend/src/lib/server/http-cache-headers.ts(216,82): error TS1005: '>' expected.
sveltekit-frontend/src/lib/server/http-cache-headers.ts(216,83): error TS1138: Parameter declaration expected.
sveltekit-frontend/src/lib/server/http-cache-headers.ts(218,56): error TS1005: ',' expected.
sveltekit-frontend/src/lib/server/indexers/neo4j-indexer.ts(8,66): error TS1005: ')' expected.
sveltekit-frontend/src/lib/server/indexers/qdrant-indexer.ts(8,17): error TS1005: ',' expected.
sveltekit-frontend/src/lib/server/indexers/qdrant-indexer.ts(9,16): error TS1137: Expression or comma expected.
sveltekit-frontend/src/lib/server/indexers/qdrant-indexer.ts(12,18): error TS1109: Expression expected.
sveltekit-frontend/src/lib/server/indexers/qdrant-indexer.ts(13,19): error TS1109: Expression expected.
sveltekit-frontend/src/lib/server/indexers/qdrant-indexer.ts(13,46): error TS1005: ';' expected.
sveltekit-frontend/src/lib/server/indexers/qdrant-indexer.ts(15,7): error TS1128: Declaration or statement expected.
sveltekit-frontend/src/lib/server/indexers/qdrant-indexer.ts(16,6): error TS1472: 'catch' or 'finally' expected.
sveltekit-frontend/src/lib/server/indexers/qdrant-indexer.ts(18,5): error TS1005: 'try' expected.
sveltekit-frontend/src/lib/server/indexers/qdrant-indexer.ts(21,1): error TS1128: Declaration or statement expected.
sveltekit-frontend/src/lib/server/ingest/embed.ts(14,1): error TS1128: Declaration or statement expected.
sveltekit-frontend/src/lib/server/ingest/embed.ts(46,21): error TS1005: ',' expected.
sveltekit-frontend/src/lib/server/ingest/embed.ts(59,29): error TS1136: Property assignment expected.
sveltekit-frontend/src/lib/server/ingest/embed.ts(88,11): error TS1005: ',' expected.
sveltekit-frontend/src/lib/server/ingest/embed.ts(97,21): error TS1005: ',' expected.
sveltekit-frontend/src/lib/server/ingest/embed.ts(110,21): error TS1005: ',' expected.
sveltekit-frontend/src/lib/server/ingest/embed.ts(124,29): error TS1136: Property assignment expected.
sveltekit-frontend/src/lib/server/ingest/embed.ts(144,9): error TS1005: ',' expected.
sveltekit-frontend/src/lib/server/ingest/embed.ts(152,21): error TS1005: ',' expected.
sveltekit-frontend/src/lib/server/ingest/embed.ts(165,21): error TS1005: ',' expected.
sveltekit-frontend/src/lib/server/ingest/embed.ts(180,29): error TS1136: Property assignment expected.
sveltekit-frontend/src/lib/server/ingest/embed.ts(200,9): error TS1005: ',' expected.
sveltekit-frontend/src/lib/server/ingest/embed.ts(208,21): error TS1005: ',' expected.
sveltekit-frontend/src/lib/server/ingest/embed.ts(260,25): error TS1005: ',' expected.
sveltekit-frontend/src/lib/server/ingest/embed.ts(271,25): error TS1005: ',' expected.
sveltekit-frontend/src/lib/server/ingest/embed.ts(286,51): error TS1005: ',' expected.
sveltekit-frontend/src/lib/server/ingest/embed.ts(300,22): error TS1005: ',' expected.
sveltekit-frontend/src/lib/server/ingest/embed.ts(325,19): error TS1005: ',' expected.
sveltekit-frontend/src/lib/server/ingest/embed.ts(337,21): error TS1005: ',' expected.
sveltekit-frontend/src/lib/server/ingest/embed.ts(349,29): error TS1136: Property assignment expected.
sveltekit-frontend/src/lib/server/ingest/extractors.ts(83,54): error TS1005: ',' expected.
sveltekit-frontend/src/lib/server/ingest/extractors.ts(84,35): error TS1109: Expression expected.
sveltekit-frontend/src/lib/server/ingest/extractors.ts(85,8): error TS1472: 'catch' or 'finally' expected.
sveltekit-frontend/src/lib/server/ingest/extractors.ts(102,5): error TS1005: 'try' expected.
sveltekit-frontend/src/lib/server/ingest/extractors.ts(104,21): error TS1005: ',' expected.
sveltekit-frontend/src/lib/server/ingest/extractors.ts(109,1): error TS1128: Declaration or statement expected.
sveltekit-frontend/src/lib/server/ingest/extractors.ts(128,21): error TS1005: ',' expected.
sveltekit-frontend/src/lib/server/ingest/extractors.ts(161,34): error TS1005: ';' expected.
sveltekit-frontend/src/lib/server/ingest/extractors.ts(167,73): error TS1005: ')' expected.
sveltekit-frontend/src/lib/server/ingest/extractors.ts(173,6): error TS1472: 'catch' or 'finally' expected.
sveltekit-frontend/src/lib/server/ingest/extractors.ts(190,5): error TS1005: 'try' expected.
sveltekit-frontend/src/lib/server/ingest/extractors.ts(194,21): error TS1005: ',' expected.
sveltekit-frontend/src/lib/server/ingest/extractors.ts(202,1): error TS1128: Declaration or statement expected.
sveltekit-frontend/src/lib/server/ingest/extractors.ts(224,56): error TS1005: ')' expected.
sveltekit-frontend/src/lib/server/ingest/extractors.ts(234,42): error TS1005: ',' expected.
sveltekit-frontend/src/lib/server/ingest/extractors.ts(242,9): error TS1128: Declaration or statement expected.
sveltekit-frontend/src/lib/server/ingest/extractors.ts(242,10): error TS1128: Declaration or statement expected.
sveltekit-frontend/src/lib/server/ingest/extractors.ts(242,29): error TS1128: Declaration or statement expected.
sveltekit-frontend/src/lib/server/ingest/extractors.ts(245,36): error TS1005: ';' expected.
sveltekit-frontend/src/lib/server/ingest/extractors.ts(246,10): error TS1128: Declaration or statement expected.
sveltekit-frontend/src/lib/server/ingest/extractors.ts(251,67): error TS1005: ')' expected.
sveltekit-frontend/src/lib/server/ingest/extractors.ts(255,8): error TS1472: 'catch' or 'finally' expected.
sveltekit-frontend/src/lib/server/ingest/extractors.ts(272,3): error TS1128: Declaration or statement expected.
sveltekit-frontend/src/lib/server/ingest/extractors.ts(272,5): error TS1005: 'try' expected.
sveltekit-frontend/src/lib/server/ingest/extractors.ts(274,21): error TS1005: ',' expected.
sveltekit-frontend/src/lib/server/ingest/extractors.ts(285,1): error TS1128: Declaration or statement expected.
sveltekit-frontend/src/lib/server/ingest/extractors.ts(326,21): error TS1005: ',' expected.
sveltekit-frontend/src/lib/server/ingest/extractors.ts(346,32): error TS1005: ';' expected.
sveltekit-frontend/src/lib/server/ingest/extractors.ts(350,61): error TS1005: ')' expected.
sveltekit-frontend/src/lib/server/ingest/extractors.ts(366,4): error TS1128: Declaration or statement expected.
sveltekit-frontend/src/lib/server/ingest/extractors.ts(367,1): error TS1128: Declaration or statement expected.
sveltekit-frontend/src/lib/server/ingest/extractors.ts(379,32): error TS1005: ';' expected.
sveltekit-frontend/src/lib/server/ingest/extractors.ts(383,61): error TS1005: ')' expected.
sveltekit-frontend/src/lib/server/ingest/extractors.ts(399,4): error TS1128: Declaration or statement expected.
sveltekit-frontend/src/lib/server/ingest/extractors.ts(400,1): error TS1128: Declaration or statement expected.
sveltekit-frontend/src/lib/server/ingest/extractors.ts(443,21): error TS1005: ',' expected.
sveltekit-frontend/src/lib/server/ingest/extractors.ts(449,21): error TS1005: ',' expected.
sveltekit-frontend/src/lib/server/ingest/ingest-worker.ts(128,78): error TS1005: ')' expected.
sveltekit-frontend/src/lib/server/ingest/simdjson-parser.ts(88,53): error TS1005: ')' expected.
sveltekit-frontend/src/lib/server/ingest/simdjson-parser.ts(136,63): error TS1005: ')' expected.
sveltekit-frontend/src/lib/server/ingest/simdjson-parser.ts(138,78): error TS1005: ')' expected.
sveltekit-frontend/src/lib/server/ingest/worker.ts(79,21): error TS1005: ',' expected.
sveltekit-frontend/src/lib/server/ingest/worker.ts(136,25): error TS1005: ';' expected.
sveltekit-frontend/src/lib/server/ingest/worker.ts(187,19): error TS1005: ',' expected.
sveltekit-frontend/src/lib/server/ingest/worker.ts(197,19): error TS1005: ',' expected.
sveltekit-frontend/src/lib/server/logging/production-logger.ts(7,1): error TS1128: Declaration or statement expected.
sveltekit-frontend/src/lib/server/logging/production-logger.ts(67,85): error TS1005: ')' expected.
sveltekit-frontend/src/lib/server/logging/production-logger.ts(86,31): error TS1136: Property assignment expected.
sveltekit-frontend/src/lib/server/logging/production-logger.ts(105,38): error TS1136: Property assignment expected.
sveltekit-frontend/src/lib/server/logging/production-logger.ts(109,17): error TS1005: ',' expected.
sveltekit-frontend/src/lib/server/logging/production-logger.ts(137,84): error TS1136: Property assignment expected.
sveltekit-frontend/src/lib/server/logging/production-logger.ts(150,84): error TS1136: Property assignment expected.
sveltekit-frontend/src/lib/server/logging/production-logger.ts(176,84): error TS1136: Property assignment expected.
sveltekit-frontend/src/lib/server/logging/production-logger.ts(249,56): error TS1109: Expression expected.
sveltekit-frontend/src/lib/server/logging/production-logger.ts(249,65): error TS1005: ',' expected.
sveltekit-frontend/src/lib/server/logging/production-logger.ts(249,66): error TS1136: Property assignment expected.
sveltekit-frontend/src/lib/server/mcp/multi-core-integration.ts(7,1): error TS1128: Declaration or statement expected.
sveltekit-frontend/src/lib/server/mcp/multi-core-integration.ts(157,31): error TS1136: Property assignment expected.
sveltekit-frontend/src/lib/server/mcp/multi-core-integration.ts(183,11): error TS1005: ',' expected.
sveltekit-frontend/src/lib/server/mcp/multi-core-integration.ts(253,67): error TS1005: ')' expected.
sveltekit-frontend/src/lib/server/mcp/multi-core-integration.ts(274,42): error TS1005: ')' expected.
sveltekit-frontend/src/lib/server/mcp/multi-core-integration.ts(286,49): error TS1005: ')' expected.
sveltekit-frontend/src/lib/server/message-queue.ts(93,56): error TS1005: ')' expected.
sveltekit-frontend/src/lib/server/message-queue.ts(107,34): error TS1109: Expression expected.
sveltekit-frontend/src/lib/server/message-queue.ts(107,43): error TS1005: ',' expected.
sveltekit-frontend/src/lib/server/message-queue.ts(107,44): error TS1136: Property assignment expected.
sveltekit-frontend/src/lib/server/message-queue.ts(250,46): error TS1005: ')' expected.
sveltekit-frontend/src/lib/server/middleware/rate-limiter.ts(106,45): error TS1005: ',' expected.
sveltekit-frontend/src/lib/server/middleware/rate-limiter.ts(114,27): error TS1005: ',' expected.
sveltekit-frontend/src/lib/server/middleware/rate-limiter.ts(123,51): error TS1005: ',' expected.
sveltekit-frontend/src/lib/server/middleware/rate-limiter.ts(124,39): error TS1109: Expression expected.
sveltekit-frontend/src/lib/server/middleware/rate-limiter.ts(125,35): error TS1109: Expression expected.
sveltekit-frontend/src/lib/server/middleware/rate-limiter.ts(125,122): error TS1005: ';' expected.
sveltekit-frontend/src/lib/server/middleware/rate-limiter.ts(128,9): error TS1128: Declaration or statement expected.
sveltekit-frontend/src/lib/server/middleware/rate-limiter.ts(138,3): error TS1128: Declaration or statement expected.
sveltekit-frontend/src/lib/server/middleware/rate-limiter.ts(139,1): error TS1128: Declaration or statement expected.
sveltekit-frontend/src/lib/server/monitoring/logger.ts(6,1): error TS1128: Declaration or statement expected.
sveltekit-frontend/src/lib/server/monitoring/logger.ts(104,7): error TS1128: Declaration or statement expected.
sveltekit-frontend/src/lib/server/monitoring/logger.ts(110,20): error TS1005: ')' expected.
sveltekit-frontend/src/lib/server/monitoring/logger.ts(122,47): error TS1005: ')' expected.
sveltekit-frontend/src/lib/server/monitoring/messaging/rabbitmq-service.ts(26,1): error TS1128: Declaration or statement expected.
sveltekit-frontend/src/lib/server/monitoring/messaging/rabbitmq-service.ts(58,20): error TS1005: ',' expected.
sveltekit-frontend/src/lib/server/monitoring/messaging/rabbitmq-service.ts(71,64): error TS1005: ')' expected.
sveltekit-frontend/src/lib/server/monitoring/messaging/rabbitmq-service.ts(83,61): error TS1005: ',' expected.
sveltekit-frontend/src/lib/server/monitoring/messaging/rabbitmq-service.ts(91,5): error TS1128: Declaration or statement expected.
sveltekit-frontend/src/lib/server/monitoring/messaging/rabbitmq-service.ts(91,6): error TS1128: Declaration or statement expected.
sveltekit-frontend/src/lib/server/monitoring/messaging/rabbitmq-service.ts(92,3): error TS1128: Declaration or statement expected.
sveltekit-frontend/src/lib/server/monitoring/messaging/rabbitmq-service.ts(93,3): error TS1434: Unexpected keyword or identifier.
sveltekit-frontend/src/lib/server/monitoring/messaging/rabbitmq-service.ts(93,23): error TS1109: Expression expected.
sveltekit-frontend/src/lib/server/monitoring/messaging/rabbitmq-service.ts(94,9): error TS1005: ':' expected.
sveltekit-frontend/src/lib/server/monitoring/messaging/rabbitmq-service.ts(95,11): error TS1003: Identifier expected.
sveltekit-frontend/src/lib/server/monitoring/messaging/rabbitmq-service.ts(95,16): error TS1005: ',' expected.
sveltekit-frontend/src/lib/server/monitoring/messaging/rabbitmq-service.ts(95,49): error TS1005: ',' expected.
sveltekit-frontend/src/lib/server/monitoring/messaging/rabbitmq-service.ts(95,51): error TS1136: Property assignment expected.
sveltekit-frontend/src/lib/server/monitoring/messaging/rabbitmq-service.ts(102,5): error TS1128: Declaration or statement expected.
sveltekit-frontend/src/lib/server/monitoring/messaging/rabbitmq-service.ts(102,7): error TS1005: 'try' expected.
sveltekit-frontend/src/lib/server/monitoring/messaging/rabbitmq-service.ts(108,3): error TS1128: Declaration or statement expected.
sveltekit-frontend/src/lib/server/monitoring/messaging/rabbitmq-service.ts(109,3): error TS1434: Unexpected keyword or identifier.
sveltekit-frontend/src/lib/server/monitoring/messaging/rabbitmq-service.ts(109,22): error TS1109: Expression expected.
sveltekit-frontend/src/lib/server/monitoring/messaging/rabbitmq-service.ts(109,36): error TS1109: Expression expected.
sveltekit-frontend/src/lib/server/monitoring/messaging/rabbitmq-service.ts(110,13): error TS1005: ',' expected.
sveltekit-frontend/src/lib/server/monitoring/messaging/rabbitmq-service.ts(110,22): error TS1005: ',' expected.
sveltekit-frontend/src/lib/server/monitoring/messaging/rabbitmq-service.ts(110,36): error TS1005: ',' expected.
sveltekit-frontend/src/lib/server/monitoring/messaging/rabbitmq-service.ts(110,47): error TS1110: Type expected.
sveltekit-frontend/src/lib/server/monitoring/messaging/rabbitmq-service.ts(110,52): error TS1005: ',' expected.
sveltekit-frontend/src/lib/server/monitoring/messaging/rabbitmq-service.ts(110,53): error TS1003: Identifier expected.
sveltekit-frontend/src/lib/server/monitoring/messaging/rabbitmq-service.ts(111,5): error TS1005: ',' expected.
sveltekit-frontend/src/lib/server/monitoring/messaging/rabbitmq-service.ts(111,13): error TS1005: ',' expected.
sveltekit-frontend/src/lib/server/monitoring/messaging/rabbitmq-service.ts(111,25): error TS1005: ',' expected.
sveltekit-frontend/src/lib/server/monitoring/messaging/rabbitmq-service.ts(111,39): error TS1005: ',' expected.
sveltekit-frontend/src/lib/server/monitoring/messaging/rabbitmq-service.ts(111,53): error TS1110: Type expected.
sveltekit-frontend/src/lib/server/monitoring/messaging/rabbitmq-service.ts(111,58): error TS1005: ',' expected.
sveltekit-frontend/src/lib/server/monitoring/messaging/rabbitmq-service.ts(111,59): error TS1003: Identifier expected.
sveltekit-frontend/src/lib/server/monitoring/messaging/rabbitmq-service.ts(112,5): error TS1005: ',' expected.
sveltekit-frontend/src/lib/server/monitoring/messaging/rabbitmq-service.ts(112,9): error TS1005: ':' expected.
sveltekit-frontend/src/lib/server/monitoring/messaging/rabbitmq-service.ts(112,30): error TS1005: ',' expected.
sveltekit-frontend/src/lib/server/monitoring/messaging/rabbitmq-service.ts(113,13): error TS1003: Identifier expected.
sveltekit-frontend/src/lib/server/monitoring/messaging/rabbitmq-service.ts(113,45): error TS1005: ',' expected.
sveltekit-frontend/src/lib/server/monitoring/messaging/rabbitmq-service.ts(115,1): error TS1128: Declaration or statement expected.
sveltekit-frontend/src/lib/server/optimize/query-cache.ts(136,59): error TS1005: ',' expected.
sveltekit-frontend/src/lib/server/optimize/query-cache.ts(136,65): error TS1005: ',' expected.
sveltekit-frontend/src/lib/server/optimize/query-cache.ts(220,17): error TS1434: Unexpected keyword or identifier.
sveltekit-frontend/src/lib/server/pgai/analysis.ts(6,27): error TS1136: Property assignment expected.
sveltekit-frontend/src/lib/server/pgai/compare.ts(6,27): error TS1136: Property assignment expected.
sveltekit-frontend/src/lib/server/pgai/summarize.ts(25,18): error TS1005: ',' expected.
sveltekit-frontend/src/lib/server/rabbitmq.ts(44,20): error TS1005: ',' expected.
sveltekit-frontend/src/lib/server/rabbitmq.ts(52,23): error TS1005: ',' expected.
sveltekit-frontend/src/lib/server/rabbitmq.ts(70,80): error TS1005: ',' expected.
sveltekit-frontend/src/lib/server/rabbitmq.ts(75,20): error TS1005: ',' expected.
sveltekit-frontend/src/lib/server/rabbitmq.ts(83,23): error TS1109: Expression expected.
sveltekit-frontend/src/lib/server/rabbitmq.ts(95,6): error TS1472: 'catch' or 'finally' expected.
sveltekit-frontend/src/lib/server/rabbitmq.ts(96,5): error TS1005: 'try' expected.
sveltekit-frontend/src/lib/server/rabbitmq.ts(100,1): error TS1128: Declaration or statement expected.
sveltekit-frontend/src/lib/server/rabbitmq.ts(114,22): error TS1005: ',' expected.
sveltekit-frontend/src/lib/server/rabbitmq.ts(125,20): error TS1005: ',' expected.
sveltekit-frontend/src/lib/server/ragStreamRegistry.ts(8,1): error TS1128: Declaration or statement expected.
sveltekit-frontend/src/lib/server/ragStreamRegistry.ts(35,29): error TS1109: Expression expected.
sveltekit-frontend/src/lib/server/ragStreamRegistry.ts(80,89): error TS1005: ')' expected.
sveltekit-frontend/src/lib/server/ragStreamRegistry.ts(96,96): error TS1005: ')' expected.
sveltekit-frontend/src/lib/server/ragStreamRegistry.ts(114,21): error TS1005: ')' expected.
sveltekit-frontend/src/lib/server/ragStreamRegistry.ts(129,42): error TS1005: ')' expected.
sveltekit-frontend/src/lib/server/ragStreamRegistry.ts(135,50): error TS1005: ')' expected.
sveltekit-frontend/src/lib/server/rateLimit.ts(3,1): error TS1128: Declaration or statement expected.
sveltekit-frontend/src/lib/server/rateLimit.ts(9,1): error TS1128: Declaration or statement expected.
sveltekit-frontend/src/lib/server/redisPubSub.ts(2,1): error TS1128: Declaration or statement expected.
sveltekit-frontend/src/lib/server/redisRateLimit.ts(4,1): error TS1128: Declaration or statement expected.
sveltekit-frontend/src/lib/server/redisRateLimit.ts(68,66): error TS1005: ')' expected.
sveltekit-frontend/src/lib/server/redisRateLimit.ts(108,34): error TS1005: ',' expected.
sveltekit-frontend/src/lib/server/redisRateLimit.ts(146,26): error TS1005: ',' expected.
sveltekit-frontend/src/lib/server/schemas.ts(8,23): error TS1136: Property assignment expected.
sveltekit-frontend/src/lib/server/search/vector-search.ts(60,4): error TS1128: Declaration or statement expected.
sveltekit-frontend/src/lib/server/search/vector-search.ts(60,5): error TS1128: Declaration or statement expected.
sveltekit-frontend/src/lib/server/search/vector-search.ts(60,6): error TS1128: Declaration or statement expected.
sveltekit-frontend/src/lib/server/search/vector-search.ts(60,7): error TS1005: 'try' expected.
sveltekit-frontend/src/lib/server/search/vector-search.ts(60,19): error TS1005: ')' expected.
sveltekit-frontend/src/lib/server/search/vector-search.ts(60,26): error TS1005: ';' expected.
sveltekit-frontend/src/lib/server/search/vector-search.ts(61,1): error TS1128: Declaration or statement expected.
sveltekit-frontend/src/lib/server/search/vector-search.ts(136,55): error TS1005: ')' expected.
sveltekit-frontend/src/lib/server/search/vector-search.ts(139,46): error TS1138: Parameter declaration expected.
sveltekit-frontend/src/lib/server/search/vector-search.ts(140,16): error TS1005: ',' expected.
sveltekit-frontend/src/lib/server/search/vector-search.ts(149,21): error TS1005: ')' expected.
sveltekit-frontend/src/lib/server/search/vector-search.ts(206,16): error TS1005: ',' expected.
sveltekit-frontend/src/lib/server/search/vector-search.ts(207,31): error TS1005: ',' expected.
sveltekit-frontend/src/lib/server/search/vector-search.ts(232,37): error TS1136: Property assignment expected.
sveltekit-frontend/src/lib/server/search/vector-search.ts(239,64): error TS1109: Expression expected.
sveltekit-frontend/src/lib/server/search/vector-search.ts(239,73): error TS1005: ',' expected.
sveltekit-frontend/src/lib/server/search/vector-search.ts(239,74): error TS1136: Property assignment expected.
sveltekit-frontend/src/lib/server/search/vector-search.ts(242,7): error TS1005: ')' expected.
sveltekit-frontend/src/lib/server/search/vector-search.ts(250,16): error TS1005: ',' expected.
sveltekit-frontend/src/lib/server/search/vector-search.ts(251,21): error TS1005: ',' expected.
sveltekit-frontend/src/lib/server/search/vector-search.ts(265,37): error TS1136: Property assignment expected.
sveltekit-frontend/src/lib/server/search/vector-search.ts(270,24): error TS1109: Expression expected.
sveltekit-frontend/src/lib/server/search/vector-search.ts(270,33): error TS1005: ',' expected.
sveltekit-frontend/src/lib/server/search/vector-search.ts(270,34): error TS1136: Property assignment expected.
sveltekit-frontend/src/lib/server/search/vector-search.ts(273,7): error TS1005: ')' expected.
sveltekit-frontend/src/lib/server/search/vector-search.ts(293,16): error TS1005: ',' expected.
sveltekit-frontend/src/lib/server/search/vector-search.ts(294,31): error TS1005: ',' expected.
sveltekit-frontend/src/lib/server/search/vector-search.ts(344,16): error TS1005: ',' expected.
sveltekit-frontend/src/lib/server/search/vector-search.ts(345,31): error TS1005: ',' expected.
sveltekit-frontend/src/lib/server/search/vector-search.ts(360,9): error TS1128: Declaration or statement expected.
sveltekit-frontend/src/lib/server/search/vector-search.ts(361,17): error TS1137: Expression or comma expected.
sveltekit-frontend/src/lib/server/search/vector-search.ts(362,58): error TS1128: Declaration or statement expected.
sveltekit-frontend/src/lib/server/search/vector-search.ts(364,11): error TS1128: Declaration or statement expected.
sveltekit-frontend/src/lib/server/search/vector-search.ts(365,10): error TS1128: Declaration or statement expected.
sveltekit-frontend/src/lib/server/search/vector-search.ts(366,9): error TS1128: Declaration or statement expected.
sveltekit-frontend/src/lib/server/search/vector-search.ts(367,16): error TS1005: ')' expected.
sveltekit-frontend/src/lib/server/search/vector-search.ts(370,147): error TS1005: ',' expected.
sveltekit-frontend/src/lib/server/search/vector-search.ts(371,17): error TS1109: Expression expected.
sveltekit-frontend/src/lib/server/search/vector-search.ts(372,19): error TS1109: Expression expected.
sveltekit-frontend/src/lib/server/search/vector-search.ts(373,17): error TS1109: Expression expected.
sveltekit-frontend/src/lib/server/search/vector-search.ts(374,20): error TS1109: Expression expected.
sveltekit-frontend/src/lib/server/search/vector-search.ts(374,38): error TS1128: Declaration or statement expected.
sveltekit-frontend/src/lib/server/search/vector-search.ts(376,16): error TS1109: Expression expected.
sveltekit-frontend/src/lib/server/search/vector-search.ts(378,8): error TS1472: 'catch' or 'finally' expected.
sveltekit-frontend/src/lib/server/search/vector-search.ts(384,9): error TS1128: Declaration or statement expected.
sveltekit-frontend/src/lib/server/search/vector-search.ts(385,17): error TS1137: Expression or comma expected.
sveltekit-frontend/src/lib/server/search/vector-search.ts(386,58): error TS1128: Declaration or statement expected.
sveltekit-frontend/src/lib/server/search/vector-search.ts(388,11): error TS1128: Declaration or statement expected.
sveltekit-frontend/src/lib/server/search/vector-search.ts(389,10): error TS1128: Declaration or statement expected.
sveltekit-frontend/src/lib/server/search/vector-search.ts(390,9): error TS1128: Declaration or statement expected.
sveltekit-frontend/src/lib/server/search/vector-search.ts(391,16): error TS1005: ')' expected.
sveltekit-frontend/src/lib/server/search/vector-search.ts(394,147): error TS1005: ',' expected.
sveltekit-frontend/src/lib/server/search/vector-search.ts(395,17): error TS1109: Expression expected.
sveltekit-frontend/src/lib/server/search/vector-search.ts(396,19): error TS1109: Expression expected.
sveltekit-frontend/src/lib/server/search/vector-search.ts(397,17): error TS1109: Expression expected.
sveltekit-frontend/src/lib/server/search/vector-search.ts(398,20): error TS1109: Expression expected.
sveltekit-frontend/src/lib/server/search/vector-search.ts(398,42): error TS1128: Declaration or statement expected.
sveltekit-frontend/src/lib/server/search/vector-search.ts(400,16): error TS1109: Expression expected.
sveltekit-frontend/src/lib/server/search/vector-search.ts(402,7): error TS1128: Declaration or statement expected.
sveltekit-frontend/src/lib/server/search/vector-search.ts(402,8): error TS1128: Declaration or statement expected.
sveltekit-frontend/src/lib/server/search/vector-search.ts(403,5): error TS1128: Declaration or statement expected.
sveltekit-frontend/src/lib/server/search/vector-search.ts(405,3): error TS1128: Declaration or statement expected.
sveltekit-frontend/src/lib/server/search/vector-search.ts(405,5): error TS1005: 'try' expected.
sveltekit-frontend/src/lib/server/search/vector-search.ts(409,1): error TS1128: Declaration or statement expected.
sveltekit-frontend/src/lib/server/search/vector-search.ts(412,16): error TS1005: ',' expected.
sveltekit-frontend/src/lib/server/search/vector-search.ts(466,67): error TS1136: Property assignment expected.
sveltekit-frontend/src/lib/server/search/vector-search.ts(483,15): error TS1005: ')' expected.
sveltekit-frontend/src/lib/server/search/vector-search.ts(541,32): error TS1005: ')' expected.
sveltekit-frontend/src/lib/server/search/vector-search.ts(542,5): error TS1128: Declaration or statement expected.
sveltekit-frontend/src/lib/server/search/vector-search.ts(588,16): error TS1005: ',' expected.
sveltekit-frontend/src/lib/server/search/vector-search.ts(589,31): error TS1005: ',' expected.
sveltekit-frontend/src/lib/server/search/vector-search.ts(597,32): error TS1005: ')' expected.
sveltekit-frontend/src/lib/server/search/vector-search.ts(598,3): error TS1128: Declaration or statement expected.
sveltekit-frontend/src/lib/server/search/vector-search.ts(672,16): error TS1005: ',' expected.
sveltekit-frontend/src/lib/server/search/vector-search.ts(673,31): error TS1005: ',' expected.
sveltekit-frontend/src/lib/server/search/vector-search.ts(680,32): error TS1005: ',' expected.
sveltekit-frontend/src/lib/server/search/vector-search.ts(686,32): error TS1005: ',' expected.
sveltekit-frontend/src/lib/server/search/vector-search.ts(722,16): error TS1005: ',' expected.
sveltekit-frontend/src/lib/server/search/vector-search.ts(723,31): error TS1005: ',' expected.
sveltekit-frontend/src/lib/server/search/vector-search.ts(740,35): error TS1005: ')' expected.
sveltekit-frontend/src/lib/server/search/vector-search.ts(751,35): error TS1005: ')' expected.
sveltekit-frontend/src/lib/server/search/vector-search.ts(785,38): error TS1005: ',' expected.
sveltekit-frontend/src/lib/server/search/vector-search.ts(803,31): error TS1005: ',' expected.
sveltekit-frontend/src/lib/server/services/conversation-service.ts(9,1): error TS1128: Declaration or statement expected.
sveltekit-frontend/src/lib/server/services/conversation-service.ts(20,1): error TS1128: Declaration or statement expected.
sveltekit-frontend/src/lib/server/services/conversation-service.ts(29,1): error TS1128: Declaration or statement expected.
sveltekit-frontend/src/lib/server/services/conversation-service.ts(36,1): error TS1128: Declaration or statement expected.
sveltekit-frontend/src/lib/server/services/conversation-service.ts(85,9): error TS1128: Declaration or statement expected.
sveltekit-frontend/src/lib/server/services/conversation-service.ts(98,7): error TS1128: Declaration or statement expected.
sveltekit-frontend/src/lib/server/services/conversation-service.ts(110,11): error TS1005: ')' expected.
sveltekit-frontend/src/lib/server/services/conversation-service.ts(115,9): error TS1128: Declaration or statement expected.
sveltekit-frontend/src/lib/server/services/conversation-service.ts(128,7): error TS1128: Declaration or statement expected.
sveltekit-frontend/src/lib/server/services/conversation-service.ts(138,75): error TS1005: ')' expected.
sveltekit-frontend/src/lib/server/services/conversation-service.ts(153,7): error TS1128: Declaration or statement expected.
sveltekit-frontend/src/lib/server/services/conversation-service.ts(164,71): error TS1005: ')' expected.
sveltekit-frontend/src/lib/server/services/conversation-service.ts(170,9): error TS1005: ')' expected.
sveltekit-frontend/src/lib/server/services/conversation-service.ts(178,7): error TS1128: Declaration or statement expected.
sveltekit-frontend/src/lib/server/services/conversation-service.ts(269,90): error TS1005: ')' expected.
sveltekit-frontend/src/lib/server/services/conversation-service.ts(313,7): error TS1128: Declaration or statement expected.
sveltekit-frontend/src/lib/server/services/conversation-service.ts(314,7): error TS1128: Declaration or statement expected.
sveltekit-frontend/src/lib/server/services/conversation-service.ts(366,59): error TS1131: Property or signature expected.
sveltekit-frontend/src/lib/server/services/conversation-service.ts(367,5): error TS1068: Unexpected token. A constructor, method, accessor, or property was expected.
sveltekit-frontend/src/lib/server/services/conversation-service.ts(370,7): error TS1005: ')' expected.
sveltekit-frontend/src/lib/server/services/conversation-service.ts(371,3): error TS1128: Declaration or statement expected.
sveltekit-frontend/src/lib/server/services/conversation-service.ts(375,3): error TS1434: Unexpected keyword or identifier.
sveltekit-frontend/src/lib/server/services/conversation-service.ts(375,48): error TS1135: Argument expression expected.
sveltekit-frontend/src/lib/server/services/conversation-service.ts(375,64): error TS1005: ',' expected.
sveltekit-frontend/src/lib/server/services/conversation-service.ts(375,74): error TS1005: ';' expected.
sveltekit-frontend/src/lib/server/services/conversation-service.ts(376,11): error TS1005: ':' expected.
sveltekit-frontend/src/lib/server/services/conversation-service.ts(376,66): error TS1005: ',' expected.
sveltekit-frontend/src/lib/server/services/conversation-service.ts(384,5): error TS1005: ',' expected.
sveltekit-frontend/src/lib/server/services/conversation-service.ts(384,12): error TS1005: ':' expected.
sveltekit-frontend/src/lib/server/services/conversation-service.ts(384,20): error TS1005: ',' expected.
sveltekit-frontend/src/lib/server/services/conversation-service.ts(389,3): error TS1434: Unexpected keyword or identifier.
sveltekit-frontend/src/lib/server/services/conversation-service.ts(389,44): error TS1135: Argument expression expected.
sveltekit-frontend/src/lib/server/services/conversation-service.ts(389,53): error TS1005: ';' expected.
sveltekit-frontend/src/lib/server/services/conversation-service.ts(390,11): error TS1005: ':' expected.
sveltekit-frontend/src/lib/server/services/conversation-service.ts(390,64): error TS1005: ',' expected.
sveltekit-frontend/src/lib/server/services/conversation-service.ts(391,9): error TS1003: Identifier expected.
sveltekit-frontend/src/lib/server/services/conversation-service.ts(394,5): error TS1005: ',' expected.
sveltekit-frontend/src/lib/server/services/conversation-service.ts(394,18): error TS1003: Identifier expected.
sveltekit-frontend/src/lib/server/services/conversation-service.ts(394,37): error TS1005: ',' expected.
sveltekit-frontend/src/lib/server/services/conversation-service.ts(395,18): error TS1003: Identifier expected.
sveltekit-frontend/src/lib/server/services/conversation-service.ts(395,41): error TS1005: ',' expected.
sveltekit-frontend/src/lib/server/services/conversation-service.ts(397,11): error TS1005: ',' expected.
sveltekit-frontend/src/lib/server/services/conversation-service.ts(397,16): error TS1005: ',' expected.
sveltekit-frontend/src/lib/server/services/conversation-service.ts(397,55): error TS1005: ',' expected.
sveltekit-frontend/src/lib/server/services/conversation-service.ts(398,12): error TS1003: Identifier expected.
sveltekit-frontend/src/lib/server/services/conversation-service.ts(401,7): error TS1005: ',' expected.
sveltekit-frontend/src/lib/server/services/conversation-service.ts(402,12): error TS1005: ':' expected.
sveltekit-frontend/src/lib/server/services/conversation-service.ts(402,17): error TS1005: ',' expected.
sveltekit-frontend/src/lib/server/services/conversation-service.ts(404,1): error TS1128: Declaration or statement expected.
sveltekit-frontend/src/lib/server/services/neo4j-service.ts(10,1): error TS1128: Declaration or statement expected.
sveltekit-frontend/src/lib/server/services/neo4j-service.ts(16,1): error TS1128: Declaration or statement expected.
sveltekit-frontend/src/lib/server/services/neo4j-service.ts(24,1): error TS1128: Declaration or statement expected.
sveltekit-frontend/src/lib/server/services/neo4j-service.ts(77,60): error TS1005: ')' expected.
sveltekit-frontend/src/lib/server/services/neo4j-service.ts(108,23): error TS1005: ',' expected.
sveltekit-frontend/src/lib/server/services/neo4j-service.ts(313,9): error TS1135: Argument expression expected.
sveltekit-frontend/src/lib/server/services/neo4j-service.ts(365,83): error TS1005: ';' expected.
sveltekit-frontend/src/lib/server/services/neo4j-service.ts(365,84): error TS1005: '}' expected.
sveltekit-frontend/src/lib/server/services/neo4j-service.ts(365,92): error TS1109: Expression expected.
sveltekit-frontend/src/lib/server/services/neo4j-service.ts(365,99): error TS1128: Declaration or statement expected.
sveltekit-frontend/src/lib/server/services/neo4j-service.ts(365,100): error TS1128: Declaration or statement expected.
sveltekit-frontend/src/lib/server/services/neo4j-service.ts(365,107): error TS1472: 'catch' or 'finally' expected.
sveltekit-frontend/src/lib/server/services/neo4j-service.ts(369,24): error TS1005: ';' expected.
sveltekit-frontend/src/lib/server/services/neo4j-service.ts(369,37): error TS1128: Declaration or statement expected.
sveltekit-frontend/src/lib/server/services/neo4j-service.ts(369,39): error TS1434: Unexpected keyword or identifier.
sveltekit-frontend/src/lib/server/services/neo4j-service.ts(390,37): error TS1005: ';' expected.
sveltekit-frontend/src/lib/server/services/neo4j-service.ts(390,54): error TS1434: Unexpected keyword or identifier.
sveltekit-frontend/src/lib/server/services/neo4j-service.ts(390,65): error TS1128: Declaration or statement expected.
sveltekit-frontend/src/lib/server/services/neo4j-service.ts(397,30): error TS1005: ';' expected.
sveltekit-frontend/src/lib/server/services/neo4j-service.ts(397,47): error TS1434: Unexpected keyword or identifier.
sveltekit-frontend/src/lib/server/services/neo4j-service.ts(435,29): error TS1160: Unterminated template literal.
sveltekit-frontend/src/lib/server/services/OllamaService.ts(6,1): error TS1128: Declaration or statement expected.
sveltekit-frontend/src/lib/server/services/OllamaService.ts(68,23): error TS1005: ';' expected.
sveltekit-frontend/src/lib/server/services/OllamaService.ts(68,24): error TS1131: Property or signature expected.
sveltekit-frontend/src/lib/server/services/OllamaService.ts(70,3): error TS1068: Unexpected token. A constructor, method, accessor, or property was expected.
sveltekit-frontend/src/lib/server/services/OllamaService.ts(70,4): error TS1068: Unexpected token. A constructor, method, accessor, or property was expected.
sveltekit-frontend/src/lib/server/services/OllamaService.ts(70,21): error TS1005: '(' expected.
sveltekit-frontend/src/lib/server/services/OllamaService.ts(70,23): error TS1068: Unexpected token. A constructor, method, accessor, or property was expected.
sveltekit-frontend/src/lib/server/services/OllamaService.ts(85,9): error TS1136: Property assignment expected.
sveltekit-frontend/src/lib/server/services/OllamaService.ts(86,37): error TS1134: Variable declaration expected.
sveltekit-frontend/src/lib/server/services/OllamaService.ts(87,8): error TS1472: 'catch' or 'finally' expected.
sveltekit-frontend/src/lib/server/services/OllamaService.ts(91,9): error TS1128: Declaration or statement expected.
sveltekit-frontend/src/lib/server/services/OllamaService.ts(95,7): error TS1005: 'try' expected.
sveltekit-frontend/src/lib/server/services/OllamaService.ts(99,3): error TS1128: Declaration or statement expected.
sveltekit-frontend/src/lib/server/services/OllamaService.ts(100,3): error TS1434: Unexpected keyword or identifier.
sveltekit-frontend/src/lib/server/services/OllamaService.ts(104,19): error TS1109: Expression expected.
sveltekit-frontend/src/lib/server/services/OllamaService.ts(105,18): error TS1109: Expression expected.
sveltekit-frontend/src/lib/server/services/OllamaService.ts(105,26): error TS1005: ';' expected.
sveltekit-frontend/src/lib/server/services/OllamaService.ts(106,7): error TS2809: Declaration or statement expected. This '=' follows a block of statements, so if you intended to write a destructuring assignment, you might need to wrap the whole assignment in parentheses.
sveltekit-frontend/src/lib/server/services/OllamaService.ts(107,3): error TS1128: Declaration or statement expected.
sveltekit-frontend/src/lib/server/services/OllamaService.ts(107,4): error TS1128: Declaration or statement expected.
sveltekit-frontend/src/lib/server/services/OllamaService.ts(109,12): error TS1005: ':' expected.
sveltekit-frontend/src/lib/server/services/OllamaService.ts(109,49): error TS1005: ',' expected.
sveltekit-frontend/src/lib/server/services/OllamaService.ts(111,3): error TS1434: Unexpected keyword or identifier.
sveltekit-frontend/src/lib/server/services/OllamaService.ts(111,26): error TS1135: Argument expression expected.
sveltekit-frontend/src/lib/server/services/OllamaService.ts(111,43): error TS1005: ',' expected.
sveltekit-frontend/src/lib/server/services/OllamaService.ts(111,53): error TS1005: ';' expected.
sveltekit-frontend/src/lib/server/services/OllamaService.ts(111,70): error TS1011: An element access expression should take an argument.
sveltekit-frontend/src/lib/server/services/OllamaService.ts(112,9): error TS1005: ':' expected.
sveltekit-frontend/src/lib/server/services/OllamaService.ts(113,13): error TS1005: ':' expected.
sveltekit-frontend/src/lib/server/services/OllamaService.ts(121,9): error TS1136: Property assignment expected.
sveltekit-frontend/src/lib/server/services/OllamaService.ts(123,8): error TS1005: ',' expected.
sveltekit-frontend/src/lib/server/services/OllamaService.ts(123,9): error TS1136: Property assignment expected.
sveltekit-frontend/src/lib/server/services/OllamaService.ts(124,11): error TS1003: Identifier expected.
sveltekit-frontend/src/lib/server/services/OllamaService.ts(124,21): error TS1138: Parameter declaration expected.
sveltekit-frontend/src/lib/server/services/OllamaService.ts(124,25): error TS1005: ',' expected.
sveltekit-frontend/src/lib/server/services/OllamaService.ts(124,27): error TS1136: Property assignment expected.
sveltekit-frontend/src/lib/server/services/OllamaService.ts(127,9): error TS1128: Declaration or statement expected.
sveltekit-frontend/src/lib/server/services/OllamaService.ts(136,5): error TS1128: Declaration or statement expected.
sveltekit-frontend/src/lib/server/services/OllamaService.ts(136,7): error TS1005: 'try' expected.
sveltekit-frontend/src/lib/server/services/OllamaService.ts(140,3): error TS1128: Declaration or statement expected.
sveltekit-frontend/src/lib/server/services/OllamaService.ts(141,1): error TS1128: Declaration or statement expected.
sveltekit-frontend/src/lib/server/services/qdrant-client.ts(19,7): error TS1136: Property assignment expected.
sveltekit-frontend/src/lib/server/services/qdrant-client.ts(19,9): error TS1128: Declaration or statement expected.
sveltekit-frontend/src/lib/server/services/qdrant-client.ts(32,3): error TS1472: 'catch' or 'finally' expected.
sveltekit-frontend/src/lib/server/services/qdrant-client.ts(32,5): error TS1005: 'try' expected.
sveltekit-frontend/src/lib/server/services/qdrant-client.ts(35,1): error TS1128: Declaration or statement expected.
sveltekit-frontend/src/lib/server/services/relay-auth-service.ts(25,30): error TS1138: Parameter declaration expected.
sveltekit-frontend/src/lib/server/services/relay-auth-service.ts(29,18): error TS1109: Expression expected.
sveltekit-frontend/src/lib/server/services/relay-auth-service.ts(54,31): error TS1138: Parameter declaration expected.
sveltekit-frontend/src/lib/server/services/relay-auth-service.ts(63,24): error TS1138: Parameter declaration expected.
sveltekit-frontend/src/lib/server/services/relay-auth-service.ts(84,15): error TS1109: Expression expected.
sveltekit-frontend/src/lib/server/services/relay-auth-service.ts(92,30): error TS1138: Parameter declaration expected.
sveltekit-frontend/src/lib/server/services/relay-auth-service.ts(92,79): error TS1109: Expression expected.
sveltekit-frontend/src/lib/server/services/relay-auth-service.ts(101,32): error TS1005: ',' expected.
sveltekit-frontend/src/lib/server/services/relay-auth-service.ts(105,15): error TS1109: Expression expected.
sveltekit-frontend/src/lib/server/services/relay-auth-service.ts(113,31): error TS1005: '{' expected.
sveltekit-frontend/src/lib/server/services/relay-auth-service.ts(113,32): error TS1136: Property assignment expected.
sveltekit-frontend/src/lib/server/services/relay-auth-service.ts(113,47): error TS1005: '(' expected.
sveltekit-frontend/src/lib/server/services/relay-auth-service.ts(116,22): error TS1109: Expression expected.
sveltekit-frontend/src/lib/server/services/relay-auth-service.ts(127,7): error TS1005: ',' expected.
sveltekit-frontend/src/lib/server/services/relay-auth-service.ts(127,9): error TS1472: 'catch' or 'finally' expected.
sveltekit-frontend/src/lib/server/services/relay-auth-service.ts(129,7): error TS1005: ',' expected.
sveltekit-frontend/src/lib/server/services/relay-auth-service.ts(135,13): error TS1005: ',' expected.
sveltekit-frontend/src/lib/server/services/relay-auth-service.ts(135,14): error TS1109: Expression expected.
sveltekit-frontend/src/lib/server/services/relay-auth-service.ts(135,16): error TS1109: Expression expected.
sveltekit-frontend/src/lib/server/services/relay-auth-service.ts(135,18): error TS1434: Unexpected keyword or identifier.
sveltekit-frontend/src/lib/server/services/relay-auth-service.ts(138,35): error TS1109: Expression expected.
sveltekit-frontend/src/lib/server/services/relay-auth-service.ts(139,15): error TS1109: Expression expected.
sveltekit-frontend/src/lib/server/services/relay-auth-service.ts(139,71): error TS1005: ')' expected.
sveltekit-frontend/src/lib/server/services/relay-auth-service.ts(142,4): error TS1128: Declaration or statement expected.
sveltekit-frontend/src/lib/server/services/relay-auth-service.ts(144,3): error TS1434: Unexpected keyword or identifier.
sveltekit-frontend/src/lib/server/services/relay-auth-service.ts(144,23): error TS1109: Expression expected.
sveltekit-frontend/src/lib/server/services/relay-auth-service.ts(145,9): error TS1005: ':' expected.
sveltekit-frontend/src/lib/server/services/relay-auth-service.ts(147,13): error TS1005: ':' expected.
sveltekit-frontend/src/lib/server/services/relay-auth-service.ts(147,70): error TS1005: ',' expected.
sveltekit-frontend/src/lib/server/services/relay-auth-service.ts(148,14): error TS1005: ':' expected.
sveltekit-frontend/src/lib/server/services/relay-auth-service.ts(148,32): error TS1005: ',' expected.
sveltekit-frontend/src/lib/server/services/relay-auth-service.ts(149,7): error TS1005: ',' expected.
sveltekit-frontend/src/lib/server/services/relay-auth-service.ts(154,1): error TS1128: Declaration or statement expected.
sveltekit-frontend/src/lib/server/services/streaming-ingestion-pipeline.ts(56,24): error TS1005: ';' expected.
sveltekit-frontend/src/lib/server/services/streaming-ingestion-pipeline.ts(56,25): error TS1131: Property or signature expected.
sveltekit-frontend/src/lib/server/services/streaming-ingestion-pipeline.ts(57,6): error TS1442: Expected '=' for property initializer.
sveltekit-frontend/src/lib/server/services/streaming-ingestion-pipeline.ts(60,3): error TS1068: Unexpected token. A constructor, method, accessor, or property was expected.
sveltekit-frontend/src/lib/server/services/streaming-ingestion-pipeline.ts(60,5): error TS1068: Unexpected token. A constructor, method, accessor, or property was expected.
sveltekit-frontend/src/lib/server/services/streaming-ingestion-pipeline.ts(68,3): error TS1434: Unexpected keyword or identifier.
sveltekit-frontend/src/lib/server/services/streaming-ingestion-pipeline.ts(73,3): error TS1128: Declaration or statement expected.
sveltekit-frontend/src/lib/server/services/streaming-ingestion-pipeline.ts(73,4): error TS1128: Declaration or statement expected.
sveltekit-frontend/src/lib/server/services/streaming-ingestion-pipeline.ts(74,11): error TS1005: ':' expected.
sveltekit-frontend/src/lib/server/services/streaming-ingestion-pipeline.ts(74,33): error TS1005: ',' expected.
sveltekit-frontend/src/lib/server/services/streaming-ingestion-pipeline.ts(75,11): error TS1005: ':' expected.
sveltekit-frontend/src/lib/server/services/streaming-ingestion-pipeline.ts(84,5): error TS1005: ',' expected.
sveltekit-frontend/src/lib/server/services/streaming-ingestion-pipeline.ts(84,9): error TS1005: ':' expected.
sveltekit-frontend/src/lib/server/services/streaming-ingestion-pipeline.ts(86,13): error TS1005: ':' expected.
sveltekit-frontend/src/lib/server/services/streaming-ingestion-pipeline.ts(86,88): error TS1005: ',' expected.
sveltekit-frontend/src/lib/server/services/streaming-ingestion-pipeline.ts(88,13): error TS1005: ':' expected.
sveltekit-frontend/src/lib/server/services/streaming-ingestion-pipeline.ts(88,90): error TS1005: ',' expected.
sveltekit-frontend/src/lib/server/services/streaming-ingestion-pipeline.ts(90,13): error TS1005: ':' expected.
sveltekit-frontend/src/lib/server/services/streaming-ingestion-pipeline.ts(95,7): error TS1136: Property assignment expected.
sveltekit-frontend/src/lib/server/services/streaming-ingestion-pipeline.ts(95,9): error TS1005: ',' expected.
sveltekit-frontend/src/lib/server/services/streaming-ingestion-pipeline.ts(95,10): error TS1136: Property assignment expected.
sveltekit-frontend/src/lib/server/services/streaming-ingestion-pipeline.ts(96,14): error TS1003: Identifier expected.
sveltekit-frontend/src/lib/server/services/streaming-ingestion-pipeline.ts(96,43): error TS1005: ',' expected.
sveltekit-frontend/src/lib/server/services/streaming-ingestion-pipeline.ts(97,14): error TS1003: Identifier expected.
sveltekit-frontend/src/lib/server/services/streaming-ingestion-pipeline.ts(97,85): error TS1005: ',' expected.
sveltekit-frontend/src/lib/server/services/streaming-ingestion-pipeline.ts(99,13): error TS1005: ':' expected.
sveltekit-frontend/src/lib/server/services/streaming-ingestion-pipeline.ts(99,28): error TS1005: ':' expected.
sveltekit-frontend/src/lib/server/services/streaming-ingestion-pipeline.ts(100,16): error TS1005: ',' expected.
sveltekit-frontend/src/lib/server/services/streaming-ingestion-pipeline.ts(100,19): error TS1109: Expression expected.
sveltekit-frontend/src/lib/server/services/streaming-ingestion-pipeline.ts(100,21): error TS1003: Identifier expected.
sveltekit-frontend/src/lib/server/services/streaming-ingestion-pipeline.ts(100,22): error TS1138: Parameter declaration expected.
sveltekit-frontend/src/lib/server/services/streaming-ingestion-pipeline.ts(100,23): error TS1138: Parameter declaration expected.
sveltekit-frontend/src/lib/server/services/streaming-ingestion-pipeline.ts(100,27): error TS1005: ',' expected.
sveltekit-frontend/src/lib/server/services/streaming-ingestion-pipeline.ts(100,36): error TS1005: ',' expected.
sveltekit-frontend/src/lib/server/services/streaming-ingestion-pipeline.ts(100,45): error TS1005: ',' expected.
sveltekit-frontend/src/lib/server/services/streaming-ingestion-pipeline.ts(100,49): error TS1005: ',' expected.
sveltekit-frontend/src/lib/server/services/streaming-ingestion-pipeline.ts(100,62): error TS1005: ',' expected.
sveltekit-frontend/src/lib/server/services/streaming-ingestion-pipeline.ts(100,64): error TS1136: Property assignment expected.
sveltekit-frontend/src/lib/server/services/streaming-ingestion-pipeline.ts(100,65): error TS1109: Expression expected.
sveltekit-frontend/src/lib/server/services/streaming-ingestion-pipeline.ts(101,9): error TS1109: Expression expected.
sveltekit-frontend/src/lib/server/services/streaming-ingestion-pipeline.ts(109,5): error TS1128: Declaration or statement expected.
sveltekit-frontend/src/lib/server/services/streaming-ingestion-pipeline.ts(109,7): error TS1005: 'try' expected.
sveltekit-frontend/src/lib/server/services/streaming-ingestion-pipeline.ts(115,3): error TS1128: Declaration or statement expected.
sveltekit-frontend/src/lib/server/services/streaming-ingestion-pipeline.ts(117,3): error TS1128: Declaration or statement expected.
sveltekit-frontend/src/lib/server/services/streaming-ingestion-pipeline.ts(117,11): error TS1434: Unexpected keyword or identifier.
sveltekit-frontend/src/lib/server/services/streaming-ingestion-pipeline.ts(117,52): error TS1135: Argument expression expected.
sveltekit-frontend/src/lib/server/services/streaming-ingestion-pipeline.ts(117,73): error TS1005: ',' expected.
sveltekit-frontend/src/lib/server/services/streaming-ingestion-pipeline.ts(117,83): error TS1005: ';' expected.
sveltekit-frontend/src/lib/server/services/streaming-ingestion-pipeline.ts(118,9): error TS1005: ':' expected.
sveltekit-frontend/src/lib/server/services/streaming-ingestion-pipeline.ts(119,14): error TS1005: ':' expected.
sveltekit-frontend/src/lib/server/services/streaming-ingestion-pipeline.ts(119,70): error TS1005: ',' expected.
sveltekit-frontend/src/lib/server/services/streaming-ingestion-pipeline.ts(120,7): error TS1005: ',' expected.
sveltekit-frontend/src/lib/server/services/streaming-ingestion-pipeline.ts(125,3): error TS1128: Declaration or statement expected.
sveltekit-frontend/src/lib/server/services/streaming-ingestion-pipeline.ts(125,11): error TS1434: Unexpected keyword or identifier.
sveltekit-frontend/src/lib/server/services/streaming-ingestion-pipeline.ts(126,27): error TS1011: An element access expression should take an argument.
sveltekit-frontend/src/lib/server/services/streaming-ingestion-pipeline.ts(129,3): error TS1128: Declaration or statement expected.
sveltekit-frontend/src/lib/server/services/streaming-ingestion-pipeline.ts(129,4): error TS1128: Declaration or statement expected.
sveltekit-frontend/src/lib/server/services/streaming-ingestion-pipeline.ts(129,18): error TS1109: Expression expected.
sveltekit-frontend/src/lib/server/services/streaming-ingestion-pipeline.ts(130,11): error TS1005: ':' expected.
sveltekit-frontend/src/lib/server/services/streaming-ingestion-pipeline.ts(145,12): error TS1128: Declaration or statement expected.
sveltekit-frontend/src/lib/server/services/streaming-ingestion-pipeline.ts(145,15): error TS1005: ',' expected.
sveltekit-frontend/src/lib/server/services/streaming-ingestion-pipeline.ts(146,20): error TS1003: Identifier expected.
sveltekit-frontend/src/lib/server/services/streaming-ingestion-pipeline.ts(146,41): error TS1109: Expression expected.
sveltekit-frontend/src/lib/server/services/streaming-ingestion-pipeline.ts(146,42): error TS1136: Property assignment expected.
sveltekit-frontend/src/lib/server/services/streaming-ingestion-pipeline.ts(146,43): error TS1109: Expression expected.
sveltekit-frontend/src/lib/server/services/streaming-ingestion-pipeline.ts(149,11): error TS1128: Declaration or statement expected.
sveltekit-frontend/src/lib/server/services/streaming-ingestion-pipeline.ts(172,9): error TS1128: Declaration or statement expected.
sveltekit-frontend/src/lib/server/services/streaming-ingestion-pipeline.ts(172,11): error TS1005: 'try' expected.
sveltekit-frontend/src/lib/server/services/streaming-ingestion-pipeline.ts(176,7): error TS1128: Declaration or statement expected.
sveltekit-frontend/src/lib/server/services/streaming-ingestion-pipeline.ts(176,8): error TS1128: Declaration or statement expected.
sveltekit-frontend/src/lib/server/services/streaming-ingestion-pipeline.ts(177,5): error TS1128: Declaration or statement expected.
sveltekit-frontend/src/lib/server/services/streaming-ingestion-pipeline.ts(185,84): error TS1136: Property assignment expected.
sveltekit-frontend/src/lib/server/services/streaming-ingestion-pipeline.ts(199,9): error TS1005: ')' expected.
sveltekit-frontend/src/lib/server/services/streaming-ingestion-pipeline.ts(203,92): error TS1136: Property assignment expected.
sveltekit-frontend/src/lib/server/services/streaming-ingestion-pipeline.ts(217,9): error TS1005: ')' expected.
sveltekit-frontend/src/lib/server/services/streaming-ingestion-pipeline.ts(220,3): error TS1128: Declaration or statement expected.
sveltekit-frontend/src/lib/server/services/streaming-ingestion-pipeline.ts(222,3): error TS1128: Declaration or statement expected.
sveltekit-frontend/src/lib/server/services/streaming-ingestion-pipeline.ts(222,11): error TS1434: Unexpected keyword or identifier.
sveltekit-frontend/src/lib/server/services/streaming-ingestion-pipeline.ts(222,45): error TS1135: Argument expression expected.
sveltekit-frontend/src/lib/server/services/streaming-ingestion-pipeline.ts(222,54): error TS1005: ';' expected.
sveltekit-frontend/src/lib/server/services/streaming-ingestion-pipeline.ts(222,84): error TS1011: An element access expression should take an argument.
sveltekit-frontend/src/lib/server/services/streaming-ingestion-pipeline.ts(223,9): error TS1005: ':' expected.
sveltekit-frontend/src/lib/server/services/streaming-ingestion-pipeline.ts(224,13): error TS1005: ':' expected.
sveltekit-frontend/src/lib/server/services/streaming-ingestion-pipeline.ts(224,31): error TS1005: ',' expected.
sveltekit-frontend/src/lib/server/services/streaming-ingestion-pipeline.ts(225,9): error TS1003: Identifier expected.
sveltekit-frontend/src/lib/server/services/streaming-ingestion-pipeline.ts(228,18): error TS1005: ')' expected.
sveltekit-frontend/src/lib/server/services/streaming-ingestion-pipeline.ts(229,18): error TS1138: Parameter declaration expected.
sveltekit-frontend/src/lib/server/services/streaming-ingestion-pipeline.ts(229,27): error TS1109: Expression expected.
sveltekit-frontend/src/lib/server/services/streaming-ingestion-pipeline.ts(229,30): error TS1005: ':' expected.
sveltekit-frontend/src/lib/server/services/streaming-ingestion-pipeline.ts(229,32): error TS1136: Property assignment expected.
sveltekit-frontend/src/lib/server/services/streaming-ingestion-pipeline.ts(233,5): error TS1128: Declaration or statement expected.
sveltekit-frontend/src/lib/server/services/streaming-ingestion-pipeline.ts(233,7): error TS1005: 'try' expected.
sveltekit-frontend/src/lib/server/services/streaming-ingestion-pipeline.ts(237,3): error TS1128: Declaration or statement expected.
sveltekit-frontend/src/lib/server/services/streaming-ingestion-pipeline.ts(238,3): error TS1128: Declaration or statement expected.
sveltekit-frontend/src/lib/server/services/streaming-ingestion-pipeline.ts(238,11): error TS1434: Unexpected keyword or identifier.
sveltekit-frontend/src/lib/server/services/streaming-ingestion-pipeline.ts(240,23): error TS1011: An element access expression should take an argument.
sveltekit-frontend/src/lib/server/services/streaming-ingestion-pipeline.ts(243,3): error TS1128: Declaration or statement expected.
sveltekit-frontend/src/lib/server/services/streaming-ingestion-pipeline.ts(243,4): error TS1128: Declaration or statement expected.
sveltekit-frontend/src/lib/server/services/streaming-ingestion-pipeline.ts(243,18): error TS1109: Expression expected.
sveltekit-frontend/src/lib/server/services/streaming-ingestion-pipeline.ts(244,9): error TS1005: ':' expected.
sveltekit-frontend/src/lib/server/services/streaming-ingestion-pipeline.ts(245,13): error TS1005: ':' expected.
sveltekit-frontend/src/lib/server/services/streaming-ingestion-pipeline.ts(252,7): error TS1005: ',' expected.
sveltekit-frontend/src/lib/server/services/streaming-ingestion-pipeline.ts(252,13): error TS1005: ',' expected.
sveltekit-frontend/src/lib/server/services/streaming-ingestion-pipeline.ts(252,16): error TS1005: ',' expected.
sveltekit-frontend/src/lib/server/services/streaming-ingestion-pipeline.ts(252,61): error TS1005: ',' expected.
sveltekit-frontend/src/lib/server/services/streaming-ingestion-pipeline.ts(253,7): error TS1005: ',' expected.
sveltekit-frontend/src/lib/server/services/streaming-ingestion-pipeline.ts(257,3): error TS1128: Declaration or statement expected.
sveltekit-frontend/src/lib/server/services/streaming-ingestion-pipeline.ts(257,11): error TS1434: Unexpected keyword or identifier.
sveltekit-frontend/src/lib/server/services/streaming-ingestion-pipeline.ts(257,44): error TS1135: Argument expression expected.
sveltekit-frontend/src/lib/server/services/streaming-ingestion-pipeline.ts(257,53): error TS1005: ';' expected.
sveltekit-frontend/src/lib/server/services/streaming-ingestion-pipeline.ts(257,67): error TS1109: Expression expected.
sveltekit-frontend/src/lib/server/services/streaming-ingestion-pipeline.ts(258,9): error TS1005: ':' expected.
sveltekit-frontend/src/lib/server/services/streaming-ingestion-pipeline.ts(259,13): error TS1005: ',' expected.
sveltekit-frontend/src/lib/server/services/streaming-ingestion-pipeline.ts(260,9): error TS1005: ',' expected.
sveltekit-frontend/src/lib/server/services/streaming-ingestion-pipeline.ts(260,35): error TS1005: ',' expected.
sveltekit-frontend/src/lib/server/services/streaming-ingestion-pipeline.ts(261,9): error TS1003: Identifier expected.
sveltekit-frontend/src/lib/server/services/streaming-ingestion-pipeline.ts(265,56): error TS1005: ')' expected.
sveltekit-frontend/src/lib/server/services/streaming-ingestion-pipeline.ts(266,7): error TS1005: ',' expected.
sveltekit-frontend/src/lib/server/services/streaming-ingestion-pipeline.ts(271,3): error TS1128: Declaration or statement expected.
sveltekit-frontend/src/lib/server/services/streaming-ingestion-pipeline.ts(271,33): error TS1135: Argument expression expected.
sveltekit-frontend/src/lib/server/services/streaming-ingestion-pipeline.ts(271,42): error TS1005: ';' expected.
sveltekit-frontend/src/lib/server/services/streaming-ingestion-pipeline.ts(271,44): error TS1434: Unexpected keyword or identifier.
sveltekit-frontend/src/lib/server/services/streaming-ingestion-pipeline.ts(274,3): error TS1128: Declaration or statement expected.
sveltekit-frontend/src/lib/server/services/streaming-ingestion-pipeline.ts(274,11): error TS1434: Unexpected keyword or identifier.
sveltekit-frontend/src/lib/server/services/streaming-ingestion-pipeline.ts(274,50): error TS1135: Argument expression expected.
sveltekit-frontend/src/lib/server/services/streaming-ingestion-pipeline.ts(274,67): error TS1005: ',' expected.
sveltekit-frontend/src/lib/server/services/streaming-ingestion-pipeline.ts(274,87): error TS1005: ';' expected.
sveltekit-frontend/src/lib/server/services/streaming-ingestion-pipeline.ts(274,101): error TS1109: Expression expected.
sveltekit-frontend/src/lib/server/services/streaming-ingestion-pipeline.ts(275,11): error TS1005: ':' expected.
sveltekit-frontend/src/lib/server/services/streaming-ingestion-pipeline.ts(275,55): error TS1005: ',' expected.
sveltekit-frontend/src/lib/server/services/streaming-ingestion-pipeline.ts(276,11): error TS1005: ',' expected.
sveltekit-frontend/src/lib/server/services/streaming-ingestion-pipeline.ts(276,16): error TS1005: ',' expected.
sveltekit-frontend/src/lib/server/services/streaming-ingestion-pipeline.ts(283,7): error TS1005: ',' expected.
sveltekit-frontend/src/lib/server/services/streaming-ingestion-pipeline.ts(284,11): error TS1005: ',' expected.
sveltekit-frontend/src/lib/server/services/streaming-ingestion-pipeline.ts(284,16): error TS1005: ',' expected.
sveltekit-frontend/src/lib/server/services/streaming-ingestion-pipeline.ts(284,47): error TS1005: ',' expected.
sveltekit-frontend/src/lib/server/services/streaming-ingestion-pipeline.ts(287,3): error TS1434: Unexpected keyword or identifier.
sveltekit-frontend/src/lib/server/services/streaming-ingestion-pipeline.ts(287,33): error TS1135: Argument expression expected.
sveltekit-frontend/src/lib/server/services/streaming-ingestion-pipeline.ts(287,47): error TS1005: ';' expected.
sveltekit-frontend/src/lib/server/services/streaming-ingestion-pipeline.ts(288,11): error TS1005: ':' expected.
sveltekit-frontend/src/lib/server/services/streaming-ingestion-pipeline.ts(288,34): error TS1005: ',' expected.
sveltekit-frontend/src/lib/server/services/streaming-ingestion-pipeline.ts(289,16): error TS1003: Identifier expected.
sveltekit-frontend/src/lib/server/services/streaming-ingestion-pipeline.ts(289,56): error TS1005: ',' expected.
sveltekit-frontend/src/lib/server/services/streaming-ingestion-pipeline.ts(290,11): error TS1005: ':' expected.
sveltekit-frontend/src/lib/server/services/streaming-ingestion-pipeline.ts(290,30): error TS1005: ',' expected.
sveltekit-frontend/src/lib/server/services/streaming-ingestion-pipeline.ts(291,7): error TS1003: Identifier expected.
sveltekit-frontend/src/lib/server/services/streaming-ingestion-pipeline.ts(293,14): error TS1005: '{' expected.
sveltekit-frontend/src/lib/server/services/streaming-ingestion-pipeline.ts(294,32): error TS1138: Parameter declaration expected.
sveltekit-frontend/src/lib/server/services/streaming-ingestion-pipeline.ts(294,58): error TS1005: ',' expected.
sveltekit-frontend/src/lib/server/services/streaming-ingestion-pipeline.ts(294,59): error TS1136: Property assignment expected.
sveltekit-frontend/src/lib/server/services/streaming-ingestion-pipeline.ts(295,32): error TS1138: Parameter declaration expected.
sveltekit-frontend/src/lib/server/services/streaming-ingestion-pipeline.ts(295,47): error TS1005: ':' expected.
sveltekit-frontend/src/lib/server/services/streaming-ingestion-pipeline.ts(296,9): error TS1136: Property assignment expected.
sveltekit-frontend/src/lib/server/services/streaming-ingestion-pipeline.ts(297,7): error TS1136: Property assignment expected.
sveltekit-frontend/src/lib/server/services/streaming-ingestion-pipeline.ts(297,8): error TS1136: Property assignment expected.
sveltekit-frontend/src/lib/server/services/streaming-ingestion-pipeline.ts(298,12): error TS1005: ':' expected.
sveltekit-frontend/src/lib/server/services/streaming-ingestion-pipeline.ts(298,31): error TS1109: Expression expected.
sveltekit-frontend/src/lib/server/services/streaming-ingestion-pipeline.ts(298,34): error TS1005: ':' expected.
sveltekit-frontend/src/lib/server/services/streaming-ingestion-pipeline.ts(300,1): error TS1128: Declaration or statement expected.
sveltekit-frontend/src/lib/server/services/streaming-ingestion-pipeline.ts(319,45): error TS1136: Property assignment expected.
sveltekit-frontend/src/lib/server/services/streaming-ingestion-pipeline.ts(320,8): error TS1472: 'catch' or 'finally' expected.
sveltekit-frontend/src/lib/server/services/streaming-ingestion-pipeline.ts(332,3): error TS1128: Declaration or statement expected.
sveltekit-frontend/src/lib/server/services/streaming-ingestion-pipeline.ts(332,11): error TS1434: Unexpected keyword or identifier.
sveltekit-frontend/src/lib/server/services/streaming-ingestion-pipeline.ts(332,48): error TS1135: Argument expression expected.
sveltekit-frontend/src/lib/server/services/streaming-ingestion-pipeline.ts(332,57): error TS1005: ';' expected.
sveltekit-frontend/src/lib/server/services/streaming-ingestion-pipeline.ts(332,74): error TS1011: An element access expression should take an argument.
sveltekit-frontend/src/lib/server/services/streaming-ingestion-pipeline.ts(334,11): error TS1005: ':' expected.
sveltekit-frontend/src/lib/server/services/streaming-ingestion-pipeline.ts(334,60): error TS1005: ',' expected.
sveltekit-frontend/src/lib/server/services/streaming-ingestion-pipeline.ts(335,11): error TS1005: ':' expected.
sveltekit-frontend/src/lib/server/services/streaming-ingestion-pipeline.ts(335,37): error TS1005: ',' expected.
sveltekit-frontend/src/lib/server/services/streaming-ingestion-pipeline.ts(336,14): error TS1005: ',' expected.
sveltekit-frontend/src/lib/server/services/streaming-ingestion-pipeline.ts(336,17): error TS1109: Expression expected.
sveltekit-frontend/src/lib/server/services/streaming-ingestion-pipeline.ts(336,19): error TS1003: Identifier expected.
sveltekit-frontend/src/lib/server/services/streaming-ingestion-pipeline.ts(336,20): error TS1138: Parameter declaration expected.
sveltekit-frontend/src/lib/server/services/streaming-ingestion-pipeline.ts(336,21): error TS1138: Parameter declaration expected.
sveltekit-frontend/src/lib/server/services/streaming-ingestion-pipeline.ts(336,25): error TS1005: ',' expected.
sveltekit-frontend/src/lib/server/services/streaming-ingestion-pipeline.ts(336,27): error TS1003: Identifier expected.
sveltekit-frontend/src/lib/server/services/streaming-ingestion-pipeline.ts(336,30): error TS1138: Parameter declaration expected.
sveltekit-frontend/src/lib/server/services/streaming-ingestion-pipeline.ts(336,31): error TS1138: Parameter declaration expected.
sveltekit-frontend/src/lib/server/services/streaming-ingestion-pipeline.ts(336,34): error TS1005: ',' expected.
sveltekit-frontend/src/lib/server/services/streaming-ingestion-pipeline.ts(336,36): error TS1005: ';' expected.
sveltekit-frontend/src/lib/server/services/streaming-ingestion-pipeline.ts(336,39): error TS1109: Expression expected.
sveltekit-frontend/src/lib/server/services/streaming-ingestion-pipeline.ts(337,21): error TS1109: Expression expected.
sveltekit-frontend/src/lib/server/services/streaming-ingestion-pipeline.ts(340,3): error TS1128: Declaration or statement expected.
sveltekit-frontend/src/lib/server/services/streaming-ingestion-pipeline.ts(341,1): error TS1128: Declaration or statement expected.
sveltekit-frontend/src/lib/server/services/streaming-ingestion-pipeline.ts(346,54): error TS1005: ')' expected.
sveltekit-frontend/src/lib/server/services/streaming-ingestion-pipeline.ts(354,43): error TS1005: ')' expected.
sveltekit-frontend/src/lib/server/services/streaming-ingestion-pipeline.ts(356,43): error TS1005: ')' expected.
sveltekit-frontend/src/lib/server/services/streaming-ingestion-pipeline.ts(392,26): error TS1005: ',' expected.
sveltekit-frontend/src/lib/server/services/streaming-ingestion-pipeline.ts(401,64): error TS1005: ';' expected.
sveltekit-frontend/src/lib/server/services/user-recommendation-service.ts(29,1): error TS1128: Declaration or statement expected.
sveltekit-frontend/src/lib/server/services/user-recommendation-service.ts(54,26): error TS1005: ';' expected.
sveltekit-frontend/src/lib/server/services/user-recommendation-service.ts(55,4): error TS1128: Declaration or statement expected.
sveltekit-frontend/src/lib/server/services/user-recommendation-service.ts(55,5): error TS1128: Declaration or statement expected.
sveltekit-frontend/src/lib/server/services/user-recommendation-service.ts(56,9): error TS1005: ':' expected.
sveltekit-frontend/src/lib/server/services/user-recommendation-service.ts(57,13): error TS1005: ':' expected.
sveltekit-frontend/src/lib/server/services/user-recommendation-service.ts(57,42): error TS1005: ',' expected.
sveltekit-frontend/src/lib/server/services/user-recommendation-service.ts(59,13): error TS1005: ',' expected.
sveltekit-frontend/src/lib/server/services/user-recommendation-service.ts(59,16): error TS1005: ',' expected.
sveltekit-frontend/src/lib/server/services/user-recommendation-service.ts(71,33): error TS1109: Expression expected.
sveltekit-frontend/src/lib/server/services/user-recommendation-service.ts(73,9): error TS1005: ',' expected.
sveltekit-frontend/src/lib/server/services/user-recommendation-service.ts(75,18): error TS1138: Parameter declaration expected.
sveltekit-frontend/src/lib/server/services/user-recommendation-service.ts(75,29): error TS1005: ',' expected.
sveltekit-frontend/src/lib/server/services/user-recommendation-service.ts(75,31): error TS1136: Property assignment expected.
sveltekit-frontend/src/lib/server/services/user-recommendation-service.ts(76,28): error TS1137: Expression or comma expected.
sveltekit-frontend/src/lib/server/services/user-recommendation-service.ts(95,9): error TS1128: Declaration or statement expected.
sveltekit-frontend/src/lib/server/services/user-recommendation-service.ts(95,10): error TS1128: Declaration or statement expected.
sveltekit-frontend/src/lib/server/services/user-recommendation-service.ts(99,11): error TS1128: Declaration or statement expected.
sveltekit-frontend/src/lib/server/services/user-recommendation-service.ts(103,54): error TS1005: ')' expected.
sveltekit-frontend/src/lib/server/services/user-recommendation-service.ts(106,5): error TS1128: Declaration or statement expected.
sveltekit-frontend/src/lib/server/services/user-recommendation-service.ts(106,7): error TS1005: 'try' expected.
sveltekit-frontend/src/lib/server/services/user-recommendation-service.ts(110,3): error TS1128: Declaration or statement expected.
sveltekit-frontend/src/lib/server/services/user-recommendation-service.ts(114,3): error TS1434: Unexpected keyword or identifier.
sveltekit-frontend/src/lib/server/services/user-recommendation-service.ts(114,33): error TS1135: Argument expression expected.
sveltekit-frontend/src/lib/server/services/user-recommendation-service.ts(115,19): error TS1005: ',' expected.
sveltekit-frontend/src/lib/server/services/user-recommendation-service.ts(116,20): error TS1005: ',' expected.
sveltekit-frontend/src/lib/server/services/user-recommendation-service.ts(117,25): error TS1005: ',' expected.
sveltekit-frontend/src/lib/server/services/user-recommendation-service.ts(118,3): error TS1128: Declaration or statement expected.
sveltekit-frontend/src/lib/server/services/user-recommendation-service.ts(118,4): error TS1128: Declaration or statement expected.
sveltekit-frontend/src/lib/server/services/user-recommendation-service.ts(118,5): error TS1128: Declaration or statement expected.
sveltekit-frontend/src/lib/server/services/user-recommendation-service.ts(119,9): error TS1005: ':' expected.
sveltekit-frontend/src/lib/server/services/user-recommendation-service.ts(120,13): error TS1005: ':' expected.
sveltekit-frontend/src/lib/server/services/user-recommendation-service.ts(120,44): error TS1005: ',' expected.
sveltekit-frontend/src/lib/server/services/user-recommendation-service.ts(121,13): error TS1005: ',' expected.
sveltekit-frontend/src/lib/server/services/user-recommendation-service.ts(121,16): error TS1005: ',' expected.
sveltekit-frontend/src/lib/server/services/user-recommendation-service.ts(128,23): error TS1005: ',' expected.
sveltekit-frontend/src/lib/server/services/user-recommendation-service.ts(129,26): error TS1109: Expression expected.
sveltekit-frontend/src/lib/server/services/user-recommendation-service.ts(129,35): error TS1005: ',' expected.
sveltekit-frontend/src/lib/server/services/user-recommendation-service.ts(129,36): error TS1136: Property assignment expected.
sveltekit-frontend/src/lib/server/services/user-recommendation-service.ts(132,9): error TS1005: ',' expected.
sveltekit-frontend/src/lib/server/services/user-recommendation-service.ts(133,14): error TS1005: ':' expected.
sveltekit-frontend/src/lib/server/services/user-recommendation-service.ts(133,24): error TS1005: ',' expected.
sveltekit-frontend/src/lib/server/services/user-recommendation-service.ts(134,7): error TS1005: ',' expected.
sveltekit-frontend/src/lib/server/services/user-recommendation-service.ts(143,3): error TS1434: Unexpected keyword or identifier.
sveltekit-frontend/src/lib/server/services/user-recommendation-service.ts(143,36): error TS1135: Argument expression expected.
sveltekit-frontend/src/lib/server/services/user-recommendation-service.ts(143,45): error TS1005: ';' expected.
sveltekit-frontend/src/lib/server/services/user-recommendation-service.ts(144,9): error TS1005: ':' expected.
sveltekit-frontend/src/lib/server/services/user-recommendation-service.ts(145,13): error TS1005: ':' expected.
sveltekit-frontend/src/lib/server/services/user-recommendation-service.ts(149,9): error TS1005: ',' expected.
sveltekit-frontend/src/lib/server/services/user-recommendation-service.ts(150,14): error TS1005: ':' expected.
sveltekit-frontend/src/lib/server/services/user-recommendation-service.ts(163,7): error TS1005: ',' expected.
sveltekit-frontend/src/lib/server/services/user-recommendation-service.ts(171,3): error TS1434: Unexpected keyword or identifier.
sveltekit-frontend/src/lib/server/services/user-recommendation-service.ts(171,40): error TS1135: Argument expression expected.
sveltekit-frontend/src/lib/server/services/user-recommendation-service.ts(171,56): error TS1005: ',' expected.
sveltekit-frontend/src/lib/server/services/user-recommendation-service.ts(171,66): error TS1109: Expression expected.
sveltekit-frontend/src/lib/server/services/user-recommendation-service.ts(171,70): error TS1005: ';' expected.
sveltekit-frontend/src/lib/server/services/user-recommendation-service.ts(171,101): error TS1011: An element access expression should take an argument.
sveltekit-frontend/src/lib/server/services/user-recommendation-service.ts(172,9): error TS1005: ':' expected.
sveltekit-frontend/src/lib/server/services/user-recommendation-service.ts(173,13): error TS1005: ':' expected.
sveltekit-frontend/src/lib/server/services/user-recommendation-service.ts(173,62): error TS1005: ',' expected.
sveltekit-frontend/src/lib/server/services/user-recommendation-service.ts(174,13): error TS1005: ':' expected.
sveltekit-frontend/src/lib/server/services/user-recommendation-service.ts(174,54): error TS1109: Expression expected.
sveltekit-frontend/src/lib/server/services/user-recommendation-service.ts(174,55): error TS1005: ':' expected.
sveltekit-frontend/src/lib/server/services/user-recommendation-service.ts(174,57): error TS1136: Property assignment expected.
sveltekit-frontend/src/lib/server/services/user-recommendation-service.ts(174,60): error TS1109: Expression expected.
sveltekit-frontend/src/lib/server/services/user-recommendation-service.ts(174,61): error TS1005: ':' expected.
sveltekit-frontend/src/lib/server/services/user-recommendation-service.ts(176,13): error TS1005: ':' expected.
sveltekit-frontend/src/lib/server/services/user-recommendation-service.ts(176,78): error TS1005: ':' expected.
sveltekit-frontend/src/lib/server/services/user-recommendation-service.ts(176,79): error TS1136: Property assignment expected.
sveltekit-frontend/src/lib/server/services/user-recommendation-service.ts(177,23): error TS1003: Identifier expected.
sveltekit-frontend/src/lib/server/services/user-recommendation-service.ts(177,42): error TS1005: ',' expected.
sveltekit-frontend/src/lib/server/services/user-recommendation-service.ts(179,13): error TS1005: ':' expected.
sveltekit-frontend/src/lib/server/services/user-recommendation-service.ts(179,76): error TS1005: ':' expected.
sveltekit-frontend/src/lib/server/services/user-recommendation-service.ts(179,77): error TS1136: Property assignment expected.
sveltekit-frontend/src/lib/server/services/user-recommendation-service.ts(180,23): error TS1003: Identifier expected.
sveltekit-frontend/src/lib/server/services/user-recommendation-service.ts(180,41): error TS1005: ',' expected.
sveltekit-frontend/src/lib/server/services/user-recommendation-service.ts(182,13): error TS1005: ':' expected.
sveltekit-frontend/src/lib/server/services/user-recommendation-service.ts(182,78): error TS1005: ':' expected.
sveltekit-frontend/src/lib/server/services/user-recommendation-service.ts(182,79): error TS1136: Property assignment expected.
sveltekit-frontend/src/lib/server/services/user-recommendation-service.ts(183,23): error TS1003: Identifier expected.
sveltekit-frontend/src/lib/server/services/user-recommendation-service.ts(183,42): error TS1005: ',' expected.
sveltekit-frontend/src/lib/server/services/user-recommendation-service.ts(184,14): error TS1005: ':' expected.
sveltekit-frontend/src/lib/server/services/user-recommendation-service.ts(184,45): error TS1005: ',' expected.
sveltekit-frontend/src/lib/server/services/user-recommendation-service.ts(185,7): error TS1005: ',' expected.
sveltekit-frontend/src/lib/server/services/user-recommendation-service.ts(194,3): error TS1434: Unexpected keyword or identifier.
sveltekit-frontend/src/lib/server/services/user-recommendation-service.ts(194,33): error TS1135: Argument expression expected.
sveltekit-frontend/src/lib/server/services/user-recommendation-service.ts(194,53): error TS1109: Expression expected.
sveltekit-frontend/src/lib/server/services/user-recommendation-service.ts(194,68): error TS1005: ',' expected.
sveltekit-frontend/src/lib/server/services/user-recommendation-service.ts(194,80): error TS1128: Declaration or statement expected.
sveltekit-frontend/src/lib/server/services/user-recommendation-service.ts(194,81): error TS1128: Declaration or statement expected.
sveltekit-frontend/src/lib/server/services/user-recommendation-service.ts(194,82): error TS1128: Declaration or statement expected.
sveltekit-frontend/src/lib/server/services/user-recommendation-service.ts(195,9): error TS1005: ':' expected.
sveltekit-frontend/src/lib/server/services/user-recommendation-service.ts(196,13): error TS1005: ':' expected.
sveltekit-frontend/src/lib/server/services/user-recommendation-service.ts(196,40): error TS1005: ',' expected.
sveltekit-frontend/src/lib/server/services/user-recommendation-service.ts(197,9): error TS1136: Property assignment expected.
sveltekit-frontend/src/lib/server/services/user-recommendation-service.ts(197,16): error TS1005: '{' expected.
sveltekit-frontend/src/lib/server/services/user-recommendation-service.ts(198,30): error TS1138: Parameter declaration expected.
sveltekit-frontend/src/lib/server/services/user-recommendation-service.ts(198,46): error TS1005: ',' expected.
sveltekit-frontend/src/lib/server/services/user-recommendation-service.ts(198,47): error TS1136: Property assignment expected.
sveltekit-frontend/src/lib/server/services/user-recommendation-service.ts(199,17): error TS1136: Property assignment expected.
sveltekit-frontend/src/lib/server/services/user-recommendation-service.ts(200,17): error TS1136: Property assignment expected.
sveltekit-frontend/src/lib/server/services/user-recommendation-service.ts(201,11): error TS1109: Expression expected.
sveltekit-frontend/src/lib/server/services/user-recommendation-service.ts(202,9): error TS1128: Declaration or statement expected.
sveltekit-frontend/src/lib/server/services/user-recommendation-service.ts(204,9): error TS1128: Declaration or statement expected.
sveltekit-frontend/src/lib/server/services/user-recommendation-service.ts(213,9): error TS1128: Declaration or statement expected.
sveltekit-frontend/src/lib/server/services/user-recommendation-service.ts(214,9): error TS1128: Declaration or statement expected.
sveltekit-frontend/src/lib/server/services/user-recommendation-service.ts(225,5): error TS1128: Declaration or statement expected.
sveltekit-frontend/src/lib/server/services/user-recommendation-service.ts(225,7): error TS1005: 'try' expected.
sveltekit-frontend/src/lib/server/services/user-recommendation-service.ts(229,3): error TS1128: Declaration or statement expected.
sveltekit-frontend/src/lib/server/services/user-recommendation-service.ts(231,3): error TS1128: Declaration or statement expected.
sveltekit-frontend/src/lib/server/services/user-recommendation-service.ts(231,11): error TS1434: Unexpected keyword or identifier.
sveltekit-frontend/src/lib/server/services/user-recommendation-service.ts(231,42): error TS1135: Argument expression expected.
sveltekit-frontend/src/lib/server/services/user-recommendation-service.ts(232,11): error TS1005: ':' expected.
sveltekit-frontend/src/lib/server/services/user-recommendation-service.ts(232,29): error TS1005: ',' expected.
sveltekit-frontend/src/lib/server/services/user-recommendation-service.ts(233,7): error TS1003: Identifier expected.
sveltekit-frontend/src/lib/server/services/user-recommendation-service.ts(237,7): error TS1136: Property assignment expected.
sveltekit-frontend/src/lib/server/services/user-recommendation-service.ts(237,9): error TS1005: ';' expected.
sveltekit-frontend/src/lib/server/services/user-recommendation-service.ts(237,10): error TS1128: Declaration or statement expected.
sveltekit-frontend/src/lib/server/services/user-recommendation-service.ts(238,7): error TS1128: Declaration or statement expected.
sveltekit-frontend/src/lib/server/services/user-recommendation-service.ts(241,18): error TS1005: ')' expected.
sveltekit-frontend/src/lib/server/services/user-recommendation-service.ts(242,62): error TS1005: ')' expected.
sveltekit-frontend/src/lib/server/services/user-recommendation-service.ts(249,3): error TS1128: Declaration or statement expected.
sveltekit-frontend/src/lib/server/services/user-recommendation-service.ts(250,3): error TS1128: Declaration or statement expected.
sveltekit-frontend/src/lib/server/services/user-recommendation-service.ts(250,11): error TS1434: Unexpected keyword or identifier.
sveltekit-frontend/src/lib/server/services/user-recommendation-service.ts(250,44): error TS1135: Argument expression expected.
sveltekit-frontend/src/lib/server/services/user-recommendation-service.ts(251,11): error TS1005: ':' expected.
sveltekit-frontend/src/lib/server/services/user-recommendation-service.ts(251,30): error TS1005: ',' expected.
sveltekit-frontend/src/lib/server/services/user-recommendation-service.ts(252,7): error TS1003: Identifier expected.
sveltekit-frontend/src/lib/server/services/user-recommendation-service.ts(256,17): error TS1005: ')' expected.
sveltekit-frontend/src/lib/server/services/user-recommendation-service.ts(257,11): error TS1005: ':' expected.
sveltekit-frontend/src/lib/server/services/user-recommendation-service.ts(257,58): error TS1005: ',' expected.
sveltekit-frontend/src/lib/server/services/user-recommendation-service.ts(258,11): error TS1005: ':' expected.
sveltekit-frontend/src/lib/server/services/user-recommendation-service.ts(258,45): error TS1109: Expression expected.
sveltekit-frontend/src/lib/server/services/user-recommendation-service.ts(259,8): error TS1005: ',' expected.
sveltekit-frontend/src/lib/server/services/user-recommendation-service.ts(262,5): error TS1136: Property assignment expected.
sveltekit-frontend/src/lib/server/services/user-recommendation-service.ts(262,6): error TS1136: Property assignment expected.
sveltekit-frontend/src/lib/server/services/user-recommendation-service.ts(263,12): error TS1005: ':' expected.
sveltekit-frontend/src/lib/server/services/user-recommendation-service.ts(270,3): error TS1128: Declaration or statement expected.
sveltekit-frontend/src/lib/server/services/user-recommendation-service.ts(270,11): error TS1434: Unexpected keyword or identifier.
sveltekit-frontend/src/lib/server/services/user-recommendation-service.ts(270,42): error TS1135: Argument expression expected.
sveltekit-frontend/src/lib/server/services/user-recommendation-service.ts(271,11): error TS1005: ':' expected.
sveltekit-frontend/src/lib/server/services/user-recommendation-service.ts(271,29): error TS1005: ',' expected.
sveltekit-frontend/src/lib/server/services/user-recommendation-service.ts(272,7): error TS1003: Identifier expected.
sveltekit-frontend/src/lib/server/services/user-recommendation-service.ts(272,45): error TS1136: Property assignment expected.
sveltekit-frontend/src/lib/server/services/user-recommendation-service.ts(272,47): error TS1005: ';' expected.
sveltekit-frontend/src/lib/server/services/user-recommendation-service.ts(273,7): error TS1128: Declaration or statement expected.
sveltekit-frontend/src/lib/server/services/user-recommendation-service.ts(275,18): error TS1005: ')' expected.
sveltekit-frontend/src/lib/server/services/user-recommendation-service.ts(276,75): error TS1005: ')' expected.
sveltekit-frontend/src/lib/server/services/user-recommendation-service.ts(278,3): error TS1128: Declaration or statement expected.
sveltekit-frontend/src/lib/server/services/user-recommendation-service.ts(279,3): error TS1128: Declaration or statement expected.
sveltekit-frontend/src/lib/server/services/user-recommendation-service.ts(279,11): error TS1434: Unexpected keyword or identifier.
sveltekit-frontend/src/lib/server/services/user-recommendation-service.ts(279,55): error TS1135: Argument expression expected.
sveltekit-frontend/src/lib/server/services/user-recommendation-service.ts(279,76): error TS1005: ',' expected.
sveltekit-frontend/src/lib/server/services/user-recommendation-service.ts(279,86): error TS1005: ';' expected.
sveltekit-frontend/src/lib/server/services/user-recommendation-service.ts(279,117): error TS1011: An element access expression should take an argument.
sveltekit-frontend/src/lib/server/services/user-recommendation-service.ts(281,11): error TS1005: ':' expected.
sveltekit-frontend/src/lib/server/services/user-recommendation-service.ts(281,52): error TS1109: Expression expected.
sveltekit-frontend/src/lib/server/services/user-recommendation-service.ts(281,53): error TS1005: ':' expected.
sveltekit-frontend/src/lib/server/services/user-recommendation-service.ts(281,55): error TS1136: Property assignment expected.
sveltekit-frontend/src/lib/server/services/user-recommendation-service.ts(281,58): error TS1109: Expression expected.
sveltekit-frontend/src/lib/server/services/user-recommendation-service.ts(281,59): error TS1005: ':' expected.
sveltekit-frontend/src/lib/server/services/user-recommendation-service.ts(282,10): error TS1359: Identifier expected. 'const' is a reserved word that cannot be used here.
sveltekit-frontend/src/lib/server/services/user-recommendation-service.ts(282,16): error TS1005: ',' expected.
sveltekit-frontend/src/lib/server/services/user-recommendation-service.ts(282,27): error TS1005: ',' expected.
sveltekit-frontend/src/lib/server/services/user-recommendation-service.ts(282,36): error TS1005: ',' expected.
sveltekit-frontend/src/lib/server/services/user-recommendation-service.ts(282,69): error TS1005: ',' expected.
sveltekit-frontend/src/lib/server/services/user-recommendation-service.ts(282,71): error TS1136: Property assignment expected.
sveltekit-frontend/src/lib/server/services/user-recommendation-service.ts(289,7): error TS1135: Argument expression expected.
sveltekit-frontend/src/lib/server/services/user-recommendation-service.ts(292,3): error TS1128: Declaration or statement expected.
sveltekit-frontend/src/lib/server/services/user-recommendation-service.ts(293,3): error TS1128: Declaration or statement expected.
sveltekit-frontend/src/lib/server/services/user-recommendation-service.ts(293,11): error TS1434: Unexpected keyword or identifier.
sveltekit-frontend/src/lib/server/services/user-recommendation-service.ts(293,54): error TS1135: Argument expression expected.
sveltekit-frontend/src/lib/server/services/user-recommendation-service.ts(293,75): error TS1005: ',' expected.
sveltekit-frontend/src/lib/server/services/user-recommendation-service.ts(293,85): error TS1005: ';' expected.
sveltekit-frontend/src/lib/server/services/user-recommendation-service.ts(293,116): error TS1011: An element access expression should take an argument.
sveltekit-frontend/src/lib/server/services/user-recommendation-service.ts(295,12): error TS1005: ':' expected.
sveltekit-frontend/src/lib/server/services/user-recommendation-service.ts(295,15): error TS1005: ',' expected.
sveltekit-frontend/src/lib/server/services/user-recommendation-service.ts(297,3): error TS1128: Declaration or statement expected.
sveltekit-frontend/src/lib/server/services/user-recommendation-service.ts(297,11): error TS1434: Unexpected keyword or identifier.
sveltekit-frontend/src/lib/server/services/user-recommendation-service.ts(297,55): error TS1135: Argument expression expected.
sveltekit-frontend/src/lib/server/services/user-recommendation-service.ts(297,76): error TS1005: ',' expected.
sveltekit-frontend/src/lib/server/services/user-recommendation-service.ts(297,86): error TS1005: ';' expected.
sveltekit-frontend/src/lib/server/services/user-recommendation-service.ts(297,117): error TS1011: An element access expression should take an argument.
sveltekit-frontend/src/lib/server/services/user-recommendation-service.ts(299,12): error TS1005: ':' expected.
sveltekit-frontend/src/lib/server/services/user-recommendation-service.ts(299,15): error TS1005: ',' expected.
sveltekit-frontend/src/lib/server/services/user-recommendation-service.ts(301,3): error TS1128: Declaration or statement expected.
sveltekit-frontend/src/lib/server/services/user-recommendation-service.ts(301,11): error TS1434: Unexpected keyword or identifier.
sveltekit-frontend/src/lib/server/services/user-recommendation-service.ts(301,41): error TS1135: Argument expression expected.
sveltekit-frontend/src/lib/server/services/user-recommendation-service.ts(301,57): error TS1005: ',' expected.
sveltekit-frontend/src/lib/server/services/user-recommendation-service.ts(301,67): error TS1005: ';' expected.
sveltekit-frontend/src/lib/server/services/user-recommendation-service.ts(303,7): error TS1128: Declaration or statement expected.
sveltekit-frontend/src/lib/server/services/user-recommendation-service.ts(303,45): error TS1136: Property assignment expected.
sveltekit-frontend/src/lib/server/services/user-recommendation-service.ts(303,47): error TS1128: Declaration or statement expected.
sveltekit-frontend/src/lib/server/services/user-recommendation-service.ts(304,7): error TS1128: Declaration or statement expected.
sveltekit-frontend/src/lib/server/services/user-recommendation-service.ts(306,18): error TS1005: ')' expected.
sveltekit-frontend/src/lib/server/services/user-recommendation-service.ts(314,44): error TS1005: ')' expected.
sveltekit-frontend/src/lib/server/services/user-recommendation-service.ts(315,7): error TS1128: Declaration or statement expected.
sveltekit-frontend/src/lib/server/services/user-recommendation-service.ts(317,50): error TS1005: ')' expected.
sveltekit-frontend/src/lib/server/services/user-recommendation-service.ts(318,3): error TS1128: Declaration or statement expected.
sveltekit-frontend/src/lib/server/services/user-recommendation-service.ts(320,3): error TS1128: Declaration or statement expected.
sveltekit-frontend/src/lib/server/services/user-recommendation-service.ts(320,38): error TS1135: Argument expression expected.
sveltekit-frontend/src/lib/server/services/user-recommendation-service.ts(320,47): error TS1011: An element access expression should take an argument.
sveltekit-frontend/src/lib/server/services/user-recommendation-service.ts(320,49): error TS1005: ';' expected.
sveltekit-frontend/src/lib/server/services/user-recommendation-service.ts(320,58): error TS1109: Expression expected.
sveltekit-frontend/src/lib/server/services/user-recommendation-service.ts(320,59): error TS1109: Expression expected.
sveltekit-frontend/src/lib/server/services/user-recommendation-service.ts(320,61): error TS1005: ';' expected.
sveltekit-frontend/src/lib/server/services/user-recommendation-service.ts(329,43): error TS1005: ')' expected.
sveltekit-frontend/src/lib/server/services/user-recommendation-service.ts(330,7): error TS1128: Declaration or statement expected.
sveltekit-frontend/src/lib/server/services/user-recommendation-service.ts(335,3): error TS1128: Declaration or statement expected.
sveltekit-frontend/src/lib/server/services/user-recommendation-service.ts(335,35): error TS1135: Argument expression expected.
sveltekit-frontend/src/lib/server/services/user-recommendation-service.ts(335,53): error TS1011: An element access expression should take an argument.
sveltekit-frontend/src/lib/server/services/user-recommendation-service.ts(335,55): error TS1005: ';' expected.
sveltekit-frontend/src/lib/server/services/user-recommendation-service.ts(335,64): error TS1109: Expression expected.
sveltekit-frontend/src/lib/server/services/user-recommendation-service.ts(335,65): error TS1109: Expression expected.
sveltekit-frontend/src/lib/server/services/user-recommendation-service.ts(335,67): error TS1005: ';' expected.
sveltekit-frontend/src/lib/server/services/user-recommendation-service.ts(340,39): error TS1005: ')' expected.
sveltekit-frontend/src/lib/server/services/user-recommendation-service.ts(341,7): error TS1128: Declaration or statement expected.
sveltekit-frontend/src/lib/server/services/user-recommendation-service.ts(345,3): error TS1128: Declaration or statement expected.
sveltekit-frontend/src/lib/server/services/user-recommendation-service.ts(345,41): error TS1135: Argument expression expected.
sveltekit-frontend/src/lib/server/services/user-recommendation-service.ts(345,50): error TS1011: An element access expression should take an argument.
sveltekit-frontend/src/lib/server/services/user-recommendation-service.ts(345,52): error TS1005: ';' expected.
sveltekit-frontend/src/lib/server/services/user-recommendation-service.ts(345,89): error TS1005: ';' expected.
sveltekit-frontend/src/lib/server/services/user-recommendation-service.ts(347,41): error TS1109: Expression expected.
sveltekit-frontend/src/lib/server/services/user-recommendation-service.ts(348,5): error TS1109: Expression expected.
sveltekit-frontend/src/lib/server/services/user-recommendation-service.ts(348,44): error TS1109: Expression expected.
sveltekit-frontend/src/lib/server/services/user-recommendation-service.ts(349,5): error TS1109: Expression expected.
sveltekit-frontend/src/lib/server/services/user-recommendation-service.ts(351,3): error TS1128: Declaration or statement expected.
sveltekit-frontend/src/lib/server/services/user-recommendation-service.ts(351,39): error TS1135: Argument expression expected.
sveltekit-frontend/src/lib/server/services/user-recommendation-service.ts(351,45): error TS1011: An element access expression should take an argument.
sveltekit-frontend/src/lib/server/services/user-recommendation-service.ts(351,47): error TS1005: ';' expected.
sveltekit-frontend/src/lib/server/services/user-recommendation-service.ts(351,56): error TS1109: Expression expected.
sveltekit-frontend/src/lib/server/services/user-recommendation-service.ts(351,57): error TS1109: Expression expected.
sveltekit-frontend/src/lib/server/services/user-recommendation-service.ts(351,59): error TS1005: ';' expected.
sveltekit-frontend/src/lib/server/services/user-recommendation-service.ts(357,43): error TS1005: ')' expected.
sveltekit-frontend/src/lib/server/services/user-recommendation-service.ts(358,7): error TS1128: Declaration or statement expected.
sveltekit-frontend/src/lib/server/services/user-recommendation-service.ts(362,3): error TS1128: Declaration or statement expected.
sveltekit-frontend/src/lib/server/services/user-recommendation-service.ts(362,44): error TS1135: Argument expression expected.
sveltekit-frontend/src/lib/server/services/user-recommendation-service.ts(362,53): error TS1011: An element access expression should take an argument.
sveltekit-frontend/src/lib/server/services/user-recommendation-service.ts(362,55): error TS1005: ';' expected.
sveltekit-frontend/src/lib/server/services/user-recommendation-service.ts(362,64): error TS1109: Expression expected.
sveltekit-frontend/src/lib/server/services/user-recommendation-service.ts(362,65): error TS1109: Expression expected.
sveltekit-frontend/src/lib/server/services/user-recommendation-service.ts(362,67): error TS1005: ';' expected.
sveltekit-frontend/src/lib/server/services/user-recommendation-service.ts(379,3): error TS1128: Declaration or statement expected.
sveltekit-frontend/src/lib/server/services/user-recommendation-service.ts(379,38): error TS1135: Argument expression expected.
sveltekit-frontend/src/lib/server/services/user-recommendation-service.ts(379,47): error TS1005: ';' expected.
sveltekit-frontend/src/lib/server/services/user-recommendation-service.ts(379,56): error TS1109: Expression expected.
sveltekit-frontend/src/lib/server/services/user-recommendation-service.ts(379,57): error TS1109: Expression expected.
sveltekit-frontend/src/lib/server/services/user-recommendation-service.ts(379,59): error TS1005: ';' expected.
sveltekit-frontend/src/lib/server/services/user-recommendation-service.ts(394,3): error TS1128: Declaration or statement expected.
sveltekit-frontend/src/lib/server/services/user-recommendation-service.ts(394,50): error TS1135: Argument expression expected.
sveltekit-frontend/src/lib/server/services/user-recommendation-service.ts(394,78): error TS1005: ',' expected.
sveltekit-frontend/src/lib/server/services/user-recommendation-service.ts(394,88): error TS1005: ';' expected.
sveltekit-frontend/src/lib/server/services/user-recommendation-service.ts(394,90): error TS1434: Unexpected keyword or identifier.
sveltekit-frontend/src/lib/server/services/user-recommendation-service.ts(396,109): error TS1109: Expression expected.
sveltekit-frontend/src/lib/server/services/user-recommendation-service.ts(397,5): error TS1109: Expression expected.
sveltekit-frontend/src/lib/server/services/user-recommendation-service.ts(397,61): error TS1005: ')' expected.
sveltekit-frontend/src/lib/server/services/user-recommendation-service.ts(399,3): error TS1128: Declaration or statement expected.
sveltekit-frontend/src/lib/server/services/user-recommendation-service.ts(399,48): error TS1135: Argument expression expected.
sveltekit-frontend/src/lib/server/services/user-recommendation-service.ts(399,65): error TS1005: ',' expected.
sveltekit-frontend/src/lib/server/services/user-recommendation-service.ts(399,74): error TS1110: Type expected.
sveltekit-frontend/src/lib/server/services/user-recommendation-service.ts(399,75): error TS1005: ';' expected.
sveltekit-frontend/src/lib/server/services/user-recommendation-service.ts(399,87): error TS1005: ';' expected.
sveltekit-frontend/src/lib/server/services/user-recommendation-service.ts(399,88): error TS1109: Expression expected.
sveltekit-frontend/src/lib/server/services/user-recommendation-service.ts(400,5): error TS1109: Expression expected.
sveltekit-frontend/src/lib/server/services/user-recommendation-service.ts(401,34): error TS1109: Expression expected.
sveltekit-frontend/src/lib/server/services/user-recommendation-service.ts(403,5): error TS1109: Expression expected.
sveltekit-frontend/src/lib/server/services/user-recommendation-service.ts(403,7): error TS1109: Expression expected.
sveltekit-frontend/src/lib/server/services/user-recommendation-service.ts(412,3): error TS1128: Declaration or statement expected.
sveltekit-frontend/src/lib/server/services/user-recommendation-service.ts(412,33): error TS1135: Argument expression expected.
sveltekit-frontend/src/lib/server/services/user-recommendation-service.ts(412,42): error TS1011: An element access expression should take an argument.
sveltekit-frontend/src/lib/server/services/user-recommendation-service.ts(412,44): error TS1005: ';' expected.
sveltekit-frontend/src/lib/server/services/user-recommendation-service.ts(412,46): error TS1434: Unexpected keyword or identifier.
sveltekit-frontend/src/lib/server/services/user-recommendation-service.ts(416,1): error TS1128: Declaration or statement expected.
sveltekit-frontend/src/lib/server/services/vector-service-simple.ts(7,1): error TS1128: Declaration or statement expected.
sveltekit-frontend/src/lib/server/services/vector-service-simple.ts(20,35): error TS1005: ';' expected.
sveltekit-frontend/src/lib/server/services/vector-service-simple.ts(21,3): error TS1068: Unexpected token. A constructor, method, accessor, or property was expected.
sveltekit-frontend/src/lib/server/services/vector-service-simple.ts(21,4): error TS1068: Unexpected token. A constructor, method, accessor, or property was expected.
sveltekit-frontend/src/lib/server/services/vector-service-simple.ts(21,21): error TS1005: '(' expected.
sveltekit-frontend/src/lib/server/services/vector-service-simple.ts(21,23): error TS1068: Unexpected token. A constructor, method, accessor, or property was expected.
sveltekit-frontend/src/lib/server/services/vector-service-simple.ts(24,9): error TS1128: Declaration or statement expected.
sveltekit-frontend/src/lib/server/services/vector-service-simple.ts(25,9): error TS1128: Declaration or statement expected.
sveltekit-frontend/src/lib/server/services/vector-service-simple.ts(38,7): error TS1109: Expression expected.
sveltekit-frontend/src/lib/server/services/vector-service-simple.ts(44,3): error TS1128: Declaration or statement expected.
sveltekit-frontend/src/lib/server/services/vector-service-simple.ts(44,10): error TS1434: Unexpected keyword or identifier.
sveltekit-frontend/src/lib/server/services/vector-service-simple.ts(47,13): error TS1109: Expression expected.
sveltekit-frontend/src/lib/server/services/vector-service-simple.ts(48,17): error TS1109: Expression expected.
sveltekit-frontend/src/lib/server/services/vector-service-simple.ts(48,25): error TS1005: ';' expected.
sveltekit-frontend/src/lib/server/services/vector-service-simple.ts(49,7): error TS2809: Declaration or statement expected. This '=' follows a block of statements, so if you intended to write a destructuring assignment, you might need to wrap the whole assignment in parentheses.
sveltekit-frontend/src/lib/server/services/vector-service-simple.ts(49,11): error TS1128: Declaration or statement expected.
sveltekit-frontend/src/lib/server/services/vector-service-simple.ts(50,3): error TS1128: Declaration or statement expected.
sveltekit-frontend/src/lib/server/services/vector-service-simple.ts(50,4): error TS1128: Declaration or statement expected.
sveltekit-frontend/src/lib/server/services/vector-service-simple.ts(51,9): error TS1005: ':' expected.
sveltekit-frontend/src/lib/server/services/vector-service-simple.ts(54,14): error TS1005: ':' expected.
sveltekit-frontend/src/lib/server/services/vector-service-simple.ts(54,17): error TS1005: ',' expected.
sveltekit-frontend/src/lib/server/services/vector-service-simple.ts(55,7): error TS1005: ',' expected.
sveltekit-frontend/src/lib/server/services/vector-service-simple.ts(63,3): error TS1128: Declaration or statement expected.
sveltekit-frontend/src/lib/server/services/vector-service-simple.ts(63,10): error TS1434: Unexpected keyword or identifier.
sveltekit-frontend/src/lib/server/services/vector-service-simple.ts(63,41): error TS1135: Argument expression expected.
sveltekit-frontend/src/lib/server/services/vector-service-simple.ts(63,50): error TS1005: ';' expected.
sveltekit-frontend/src/lib/server/services/vector-service-simple.ts(63,64): error TS1011: An element access expression should take an argument.
sveltekit-frontend/src/lib/server/services/vector-service-simple.ts(64,9): error TS1005: ':' expected.
sveltekit-frontend/src/lib/server/services/vector-service-simple.ts(65,13): error TS1005: ':' expected.
sveltekit-frontend/src/lib/server/services/vector-service-simple.ts(65,32): error TS1005: ',' expected.
sveltekit-frontend/src/lib/server/services/vector-service-simple.ts(66,9): error TS1003: Identifier expected.
sveltekit-frontend/src/lib/server/services/vector-service-simple.ts(69,48): error TS1005: ')' expected.
sveltekit-frontend/src/lib/server/services/vector-service-simple.ts(70,14): error TS1005: ':' expected.
sveltekit-frontend/src/lib/server/services/vector-service-simple.ts(70,22): error TS1005: ',' expected.
sveltekit-frontend/src/lib/server/services/vector-service-simple.ts(71,7): error TS1005: ',' expected.
sveltekit-frontend/src/lib/server/services/vector-service-simple.ts(76,1): error TS1128: Declaration or statement expected.
sveltekit-frontend/src/lib/server/services/vector-service.ts(29,24): error TS1109: Expression expected.
sveltekit-frontend/src/lib/server/services/vector-service.ts(29,33): error TS1005: ',' expected.
sveltekit-frontend/src/lib/server/services/vector-service.ts(29,34): error TS1136: Property assignment expected.
sveltekit-frontend/src/lib/server/services/vector-service.ts(36,1): error TS1128: Declaration or statement expected.
sveltekit-frontend/src/lib/server/services/vector-service.ts(54,3): error TS1068: Unexpected token. A constructor, method, accessor, or property was expected.
sveltekit-frontend/src/lib/server/services/vector-service.ts(54,4): error TS1068: Unexpected token. A constructor, method, accessor, or property was expected.
sveltekit-frontend/src/lib/server/services/vector-service.ts(54,21): error TS1139: Type parameter declaration expected.
sveltekit-frontend/src/lib/server/services/vector-service.ts(54,22): error TS1109: Expression expected.
sveltekit-frontend/src/lib/server/services/vector-service.ts(54,23): error TS1109: Expression expected.
sveltekit-frontend/src/lib/server/services/vector-service.ts(54,24): error TS1005: ';' expected.
sveltekit-frontend/src/lib/server/services/vector-service.ts(55,9): error TS1005: ':' expected.
sveltekit-frontend/src/lib/server/services/vector-service.ts(56,13): error TS1005: ':' expected.
sveltekit-frontend/src/lib/server/services/vector-service.ts(59,31): error TS1136: Property assignment expected.
sveltekit-frontend/src/lib/server/services/vector-service.ts(62,9): error TS1136: Property assignment expected.
sveltekit-frontend/src/lib/server/services/vector-service.ts(63,8): error TS1005: ',' expected.
sveltekit-frontend/src/lib/server/services/vector-service.ts(63,9): error TS1136: Property assignment expected.
sveltekit-frontend/src/lib/server/services/vector-service.ts(64,11): error TS1003: Identifier expected.
sveltekit-frontend/src/lib/server/services/vector-service.ts(64,12): error TS1138: Parameter declaration expected.
sveltekit-frontend/src/lib/server/services/vector-service.ts(64,67): error TS1005: ';' expected.
sveltekit-frontend/src/lib/server/services/vector-service.ts(65,83): error TS1005: ';' expected.
sveltekit-frontend/src/lib/server/services/vector-service.ts(65,84): error TS1005: '}' expected.
sveltekit-frontend/src/lib/server/services/vector-service.ts(65,91): error TS1109: Expression expected.
sveltekit-frontend/src/lib/server/services/vector-service.ts(65,98): error TS1128: Declaration or statement expected.
sveltekit-frontend/src/lib/server/services/vector-service.ts(65,99): error TS1128: Declaration or statement expected.
sveltekit-frontend/src/lib/server/services/vector-service.ts(65,106): error TS1128: Declaration or statement expected.
sveltekit-frontend/src/lib/server/services/vector-service.ts(98,21): error TS1005: ';' expected.
sveltekit-frontend/src/lib/server/services/vector-service.ts(98,22): error TS1434: Unexpected keyword or identifier.
sveltekit-frontend/src/lib/server/services/vector-service.ts(120,13): error TS1109: Expression expected.
sveltekit-frontend/src/lib/server/services/vector-service.ts(120,17): error TS1128: Declaration or statement expected.
sveltekit-frontend/src/lib/server/services/vector-service.ts(120,18): error TS1434: Unexpected keyword or identifier.
sveltekit-frontend/src/lib/server/services/vector-service.ts(120,156): error TS1131: Property or signature expected.
sveltekit-frontend/src/lib/server/services/vector-service.ts(120,157): error TS1128: Declaration or statement expected.
sveltekit-frontend/src/lib/server/services/vector-service.ts(120,169): error TS1109: Expression expected.
sveltekit-frontend/src/lib/server/services/vector-service.ts(120,176): error TS1005: ';' expected.
sveltekit-frontend/src/lib/server/services/vector-service.ts(120,178): error TS1128: Declaration or statement expected.
sveltekit-frontend/src/lib/server/services/vector-service.ts(120,179): error TS1128: Declaration or statement expected.
sveltekit-frontend/src/lib/server/services/vector-service.ts(120,186): error TS1128: Declaration or statement expected.
sveltekit-frontend/src/lib/server/services/vector-service.ts(142,17): error TS1005: ';' expected.
sveltekit-frontend/src/lib/server/services/vector-service.ts(142,18): error TS1434: Unexpected keyword or identifier.
sveltekit-frontend/src/lib/server/services/vector-service.ts(142,156): error TS1131: Property or signature expected.
sveltekit-frontend/src/lib/server/services/vector-service.ts(142,157): error TS1128: Declaration or statement expected.
sveltekit-frontend/src/lib/server/services/vector-service.ts(142,169): error TS1109: Expression expected.
sveltekit-frontend/src/lib/server/services/vector-service.ts(142,176): error TS1005: ';' expected.
sveltekit-frontend/src/lib/server/services/vector-service.ts(142,178): error TS1128: Declaration or statement expected.
sveltekit-frontend/src/lib/server/services/vector-service.ts(142,179): error TS1128: Declaration or statement expected.
sveltekit-frontend/src/lib/server/services/vector-service.ts(142,194): error TS1128: Declaration or statement expected.
sveltekit-frontend/src/lib/server/services/vector-service.ts(142,195): error TS1128: Declaration or statement expected.
sveltekit-frontend/src/lib/server/services/vector-service.ts(142,196): error TS1434: Unexpected keyword or identifier.
sveltekit-frontend/src/lib/server/services/vector-service.ts(203,16): error TS1005: ';' expected.
sveltekit-frontend/src/lib/server/services/vector-service.ts(203,17): error TS1434: Unexpected keyword or identifier.
sveltekit-frontend/src/lib/server/services/vector-service.ts(222,39): error TS1005: ';' expected.
sveltekit-frontend/src/lib/server/services/vector-service.ts(222,68): error TS1443: Module declaration names may only use ' or " quoted strings.
sveltekit-frontend/src/lib/server/services/vector-service.ts(227,20): error TS1434: Unexpected keyword or identifier.
sveltekit-frontend/src/lib/server/services/vector-service.ts(227,43): error TS1005: ';' expected.
sveltekit-frontend/src/lib/server/services/vector-service.ts(227,46): error TS1005: '(' expected.
sveltekit-frontend/src/lib/server/services/vector-service.ts(227,49): error TS1005: ';' expected.
sveltekit-frontend/src/lib/server/services/vector-service.ts(227,64): error TS1005: ';' expected.
sveltekit-frontend/src/lib/server/services/vector-service.ts(227,65): error TS1127: Invalid character.
sveltekit-frontend/src/lib/server/services/vector-service.ts(227,67): error TS1127: Invalid character.
sveltekit-frontend/src/lib/server/services/vector-service.ts(227,68): error TS1434: Unexpected keyword or identifier.
sveltekit-frontend/src/lib/server/services/vector-service.ts(227,76): error TS1127: Invalid character.
sveltekit-frontend/src/lib/server/services/vector-service.ts(227,78): error TS1127: Invalid character.
sveltekit-frontend/src/lib/server/services/vector-service.ts(227,79): error TS1434: Unexpected keyword or identifier.
sveltekit-frontend/src/lib/server/services/vector-service.ts(227,88): error TS1434: Unexpected keyword or identifier.
sveltekit-frontend/src/lib/server/services/vector-service.ts(227,90): error TS1434: Unexpected keyword or identifier.
sveltekit-frontend/src/lib/server/services/vector-service.ts(266,61): error TS1005: ';' expected.
sveltekit-frontend/src/lib/server/services/vector-service.ts(266,62): error TS1434: Unexpected keyword or identifier.
sveltekit-frontend/src/lib/server/services/vector-service.ts(266,75): error TS1128: Declaration or statement expected.
sveltekit-frontend/src/lib/server/services/vector-service.ts(289,17): error TS1005: ';' expected.
sveltekit-frontend/src/lib/server/services/vector-service.ts(289,18): error TS1434: Unexpected keyword or identifier.
sveltekit-frontend/src/lib/server/services/vector-service.ts(289,27): error TS1128: Declaration or statement expected.
sveltekit-frontend/src/lib/server/services/vector-service.ts(289,28): error TS1434: Unexpected keyword or identifier.
sveltekit-frontend/src/lib/server/services/vector-service.ts(327,64): error TS1005: ';' expected.
sveltekit-frontend/src/lib/server/services/vector-service.ts(327,65): error TS1434: Unexpected keyword or identifier.
sveltekit-frontend/src/lib/server/services/vector-service.ts(327,78): error TS1128: Declaration or statement expected.
sveltekit-frontend/src/lib/server/services/vector-service.ts(337,55): error TS1005: ';' expected.
sveltekit-frontend/src/lib/server/services/vector-service.ts(337,56): error TS1434: Unexpected keyword or identifier.
sveltekit-frontend/src/lib/server/services/vector-service.ts(337,69): error TS1128: Declaration or statement expected.
sveltekit-frontend/src/lib/server/services/vector-service.ts(358,30): error TS1160: Unterminated template literal.
sveltekit-frontend/src/lib/server/services/vector.service.ts(24,1): error TS1128: Declaration or statement expected.
sveltekit-frontend/src/lib/server/services/vector.service.ts(76,22): error TS1005: ',' expected.
sveltekit-frontend/src/lib/server/services/vector.service.ts(83,23): error TS1005: ',' expected.
sveltekit-frontend/src/lib/server/services/vector.service.ts(114,3): error TS1068: Unexpected token. A constructor, method, accessor, or property was expected.
sveltekit-frontend/src/lib/server/services/vector.service.ts(114,4): error TS1068: Unexpected token. A constructor, method, accessor, or property was expected.
sveltekit-frontend/src/lib/server/services/vector.service.ts(114,33): error TS1139: Type parameter declaration expected.
sveltekit-frontend/src/lib/server/services/vector.service.ts(114,34): error TS1109: Expression expected.
sveltekit-frontend/src/lib/server/services/vector.service.ts(114,35): error TS1109: Expression expected.
sveltekit-frontend/src/lib/server/services/vector.service.ts(114,36): error TS1005: ';' expected.
sveltekit-frontend/src/lib/server/services/vector.service.ts(115,9): error TS1005: ':' expected.
sveltekit-frontend/src/lib/server/services/vector.service.ts(125,14): error TS1005: ':' expected.
sveltekit-frontend/src/lib/server/services/vector.service.ts(125,17): error TS1005: ',' expected.
sveltekit-frontend/src/lib/server/services/vector.service.ts(126,7): error TS1005: ',' expected.
sveltekit-frontend/src/lib/server/services/vector.service.ts(155,3): error TS1128: Declaration or statement expected.
sveltekit-frontend/src/lib/server/services/vector.service.ts(155,10): error TS1434: Unexpected keyword or identifier.
sveltekit-frontend/src/lib/server/services/vector.service.ts(158,23): error TS1011: An element access expression should take an argument.
sveltekit-frontend/src/lib/server/services/vector.service.ts(159,14): error TS1109: Expression expected.
sveltekit-frontend/src/lib/server/services/vector.service.ts(159,23): error TS1109: Expression expected.
sveltekit-frontend/src/lib/server/services/vector.service.ts(159,32): error TS1005: ',' expected.
sveltekit-frontend/src/lib/server/services/vector.service.ts(159,33): error TS1136: Property assignment expected.
sveltekit-frontend/src/lib/server/services/vector.service.ts(160,3): error TS1109: Expression expected.
sveltekit-frontend/src/lib/server/services/vector.service.ts(160,4): error TS1128: Declaration or statement expected.
sveltekit-frontend/src/lib/server/services/vector.service.ts(161,9): error TS1005: ':' expected.
sveltekit-frontend/src/lib/server/services/vector.service.ts(171,14): error TS1005: ':' expected.
sveltekit-frontend/src/lib/server/services/vector.service.ts(171,19): error TS1005: ',' expected.
sveltekit-frontend/src/lib/server/services/vector.service.ts(172,7): error TS1005: ',' expected.
sveltekit-frontend/src/lib/server/services/vector.service.ts(181,3): error TS1128: Declaration or statement expected.
sveltekit-frontend/src/lib/server/services/vector.service.ts(181,10): error TS1434: Unexpected keyword or identifier.
sveltekit-frontend/src/lib/server/services/vector.service.ts(181,37): error TS1135: Argument expression expected.
sveltekit-frontend/src/lib/server/services/vector.service.ts(181,55): error TS1005: ',' expected.
sveltekit-frontend/src/lib/server/services/vector.service.ts(181,66): error TS1005: ';' expected.
sveltekit-frontend/src/lib/server/services/vector.service.ts(181,80): error TS1011: An element access expression should take an argument.
sveltekit-frontend/src/lib/server/services/vector.service.ts(182,13): error TS1003: Identifier expected.
sveltekit-frontend/src/lib/server/services/vector.service.ts(182,89): error TS1005: ',' expected.
sveltekit-frontend/src/lib/server/services/vector.service.ts(183,12): error TS1005: ':' expected.
sveltekit-frontend/src/lib/server/services/vector.service.ts(183,15): error TS1005: ',' expected.
sveltekit-frontend/src/lib/server/services/vector.service.ts(189,3): error TS1128: Declaration or statement expected.
sveltekit-frontend/src/lib/server/services/vector.service.ts(189,10): error TS1434: Unexpected keyword or identifier.
sveltekit-frontend/src/lib/server/services/vector.service.ts(192,18): error TS1109: Expression expected.
sveltekit-frontend/src/lib/server/services/vector.service.ts(194,3): error TS1128: Declaration or statement expected.
sveltekit-frontend/src/lib/server/services/vector.service.ts(194,4): error TS1128: Declaration or statement expected.
sveltekit-frontend/src/lib/server/services/vector.service.ts(195,13): error TS1003: Identifier expected.
sveltekit-frontend/src/lib/server/services/vector.service.ts(195,84): error TS1005: ',' expected.
sveltekit-frontend/src/lib/server/services/vector.service.ts(196,12): error TS1005: ':' expected.
sveltekit-frontend/src/lib/server/services/vector.service.ts(196,23): error TS1005: ',' expected.
sveltekit-frontend/src/lib/server/services/vector.service.ts(202,3): error TS1128: Declaration or statement expected.
sveltekit-frontend/src/lib/server/services/vector.service.ts(202,10): error TS1434: Unexpected keyword or identifier.
sveltekit-frontend/src/lib/server/services/vector.service.ts(202,43): error TS1135: Argument expression expected.
sveltekit-frontend/src/lib/server/services/vector.service.ts(202,66): error TS1005: ',' expected.
sveltekit-frontend/src/lib/server/services/vector.service.ts(202,76): error TS1005: ';' expected.
sveltekit-frontend/src/lib/server/services/vector.service.ts(203,13): error TS1003: Identifier expected.
sveltekit-frontend/src/lib/server/services/vector.service.ts(203,87): error TS1005: ',' expected.
sveltekit-frontend/src/lib/server/services/vector.service.ts(204,12): error TS1005: ':' expected.
sveltekit-frontend/src/lib/server/services/vector.service.ts(210,3): error TS1128: Declaration or statement expected.
sveltekit-frontend/src/lib/server/services/vector.service.ts(210,10): error TS1434: Unexpected keyword or identifier.
sveltekit-frontend/src/lib/server/services/vector.service.ts(210,48): error TS1135: Argument expression expected.
sveltekit-frontend/src/lib/server/services/vector.service.ts(210,66): error TS1005: ',' expected.
sveltekit-frontend/src/lib/server/services/vector.service.ts(210,77): error TS1005: ';' expected.
sveltekit-frontend/src/lib/server/services/vector.service.ts(210,91): error TS1011: An element access expression should take an argument.
sveltekit-frontend/src/lib/server/services/vector.service.ts(211,13): error TS1003: Identifier expected.
sveltekit-frontend/src/lib/server/services/vector.service.ts(211,92): error TS1005: ',' expected.
sveltekit-frontend/src/lib/server/services/vector.service.ts(212,12): error TS1005: ':' expected.
sveltekit-frontend/src/lib/server/services/vector.service.ts(212,15): error TS1005: ',' expected.
sveltekit-frontend/src/lib/server/services/vector.service.ts(259,1): error TS1128: Declaration or statement expected.
sveltekit-frontend/src/lib/server/services/vectorDBService.ts(9,1): error TS1128: Declaration or statement expected.
sveltekit-frontend/src/lib/server/services/vectorDBService.ts(20,1): error TS1128: Declaration or statement expected.
sveltekit-frontend/src/lib/server/services/vectorDBService.ts(37,124): error TS1128: Declaration or statement expected.
sveltekit-frontend/src/lib/server/services/vectorDBService.ts(54,67): error TS1005: ')' expected.
sveltekit-frontend/src/lib/server/services/vectorDBService.ts(63,9): error TS1128: Declaration or statement expected.
sveltekit-frontend/src/lib/server/services/vectorDBService.ts(63,35): error TS1109: Expression expected.
sveltekit-frontend/src/lib/server/services/vectorDBService.ts(91,7): error TS1128: Declaration or statement expected.
sveltekit-frontend/src/lib/server/services/vectorDBService.ts(92,7): error TS1005: 'try' expected.
sveltekit-frontend/src/lib/server/services/vectorDBService.ts(95,3): error TS1128: Declaration or statement expected.
sveltekit-frontend/src/lib/server/services/vectorDBService.ts(95,4): error TS1128: Declaration or statement expected.
sveltekit-frontend/src/lib/server/services/vectorDBService.ts(96,1): error TS1128: Declaration or statement expected.
sveltekit-frontend/src/lib/server/services/vectorDBService.ts(101,13): error TS1109: Expression expected.
sveltekit-frontend/src/lib/server/services/vectorDBService.ts(102,25): error TS1109: Expression expected.
sveltekit-frontend/src/lib/server/services/vectorDBService.ts(103,1): error TS1128: Declaration or statement expected.
sveltekit-frontend/src/lib/server/services/vectorDBService.ts(103,2): error TS1128: Declaration or statement expected.
sveltekit-frontend/src/lib/server/services/vectorDBService.ts(103,31): error TS1011: An element access expression should take an argument.
sveltekit-frontend/src/lib/server/services/vectorDBService.ts(104,7): error TS1005: ':' expected.
sveltekit-frontend/src/lib/server/services/vectorDBService.ts(105,11): error TS1005: ':' expected.
sveltekit-frontend/src/lib/server/services/vectorDBService.ts(105,64): error TS1005: ',' expected.
sveltekit-frontend/src/lib/server/services/vectorDBService.ts(106,9): error TS1003: Identifier expected.
sveltekit-frontend/src/lib/server/services/vectorDBService.ts(110,5): error TS1005: ',' expected.
sveltekit-frontend/src/lib/server/services/vectorDBService.ts(110,11): error TS1005: ':' expected.
sveltekit-frontend/src/lib/server/services/vectorDBService.ts(110,58): error TS1005: ',' expected.
sveltekit-frontend/src/lib/server/services/vectorDBService.ts(111,11): error TS1005: ':' expected.
sveltekit-frontend/src/lib/server/services/vectorDBService.ts(111,52): error TS1005: ',' expected.
sveltekit-frontend/src/lib/server/services/vectorDBService.ts(112,7): error TS1136: Property assignment expected.
sveltekit-frontend/src/lib/server/services/vectorDBService.ts(112,13): error TS1136: Property assignment expected.
sveltekit-frontend/src/lib/server/services/vectorDBService.ts(113,7): error TS1005: ',' expected.
sveltekit-frontend/src/lib/server/services/vectorDBService.ts(113,13): error TS1136: Property assignment expected.
sveltekit-frontend/src/lib/server/services/vectorDBService.ts(128,45): error TS1136: Property assignment expected.
sveltekit-frontend/src/lib/server/services/vectorDBService.ts(133,66): error TS1109: Expression expected.
sveltekit-frontend/src/lib/server/services/vectorDBService.ts(133,75): error TS1005: ',' expected.
sveltekit-frontend/src/lib/server/services/vectorDBService.ts(133,76): error TS1136: Property assignment expected.
sveltekit-frontend/src/lib/server/services/vectorDBService.ts(134,7): error TS1005: ')' expected.
sveltekit-frontend/src/lib/server/services/vectorDBService.ts(135,3): error TS1128: Declaration or statement expected.
sveltekit-frontend/src/lib/server/services/vectorDBService.ts(135,5): error TS1005: 'try' expected.
sveltekit-frontend/src/lib/server/services/vectorDBService.ts(139,1): error TS1128: Declaration or statement expected.
sveltekit-frontend/src/lib/server/services/vectorDBService.ts(144,25): error TS1109: Expression expected.
sveltekit-frontend/src/lib/server/services/vectorDBService.ts(145,1): error TS1128: Declaration or statement expected.
sveltekit-frontend/src/lib/server/services/vectorDBService.ts(145,2): error TS1128: Declaration or statement expected.
sveltekit-frontend/src/lib/server/services/vectorDBService.ts(145,31): error TS1011: An element access expression should take an argument.
sveltekit-frontend/src/lib/server/services/vectorDBService.ts(146,7): error TS1005: ':' expected.
sveltekit-frontend/src/lib/server/services/vectorDBService.ts(147,11): error TS1005: ':' expected.
sveltekit-frontend/src/lib/server/services/vectorDBService.ts(147,52): error TS1005: ',' expected.
sveltekit-frontend/src/lib/server/services/vectorDBService.ts(148,7): error TS1136: Property assignment expected.
sveltekit-frontend/src/lib/server/services/vectorDBService.ts(148,13): error TS1136: Property assignment expected.
sveltekit-frontend/src/lib/server/services/vectorDBService.ts(149,7): error TS1005: ',' expected.
sveltekit-frontend/src/lib/server/services/vectorDBService.ts(149,13): error TS1136: Property assignment expected.
sveltekit-frontend/src/lib/server/services/vectorDBService.ts(164,45): error TS1136: Property assignment expected.
sveltekit-frontend/src/lib/server/services/vectorDBService.ts(169,66): error TS1109: Expression expected.
sveltekit-frontend/src/lib/server/services/vectorDBService.ts(169,75): error TS1005: ',' expected.
sveltekit-frontend/src/lib/server/services/vectorDBService.ts(169,76): error TS1136: Property assignment expected.
sveltekit-frontend/src/lib/server/services/vectorDBService.ts(170,7): error TS1005: ')' expected.
sveltekit-frontend/src/lib/server/services/vectorDBService.ts(171,3): error TS1128: Declaration or statement expected.
sveltekit-frontend/src/lib/server/services/vectorDBService.ts(171,5): error TS1005: 'try' expected.
sveltekit-frontend/src/lib/server/services/vectorDBService.ts(175,1): error TS1128: Declaration or statement expected.
sveltekit-frontend/src/lib/server/services/vectorDBService.ts(192,5): error TS1128: Declaration or statement expected.
sveltekit-frontend/src/lib/server/services/vectorDBService.ts(198,5): error TS1128: Declaration or statement expected.
sveltekit-frontend/src/lib/server/services/vectorDBService.ts(203,5): error TS1128: Declaration or statement expected.
sveltekit-frontend/src/lib/server/services/vectorDBService.ts(208,5): error TS1128: Declaration or statement expected.
sveltekit-frontend/src/lib/server/services/vectorDBService.ts(222,58): error TS1005: ';' expected.
sveltekit-frontend/src/lib/server/services/vectorDBService.ts(222,79): error TS1011: An element access expression should take an argument.
sveltekit-frontend/src/lib/server/services/vectorDBService.ts(222,81): error TS1128: Declaration or statement expected.
sveltekit-frontend/src/lib/server/services/vectorDBService.ts(222,82): error TS1128: Declaration or statement expected.
sveltekit-frontend/src/lib/server/services/vectorDBService.ts(222,83): error TS1128: Declaration or statement expected.
sveltekit-frontend/src/lib/server/services/vectorDBService.ts(224,11): error TS1003: Identifier expected.
sveltekit-frontend/src/lib/server/services/vectorDBService.ts(224,75): error TS1005: ',' expected.
sveltekit-frontend/src/lib/server/services/vectorDBService.ts(226,11): error TS1003: Identifier expected.
sveltekit-frontend/src/lib/server/services/vectorDBService.ts(226,38): error TS1005: ',' expected.
sveltekit-frontend/src/lib/server/services/vectorDBService.ts(227,11): error TS1003: Identifier expected.
sveltekit-frontend/src/lib/server/services/vectorDBService.ts(227,59): error TS1005: ',' expected.
sveltekit-frontend/src/lib/server/session.ts(13,1): error TS1128: Declaration or statement expected.
sveltekit-frontend/src/lib/server/session.ts(58,3): error TS1005: ',' expected.
sveltekit-frontend/src/lib/server/session.ts(64,19): error TS1005: ',' expected.
sveltekit-frontend/src/lib/server/session.ts(72,19): error TS1005: ',' expected.
sveltekit-frontend/src/lib/server/shutdown.ts(12,23): error TS1109: Expression expected.
sveltekit-frontend/src/lib/server/shutdown.ts(12,102): error TS1109: Expression expected.
sveltekit-frontend/src/lib/server/shutdown.ts(20,50): error TS1005: ')' expected.
sveltekit-frontend/src/lib/server/sse.ts(33,50): error TS1005: ')' expected.
sveltekit-frontend/src/lib/server/sse.ts(58,59): error TS1005: ')' expected.
sveltekit-frontend/src/lib/server/tensor-acceleration.ts(253,68): error TS1005: ')' expected.
sveltekit-frontend/src/lib/server/tensor-acceleration.ts(263,70): error TS1005: ')' expected.
sveltekit-frontend/src/lib/server/tensor-acceleration.ts(270,84): error TS1005: ')' expected.
sveltekit-frontend/src/lib/server/tensor-acceleration.ts(271,84): error TS1005: ')' expected.
sveltekit-frontend/src/lib/server/tensor-acceleration.ts(275,96): error TS1005: ')' expected.
sveltekit-frontend/src/lib/server/tensor-acceleration.ts(347,70): error TS1005: ')' expected.
sveltekit-frontend/src/lib/server/tensor-acceleration.ts(357,83): error TS1005: ')' expected.
sveltekit-frontend/src/lib/server/tensor-acceleration.ts(359,91): error TS1005: ')' expected.
sveltekit-frontend/src/lib/server/tensor-acceleration.ts(383,19): error TS1005: ',' expected.
sveltekit-frontend/src/lib/server/tensor-acceleration.ts(443,80): error TS1005: ')' expected.
sveltekit-frontend/src/lib/server/tensor-acceleration.ts(450,92): error TS1005: ')' expected.
sveltekit-frontend/src/lib/server/tensor-acceleration.ts(482,7): error TS1128: Declaration or statement expected.
sveltekit-frontend/src/lib/server/tensor-acceleration.ts(484,36): error TS1109: Expression expected.
sveltekit-frontend/src/lib/server/tensor-acceleration.ts(485,45): error TS1109: Expression expected.
sveltekit-frontend/src/lib/server/tensor-acceleration.ts(486,20): error TS1109: Expression expected.
sveltekit-frontend/src/lib/server/tensor-acceleration.ts(488,7): error TS1128: Declaration or statement expected.
sveltekit-frontend/src/lib/server/tensor-acceleration.ts(522,71): error TS1005: ')' expected.
sveltekit-frontend/src/lib/server/tensor-acceleration.ts(546,78): error TS1005: ')' expected.
sveltekit-frontend/src/lib/server/tensorrt-service.ts(93,34): error TS1005: ';' expected.
sveltekit-frontend/src/lib/server/tensorrt-service.ts(96,33): error TS1005: ';' expected.
sveltekit-frontend/src/lib/server/tensorrt-service.ts(97,8): error TS1068: Unexpected token. A constructor, method, accessor, or property was expected.
sveltekit-frontend/src/lib/server/tensorrt-service.ts(98,7): error TS1434: Unexpected keyword or identifier.
sveltekit-frontend/src/lib/server/tensorrt-service.ts(98,20): error TS1068: Unexpected token. A constructor, method, accessor, or property was expected.
sveltekit-frontend/src/lib/server/tensorrt-service.ts(98,24): error TS1003: Identifier expected.
sveltekit-frontend/src/lib/server/tensorrt-service.ts(98,31): error TS1138: Parameter declaration expected.
sveltekit-frontend/src/lib/server/tensorrt-service.ts(98,33): error TS1138: Parameter declaration expected.
sveltekit-frontend/src/lib/server/tensorrt-service.ts(114,8): error TS1005: ';' expected.
sveltekit-frontend/src/lib/server/tensorrt-service.ts(120,5): error TS1128: Declaration or statement expected.
sveltekit-frontend/src/lib/server/tensorrt-service.ts(120,6): error TS1128: Declaration or statement expected.
sveltekit-frontend/src/lib/server/tensorrt-service.ts(121,3): error TS1128: Declaration or statement expected.
sveltekit-frontend/src/lib/server/tensorrt-service.ts(122,3): error TS1128: Declaration or statement expected.
sveltekit-frontend/src/lib/server/tensorrt-service.ts(122,11): error TS1434: Unexpected keyword or identifier.
sveltekit-frontend/src/lib/server/tensorrt-service.ts(122,42): error TS1135: Argument expression expected.
sveltekit-frontend/src/lib/server/tensorrt-service.ts(122,59): error TS1005: ';' expected.
sveltekit-frontend/src/lib/server/tensorrt-service.ts(123,11): error TS1005: ':' expected.
sveltekit-frontend/src/lib/server/tensorrt-service.ts(218,2): error TS1005: ',' expected.
sveltekit-frontend/src/lib/server/tensorrt-service.ts(219,12): error TS1005: ':' expected.
sveltekit-frontend/src/lib/server/tensorrt-service.ts(224,34): error TS1005: ';' expected.
sveltekit-frontend/src/lib/server/tensorrt-service.ts(225,9): error TS1005: ',' expected.
sveltekit-frontend/src/lib/server/tensorrt-service.ts(226,21): error TS1003: Identifier expected.
sveltekit-frontend/src/lib/server/tensorrt-service.ts(227,33): error TS1005: ';' expected.
sveltekit-frontend/src/lib/server/tensorrt-service.ts(227,34): error TS1005: ',' expected.
sveltekit-frontend/src/lib/server/tensorrt-service.ts(228,8): error TS1005: ';' expected.
sveltekit-frontend/src/lib/server/tensorrt-service.ts(253,5): error TS1128: Declaration or statement expected.
sveltekit-frontend/src/lib/server/tensorrt-service.ts(253,6): error TS1128: Declaration or statement expected.
sveltekit-frontend/src/lib/server/tensorrt-service.ts(254,3): error TS1128: Declaration or statement expected.
sveltekit-frontend/src/lib/server/tensorrt-service.ts(255,1): error TS1128: Declaration or statement expected.
sveltekit-frontend/src/lib/server/unified/legal-ai-service.ts(13,1): error TS1128: Declaration or statement expected.
sveltekit-frontend/src/lib/server/unified/legal-ai-service.ts(56,11): error TS1128: Declaration or statement expected.
sveltekit-frontend/src/lib/server/unified/legal-ai-service.ts(61,11): error TS1128: Declaration or statement expected.
sveltekit-frontend/src/lib/server/unified/legal-ai-service.ts(69,11): error TS1128: Declaration or statement expected.
sveltekit-frontend/src/lib/server/unified/legal-ai-service.ts(76,11): error TS1128: Declaration or statement expected.
sveltekit-frontend/src/lib/server/unified/legal-ai-service.ts(87,32): error TS1005: ':' expected.
sveltekit-frontend/src/lib/server/unified/legal-ai-service.ts(88,15): error TS1128: Declaration or statement expected.
sveltekit-frontend/src/lib/server/unified/legal-ai-service.ts(102,11): error TS1128: Declaration or statement expected.
sveltekit-frontend/src/lib/server/unified/legal-ai-service.ts(104,15): error TS1128: Declaration or statement expected.
sveltekit-frontend/src/lib/server/unified/legal-ai-service.ts(125,23): error TS1109: Expression expected.
sveltekit-frontend/src/lib/server/unified/legal-ai-service.ts(126,20): error TS1109: Expression expected.
sveltekit-frontend/src/lib/server/unified/legal-ai-service.ts(127,21): error TS1109: Expression expected.
sveltekit-frontend/src/lib/server/unified/legal-ai-service.ts(128,20): error TS1109: Expression expected.
sveltekit-frontend/src/lib/server/unified/legal-ai-service.ts(129,10): error TS1128: Declaration or statement expected.
sveltekit-frontend/src/lib/server/unified/legal-ai-service.ts(131,7): error TS1128: Declaration or statement expected.
sveltekit-frontend/src/lib/server/unified/legal-ai-service.ts(182,22): error TS1005: ')' expected.
sveltekit-frontend/src/lib/server/unified/legal-ai-service.ts(206,22): error TS1005: ')' expected.
sveltekit-frontend/src/lib/server/unified/legal-ai-service.ts(270,10): error TS1005: ')' expected.
sveltekit-frontend/src/lib/server/unified/legal-ai-service.ts(300,25): error TS1005: ',' expected.
sveltekit-frontend/src/lib/server/unified/legal-ai-service.ts(331,19): error TS1005: ',' expected.
sveltekit-frontend/src/lib/server/utils/logger.ts(227,23): error TS1136: Property assignment expected.
sveltekit-frontend/src/lib/server/utils/logger.ts(234,49): error TS1005: ')' expected.
sveltekit-frontend/src/lib/server/utils/logger.ts(248,23): error TS1136: Property assignment expected.
sveltekit-frontend/src/lib/server/utils/logger.ts(255,49): error TS1005: ')' expected.
sveltekit-frontend/src/lib/server/utils/rate-limit.ts(3,1): error TS1128: Declaration or statement expected.
sveltekit-frontend/src/lib/server/utils/rate-limit.ts(36,22): error TS1005: ',' expected.
sveltekit-frontend/src/lib/server/utils/rate-limit.ts(44,23): error TS1005: ',' expected.
sveltekit-frontend/src/lib/server/utils/rate-limit.ts(53,20): error TS1005: ',' expected.
sveltekit-frontend/src/lib/server/vector-cache.ts(7,1): error TS1128: Declaration or statement expected.
sveltekit-frontend/src/lib/server/vector-cache.ts(164,68): error TS1005: ')' expected.
sveltekit-frontend/src/lib/server/vector-cache.ts(209,22): error TS1005: ',' expected.
sveltekit-frontend/src/lib/server/vector-cache.ts(210,28): error TS1005: ',' expected.
sveltekit-frontend/src/lib/server/vector-cache.ts(232,68): error TS1005: ')' expected.
sveltekit-frontend/src/lib/server/vector-cache.ts(281,32): error TS1005: ',' expected.
sveltekit-frontend/src/lib/server/vector-cache.ts(300,71): error TS1005: ')' expected.
sveltekit-frontend/src/lib/server/vector/qdrant-api-wrapper.ts(28,7): error TS1128: Declaration or statement expected.
sveltekit-frontend/src/lib/server/vector/qdrant-api-wrapper.ts(66,20): error TS1109: Expression expected.
sveltekit-frontend/src/lib/server/vector/qdrant-api-wrapper.ts(68,7): error TS1128: Declaration or statement expected.
sveltekit-frontend/src/lib/server/vector/qdrant-api-wrapper.ts(79,7): error TS1128: Declaration or statement expected.
sveltekit-frontend/src/lib/server/vector/qdrant-api-wrapper.ts(103,7): error TS1128: Declaration or statement expected.
sveltekit-frontend/src/lib/server/vector/qdrant-api-wrapper.ts(114,7): error TS1128: Declaration or statement expected.
sveltekit-frontend/src/lib/server/vector/qdrant-api-wrapper.ts(124,3): error TS1131: Property or signature expected.
sveltekit-frontend/src/lib/server/vector/qdrant-api-wrapper.ts(137,7): error TS1128: Declaration or statement expected.
sveltekit-frontend/src/lib/server/vector/qdrant-api-wrapper.ts(147,50): error TS1109: Expression expected.
sveltekit-frontend/src/lib/server/vector/qdrant-api-wrapper.ts(148,7): error TS1128: Declaration or statement expected.
sveltekit-frontend/src/lib/server/vector/qdrant-api-wrapper.ts(175,26): error TS1109: Expression expected.
sveltekit-frontend/src/lib/server/vector/qdrant-api-wrapper.ts(177,7): error TS1128: Declaration or statement expected.
sveltekit-frontend/src/lib/server/vector/qdrant-api-wrapper.ts(188,7): error TS1128: Declaration or statement expected.
sveltekit-frontend/src/lib/server/vector/qdrant-api-wrapper.ts(234,7): error TS1128: Declaration or statement expected.
sveltekit-frontend/src/lib/server/vector/qdrant-api-wrapper.ts(244,43): error TS1109: Expression expected.
sveltekit-frontend/src/lib/server/vector/qdrant-api-wrapper.ts(245,7): error TS1128: Declaration or statement expected.
sveltekit-frontend/src/lib/server/vector/qdrant-api-wrapper.ts(271,7): error TS1128: Declaration or statement expected.
sveltekit-frontend/src/lib/server/vector/qdrant-api-wrapper.ts(282,7): error TS1128: Declaration or statement expected.
sveltekit-frontend/src/lib/server/vector/qdrant-api-wrapper.ts(301,7): error TS1128: Declaration or statement expected.
sveltekit-frontend/src/lib/server/vector/qdrant-api-wrapper.ts(314,45): error TS1109: Expression expected.
sveltekit-frontend/src/lib/server/vector/qdrant-api-wrapper.ts(315,7): error TS1128: Declaration or statement expected.
sveltekit-frontend/src/lib/server/vector/qdrant-manager.ts(103,7): error TS1128: Declaration or statement expected.
sveltekit-frontend/src/lib/server/vector/qdrant-manager.ts(105,44): error TS1136: Property assignment expected.
sveltekit-frontend/src/lib/server/vector/qdrant-manager.ts(154,7): error TS1005: ')' expected.
sveltekit-frontend/src/lib/server/vector/qdrant-manager.ts(169,22): error TS1005: ',' expected.
sveltekit-frontend/src/lib/server/vector/qdrant-manager.ts(205,17): error TS1005: ',' expected.
sveltekit-frontend/src/lib/server/vector/qdrant-manager.ts(227,7): error TS1128: Declaration or statement expected.
sveltekit-frontend/src/lib/server/vector/qdrant-manager.ts(232,9): error TS1005: ')' expected.
sveltekit-frontend/src/lib/server/vector/qdrant-manager.ts(249,18): error TS1005: ',' expected.
sveltekit-frontend/src/lib/server/vector/qdrant-manager.ts(296,59): error TS1136: Property assignment expected.
sveltekit-frontend/src/lib/server/vector/qdrant-manager.ts(329,18): error TS1005: ',' expected.
sveltekit-frontend/src/lib/server/vector/qdrant-manager.ts(339,43): error TS1005: ')' expected.
sveltekit-frontend/src/lib/server/vector/vectorService.ts(49,9): error TS1128: Declaration or statement expected.
sveltekit-frontend/src/lib/server/vector/vectorService.ts(50,14): error TS1005: ';' expected.
sveltekit-frontend/src/lib/server/vector/vectorService.ts(51,7): error TS1109: Expression expected.
sveltekit-frontend/src/lib/server/vector/vectorService.ts(51,8): error TS1128: Declaration or statement expected.
sveltekit-frontend/src/lib/server/vector/vectorService.ts(62,5): error TS1128: Declaration or statement expected.
sveltekit-frontend/src/lib/server/vector/vectorService.ts(62,7): error TS1005: 'try' expected.
sveltekit-frontend/src/lib/server/vector/vectorService.ts(66,3): error TS1128: Declaration or statement expected.
sveltekit-frontend/src/lib/server/vector/vectorService.ts(68,3): error TS1128: Declaration or statement expected.
sveltekit-frontend/src/lib/server/vector/vectorService.ts(68,11): error TS1434: Unexpected keyword or identifier.
sveltekit-frontend/src/lib/server/vector/vectorService.ts(69,11): error TS1135: Argument expression expected.
sveltekit-frontend/src/lib/server/vector/vectorService.ts(70,5): error TS1005: ',' expected.
sveltekit-frontend/src/lib/server/vector/vectorService.ts(70,12): error TS1135: Argument expression expected.
sveltekit-frontend/src/lib/server/vector/vectorService.ts(70,21): error TS1005: ']' expected.
sveltekit-frontend/src/lib/server/vector/vectorService.ts(70,30): error TS1005: ',' expected.
sveltekit-frontend/src/lib/server/vector/vectorService.ts(70,31): error TS1136: Property assignment expected.
sveltekit-frontend/src/lib/server/vector/vectorService.ts(71,11): error TS1135: Argument expression expected.
sveltekit-frontend/src/lib/server/vector/vectorService.ts(71,20): error TS1005: ')' expected.
sveltekit-frontend/src/lib/server/vector/vectorService.ts(72,3): error TS1128: Declaration or statement expected.
sveltekit-frontend/src/lib/server/vector/vectorService.ts(72,4): error TS1128: Declaration or statement expected.
sveltekit-frontend/src/lib/server/vector/vectorService.ts(72,30): error TS1011: An element access expression should take an argument.
sveltekit-frontend/src/lib/server/vector/vectorService.ts(73,9): error TS1005: ':' expected.
sveltekit-frontend/src/lib/server/vector/vectorService.ts(74,13): error TS1005: ':' expected.
sveltekit-frontend/src/lib/server/vector/vectorService.ts(74,41): error TS1109: Expression expected.
sveltekit-frontend/src/lib/server/vector/vectorService.ts(74,42): error TS1005: ':' expected.
sveltekit-frontend/src/lib/server/vector/vectorService.ts(74,44): error TS1136: Property assignment expected.
sveltekit-frontend/src/lib/server/vector/vectorService.ts(74,47): error TS1109: Expression expected.
sveltekit-frontend/src/lib/server/vector/vectorService.ts(74,48): error TS1005: ':' expected.
sveltekit-frontend/src/lib/server/vector/vectorService.ts(76,11): error TS1003: Identifier expected.
sveltekit-frontend/src/lib/server/vector/vectorService.ts(76,19): error TS1138: Parameter declaration expected.
sveltekit-frontend/src/lib/server/vector/vectorService.ts(76,51): error TS1005: ',' expected.
sveltekit-frontend/src/lib/server/vector/vectorService.ts(76,53): error TS1136: Property assignment expected.
sveltekit-frontend/src/lib/server/vector/vectorService.ts(88,55): error TS1136: Property assignment expected.
sveltekit-frontend/src/lib/server/vector/vectorService.ts(94,10): error TS1005: ')' expected.
sveltekit-frontend/src/lib/server/vector/vectorService.ts(109,59): error TS1136: Property assignment expected.
sveltekit-frontend/src/lib/server/vector/vectorService.ts(115,10): error TS1005: ')' expected.
sveltekit-frontend/src/lib/server/vector/vectorService.ts(130,59): error TS1136: Property assignment expected.
sveltekit-frontend/src/lib/server/vector/vectorService.ts(139,10): error TS1005: ')' expected.
sveltekit-frontend/src/lib/server/vector/vectorService.ts(142,5): error TS1128: Declaration or statement expected.
sveltekit-frontend/src/lib/server/vector/vectorService.ts(142,7): error TS1005: 'try' expected.
sveltekit-frontend/src/lib/server/vector/vectorService.ts(146,3): error TS1128: Declaration or statement expected.
sveltekit-frontend/src/lib/server/vector/vectorService.ts(148,3): error TS1128: Declaration or statement expected.
sveltekit-frontend/src/lib/server/vector/vectorService.ts(149,19): error TS1135: Argument expression expected.
sveltekit-frontend/src/lib/server/vector/vectorService.ts(149,37): error TS1011: An element access expression should take an argument.
sveltekit-frontend/src/lib/server/vector/vectorService.ts(150,5): error TS1005: ',' expected.
sveltekit-frontend/src/lib/server/vector/vectorService.ts(150,20): error TS1135: Argument expression expected.
sveltekit-frontend/src/lib/server/vector/vectorService.ts(150,38): error TS1011: An element access expression should take an argument.
sveltekit-frontend/src/lib/server/vector/vectorService.ts(151,5): error TS1005: ',' expected.
sveltekit-frontend/src/lib/server/vector/vectorService.ts(151,18): error TS1135: Argument expression expected.
sveltekit-frontend/src/lib/server/vector/vectorService.ts(152,5): error TS1005: ',' expected.
sveltekit-frontend/src/lib/server/vector/vectorService.ts(152,19): error TS1135: Argument expression expected.
sveltekit-frontend/src/lib/server/vector/vectorService.ts(152,28): error TS1005: ')' expected.
sveltekit-frontend/src/lib/server/vector/vectorService.ts(153,3): error TS1128: Declaration or statement expected.
sveltekit-frontend/src/lib/server/vector/vectorService.ts(153,4): error TS1128: Declaration or statement expected.
sveltekit-frontend/src/lib/server/vector/vectorService.ts(153,22): error TS1011: An element access expression should take an argument.
sveltekit-frontend/src/lib/server/vector/vectorService.ts(154,11): error TS1005: ':' expected.
sveltekit-frontend/src/lib/server/vector/vectorService.ts(154,59): error TS1005: ',' expected.
sveltekit-frontend/src/lib/server/vector/vectorService.ts(156,18): error TS1005: ',' expected.
sveltekit-frontend/src/lib/server/vector/vectorService.ts(161,7): error TS1005: ',' expected.
sveltekit-frontend/src/lib/server/vector/vectorService.ts(163,19): error TS1005: ',' expected.
sveltekit-frontend/src/lib/server/vector/vectorService.ts(174,7): error TS1005: ',' expected.
sveltekit-frontend/src/lib/server/vector/vectorService.ts(176,12): error TS1005: ':' expected.
sveltekit-frontend/src/lib/server/vector/vectorService.ts(176,78): error TS1005: ',' expected.
sveltekit-frontend/src/lib/server/vector/vectorService.ts(179,3): error TS1128: Declaration or statement expected.
sveltekit-frontend/src/lib/server/vector/vectorService.ts(179,36): error TS1135: Argument expression expected.
sveltekit-frontend/src/lib/server/vector/vectorService.ts(179,45): error TS1005: ']' expected.
sveltekit-frontend/src/lib/server/vector/vectorService.ts(179,54): error TS1005: ',' expected.
sveltekit-frontend/src/lib/server/vector/vectorService.ts(179,55): error TS1136: Property assignment expected.
sveltekit-frontend/src/lib/server/vector/vectorService.ts(179,64): error TS1005: ';' expected.
sveltekit-frontend/src/lib/server/vector/vectorService.ts(179,66): error TS1434: Unexpected keyword or identifier.
sveltekit-frontend/src/lib/server/vector/vectorService.ts(211,3): error TS1434: Unexpected keyword or identifier.
sveltekit-frontend/src/lib/server/vector/vectorService.ts(212,16): error TS1135: Argument expression expected.
sveltekit-frontend/src/lib/server/vector/vectorService.ts(213,5): error TS1005: ',' expected.
sveltekit-frontend/src/lib/server/vector/vectorService.ts(213,13): error TS1135: Argument expression expected.
sveltekit-frontend/src/lib/server/vector/vectorService.ts(214,5): error TS1109: Expression expected.
sveltekit-frontend/src/lib/server/vector/vectorService.ts(214,31): error TS1011: An element access expression should take an argument.
sveltekit-frontend/src/lib/server/vector/vectorService.ts(215,9): error TS1005: ':' expected.
sveltekit-frontend/src/lib/server/vector/vectorService.ts(221,13): error TS1005: ':' expected.
sveltekit-frontend/src/lib/server/vector/vectorService.ts(221,41): error TS1109: Expression expected.
sveltekit-frontend/src/lib/server/vector/vectorService.ts(221,43): error TS1005: ',' expected.
sveltekit-frontend/src/lib/server/vector/vectorService.ts(222,9): error TS1136: Property assignment expected.
sveltekit-frontend/src/lib/server/vector/vectorService.ts(242,60): error TS1005: ',' expected.
sveltekit-frontend/src/lib/server/vector/vectorService.ts(243,9): error TS1128: Declaration or statement expected.
sveltekit-frontend/src/lib/server/vector/vectorService.ts(243,32): error TS1136: Property assignment expected.
sveltekit-frontend/src/lib/server/vector/vectorService.ts(244,34): error TS1005: ',' expected.
sveltekit-frontend/src/lib/server/vector/vectorService.ts(245,17): error TS1135: Argument expression expected.
sveltekit-frontend/src/lib/server/vector/vectorService.ts(246,20): error TS1135: Argument expression expected.
sveltekit-frontend/src/lib/server/vector/vectorService.ts(247,19): error TS1135: Argument expression expected.
sveltekit-frontend/src/lib/server/vector/vectorService.ts(248,9): error TS1005: ',' expected.
sveltekit-frontend/src/lib/server/vector/vectorService.ts(250,5): error TS1128: Declaration or statement expected.
sveltekit-frontend/src/lib/server/vector/vectorService.ts(250,7): error TS1005: 'try' expected.
sveltekit-frontend/src/lib/server/vector/vectorService.ts(254,3): error TS1128: Declaration or statement expected.
sveltekit-frontend/src/lib/server/vector/vectorService.ts(256,3): error TS1434: Unexpected keyword or identifier.
sveltekit-frontend/src/lib/server/vector/vectorService.ts(257,15): error TS1135: Argument expression expected.
sveltekit-frontend/src/lib/server/vector/vectorService.ts(257,23): error TS1109: Expression expected.
sveltekit-frontend/src/lib/server/vector/vectorService.ts(258,3): error TS1128: Declaration or statement expected.
sveltekit-frontend/src/lib/server/vector/vectorService.ts(258,4): error TS1128: Declaration or statement expected.
sveltekit-frontend/src/lib/server/vector/vectorService.ts(258,18): error TS1109: Expression expected.
sveltekit-frontend/src/lib/server/vector/vectorService.ts(259,9): error TS1005: ':' expected.
sveltekit-frontend/src/lib/server/vector/vectorService.ts(260,13): error TS1005: ':' expected.
sveltekit-frontend/src/lib/server/vector/vectorService.ts(260,28): error TS1005: ':' expected.
sveltekit-frontend/src/lib/server/vector/vectorService.ts(261,16): error TS1005: ',' expected.
sveltekit-frontend/src/lib/server/vector/vectorService.ts(261,19): error TS1109: Expression expected.
sveltekit-frontend/src/lib/server/vector/vectorService.ts(261,21): error TS1003: Identifier expected.
sveltekit-frontend/src/lib/server/vector/vectorService.ts(261,22): error TS1138: Parameter declaration expected.
sveltekit-frontend/src/lib/server/vector/vectorService.ts(261,23): error TS1138: Parameter declaration expected.
sveltekit-frontend/src/lib/server/vector/vectorService.ts(261,27): error TS1005: ',' expected.
sveltekit-frontend/src/lib/server/vector/vectorService.ts(261,39): error TS1005: ',' expected.
sveltekit-frontend/src/lib/server/vector/vectorService.ts(261,48): error TS1005: ',' expected.
sveltekit-frontend/src/lib/server/vector/vectorService.ts(261,52): error TS1005: ',' expected.
sveltekit-frontend/src/lib/server/vector/vectorService.ts(261,65): error TS1005: ',' expected.
sveltekit-frontend/src/lib/server/vector/vectorService.ts(261,67): error TS1136: Property assignment expected.
sveltekit-frontend/src/lib/server/vector/vectorService.ts(266,10): error TS1005: ')' expected.
sveltekit-frontend/src/lib/server/vector/vectorService.ts(275,11): error TS1005: ')' expected.
sveltekit-frontend/src/lib/server/vector/vectorService.ts(289,11): error TS1005: ')' expected.
sveltekit-frontend/src/lib/server/vector/vectorService.ts(296,5): error TS1128: Declaration or statement expected.
sveltekit-frontend/src/lib/server/vector/vectorService.ts(296,7): error TS1005: 'try' expected.
sveltekit-frontend/src/lib/server/vector/vectorService.ts(300,3): error TS1128: Declaration or statement expected.
sveltekit-frontend/src/lib/server/vector/vectorService.ts(302,3): error TS1434: Unexpected keyword or identifier.
sveltekit-frontend/src/lib/server/vector/vectorService.ts(302,35): error TS1135: Argument expression expected.
sveltekit-frontend/src/lib/server/vector/vectorService.ts(302,44): error TS1005: ';' expected.
sveltekit-frontend/src/lib/server/vector/vectorService.ts(302,58): error TS1109: Expression expected.
sveltekit-frontend/src/lib/server/vector/vectorService.ts(303,9): error TS1005: ':' expected.
sveltekit-frontend/src/lib/server/vector/vectorService.ts(305,13): error TS1005: ',' expected.
sveltekit-frontend/src/lib/server/vector/vectorService.ts(305,18): error TS1005: ',' expected.
sveltekit-frontend/src/lib/server/vector/vectorService.ts(306,19): error TS1005: ',' expected.
sveltekit-frontend/src/lib/server/vector/vectorService.ts(308,9): error TS1005: ',' expected.
sveltekit-frontend/src/lib/server/vector/vectorService.ts(310,13): error TS1005: ',' expected.
sveltekit-frontend/src/lib/server/vector/vectorService.ts(310,16): error TS1005: ',' expected.
sveltekit-frontend/src/lib/server/vector/vectorService.ts(310,88): error TS1005: ')' expected.
sveltekit-frontend/src/lib/server/vector/vectorService.ts(311,15): error TS1003: Identifier expected.
sveltekit-frontend/src/lib/server/vector/vectorService.ts(311,53): error TS1005: ',' expected.
sveltekit-frontend/src/lib/server/vector/vectorService.ts(312,7): error TS1005: ',' expected.
sveltekit-frontend/src/lib/server/vector/vectorService.ts(318,3): error TS1434: Unexpected keyword or identifier.
sveltekit-frontend/src/lib/server/vector/vectorService.ts(318,23): error TS1109: Expression expected.
sveltekit-frontend/src/lib/server/vector/vectorService.ts(319,11): error TS1005: ':' expected.
sveltekit-frontend/src/lib/server/vector/vectorService.ts(321,19): error TS1005: ',' expected.
sveltekit-frontend/src/lib/server/vector/vectorService.ts(324,5): error TS1005: ',' expected.
sveltekit-frontend/src/lib/server/vector/vectorService.ts(324,9): error TS1005: ':' expected.
sveltekit-frontend/src/lib/server/vector/vectorService.ts(326,13): error TS1005: ',' expected.
sveltekit-frontend/src/lib/server/vector/vectorService.ts(326,18): error TS1005: ',' expected.
sveltekit-frontend/src/lib/server/vector/vectorService.ts(326,41): error TS1136: Property assignment expected.
sveltekit-frontend/src/lib/server/vector/vectorService.ts(326,43): error TS1005: ',' expected.
sveltekit-frontend/src/lib/server/vector/vectorService.ts(327,14): error TS1003: Identifier expected.
sveltekit-frontend/src/lib/server/vector/vectorService.ts(327,29): error TS1005: ',' expected.
sveltekit-frontend/src/lib/server/vector/vectorService.ts(329,13): error TS1005: ':' expected.
sveltekit-frontend/src/lib/server/vector/vectorService.ts(329,61): error TS1005: ',' expected.
sveltekit-frontend/src/lib/server/vector/vectorService.ts(330,14): error TS1003: Identifier expected.
sveltekit-frontend/src/lib/server/vector/vectorService.ts(330,100): error TS1005: ',' expected.
sveltekit-frontend/src/lib/server/vector/vectorService.ts(331,7): error TS1005: ';' expected.
sveltekit-frontend/src/lib/server/vector/vectorService.ts(346,3): error TS1128: Declaration or statement expected.
sveltekit-frontend/src/lib/server/vector/vectorService.ts(348,3): error TS1434: Unexpected keyword or identifier.
sveltekit-frontend/src/lib/server/vector/vectorService.ts(348,20): error TS1109: Expression expected.
sveltekit-frontend/src/lib/server/vector/vectorService.ts(349,9): error TS1005: ':' expected.
sveltekit-frontend/src/lib/server/vector/vectorService.ts(350,13): error TS1005: ':' expected.
sveltekit-frontend/src/lib/server/vector/vectorService.ts(350,72): error TS1005: ',' expected.
sveltekit-frontend/src/lib/server/vector/vectorService.ts(351,14): error TS1005: ':' expected.
sveltekit-frontend/src/lib/server/vector/vectorService.ts(355,7): error TS1005: ',' expected.
sveltekit-frontend/src/lib/server/vector/vectorService.ts(364,3): error TS1434: Unexpected keyword or identifier.
sveltekit-frontend/src/lib/server/vector/vectorService.ts(364,17): error TS1109: Expression expected.
sveltekit-frontend/src/lib/server/vector/vectorService.ts(364,31): error TS1109: Expression expected.
sveltekit-frontend/src/lib/server/vector/vectorService.ts(365,9): error TS1005: ':' expected.
sveltekit-frontend/src/lib/server/vector/vectorService.ts(366,13): error TS1005: ',' expected.
sveltekit-frontend/src/lib/server/vector/vectorService.ts(366,17): error TS1005: ':' expected.
sveltekit-frontend/src/lib/server/vector/vectorService.ts(366,30): error TS1005: ',' expected.
sveltekit-frontend/src/lib/server/vector/vectorService.ts(367,7): error TS1005: ',' expected.
sveltekit-frontend/src/lib/server/vector/vectorService.ts(371,1): error TS1128: Declaration or statement expected.
sveltekit-frontend/src/lib/server/webgpu-langchain-bridge.ts(204,17): error TS1005: ',' expected.
sveltekit-frontend/src/lib/server/webgpu-langchain-bridge.ts(358,35): error TS1005: ',' expected.
sveltekit-frontend/src/lib/server/webgpu-redis-optimizer.ts(242,23): error TS1005: ',' expected.
sveltekit-frontend/src/lib/server/webgpu-redis-optimizer.ts(249,23): error TS1005: ',' expected.
sveltekit-frontend/src/lib/server/webgpu-redis-optimizer.ts(276,23): error TS1005: ',' expected.
sveltekit-frontend/src/lib/server/webgpu-redis-optimizer.ts(322,5): error TS1005: ',' expected.
sveltekit-frontend/src/lib/server/webgpu-redis-optimizer.ts(322,15): error TS1005: ',' expected.
sveltekit-frontend/src/lib/server/webgpu-redis-optimizer.ts(337,9): error TS1005: ',' expected.
sveltekit-frontend/src/lib/server/webgpu-redis-optimizer.ts(372,5): error TS1005: ',' expected.
sveltekit-frontend/src/lib/server/webgpu-redis-optimizer.ts(455,21): error TS1005: ',' expected.
sveltekit-frontend/src/lib/server/webgpu-redis-optimizer.ts(461,23): error TS1005: ',' expected.
sveltekit-frontend/src/lib/server/websocket.ts(6,45): error TS1134: Variable declaration expected.
sveltekit-frontend/src/lib/server/websocket.ts(6,51): error TS1109: Expression expected.
sveltekit-frontend/src/lib/server/websocket.ts(8,41): error TS1134: Variable declaration expected.
sveltekit-frontend/src/lib/server/websocket.ts(8,47): error TS1109: Expression expected.
sveltekit-frontend/src/lib/server/websocket.ts(22,44): error TS1005: ')' expected.
sveltekit-frontend/src/lib/server/websocket.ts(33,40): error TS1005: ')' expected.
sveltekit-frontend/src/lib/server/websocket.ts(41,17): error TS1109: Expression expected.
sveltekit-frontend/src/lib/server/websocket.ts(42,8): error TS1128: Declaration or statement expected.
sveltekit-frontend/src/lib/server/websocket.ts(44,5): error TS1109: Expression expected.
sveltekit-frontend/src/lib/server/websocket.ts(81,4): error TS1128: Declaration or statement expected.
sveltekit-frontend/src/lib/server/websocket.ts(83,1): error TS1128: Declaration or statement expected.
sveltekit-frontend/src/lib/server/websocket.ts(87,14): error TS1005: ',' expected.
sveltekit-frontend/src/lib/server/websocket.ts(97,19): error TS1109: Expression expected.
sveltekit-frontend/src/lib/server/websocket.ts(98,13): error TS1128: Declaration or statement expected.
sveltekit-frontend/src/lib/server/websocket.ts(99,23): error TS1109: Expression expected.
sveltekit-frontend/src/lib/server/websocket.ts(101,10): error TS1129: Statement expected.
sveltekit-frontend/src/lib/server/websocket.ts(103,7): error TS1109: Expression expected.
sveltekit-frontend/src/lib/server/websocket.ts(111,19): error TS1109: Expression expected.
sveltekit-frontend/src/lib/server/websocket.ts(112,13): error TS1128: Declaration or statement expected.
sveltekit-frontend/src/lib/server/websocket.ts(113,23): error TS1109: Expression expected.
sveltekit-frontend/src/lib/server/websocket.ts(115,10): error TS1129: Statement expected.
sveltekit-frontend/src/lib/server/websocket.ts(117,7): error TS1109: Expression expected.
sveltekit-frontend/src/lib/server/websocket.ts(125,19): error TS1109: Expression expected.
sveltekit-frontend/src/lib/server/websocket.ts(126,13): error TS1128: Declaration or statement expected.
sveltekit-frontend/src/lib/server/websocket.ts(127,23): error TS1109: Expression expected.
sveltekit-frontend/src/lib/server/websocket.ts(129,10): error TS1129: Statement expected.
sveltekit-frontend/src/lib/server/websocket.ts(131,7): error TS1109: Expression expected.
sveltekit-frontend/src/lib/server/websocket.ts(139,19): error TS1109: Expression expected.
sveltekit-frontend/src/lib/server/websocket.ts(141,13): error TS1109: Expression expected.
sveltekit-frontend/src/lib/server/websocket.ts(143,10): error TS1129: Statement expected.
sveltekit-frontend/src/lib/server/websocket.ts(145,7): error TS1109: Expression expected.
sveltekit-frontend/src/lib/server/websocket.ts(149,51): error TS1005: ')' expected.
sveltekit-frontend/src/lib/server/websocket.ts(180,15): error TS1005: ',' expected.
sveltekit-frontend/src/lib/server/websocket/socket-server.ts(5,1): error TS1128: Declaration or statement expected.
sveltekit-frontend/src/lib/server/websocket/socket-server.ts(101,74): error TS1005: ')' expected.
sveltekit-frontend/src/lib/server/websocket/socket-server.ts(107,82): error TS1005: ')' expected.
sveltekit-frontend/src/lib/server/websocket/socket-server.ts(126,26): error TS1005: ',' expected.
sveltekit-frontend/src/lib/server/websocket/socket-server.ts(156,19): error TS1005: ',' expected.
sveltekit-frontend/src/lib/server/websocket/socket-server.ts(158,20): error TS1005: ',' expected.
sveltekit-frontend/src/lib/server/websocket/socket-server.ts(166,8): error TS1128: Declaration or statement expected.
sveltekit-frontend/src/lib/server/websocket/socket-server.ts(168,5): error TS1128: Declaration or statement expected.
sveltekit-frontend/src/lib/server/websocket/socket-server.ts(177,8): error TS1128: Declaration or statement expected.
sveltekit-frontend/src/lib/server/websocket/socket-server.ts(179,5): error TS1128: Declaration or statement expected.
sveltekit-frontend/src/lib/server/websocket/socket-server.ts(188,8): error TS1128: Declaration or statement expected.
sveltekit-frontend/src/lib/server/websocket/socket-server.ts(190,5): error TS1128: Declaration or statement expected.
sveltekit-frontend/src/lib/server/webSocketServer.ts(10,1): error TS1128: Declaration or statement expected.
sveltekit-frontend/src/lib/server/webSocketServer.ts(37,33): error TS1005: ',' expected.
sveltekit-frontend/src/lib/server/webSocketServer.ts(59,95): error TS1109: Expression expected.
sveltekit-frontend/src/lib/server/webSocketServer.ts(59,104): error TS1005: ',' expected.
sveltekit-frontend/src/lib/server/webSocketServer.ts(59,105): error TS1136: Property assignment expected.
sveltekit-frontend/src/lib/server/webSocketServer.ts(158,25): error TS1005: ',' expected.
sveltekit-frontend/src/lib/server/webSocketServer.ts(172,63): error TS1005: ')' expected.
sveltekit-frontend/src/lib/server/webSocketServer.ts(212,42): error TS1005: ')' expected.
sveltekit-frontend/src/lib/server/workers/embed-worker.ts(10,7): error TS1005: ',' expected.
sveltekit-frontend/src/lib/server/workers/embed-worker.ts(17,7): error TS1005: ',' expected.
sveltekit-frontend/src/lib/server/workers/embedding-backfill-worker.ts(25,1): error TS1131: Property or signature expected.
sveltekit-frontend/src/lib/server/workers/embedding-backfill-worker.ts(84,63): error TS1005: ')' expected.
sveltekit-frontend/src/lib/server/workers/embedding-backfill-worker.ts(112,73): error TS1005: ')' expected.
sveltekit-frontend/src/lib/server/workers/embedding-backfill-worker.ts(174,29): error TS1136: Property assignment expected.
sveltekit-frontend/src/lib/server/workflows/ingestion-service.ts(9,1): error TS1128: Declaration or statement expected.
sveltekit-frontend/src/lib/server/workflows/ingestion-service.ts(98,23): error TS1005: ',' expected.
sveltekit-frontend/src/lib/server/workflows/ingestion-service.ts(149,69): error TS1005: ')' expected.
sveltekit-frontend/src/lib/server/workflows/ingestion-service.ts(241,23): error TS1005: ',' expected.
sveltekit-frontend/src/lib/server/workflows/ingestion-service.ts(270,22): error TS1005: ',' expected.
sveltekit-frontend/src/lib/server/workflows/ingestion-service.ts(275,23): error TS1005: ',' expected.
sveltekit-frontend/src/lib/server/workflows/ingestion-service.ts(291,22): error TS1005: ',' expected.
sveltekit-frontend/src/lib/server/workflows/ingestion-service.ts(296,23): error TS1005: ',' expected.
sveltekit-frontend/src/lib/server/workflows/ingestion-service.ts(313,23): error TS1005: ',' expected.
sveltekit-frontend/src/lib/server/workflows/ingestion-service.ts(319,20): error TS1005: ',' expected.
sveltekit-frontend/src/lib/server/workflows/ingestion-service.ts(355,20): error TS1005: ',' expected.
sveltekit-frontend/src/lib/server/workflows/ingestion-service.ts(363,20): error TS1005: ',' expected.
sveltekit-frontend/src/lib/services/__tests__/setup.ts(7,51): error TS1136: Property assignment expected.
sveltekit-frontend/src/lib/services/__tests__/setup.ts(14,48): error TS1136: Property assignment expected.
sveltekit-frontend/src/lib/services/__tests__/setup.ts(19,50): error TS1136: Property assignment expected.
sveltekit-frontend/src/lib/services/__tests__/setup.ts(31,47): error TS1136: Property assignment expected.
sveltekit-frontend/src/lib/services/__tests__/setup.ts(33,21): error TS1137: Expression or comma expected.
sveltekit-frontend/src/lib/services/__tests__/setup.ts(34,7): error TS1136: Property assignment expected.
sveltekit-frontend/src/lib/services/__tests__/setup.ts(34,39): error TS1109: Expression expected.
sveltekit-frontend/src/lib/services/__tests__/setup.ts(34,66): error TS1005: ';' expected.
sveltekit-frontend/src/lib/services/__tests__/setup.ts(34,89): error TS1128: Declaration or statement expected.
sveltekit-frontend/src/lib/services/__tests__/setup.ts(35,5): error TS1128: Declaration or statement expected.
sveltekit-frontend/src/lib/services/__tests__/setup.ts(36,3): error TS1128: Declaration or statement expected.
sveltekit-frontend/src/lib/services/__tests__/setup.ts(36,4): error TS1128: Declaration or statement expected.
sveltekit-frontend/src/lib/services/__tests__/setup.ts(36,5): error TS1128: Declaration or statement expected.
sveltekit-frontend/src/lib/services/__tests__/setup.ts(37,46): error TS1136: Property assignment expected.
sveltekit-frontend/src/lib/services/__tests__/setup.ts(46,19): error TS1109: Expression expected.
sveltekit-frontend/src/lib/services/__tests__/setup.ts(46,48): error TS1136: Property assignment expected.
sveltekit-frontend/src/lib/services/__tests__/setup.ts(52,24): error TS1109: Expression expected.
sveltekit-frontend/src/lib/services/__tests__/setup.ts(52,53): error TS1136: Property assignment expected.
sveltekit-frontend/src/lib/services/__tests__/setup.ts(60,23): error TS1109: Expression expected.
sveltekit-frontend/src/lib/services/__tests__/setup.ts(60,52): error TS1136: Property assignment expected.
sveltekit-frontend/src/lib/services/__tests__/setup.ts(62,21): error TS1137: Expression or comma expected.
sveltekit-frontend/src/lib/services/__tests__/setup.ts(63,32): error TS1136: Property assignment expected.
sveltekit-frontend/src/lib/services/__tests__/setup.ts(63,44): error TS1005: ':' expected.
sveltekit-frontend/src/lib/services/__tests__/setup.ts(64,5): error TS1128: Declaration or statement expected.
sveltekit-frontend/src/lib/services/__tests__/setup.ts(65,3): error TS1128: Declaration or statement expected.
sveltekit-frontend/src/lib/services/__tests__/setup.ts(65,4): error TS1128: Declaration or statement expected.
sveltekit-frontend/src/lib/services/__tests__/setup.ts(65,5): error TS1128: Declaration or statement expected.
sveltekit-frontend/src/lib/services/__tests__/setup.ts(66,48): error TS1136: Property assignment expected.
sveltekit-frontend/src/lib/services/__tests__/setup.ts(71,28): error TS1109: Expression expected.
sveltekit-frontend/src/lib/services/__tests__/setup.ts(71,57): error TS1136: Property assignment expected.
sveltekit-frontend/src/lib/services/__tests__/setup.ts(73,19): error TS1137: Expression or comma expected.
sveltekit-frontend/src/lib/services/__tests__/setup.ts(74,32): error TS1136: Property assignment expected.
sveltekit-frontend/src/lib/services/__tests__/setup.ts(74,46): error TS1005: ':' expected.
sveltekit-frontend/src/lib/services/__tests__/setup.ts(75,5): error TS1128: Declaration or statement expected.
sveltekit-frontend/src/lib/services/__tests__/setup.ts(76,3): error TS1128: Declaration or statement expected.
sveltekit-frontend/src/lib/services/__tests__/setup.ts(76,4): error TS1128: Declaration or statement expected.
sveltekit-frontend/src/lib/services/__tests__/setup.ts(76,5): error TS1128: Declaration or statement expected.
sveltekit-frontend/src/lib/services/__tests__/setup.ts(77,47): error TS1136: Property assignment expected.
sveltekit-frontend/src/lib/services/__tests__/setup.ts(81,22): error TS1109: Expression expected.
sveltekit-frontend/src/lib/services/__tests__/setup.ts(81,51): error TS1136: Property assignment expected.
sveltekit-frontend/src/lib/services/__tests__/setup.ts(87,24): error TS1109: Expression expected.
sveltekit-frontend/src/lib/services/__tests__/setup.ts(87,53): error TS1136: Property assignment expected.
sveltekit-frontend/src/lib/services/__tests__/setup.ts(91,69): error TS1005: ',' expected.
sveltekit-frontend/src/lib/services/__tests__/setup.ts(92,36): error TS1136: Property assignment expected.
sveltekit-frontend/src/lib/services/__tests__/setup.ts(92,59): error TS1005: ':' expected.
sveltekit-frontend/src/lib/services/__tests__/setup.ts(93,5): error TS1128: Declaration or statement expected.
sveltekit-frontend/src/lib/services/__tests__/setup.ts(93,6): error TS1128: Declaration or statement expected.
sveltekit-frontend/src/lib/services/__tests__/setup.ts(95,20): error TS1109: Expression expected.
sveltekit-frontend/src/lib/services/__tests__/setup.ts(96,18): error TS1109: Expression expected.
sveltekit-frontend/src/lib/services/__tests__/setup.ts(97,3): error TS1128: Declaration or statement expected.
sveltekit-frontend/src/lib/services/__tests__/setup.ts(97,4): error TS1128: Declaration or statement expected.
sveltekit-frontend/src/lib/services/__tests__/setup.ts(97,5): error TS1128: Declaration or statement expected.
sveltekit-frontend/src/lib/services/__tests__/setup.ts(98,42): error TS1136: Property assignment expected.
sveltekit-frontend/src/lib/services/__tests__/setup.ts(105,22): error TS1109: Expression expected.
sveltekit-frontend/src/lib/services/__tests__/setup.ts(112,6): error TS1005: ',' expected.
sveltekit-frontend/src/lib/services/__tests__/setup.ts(115,18): error TS1109: Expression expected.
sveltekit-frontend/src/lib/services/__tests__/setup.ts(116,13): error TS1109: Expression expected.
sveltekit-frontend/src/lib/services/__tests__/setup.ts(117,20): error TS1109: Expression expected.
sveltekit-frontend/src/lib/services/__tests__/setup.ts(118,12): error TS1109: Expression expected.
sveltekit-frontend/src/lib/services/__tests__/setup.ts(120,3): error TS1128: Declaration or statement expected.
sveltekit-frontend/src/lib/services/__tests__/setup.ts(120,4): error TS1128: Declaration or statement expected.
sveltekit-frontend/src/lib/services/__tests__/setup.ts(120,5): error TS1128: Declaration or statement expected.
sveltekit-frontend/src/lib/services/__tests__/setup.ts(125,19): error TS1109: Expression expected.
sveltekit-frontend/src/lib/services/__tests__/setup.ts(125,48): error TS1136: Property assignment expected.
sveltekit-frontend/src/lib/services/__tests__/setup.ts(135,74): error TS1005: ',' expected.
sveltekit-frontend/src/lib/services/__tests__/setup.ts(136,39): error TS1136: Property assignment expected.
sveltekit-frontend/src/lib/services/__tests__/setup.ts(136,51): error TS1005: ':' expected.
sveltekit-frontend/src/lib/services/__tests__/setup.ts(137,5): error TS1128: Declaration or statement expected.
sveltekit-frontend/src/lib/services/__tests__/setup.ts(137,6): error TS1128: Declaration or statement expected.
sveltekit-frontend/src/lib/services/__tests__/setup.ts(139,3): error TS1128: Declaration or statement expected.
sveltekit-frontend/src/lib/services/__tests__/setup.ts(139,4): error TS1128: Declaration or statement expected.
sveltekit-frontend/src/lib/services/__tests__/setup.ts(139,5): error TS1128: Declaration or statement expected.
sveltekit-frontend/src/lib/services/__tests__/setup.ts(140,46): error TS1136: Property assignment expected.
sveltekit-frontend/src/lib/services/__tests__/setup.ts(147,8): error TS1005: ',' expected.
sveltekit-frontend/src/lib/services/__tests__/setup.ts(150,20): error TS1109: Expression expected.
sveltekit-frontend/src/lib/services/__tests__/setup.ts(151,21): error TS1109: Expression expected.
sveltekit-frontend/src/lib/services/__tests__/setup.ts(152,26): error TS1109: Expression expected.
sveltekit-frontend/src/lib/services/__tests__/setup.ts(154,5): error TS1128: Declaration or statement expected.
sveltekit-frontend/src/lib/services/__tests__/setup.ts(155,3): error TS1128: Declaration or statement expected.
sveltekit-frontend/src/lib/services/__tests__/setup.ts(155,4): error TS1128: Declaration or statement expected.
sveltekit-frontend/src/lib/services/__tests__/setup.ts(155,5): error TS1128: Declaration or statement expected.
sveltekit-frontend/src/lib/services/__tests__/setup.ts(157,42): error TS1136: Property assignment expected.
sveltekit-frontend/src/lib/services/__tests__/setup.ts(162,20): error TS1109: Expression expected.
sveltekit-frontend/src/lib/services/__tests__/setup.ts(162,49): error TS1136: Property assignment expected.
sveltekit-frontend/src/lib/services/__tests__/setup.ts(169,25): error TS1109: Expression expected.
sveltekit-frontend/src/lib/services/__tests__/setup.ts(169,54): error TS1136: Property assignment expected.
sveltekit-frontend/src/lib/services/__tests__/setup.ts(174,26): error TS1109: Expression expected.
sveltekit-frontend/src/lib/services/__tests__/setup.ts(174,55): error TS1136: Property assignment expected.
sveltekit-frontend/src/lib/services/__tests__/setup.ts(180,22): error TS1109: Expression expected.
sveltekit-frontend/src/lib/services/__tests__/setup.ts(180,51): error TS1136: Property assignment expected.
sveltekit-frontend/src/lib/services/__tests__/setup.ts(188,22): error TS1109: Expression expected.
sveltekit-frontend/src/lib/services/__tests__/setup.ts(200,20): error TS1109: Expression expected.
sveltekit-frontend/src/lib/services/__tests__/setup.ts(200,49): error TS1136: Property assignment expected.
sveltekit-frontend/src/lib/services/__tests__/setup.ts(202,78): error TS1005: ',' expected.
sveltekit-frontend/src/lib/services/__tests__/setup.ts(203,41): error TS1136: Property assignment expected.
sveltekit-frontend/src/lib/services/__tests__/setup.ts(203,47): error TS1005: ':' expected.
sveltekit-frontend/src/lib/services/__tests__/setup.ts(204,5): error TS1128: Declaration or statement expected.
sveltekit-frontend/src/lib/services/__tests__/setup.ts(204,6): error TS1128: Declaration or statement expected.
sveltekit-frontend/src/lib/services/__tests__/setup.ts(206,14): error TS1109: Expression expected.
sveltekit-frontend/src/lib/services/__tests__/setup.ts(207,3): error TS1128: Declaration or statement expected.
sveltekit-frontend/src/lib/services/__tests__/setup.ts(207,4): error TS1128: Declaration or statement expected.
sveltekit-frontend/src/lib/services/__tests__/setup.ts(207,5): error TS1128: Declaration or statement expected.
sveltekit-frontend/src/lib/services/__tests__/setup.ts(221,1): error TS1128: Declaration or statement expected.
sveltekit-frontend/src/lib/services/__tests__/setup.ts(240,53): error TS1005: ',' expected.
sveltekit-frontend/src/lib/services/__tests__/setup.ts(242,22): error TS1005: ';' expected.
sveltekit-frontend/src/lib/services/__tests__/setup.ts(243,6): error TS1005: ';' expected.
sveltekit-frontend/src/lib/services/__tests__/setup.ts(312,40): error TS1005: ';' expected.
sveltekit-frontend/src/lib/services/__tests__/setup.ts(313,3): error TS1128: Declaration or statement expected.
sveltekit-frontend/src/lib/services/__tests__/setup.ts(314,1): error TS1128: Declaration or statement expected.
sveltekit-frontend/src/lib/services/__tests__/setup.ts(314,2): error TS1128: Declaration or statement expected.
sveltekit-frontend/src/lib/services/__tests__/shared/integration-test-helpers.ts(15,1): error TS1128: Declaration or statement expected.
sveltekit-frontend/src/lib/services/__tests__/shared/integration-test-helpers.ts(63,29): error TS1136: Property assignment expected.
sveltekit-frontend/src/lib/services/__tests__/shared/integration-test-helpers.ts(67,7): error TS1136: Property assignment expected.
sveltekit-frontend/src/lib/services/__tests__/shared/integration-test-helpers.ts(68,6): error TS1068: Unexpected token. A constructor, method, accessor, or property was expected.
sveltekit-frontend/src/lib/services/__tests__/shared/integration-test-helpers.ts(69,25): error TS1138: Parameter declaration expected.
sveltekit-frontend/src/lib/services/__tests__/shared/integration-test-helpers.ts(69,34): error TS1138: Parameter declaration expected.
sveltekit-frontend/src/lib/services/__tests__/shared/integration-test-helpers.ts(69,40): error TS1121: Octal literals are not allowed. Use the syntax '0o1'.
sveltekit-frontend/src/lib/services/__tests__/shared/integration-test-helpers.ts(69,42): error TS1005: ';' expected.
sveltekit-frontend/src/lib/services/__tests__/shared/integration-test-helpers.ts(74,7): error TS1128: Declaration or statement expected.
sveltekit-frontend/src/lib/services/__tests__/shared/integration-test-helpers.ts(77,3): error TS1128: Declaration or statement expected.
sveltekit-frontend/src/lib/services/__tests__/shared/integration-test-helpers.ts(81,3): error TS1434: Unexpected keyword or identifier.
sveltekit-frontend/src/lib/services/__tests__/shared/integration-test-helpers.ts(81,36): error TS1109: Expression expected.
sveltekit-frontend/src/lib/services/__tests__/shared/integration-test-helpers.ts(81,46): error TS1109: Expression expected.
sveltekit-frontend/src/lib/services/__tests__/shared/integration-test-helpers.ts(82,11): error TS1005: ':' expected.
sveltekit-frontend/src/lib/services/__tests__/shared/integration-test-helpers.ts(82,69): error TS1005: ',' expected.
sveltekit-frontend/src/lib/services/__tests__/shared/integration-test-helpers.ts(83,9): error TS1003: Identifier expected.
sveltekit-frontend/src/lib/services/__tests__/shared/integration-test-helpers.ts(86,5): error TS1005: ',' expected.
sveltekit-frontend/src/lib/services/__tests__/shared/integration-test-helpers.ts(86,11): error TS1005: ':' expected.
sveltekit-frontend/src/lib/services/__tests__/shared/integration-test-helpers.ts(92,29): error TS1136: Property assignment expected.
sveltekit-frontend/src/lib/services/__tests__/shared/integration-test-helpers.ts(96,7): error TS1136: Property assignment expected.
sveltekit-frontend/src/lib/services/__tests__/shared/integration-test-helpers.ts(97,6): error TS1005: ';' expected.
sveltekit-frontend/src/lib/services/__tests__/shared/integration-test-helpers.ts(106,3): error TS1128: Declaration or statement expected.
sveltekit-frontend/src/lib/services/__tests__/shared/integration-test-helpers.ts(110,3): error TS1434: Unexpected keyword or identifier.
sveltekit-frontend/src/lib/services/__tests__/shared/integration-test-helpers.ts(110,19): error TS1109: Expression expected.
sveltekit-frontend/src/lib/services/__tests__/shared/integration-test-helpers.ts(110,33): error TS1109: Expression expected.
sveltekit-frontend/src/lib/services/__tests__/shared/integration-test-helpers.ts(111,13): error TS1003: Identifier expected.
sveltekit-frontend/src/lib/services/__tests__/shared/integration-test-helpers.ts(111,65): error TS1005: ',' expected.
sveltekit-frontend/src/lib/services/__tests__/shared/integration-test-helpers.ts(112,10): error TS1359: Identifier expected. 'const' is a reserved word that cannot be used here.
sveltekit-frontend/src/lib/services/__tests__/shared/integration-test-helpers.ts(112,16): error TS1005: ',' expected.
sveltekit-frontend/src/lib/services/__tests__/shared/integration-test-helpers.ts(112,30): error TS1005: ',' expected.
sveltekit-frontend/src/lib/services/__tests__/shared/integration-test-helpers.ts(112,35): error TS1005: ',' expected.
sveltekit-frontend/src/lib/services/__tests__/shared/integration-test-helpers.ts(112,71): error TS1005: '{' expected.
sveltekit-frontend/src/lib/services/__tests__/shared/integration-test-helpers.ts(112,73): error TS1136: Property assignment expected.
sveltekit-frontend/src/lib/services/__tests__/shared/integration-test-helpers.ts(120,13): error TS1136: Property assignment expected.
sveltekit-frontend/src/lib/services/__tests__/shared/integration-test-helpers.ts(120,15): error TS1128: Declaration or statement expected.
sveltekit-frontend/src/lib/services/__tests__/shared/integration-test-helpers.ts(122,11): error TS1128: Declaration or statement expected.
sveltekit-frontend/src/lib/services/__tests__/shared/integration-test-helpers.ts(122,26): error TS1109: Expression expected.
sveltekit-frontend/src/lib/services/__tests__/shared/integration-test-helpers.ts(126,13): error TS1136: Property assignment expected.
sveltekit-frontend/src/lib/services/__tests__/shared/integration-test-helpers.ts(126,15): error TS1472: 'catch' or 'finally' expected.
sveltekit-frontend/src/lib/services/__tests__/shared/integration-test-helpers.ts(130,7): error TS1128: Declaration or statement expected.
sveltekit-frontend/src/lib/services/__tests__/shared/integration-test-helpers.ts(130,9): error TS1005: 'try' expected.
sveltekit-frontend/src/lib/services/__tests__/shared/integration-test-helpers.ts(133,5): error TS1128: Declaration or statement expected.
sveltekit-frontend/src/lib/services/__tests__/shared/integration-test-helpers.ts(135,3): error TS1128: Declaration or statement expected.
sveltekit-frontend/src/lib/services/__tests__/shared/integration-test-helpers.ts(139,16): error TS1109: Expression expected.
sveltekit-frontend/src/lib/services/__tests__/shared/integration-test-helpers.ts(139,18): error TS1434: Unexpected keyword or identifier.
sveltekit-frontend/src/lib/services/__tests__/shared/integration-test-helpers.ts(145,3): error TS1434: Unexpected keyword or identifier.
sveltekit-frontend/src/lib/services/__tests__/shared/integration-test-helpers.ts(145,43): error TS1135: Argument expression expected.
sveltekit-frontend/src/lib/services/__tests__/shared/integration-test-helpers.ts(145,61): error TS1005: ',' expected.
sveltekit-frontend/src/lib/services/__tests__/shared/integration-test-helpers.ts(145,73): error TS1005: ';' expected.
sveltekit-frontend/src/lib/services/__tests__/shared/integration-test-helpers.ts(155,1): error TS1128: Declaration or statement expected.
sveltekit-frontend/src/lib/services/__tests__/shared/integration-test-helpers.ts(163,34): error TS1138: Parameter declaration expected.
sveltekit-frontend/src/lib/services/__tests__/shared/integration-test-helpers.ts(170,33): error TS1138: Parameter declaration expected.
sveltekit-frontend/src/lib/services/__tests__/shared/integration-test-helpers.ts(178,30): error TS1138: Parameter declaration expected.
sveltekit-frontend/src/lib/services/__tests__/shared/integration-test-helpers.ts(178,39): error TS1005: '{' expected.
sveltekit-frontend/src/lib/services/__tests__/shared/integration-test-helpers.ts(178,41): error TS1136: Property assignment expected.
sveltekit-frontend/src/lib/services/__tests__/shared/integration-test-helpers.ts(179,11): error TS1005: ',' expected.
sveltekit-frontend/src/lib/services/__tests__/shared/integration-test-helpers.ts(182,3): error TS1128: Declaration or statement expected.
sveltekit-frontend/src/lib/services/__tests__/shared/integration-test-helpers.ts(182,4): error TS1128: Declaration or statement expected.
sveltekit-frontend/src/lib/services/__tests__/shared/integration-test-helpers.ts(186,22): error TS1135: Argument expression expected.
sveltekit-frontend/src/lib/services/__tests__/shared/integration-test-helpers.ts(187,11): error TS1005: ':' expected.
sveltekit-frontend/src/lib/services/__tests__/shared/integration-test-helpers.ts(187,88): error TS1005: ',' expected.
sveltekit-frontend/src/lib/services/__tests__/shared/integration-test-helpers.ts(188,15): error TS1005: '{' expected.
sveltekit-frontend/src/lib/services/__tests__/shared/integration-test-helpers.ts(188,34): error TS1005: ',' expected.
sveltekit-frontend/src/lib/services/__tests__/shared/integration-test-helpers.ts(190,1): error TS1128: Declaration or statement expected.
sveltekit-frontend/src/lib/services/__tests__/shared/test-config.ts(51,5): error TS1005: ',' expected.
sveltekit-frontend/src/lib/services/__tests__/shared/test-config.ts(218,45): error TS1005: '{' expected.
sveltekit-frontend/src/lib/services/__tests__/shared/test-config.ts(218,46): error TS1136: Property assignment expected.
sveltekit-frontend/src/lib/services/__tests__/shared/test-config.ts(218,55): error TS1005: ',' expected.
sveltekit-frontend/src/lib/services/__tests__/shared/test-config.ts(219,11): error TS1005: ':' expected.
sveltekit-frontend/src/lib/services/__tests__/shared/test-config.ts(219,77): error TS1005: ',' expected.
sveltekit-frontend/src/lib/services/__tests__/shared/test-config.ts(224,3): error TS1128: Declaration or statement expected.
sveltekit-frontend/src/lib/services/__tests__/shared/test-config.ts(224,4): error TS1128: Declaration or statement expected.
sveltekit-frontend/src/lib/services/__tests__/shared/test-config.ts(228,23): error TS1135: Argument expression expected.
sveltekit-frontend/src/lib/services/__tests__/shared/test-config.ts(228,32): error TS1005: ';' expected.
sveltekit-frontend/src/lib/services/__tests__/shared/test-config.ts(228,34): error TS1434: Unexpected keyword or identifier.
sveltekit-frontend/src/lib/services/__tests__/shared/test-config.ts(230,4): error TS1128: Declaration or statement expected.
sveltekit-frontend/src/lib/services/__tests__/shared/test-config.ts(234,28): error TS1135: Argument expression expected.
sveltekit-frontend/src/lib/services/__tests__/shared/test-config.ts(234,66): error TS1005: ';' expected.
sveltekit-frontend/src/lib/services/__tests__/shared/test-config.ts(234,68): error TS1434: Unexpected keyword or identifier.
sveltekit-frontend/src/lib/services/__tests__/shared/test-config.ts(236,4): error TS1128: Declaration or statement expected.
sveltekit-frontend/src/lib/services/__tests__/shared/test-config.ts(240,24): error TS1135: Argument expression expected.
sveltekit-frontend/src/lib/services/__tests__/shared/test-config.ts(240,75): error TS1005: ';' expected.
sveltekit-frontend/src/lib/services/__tests__/shared/test-config.ts(240,77): error TS1434: Unexpected keyword or identifier.
sveltekit-frontend/src/lib/services/__tests__/shared/test-config.ts(242,4): error TS1128: Declaration or statement expected.
sveltekit-frontend/src/lib/services/__tests__/shared/test-config.ts(247,12): error TS1005: ':' expected.
sveltekit-frontend/src/lib/services/__tests__/shared/test-config.ts(259,27): error TS1109: Expression expected.
sveltekit-frontend/src/lib/services/__tests__/shared/test-config.ts(259,37): error TS1109: Expression expected.
sveltekit-frontend/src/lib/services/__tests__/shared/test-config.ts(260,12): error TS1005: ':' expected.
sveltekit-frontend/src/lib/services/__tests__/shared/test-config.ts(272,1): error TS1128: Declaration or statement expected.
sveltekit-frontend/src/lib/services/__tests__/shared/test-setup.ts(125,79): error TS1128: Declaration or statement expected.
sveltekit-frontend/src/lib/services/__tests__/shared/test-setup.ts(167,113): error TS1109: Expression expected.
sveltekit-frontend/src/lib/services/__tests__/shared/test-setup.ts(168,3): error TS1109: Expression expected.
sveltekit-frontend/src/lib/services/__tests__/shared/unified-test-utilities.ts(16,27): error TS1138: Parameter declaration expected.
sveltekit-frontend/src/lib/services/__tests__/shared/unified-test-utilities.ts(16,40): error TS1005: '{' expected.
sveltekit-frontend/src/lib/services/__tests__/shared/unified-test-utilities.ts(16,42): error TS1136: Property assignment expected.
sveltekit-frontend/src/lib/services/__tests__/shared/unified-test-utilities.ts(17,11): error TS1005: ':' expected.
sveltekit-frontend/src/lib/services/__tests__/shared/unified-test-utilities.ts(17,63): error TS1005: ',' expected.
sveltekit-frontend/src/lib/services/__tests__/shared/unified-test-utilities.ts(34,29): error TS1005: ',' expected.
sveltekit-frontend/src/lib/services/__tests__/shared/unified-test-utilities.ts(36,7): error TS1005: ')' expected.
sveltekit-frontend/src/lib/services/__tests__/shared/unified-test-utilities.ts(37,3): error TS1128: Declaration or statement expected.
sveltekit-frontend/src/lib/services/__tests__/shared/unified-test-utilities.ts(37,4): error TS1128: Declaration or statement expected.
sveltekit-frontend/src/lib/services/__tests__/shared/unified-test-utilities.ts(41,36): error TS1135: Argument expression expected.
sveltekit-frontend/src/lib/services/__tests__/shared/unified-test-utilities.ts(42,11): error TS1005: ':' expected.
sveltekit-frontend/src/lib/services/__tests__/shared/unified-test-utilities.ts(42,94): error TS1005: ',' expected.
sveltekit-frontend/src/lib/services/__tests__/shared/unified-test-utilities.ts(43,12): error TS1005: ':' expected.
sveltekit-frontend/src/lib/services/__tests__/shared/unified-test-utilities.ts(63,7): error TS1005: ')' expected.
sveltekit-frontend/src/lib/services/__tests__/shared/unified-test-utilities.ts(68,35): error TS1135: Argument expression expected.
sveltekit-frontend/src/lib/services/__tests__/shared/unified-test-utilities.ts(69,11): error TS1005: ':' expected.
sveltekit-frontend/src/lib/services/__tests__/shared/unified-test-utilities.ts(69,84): error TS1005: ',' expected.
sveltekit-frontend/src/lib/services/__tests__/shared/unified-test-utilities.ts(70,12): error TS1005: ':' expected.
sveltekit-frontend/src/lib/services/__tests__/shared/unified-test-utilities.ts(85,7): error TS1005: ')' expected.
sveltekit-frontend/src/lib/services/__tests__/shared/unified-test-utilities.ts(90,30): error TS1135: Argument expression expected.
sveltekit-frontend/src/lib/services/__tests__/shared/unified-test-utilities.ts(91,11): error TS1005: ':' expected.
sveltekit-frontend/src/lib/services/__tests__/shared/unified-test-utilities.ts(91,66): error TS1005: ',' expected.
sveltekit-frontend/src/lib/services/__tests__/shared/unified-test-utilities.ts(92,12): error TS1005: ':' expected.
sveltekit-frontend/src/lib/services/__tests__/shared/unified-test-utilities.ts(108,7): error TS1005: ')' expected.
sveltekit-frontend/src/lib/services/__tests__/shared/unified-test-utilities.ts(110,1): error TS1128: Declaration or statement expected.
sveltekit-frontend/src/lib/services/__tests__/shared/unified-test-utilities.ts(118,23): error TS1005: '{' expected.
sveltekit-frontend/src/lib/services/__tests__/shared/unified-test-utilities.ts(118,25): error TS1136: Property assignment expected.
sveltekit-frontend/src/lib/services/__tests__/shared/unified-test-utilities.ts(119,12): error TS1005: ':' expected.
sveltekit-frontend/src/lib/services/__tests__/shared/unified-test-utilities.ts(120,13): error TS1005: ',' expected.
sveltekit-frontend/src/lib/services/__tests__/shared/unified-test-utilities.ts(120,18): error TS1005: ',' expected.
sveltekit-frontend/src/lib/services/__tests__/shared/unified-test-utilities.ts(120,62): error TS1005: '=>' expected.
sveltekit-frontend/src/lib/services/__tests__/shared/unified-test-utilities.ts(124,13): error TS1005: ';' expected.
sveltekit-frontend/src/lib/services/__tests__/shared/unified-test-utilities.ts(124,30): error TS1005: ',' expected.
sveltekit-frontend/src/lib/services/__tests__/shared/unified-test-utilities.ts(124,57): error TS1005: ';' expected.
sveltekit-frontend/src/lib/services/__tests__/shared/unified-test-utilities.ts(125,16): error TS1005: ',' expected.
sveltekit-frontend/src/lib/services/__tests__/shared/unified-test-utilities.ts(125,43): error TS1005: ',' expected.
sveltekit-frontend/src/lib/services/__tests__/shared/unified-test-utilities.ts(126,16): error TS1005: ':' expected.
sveltekit-frontend/src/lib/services/__tests__/shared/unified-test-utilities.ts(126,24): error TS1005: ',' expected.
sveltekit-frontend/src/lib/services/__tests__/shared/unified-test-utilities.ts(128,5): error TS1128: Declaration or statement expected.
sveltekit-frontend/src/lib/services/__tests__/shared/unified-test-utilities.ts(129,3): error TS1128: Declaration or statement expected.
sveltekit-frontend/src/lib/services/__tests__/shared/unified-test-utilities.ts(129,4): error TS1128: Declaration or statement expected.
sveltekit-frontend/src/lib/services/__tests__/shared/unified-test-utilities.ts(134,12): error TS1005: ':' expected.
sveltekit-frontend/src/lib/services/__tests__/shared/unified-test-utilities.ts(180,11): error TS1005: ':' expected.
sveltekit-frontend/src/lib/services/__tests__/shared/unified-test-utilities.ts(190,53): error TS1005: ',' expected.
sveltekit-frontend/src/lib/services/__tests__/shared/unified-test-utilities.ts(198,5): error TS1005: ',' expected.
sveltekit-frontend/src/lib/services/__tests__/shared/unified-test-utilities.ts(198,12): error TS1005: ':' expected.
sveltekit-frontend/src/lib/services/__tests__/shared/unified-test-utilities.ts(198,18): error TS1005: ',' expected.
sveltekit-frontend/src/lib/services/__tests__/shared/unified-test-utilities.ts(200,1): error TS1128: Declaration or statement expected.
sveltekit-frontend/src/lib/services/__tests__/shared/unified-test-utilities.ts(208,17): error TS1138: Parameter declaration expected.
sveltekit-frontend/src/lib/services/__tests__/shared/unified-test-utilities.ts(209,58): error TS1005: ')' expected.
sveltekit-frontend/src/lib/services/__tests__/shared/unified-test-utilities.ts(214,27): error TS1138: Parameter declaration expected.
sveltekit-frontend/src/lib/services/__tests__/shared/unified-test-utilities.ts(222,26): error TS1138: Parameter declaration expected.
sveltekit-frontend/src/lib/services/__tests__/shared/unified-test-utilities.ts(229,32): error TS1138: Parameter declaration expected.
sveltekit-frontend/src/lib/services/__tests__/shared/unified-test-utilities.ts(229,35): error TS1005: ',' expected.
sveltekit-frontend/src/lib/services/__tests__/shared/unified-test-utilities.ts(238,31): error TS1138: Parameter declaration expected.
sveltekit-frontend/src/lib/services/__tests__/shared/unified-test-utilities.ts(238,40): error TS1003: Identifier expected.
sveltekit-frontend/src/lib/services/__tests__/shared/unified-test-utilities.ts(238,41): error TS1138: Parameter declaration expected.
sveltekit-frontend/src/lib/services/__tests__/shared/unified-test-utilities.ts(240,62): error TS1005: ';' expected.
sveltekit-frontend/src/lib/services/__tests__/shared/unified-test-utilities.ts(242,30): error TS1005: ',' expected.
sveltekit-frontend/src/lib/services/__tests__/shared/unified-test-utilities.ts(250,70): error TS1005: ')' expected.
sveltekit-frontend/src/lib/services/__tests__/shared/unified-test-utilities.ts(255,20): error TS1138: Parameter declaration expected.
sveltekit-frontend/src/lib/services/__tests__/shared/unified-test-utilities.ts(255,28): error TS1005: ',' expected.
sveltekit-frontend/src/lib/services/__tests__/shared/unified-test-utilities.ts(255,43): error TS1005: ',' expected.
sveltekit-frontend/src/lib/services/__tests__/shared/unified-test-utilities.ts(255,44): error TS1109: Expression expected.
sveltekit-frontend/src/lib/services/__tests__/shared/unified-test-utilities.ts(255,45): error TS1134: Variable declaration expected.
sveltekit-frontend/src/lib/services/__tests__/shared/unified-test-utilities.ts(256,11): error TS1005: ':' expected.
sveltekit-frontend/src/lib/services/__tests__/shared/unified-test-utilities.ts(257,5): error TS1005: ',' expected.
sveltekit-frontend/src/lib/services/__tests__/shared/unified-test-utilities.ts(257,11): error TS1005: ',' expected.
sveltekit-frontend/src/lib/services/__tests__/shared/unified-test-utilities.ts(257,18): error TS1005: ',' expected.
sveltekit-frontend/src/lib/services/__tests__/shared/unified-test-utilities.ts(259,32): error TS1005: ';' expected.
sveltekit-frontend/src/lib/services/__tests__/shared/unified-test-utilities.ts(260,6): error TS1005: ';' expected.
sveltekit-frontend/src/lib/services/__tests__/shared/unified-test-utilities.ts(261,3): error TS1128: Declaration or statement expected.
sveltekit-frontend/src/lib/services/__tests__/shared/unified-test-utilities.ts(261,4): error TS1128: Declaration or statement expected.
sveltekit-frontend/src/lib/services/__tests__/shared/unified-test-utilities.ts(265,27): error TS1135: Argument expression expected.
sveltekit-frontend/src/lib/services/__tests__/shared/unified-test-utilities.ts(265,36): error TS1005: ';' expected.
sveltekit-frontend/src/lib/services/__tests__/shared/unified-test-utilities.ts(265,38): error TS1434: Unexpected keyword or identifier.
sveltekit-frontend/src/lib/services/__tests__/shared/unified-test-utilities.ts(268,1): error TS1128: Declaration or statement expected.
sveltekit-frontend/src/lib/services/__tests__/shared/unified-test-utilities.ts(276,16): error TS1005: '{' expected.
sveltekit-frontend/src/lib/services/__tests__/shared/unified-test-utilities.ts(276,18): error TS1136: Property assignment expected.
sveltekit-frontend/src/lib/services/__tests__/shared/unified-test-utilities.ts(277,11): error TS1005: ':' expected.
sveltekit-frontend/src/lib/services/__tests__/shared/unified-test-utilities.ts(278,5): error TS1005: ',' expected.
sveltekit-frontend/src/lib/services/__tests__/shared/unified-test-utilities.ts(278,12): error TS1005: ',' expected.
sveltekit-frontend/src/lib/services/__tests__/shared/unified-test-utilities.ts(278,26): error TS1005: ',' expected.
sveltekit-frontend/src/lib/services/__tests__/shared/unified-test-utilities.ts(284,6): error TS1005: ';' expected.
sveltekit-frontend/src/lib/services/__tests__/shared/unified-test-utilities.ts(285,3): error TS1128: Declaration or statement expected.
sveltekit-frontend/src/lib/services/__tests__/shared/unified-test-utilities.ts(285,4): error TS1128: Declaration or statement expected.
sveltekit-frontend/src/lib/services/__tests__/shared/unified-test-utilities.ts(290,7): error TS1005: ',' expected.
sveltekit-frontend/src/lib/services/__tests__/shared/unified-test-utilities.ts(290,23): error TS1005: ',' expected.
sveltekit-frontend/src/lib/services/__tests__/shared/unified-test-utilities.ts(291,12): error TS1005: ':' expected.
sveltekit-frontend/src/lib/services/__tests__/shared/unified-test-utilities.ts(299,54): error TS1005: '?' expected.
sveltekit-frontend/src/lib/services/__tests__/shared/unified-test-utilities.ts(299,60): error TS1109: Expression expected.
sveltekit-frontend/src/lib/services/__tests__/shared/unified-test-utilities.ts(300,11): error TS1005: ':' expected.
sveltekit-frontend/src/lib/services/__tests__/shared/unified-test-utilities.ts(300,26): error TS1005: ',' expected.
sveltekit-frontend/src/lib/services/__tests__/shared/unified-test-utilities.ts(301,11): error TS1005: ':' expected.
sveltekit-frontend/src/lib/services/__tests__/shared/unified-test-utilities.ts(301,16): error TS1005: ',' expected.
sveltekit-frontend/src/lib/services/__tests__/shared/unified-test-utilities.ts(301,29): error TS1005: '(' expected.
sveltekit-frontend/src/lib/services/__tests__/shared/unified-test-utilities.ts(301,32): error TS1109: Expression expected.
sveltekit-frontend/src/lib/services/__tests__/shared/unified-test-utilities.ts(301,33): error TS1005: ':' expected.
sveltekit-frontend/src/lib/services/__tests__/shared/unified-test-utilities.ts(302,8): error TS1005: ',' expected.
sveltekit-frontend/src/lib/services/__tests__/shared/unified-test-utilities.ts(306,7): error TS1005: ',' expected.
sveltekit-frontend/src/lib/services/__tests__/shared/unified-test-utilities.ts(307,12): error TS1005: ':' expected.
sveltekit-frontend/src/lib/services/__tests__/shared/unified-test-utilities.ts(311,62): error TS1109: Expression expected.
sveltekit-frontend/src/lib/services/__tests__/shared/unified-test-utilities.ts(312,7): error TS1005: ',' expected.
sveltekit-frontend/src/lib/services/__tests__/shared/unified-test-utilities.ts(314,1): error TS1128: Declaration or statement expected.
sveltekit-frontend/src/lib/services/__tests__/shared/unified-test-utilities.ts(328,28): error TS1005: '{' expected.
sveltekit-frontend/src/lib/services/__tests__/shared/unified-test-utilities.ts(328,30): error TS1136: Property assignment expected.
sveltekit-frontend/src/lib/services/__tests__/shared/unified-test-utilities.ts(329,13): error TS1005: ':' expected.
sveltekit-frontend/src/lib/services/__tests__/shared/unified-test-utilities.ts(329,55): error TS1005: ',' expected.
sveltekit-frontend/src/lib/services/__tests__/shared/unified-test-utilities.ts(343,5): error TS1128: Declaration or statement expected.
sveltekit-frontend/src/lib/services/__tests__/shared/unified-test-utilities.ts(344,3): error TS1128: Declaration or statement expected.
sveltekit-frontend/src/lib/services/__tests__/shared/unified-test-utilities.ts(345,1): error TS1128: Declaration or statement expected.
sveltekit-frontend/src/lib/services/accessibility-service.ts(313,18): error TS1005: ',' expected.
sveltekit-frontend/src/lib/services/advanced-patch-streaming.ts(392,1): error TS1128: Declaration or statement expected.
sveltekit-frontend/src/lib/services/ai-accessibility-patterns.ts(51,6): error TS1005: ';' expected.
sveltekit-frontend/src/lib/services/ai-accessibility-patterns.ts(55,6): error TS1005: ';' expected.
sveltekit-frontend/src/lib/services/ai-accessibility-patterns.ts(131,18): error TS1005: ',' expected.
sveltekit-frontend/src/lib/services/ai-assistant-input-synthesizer.ts(5,1): error TS1128: Declaration or statement expected.
sveltekit-frontend/src/lib/services/ai-summarization-service.ts(12,1): error TS1128: Declaration or statement expected.
sveltekit-frontend/src/lib/services/ai-summarization-service.ts(29,1): error TS1128: Declaration or statement expected.
sveltekit-frontend/src/lib/services/ai-summarization-service.ts(39,1): error TS1128: Declaration or statement expected.
sveltekit-frontend/src/lib/services/ai-summarization-service.ts(83,3): error TS1068: Unexpected token. A constructor, method, accessor, or property was expected.
sveltekit-frontend/src/lib/services/ai-summarization-service.ts(83,4): error TS1068: Unexpected token. A constructor, method, accessor, or property was expected.
sveltekit-frontend/src/lib/services/ai-summarization-service.ts(83,34): error TS1005: '(' expected.
sveltekit-frontend/src/lib/services/ai-summarization-service.ts(83,36): error TS1068: Unexpected token. A constructor, method, accessor, or property was expected.
sveltekit-frontend/src/lib/services/ai-summarization-service.ts(121,10): error TS1005: ',' expected.
sveltekit-frontend/src/lib/services/ai-summarization-service.ts(121,13): error TS1134: Variable declaration expected.
sveltekit-frontend/src/lib/services/ai-summarization-service.ts(121,14): error TS1134: Variable declaration expected.
sveltekit-frontend/src/lib/services/ai-summarization-service.ts(123,9): error TS1128: Declaration or statement expected.
sveltekit-frontend/src/lib/services/ai-summarization-service.ts(123,10): error TS1128: Declaration or statement expected.
sveltekit-frontend/src/lib/services/ai-summarization-service.ts(126,21): error TS1109: Expression expected.
sveltekit-frontend/src/lib/services/ai-summarization-service.ts(128,7): error TS1128: Declaration or statement expected.
sveltekit-frontend/src/lib/services/ai-summarization-service.ts(144,37): error TS1005: ',' expected.
sveltekit-frontend/src/lib/services/ai-summarization-service.ts(158,7): error TS1128: Declaration or statement expected.
sveltekit-frontend/src/lib/services/ai-summarization-service.ts(164,3): error TS1128: Declaration or statement expected.
sveltekit-frontend/src/lib/services/ai-summarization-service.ts(164,10): error TS1434: Unexpected keyword or identifier.
sveltekit-frontend/src/lib/services/ai-summarization-service.ts(165,22): error TS1110: Type expected.
sveltekit-frontend/src/lib/services/ai-summarization-service.ts(167,3): error TS1128: Declaration or statement expected.
sveltekit-frontend/src/lib/services/ai-summarization-service.ts(167,4): error TS1128: Declaration or statement expected.
sveltekit-frontend/src/lib/services/ai-summarization-service.ts(168,11): error TS1005: ':' expected.
sveltekit-frontend/src/lib/services/ai-summarization-service.ts(168,33): error TS1005: ',' expected.
sveltekit-frontend/src/lib/services/ai-summarization-service.ts(169,11): error TS1005: ':' expected.
sveltekit-frontend/src/lib/services/ai-summarization-service.ts(169,18): error TS1005: ',' expected.
sveltekit-frontend/src/lib/services/ai-summarization-service.ts(169,44): error TS1005: ',' expected.
sveltekit-frontend/src/lib/services/ai-summarization-service.ts(169,56): error TS1005: ':' expected.
sveltekit-frontend/src/lib/services/ai-summarization-service.ts(169,60): error TS1005: ',' expected.
sveltekit-frontend/src/lib/services/ai-summarization-service.ts(170,9): error TS1005: ',' expected.
sveltekit-frontend/src/lib/services/ai-summarization-service.ts(170,25): error TS1005: ',' expected.
sveltekit-frontend/src/lib/services/ai-summarization-service.ts(171,9): error TS1005: ',' expected.
sveltekit-frontend/src/lib/services/ai-summarization-service.ts(171,26): error TS1005: ',' expected.
sveltekit-frontend/src/lib/services/ai-summarization-service.ts(172,10): error TS1359: Identifier expected. 'const' is a reserved word that cannot be used here.
sveltekit-frontend/src/lib/services/ai-summarization-service.ts(172,16): error TS1005: ',' expected.
sveltekit-frontend/src/lib/services/ai-summarization-service.ts(172,20): error TS1005: ',' expected.
sveltekit-frontend/src/lib/services/ai-summarization-service.ts(172,23): error TS1005: ',' expected.
sveltekit-frontend/src/lib/services/ai-summarization-service.ts(177,9): error TS1136: Property assignment expected.
sveltekit-frontend/src/lib/services/ai-summarization-service.ts(177,11): error TS1472: 'catch' or 'finally' expected.
sveltekit-frontend/src/lib/services/ai-summarization-service.ts(185,64): error TS1005: ')' expected.
sveltekit-frontend/src/lib/services/ai-summarization-service.ts(186,9): error TS1005: ',' expected.
sveltekit-frontend/src/lib/services/ai-summarization-service.ts(189,25): error TS1005: ',' expected.
sveltekit-frontend/src/lib/services/ai-summarization-service.ts(202,3): error TS1128: Declaration or statement expected.
sveltekit-frontend/src/lib/services/ai-summarization-service.ts(206,3): error TS1128: Declaration or statement expected.
sveltekit-frontend/src/lib/services/ai-summarization-service.ts(206,10): error TS1434: Unexpected keyword or identifier.
sveltekit-frontend/src/lib/services/ai-summarization-service.ts(209,3): error TS1128: Declaration or statement expected.
sveltekit-frontend/src/lib/services/ai-summarization-service.ts(209,4): error TS1128: Declaration or statement expected.
sveltekit-frontend/src/lib/services/ai-summarization-service.ts(210,9): error TS1005: ':' expected.
sveltekit-frontend/src/lib/services/ai-summarization-service.ts(212,13): error TS1005: ':' expected.
sveltekit-frontend/src/lib/services/ai-summarization-service.ts(212,39): error TS1005: ',' expected.
sveltekit-frontend/src/lib/services/ai-summarization-service.ts(213,9): error TS1003: Identifier expected.
sveltekit-frontend/src/lib/services/ai-summarization-service.ts(216,18): error TS1005: ')' expected.
sveltekit-frontend/src/lib/services/ai-summarization-service.ts(217,26): error TS1138: Parameter declaration expected.
sveltekit-frontend/src/lib/services/ai-summarization-service.ts(217,37): error TS1109: Expression expected.
sveltekit-frontend/src/lib/services/ai-summarization-service.ts(217,40): error TS1005: ':' expected.
sveltekit-frontend/src/lib/services/ai-summarization-service.ts(217,42): error TS1136: Property assignment expected.
sveltekit-frontend/src/lib/services/ai-summarization-service.ts(223,11): error TS1109: Expression expected.
sveltekit-frontend/src/lib/services/ai-summarization-service.ts(227,7): error TS1128: Declaration or statement expected.
sveltekit-frontend/src/lib/services/ai-summarization-service.ts(229,9): error TS1128: Declaration or statement expected.
sveltekit-frontend/src/lib/services/ai-summarization-service.ts(244,9): error TS1128: Declaration or statement expected.
sveltekit-frontend/src/lib/services/ai-summarization-service.ts(245,155): error TS1005: ';' expected.
sveltekit-frontend/src/lib/services/ai-summarization-service.ts(245,156): error TS1005: ',' expected.
sveltekit-frontend/src/lib/services/ai-summarization-service.ts(246,22): error TS1109: Expression expected.
sveltekit-frontend/src/lib/services/ai-summarization-service.ts(247,13): error TS1128: Declaration or statement expected.
sveltekit-frontend/src/lib/services/ai-summarization-service.ts(247,57): error TS1109: Expression expected.
sveltekit-frontend/src/lib/services/ai-summarization-service.ts(249,43): error TS1109: Expression expected.
sveltekit-frontend/src/lib/services/ai-summarization-service.ts(249,52): error TS1005: ',' expected.
sveltekit-frontend/src/lib/services/ai-summarization-service.ts(249,53): error TS1136: Property assignment expected.
sveltekit-frontend/src/lib/services/ai-summarization-service.ts(249,61): error TS1005: ';' expected.
sveltekit-frontend/src/lib/services/ai-summarization-service.ts(249,62): error TS1128: Declaration or statement expected.
sveltekit-frontend/src/lib/services/ai-summarization-service.ts(251,23): error TS1109: Expression expected.
sveltekit-frontend/src/lib/services/ai-summarization-service.ts(252,22): error TS1109: Expression expected.
sveltekit-frontend/src/lib/services/ai-summarization-service.ts(253,22): error TS1109: Expression expected.
sveltekit-frontend/src/lib/services/ai-summarization-service.ts(254,24): error TS1109: Expression expected.
sveltekit-frontend/src/lib/services/ai-summarization-service.ts(255,24): error TS1109: Expression expected.
sveltekit-frontend/src/lib/services/ai-summarization-service.ts(256,28): error TS1109: Expression expected.
sveltekit-frontend/src/lib/services/ai-summarization-service.ts(257,19): error TS1109: Expression expected.
sveltekit-frontend/src/lib/services/ai-summarization-service.ts(259,12): error TS1128: Declaration or statement expected.
sveltekit-frontend/src/lib/services/ai-summarization-service.ts(261,21): error TS1109: Expression expected.
sveltekit-frontend/src/lib/services/ai-summarization-service.ts(262,9): error TS1128: Declaration or statement expected.
sveltekit-frontend/src/lib/services/ai-summarization-service.ts(262,10): error TS1128: Declaration or statement expected.
sveltekit-frontend/src/lib/services/ai-summarization-service.ts(263,9): error TS1128: Declaration or statement expected.
sveltekit-frontend/src/lib/services/ai-summarization-service.ts(263,43): error TS1005: ')' expected.
sveltekit-frontend/src/lib/services/ai-summarization-service.ts(265,5): error TS1128: Declaration or statement expected.
sveltekit-frontend/src/lib/services/ai-summarization-service.ts(265,7): error TS1005: 'try' expected.
sveltekit-frontend/src/lib/services/ai-summarization-service.ts(269,3): error TS1128: Declaration or statement expected.
sveltekit-frontend/src/lib/services/ai-summarization-service.ts(273,3): error TS1128: Declaration or statement expected.
sveltekit-frontend/src/lib/services/ai-summarization-service.ts(273,10): error TS1434: Unexpected keyword or identifier.
sveltekit-frontend/src/lib/services/ai-summarization-service.ts(276,3): error TS1128: Declaration or statement expected.
sveltekit-frontend/src/lib/services/ai-summarization-service.ts(276,4): error TS1128: Declaration or statement expected.
sveltekit-frontend/src/lib/services/ai-summarization-service.ts(277,9): error TS1005: ':' expected.
sveltekit-frontend/src/lib/services/ai-summarization-service.ts(279,13): error TS1005: ':' expected.
sveltekit-frontend/src/lib/services/ai-summarization-service.ts(279,35): error TS1005: ',' expected.
sveltekit-frontend/src/lib/services/ai-summarization-service.ts(280,9): error TS1003: Identifier expected.
sveltekit-frontend/src/lib/services/ai-summarization-service.ts(283,18): error TS1005: ')' expected.
sveltekit-frontend/src/lib/services/ai-summarization-service.ts(284,22): error TS1138: Parameter declaration expected.
sveltekit-frontend/src/lib/services/ai-summarization-service.ts(284,33): error TS1109: Expression expected.
sveltekit-frontend/src/lib/services/ai-summarization-service.ts(284,36): error TS1005: ':' expected.
sveltekit-frontend/src/lib/services/ai-summarization-service.ts(284,38): error TS1136: Property assignment expected.
sveltekit-frontend/src/lib/services/ai-summarization-service.ts(290,9): error TS1128: Declaration or statement expected.
sveltekit-frontend/src/lib/services/ai-summarization-service.ts(293,42): error TS1005: ')' expected.
sveltekit-frontend/src/lib/services/ai-summarization-service.ts(315,7): error TS1136: Property assignment expected.
sveltekit-frontend/src/lib/services/ai-summarization-service.ts(315,8): error TS1128: Declaration or statement expected.
sveltekit-frontend/src/lib/services/ai-summarization-service.ts(315,9): error TS1128: Declaration or statement expected.
sveltekit-frontend/src/lib/services/ai-summarization-service.ts(319,9): error TS1128: Declaration or statement expected.
sveltekit-frontend/src/lib/services/ai-summarization-service.ts(320,155): error TS1005: ';' expected.
sveltekit-frontend/src/lib/services/ai-summarization-service.ts(320,156): error TS1005: ',' expected.
sveltekit-frontend/src/lib/services/ai-summarization-service.ts(321,28): error TS1109: Expression expected.
sveltekit-frontend/src/lib/services/ai-summarization-service.ts(322,21): error TS1109: Expression expected.
sveltekit-frontend/src/lib/services/ai-summarization-service.ts(323,9): error TS1128: Declaration or statement expected.
sveltekit-frontend/src/lib/services/ai-summarization-service.ts(323,10): error TS1128: Declaration or statement expected.
sveltekit-frontend/src/lib/services/ai-summarization-service.ts(324,9): error TS1128: Declaration or statement expected.
sveltekit-frontend/src/lib/services/ai-summarization-service.ts(324,36): error TS1005: ')' expected.
sveltekit-frontend/src/lib/services/ai-summarization-service.ts(326,5): error TS1128: Declaration or statement expected.
sveltekit-frontend/src/lib/services/ai-summarization-service.ts(326,7): error TS1005: 'try' expected.
sveltekit-frontend/src/lib/services/ai-summarization-service.ts(330,3): error TS1128: Declaration or statement expected.
sveltekit-frontend/src/lib/services/ai-summarization-service.ts(334,3): error TS1128: Declaration or statement expected.
sveltekit-frontend/src/lib/services/ai-summarization-service.ts(334,10): error TS1434: Unexpected keyword or identifier.
sveltekit-frontend/src/lib/services/ai-summarization-service.ts(337,11): error TS1109: Expression expected.
sveltekit-frontend/src/lib/services/ai-summarization-service.ts(338,3): error TS1128: Declaration or statement expected.
sveltekit-frontend/src/lib/services/ai-summarization-service.ts(338,4): error TS1128: Declaration or statement expected.
sveltekit-frontend/src/lib/services/ai-summarization-service.ts(340,9): error TS1005: ':' expected.
sveltekit-frontend/src/lib/services/ai-summarization-service.ts(342,13): error TS1005: ':' expected.
sveltekit-frontend/src/lib/services/ai-summarization-service.ts(342,28): error TS1005: ',' expected.
sveltekit-frontend/src/lib/services/ai-summarization-service.ts(343,9): error TS1003: Identifier expected.
sveltekit-frontend/src/lib/services/ai-summarization-service.ts(346,18): error TS1005: ')' expected.
sveltekit-frontend/src/lib/services/ai-summarization-service.ts(347,15): error TS1138: Parameter declaration expected.
sveltekit-frontend/src/lib/services/ai-summarization-service.ts(347,57): error TS1005: ',' expected.
sveltekit-frontend/src/lib/services/ai-summarization-service.ts(347,59): error TS1136: Property assignment expected.
sveltekit-frontend/src/lib/services/ai-summarization-service.ts(353,9): error TS1128: Declaration or statement expected.
sveltekit-frontend/src/lib/services/ai-summarization-service.ts(358,89): error TS1005: '}' expected.
sveltekit-frontend/src/lib/services/ai-summarization-service.ts(358,90): error TS1128: Declaration or statement expected.
sveltekit-frontend/src/lib/services/ai-summarization-service.ts(358,91): error TS1128: Declaration or statement expected.
sveltekit-frontend/src/lib/services/ai-summarization-service.ts(364,23): error TS1109: Expression expected.
sveltekit-frontend/src/lib/services/ai-summarization-service.ts(364,25): error TS1005: ')' expected.
sveltekit-frontend/src/lib/services/ai-summarization-service.ts(364,53): error TS1109: Expression expected.
sveltekit-frontend/src/lib/services/ai-summarization-service.ts(364,55): error TS1109: Expression expected.
sveltekit-frontend/src/lib/services/ai-summarization-service.ts(364,56): error TS1109: Expression expected.
sveltekit-frontend/src/lib/services/ai-summarization-service.ts(364,59): error TS1005: ';' expected.
sveltekit-frontend/src/lib/services/ai-summarization-service.ts(364,75): error TS1128: Declaration or statement expected.
sveltekit-frontend/src/lib/services/ai-summarization-service.ts(364,76): error TS1128: Declaration or statement expected.
sveltekit-frontend/src/lib/services/ai-summarization-service.ts(364,78): error TS1109: Expression expected.
sveltekit-frontend/src/lib/services/ai-summarization-service.ts(364,81): error TS1005: ';' expected.
sveltekit-frontend/src/lib/services/ai-summarization-service.ts(368,21): error TS1109: Expression expected.
sveltekit-frontend/src/lib/services/ai-summarization-service.ts(368,23): error TS1005: ')' expected.
sveltekit-frontend/src/lib/services/ai-summarization-service.ts(368,51): error TS1109: Expression expected.
sveltekit-frontend/src/lib/services/ai-summarization-service.ts(368,53): error TS1109: Expression expected.
sveltekit-frontend/src/lib/services/ai-summarization-service.ts(368,54): error TS1109: Expression expected.
sveltekit-frontend/src/lib/services/ai-summarization-service.ts(368,57): error TS1005: ';' expected.
sveltekit-frontend/src/lib/services/ai-summarization-service.ts(368,73): error TS1128: Declaration or statement expected.
sveltekit-frontend/src/lib/services/ai-summarization-service.ts(368,79): error TS1443: Module declaration names may only use ' or " quoted strings.
sveltekit-frontend/src/lib/services/ai-summarization-service.ts(457,16): error TS1434: Unexpected keyword or identifier.
sveltekit-frontend/src/lib/services/ai-summarization-service.ts(477,22): error TS1005: ';' expected.
sveltekit-frontend/src/lib/services/ai-summarization-service.ts(501,20): error TS1005: ';' expected.
sveltekit-frontend/src/lib/services/ai-summarization-service.ts(501,23): error TS1434: Unexpected keyword or identifier.
sveltekit-frontend/src/lib/services/ai-summarization-service.ts(501,32): error TS1434: Unexpected keyword or identifier.
sveltekit-frontend/src/lib/services/ai-summarization-service.ts(501,45): error TS1005: '(' expected.
sveltekit-frontend/src/lib/services/ai-summarization-service.ts(501,54): error TS1005: ';' expected.
sveltekit-frontend/src/lib/services/ai-summarization-service.ts(501,55): error TS1005: ';' expected.
sveltekit-frontend/src/lib/services/ai-summarization-service.ts(501,63): error TS1003: Identifier expected.
sveltekit-frontend/src/lib/services/ai-summarization-service.ts(501,67): error TS1005: ')' expected.
sveltekit-frontend/src/lib/services/ai-summarization-service.ts(523,28): error TS1005: ';' expected.
sveltekit-frontend/src/lib/services/ai-summarization-service.ts(523,32): error TS1434: Unexpected keyword or identifier.
sveltekit-frontend/src/lib/services/ai-summarization-service.ts(523,42): error TS1434: Unexpected keyword or identifier.
sveltekit-frontend/src/lib/services/ai-summarization-service.ts(523,46): error TS1434: Unexpected keyword or identifier.
sveltekit-frontend/src/lib/services/ai-summarization-service.ts(523,56): error TS1434: Unexpected keyword or identifier.
sveltekit-frontend/src/lib/services/ai-summarization-service.ts(523,72): error TS1003: Identifier expected.
sveltekit-frontend/src/lib/services/ai-summarization-service.ts(526,20): error TS1434: Unexpected keyword or identifier.
sveltekit-frontend/src/lib/services/ai-summarization-service.ts(526,28): error TS1434: Unexpected keyword or identifier.
sveltekit-frontend/src/lib/services/ai-summarization-service.ts(526,48): error TS1005: ';' expected.
sveltekit-frontend/src/lib/services/ai-summarization-service.ts(526,62): error TS1003: Identifier expected.
sveltekit-frontend/src/lib/services/ai-summarization-service.ts(529,20): error TS1434: Unexpected keyword or identifier.
sveltekit-frontend/src/lib/services/ai-summarization-service.ts(529,28): error TS1434: Unexpected keyword or identifier.
sveltekit-frontend/src/lib/services/ai-summarization-service.ts(529,31): error TS1434: Unexpected keyword or identifier.
sveltekit-frontend/src/lib/services/ai-summarization-service.ts(529,41): error TS1434: Unexpected keyword or identifier.
sveltekit-frontend/src/lib/services/ai-summarization-service.ts(529,49): error TS1434: Unexpected keyword or identifier.
sveltekit-frontend/src/lib/services/ai-summarization-service.ts(529,61): error TS1005: '(' expected.
sveltekit-frontend/src/lib/services/ai-summarization-service.ts(529,85): error TS1003: Identifier expected.
sveltekit-frontend/src/lib/services/ai-summarization-service.ts(532,32): error TS1005: ';' expected.
sveltekit-frontend/src/lib/services/ai-summarization-service.ts(532,42): error TS1005: ';' expected.
sveltekit-frontend/src/lib/services/ai-summarization-service.ts(532,51): error TS1005: ')' expected.
sveltekit-frontend/src/lib/services/ai-summarization-service.ts(532,57): error TS1005: ';' expected.
sveltekit-frontend/src/lib/services/ai-summarization-service.ts(532,67): error TS1005: ';' expected.
sveltekit-frontend/src/lib/services/ai-summarization-service.ts(532,77): error TS1003: Identifier expected.
sveltekit-frontend/src/lib/services/ai-summarization-service.ts(535,20): error TS1434: Unexpected keyword or identifier.
sveltekit-frontend/src/lib/services/ai-summarization-service.ts(535,28): error TS1434: Unexpected keyword or identifier.
sveltekit-frontend/src/lib/services/ai-summarization-service.ts(535,30): error TS1434: Unexpected keyword or identifier.
sveltekit-frontend/src/lib/services/ai-summarization-service.ts(535,36): error TS1434: Unexpected keyword or identifier.
sveltekit-frontend/src/lib/services/ai-summarization-service.ts(535,45): error TS1434: Unexpected keyword or identifier.
sveltekit-frontend/src/lib/services/ai-summarization-service.ts(535,54): error TS1434: Unexpected keyword or identifier.
sveltekit-frontend/src/lib/services/ai-summarization-service.ts(535,57): error TS1434: Unexpected keyword or identifier.
sveltekit-frontend/src/lib/services/ai-summarization-service.ts(535,63): error TS1434: Unexpected keyword or identifier.
sveltekit-frontend/src/lib/services/ai-summarization-service.ts(535,76): error TS1434: Unexpected keyword or identifier.
sveltekit-frontend/src/lib/services/ai-summarization-service.ts(535,92): error TS1003: Identifier expected.
sveltekit-frontend/src/lib/services/ai-summarization-service.ts(538,20): error TS1434: Unexpected keyword or identifier.
sveltekit-frontend/src/lib/services/ai-summarization-service.ts(538,28): error TS1434: Unexpected keyword or identifier.
sveltekit-frontend/src/lib/services/ai-summarization-service.ts(538,30): error TS1434: Unexpected keyword or identifier.
sveltekit-frontend/src/lib/services/ai-summarization-service.ts(538,44): error TS1434: Unexpected keyword or identifier.
sveltekit-frontend/src/lib/services/ai-summarization-service.ts(538,63): error TS1003: Identifier expected.
sveltekit-frontend/src/lib/services/ai-summarization-service.ts(540,16): error TS1434: Unexpected keyword or identifier.
sveltekit-frontend/src/lib/services/ai-summarization-service.ts(540,32): error TS1434: Unexpected keyword or identifier.
sveltekit-frontend/src/lib/services/ai-summarization-service.ts(540,59): error TS1127: Invalid character.
sveltekit-frontend/src/lib/services/ai-summarization-service.ts(540,61): error TS1127: Invalid character.
sveltekit-frontend/src/lib/services/ai-summarization-service.ts(540,63): error TS1443: Module declaration names may only use ' or " quoted strings.
sveltekit-frontend/src/lib/services/ai-summarization-service.ts(552,41): error TS1109: Expression expected.
sveltekit-frontend/src/lib/services/ai-summarization-service.ts(552,43): error TS1434: Unexpected keyword or identifier.
sveltekit-frontend/src/lib/services/ai-summarization-service.ts(552,74): error TS1128: Declaration or statement expected.
sveltekit-frontend/src/lib/services/ai-summarization-service.ts(552,75): error TS1127: Invalid character.
sveltekit-frontend/src/lib/services/ai-summarization-service.ts(552,77): error TS1127: Invalid character.
sveltekit-frontend/src/lib/services/ai-summarization-service.ts(552,79): error TS1443: Module declaration names may only use ' or " quoted strings.
sveltekit-frontend/src/lib/services/ai-summarization-service.ts(554,16): error TS1434: Unexpected keyword or identifier.
sveltekit-frontend/src/lib/services/ai-summarization-service.ts(554,33): error TS1127: Invalid character.
sveltekit-frontend/src/lib/services/ai-summarization-service.ts(554,34): error TS1434: Unexpected keyword or identifier.
sveltekit-frontend/src/lib/services/ai-summarization-service.ts(554,45): error TS1127: Invalid character.
sveltekit-frontend/src/lib/services/ai-summarization-service.ts(554,47): error TS1127: Invalid character.
sveltekit-frontend/src/lib/services/ai-summarization-service.ts(554,49): error TS1443: Module declaration names may only use ' or " quoted strings.
sveltekit-frontend/src/lib/services/ai-summarization-service.ts(555,16): error TS1434: Unexpected keyword or identifier.
sveltekit-frontend/src/lib/services/ai-summarization-service.ts(555,24): error TS1434: Unexpected keyword or identifier.
sveltekit-frontend/src/lib/services/ai-summarization-service.ts(555,49): error TS1005: ';' expected.
sveltekit-frontend/src/lib/services/ai-summarization-service.ts(555,60): error TS1005: '(' expected.
sveltekit-frontend/src/lib/services/ai-summarization-service.ts(555,67): error TS1005: ')' expected.
sveltekit-frontend/src/lib/services/ai-summarization-service.ts(557,13): error TS1109: Expression expected.
sveltekit-frontend/src/lib/services/ai-summarization-service.ts(558,15): error TS1109: Expression expected.
sveltekit-frontend/src/lib/services/ai-summarization-service.ts(559,14): error TS1109: Expression expected.
sveltekit-frontend/src/lib/services/ai-summarization-service.ts(560,14): error TS1109: Expression expected.
sveltekit-frontend/src/lib/services/ai-summarization-service.ts(561,16): error TS1109: Expression expected.
sveltekit-frontend/src/lib/services/ai-summarization-service.ts(562,13): error TS1005: ',' expected.
sveltekit-frontend/src/lib/services/ai-summarization-service.ts(563,16): error TS1109: Expression expected.
sveltekit-frontend/src/lib/services/ai-summarization-service.ts(603,23): error TS1005: ';' expected.
sveltekit-frontend/src/lib/services/ai-summarization-service.ts(603,36): error TS1434: Unexpected keyword or identifier.
sveltekit-frontend/src/lib/services/ai-summarization-service.ts(643,39): error TS1160: Unterminated template literal.
sveltekit-frontend/src/lib/services/aiService.ts(2,1): error TS1128: Declaration or statement expected.
sveltekit-frontend/src/lib/services/aiService.ts(10,1): error TS1128: Declaration or statement expected.
sveltekit-frontend/src/lib/services/aiService.ts(17,1): error TS1128: Declaration or statement expected.
sveltekit-frontend/src/lib/services/aiService.ts(29,36): error TS1005: ',' expected.
sveltekit-frontend/src/lib/services/aiService.ts(42,19): error TS1005: ')' expected.
sveltekit-frontend/src/lib/services/aiService.ts(49,30): error TS1005: ',' expected.
sveltekit-frontend/src/lib/services/aiService.ts(52,15): error TS1005: ')' expected.
sveltekit-frontend/src/lib/services/aiService.ts(60,43): error TS1136: Property assignment expected.
sveltekit-frontend/src/lib/services/aiService.ts(66,21): error TS1136: Property assignment expected.
sveltekit-frontend/src/lib/services/aiService.ts(67,18): error TS1472: 'catch' or 'finally' expected.
sveltekit-frontend/src/lib/services/aiService.ts(69,101): error TS1005: ')' expected.
sveltekit-frontend/src/lib/services/aiService.ts(78,32): error TS1005: ',' expected.
sveltekit-frontend/src/lib/services/aiService.ts(80,19): error TS1005: ')' expected.
sveltekit-frontend/src/lib/services/aiService.ts(82,15): error TS1005: ',' expected.
sveltekit-frontend/src/lib/services/aiService.ts(87,34): error TS1005: ',' expected.
sveltekit-frontend/src/lib/services/aiService.ts(89,19): error TS1005: ')' expected.
sveltekit-frontend/src/lib/services/aiService.ts(97,24): error TS1005: ';' expected.
sveltekit-frontend/src/lib/services/aiService.ts(101,35): error TS1005: ',' expected.
sveltekit-frontend/src/lib/services/aiService.ts(105,13): error TS1136: Property assignment expected.
sveltekit-frontend/src/lib/services/aiService.ts(105,15): error TS1005: ';' expected.
sveltekit-frontend/src/lib/services/aiService.ts(106,10): error TS1128: Declaration or statement expected.
sveltekit-frontend/src/lib/services/aiService.ts(119,33): error TS1005: ',' expected.
sveltekit-frontend/src/lib/services/aiService.ts(123,13): error TS1136: Property assignment expected.
sveltekit-frontend/src/lib/services/aiService.ts(123,15): error TS1005: ';' expected.
sveltekit-frontend/src/lib/services/aiService.ts(124,9): error TS1128: Declaration or statement expected.
sveltekit-frontend/src/lib/services/aiService.ts(124,10): error TS1128: Declaration or statement expected.
sveltekit-frontend/src/lib/services/aiService.ts(129,58): error TS1005: ',' expected.
sveltekit-frontend/src/lib/services/aiService.ts(136,33): error TS1005: ',' expected.
sveltekit-frontend/src/lib/services/aiService.ts(140,13): error TS1136: Property assignment expected.
sveltekit-frontend/src/lib/services/aiService.ts(140,15): error TS1005: ';' expected.
sveltekit-frontend/src/lib/services/aiService.ts(141,9): error TS1128: Declaration or statement expected.
sveltekit-frontend/src/lib/services/aiService.ts(141,10): error TS1128: Declaration or statement expected.
sveltekit-frontend/src/lib/services/aiService.ts(150,44): error TS1005: ',' expected.
sveltekit-frontend/src/lib/services/aiService.ts(157,21): error TS1005: ';' expected.
sveltekit-frontend/src/lib/services/aiService.ts(160,30): error TS1005: ',' expected.
sveltekit-frontend/src/lib/services/aiService.ts(162,15): error TS1005: ')' expected.
sveltekit-frontend/src/lib/services/aiService.ts(164,5): error TS1128: Declaration or statement expected.
sveltekit-frontend/src/lib/services/aiService.ts(165,1): error TS1128: Declaration or statement expected.
sveltekit-frontend/src/lib/services/api-orchestrator.ts(10,1): error TS1128: Declaration or statement expected.
sveltekit-frontend/src/lib/services/api-orchestrator.ts(69,1): error TS1128: Declaration or statement expected.
sveltekit-frontend/src/lib/services/api-orchestrator.ts(80,1): error TS1128: Declaration or statement expected.
sveltekit-frontend/src/lib/services/api-orchestrator.ts(324,3): error TS1068: Unexpected token. A constructor, method, accessor, or property was expected.
sveltekit-frontend/src/lib/services/api-orchestrator.ts(324,4): error TS1068: Unexpected token. A constructor, method, accessor, or property was expected.
sveltekit-frontend/src/lib/services/api-orchestrator.ts(324,23): error TS1005: '(' expected.
sveltekit-frontend/src/lib/services/api-orchestrator.ts(324,25): error TS1068: Unexpected token. A constructor, method, accessor, or property was expected.
sveltekit-frontend/src/lib/services/api-orchestrator.ts(337,68): error TS1005: ',' expected.
sveltekit-frontend/src/lib/services/api-orchestrator.ts(364,53): error TS1109: Expression expected.
sveltekit-frontend/src/lib/services/api-orchestrator.ts(364,56): error TS1005: ':' expected.
sveltekit-frontend/src/lib/services/api-orchestrator.ts(365,14): error TS1128: Declaration or statement expected.
sveltekit-frontend/src/lib/services/api-orchestrator.ts(369,9): error TS1472: 'catch' or 'finally' expected.
sveltekit-frontend/src/lib/services/api-orchestrator.ts(369,11): error TS1005: 'try' expected.
sveltekit-frontend/src/lib/services/api-orchestrator.ts(376,3): error TS1128: Declaration or statement expected.
sveltekit-frontend/src/lib/services/api-orchestrator.ts(380,3): error TS1434: Unexpected keyword or identifier.
sveltekit-frontend/src/lib/services/api-orchestrator.ts(380,30): error TS1109: Expression expected.
sveltekit-frontend/src/lib/services/api-orchestrator.ts(381,11): error TS1005: ':' expected.
sveltekit-frontend/src/lib/services/api-orchestrator.ts(382,5): error TS1005: ',' expected.
sveltekit-frontend/src/lib/services/api-orchestrator.ts(382,11): error TS1005: ':' expected.
sveltekit-frontend/src/lib/services/api-orchestrator.ts(382,25): error TS1005: ',' expected.
sveltekit-frontend/src/lib/services/api-orchestrator.ts(382,35): error TS1139: Type parameter declaration expected.
sveltekit-frontend/src/lib/services/api-orchestrator.ts(382,39): error TS1005: ':' expected.
sveltekit-frontend/src/lib/services/api-orchestrator.ts(382,43): error TS1005: ',' expected.
sveltekit-frontend/src/lib/services/api-orchestrator.ts(382,46): error TS1109: Expression expected.
sveltekit-frontend/src/lib/services/api-orchestrator.ts(382,47): error TS1005: ':' expected.
sveltekit-frontend/src/lib/services/api-orchestrator.ts(384,11): error TS1005: ':' expected.
sveltekit-frontend/src/lib/services/api-orchestrator.ts(386,6): error TS1005: ',' expected.
sveltekit-frontend/src/lib/services/api-orchestrator.ts(387,10): error TS1359: Identifier expected. 'const' is a reserved word that cannot be used here.
sveltekit-frontend/src/lib/services/api-orchestrator.ts(387,16): error TS1005: ',' expected.
sveltekit-frontend/src/lib/services/api-orchestrator.ts(387,38): error TS1005: ',' expected.
sveltekit-frontend/src/lib/services/api-orchestrator.ts(387,41): error TS1005: ',' expected.
sveltekit-frontend/src/lib/services/api-orchestrator.ts(390,11): error TS1128: Declaration or statement expected.
sveltekit-frontend/src/lib/services/api-orchestrator.ts(391,48): error TS1005: ';' expected.
sveltekit-frontend/src/lib/services/api-orchestrator.ts(391,49): error TS1005: ',' expected.
sveltekit-frontend/src/lib/services/api-orchestrator.ts(392,12): error TS1005: ';' expected.
sveltekit-frontend/src/lib/services/api-orchestrator.ts(393,11): error TS1128: Declaration or statement expected.
sveltekit-frontend/src/lib/services/api-orchestrator.ts(393,12): error TS1128: Declaration or statement expected.
sveltekit-frontend/src/lib/services/api-orchestrator.ts(393,13): error TS1005: 'try' expected.
sveltekit-frontend/src/lib/services/api-orchestrator.ts(393,24): error TS1005: ')' expected.
sveltekit-frontend/src/lib/services/api-orchestrator.ts(393,26): error TS1128: Declaration or statement expected.
sveltekit-frontend/src/lib/services/api-orchestrator.ts(398,14): error TS1005: ';' expected.
sveltekit-frontend/src/lib/services/api-orchestrator.ts(399,12): error TS1128: Declaration or statement expected.
sveltekit-frontend/src/lib/services/api-orchestrator.ts(400,7): error TS1128: Declaration or statement expected.
sveltekit-frontend/src/lib/services/api-orchestrator.ts(401,5): error TS1128: Declaration or statement expected.
sveltekit-frontend/src/lib/services/api-orchestrator.ts(404,3): error TS1128: Declaration or statement expected.
sveltekit-frontend/src/lib/services/api-orchestrator.ts(408,3): error TS1128: Declaration or statement expected.
sveltekit-frontend/src/lib/services/api-orchestrator.ts(408,11): error TS1434: Unexpected keyword or identifier.
sveltekit-frontend/src/lib/services/api-orchestrator.ts(409,18): error TS1434: Unexpected keyword or identifier.
sveltekit-frontend/src/lib/services/api-orchestrator.ts(411,3): error TS1128: Declaration or statement expected.
sveltekit-frontend/src/lib/services/api-orchestrator.ts(411,4): error TS1128: Declaration or statement expected.
sveltekit-frontend/src/lib/services/api-orchestrator.ts(412,11): error TS1005: ':' expected.
sveltekit-frontend/src/lib/services/api-orchestrator.ts(412,41): error TS1005: ',' expected.
sveltekit-frontend/src/lib/services/api-orchestrator.ts(413,11): error TS1005: ':' expected.
sveltekit-frontend/src/lib/services/api-orchestrator.ts(413,50): error TS1005: ',' expected.
sveltekit-frontend/src/lib/services/api-orchestrator.ts(415,17): error TS1138: Parameter declaration expected.
sveltekit-frontend/src/lib/services/api-orchestrator.ts(415,58): error TS1005: ';' expected.
sveltekit-frontend/src/lib/services/api-orchestrator.ts(415,61): error TS1109: Expression expected.
sveltekit-frontend/src/lib/services/api-orchestrator.ts(416,7): error TS1109: Expression expected.
sveltekit-frontend/src/lib/services/api-orchestrator.ts(459,3): error TS1128: Declaration or statement expected.
sveltekit-frontend/src/lib/services/api-orchestrator.ts(463,3): error TS1128: Declaration or statement expected.
sveltekit-frontend/src/lib/services/api-orchestrator.ts(463,11): error TS1434: Unexpected keyword or identifier.
sveltekit-frontend/src/lib/services/api-orchestrator.ts(463,48): error TS1135: Argument expression expected.
sveltekit-frontend/src/lib/services/api-orchestrator.ts(463,59): error TS1005: ';' expected.
sveltekit-frontend/src/lib/services/api-orchestrator.ts(464,9): error TS1005: ':' expected.
sveltekit-frontend/src/lib/services/api-orchestrator.ts(465,13): error TS1005: ':' expected.
sveltekit-frontend/src/lib/services/api-orchestrator.ts(465,63): error TS1005: ',' expected.
sveltekit-frontend/src/lib/services/api-orchestrator.ts(466,23): error TS1138: Parameter declaration expected.
sveltekit-frontend/src/lib/services/api-orchestrator.ts(466,34): error TS1005: ',' expected.
sveltekit-frontend/src/lib/services/api-orchestrator.ts(466,55): error TS1005: ',' expected.
sveltekit-frontend/src/lib/services/api-orchestrator.ts(466,57): error TS1136: Property assignment expected.
sveltekit-frontend/src/lib/services/api-orchestrator.ts(476,5): error TS1128: Declaration or statement expected.
sveltekit-frontend/src/lib/services/api-orchestrator.ts(476,7): error TS1005: 'try' expected.
sveltekit-frontend/src/lib/services/api-orchestrator.ts(480,3): error TS1128: Declaration or statement expected.
sveltekit-frontend/src/lib/services/api-orchestrator.ts(484,3): error TS1128: Declaration or statement expected.
sveltekit-frontend/src/lib/services/api-orchestrator.ts(484,40): error TS1135: Argument expression expected.
sveltekit-frontend/src/lib/services/api-orchestrator.ts(484,69): error TS1109: Expression expected.
sveltekit-frontend/src/lib/services/api-orchestrator.ts(484,83): error TS1005: ';' expected.
sveltekit-frontend/src/lib/services/api-orchestrator.ts(484,85): error TS1434: Unexpected keyword or identifier.
sveltekit-frontend/src/lib/services/api-orchestrator.ts(504,3): error TS1128: Declaration or statement expected.
sveltekit-frontend/src/lib/services/api-orchestrator.ts(504,32): error TS1135: Argument expression expected.
sveltekit-frontend/src/lib/services/api-orchestrator.ts(504,60): error TS1005: ',' expected.
sveltekit-frontend/src/lib/services/api-orchestrator.ts(504,75): error TS1005: ';' expected.
sveltekit-frontend/src/lib/services/api-orchestrator.ts(504,92): error TS1005: ';' expected.
sveltekit-frontend/src/lib/services/api-orchestrator.ts(517,3): error TS1128: Declaration or statement expected.
sveltekit-frontend/src/lib/services/api-orchestrator.ts(517,36): error TS1135: Argument expression expected.
sveltekit-frontend/src/lib/services/api-orchestrator.ts(517,54): error TS1005: ';' expected.
sveltekit-frontend/src/lib/services/api-orchestrator.ts(517,56): error TS1434: Unexpected keyword or identifier.
sveltekit-frontend/src/lib/services/api-orchestrator.ts(530,3): error TS1128: Declaration or statement expected.
sveltekit-frontend/src/lib/services/api-orchestrator.ts(530,33): error TS1135: Argument expression expected.
sveltekit-frontend/src/lib/services/api-orchestrator.ts(530,56): error TS1005: ',' expected.
sveltekit-frontend/src/lib/services/api-orchestrator.ts(530,75): error TS1005: ',' expected.
sveltekit-frontend/src/lib/services/api-orchestrator.ts(530,86): error TS1005: ';' expected.
sveltekit-frontend/src/lib/services/api-orchestrator.ts(531,11): error TS1005: ':' expected.
sveltekit-frontend/src/lib/services/api-orchestrator.ts(532,5): error TS1005: ',' expected.
sveltekit-frontend/src/lib/services/api-orchestrator.ts(532,9): error TS1005: ':' expected.
sveltekit-frontend/src/lib/services/api-orchestrator.ts(536,7): error TS1005: ',' expected.
sveltekit-frontend/src/lib/services/api-orchestrator.ts(541,16): error TS1109: Expression expected.
sveltekit-frontend/src/lib/services/api-orchestrator.ts(541,25): error TS1005: ',' expected.
sveltekit-frontend/src/lib/services/api-orchestrator.ts(541,35): error TS1005: ';' expected.
sveltekit-frontend/src/lib/services/api-orchestrator.ts(556,52): error TS1005: '?' expected.
sveltekit-frontend/src/lib/services/api-orchestrator.ts(556,63): error TS1005: ',' expected.
sveltekit-frontend/src/lib/services/api-orchestrator.ts(556,64): error TS1135: Argument expression expected.
sveltekit-frontend/src/lib/services/api-orchestrator.ts(556,68): error TS1005: ';' expected.
sveltekit-frontend/src/lib/services/api-orchestrator.ts(556,87): error TS1109: Expression expected.
sveltekit-frontend/src/lib/services/api-orchestrator.ts(556,91): error TS1005: ';' expected.
sveltekit-frontend/src/lib/services/api-orchestrator.ts(562,20): error TS1109: Expression expected.
sveltekit-frontend/src/lib/services/api-orchestrator.ts(562,30): error TS1131: Property or signature expected.
sveltekit-frontend/src/lib/services/api-orchestrator.ts(567,7): error TS1005: ')' expected.
sveltekit-frontend/src/lib/services/api-orchestrator.ts(568,3): error TS1128: Declaration or statement expected.
sveltekit-frontend/src/lib/services/api-orchestrator.ts(572,3): error TS1128: Declaration or statement expected.
sveltekit-frontend/src/lib/services/api-orchestrator.ts(572,40): error TS1135: Argument expression expected.
sveltekit-frontend/src/lib/services/api-orchestrator.ts(572,58): error TS1005: ';' expected.
sveltekit-frontend/src/lib/services/api-orchestrator.ts(572,67): error TS1109: Expression expected.
sveltekit-frontend/src/lib/services/api-orchestrator.ts(572,68): error TS1109: Expression expected.
sveltekit-frontend/src/lib/services/api-orchestrator.ts(572,70): error TS1005: ';' expected.
sveltekit-frontend/src/lib/services/api-orchestrator.ts(582,1): error TS1128: Declaration or statement expected.
sveltekit-frontend/src/lib/services/binaryQLoRAWebSocketService.ts(8,1): error TS1128: Declaration or statement expected.
sveltekit-frontend/src/lib/services/binaryQLoRAWebSocketService.ts(34,55): error TS1136: Property assignment expected.
sveltekit-frontend/src/lib/services/binaryQLoRAWebSocketService.ts(124,6): error TS1005: ';' expected.
sveltekit-frontend/src/lib/services/binaryQLoRAWebSocketService.ts(137,4): error TS1128: Declaration or statement expected.
sveltekit-frontend/src/lib/services/binaryQLoRAWebSocketService.ts(138,1): error TS1128: Declaration or statement expected.
sveltekit-frontend/src/lib/services/binaryQLoRAWebSocketService.ts(179,54): error TS1005: ',' expected.
sveltekit-frontend/src/lib/services/binaryQLoRAWebSocketService.ts(180,109): error TS1005: ',' expected.
sveltekit-frontend/src/lib/services/binaryQLoRAWebSocketService.ts(184,9): error TS1128: Declaration or statement expected.
sveltekit-frontend/src/lib/services/binaryQLoRAWebSocketService.ts(187,9): error TS1128: Declaration or statement expected.
sveltekit-frontend/src/lib/services/binaryQLoRAWebSocketService.ts(187,83): error TS1109: Expression expected.
sveltekit-frontend/src/lib/services/binaryQLoRAWebSocketService.ts(187,84): error TS1128: Declaration or statement expected.
sveltekit-frontend/src/lib/services/binaryQLoRAWebSocketService.ts(187,87): error TS1005: ';' expected.
sveltekit-frontend/src/lib/services/binaryQLoRAWebSocketService.ts(194,8): error TS1005: ';' expected.
sveltekit-frontend/src/lib/services/binaryQLoRAWebSocketService.ts(195,6): error TS1128: Declaration or statement expected.
sveltekit-frontend/src/lib/services/binaryQLoRAWebSocketService.ts(197,1): error TS1128: Declaration or statement expected.
sveltekit-frontend/src/lib/services/binaryQLoRAWebSocketService.ts(204,5): error TS1005: ')' expected.
sveltekit-frontend/src/lib/services/binaryQLoRAWebSocketService.ts(209,75): error TS1005: ')' expected.
sveltekit-frontend/src/lib/services/binaryQLoRAWebSocketService.ts(222,85): error TS1005: ',' expected.
sveltekit-frontend/src/lib/services/binaryQLoRAWebSocketService.ts(232,6): error TS1005: ',' expected.
sveltekit-frontend/src/lib/services/binaryQLoRAWebSocketService.ts(232,7): error TS1136: Property assignment expected.
sveltekit-frontend/src/lib/services/binaryQLoRAWebSocketService.ts(233,3): error TS1128: Declaration or statement expected.
sveltekit-frontend/src/lib/services/binaryQLoRAWebSocketService.ts(234,1): error TS1128: Declaration or statement expected.
sveltekit-frontend/src/lib/services/cache-warmer.ts(329,4): error TS1005: '}' expected.
sveltekit-frontend/src/lib/services/chr-rom-precomputation.ts(12,1): error TS1128: Declaration or statement expected.
sveltekit-frontend/src/lib/services/chr-rom-precomputation.ts(125,59): error TS1109: Expression expected.
sveltekit-frontend/src/lib/services/chr-rom-precomputation.ts(129,8): error TS1005: ')' expected.
sveltekit-frontend/src/lib/services/chr-rom-precomputation.ts(131,69): error TS1005: ';' expected.
sveltekit-frontend/src/lib/services/chr-rom-precomputation.ts(142,3): error TS1068: Unexpected token. A constructor, method, accessor, or property was expected.
sveltekit-frontend/src/lib/services/chr-rom-precomputation.ts(142,4): error TS1068: Unexpected token. A constructor, method, accessor, or property was expected.
sveltekit-frontend/src/lib/services/chr-rom-precomputation.ts(142,14): error TS1139: Type parameter declaration expected.
sveltekit-frontend/src/lib/services/chr-rom-precomputation.ts(142,18): error TS1109: Expression expected.
sveltekit-frontend/src/lib/services/chr-rom-precomputation.ts(143,9): error TS1005: ':' expected.
sveltekit-frontend/src/lib/services/chr-rom-precomputation.ts(144,13): error TS1005: ':' expected.
sveltekit-frontend/src/lib/services/chr-rom-precomputation.ts(144,64): error TS1005: ',' expected.
sveltekit-frontend/src/lib/services/chr-rom-precomputation.ts(146,13): error TS1005: ':' expected.
sveltekit-frontend/src/lib/services/chr-rom-precomputation.ts(146,78): error TS1005: ',' expected.
sveltekit-frontend/src/lib/services/chr-rom-precomputation.ts(147,21): error TS1138: Parameter declaration expected.
sveltekit-frontend/src/lib/services/chr-rom-precomputation.ts(147,73): error TS1005: ',' expected.
sveltekit-frontend/src/lib/services/chr-rom-precomputation.ts(147,75): error TS1136: Property assignment expected.
sveltekit-frontend/src/lib/services/chr-rom-precomputation.ts(158,5): error TS1128: Declaration or statement expected.
sveltekit-frontend/src/lib/services/chr-rom-precomputation.ts(158,7): error TS1005: 'try' expected.
sveltekit-frontend/src/lib/services/chr-rom-precomputation.ts(161,3): error TS1128: Declaration or statement expected.
sveltekit-frontend/src/lib/services/chr-rom-precomputation.ts(165,3): error TS1128: Declaration or statement expected.
sveltekit-frontend/src/lib/services/chr-rom-precomputation.ts(165,11): error TS1434: Unexpected keyword or identifier.
sveltekit-frontend/src/lib/services/chr-rom-precomputation.ts(165,49): error TS1135: Argument expression expected.
sveltekit-frontend/src/lib/services/chr-rom-precomputation.ts(165,55): error TS1005: ';' expected.
sveltekit-frontend/src/lib/services/chr-rom-precomputation.ts(166,11): error TS1005: ':' expected.
sveltekit-frontend/src/lib/services/chr-rom-precomputation.ts(166,86): error TS1005: ',' expected.
sveltekit-frontend/src/lib/services/chr-rom-precomputation.ts(166,87): error TS1136: Property assignment expected.
sveltekit-frontend/src/lib/services/chr-rom-precomputation.ts(166,88): error TS1136: Property assignment expected.
sveltekit-frontend/src/lib/services/chr-rom-precomputation.ts(167,12): error TS1005: ':' expected.
sveltekit-frontend/src/lib/services/chr-rom-precomputation.ts(167,90): error TS1005: ',' expected.
sveltekit-frontend/src/lib/services/chr-rom-precomputation.ts(172,3): error TS1128: Declaration or statement expected.
sveltekit-frontend/src/lib/services/chr-rom-precomputation.ts(172,11): error TS1434: Unexpected keyword or identifier.
sveltekit-frontend/src/lib/services/chr-rom-precomputation.ts(172,39): error TS1135: Argument expression expected.
sveltekit-frontend/src/lib/services/chr-rom-precomputation.ts(172,45): error TS1005: ';' expected.
sveltekit-frontend/src/lib/services/chr-rom-precomputation.ts(173,11): error TS1005: ':' expected.
sveltekit-frontend/src/lib/services/chr-rom-precomputation.ts(173,86): error TS1005: ',' expected.
sveltekit-frontend/src/lib/services/chr-rom-precomputation.ts(173,87): error TS1136: Property assignment expected.
sveltekit-frontend/src/lib/services/chr-rom-precomputation.ts(173,88): error TS1136: Property assignment expected.
sveltekit-frontend/src/lib/services/chr-rom-precomputation.ts(174,12): error TS1005: ':' expected.
sveltekit-frontend/src/lib/services/chr-rom-precomputation.ts(174,84): error TS1005: ',' expected.
sveltekit-frontend/src/lib/services/chr-rom-precomputation.ts(179,3): error TS1128: Declaration or statement expected.
sveltekit-frontend/src/lib/services/chr-rom-precomputation.ts(179,11): error TS1434: Unexpected keyword or identifier.
sveltekit-frontend/src/lib/services/chr-rom-precomputation.ts(179,43): error TS1135: Argument expression expected.
sveltekit-frontend/src/lib/services/chr-rom-precomputation.ts(179,49): error TS1005: ';' expected.
sveltekit-frontend/src/lib/services/chr-rom-precomputation.ts(180,11): error TS1005: ':' expected.
sveltekit-frontend/src/lib/services/chr-rom-precomputation.ts(180,86): error TS1005: ',' expected.
sveltekit-frontend/src/lib/services/chr-rom-precomputation.ts(180,87): error TS1136: Property assignment expected.
sveltekit-frontend/src/lib/services/chr-rom-precomputation.ts(180,88): error TS1136: Property assignment expected.
sveltekit-frontend/src/lib/services/chr-rom-precomputation.ts(181,12): error TS1005: ':' expected.
sveltekit-frontend/src/lib/services/chr-rom-precomputation.ts(181,88): error TS1005: ',' expected.
sveltekit-frontend/src/lib/services/chr-rom-precomputation.ts(186,3): error TS1128: Declaration or statement expected.
sveltekit-frontend/src/lib/services/chr-rom-precomputation.ts(186,11): error TS1434: Unexpected keyword or identifier.
sveltekit-frontend/src/lib/services/chr-rom-precomputation.ts(186,45): error TS1135: Argument expression expected.
sveltekit-frontend/src/lib/services/chr-rom-precomputation.ts(186,51): error TS1005: ';' expected.
sveltekit-frontend/src/lib/services/chr-rom-precomputation.ts(187,11): error TS1005: ':' expected.
sveltekit-frontend/src/lib/services/chr-rom-precomputation.ts(187,86): error TS1005: ',' expected.
sveltekit-frontend/src/lib/services/chr-rom-precomputation.ts(187,87): error TS1136: Property assignment expected.
sveltekit-frontend/src/lib/services/chr-rom-precomputation.ts(187,88): error TS1136: Property assignment expected.
sveltekit-frontend/src/lib/services/chr-rom-precomputation.ts(188,12): error TS1005: ':' expected.
sveltekit-frontend/src/lib/services/chr-rom-precomputation.ts(188,90): error TS1005: ',' expected.
sveltekit-frontend/src/lib/services/chr-rom-precomputation.ts(193,3): error TS1128: Declaration or statement expected.
sveltekit-frontend/src/lib/services/chr-rom-precomputation.ts(193,11): error TS1434: Unexpected keyword or identifier.
sveltekit-frontend/src/lib/services/chr-rom-precomputation.ts(193,45): error TS1135: Argument expression expected.
sveltekit-frontend/src/lib/services/chr-rom-precomputation.ts(193,51): error TS1005: ';' expected.
sveltekit-frontend/src/lib/services/chr-rom-precomputation.ts(194,11): error TS1005: ':' expected.
sveltekit-frontend/src/lib/services/chr-rom-precomputation.ts(194,86): error TS1005: ',' expected.
sveltekit-frontend/src/lib/services/chr-rom-precomputation.ts(194,87): error TS1136: Property assignment expected.
sveltekit-frontend/src/lib/services/chr-rom-precomputation.ts(194,88): error TS1136: Property assignment expected.
sveltekit-frontend/src/lib/services/chr-rom-precomputation.ts(195,12): error TS1005: ':' expected.
sveltekit-frontend/src/lib/services/chr-rom-precomputation.ts(195,90): error TS1005: ',' expected.
sveltekit-frontend/src/lib/services/chr-rom-precomputation.ts(200,3): error TS1128: Declaration or statement expected.
sveltekit-frontend/src/lib/services/chr-rom-precomputation.ts(200,11): error TS1434: Unexpected keyword or identifier.
sveltekit-frontend/src/lib/services/chr-rom-precomputation.ts(200,43): error TS1135: Argument expression expected.
sveltekit-frontend/src/lib/services/chr-rom-precomputation.ts(200,49): error TS1005: ';' expected.
sveltekit-frontend/src/lib/services/chr-rom-precomputation.ts(201,11): error TS1005: ':' expected.
sveltekit-frontend/src/lib/services/chr-rom-precomputation.ts(201,86): error TS1005: ',' expected.
sveltekit-frontend/src/lib/services/chr-rom-precomputation.ts(201,87): error TS1136: Property assignment expected.
sveltekit-frontend/src/lib/services/chr-rom-precomputation.ts(201,88): error TS1136: Property assignment expected.
sveltekit-frontend/src/lib/services/chr-rom-precomputation.ts(202,12): error TS1005: ':' expected.
sveltekit-frontend/src/lib/services/chr-rom-precomputation.ts(202,88): error TS1005: ',' expected.
sveltekit-frontend/src/lib/services/chr-rom-precomputation.ts(207,3): error TS1128: Declaration or statement expected.
sveltekit-frontend/src/lib/services/chr-rom-precomputation.ts(207,11): error TS1434: Unexpected keyword or identifier.
sveltekit-frontend/src/lib/services/chr-rom-precomputation.ts(207,45): error TS1135: Argument expression expected.
sveltekit-frontend/src/lib/services/chr-rom-precomputation.ts(207,51): error TS1005: ';' expected.
sveltekit-frontend/src/lib/services/chr-rom-precomputation.ts(208,11): error TS1005: ':' expected.
sveltekit-frontend/src/lib/services/chr-rom-precomputation.ts(208,86): error TS1005: ',' expected.
sveltekit-frontend/src/lib/services/chr-rom-precomputation.ts(208,87): error TS1136: Property assignment expected.
sveltekit-frontend/src/lib/services/chr-rom-precomputation.ts(208,88): error TS1136: Property assignment expected.
sveltekit-frontend/src/lib/services/chr-rom-precomputation.ts(209,12): error TS1005: ':' expected.
sveltekit-frontend/src/lib/services/chr-rom-precomputation.ts(209,90): error TS1005: ',' expected.
sveltekit-frontend/src/lib/services/chr-rom-precomputation.ts(214,3): error TS1128: Declaration or statement expected.
sveltekit-frontend/src/lib/services/chr-rom-precomputation.ts(214,37): error TS1135: Argument expression expected.
sveltekit-frontend/src/lib/services/chr-rom-precomputation.ts(214,51): error TS1005: ';' expected.
sveltekit-frontend/src/lib/services/chr-rom-precomputation.ts(214,53): error TS1434: Unexpected keyword or identifier.
sveltekit-frontend/src/lib/services/chr-rom-precomputation.ts(236,3): error TS1128: Declaration or statement expected.
sveltekit-frontend/src/lib/services/chr-rom-precomputation.ts(236,34): error TS1135: Argument expression expected.
sveltekit-frontend/src/lib/services/chr-rom-precomputation.ts(236,48): error TS1005: ',' expected.
sveltekit-frontend/src/lib/services/chr-rom-precomputation.ts(236,58): error TS1005: ';' expected.
sveltekit-frontend/src/lib/services/chr-rom-precomputation.ts(236,60): error TS1434: Unexpected keyword or identifier.
sveltekit-frontend/src/lib/services/chr-rom-precomputation.ts(238,25): error TS1109: Expression expected.
sveltekit-frontend/src/lib/services/chr-rom-precomputation.ts(239,3): error TS1109: Expression expected.
sveltekit-frontend/src/lib/services/chr-rom-precomputation.ts(243,3): error TS1128: Declaration or statement expected.
sveltekit-frontend/src/lib/services/chr-rom-precomputation.ts(243,38): error TS1135: Argument expression expected.
sveltekit-frontend/src/lib/services/chr-rom-precomputation.ts(243,63): error TS1005: ';' expected.
sveltekit-frontend/src/lib/services/chr-rom-precomputation.ts(243,65): error TS1434: Unexpected keyword or identifier.
sveltekit-frontend/src/lib/services/chr-rom-precomputation.ts(246,69): error TS1109: Expression expected.
sveltekit-frontend/src/lib/services/chr-rom-precomputation.ts(247,3): error TS1109: Expression expected.
sveltekit-frontend/src/lib/services/chr-rom-precomputation.ts(251,3): error TS1128: Declaration or statement expected.
sveltekit-frontend/src/lib/services/chr-rom-precomputation.ts(251,11): error TS1434: Unexpected keyword or identifier.
sveltekit-frontend/src/lib/services/chr-rom-precomputation.ts(251,38): error TS1109: Expression expected.
sveltekit-frontend/src/lib/services/chr-rom-precomputation.ts(251,52): error TS1011: An element access expression should take an argument.
sveltekit-frontend/src/lib/services/chr-rom-precomputation.ts(253,12): error TS1005: ':' expected.
sveltekit-frontend/src/lib/services/chr-rom-precomputation.ts(272,6): error TS1005: ',' expected.
sveltekit-frontend/src/lib/services/chr-rom-precomputation.ts(277,3): error TS1128: Declaration or statement expected.
sveltekit-frontend/src/lib/services/chr-rom-precomputation.ts(277,11): error TS1434: Unexpected keyword or identifier.
sveltekit-frontend/src/lib/services/chr-rom-precomputation.ts(280,3): error TS1128: Declaration or statement expected.
sveltekit-frontend/src/lib/services/chr-rom-precomputation.ts(280,4): error TS1128: Declaration or statement expected.
sveltekit-frontend/src/lib/services/chr-rom-precomputation.ts(280,16): error TS1011: An element access expression should take an argument.
sveltekit-frontend/src/lib/services/chr-rom-precomputation.ts(281,11): error TS1005: ':' expected.
sveltekit-frontend/src/lib/services/chr-rom-precomputation.ts(281,20): error TS1109: Expression expected.
sveltekit-frontend/src/lib/services/chr-rom-precomputation.ts(281,25): error TS1109: Expression expected.
sveltekit-frontend/src/lib/services/chr-rom-precomputation.ts(281,26): error TS1005: ':' expected.
sveltekit-frontend/src/lib/services/chr-rom-precomputation.ts(281,28): error TS1136: Property assignment expected.
sveltekit-frontend/src/lib/services/chr-rom-precomputation.ts(281,31): error TS1109: Expression expected.
sveltekit-frontend/src/lib/services/chr-rom-precomputation.ts(281,32): error TS1005: ':' expected.
sveltekit-frontend/src/lib/services/chr-rom-precomputation.ts(282,14): error TS1005: ',' expected.
sveltekit-frontend/src/lib/services/chr-rom-precomputation.ts(282,17): error TS1109: Expression expected.
sveltekit-frontend/src/lib/services/chr-rom-precomputation.ts(282,19): error TS1003: Identifier expected.
sveltekit-frontend/src/lib/services/chr-rom-precomputation.ts(282,20): error TS1138: Parameter declaration expected.
sveltekit-frontend/src/lib/services/chr-rom-precomputation.ts(282,21): error TS1138: Parameter declaration expected.
sveltekit-frontend/src/lib/services/chr-rom-precomputation.ts(282,25): error TS1005: ',' expected.
sveltekit-frontend/src/lib/services/chr-rom-precomputation.ts(282,36): error TS1005: ',' expected.
sveltekit-frontend/src/lib/services/chr-rom-precomputation.ts(282,45): error TS1005: ',' expected.
sveltekit-frontend/src/lib/services/chr-rom-precomputation.ts(282,49): error TS1005: ',' expected.
sveltekit-frontend/src/lib/services/chr-rom-precomputation.ts(282,51): error TS1136: Property assignment expected.
sveltekit-frontend/src/lib/services/chr-rom-precomputation.ts(282,58): error TS1005: ',' expected.
sveltekit-frontend/src/lib/services/chr-rom-precomputation.ts(282,60): error TS1136: Property assignment expected.
sveltekit-frontend/src/lib/services/chr-rom-precomputation.ts(282,61): error TS1109: Expression expected.
sveltekit-frontend/src/lib/services/chr-rom-precomputation.ts(283,7): error TS1109: Expression expected.
sveltekit-frontend/src/lib/services/chr-rom-precomputation.ts(286,53): error TS1005: ';' expected.
sveltekit-frontend/src/lib/services/chr-rom-precomputation.ts(287,9): error TS1128: Declaration or statement expected.
sveltekit-frontend/src/lib/services/chr-rom-precomputation.ts(288,7): error TS1128: Declaration or statement expected.
sveltekit-frontend/src/lib/services/chr-rom-precomputation.ts(291,3): error TS1128: Declaration or statement expected.
sveltekit-frontend/src/lib/services/chr-rom-precomputation.ts(295,3): error TS1434: Unexpected keyword or identifier.
sveltekit-frontend/src/lib/services/chr-rom-precomputation.ts(295,34): error TS1135: Argument expression expected.
sveltekit-frontend/src/lib/services/chr-rom-precomputation.ts(295,56): error TS1005: ',' expected.
sveltekit-frontend/src/lib/services/chr-rom-precomputation.ts(295,66): error TS1005: ';' expected.
sveltekit-frontend/src/lib/services/chr-rom-precomputation.ts(296,11): error TS1005: ':' expected.
sveltekit-frontend/src/lib/services/chr-rom-precomputation.ts(296,54): error TS1005: ',' expected.
sveltekit-frontend/src/lib/services/chr-rom-precomputation.ts(297,9): error TS1003: Identifier expected.
sveltekit-frontend/src/lib/services/chr-rom-precomputation.ts(302,5): error TS1005: ',' expected.
sveltekit-frontend/src/lib/services/chr-rom-precomputation.ts(302,11): error TS1005: ':' expected.
sveltekit-frontend/src/lib/services/chr-rom-precomputation.ts(303,5): error TS1005: ',' expected.
sveltekit-frontend/src/lib/services/chr-rom-precomputation.ts(303,9): error TS1005: ':' expected.
sveltekit-frontend/src/lib/services/chr-rom-precomputation.ts(304,13): error TS1005: ':' expected.
sveltekit-frontend/src/lib/services/chr-rom-precomputation.ts(304,52): error TS1005: ',' expected.
sveltekit-frontend/src/lib/services/chr-rom-precomputation.ts(306,13): error TS1005: ':' expected.
sveltekit-frontend/src/lib/services/chr-rom-precomputation.ts(306,63): error TS1005: ',' expected.
sveltekit-frontend/src/lib/services/chr-rom-precomputation.ts(307,13): error TS1005: ',' expected.
sveltekit-frontend/src/lib/services/chr-rom-precomputation.ts(307,36): error TS1005: ',' expected.
sveltekit-frontend/src/lib/services/chr-rom-precomputation.ts(310,7): error TS1136: Property assignment expected.
sveltekit-frontend/src/lib/services/chr-rom-precomputation.ts(310,9): error TS1005: ',' expected.
sveltekit-frontend/src/lib/services/chr-rom-precomputation.ts(310,10): error TS1136: Property assignment expected.
sveltekit-frontend/src/lib/services/chr-rom-precomputation.ts(311,14): error TS1005: ':' expected.
sveltekit-frontend/src/lib/services/chr-rom-precomputation.ts(311,22): error TS1005: ',' expected.
sveltekit-frontend/src/lib/services/chr-rom-precomputation.ts(312,7): error TS1005: ';' expected.
sveltekit-frontend/src/lib/services/chr-rom-precomputation.ts(316,3): error TS1128: Declaration or statement expected.
sveltekit-frontend/src/lib/services/chr-rom-precomputation.ts(320,10): error TS1109: Expression expected.
sveltekit-frontend/src/lib/services/chr-rom-precomputation.ts(321,13): error TS1003: Identifier expected.
sveltekit-frontend/src/lib/services/chr-rom-precomputation.ts(321,67): error TS1005: ',' expected.
sveltekit-frontend/src/lib/services/chr-rom-precomputation.ts(322,13): error TS1005: ',' expected.
sveltekit-frontend/src/lib/services/chr-rom-precomputation.ts(322,30): error TS1005: ',' expected.
sveltekit-frontend/src/lib/services/chr-rom-precomputation.ts(322,32): error TS1136: Property assignment expected.
sveltekit-frontend/src/lib/services/chr-rom-precomputation.ts(328,3): error TS1128: Declaration or statement expected.
sveltekit-frontend/src/lib/services/chr-rom-precomputation.ts(332,14): error TS1109: Expression expected.
sveltekit-frontend/src/lib/services/chr-rom-precomputation.ts(332,16): error TS1434: Unexpected keyword or identifier.
sveltekit-frontend/src/lib/services/chr-rom-precomputation.ts(337,5): error TS1135: Argument expression expected.
sveltekit-frontend/src/lib/services/chr-rom-precomputation.ts(339,1): error TS1128: Declaration or statement expected.
sveltekit-frontend/src/lib/services/client-server-sync.ts(18,1): error TS1128: Declaration or statement expected.
sveltekit-frontend/src/lib/services/compiler-feedback-loop.ts(98,36): error TS1109: Expression expected.
sveltekit-frontend/src/lib/services/compiler-feedback-loop.ts(99,22): error TS1109: Expression expected.
sveltekit-frontend/src/lib/services/compiler-feedback-loop.ts(123,49): error TS1109: Expression expected.
sveltekit-frontend/src/lib/services/compiler-feedback-loop.ts(124,32): error TS1109: Expression expected.
sveltekit-frontend/src/lib/services/compiler-feedback-loop.ts(132,41): error TS1109: Expression expected.
sveltekit-frontend/src/lib/services/compiler-feedback-loop.ts(133,12): error TS1109: Expression expected.
sveltekit-frontend/src/lib/services/compiler-feedback-loop.ts(141,45): error TS1005: ')' expected.
sveltekit-frontend/src/lib/services/compiler-feedback-loop.ts(157,49): error TS1136: Property assignment expected.
sveltekit-frontend/src/lib/services/compiler-feedback-loop.ts(213,57): error TS1005: ')' expected.
sveltekit-frontend/src/lib/services/compiler-feedback-loop.ts(222,9): error TS1005: ')' expected.
sveltekit-frontend/src/lib/services/compiler-feedback-loop.ts(232,152): error TS1005: ')' expected.
sveltekit-frontend/src/lib/services/compiler-feedback-loop.ts(233,5): error TS1128: Declaration or statement expected.
sveltekit-frontend/src/lib/services/compiler-feedback-loop.ts(233,6): error TS1128: Declaration or statement expected.
sveltekit-frontend/src/lib/services/compiler-feedback-loop.ts(258,37): error TS1109: Expression expected.
sveltekit-frontend/src/lib/services/compiler-feedback-loop.ts(259,26): error TS1109: Expression expected.
sveltekit-frontend/src/lib/services/compiler-feedback-loop.ts(271,7): error TS1128: Declaration or statement expected.
sveltekit-frontend/src/lib/services/compiler-feedback-loop.ts(272,7): error TS1128: Declaration or statement expected.
sveltekit-frontend/src/lib/services/compiler-feedback-loop.ts(278,7): error TS1136: Property assignment expected.
sveltekit-frontend/src/lib/services/compiler-feedback-loop.ts(278,9): error TS1472: 'catch' or 'finally' expected.
sveltekit-frontend/src/lib/services/compiler-feedback-loop.ts(279,45): error TS1136: Property assignment expected.
sveltekit-frontend/src/lib/services/compiler-feedback-loop.ts(283,9): error TS1005: ')' expected.
sveltekit-frontend/src/lib/services/compiler-feedback-loop.ts(292,3): error TS1128: Declaration or statement expected.
sveltekit-frontend/src/lib/services/compiler-feedback-loop.ts(292,11): error TS1434: Unexpected keyword or identifier.
sveltekit-frontend/src/lib/services/compiler-feedback-loop.ts(292,36): error TS1135: Argument expression expected.
sveltekit-frontend/src/lib/services/compiler-feedback-loop.ts(292,50): error TS1011: An element access expression should take an argument.
sveltekit-frontend/src/lib/services/compiler-feedback-loop.ts(292,65): error TS1005: ',' expected.
sveltekit-frontend/src/lib/services/compiler-feedback-loop.ts(292,71): error TS1109: Expression expected.
sveltekit-frontend/src/lib/services/compiler-feedback-loop.ts(292,72): error TS1109: Expression expected.
sveltekit-frontend/src/lib/services/compiler-feedback-loop.ts(292,74): error TS1005: ';' expected.
sveltekit-frontend/src/lib/services/compiler-feedback-loop.ts(293,11): error TS1005: ':' expected.
sveltekit-frontend/src/lib/services/compiler-feedback-loop.ts(300,2): error TS1005: ',' expected.
sveltekit-frontend/src/lib/services/compiler-feedback-loop.ts(301,9): error TS1005: ':' expected.
sveltekit-frontend/src/lib/services/compiler-feedback-loop.ts(303,13): error TS1005: ':' expected.
sveltekit-frontend/src/lib/services/compiler-feedback-loop.ts(308,7): error TS1136: Property assignment expected.
sveltekit-frontend/src/lib/services/compiler-feedback-loop.ts(308,9): error TS1005: ',' expected.
sveltekit-frontend/src/lib/services/compiler-feedback-loop.ts(308,10): error TS1136: Property assignment expected.
sveltekit-frontend/src/lib/services/compiler-feedback-loop.ts(310,13): error TS1005: ':' expected.
sveltekit-frontend/src/lib/services/compiler-feedback-loop.ts(310,88): error TS1005: ',' expected.
sveltekit-frontend/src/lib/services/compiler-feedback-loop.ts(311,14): error TS1005: ':' expected.
sveltekit-frontend/src/lib/services/compiler-feedback-loop.ts(328,7): error TS1005: ';' expected.
sveltekit-frontend/src/lib/services/compiler-feedback-loop.ts(343,3): error TS1128: Declaration or statement expected.
sveltekit-frontend/src/lib/services/compiler-feedback-loop.ts(344,3): error TS1128: Declaration or statement expected.
sveltekit-frontend/src/lib/services/compiler-feedback-loop.ts(344,40): error TS1135: Argument expression expected.
sveltekit-frontend/src/lib/services/compiler-feedback-loop.ts(344,46): error TS1005: ';' expected.
sveltekit-frontend/src/lib/services/compiler-feedback-loop.ts(344,48): error TS1434: Unexpected keyword or identifier.
sveltekit-frontend/src/lib/services/compiler-feedback-loop.ts(356,3): error TS1128: Declaration or statement expected.
sveltekit-frontend/src/lib/services/compiler-feedback-loop.ts(356,47): error TS1135: Argument expression expected.
sveltekit-frontend/src/lib/services/compiler-feedback-loop.ts(356,53): error TS1005: ';' expected.
sveltekit-frontend/src/lib/services/compiler-feedback-loop.ts(356,55): error TS1434: Unexpected keyword or identifier.
sveltekit-frontend/src/lib/services/compiler-feedback-loop.ts(368,3): error TS1128: Declaration or statement expected.
sveltekit-frontend/src/lib/services/compiler-feedback-loop.ts(368,31): error TS1135: Argument expression expected.
sveltekit-frontend/src/lib/services/compiler-feedback-loop.ts(368,45): error TS1011: An element access expression should take an argument.
sveltekit-frontend/src/lib/services/compiler-feedback-loop.ts(368,47): error TS1005: ';' expected.
sveltekit-frontend/src/lib/services/compiler-feedback-loop.ts(368,76): error TS1005: ';' expected.
sveltekit-frontend/src/lib/services/compiler-feedback-loop.ts(375,3): error TS1128: Declaration or statement expected.
sveltekit-frontend/src/lib/services/compiler-feedback-loop.ts(375,32): error TS1135: Argument expression expected.
sveltekit-frontend/src/lib/services/compiler-feedback-loop.ts(375,46): error TS1011: An element access expression should take an argument.
sveltekit-frontend/src/lib/services/compiler-feedback-loop.ts(375,48): error TS1005: ';' expected.
sveltekit-frontend/src/lib/services/compiler-feedback-loop.ts(375,103): error TS1005: ';' expected.
sveltekit-frontend/src/lib/services/compiler-feedback-loop.ts(384,3): error TS1128: Declaration or statement expected.
sveltekit-frontend/src/lib/services/compiler-feedback-loop.ts(384,41): error TS1135: Argument expression expected.
sveltekit-frontend/src/lib/services/compiler-feedback-loop.ts(384,55): error TS1011: An element access expression should take an argument.
sveltekit-frontend/src/lib/services/compiler-feedback-loop.ts(384,57): error TS1005: ';' expected.
sveltekit-frontend/src/lib/services/compiler-feedback-loop.ts(384,59): error TS1434: Unexpected keyword or identifier.
sveltekit-frontend/src/lib/services/compiler-feedback-loop.ts(390,75): error TS1109: Expression expected.
sveltekit-frontend/src/lib/services/compiler-feedback-loop.ts(391,9): error TS1109: Expression expected.
sveltekit-frontend/src/lib/services/compiler-feedback-loop.ts(401,44): error TS1136: Property assignment expected.
sveltekit-frontend/src/lib/services/compiler-feedback-loop.ts(406,5): error TS1135: Argument expression expected.
sveltekit-frontend/src/lib/services/compiler-feedback-loop.ts(411,3): error TS1128: Declaration or statement expected.
sveltekit-frontend/src/lib/services/compiler-feedback-loop.ts(411,11): error TS1434: Unexpected keyword or identifier.
sveltekit-frontend/src/lib/services/compiler-feedback-loop.ts(411,37): error TS1109: Expression expected.
sveltekit-frontend/src/lib/services/compiler-feedback-loop.ts(411,51): error TS1109: Expression expected.
sveltekit-frontend/src/lib/services/compiler-feedback-loop.ts(412,13): error TS1005: ',' expected.
sveltekit-frontend/src/lib/services/compiler-feedback-loop.ts(412,48): error TS1005: ',' expected.
sveltekit-frontend/src/lib/services/compiler-feedback-loop.ts(412,57): error TS1005: ',' expected.
sveltekit-frontend/src/lib/services/compiler-feedback-loop.ts(413,9): error TS1005: ':' expected.
sveltekit-frontend/src/lib/services/compiler-feedback-loop.ts(413,33): error TS1005: ',' expected.
sveltekit-frontend/src/lib/services/compiler-feedback-loop.ts(414,16): error TS1005: ',' expected.
sveltekit-frontend/src/lib/services/compiler-feedback-loop.ts(414,56): error TS1005: ',' expected.
sveltekit-frontend/src/lib/services/compiler-feedback-loop.ts(414,58): error TS1136: Property assignment expected.
sveltekit-frontend/src/lib/services/compiler-feedback-loop.ts(420,66): error TS1005: ')' expected.
sveltekit-frontend/src/lib/services/compiler-feedback-loop.ts(423,3): error TS1128: Declaration or statement expected.
sveltekit-frontend/src/lib/services/compiler-feedback-loop.ts(427,3): error TS1128: Declaration or statement expected.
sveltekit-frontend/src/lib/services/compiler-feedback-loop.ts(427,36): error TS1109: Expression expected.
sveltekit-frontend/src/lib/services/compiler-feedback-loop.ts(428,9): error TS1003: Identifier expected.
sveltekit-frontend/src/lib/services/compiler-feedback-loop.ts(428,14): error TS1005: ',' expected.
sveltekit-frontend/src/lib/services/compiler-feedback-loop.ts(428,24): error TS1005: ',' expected.
sveltekit-frontend/src/lib/services/compiler-feedback-loop.ts(428,33): error TS1005: ',' expected.
sveltekit-frontend/src/lib/services/compiler-feedback-loop.ts(429,11): error TS1005: ':' expected.
sveltekit-frontend/src/lib/services/compiler-feedback-loop.ts(429,49): error TS1109: Expression expected.
sveltekit-frontend/src/lib/services/compiler-feedback-loop.ts(429,51): error TS1005: ':' expected.
sveltekit-frontend/src/lib/services/compiler-feedback-loop.ts(432,17): error TS1136: Property assignment expected.
sveltekit-frontend/src/lib/services/compiler-feedback-loop.ts(433,14): error TS1137: Expression or comma expected.
sveltekit-frontend/src/lib/services/compiler-feedback-loop.ts(434,21): error TS1137: Expression or comma expected.
sveltekit-frontend/src/lib/services/compiler-feedback-loop.ts(435,17): error TS1137: Expression or comma expected.
sveltekit-frontend/src/lib/services/compiler-feedback-loop.ts(436,19): error TS1137: Expression or comma expected.
sveltekit-frontend/src/lib/services/compiler-feedback-loop.ts(437,16): error TS1137: Expression or comma expected.
sveltekit-frontend/src/lib/services/compiler-feedback-loop.ts(438,16): error TS1137: Expression or comma expected.
sveltekit-frontend/src/lib/services/compiler-feedback-loop.ts(439,16): error TS1137: Expression or comma expected.
sveltekit-frontend/src/lib/services/compiler-feedback-loop.ts(440,20): error TS1137: Expression or comma expected.
sveltekit-frontend/src/lib/services/compiler-feedback-loop.ts(445,9): error TS1005: ',' expected.
sveltekit-frontend/src/lib/services/compiler-feedback-loop.ts(455,17): error TS1136: Property assignment expected.
sveltekit-frontend/src/lib/services/compiler-feedback-loop.ts(456,14): error TS1137: Expression or comma expected.
sveltekit-frontend/src/lib/services/compiler-feedback-loop.ts(457,21): error TS1137: Expression or comma expected.
sveltekit-frontend/src/lib/services/compiler-feedback-loop.ts(458,17): error TS1137: Expression or comma expected.
sveltekit-frontend/src/lib/services/compiler-feedback-loop.ts(459,19): error TS1137: Expression or comma expected.
sveltekit-frontend/src/lib/services/compiler-feedback-loop.ts(460,16): error TS1137: Expression or comma expected.
sveltekit-frontend/src/lib/services/compiler-feedback-loop.ts(461,16): error TS1137: Expression or comma expected.
sveltekit-frontend/src/lib/services/compiler-feedback-loop.ts(462,16): error TS1137: Expression or comma expected.
sveltekit-frontend/src/lib/services/compiler-feedback-loop.ts(463,20): error TS1137: Expression or comma expected.
sveltekit-frontend/src/lib/services/compiler-feedback-loop.ts(468,9): error TS1005: ',' expected.
sveltekit-frontend/src/lib/services/compiler-feedback-loop.ts(468,11): error TS1109: Expression expected.
sveltekit-frontend/src/lib/services/compiler-feedback-loop.ts(468,12): error TS1128: Declaration or statement expected.
sveltekit-frontend/src/lib/services/compiler-feedback-loop.ts(471,23): error TS1109: Expression expected.
sveltekit-frontend/src/lib/services/compiler-feedback-loop.ts(472,22): error TS1109: Expression expected.
sveltekit-frontend/src/lib/services/compiler-feedback-loop.ts(473,24): error TS1109: Expression expected.
sveltekit-frontend/src/lib/services/compiler-feedback-loop.ts(475,7): error TS1128: Declaration or statement expected.
sveltekit-frontend/src/lib/services/compiler-feedback-loop.ts(476,5): error TS1128: Declaration or statement expected.
sveltekit-frontend/src/lib/services/compiler-feedback-loop.ts(483,44): error TS1109: Expression expected.
sveltekit-frontend/src/lib/services/compiler-feedback-loop.ts(484,9): error TS1109: Expression expected.
sveltekit-frontend/src/lib/services/compiler-feedback-loop.ts(496,3): error TS1128: Declaration or statement expected.
sveltekit-frontend/src/lib/services/compiler-feedback-loop.ts(500,19): error TS1135: Argument expression expected.
sveltekit-frontend/src/lib/services/compiler-feedback-loop.ts(500,35): error TS1005: ';' expected.
sveltekit-frontend/src/lib/services/compiler-feedback-loop.ts(501,9): error TS1005: ':' expected.
sveltekit-frontend/src/lib/services/compiler-feedback-loop.ts(501,32): error TS1005: ',' expected.
sveltekit-frontend/src/lib/services/compiler-feedback-loop.ts(507,12): error TS1005: ':' expected.
sveltekit-frontend/src/lib/services/compiler-feedback-loop.ts(514,1): error TS1128: Declaration or statement expected.
sveltekit-frontend/src/lib/services/complete-gpu-error-pipeline.ts(4,1): error TS1128: Declaration or statement expected.
sveltekit-frontend/src/lib/services/complete-gpu-error-pipeline.ts(68,24): error TS1137: Expression or comma expected.
sveltekit-frontend/src/lib/services/complete-gpu-error-pipeline.ts(72,5): error TS1128: Declaration or statement expected.
sveltekit-frontend/src/lib/services/complete-gpu-error-pipeline.ts(72,6): error TS1128: Declaration or statement expected.
sveltekit-frontend/src/lib/services/complete-gpu-error-pipeline.ts(85,7): error TS1136: Property assignment expected.
sveltekit-frontend/src/lib/services/complete-gpu-error-pipeline.ts(85,9): error TS1472: 'catch' or 'finally' expected.
sveltekit-frontend/src/lib/services/complete-gpu-error-pipeline.ts(99,5): error TS1434: Unexpected keyword or identifier.
sveltekit-frontend/src/lib/services/complete-gpu-error-pipeline.ts(99,12): error TS1068: Unexpected token. A constructor, method, accessor, or property was expected.
sveltekit-frontend/src/lib/services/complete-gpu-error-pipeline.ts(99,17): error TS1003: Identifier expected.
sveltekit-frontend/src/lib/services/complete-gpu-error-pipeline.ts(101,3): error TS1128: Declaration or statement expected.
sveltekit-frontend/src/lib/services/complete-gpu-error-pipeline.ts(101,11): error TS1434: Unexpected keyword or identifier.
sveltekit-frontend/src/lib/services/complete-gpu-error-pipeline.ts(101,38): error TS1109: Expression expected.
sveltekit-frontend/src/lib/services/complete-gpu-error-pipeline.ts(101,52): error TS1109: Expression expected.
sveltekit-frontend/src/lib/services/complete-gpu-error-pipeline.ts(102,9): error TS1005: ':' expected.
sveltekit-frontend/src/lib/services/complete-gpu-error-pipeline.ts(102,38): error TS1005: ',' expected.
sveltekit-frontend/src/lib/services/complete-gpu-error-pipeline.ts(103,9): error TS1005: ':' expected.
sveltekit-frontend/src/lib/services/complete-gpu-error-pipeline.ts(103,33): error TS1005: ':' expected.
sveltekit-frontend/src/lib/services/complete-gpu-error-pipeline.ts(104,9): error TS1005: ':' expected.
sveltekit-frontend/src/lib/services/complete-gpu-error-pipeline.ts(104,75): error TS1005: ',' expected.
sveltekit-frontend/src/lib/services/complete-gpu-error-pipeline.ts(105,13): error TS1003: Identifier expected.
sveltekit-frontend/src/lib/services/complete-gpu-error-pipeline.ts(105,51): error TS1005: ',' expected.
sveltekit-frontend/src/lib/services/complete-gpu-error-pipeline.ts(106,9): error TS1005: ':' expected.
sveltekit-frontend/src/lib/services/complete-gpu-error-pipeline.ts(107,13): error TS1005: ':' expected.
sveltekit-frontend/src/lib/services/complete-gpu-error-pipeline.ts(107,77): error TS1005: ',' expected.
sveltekit-frontend/src/lib/services/complete-gpu-error-pipeline.ts(108,13): error TS1005: ',' expected.
sveltekit-frontend/src/lib/services/complete-gpu-error-pipeline.ts(108,30): error TS1005: ',' expected.
sveltekit-frontend/src/lib/services/complete-gpu-error-pipeline.ts(108,65): error TS1005: ',' expected.
sveltekit-frontend/src/lib/services/complete-gpu-error-pipeline.ts(109,15): error TS1003: Identifier expected.
sveltekit-frontend/src/lib/services/complete-gpu-error-pipeline.ts(109,86): error TS1005: ',' expected.
sveltekit-frontend/src/lib/services/complete-gpu-error-pipeline.ts(110,7): error TS1005: ',' expected.
sveltekit-frontend/src/lib/services/complete-gpu-error-pipeline.ts(113,5): error TS1005: ',' expected.
sveltekit-frontend/src/lib/services/complete-gpu-error-pipeline.ts(113,13): error TS1003: Identifier expected.
sveltekit-frontend/src/lib/services/complete-gpu-error-pipeline.ts(113,64): error TS1005: ',' expected.
sveltekit-frontend/src/lib/services/complete-gpu-error-pipeline.ts(115,3): error TS1128: Declaration or statement expected.
sveltekit-frontend/src/lib/services/complete-gpu-error-pipeline.ts(115,11): error TS1434: Unexpected keyword or identifier.
sveltekit-frontend/src/lib/services/complete-gpu-error-pipeline.ts(115,41): error TS1109: Expression expected.
sveltekit-frontend/src/lib/services/complete-gpu-error-pipeline.ts(115,55): error TS1109: Expression expected.
sveltekit-frontend/src/lib/services/complete-gpu-error-pipeline.ts(116,9): error TS1005: ':' expected.
sveltekit-frontend/src/lib/services/complete-gpu-error-pipeline.ts(116,40): error TS1005: ',' expected.
sveltekit-frontend/src/lib/services/complete-gpu-error-pipeline.ts(117,9): error TS1005: ':' expected.
sveltekit-frontend/src/lib/services/complete-gpu-error-pipeline.ts(117,33): error TS1005: ':' expected.
sveltekit-frontend/src/lib/services/complete-gpu-error-pipeline.ts(118,9): error TS1005: ':' expected.
sveltekit-frontend/src/lib/services/complete-gpu-error-pipeline.ts(118,78): error TS1005: ',' expected.
sveltekit-frontend/src/lib/services/complete-gpu-error-pipeline.ts(119,13): error TS1003: Identifier expected.
sveltekit-frontend/src/lib/services/complete-gpu-error-pipeline.ts(119,70): error TS1005: ',' expected.
sveltekit-frontend/src/lib/services/complete-gpu-error-pipeline.ts(120,9): error TS1005: ':' expected.
sveltekit-frontend/src/lib/services/complete-gpu-error-pipeline.ts(121,13): error TS1005: ':' expected.
sveltekit-frontend/src/lib/services/complete-gpu-error-pipeline.ts(121,71): error TS1005: ',' expected.
sveltekit-frontend/src/lib/services/complete-gpu-error-pipeline.ts(122,11): error TS1005: ':' expected.
sveltekit-frontend/src/lib/services/complete-gpu-error-pipeline.ts(122,100): error TS1005: ',' expected.
sveltekit-frontend/src/lib/services/complete-gpu-error-pipeline.ts(123,11): error TS1005: ':' expected.
sveltekit-frontend/src/lib/services/complete-gpu-error-pipeline.ts(123,116): error TS1005: ',' expected.
sveltekit-frontend/src/lib/services/complete-gpu-error-pipeline.ts(124,11): error TS1005: ':' expected.
sveltekit-frontend/src/lib/services/complete-gpu-error-pipeline.ts(124,117): error TS1005: ',' expected.
sveltekit-frontend/src/lib/services/complete-gpu-error-pipeline.ts(125,11): error TS1005: ':' expected.
sveltekit-frontend/src/lib/services/complete-gpu-error-pipeline.ts(125,126): error TS1005: ',' expected.
sveltekit-frontend/src/lib/services/complete-gpu-error-pipeline.ts(126,11): error TS1005: ':' expected.
sveltekit-frontend/src/lib/services/complete-gpu-error-pipeline.ts(126,130): error TS1005: ',' expected.
sveltekit-frontend/src/lib/services/complete-gpu-error-pipeline.ts(127,15): error TS1003: Identifier expected.
sveltekit-frontend/src/lib/services/complete-gpu-error-pipeline.ts(127,101): error TS1005: ',' expected.
sveltekit-frontend/src/lib/services/complete-gpu-error-pipeline.ts(128,7): error TS1005: ',' expected.
sveltekit-frontend/src/lib/services/complete-gpu-error-pipeline.ts(132,5): error TS1005: ',' expected.
sveltekit-frontend/src/lib/services/complete-gpu-error-pipeline.ts(132,13): error TS1003: Identifier expected.
sveltekit-frontend/src/lib/services/complete-gpu-error-pipeline.ts(132,64): error TS1005: ',' expected.
sveltekit-frontend/src/lib/services/complete-gpu-error-pipeline.ts(134,3): error TS1128: Declaration or statement expected.
sveltekit-frontend/src/lib/services/complete-gpu-error-pipeline.ts(134,11): error TS1434: Unexpected keyword or identifier.
sveltekit-frontend/src/lib/services/complete-gpu-error-pipeline.ts(134,37): error TS1109: Expression expected.
sveltekit-frontend/src/lib/services/complete-gpu-error-pipeline.ts(134,51): error TS1109: Expression expected.
sveltekit-frontend/src/lib/services/complete-gpu-error-pipeline.ts(135,9): error TS1005: ':' expected.
sveltekit-frontend/src/lib/services/complete-gpu-error-pipeline.ts(135,38): error TS1005: ',' expected.
sveltekit-frontend/src/lib/services/complete-gpu-error-pipeline.ts(136,9): error TS1005: ':' expected.
sveltekit-frontend/src/lib/services/complete-gpu-error-pipeline.ts(136,33): error TS1005: ':' expected.
sveltekit-frontend/src/lib/services/complete-gpu-error-pipeline.ts(137,9): error TS1005: ':' expected.
sveltekit-frontend/src/lib/services/complete-gpu-error-pipeline.ts(137,60): error TS1005: ',' expected.
sveltekit-frontend/src/lib/services/complete-gpu-error-pipeline.ts(138,13): error TS1003: Identifier expected.
sveltekit-frontend/src/lib/services/complete-gpu-error-pipeline.ts(138,50): error TS1005: ',' expected.
sveltekit-frontend/src/lib/services/complete-gpu-error-pipeline.ts(139,9): error TS1005: ':' expected.
sveltekit-frontend/src/lib/services/complete-gpu-error-pipeline.ts(140,13): error TS1005: ':' expected.
sveltekit-frontend/src/lib/services/complete-gpu-error-pipeline.ts(140,85): error TS1005: ',' expected.
sveltekit-frontend/src/lib/services/complete-gpu-error-pipeline.ts(141,15): error TS1003: Identifier expected.
sveltekit-frontend/src/lib/services/complete-gpu-error-pipeline.ts(141,81): error TS1005: ',' expected.
sveltekit-frontend/src/lib/services/complete-gpu-error-pipeline.ts(142,15): error TS1003: Identifier expected.
sveltekit-frontend/src/lib/services/complete-gpu-error-pipeline.ts(142,90): error TS1005: ',' expected.
sveltekit-frontend/src/lib/services/complete-gpu-error-pipeline.ts(143,7): error TS1005: ',' expected.
sveltekit-frontend/src/lib/services/complete-gpu-error-pipeline.ts(146,5): error TS1005: ',' expected.
sveltekit-frontend/src/lib/services/complete-gpu-error-pipeline.ts(146,13): error TS1003: Identifier expected.
sveltekit-frontend/src/lib/services/complete-gpu-error-pipeline.ts(146,54): error TS1005: ',' expected.
sveltekit-frontend/src/lib/services/complete-gpu-error-pipeline.ts(148,3): error TS1128: Declaration or statement expected.
sveltekit-frontend/src/lib/services/complete-gpu-error-pipeline.ts(148,29): error TS1109: Expression expected.
sveltekit-frontend/src/lib/services/complete-gpu-error-pipeline.ts(149,9): error TS1005: ':' expected.
sveltekit-frontend/src/lib/services/complete-gpu-error-pipeline.ts(149,39): error TS1005: ',' expected.
sveltekit-frontend/src/lib/services/complete-gpu-error-pipeline.ts(150,9): error TS1005: ':' expected.
sveltekit-frontend/src/lib/services/complete-gpu-error-pipeline.ts(150,34): error TS1005: ':' expected.
sveltekit-frontend/src/lib/services/complete-gpu-error-pipeline.ts(151,9): error TS1005: ':' expected.
sveltekit-frontend/src/lib/services/complete-gpu-error-pipeline.ts(151,67): error TS1005: ',' expected.
sveltekit-frontend/src/lib/services/complete-gpu-error-pipeline.ts(152,9): error TS1005: ':' expected.
sveltekit-frontend/src/lib/services/complete-gpu-error-pipeline.ts(152,99): error TS1005: ',' expected.
sveltekit-frontend/src/lib/services/complete-gpu-error-pipeline.ts(153,13): error TS1003: Identifier expected.
sveltekit-frontend/src/lib/services/complete-gpu-error-pipeline.ts(153,52): error TS1005: ',' expected.
sveltekit-frontend/src/lib/services/complete-gpu-error-pipeline.ts(154,13): error TS1003: Identifier expected.
sveltekit-frontend/src/lib/services/complete-gpu-error-pipeline.ts(154,38): error TS1005: ',' expected.
sveltekit-frontend/src/lib/services/complete-gpu-error-pipeline.ts(155,13): error TS1003: Identifier expected.
sveltekit-frontend/src/lib/services/complete-gpu-error-pipeline.ts(155,69): error TS1005: ',' expected.
sveltekit-frontend/src/lib/services/complete-gpu-error-pipeline.ts(156,13): error TS1003: Identifier expected.
sveltekit-frontend/src/lib/services/complete-gpu-error-pipeline.ts(156,75): error TS1005: ',' expected.
sveltekit-frontend/src/lib/services/complete-gpu-error-pipeline.ts(157,13): error TS1003: Identifier expected.
sveltekit-frontend/src/lib/services/complete-gpu-error-pipeline.ts(157,70): error TS1005: ',' expected.
sveltekit-frontend/src/lib/services/complete-gpu-error-pipeline.ts(158,13): error TS1003: Identifier expected.
sveltekit-frontend/src/lib/services/complete-gpu-error-pipeline.ts(158,108): error TS1005: ',' expected.
sveltekit-frontend/src/lib/services/complete-gpu-error-pipeline.ts(159,13): error TS1003: Identifier expected.
sveltekit-frontend/src/lib/services/complete-gpu-error-pipeline.ts(159,88): error TS1005: ',' expected.
sveltekit-frontend/src/lib/services/complete-gpu-error-pipeline.ts(160,13): error TS1003: Identifier expected.
sveltekit-frontend/src/lib/services/complete-gpu-error-pipeline.ts(160,98): error TS1005: ',' expected.
sveltekit-frontend/src/lib/services/complete-gpu-error-pipeline.ts(162,3): error TS1128: Declaration or statement expected.
sveltekit-frontend/src/lib/services/complete-gpu-error-pipeline.ts(162,40): error TS1135: Argument expression expected.
sveltekit-frontend/src/lib/services/complete-gpu-error-pipeline.ts(162,49): error TS1005: ';' expected.
sveltekit-frontend/src/lib/services/complete-gpu-error-pipeline.ts(162,59): error TS1109: Expression expected.
sveltekit-frontend/src/lib/services/complete-gpu-error-pipeline.ts(162,60): error TS1109: Expression expected.
sveltekit-frontend/src/lib/services/complete-gpu-error-pipeline.ts(162,62): error TS1005: ';' expected.
sveltekit-frontend/src/lib/services/complete-gpu-error-pipeline.ts(163,57): error TS1109: Expression expected.
sveltekit-frontend/src/lib/services/complete-gpu-error-pipeline.ts(177,3): error TS1128: Declaration or statement expected.
sveltekit-frontend/src/lib/services/complete-gpu-error-pipeline.ts(177,36): error TS1135: Argument expression expected.
sveltekit-frontend/src/lib/services/complete-gpu-error-pipeline.ts(177,45): error TS1005: ';' expected.
sveltekit-frontend/src/lib/services/complete-gpu-error-pipeline.ts(177,55): error TS1109: Expression expected.
sveltekit-frontend/src/lib/services/complete-gpu-error-pipeline.ts(177,56): error TS1109: Expression expected.
sveltekit-frontend/src/lib/services/complete-gpu-error-pipeline.ts(177,58): error TS1005: ';' expected.
sveltekit-frontend/src/lib/services/complete-gpu-error-pipeline.ts(195,23): error TS1109: Expression expected.
sveltekit-frontend/src/lib/services/complete-gpu-error-pipeline.ts(195,25): error TS1434: Unexpected keyword or identifier.
sveltekit-frontend/src/lib/services/complete-gpu-error-pipeline.ts(198,3): error TS1434: Unexpected keyword or identifier.
sveltekit-frontend/src/lib/services/complete-gpu-error-pipeline.ts(198,32): error TS1109: Expression expected.
sveltekit-frontend/src/lib/services/complete-gpu-error-pipeline.ts(199,11): error TS1005: ':' expected.
sveltekit-frontend/src/lib/services/complete-gpu-error-pipeline.ts(199,74): error TS1005: ',' expected.
sveltekit-frontend/src/lib/services/complete-gpu-error-pipeline.ts(200,11): error TS1005: ':' expected.
sveltekit-frontend/src/lib/services/complete-gpu-error-pipeline.ts(200,62): error TS1005: ',' expected.
sveltekit-frontend/src/lib/services/complete-gpu-error-pipeline.ts(201,11): error TS1005: ':' expected.
sveltekit-frontend/src/lib/services/complete-gpu-error-pipeline.ts(201,89): error TS1005: ',' expected.
sveltekit-frontend/src/lib/services/complete-gpu-error-pipeline.ts(202,12): error TS1005: ':' expected.
sveltekit-frontend/src/lib/services/complete-gpu-error-pipeline.ts(235,2): error TS1005: ',' expected.
sveltekit-frontend/src/lib/services/complete-gpu-error-pipeline.ts(237,1): error TS1128: Declaration or statement expected.
sveltekit-frontend/src/lib/services/comprehensive-missing-imports-orchestrator.ts(331,5): error TS1005: '}' expected.
sveltekit-frontend/src/lib/services/concurrency-orchestrator.ts(23,1): error TS1128: Declaration or statement expected.
sveltekit-frontend/src/lib/services/concurrency-orchestrator.ts(32,1): error TS1128: Declaration or statement expected.
sveltekit-frontend/src/lib/services/concurrency-orchestrator.ts(149,26): error TS1137: Expression or comma expected.
sveltekit-frontend/src/lib/services/concurrency-orchestrator.ts(154,7): error TS1128: Declaration or statement expected.
sveltekit-frontend/src/lib/services/concurrency-orchestrator.ts(154,8): error TS1128: Declaration or statement expected.
sveltekit-frontend/src/lib/services/concurrency-orchestrator.ts(158,8): error TS1005: ';' expected.
sveltekit-frontend/src/lib/services/concurrency-orchestrator.ts(159,5): error TS1128: Declaration or statement expected.
sveltekit-frontend/src/lib/services/concurrency-orchestrator.ts(159,6): error TS1128: Declaration or statement expected.
sveltekit-frontend/src/lib/services/concurrency-orchestrator.ts(159,7): error TS1128: Declaration or statement expected.
sveltekit-frontend/src/lib/services/concurrency-orchestrator.ts(161,41): error TS1005: ',' expected.
sveltekit-frontend/src/lib/services/concurrency-orchestrator.ts(162,44): error TS1005: ',' expected.
sveltekit-frontend/src/lib/services/concurrency-orchestrator.ts(165,70): error TS1005: ',' expected.
sveltekit-frontend/src/lib/services/concurrency-orchestrator.ts(167,7): error TS1128: Declaration or statement expected.
sveltekit-frontend/src/lib/services/concurrency-orchestrator.ts(167,8): error TS1128: Declaration or statement expected.
sveltekit-frontend/src/lib/services/concurrency-orchestrator.ts(169,81): error TS1005: ')' expected.
sveltekit-frontend/src/lib/services/concurrency-orchestrator.ts(175,117): error TS1005: ';' expected.
sveltekit-frontend/src/lib/services/concurrency-orchestrator.ts(175,118): error TS1005: ')' expected.
sveltekit-frontend/src/lib/services/concurrency-orchestrator.ts(175,128): error TS1109: Expression expected.
sveltekit-frontend/src/lib/services/concurrency-orchestrator.ts(175,135): error TS1128: Declaration or statement expected.
sveltekit-frontend/src/lib/services/concurrency-orchestrator.ts(175,143): error TS1005: ';' expected.
sveltekit-frontend/src/lib/services/concurrency-orchestrator.ts(176,9): error TS1128: Declaration or statement expected.
sveltekit-frontend/src/lib/services/concurrency-orchestrator.ts(176,11): error TS1128: Declaration or statement expected.
sveltekit-frontend/src/lib/services/concurrency-orchestrator.ts(179,27): error TS1005: ',' expected.
sveltekit-frontend/src/lib/services/concurrency-orchestrator.ts(180,113): error TS1005: ';' expected.
sveltekit-frontend/src/lib/services/concurrency-orchestrator.ts(180,114): error TS1005: ',' expected.
sveltekit-frontend/src/lib/services/concurrency-orchestrator.ts(181,22): error TS1109: Expression expected.
sveltekit-frontend/src/lib/services/concurrency-orchestrator.ts(182,22): error TS1109: Expression expected.
sveltekit-frontend/src/lib/services/concurrency-orchestrator.ts(183,12): error TS1128: Declaration or statement expected.
sveltekit-frontend/src/lib/services/concurrency-orchestrator.ts(184,9): error TS1128: Declaration or statement expected.
sveltekit-frontend/src/lib/services/concurrency-orchestrator.ts(185,7): error TS1128: Declaration or statement expected.
sveltekit-frontend/src/lib/services/concurrency-orchestrator.ts(185,8): error TS1128: Declaration or statement expected.
sveltekit-frontend/src/lib/services/concurrency-orchestrator.ts(196,5): error TS1128: Declaration or statement expected.
sveltekit-frontend/src/lib/services/concurrency-orchestrator.ts(196,6): error TS1128: Declaration or statement expected.
sveltekit-frontend/src/lib/services/concurrency-orchestrator.ts(197,3): error TS1128: Declaration or statement expected.
sveltekit-frontend/src/lib/services/concurrency-orchestrator.ts(198,1): error TS1128: Declaration or statement expected.
sveltekit-frontend/src/lib/services/concurrency-orchestrator.ts(198,2): error TS1128: Declaration or statement expected.
sveltekit-frontend/src/lib/services/concurrency-orchestrator.ts(204,48): error TS1005: '>' expected.
sveltekit-frontend/src/lib/services/concurrency-orchestrator.ts(273,49): error TS1128: Declaration or statement expected.
sveltekit-frontend/src/lib/services/concurrency-orchestrator.ts(292,68): error TS1109: Expression expected.
sveltekit-frontend/src/lib/services/concurrency-orchestrator.ts(293,5): error TS1109: Expression expected.
sveltekit-frontend/src/lib/services/concurrency-orchestrator.ts(293,69): error TS1109: Expression expected.
sveltekit-frontend/src/lib/services/concurrency-orchestrator.ts(294,5): error TS1109: Expression expected.
sveltekit-frontend/src/lib/services/concurrency-orchestrator.ts(313,70): error TS1128: Declaration or statement expected.
sveltekit-frontend/src/lib/services/concurrency-orchestrator.ts(350,19): error TS1005: ',' expected.
sveltekit-frontend/src/lib/services/concurrency-orchestrator.ts(377,38): error TS1136: Property assignment expected.
sveltekit-frontend/src/lib/services/concurrency-orchestrator.ts(378,106): error TS1005: ';' expected.
sveltekit-frontend/src/lib/services/concurrency-orchestrator.ts(378,107): error TS1005: ',' expected.
sveltekit-frontend/src/lib/services/concurrency-orchestrator.ts(379,13): error TS1135: Argument expression expected.
sveltekit-frontend/src/lib/services/concurrency-orchestrator.ts(380,15): error TS1135: Argument expression expected.
sveltekit-frontend/src/lib/services/concurrency-orchestrator.ts(381,5): error TS1005: ',' expected.
sveltekit-frontend/src/lib/services/concurrency-orchestrator.ts(381,6): error TS1005: ';' expected.
sveltekit-frontend/src/lib/services/concurrency-orchestrator.ts(381,7): error TS1128: Declaration or statement expected.
sveltekit-frontend/src/lib/services/concurrency-orchestrator.ts(381,8): error TS1128: Declaration or statement expected.
sveltekit-frontend/src/lib/services/concurrency-orchestrator.ts(383,16): error TS1109: Expression expected.
sveltekit-frontend/src/lib/services/concurrency-orchestrator.ts(385,1): error TS1128: Declaration or statement expected.
sveltekit-frontend/src/lib/services/concurrency-orchestrator.ts(423,3): error TS1136: Property assignment expected.
sveltekit-frontend/src/lib/services/concurrency-orchestrator.ts(423,5): error TS1128: Declaration or statement expected.
sveltekit-frontend/src/lib/services/concurrency-orchestrator.ts(424,1): error TS1128: Declaration or statement expected.
sveltekit-frontend/src/lib/services/concurrency-orchestrator.ts(431,18): error TS1005: ',' expected.
sveltekit-frontend/src/lib/services/concurrency-orchestrator.ts(474,66): error TS1128: Declaration or statement expected.
sveltekit-frontend/src/lib/services/concurrency-orchestrator.ts(493,16): error TS1011: An element access expression should take an argument.
sveltekit-frontend/src/lib/services/concurrency-orchestrator.ts(495,1): error TS1128: Declaration or statement expected.
sveltekit-frontend/src/lib/services/concurrency-orchestrator.ts(495,2): error TS1128: Declaration or statement expected.
sveltekit-frontend/src/lib/services/concurrency-orchestrator.ts(496,10): error TS1005: ':' expected.
sveltekit-frontend/src/lib/services/concurrency-orchestrator.ts(496,75): error TS1005: ',' expected.
sveltekit-frontend/src/lib/services/concurrency-orchestrator.ts(500,11): error TS1109: Expression expected.
sveltekit-frontend/src/lib/services/concurrency-orchestrator.ts(501,1): error TS1128: Declaration or statement expected.
sveltekit-frontend/src/lib/services/concurrency-orchestrator.ts(501,2): error TS1128: Declaration or statement expected.
sveltekit-frontend/src/lib/services/concurrency-orchestrator.ts(502,10): error TS1005: ':' expected.
sveltekit-frontend/src/lib/services/concurrency-orchestrator.ts(502,63): error TS1005: ',' expected.
sveltekit-frontend/src/lib/services/concurrency-orchestrator.ts(507,1): error TS1128: Declaration or statement expected.
sveltekit-frontend/src/lib/services/concurrency-orchestrator.ts(507,2): error TS1128: Declaration or statement expected.
sveltekit-frontend/src/lib/services/concurrency-orchestrator.ts(508,10): error TS1005: ':' expected.
sveltekit-frontend/src/lib/services/concurrency-orchestrator.ts(508,76): error TS1005: ',' expected.
sveltekit-frontend/src/lib/services/concurrent-indexeddb-search.ts(2,1): error TS1128: Declaration or statement expected.
sveltekit-frontend/src/lib/services/concurrent-indexeddb-search.ts(72,33): error TS1005: ';' expected.
sveltekit-frontend/src/lib/services/concurrent-indexeddb-search.ts(74,8): error TS1068: Unexpected token. A constructor, method, accessor, or property was expected.
sveltekit-frontend/src/lib/services/concurrent-indexeddb-search.ts(75,7): error TS1434: Unexpected keyword or identifier.
sveltekit-frontend/src/lib/services/concurrent-indexeddb-search.ts(75,14): error TS1068: Unexpected token. A constructor, method, accessor, or property was expected.
sveltekit-frontend/src/lib/services/concurrent-indexeddb-search.ts(88,6): error TS1128: Declaration or statement expected.
sveltekit-frontend/src/lib/services/concurrent-indexeddb-search.ts(89,3): error TS1128: Declaration or statement expected.
sveltekit-frontend/src/lib/services/concurrent-indexeddb-search.ts(90,3): error TS1128: Declaration or statement expected.
sveltekit-frontend/src/lib/services/concurrent-indexeddb-search.ts(90,11): error TS1434: Unexpected keyword or identifier.
sveltekit-frontend/src/lib/services/concurrent-indexeddb-search.ts(90,33): error TS1109: Expression expected.
sveltekit-frontend/src/lib/services/concurrent-indexeddb-search.ts(90,47): error TS1109: Expression expected.
sveltekit-frontend/src/lib/services/concurrent-indexeddb-search.ts(91,9): error TS1003: Identifier expected.
sveltekit-frontend/src/lib/services/concurrent-indexeddb-search.ts(91,14): error TS1005: ',' expected.
sveltekit-frontend/src/lib/services/concurrent-indexeddb-search.ts(91,18): error TS1005: ',' expected.
sveltekit-frontend/src/lib/services/concurrent-indexeddb-search.ts(91,27): error TS1005: ',' expected.
sveltekit-frontend/src/lib/services/concurrent-indexeddb-search.ts(91,31): error TS1005: ':' expected.
sveltekit-frontend/src/lib/services/concurrent-indexeddb-search.ts(91,65): error TS1005: ',' expected.
sveltekit-frontend/src/lib/services/concurrent-indexeddb-search.ts(92,12): error TS1005: ':' expected.
sveltekit-frontend/src/lib/services/concurrent-indexeddb-search.ts(97,40): error TS1005: ';' expected.
sveltekit-frontend/src/lib/services/concurrent-indexeddb-search.ts(97,41): error TS1005: ',' expected.
sveltekit-frontend/src/lib/services/concurrent-indexeddb-search.ts(99,8): error TS1005: ';' expected.
sveltekit-frontend/src/lib/services/concurrent-indexeddb-search.ts(101,5): error TS1128: Declaration or statement expected.
sveltekit-frontend/src/lib/services/concurrent-indexeddb-search.ts(101,6): error TS1128: Declaration or statement expected.
sveltekit-frontend/src/lib/services/concurrent-indexeddb-search.ts(102,3): error TS1128: Declaration or statement expected.
sveltekit-frontend/src/lib/services/concurrent-indexeddb-search.ts(103,3): error TS1128: Declaration or statement expected.
sveltekit-frontend/src/lib/services/concurrent-indexeddb-search.ts(103,28): error TS1109: Expression expected.
sveltekit-frontend/src/lib/services/concurrent-indexeddb-search.ts(104,11): error TS1005: ':' expected.
sveltekit-frontend/src/lib/services/concurrent-indexeddb-search.ts(119,5): error TS1005: ',' expected.
sveltekit-frontend/src/lib/services/concurrent-indexeddb-search.ts(119,9): error TS1005: ':' expected.
sveltekit-frontend/src/lib/services/concurrent-indexeddb-search.ts(119,54): error TS1005: ',' expected.
sveltekit-frontend/src/lib/services/concurrent-indexeddb-search.ts(121,3): error TS1128: Declaration or statement expected.
sveltekit-frontend/src/lib/services/concurrent-indexeddb-search.ts(121,34): error TS1109: Expression expected.
sveltekit-frontend/src/lib/services/concurrent-indexeddb-search.ts(122,11): error TS1005: ':' expected.
sveltekit-frontend/src/lib/services/concurrent-indexeddb-search.ts(194,6): error TS1005: ',' expected.
sveltekit-frontend/src/lib/services/concurrent-indexeddb-search.ts(195,11): error TS1005: ':' expected.
sveltekit-frontend/src/lib/services/concurrent-indexeddb-search.ts(195,82): error TS1005: ',' expected.
sveltekit-frontend/src/lib/services/concurrent-indexeddb-search.ts(196,11): error TS1005: ':' expected.
sveltekit-frontend/src/lib/services/concurrent-indexeddb-search.ts(196,54): error TS1005: ',' expected.
sveltekit-frontend/src/lib/services/concurrent-indexeddb-search.ts(197,14): error TS1005: ',' expected.
sveltekit-frontend/src/lib/services/concurrent-indexeddb-search.ts(197,17): error TS1109: Expression expected.
sveltekit-frontend/src/lib/services/concurrent-indexeddb-search.ts(197,19): error TS1003: Identifier expected.
sveltekit-frontend/src/lib/services/concurrent-indexeddb-search.ts(197,20): error TS1138: Parameter declaration expected.
sveltekit-frontend/src/lib/services/concurrent-indexeddb-search.ts(197,21): error TS1138: Parameter declaration expected.
sveltekit-frontend/src/lib/services/concurrent-indexeddb-search.ts(197,25): error TS1005: ',' expected.
sveltekit-frontend/src/lib/services/concurrent-indexeddb-search.ts(197,32): error TS1005: ',' expected.
sveltekit-frontend/src/lib/services/concurrent-indexeddb-search.ts(197,46): error TS1005: ',' expected.
sveltekit-frontend/src/lib/services/concurrent-indexeddb-search.ts(197,49): error TS1005: ',' expected.
sveltekit-frontend/src/lib/services/concurrent-indexeddb-search.ts(197,51): error TS1005: ';' expected.
sveltekit-frontend/src/lib/services/concurrent-indexeddb-search.ts(197,54): error TS1109: Expression expected.
sveltekit-frontend/src/lib/services/concurrent-indexeddb-search.ts(198,7): error TS1109: Expression expected.
sveltekit-frontend/src/lib/services/concurrent-indexeddb-search.ts(203,3): error TS1128: Declaration or statement expected.
sveltekit-frontend/src/lib/services/concurrent-indexeddb-search.ts(204,3): error TS1128: Declaration or statement expected.
sveltekit-frontend/src/lib/services/concurrent-indexeddb-search.ts(204,38): error TS1135: Argument expression expected.
sveltekit-frontend/src/lib/services/concurrent-indexeddb-search.ts(204,53): error TS1005: ';' expected.
sveltekit-frontend/src/lib/services/concurrent-indexeddb-search.ts(205,11): error TS1005: ':' expected.
sveltekit-frontend/src/lib/services/concurrent-indexeddb-search.ts(205,48): error TS1005: ',' expected.
sveltekit-frontend/src/lib/services/concurrent-indexeddb-search.ts(205,50): error TS1005: ',' expected.
sveltekit-frontend/src/lib/services/concurrent-indexeddb-search.ts(207,7): error TS1128: Declaration or statement expected.
sveltekit-frontend/src/lib/services/concurrent-indexeddb-search.ts(207,11): error TS1005: ':' expected.
sveltekit-frontend/src/lib/services/concurrent-indexeddb-search.ts(208,48): error TS1005: ',' expected.
sveltekit-frontend/src/lib/services/concurrent-indexeddb-search.ts(209,14): error TS1005: ':' expected.
sveltekit-frontend/src/lib/services/concurrent-indexeddb-search.ts(210,11): error TS1005: ':' expected.
sveltekit-frontend/src/lib/services/concurrent-indexeddb-search.ts(211,17): error TS1003: Identifier expected.
sveltekit-frontend/src/lib/services/concurrent-indexeddb-search.ts(211,234): error TS1131: Property or signature expected.
sveltekit-frontend/src/lib/services/concurrent-indexeddb-search.ts(211,236): error TS1005: ',' expected.
sveltekit-frontend/src/lib/services/concurrent-indexeddb-search.ts(211,256): error TS1005: ';' expected.
sveltekit-frontend/src/lib/services/concurrent-indexeddb-search.ts(211,257): error TS1128: Declaration or statement expected.
sveltekit-frontend/src/lib/services/concurrent-indexeddb-search.ts(211,274): error TS1128: Declaration or statement expected.
sveltekit-frontend/src/lib/services/concurrent-indexeddb-search.ts(211,285): error TS1443: Module declaration names may only use ' or " quoted strings.
sveltekit-frontend/src/lib/services/concurrent-indexeddb-search.ts(214,24): error TS1127: Invalid character.
sveltekit-frontend/src/lib/services/concurrent-indexeddb-search.ts(214,24): error TS1128: Declaration or statement expected.
sveltekit-frontend/src/lib/services/concurrent-indexeddb-search.ts(214,26): error TS1434: Unexpected keyword or identifier.
sveltekit-frontend/src/lib/services/concurrent-indexeddb-search.ts(214,33): error TS1434: Unexpected keyword or identifier.
sveltekit-frontend/src/lib/services/concurrent-indexeddb-search.ts(219,18): error TS1127: Invalid character.
sveltekit-frontend/src/lib/services/concurrent-indexeddb-search.ts(219,21): error TS1434: Unexpected keyword or identifier.
sveltekit-frontend/src/lib/services/concurrent-indexeddb-search.ts(219,28): error TS1434: Unexpected keyword or identifier.
sveltekit-frontend/src/lib/services/concurrent-indexeddb-search.ts(219,40): error TS1434: Unexpected keyword or identifier.
sveltekit-frontend/src/lib/services/concurrent-indexeddb-search.ts(219,63): error TS1136: Property assignment expected.
sveltekit-frontend/src/lib/services/concurrent-indexeddb-search.ts(219,243): error TS1131: Property or signature expected.
sveltekit-frontend/src/lib/services/concurrent-indexeddb-search.ts(219,257): error TS1109: Expression expected.
sveltekit-frontend/src/lib/services/concurrent-indexeddb-search.ts(219,263): error TS1128: Declaration or statement expected.
sveltekit-frontend/src/lib/services/concurrent-indexeddb-search.ts(219,264): error TS1128: Declaration or statement expected.
sveltekit-frontend/src/lib/services/concurrent-indexeddb-search.ts(219,265): error TS1128: Declaration or statement expected.
sveltekit-frontend/src/lib/services/concurrent-indexeddb-search.ts(219,291): error TS1128: Declaration or statement expected.
sveltekit-frontend/src/lib/services/concurrent-indexeddb-search.ts(219,294): error TS1443: Module declaration names may only use ' or " quoted strings.
sveltekit-frontend/src/lib/services/concurrent-indexeddb-search.ts(220,18): error TS1127: Invalid character.
sveltekit-frontend/src/lib/services/concurrent-indexeddb-search.ts(220,18): error TS1128: Declaration or statement expected.
sveltekit-frontend/src/lib/services/concurrent-indexeddb-search.ts(220,21): error TS1434: Unexpected keyword or identifier.
sveltekit-frontend/src/lib/services/concurrent-indexeddb-search.ts(220,31): error TS1434: Unexpected keyword or identifier.
sveltekit-frontend/src/lib/services/concurrent-indexeddb-search.ts(220,213): error TS1005: ';' expected.
sveltekit-frontend/src/lib/services/concurrent-indexeddb-search.ts(220,214): error TS1131: Property or signature expected.
sveltekit-frontend/src/lib/services/concurrent-indexeddb-search.ts(220,269): error TS1005: ';' expected.
sveltekit-frontend/src/lib/services/concurrent-indexeddb-search.ts(220,494): error TS1443: Module declaration names may only use ' or " quoted strings.
sveltekit-frontend/src/lib/services/concurrent-indexeddb-search.ts(241,20): error TS1127: Invalid character.
sveltekit-frontend/src/lib/services/concurrent-indexeddb-search.ts(241,20): error TS1128: Declaration or statement expected.
sveltekit-frontend/src/lib/services/concurrent-indexeddb-search.ts(241,23): error TS1434: Unexpected keyword or identifier.
sveltekit-frontend/src/lib/services/concurrent-indexeddb-search.ts(241,46): error TS1136: Property assignment expected.
sveltekit-frontend/src/lib/services/concurrent-indexeddb-search.ts(241,78): error TS1128: Declaration or statement expected.
sveltekit-frontend/src/lib/services/concurrent-indexeddb-search.ts(241,81): error TS1443: Module declaration names may only use ' or " quoted strings.
sveltekit-frontend/src/lib/services/concurrent-indexeddb-search.ts(242,20): error TS1127: Invalid character.
sveltekit-frontend/src/lib/services/concurrent-indexeddb-search.ts(242,20): error TS1128: Declaration or statement expected.
sveltekit-frontend/src/lib/services/concurrent-indexeddb-search.ts(242,23): error TS1434: Unexpected keyword or identifier.
sveltekit-frontend/src/lib/services/concurrent-indexeddb-search.ts(242,29): error TS1434: Unexpected keyword or identifier.
sveltekit-frontend/src/lib/services/concurrent-indexeddb-search.ts(242,52): error TS1434: Unexpected keyword or identifier.
sveltekit-frontend/src/lib/services/concurrent-indexeddb-search.ts(242,63): error TS1005: '(' expected.
sveltekit-frontend/src/lib/services/concurrent-indexeddb-search.ts(242,71): error TS1005: ';' expected.
sveltekit-frontend/src/lib/services/concurrent-indexeddb-search.ts(242,91): error TS1443: Module declaration names may only use ' or " quoted strings.
sveltekit-frontend/src/lib/services/concurrent-indexeddb-search.ts(325,18): error TS1127: Invalid character.
sveltekit-frontend/src/lib/services/concurrent-indexeddb-search.ts(325,21): error TS1434: Unexpected keyword or identifier.
sveltekit-frontend/src/lib/services/concurrent-indexeddb-search.ts(325,30): error TS1434: Unexpected keyword or identifier.
sveltekit-frontend/src/lib/services/concurrent-indexeddb-search.ts(325,73): error TS1005: ',' expected.
sveltekit-frontend/src/lib/services/concurrent-indexeddb-search.ts(325,82): error TS1005: ';' expected.
sveltekit-frontend/src/lib/services/concurrent-indexeddb-search.ts(325,89): error TS1443: Module declaration names may only use ' or " quoted strings.
sveltekit-frontend/src/lib/services/concurrent-indexeddb-search.ts(343,20): error TS1127: Invalid character.
sveltekit-frontend/src/lib/services/concurrent-indexeddb-search.ts(343,20): error TS1128: Declaration or statement expected.
sveltekit-frontend/src/lib/services/concurrent-indexeddb-search.ts(343,22): error TS1435: Unknown keyword or identifier. Did you mean 'catch'?
sveltekit-frontend/src/lib/services/concurrent-indexeddb-search.ts(343,28): error TS1434: Unexpected keyword or identifier.
sveltekit-frontend/src/lib/services/concurrent-indexeddb-search.ts(343,36): error TS1161: Unterminated regular expression literal.
sveltekit-frontend/src/lib/services/concurrent-indexeddb-search.ts(343,91): error TS1005: ';' expected.
sveltekit-frontend/src/lib/services/concurrent-indexeddb-search.ts(344,5): error TS1128: Declaration or statement expected.
sveltekit-frontend/src/lib/services/concurrent-indexeddb-search.ts(348,3): error TS1128: Declaration or statement expected.
sveltekit-frontend/src/lib/services/concurrent-indexeddb-search.ts(349,3): error TS1434: Unexpected keyword or identifier.
sveltekit-frontend/src/lib/services/concurrent-indexeddb-search.ts(349,32): error TS1135: Argument expression expected.
sveltekit-frontend/src/lib/services/concurrent-indexeddb-search.ts(349,41): error TS1005: ';' expected.
sveltekit-frontend/src/lib/services/concurrent-indexeddb-search.ts(349,58): error TS1011: An element access expression should take an argument.
sveltekit-frontend/src/lib/services/concurrent-indexeddb-search.ts(350,9): error TS1005: ':' expected.
sveltekit-frontend/src/lib/services/concurrent-indexeddb-search.ts(351,13): error TS1005: ':' expected.
sveltekit-frontend/src/lib/services/concurrent-indexeddb-search.ts(354,31): error TS1136: Property assignment expected.
sveltekit-frontend/src/lib/services/concurrent-indexeddb-search.ts(357,9): error TS1136: Property assignment expected.
sveltekit-frontend/src/lib/services/concurrent-indexeddb-search.ts(358,8): error TS1005: ',' expected.
sveltekit-frontend/src/lib/services/concurrent-indexeddb-search.ts(358,9): error TS1136: Property assignment expected.
sveltekit-frontend/src/lib/services/concurrent-indexeddb-search.ts(359,11): error TS1003: Identifier expected.
sveltekit-frontend/src/lib/services/concurrent-indexeddb-search.ts(359,12): error TS1138: Parameter declaration expected.
sveltekit-frontend/src/lib/services/concurrent-indexeddb-search.ts(359,67): error TS1005: ';' expected.
sveltekit-frontend/src/lib/services/concurrent-indexeddb-search.ts(360,83): error TS1005: ';' expected.
sveltekit-frontend/src/lib/services/concurrent-indexeddb-search.ts(360,84): error TS1005: '}' expected.
sveltekit-frontend/src/lib/services/concurrent-indexeddb-search.ts(360,91): error TS1109: Expression expected.
sveltekit-frontend/src/lib/services/concurrent-indexeddb-search.ts(360,98): error TS1128: Declaration or statement expected.
sveltekit-frontend/src/lib/services/concurrent-indexeddb-search.ts(360,99): error TS1128: Declaration or statement expected.
sveltekit-frontend/src/lib/services/concurrent-indexeddb-search.ts(360,106): error TS1128: Declaration or statement expected.
sveltekit-frontend/src/lib/services/concurrent-indexeddb-search.ts(384,18): error TS1127: Invalid character.
sveltekit-frontend/src/lib/services/concurrent-indexeddb-search.ts(384,21): error TS1434: Unexpected keyword or identifier.
sveltekit-frontend/src/lib/services/concurrent-indexeddb-search.ts(384,30): error TS1434: Unexpected keyword or identifier.
sveltekit-frontend/src/lib/services/concurrent-indexeddb-search.ts(384,37): error TS1434: Unexpected keyword or identifier.
sveltekit-frontend/src/lib/services/concurrent-indexeddb-search.ts(384,43): error TS1434: Unexpected keyword or identifier.
sveltekit-frontend/src/lib/services/concurrent-indexeddb-search.ts(384,76): error TS1443: Module declaration names may only use ' or " quoted strings.
sveltekit-frontend/src/lib/services/concurrent-indexeddb-search.ts(416,28): error TS1109: Expression expected.
sveltekit-frontend/src/lib/services/concurrent-indexeddb-search.ts(416,30): error TS1005: ';' expected.
sveltekit-frontend/src/lib/services/concurrent-indexeddb-search.ts(417,19): error TS1005: ';' expected.
sveltekit-frontend/src/lib/services/concurrent-indexeddb-search.ts(417,31): error TS1128: Declaration or statement expected.
sveltekit-frontend/src/lib/services/concurrent-indexeddb-search.ts(417,33): error TS1434: Unexpected keyword or identifier.
sveltekit-frontend/src/lib/services/concurrent-indexeddb-search.ts(427,18): error TS1127: Invalid character.
sveltekit-frontend/src/lib/services/concurrent-indexeddb-search.ts(427,21): error TS1434: Unexpected keyword or identifier.
sveltekit-frontend/src/lib/services/concurrent-indexeddb-search.ts(427,30): error TS1434: Unexpected keyword or identifier.
sveltekit-frontend/src/lib/services/concurrent-indexeddb-search.ts(427,50): error TS1434: Unexpected keyword or identifier.
sveltekit-frontend/src/lib/services/concurrent-indexeddb-search.ts(427,61): error TS1434: Unexpected keyword or identifier.
sveltekit-frontend/src/lib/services/concurrent-indexeddb-search.ts(427,67): error TS1128: Declaration or statement expected.
sveltekit-frontend/src/lib/services/concurrent-indexeddb-search.ts(489,65): error TS1160: Unterminated template literal.
sveltekit-frontend/src/lib/services/context7-autosolve-integration.ts(14,1): error TS1128: Declaration or statement expected.
sveltekit-frontend/src/lib/services/context7-autosolve-integration.ts(23,1): error TS1128: Declaration or statement expected.
sveltekit-frontend/src/lib/services/context7-autosolve-integration.ts(179,7): error TS1136: Property assignment expected.
sveltekit-frontend/src/lib/services/context7-autosolve-integration.ts(179,9): error TS1472: 'catch' or 'finally' expected.
sveltekit-frontend/src/lib/services/context7-autosolve-integration.ts(192,3): error TS1128: Declaration or statement expected.
sveltekit-frontend/src/lib/services/context7-autosolve-integration.ts(192,40): error TS1135: Argument expression expected.
sveltekit-frontend/src/lib/services/context7-autosolve-integration.ts(192,49): error TS1005: ';' expected.
sveltekit-frontend/src/lib/services/context7-autosolve-integration.ts(192,67): error TS1109: Expression expected.
sveltekit-frontend/src/lib/services/context7-autosolve-integration.ts(192,68): error TS1109: Expression expected.
sveltekit-frontend/src/lib/services/context7-autosolve-integration.ts(192,70): error TS1005: ';' expected.
sveltekit-frontend/src/lib/services/context7-autosolve-integration.ts(204,28): error TS1005: ',' expected.
sveltekit-frontend/src/lib/services/context7-autosolve-integration.ts(212,3): error TS1434: Unexpected keyword or identifier.
sveltekit-frontend/src/lib/services/context7-autosolve-integration.ts(212,37): error TS1135: Argument expression expected.
sveltekit-frontend/src/lib/services/context7-autosolve-integration.ts(212,55): error TS1011: An element access expression should take an argument.
sveltekit-frontend/src/lib/services/context7-autosolve-integration.ts(212,57): error TS1005: ';' expected.
sveltekit-frontend/src/lib/services/context7-autosolve-integration.ts(212,74): error TS1011: An element access expression should take an argument.
sveltekit-frontend/src/lib/services/context7-autosolve-integration.ts(213,9): error TS1005: ':' expected.
sveltekit-frontend/src/lib/services/context7-autosolve-integration.ts(214,13): error TS1005: ':' expected.
sveltekit-frontend/src/lib/services/context7-autosolve-integration.ts(217,31): error TS1136: Property assignment expected.
sveltekit-frontend/src/lib/services/context7-autosolve-integration.ts(222,9): error TS1005: ',' expected.
sveltekit-frontend/src/lib/services/context7-autosolve-integration.ts(223,11): error TS1003: Identifier expected.
sveltekit-frontend/src/lib/services/context7-autosolve-integration.ts(223,12): error TS1138: Parameter declaration expected.
sveltekit-frontend/src/lib/services/context7-autosolve-integration.ts(223,67): error TS1005: ',' expected.
sveltekit-frontend/src/lib/services/context7-autosolve-integration.ts(223,69): error TS1136: Property assignment expected.
sveltekit-frontend/src/lib/services/context7-autosolve-integration.ts(228,5): error TS1128: Declaration or statement expected.
sveltekit-frontend/src/lib/services/context7-autosolve-integration.ts(228,7): error TS1005: 'try' expected.
sveltekit-frontend/src/lib/services/context7-autosolve-integration.ts(232,3): error TS1128: Declaration or statement expected.
sveltekit-frontend/src/lib/services/context7-autosolve-integration.ts(234,3): error TS1434: Unexpected keyword or identifier.
sveltekit-frontend/src/lib/services/context7-autosolve-integration.ts(234,36): error TS1135: Argument expression expected.
sveltekit-frontend/src/lib/services/context7-autosolve-integration.ts(234,54): error TS1011: An element access expression should take an argument.
sveltekit-frontend/src/lib/services/context7-autosolve-integration.ts(234,73): error TS1005: ',' expected.
sveltekit-frontend/src/lib/services/context7-autosolve-integration.ts(234,82): error TS1109: Expression expected.
sveltekit-frontend/src/lib/services/context7-autosolve-integration.ts(234,83): error TS1109: Expression expected.
sveltekit-frontend/src/lib/services/context7-autosolve-integration.ts(234,85): error TS1005: ';' expected.
sveltekit-frontend/src/lib/services/context7-autosolve-integration.ts(235,9): error TS1005: ',' expected.
sveltekit-frontend/src/lib/services/context7-autosolve-integration.ts(235,23): error TS1109: Expression expected.
sveltekit-frontend/src/lib/services/context7-autosolve-integration.ts(235,26): error TS1005: ':' expected.
sveltekit-frontend/src/lib/services/context7-autosolve-integration.ts(236,10): error TS1359: Identifier expected. 'const' is a reserved word that cannot be used here.
sveltekit-frontend/src/lib/services/context7-autosolve-integration.ts(236,16): error TS1005: ',' expected.
sveltekit-frontend/src/lib/services/context7-autosolve-integration.ts(236,27): error TS1005: ',' expected.
sveltekit-frontend/src/lib/services/context7-autosolve-integration.ts(271,5): error TS1005: ',' expected.
sveltekit-frontend/src/lib/services/context7-autosolve-integration.ts(271,12): error TS1005: ':' expected.
sveltekit-frontend/src/lib/services/context7-autosolve-integration.ts(271,25): error TS1005: ',' expected.
sveltekit-frontend/src/lib/services/context7-autosolve-integration.ts(274,3): error TS1128: Declaration or statement expected.
sveltekit-frontend/src/lib/services/context7-autosolve-integration.ts(274,11): error TS1434: Unexpected keyword or identifier.
sveltekit-frontend/src/lib/services/context7-autosolve-integration.ts(276,29): error TS1011: An element access expression should take an argument.
sveltekit-frontend/src/lib/services/context7-autosolve-integration.ts(277,3): error TS1128: Declaration or statement expected.
sveltekit-frontend/src/lib/services/context7-autosolve-integration.ts(277,4): error TS1128: Declaration or statement expected.
sveltekit-frontend/src/lib/services/context7-autosolve-integration.ts(279,19): error TS1138: Parameter declaration expected.
sveltekit-frontend/src/lib/services/context7-autosolve-integration.ts(279,25): error TS1005: ',' expected.
sveltekit-frontend/src/lib/services/context7-autosolve-integration.ts(279,27): error TS1136: Property assignment expected.
sveltekit-frontend/src/lib/services/context7-autosolve-integration.ts(280,7): error TS1128: Declaration or statement expected.
sveltekit-frontend/src/lib/services/context7-autosolve-integration.ts(280,21): error TS1109: Expression expected.
sveltekit-frontend/src/lib/services/context7-autosolve-integration.ts(282,7): error TS1128: Declaration or statement expected.
sveltekit-frontend/src/lib/services/context7-autosolve-integration.ts(282,21): error TS1109: Expression expected.
sveltekit-frontend/src/lib/services/context7-autosolve-integration.ts(284,7): error TS1128: Declaration or statement expected.
sveltekit-frontend/src/lib/services/context7-autosolve-integration.ts(284,21): error TS1109: Expression expected.
sveltekit-frontend/src/lib/services/context7-autosolve-integration.ts(286,7): error TS1128: Declaration or statement expected.
sveltekit-frontend/src/lib/services/context7-autosolve-integration.ts(286,21): error TS1109: Expression expected.
sveltekit-frontend/src/lib/services/context7-autosolve-integration.ts(287,7): error TS1128: Declaration or statement expected.
sveltekit-frontend/src/lib/services/context7-autosolve-integration.ts(287,21): error TS1109: Expression expected.
sveltekit-frontend/src/lib/services/context7-autosolve-integration.ts(289,7): error TS1128: Declaration or statement expected.
sveltekit-frontend/src/lib/services/context7-autosolve-integration.ts(289,14): error TS1128: Declaration or statement expected.
sveltekit-frontend/src/lib/services/context7-autosolve-integration.ts(292,3): error TS1128: Declaration or statement expected.
sveltekit-frontend/src/lib/services/context7-autosolve-integration.ts(294,3): error TS1434: Unexpected keyword or identifier.
sveltekit-frontend/src/lib/services/context7-autosolve-integration.ts(294,38): error TS1135: Argument expression expected.
sveltekit-frontend/src/lib/services/context7-autosolve-integration.ts(294,56): error TS1011: An element access expression should take an argument.
sveltekit-frontend/src/lib/services/context7-autosolve-integration.ts(294,72): error TS1005: ',' expected.
sveltekit-frontend/src/lib/services/context7-autosolve-integration.ts(294,82): error TS1005: ';' expected.
sveltekit-frontend/src/lib/services/context7-autosolve-integration.ts(295,9): error TS1005: ':' expected.
sveltekit-frontend/src/lib/services/context7-autosolve-integration.ts(296,13): error TS1005: ':' expected.
sveltekit-frontend/src/lib/services/context7-autosolve-integration.ts(305,62): error TS1005: ',' expected.
sveltekit-frontend/src/lib/services/context7-autosolve-integration.ts(306,13): error TS1005: ':' expected.
sveltekit-frontend/src/lib/services/context7-autosolve-integration.ts(309,31): error TS1136: Property assignment expected.
sveltekit-frontend/src/lib/services/context7-autosolve-integration.ts(313,9): error TS1136: Property assignment expected.
sveltekit-frontend/src/lib/services/context7-autosolve-integration.ts(314,8): error TS1005: ',' expected.
sveltekit-frontend/src/lib/services/context7-autosolve-integration.ts(314,9): error TS1136: Property assignment expected.
sveltekit-frontend/src/lib/services/context7-autosolve-integration.ts(315,11): error TS1003: Identifier expected.
sveltekit-frontend/src/lib/services/context7-autosolve-integration.ts(315,12): error TS1138: Parameter declaration expected.
sveltekit-frontend/src/lib/services/context7-autosolve-integration.ts(315,67): error TS1005: ';' expected.
sveltekit-frontend/src/lib/services/context7-autosolve-integration.ts(322,5): error TS1128: Declaration or statement expected.
sveltekit-frontend/src/lib/services/context7-autosolve-integration.ts(322,7): error TS1005: 'try' expected.
sveltekit-frontend/src/lib/services/context7-autosolve-integration.ts(325,3): error TS1128: Declaration or statement expected.
sveltekit-frontend/src/lib/services/context7-autosolve-integration.ts(327,3): error TS1128: Declaration or statement expected.
sveltekit-frontend/src/lib/services/context7-autosolve-integration.ts(327,11): error TS1434: Unexpected keyword or identifier.
sveltekit-frontend/src/lib/services/context7-autosolve-integration.ts(327,37): error TS1109: Expression expected.
sveltekit-frontend/src/lib/services/context7-autosolve-integration.ts(327,63): error TS1011: An element access expression should take an argument.
sveltekit-frontend/src/lib/services/context7-autosolve-integration.ts(329,12): error TS1005: ':' expected.
sveltekit-frontend/src/lib/services/context7-autosolve-integration.ts(338,6): error TS1005: ',' expected.
sveltekit-frontend/src/lib/services/context7-autosolve-integration.ts(340,3): error TS1128: Declaration or statement expected.
sveltekit-frontend/src/lib/services/context7-autosolve-integration.ts(340,45): error TS1135: Argument expression expected.
sveltekit-frontend/src/lib/services/context7-autosolve-integration.ts(340,63): error TS1011: An element access expression should take an argument.
sveltekit-frontend/src/lib/services/context7-autosolve-integration.ts(340,65): error TS1005: ';' expected.
sveltekit-frontend/src/lib/services/context7-autosolve-integration.ts(340,74): error TS1109: Expression expected.
sveltekit-frontend/src/lib/services/context7-autosolve-integration.ts(340,75): error TS1109: Expression expected.
sveltekit-frontend/src/lib/services/context7-autosolve-integration.ts(340,77): error TS1005: ';' expected.
sveltekit-frontend/src/lib/services/context7-autosolve-integration.ts(360,3): error TS1128: Declaration or statement expected.
sveltekit-frontend/src/lib/services/context7-autosolve-integration.ts(360,11): error TS1434: Unexpected keyword or identifier.
sveltekit-frontend/src/lib/services/context7-autosolve-integration.ts(360,40): error TS1135: Argument expression expected.
sveltekit-frontend/src/lib/services/context7-autosolve-integration.ts(360,58): error TS1005: ';' expected.
sveltekit-frontend/src/lib/services/context7-autosolve-integration.ts(362,13): error TS1003: Identifier expected.
sveltekit-frontend/src/lib/services/context7-autosolve-integration.ts(362,76): error TS1005: ',' expected.
sveltekit-frontend/src/lib/services/context7-autosolve-integration.ts(363,12): error TS1005: ':' expected.
sveltekit-frontend/src/lib/services/context7-autosolve-integration.ts(363,18): error TS1005: ',' expected.
sveltekit-frontend/src/lib/services/context7-autosolve-integration.ts(365,3): error TS1128: Declaration or statement expected.
sveltekit-frontend/src/lib/services/context7-autosolve-integration.ts(365,11): error TS1434: Unexpected keyword or identifier.
sveltekit-frontend/src/lib/services/context7-autosolve-integration.ts(365,47): error TS1135: Argument expression expected.
sveltekit-frontend/src/lib/services/context7-autosolve-integration.ts(365,65): error TS1005: ';' expected.
sveltekit-frontend/src/lib/services/context7-autosolve-integration.ts(366,13): error TS1003: Identifier expected.
sveltekit-frontend/src/lib/services/context7-autosolve-integration.ts(366,84): error TS1005: ',' expected.
sveltekit-frontend/src/lib/services/context7-autosolve-integration.ts(367,12): error TS1005: ':' expected.
sveltekit-frontend/src/lib/services/context7-autosolve-integration.ts(367,18): error TS1005: ',' expected.
sveltekit-frontend/src/lib/services/context7-autosolve-integration.ts(369,3): error TS1128: Declaration or statement expected.
sveltekit-frontend/src/lib/services/context7-autosolve-integration.ts(369,11): error TS1434: Unexpected keyword or identifier.
sveltekit-frontend/src/lib/services/context7-autosolve-integration.ts(369,41): error TS1135: Argument expression expected.
sveltekit-frontend/src/lib/services/context7-autosolve-integration.ts(369,59): error TS1005: ';' expected.
sveltekit-frontend/src/lib/services/context7-autosolve-integration.ts(370,13): error TS1003: Identifier expected.
sveltekit-frontend/src/lib/services/context7-autosolve-integration.ts(370,77): error TS1005: ',' expected.
sveltekit-frontend/src/lib/services/context7-autosolve-integration.ts(371,12): error TS1005: ':' expected.
sveltekit-frontend/src/lib/services/context7-autosolve-integration.ts(371,18): error TS1005: ',' expected.
sveltekit-frontend/src/lib/services/context7-autosolve-integration.ts(373,3): error TS1128: Declaration or statement expected.
sveltekit-frontend/src/lib/services/context7-autosolve-integration.ts(373,11): error TS1434: Unexpected keyword or identifier.
sveltekit-frontend/src/lib/services/context7-autosolve-integration.ts(375,29): error TS1011: An element access expression should take an argument.
sveltekit-frontend/src/lib/services/context7-autosolve-integration.ts(376,3): error TS1128: Declaration or statement expected.
sveltekit-frontend/src/lib/services/context7-autosolve-integration.ts(376,4): error TS1128: Declaration or statement expected.
sveltekit-frontend/src/lib/services/context7-autosolve-integration.ts(377,13): error TS1003: Identifier expected.
sveltekit-frontend/src/lib/services/context7-autosolve-integration.ts(377,77): error TS1005: ',' expected.
sveltekit-frontend/src/lib/services/context7-autosolve-integration.ts(378,12): error TS1005: ':' expected.
sveltekit-frontend/src/lib/services/context7-autosolve-integration.ts(378,18): error TS1005: ',' expected.
sveltekit-frontend/src/lib/services/context7-autosolve-integration.ts(380,3): error TS1128: Declaration or statement expected.
sveltekit-frontend/src/lib/services/context7-autosolve-integration.ts(380,11): error TS1434: Unexpected keyword or identifier.
sveltekit-frontend/src/lib/services/context7-autosolve-integration.ts(382,29): error TS1011: An element access expression should take an argument.
sveltekit-frontend/src/lib/services/context7-autosolve-integration.ts(383,3): error TS1128: Declaration or statement expected.
sveltekit-frontend/src/lib/services/context7-autosolve-integration.ts(383,4): error TS1128: Declaration or statement expected.
sveltekit-frontend/src/lib/services/context7-autosolve-integration.ts(384,13): error TS1003: Identifier expected.
sveltekit-frontend/src/lib/services/context7-autosolve-integration.ts(384,99): error TS1005: ',' expected.
sveltekit-frontend/src/lib/services/context7-autosolve-integration.ts(385,12): error TS1005: ':' expected.
sveltekit-frontend/src/lib/services/context7-autosolve-integration.ts(385,18): error TS1005: ',' expected.
sveltekit-frontend/src/lib/services/context7-autosolve-integration.ts(388,3): error TS1434: Unexpected keyword or identifier.
sveltekit-frontend/src/lib/services/context7-autosolve-integration.ts(388,34): error TS1109: Expression expected.
sveltekit-frontend/src/lib/services/context7-autosolve-integration.ts(389,12): error TS1005: ':' expected.
sveltekit-frontend/src/lib/services/context7-autosolve-integration.ts(389,42): error TS1005: ',' expected.
sveltekit-frontend/src/lib/services/context7-autosolve-integration.ts(391,15): error TS1109: Expression expected.
sveltekit-frontend/src/lib/services/context7-autosolve-integration.ts(391,17): error TS1434: Unexpected keyword or identifier.
sveltekit-frontend/src/lib/services/context7-autosolve-integration.ts(399,3): error TS1434: Unexpected keyword or identifier.
sveltekit-frontend/src/lib/services/context7-autosolve-integration.ts(399,34): error TS1135: Argument expression expected.
sveltekit-frontend/src/lib/services/context7-autosolve-integration.ts(399,48): error TS1005: ';' expected.
sveltekit-frontend/src/lib/services/context7-autosolve-integration.ts(399,62): error TS1011: An element access expression should take an argument.
sveltekit-frontend/src/lib/services/context7-autosolve-integration.ts(400,9): error TS1005: ':' expected.
sveltekit-frontend/src/lib/services/context7-autosolve-integration.ts(401,13): error TS1005: ':' expected.
sveltekit-frontend/src/lib/services/context7-autosolve-integration.ts(404,8): error TS1005: ',' expected.
sveltekit-frontend/src/lib/services/context7-autosolve-integration.ts(405,14): error TS1005: ':' expected.
sveltekit-frontend/src/lib/services/context7-autosolve-integration.ts(405,22): error TS1005: ',' expected.
sveltekit-frontend/src/lib/services/context7-autosolve-integration.ts(406,7): error TS1005: ',' expected.
sveltekit-frontend/src/lib/services/context7-autosolve-integration.ts(411,1): error TS1109: Expression expected.
sveltekit-frontend/src/lib/services/context7-flashattention-integration.ts(21,1): error TS1128: Declaration or statement expected.
sveltekit-frontend/src/lib/services/context7-flashattention-integration.ts(30,1): error TS1128: Declaration or statement expected.
sveltekit-frontend/src/lib/services/context7-flashattention-integration.ts(41,1): error TS1128: Declaration or statement expected.
sveltekit-frontend/src/lib/services/context7-flashattention-integration.ts(50,1): error TS1128: Declaration or statement expected.
sveltekit-frontend/src/lib/services/context7-flashattention-integration.ts(58,1): error TS1128: Declaration or statement expected.
sveltekit-frontend/src/lib/services/context7-flashattention-integration.ts(67,1): error TS1128: Declaration or statement expected.
sveltekit-frontend/src/lib/services/context7-flashattention-integration.ts(219,11): error TS1134: Variable declaration expected.
sveltekit-frontend/src/lib/services/context7-flashattention-integration.ts(233,79): error TS1005: ')' expected.
sveltekit-frontend/src/lib/services/context7-flashattention-integration.ts(236,88): error TS1005: ')' expected.
sveltekit-frontend/src/lib/services/context7-flashattention-integration.ts(250,41): error TS1109: Expression expected.
sveltekit-frontend/src/lib/services/context7-flashattention-integration.ts(250,42): error TS1109: Expression expected.
sveltekit-frontend/src/lib/services/context7-flashattention-integration.ts(338,7): error TS1005: ')' expected.
sveltekit-frontend/src/lib/services/context7-flashattention-integration.ts(427,9): error TS1005: ')' expected.
sveltekit-frontend/src/lib/services/context7-flashattention-integration.ts(509,9): error TS1136: Property assignment expected.
sveltekit-frontend/src/lib/services/context7-flashattention-integration.ts(509,32): error TS1136: Property assignment expected.
sveltekit-frontend/src/lib/services/context7-flashattention-integration.ts(509,35): error TS1136: Property assignment expected.
sveltekit-frontend/src/lib/services/context7-flashattention-integration.ts(515,7): error TS1128: Declaration or statement expected.
sveltekit-frontend/src/lib/services/context7-flashattention-integration.ts(516,6): error TS1128: Declaration or statement expected.
sveltekit-frontend/src/lib/services/context7-flashattention-integration.ts(519,21): error TS1109: Expression expected.
sveltekit-frontend/src/lib/services/context7-flashattention-integration.ts(520,14): error TS1109: Expression expected.
sveltekit-frontend/src/lib/services/context7-flashattention-integration.ts(521,3): error TS1128: Declaration or statement expected.
sveltekit-frontend/src/lib/services/context7-flashattention-integration.ts(522,1): error TS1128: Declaration or statement expected.
sveltekit-frontend/src/lib/services/context7-orchestration-integration.ts(7,1): error TS1128: Declaration or statement expected.
sveltekit-frontend/src/lib/services/context7-orchestration-integration.ts(45,36): error TS1131: Property or signature expected.
sveltekit-frontend/src/lib/services/context7-orchestration-integration.ts(50,4): error TS1109: Expression expected.
sveltekit-frontend/src/lib/services/context7-orchestration-integration.ts(50,5): error TS1109: Expression expected.
sveltekit-frontend/src/lib/services/context7-orchestration-integration.ts(51,1): error TS1128: Declaration or statement expected.
sveltekit-frontend/src/lib/services/context7-orchestration-integration.ts(62,7): error TS1128: Declaration or statement expected.
sveltekit-frontend/src/lib/services/context7-orchestration-integration.ts(97,7): error TS1005: ')' expected.
sveltekit-frontend/src/lib/services/context7-orchestration-integration.ts(108,10): error TS1005: ';' expected.
sveltekit-frontend/src/lib/services/context7-orchestration-integration.ts(110,6): error TS1128: Declaration or statement expected.
sveltekit-frontend/src/lib/services/context7-orchestration-integration.ts(121,3): error TS1128: Declaration or statement expected.
sveltekit-frontend/src/lib/services/context7-orchestration-integration.ts(122,3): error TS1434: Unexpected keyword or identifier.
sveltekit-frontend/src/lib/services/context7-orchestration-integration.ts(122,31): error TS1109: Expression expected.
sveltekit-frontend/src/lib/services/context7-orchestration-integration.ts(122,45): error TS1109: Expression expected.
sveltekit-frontend/src/lib/services/context7-orchestration-integration.ts(123,11): error TS1005: ':' expected.
sveltekit-frontend/src/lib/services/context7-orchestration-integration.ts(123,70): error TS1005: ',' expected.
sveltekit-frontend/src/lib/services/context7-orchestration-integration.ts(124,9): error TS1005: ':' expected.
sveltekit-frontend/src/lib/services/context7-orchestration-integration.ts(124,95): error TS1005: ',' expected.
sveltekit-frontend/src/lib/services/context7-orchestration-integration.ts(125,9): error TS1005: ':' expected.
sveltekit-frontend/src/lib/services/context7-orchestration-integration.ts(125,94): error TS1005: ',' expected.
sveltekit-frontend/src/lib/services/context7-orchestration-integration.ts(126,9): error TS1005: ':' expected.
sveltekit-frontend/src/lib/services/context7-orchestration-integration.ts(126,48): error TS1005: ',' expected.
sveltekit-frontend/src/lib/services/context7-orchestration-integration.ts(127,9): error TS1005: ':' expected.
sveltekit-frontend/src/lib/services/context7-orchestration-integration.ts(127,54): error TS1005: ',' expected.
sveltekit-frontend/src/lib/services/context7-orchestration-integration.ts(129,3): error TS1434: Unexpected keyword or identifier.
sveltekit-frontend/src/lib/services/context7-orchestration-integration.ts(129,32): error TS1109: Expression expected.
sveltekit-frontend/src/lib/services/context7-orchestration-integration.ts(129,42): error TS1109: Expression expected.
sveltekit-frontend/src/lib/services/context7-orchestration-integration.ts(129,43): error TS1109: Expression expected.
sveltekit-frontend/src/lib/services/context7-orchestration-integration.ts(129,44): error TS1109: Expression expected.
sveltekit-frontend/src/lib/services/context7-orchestration-integration.ts(137,3): error TS1128: Declaration or statement expected.
sveltekit-frontend/src/lib/services/context7-orchestration-integration.ts(137,4): error TS1109: Expression expected.
sveltekit-frontend/src/lib/services/context7-orchestration-integration.ts(138,11): error TS1005: ':' expected.
sveltekit-frontend/src/lib/services/context7-orchestration-integration.ts(138,86): error TS1005: ',' expected.
sveltekit-frontend/src/lib/services/context7-orchestration-integration.ts(139,11): error TS1005: ':' expected.
sveltekit-frontend/src/lib/services/context7-orchestration-integration.ts(139,32): error TS1005: ',' expected.
sveltekit-frontend/src/lib/services/context7-orchestration-integration.ts(140,10): error TS1359: Identifier expected. 'const' is a reserved word that cannot be used here.
sveltekit-frontend/src/lib/services/context7-orchestration-integration.ts(140,16): error TS1005: ',' expected.
sveltekit-frontend/src/lib/services/context7-orchestration-integration.ts(140,50): error TS1005: ',' expected.
sveltekit-frontend/src/lib/services/context7-orchestration-integration.ts(151,5): error TS1005: ',' expected.
sveltekit-frontend/src/lib/services/context7-orchestration-integration.ts(151,11): error TS1005: ':' expected.
sveltekit-frontend/src/lib/services/context7-orchestration-integration.ts(159,5): error TS1005: ',' expected.
sveltekit-frontend/src/lib/services/context7-orchestration-integration.ts(159,9): error TS1005: ':' expected.
sveltekit-frontend/src/lib/services/context7-orchestration-integration.ts(160,45): error TS1005: ',' expected.
sveltekit-frontend/src/lib/services/context7-orchestration-integration.ts(160,46): error TS1136: Property assignment expected.
sveltekit-frontend/src/lib/services/context7-orchestration-integration.ts(161,7): error TS1003: Identifier expected.
sveltekit-frontend/src/lib/services/context7-orchestration-integration.ts(161,111): error TS1005: ',' expected.
sveltekit-frontend/src/lib/services/context7-orchestration-integration.ts(162,9): error TS1005: ':' expected.
sveltekit-frontend/src/lib/services/context7-orchestration-integration.ts(162,101): error TS1005: ',' expected.
sveltekit-frontend/src/lib/services/context7-orchestration-integration.ts(163,12): error TS1005: ':' expected.
sveltekit-frontend/src/lib/services/context7-orchestration-integration.ts(165,3): error TS1128: Declaration or statement expected.
sveltekit-frontend/src/lib/services/context7-orchestration-integration.ts(165,59): error TS1135: Argument expression expected.
sveltekit-frontend/src/lib/services/context7-orchestration-integration.ts(165,68): error TS1005: ';' expected.
sveltekit-frontend/src/lib/services/context7-orchestration-integration.ts(165,77): error TS1109: Expression expected.
sveltekit-frontend/src/lib/services/context7-orchestration-integration.ts(165,78): error TS1109: Expression expected.
sveltekit-frontend/src/lib/services/context7-orchestration-integration.ts(165,80): error TS1005: ';' expected.
sveltekit-frontend/src/lib/services/context7-orchestration-integration.ts(198,16): error TS1109: Expression expected.
sveltekit-frontend/src/lib/services/context7-orchestration-integration.ts(198,18): error TS1434: Unexpected keyword or identifier.
sveltekit-frontend/src/lib/services/context7-orchestration-integration.ts(201,26): error TS1109: Expression expected.
sveltekit-frontend/src/lib/services/context7-orchestration-integration.ts(201,28): error TS1434: Unexpected keyword or identifier.
sveltekit-frontend/src/lib/services/context7-orchestration-integration.ts(204,3): error TS1434: Unexpected keyword or identifier.
sveltekit-frontend/src/lib/services/context7-orchestration-integration.ts(204,33): error TS1109: Expression expected.
sveltekit-frontend/src/lib/services/context7-orchestration-integration.ts(205,11): error TS1005: ':' expected.
sveltekit-frontend/src/lib/services/context7-orchestration-integration.ts(205,61): error TS1005: ',' expected.
sveltekit-frontend/src/lib/services/context7-orchestration-integration.ts(206,11): error TS1005: ':' expected.
sveltekit-frontend/src/lib/services/context7-orchestration-integration.ts(206,65): error TS1005: ',' expected.
sveltekit-frontend/src/lib/services/context7-orchestration-integration.ts(207,9): error TS1005: ',' expected.
sveltekit-frontend/src/lib/services/context7-orchestration-integration.ts(207,34): error TS1005: ',' expected.
sveltekit-frontend/src/lib/services/context7-orchestration-integration.ts(208,13): error TS1136: Property assignment expected.
sveltekit-frontend/src/lib/services/context7-orchestration-integration.ts(208,56): error TS1005: ':' expected.
sveltekit-frontend/src/lib/services/context7-orchestration-integration.ts(209,13): error TS1136: Property assignment expected.
sveltekit-frontend/src/lib/services/context7-orchestration-integration.ts(209,74): error TS1005: ':' expected.
sveltekit-frontend/src/lib/services/context7-orchestration-integration.ts(210,10): error TS1359: Identifier expected. 'const' is a reserved word that cannot be used here.
sveltekit-frontend/src/lib/services/context7-orchestration-integration.ts(210,16): error TS1005: ',' expected.
sveltekit-frontend/src/lib/services/context7-orchestration-integration.ts(210,26): error TS1005: ',' expected.
sveltekit-frontend/src/lib/services/context7-orchestration-integration.ts(224,5): error TS1005: ',' expected.
sveltekit-frontend/src/lib/services/context7-orchestration-integration.ts(224,13): error TS1136: Property assignment expected.
sveltekit-frontend/src/lib/services/context7-orchestration-integration.ts(224,48): error TS1005: ':' expected.
sveltekit-frontend/src/lib/services/context7-orchestration-integration.ts(225,13): error TS1136: Property assignment expected.
sveltekit-frontend/src/lib/services/context7-orchestration-integration.ts(225,58): error TS1005: ':' expected.
sveltekit-frontend/src/lib/services/context7-orchestration-integration.ts(226,10): error TS1359: Identifier expected. 'const' is a reserved word that cannot be used here.
sveltekit-frontend/src/lib/services/context7-orchestration-integration.ts(226,16): error TS1005: ',' expected.
sveltekit-frontend/src/lib/services/context7-orchestration-integration.ts(226,29): error TS1005: ',' expected.
sveltekit-frontend/src/lib/services/context7-orchestration-integration.ts(229,5): error TS1005: ',' expected.
sveltekit-frontend/src/lib/services/context7-orchestration-integration.ts(229,13): error TS1136: Property assignment expected.
sveltekit-frontend/src/lib/services/context7-orchestration-integration.ts(229,67): error TS1005: ':' expected.
sveltekit-frontend/src/lib/services/context7-orchestration-integration.ts(230,12): error TS1005: ':' expected.
sveltekit-frontend/src/lib/services/context7-orchestration-integration.ts(230,19): error TS1005: ',' expected.
sveltekit-frontend/src/lib/services/context7-orchestration-integration.ts(232,3): error TS1128: Declaration or statement expected.
sveltekit-frontend/src/lib/services/context7-orchestration-integration.ts(232,35): error TS1135: Argument expression expected.
sveltekit-frontend/src/lib/services/context7-orchestration-integration.ts(232,44): error TS1005: ';' expected.
sveltekit-frontend/src/lib/services/context7-orchestration-integration.ts(232,46): error TS1434: Unexpected keyword or identifier.
sveltekit-frontend/src/lib/services/context7-orchestration-integration.ts(241,3): error TS1434: Unexpected keyword or identifier.
sveltekit-frontend/src/lib/services/context7-orchestration-integration.ts(241,34): error TS1109: Expression expected.
sveltekit-frontend/src/lib/services/context7-orchestration-integration.ts(242,11): error TS1005: ':' expected.
sveltekit-frontend/src/lib/services/context7-orchestration-integration.ts(245,7): error TS1005: ',' expected.
sveltekit-frontend/src/lib/services/context7-orchestration-integration.ts(246,11): error TS1005: ':' expected.
sveltekit-frontend/src/lib/services/context7-orchestration-integration.ts(253,6): error TS1005: ',' expected.
sveltekit-frontend/src/lib/services/context7-orchestration-integration.ts(254,12): error TS1005: ':' expected.
sveltekit-frontend/src/lib/services/context7-orchestration-integration.ts(261,1): error TS1128: Declaration or statement expected.
sveltekit-frontend/src/lib/services/context7-orchestration-integration.ts(273,14): error TS1003: Identifier expected.
sveltekit-frontend/src/lib/services/context7-orchestration-integration.ts(274,5): error TS1136: Property assignment expected.
sveltekit-frontend/src/lib/services/context7-orchestration-integration.ts(274,6): error TS1136: Property assignment expected.
sveltekit-frontend/src/lib/services/crewai-service.ts(14,1): error TS1128: Declaration or statement expected.
sveltekit-frontend/src/lib/services/crewai-service.ts(41,1): error TS1128: Declaration or statement expected.
sveltekit-frontend/src/lib/services/crewai-service.ts(53,1): error TS1128: Declaration or statement expected.
sveltekit-frontend/src/lib/services/crewai-service.ts(182,21): error TS1005: ',' expected.
sveltekit-frontend/src/lib/services/crewai-service.ts(333,21): error TS1005: ',' expected.
sveltekit-frontend/src/lib/services/crewai-service.ts(404,40): error TS1005: ';' expected.
sveltekit-frontend/src/lib/services/crewai-service.ts(408,30): error TS1005: ';' expected.
sveltekit-frontend/src/lib/services/crewai-service.ts(408,31): error TS1131: Property or signature expected.
sveltekit-frontend/src/lib/services/crewai-service.ts(409,11): error TS1005: ';' expected.
sveltekit-frontend/src/lib/services/crewai-service.ts(410,3): error TS1068: Unexpected token. A constructor, method, accessor, or property was expected.
sveltekit-frontend/src/lib/services/crewai-service.ts(410,4): error TS1068: Unexpected token. A constructor, method, accessor, or property was expected.
sveltekit-frontend/src/lib/services/crewai-service.ts(410,28): error TS1005: '(' expected.
sveltekit-frontend/src/lib/services/crewai-service.ts(410,30): error TS1068: Unexpected token. A constructor, method, accessor, or property was expected.
sveltekit-frontend/src/lib/services/crewai-service.ts(417,72): error TS1136: Property assignment expected.
sveltekit-frontend/src/lib/services/crewai-service.ts(417,74): error TS1005: ',' expected.
sveltekit-frontend/src/lib/services/crewai-service.ts(418,10): error TS1472: 'catch' or 'finally' expected.
sveltekit-frontend/src/lib/services/crewai-service.ts(429,16): error TS1109: Expression expected.
sveltekit-frontend/src/lib/services/crewai-service.ts(430,8): error TS1128: Declaration or statement expected.
sveltekit-frontend/src/lib/services/crewai-service.ts(431,21): error TS1109: Expression expected.
sveltekit-frontend/src/lib/services/crewai-service.ts(434,9): error TS1109: Expression expected.
sveltekit-frontend/src/lib/services/crewai-service.ts(438,5): error TS1128: Declaration or statement expected.
sveltekit-frontend/src/lib/services/crewai-service.ts(438,7): error TS1005: 'try' expected.
sveltekit-frontend/src/lib/services/crewai-service.ts(442,3): error TS1128: Declaration or statement expected.
sveltekit-frontend/src/lib/services/crewai-service.ts(446,3): error TS1434: Unexpected keyword or identifier.
sveltekit-frontend/src/lib/services/crewai-service.ts(446,34): error TS1135: Argument expression expected.
sveltekit-frontend/src/lib/services/crewai-service.ts(446,43): error TS1005: ';' expected.
sveltekit-frontend/src/lib/services/crewai-service.ts(447,9): error TS1005: ':' expected.
sveltekit-frontend/src/lib/services/crewai-service.ts(448,13): error TS1005: ':' expected.
sveltekit-frontend/src/lib/services/crewai-service.ts(449,56): error TS1005: ',' expected.
sveltekit-frontend/src/lib/services/crewai-service.ts(450,9): error TS1136: Property assignment expected.
sveltekit-frontend/src/lib/services/crewai-service.ts(452,19): error TS1109: Expression expected.
sveltekit-frontend/src/lib/services/crewai-service.ts(453,13): error TS1128: Declaration or statement expected.
sveltekit-frontend/src/lib/services/crewai-service.ts(453,74): error TS1136: Property assignment expected.
sveltekit-frontend/src/lib/services/crewai-service.ts(455,10): error TS1128: Declaration or statement expected.
sveltekit-frontend/src/lib/services/crewai-service.ts(456,7): error TS1128: Declaration or statement expected.
sveltekit-frontend/src/lib/services/crewai-service.ts(461,5): error TS1128: Declaration or statement expected.
sveltekit-frontend/src/lib/services/crewai-service.ts(461,7): error TS1005: 'try' expected.
sveltekit-frontend/src/lib/services/crewai-service.ts(465,3): error TS1128: Declaration or statement expected.
sveltekit-frontend/src/lib/services/crewai-service.ts(469,3): error TS1434: Unexpected keyword or identifier.
sveltekit-frontend/src/lib/services/crewai-service.ts(469,37): error TS1135: Argument expression expected.
sveltekit-frontend/src/lib/services/crewai-service.ts(469,46): error TS1005: ';' expected.
sveltekit-frontend/src/lib/services/crewai-service.ts(469,60): error TS1109: Expression expected.
sveltekit-frontend/src/lib/services/crewai-service.ts(470,9): error TS1005: ':' expected.
sveltekit-frontend/src/lib/services/crewai-service.ts(471,13): error TS1005: ',' expected.
sveltekit-frontend/src/lib/services/crewai-service.ts(471,19): error TS1003: Identifier expected.
sveltekit-frontend/src/lib/services/crewai-service.ts(471,27): error TS1005: ',' expected.
sveltekit-frontend/src/lib/services/crewai-service.ts(471,51): error TS1136: Property assignment expected.
sveltekit-frontend/src/lib/services/crewai-service.ts(471,53): error TS1005: ';' expected.
sveltekit-frontend/src/lib/services/crewai-service.ts(471,66): error TS1161: Unterminated regular expression literal.
sveltekit-frontend/src/lib/services/crewai-service.ts(473,17): error TS1109: Expression expected.
sveltekit-frontend/src/lib/services/crewai-service.ts(474,11): error TS1128: Declaration or statement expected.
sveltekit-frontend/src/lib/services/crewai-service.ts(474,72): error TS1136: Property assignment expected.
sveltekit-frontend/src/lib/services/crewai-service.ts(476,7): error TS1128: Declaration or statement expected.
sveltekit-frontend/src/lib/services/crewai-service.ts(476,8): error TS1128: Declaration or statement expected.
sveltekit-frontend/src/lib/services/crewai-service.ts(477,5): error TS1128: Declaration or statement expected.
sveltekit-frontend/src/lib/services/crewai-service.ts(477,7): error TS1005: 'try' expected.
sveltekit-frontend/src/lib/services/crewai-service.ts(481,3): error TS1128: Declaration or statement expected.
sveltekit-frontend/src/lib/services/crewai-service.ts(485,3): error TS1434: Unexpected keyword or identifier.
sveltekit-frontend/src/lib/services/crewai-service.ts(485,23): error TS1109: Expression expected.
sveltekit-frontend/src/lib/services/crewai-service.ts(486,9): error TS1005: ':' expected.
sveltekit-frontend/src/lib/services/crewai-service.ts(487,13): error TS1005: ':' expected.
sveltekit-frontend/src/lib/services/crewai-service.ts(490,9): error TS1005: ',' expected.
sveltekit-frontend/src/lib/services/crewai-service.ts(491,14): error TS1005: ':' expected.
sveltekit-frontend/src/lib/services/crewai-service.ts(491,26): error TS1005: ',' expected.
sveltekit-frontend/src/lib/services/crewai-service.ts(492,7): error TS1005: ',' expected.
sveltekit-frontend/src/lib/services/crewai-service.ts(492,12): error TS1005: ':' expected.
sveltekit-frontend/src/lib/services/crewai-service.ts(492,14): error TS1136: Property assignment expected.
sveltekit-frontend/src/lib/services/crewai-service.ts(495,3): error TS1128: Declaration or statement expected.
sveltekit-frontend/src/lib/services/crewai-service.ts(499,3): error TS1434: Unexpected keyword or identifier.
sveltekit-frontend/src/lib/services/crewai-service.ts(499,29): error TS1109: Expression expected.
sveltekit-frontend/src/lib/services/crewai-service.ts(499,46): error TS1011: An element access expression should take an argument.
sveltekit-frontend/src/lib/services/crewai-service.ts(500,9): error TS1005: ':' expected.
sveltekit-frontend/src/lib/services/crewai-service.ts(501,13): error TS1005: ':' expected.
sveltekit-frontend/src/lib/services/crewai-service.ts(504,72): error TS1136: Property assignment expected.
sveltekit-frontend/src/lib/services/crewai-service.ts(504,74): error TS1005: ',' expected.
sveltekit-frontend/src/lib/services/crewai-service.ts(506,8): error TS1005: ';' expected.
sveltekit-frontend/src/lib/services/crewai-service.ts(512,5): error TS1128: Declaration or statement expected.
sveltekit-frontend/src/lib/services/crewai-service.ts(512,7): error TS1005: 'try' expected.
sveltekit-frontend/src/lib/services/crewai-service.ts(526,3): error TS1128: Declaration or statement expected.
sveltekit-frontend/src/lib/services/crewai-service.ts(532,3): error TS1128: Declaration or statement expected.
sveltekit-frontend/src/lib/services/crewai-service.ts(532,4): error TS1128: Declaration or statement expected.
sveltekit-frontend/src/lib/services/crewai-service.ts(532,41): error TS1109: Expression expected.
sveltekit-frontend/src/lib/services/crewai-service.ts(533,11): error TS1005: ':' expected.
sveltekit-frontend/src/lib/services/crewai-service.ts(535,6): error TS1005: ',' expected.
sveltekit-frontend/src/lib/services/crewai-service.ts(536,9): error TS1005: ':' expected.
sveltekit-frontend/src/lib/services/crewai-service.ts(537,14): error TS1359: Identifier expected. 'true' is a reserved word that cannot be used here.
sveltekit-frontend/src/lib/services/crewai-service.ts(539,42): error TS1005: ';' expected.
sveltekit-frontend/src/lib/services/crewai-service.ts(541,10): error TS1005: ',' expected.
sveltekit-frontend/src/lib/services/crewai-service.ts(541,11): error TS1136: Property assignment expected.
sveltekit-frontend/src/lib/services/crewai-service.ts(542,19): error TS1138: Parameter declaration expected.
sveltekit-frontend/src/lib/services/crewai-service.ts(542,36): error TS1005: ',' expected.
sveltekit-frontend/src/lib/services/crewai-service.ts(542,38): error TS1136: Property assignment expected.
sveltekit-frontend/src/lib/services/crewai-service.ts(551,7): error TS1128: Declaration or statement expected.
sveltekit-frontend/src/lib/services/crewai-service.ts(552,5): error TS1128: Declaration or statement expected.
sveltekit-frontend/src/lib/services/crewai-service.ts(552,7): error TS1005: 'try' expected.
sveltekit-frontend/src/lib/services/crewai-service.ts(555,3): error TS1128: Declaration or statement expected.
sveltekit-frontend/src/lib/services/crewai-service.ts(562,25): error TS1011: An element access expression should take an argument.
sveltekit-frontend/src/lib/services/crewai-service.ts(563,23): error TS1011: An element access expression should take an argument.
sveltekit-frontend/src/lib/services/crewai-service.ts(564,59): error TS1109: Expression expected.
sveltekit-frontend/src/lib/services/crewai-service.ts(565,3): error TS1109: Expression expected.
sveltekit-frontend/src/lib/services/crewai-service.ts(565,4): error TS1128: Declaration or statement expected.
sveltekit-frontend/src/lib/services/crewai-service.ts(565,6): error TS1434: Unexpected keyword or identifier.
sveltekit-frontend/src/lib/services/crewai-service.ts(577,1): error TS1128: Declaration or statement expected.
sveltekit-frontend/src/lib/services/crewai-service.ts(583,25): error TS1011: An element access expression should take an argument.
sveltekit-frontend/src/lib/services/crewai-service.ts(584,16): error TS1109: Expression expected.
sveltekit-frontend/src/lib/services/crewai-service.ts(585,1): error TS1109: Expression expected.
sveltekit-frontend/src/lib/services/crewai-service.ts(585,2): error TS1128: Declaration or statement expected.
sveltekit-frontend/src/lib/services/crewai-service.ts(586,9): error TS1005: ':' expected.
sveltekit-frontend/src/lib/services/crewai-service.ts(586,60): error TS1005: ',' expected.
sveltekit-frontend/src/lib/services/crewai-service.ts(587,9): error TS1005: ':' expected.
sveltekit-frontend/src/lib/services/crewai-service.ts(593,3): error TS1005: ',' expected.
sveltekit-frontend/src/lib/services/crewai-service.ts(593,7): error TS1005: ':' expected.
sveltekit-frontend/src/lib/services/crewai-service.ts(594,11): error TS1005: ':' expected.
sveltekit-frontend/src/lib/services/crewai-service.ts(597,5): error TS1136: Property assignment expected.
sveltekit-frontend/src/lib/services/crewai-service.ts(597,7): error TS1005: ',' expected.
sveltekit-frontend/src/lib/services/crewai-service.ts(597,8): error TS1136: Property assignment expected.
sveltekit-frontend/src/lib/services/crewai-service.ts(599,9): error TS1005: ',' expected.
sveltekit-frontend/src/lib/services/crewai-service.ts(599,35): error TS1005: ',' expected.
sveltekit-frontend/src/lib/services/crewai-service.ts(600,9): error TS1005: ',' expected.
sveltekit-frontend/src/lib/services/crewai-service.ts(600,19): error TS1109: Expression expected.
sveltekit-frontend/src/lib/services/crewai-service.ts(600,22): error TS1005: ':' expected.
sveltekit-frontend/src/lib/services/crewai-service.ts(601,11): error TS1005: ':' expected.
sveltekit-frontend/src/lib/services/crewai-service.ts(601,28): error TS1005: ':' expected.
sveltekit-frontend/src/lib/services/crewai-service.ts(602,20): error TS1138: Parameter declaration expected.
sveltekit-frontend/src/lib/services/crewai-service.ts(602,60): error TS1005: ';' expected.
sveltekit-frontend/src/lib/services/crewai-service.ts(602,63): error TS1109: Expression expected.
sveltekit-frontend/src/lib/services/crewai-service.ts(603,63): error TS1005: ')' expected.
sveltekit-frontend/src/lib/services/crewai-service.ts(623,3): error TS1128: Declaration or statement expected.
sveltekit-frontend/src/lib/services/crewai-service.ts(623,5): error TS1005: 'try' expected.
sveltekit-frontend/src/lib/services/crewai-service.ts(627,1): error TS1128: Declaration or statement expected.
sveltekit-frontend/src/lib/services/crewai-service.ts(631,19): error TS1109: Expression expected.
sveltekit-frontend/src/lib/services/crewai-service.ts(632,1): error TS1109: Expression expected.
sveltekit-frontend/src/lib/services/crewai-service.ts(632,2): error TS1128: Declaration or statement expected.
sveltekit-frontend/src/lib/services/crewai-service.ts(633,9): error TS1005: ':' expected.
sveltekit-frontend/src/lib/services/crewai-service.ts(633,58): error TS1005: ',' expected.
sveltekit-frontend/src/lib/services/crewai-service.ts(634,9): error TS1005: ':' expected.
sveltekit-frontend/src/lib/services/crewai-service.ts(640,3): error TS1005: ',' expected.
sveltekit-frontend/src/lib/services/crewai-service.ts(640,7): error TS1005: ':' expected.
sveltekit-frontend/src/lib/services/crewai-service.ts(641,11): error TS1005: ':' expected.
sveltekit-frontend/src/lib/services/crewai-service.ts(644,5): error TS1136: Property assignment expected.
sveltekit-frontend/src/lib/services/crewai-service.ts(644,7): error TS1005: ',' expected.
sveltekit-frontend/src/lib/services/crewai-service.ts(644,8): error TS1136: Property assignment expected.
sveltekit-frontend/src/lib/services/crewai-service.ts(646,9): error TS1005: ',' expected.
sveltekit-frontend/src/lib/services/crewai-service.ts(646,35): error TS1005: ',' expected.
sveltekit-frontend/src/lib/services/crewai-service.ts(647,9): error TS1005: ',' expected.
sveltekit-frontend/src/lib/services/crewai-service.ts(647,19): error TS1109: Expression expected.
sveltekit-frontend/src/lib/services/crewai-service.ts(647,22): error TS1005: ':' expected.
sveltekit-frontend/src/lib/services/crewai-service.ts(648,11): error TS1005: ':' expected.
sveltekit-frontend/src/lib/services/crewai-service.ts(648,28): error TS1005: ':' expected.
sveltekit-frontend/src/lib/services/crewai-service.ts(649,20): error TS1138: Parameter declaration expected.
sveltekit-frontend/src/lib/services/crewai-service.ts(649,60): error TS1005: ';' expected.
sveltekit-frontend/src/lib/services/crewai-service.ts(649,63): error TS1109: Expression expected.
sveltekit-frontend/src/lib/services/crewai-service.ts(650,63): error TS1005: ')' expected.
sveltekit-frontend/src/lib/services/crewai-service.ts(670,3): error TS1128: Declaration or statement expected.
sveltekit-frontend/src/lib/services/crewai-service.ts(670,5): error TS1005: 'try' expected.
sveltekit-frontend/src/lib/services/crewai-service.ts(674,1): error TS1128: Declaration or statement expected.
sveltekit-frontend/src/lib/services/crud-client.ts(5,1): error TS1128: Declaration or statement expected.
sveltekit-frontend/src/lib/services/crud-client.ts(26,1): error TS1128: Declaration or statement expected.
sveltekit-frontend/src/lib/services/crud-client.ts(45,1): error TS1128: Declaration or statement expected.
sveltekit-frontend/src/lib/services/crud-client.ts(57,1): error TS1128: Declaration or statement expected.
sveltekit-frontend/src/lib/services/crud-client.ts(70,1): error TS1128: Declaration or statement expected.
sveltekit-frontend/src/lib/services/crud-client.ts(82,1): error TS1128: Declaration or statement expected.
sveltekit-frontend/src/lib/services/crud-client.ts(95,1): error TS1128: Declaration or statement expected.
sveltekit-frontend/src/lib/services/crud-client.ts(114,3): error TS1109: Expression expected.
sveltekit-frontend/src/lib/services/crud-client.ts(115,3): error TS1109: Expression expected.
sveltekit-frontend/src/lib/services/crud-client.ts(120,3): error TS1109: Expression expected.
sveltekit-frontend/src/lib/services/crud-client.ts(121,3): error TS1109: Expression expected.
sveltekit-frontend/src/lib/services/crud-client.ts(127,3): error TS1068: Unexpected token. A constructor, method, accessor, or property was expected.
sveltekit-frontend/src/lib/services/crud-client.ts(127,5): error TS1068: Unexpected token. A constructor, method, accessor, or property was expected.
sveltekit-frontend/src/lib/services/crud-client.ts(131,1): error TS1128: Declaration or statement expected.
sveltekit-frontend/src/lib/services/crud-client.ts(135,46): error TS1442: Expected '=' for property initializer.
sveltekit-frontend/src/lib/services/crud-client.ts(138,3): error TS1068: Unexpected token. A constructor, method, accessor, or property was expected.
sveltekit-frontend/src/lib/services/crud-client.ts(138,4): error TS1068: Unexpected token. A constructor, method, accessor, or property was expected.
sveltekit-frontend/src/lib/services/crud-client.ts(138,27): error TS1139: Type parameter declaration expected.
sveltekit-frontend/src/lib/services/crud-client.ts(139,11): error TS1005: ':' expected.
sveltekit-frontend/src/lib/services/crud-client.ts(139,80): error TS1005: ',' expected.
sveltekit-frontend/src/lib/services/crud-client.ts(140,11): error TS1005: ':' expected.
sveltekit-frontend/src/lib/services/crud-client.ts(146,5): error TS1005: ',' expected.
sveltekit-frontend/src/lib/services/crud-client.ts(149,5): error TS1005: ',' expected.
sveltekit-frontend/src/lib/services/crud-client.ts(149,9): error TS1005: ':' expected.
sveltekit-frontend/src/lib/services/crud-client.ts(151,13): error TS1005: ':' expected.
sveltekit-frontend/src/lib/services/crud-client.ts(151,41): error TS1005: ',' expected.
sveltekit-frontend/src/lib/services/crud-client.ts(152,11): error TS1003: Identifier expected.
sveltekit-frontend/src/lib/services/crud-client.ts(152,21): error TS1138: Parameter declaration expected.
sveltekit-frontend/src/lib/services/crud-client.ts(152,25): error TS1005: ',' expected.
sveltekit-frontend/src/lib/services/crud-client.ts(152,27): error TS1136: Property assignment expected.
sveltekit-frontend/src/lib/services/crud-client.ts(157,9): error TS1128: Declaration or statement expected.
sveltekit-frontend/src/lib/services/crud-client.ts(160,5): error TS1128: Declaration or statement expected.
sveltekit-frontend/src/lib/services/crud-client.ts(160,7): error TS1005: 'try' expected.
sveltekit-frontend/src/lib/services/crud-client.ts(166,7): error TS1128: Declaration or statement expected.
sveltekit-frontend/src/lib/services/crud-client.ts(168,3): error TS1128: Declaration or statement expected.
sveltekit-frontend/src/lib/services/crud-client.ts(170,3): error TS1434: Unexpected keyword or identifier.
sveltekit-frontend/src/lib/services/crud-client.ts(170,36): error TS1005: '?' expected.
sveltekit-frontend/src/lib/services/crud-client.ts(173,3): error TS1128: Declaration or statement expected.
sveltekit-frontend/src/lib/services/crud-client.ts(173,4): error TS1128: Declaration or statement expected.
sveltekit-frontend/src/lib/services/crud-client.ts(174,12): error TS1005: ':' expected.
sveltekit-frontend/src/lib/services/crud-client.ts(178,7): error TS1005: ',' expected.
sveltekit-frontend/src/lib/services/crud-client.ts(180,3): error TS1434: Unexpected keyword or identifier.
sveltekit-frontend/src/lib/services/crud-client.ts(180,34): error TS1005: '?' expected.
sveltekit-frontend/src/lib/services/crud-client.ts(183,3): error TS1128: Declaration or statement expected.
sveltekit-frontend/src/lib/services/crud-client.ts(183,4): error TS1128: Declaration or statement expected.
sveltekit-frontend/src/lib/services/crud-client.ts(184,11): error TS1005: ':' expected.
sveltekit-frontend/src/lib/services/crud-client.ts(188,7): error TS1005: ',' expected.
sveltekit-frontend/src/lib/services/crud-client.ts(189,12): error TS1005: ':' expected.
sveltekit-frontend/src/lib/services/crud-client.ts(189,42): error TS1005: ',' expected.
sveltekit-frontend/src/lib/services/crud-client.ts(191,3): error TS1434: Unexpected keyword or identifier.
sveltekit-frontend/src/lib/services/crud-client.ts(191,36): error TS1005: '?' expected.
sveltekit-frontend/src/lib/services/crud-client.ts(195,3): error TS1128: Declaration or statement expected.
sveltekit-frontend/src/lib/services/crud-client.ts(195,4): error TS1128: Declaration or statement expected.
sveltekit-frontend/src/lib/services/crud-client.ts(196,12): error TS1005: ':' expected.
sveltekit-frontend/src/lib/services/crud-client.ts(201,7): error TS1005: ',' expected.
sveltekit-frontend/src/lib/services/crud-client.ts(203,3): error TS1434: Unexpected keyword or identifier.
sveltekit-frontend/src/lib/services/crud-client.ts(203,36): error TS1005: '?' expected.
sveltekit-frontend/src/lib/services/crud-client.ts(203,37): error TS1109: Expression expected.
sveltekit-frontend/src/lib/services/crud-client.ts(203,39): error TS1109: Expression expected.
sveltekit-frontend/src/lib/services/crud-client.ts(206,3): error TS1128: Declaration or statement expected.
sveltekit-frontend/src/lib/services/crud-client.ts(206,4): error TS1128: Declaration or statement expected.
sveltekit-frontend/src/lib/services/crud-client.ts(207,12): error TS1005: ':' expected.
sveltekit-frontend/src/lib/services/crud-client.ts(211,7): error TS1005: ',' expected.
sveltekit-frontend/src/lib/services/crud-client.ts(213,3): error TS1434: Unexpected keyword or identifier.
sveltekit-frontend/src/lib/services/crud-client.ts(213,34): error TS1005: '?' expected.
sveltekit-frontend/src/lib/services/crud-client.ts(216,3): error TS1128: Declaration or statement expected.
sveltekit-frontend/src/lib/services/crud-client.ts(216,4): error TS1128: Declaration or statement expected.
sveltekit-frontend/src/lib/services/crud-client.ts(216,30): error TS1109: Expression expected.
sveltekit-frontend/src/lib/services/crud-client.ts(216,32): error TS1109: Expression expected.
sveltekit-frontend/src/lib/services/crud-client.ts(217,11): error TS1005: ':' expected.
sveltekit-frontend/src/lib/services/crud-client.ts(224,7): error TS1005: ',' expected.
sveltekit-frontend/src/lib/services/crud-client.ts(225,12): error TS1005: ':' expected.
sveltekit-frontend/src/lib/services/crud-client.ts(225,44): error TS1005: ',' expected.
sveltekit-frontend/src/lib/services/crud-client.ts(227,3): error TS1434: Unexpected keyword or identifier.
sveltekit-frontend/src/lib/services/crud-client.ts(227,36): error TS1005: '?' expected.
sveltekit-frontend/src/lib/services/crud-client.ts(230,3): error TS1128: Declaration or statement expected.
sveltekit-frontend/src/lib/services/crud-client.ts(230,4): error TS1128: Declaration or statement expected.
sveltekit-frontend/src/lib/services/crud-client.ts(230,30): error TS1109: Expression expected.
sveltekit-frontend/src/lib/services/crud-client.ts(230,32): error TS1109: Expression expected.
sveltekit-frontend/src/lib/services/crud-client.ts(231,11): error TS1005: ':' expected.
sveltekit-frontend/src/lib/services/crud-client.ts(240,7): error TS1005: ',' expected.
sveltekit-frontend/src/lib/services/crud-client.ts(241,12): error TS1005: ':' expected.
sveltekit-frontend/src/lib/services/crud-client.ts(241,44): error TS1005: ',' expected.
sveltekit-frontend/src/lib/services/crud-client.ts(244,3): error TS1434: Unexpected keyword or identifier.
sveltekit-frontend/src/lib/services/crud-client.ts(244,25): error TS1135: Argument expression expected.
sveltekit-frontend/src/lib/services/crud-client.ts(244,41): error TS1005: ';' expected.
sveltekit-frontend/src/lib/services/crud-client.ts(245,12): error TS1005: ':' expected.
sveltekit-frontend/src/lib/services/crud-client.ts(245,44): error TS1005: ',' expected.
sveltekit-frontend/src/lib/services/crud-client.ts(247,3): error TS1434: Unexpected keyword or identifier.
sveltekit-frontend/src/lib/services/crud-client.ts(247,27): error TS1135: Argument expression expected.
sveltekit-frontend/src/lib/services/crud-client.ts(247,52): error TS1005: ';' expected.
sveltekit-frontend/src/lib/services/crud-client.ts(247,81): error TS1109: Expression expected.
sveltekit-frontend/src/lib/services/crud-client.ts(247,83): error TS1109: Expression expected.
sveltekit-frontend/src/lib/services/crud-client.ts(248,12): error TS1005: ':' expected.
sveltekit-frontend/src/lib/services/crud-client.ts(248,45): error TS1005: ',' expected.
sveltekit-frontend/src/lib/services/crud-client.ts(250,3): error TS1434: Unexpected keyword or identifier.
sveltekit-frontend/src/lib/services/crud-client.ts(250,23): error TS1135: Argument expression expected.
sveltekit-frontend/src/lib/services/crud-client.ts(250,38): error TS1005: ',' expected.
sveltekit-frontend/src/lib/services/crud-client.ts(250,55): error TS1005: ';' expected.
sveltekit-frontend/src/lib/services/crud-client.ts(251,12): error TS1005: ':' expected.
sveltekit-frontend/src/lib/services/crud-client.ts(251,48): error TS1005: ',' expected.
sveltekit-frontend/src/lib/services/crud-client.ts(253,3): error TS1434: Unexpected keyword or identifier.
sveltekit-frontend/src/lib/services/crud-client.ts(253,23): error TS1135: Argument expression expected.
sveltekit-frontend/src/lib/services/crud-client.ts(253,32): error TS1005: ';' expected.
sveltekit-frontend/src/lib/services/crud-client.ts(254,12): error TS1005: ':' expected.
sveltekit-frontend/src/lib/services/crud-client.ts(254,42): error TS1005: ',' expected.
sveltekit-frontend/src/lib/services/crud-client.ts(256,3): error TS1434: Unexpected keyword or identifier.
sveltekit-frontend/src/lib/services/crud-client.ts(256,27): error TS1135: Argument expression expected.
sveltekit-frontend/src/lib/services/crud-client.ts(256,45): error TS1005: ',' expected.
sveltekit-frontend/src/lib/services/crud-client.ts(256,75): error TS1005: ';' expected.
sveltekit-frontend/src/lib/services/crud-client.ts(256,104): error TS1109: Expression expected.
sveltekit-frontend/src/lib/services/crud-client.ts(256,106): error TS1109: Expression expected.
sveltekit-frontend/src/lib/services/crud-client.ts(257,12): error TS1005: ':' expected.
sveltekit-frontend/src/lib/services/crud-client.ts(257,61): error TS1005: ',' expected.
sveltekit-frontend/src/lib/services/crud-client.ts(259,3): error TS1434: Unexpected keyword or identifier.
sveltekit-frontend/src/lib/services/crud-client.ts(259,29): error TS1135: Argument expression expected.
sveltekit-frontend/src/lib/services/crud-client.ts(259,49): error TS1005: ';' expected.
sveltekit-frontend/src/lib/services/crud-client.ts(260,12): error TS1005: ':' expected.
sveltekit-frontend/src/lib/services/crud-client.ts(260,51): error TS1005: ',' expected.
sveltekit-frontend/src/lib/services/crud-client.ts(262,3): error TS1434: Unexpected keyword or identifier.
sveltekit-frontend/src/lib/services/crud-client.ts(262,30): error TS1135: Argument expression expected.
sveltekit-frontend/src/lib/services/crud-client.ts(262,55): error TS1005: ';' expected.
sveltekit-frontend/src/lib/services/crud-client.ts(262,88): error TS1109: Expression expected.
sveltekit-frontend/src/lib/services/crud-client.ts(262,90): error TS1109: Expression expected.
sveltekit-frontend/src/lib/services/crud-client.ts(263,12): error TS1005: ':' expected.
sveltekit-frontend/src/lib/services/crud-client.ts(263,52): error TS1005: ',' expected.
sveltekit-frontend/src/lib/services/crud-client.ts(265,3): error TS1434: Unexpected keyword or identifier.
sveltekit-frontend/src/lib/services/crud-client.ts(265,27): error TS1135: Argument expression expected.
sveltekit-frontend/src/lib/services/crud-client.ts(265,42): error TS1005: ',' expected.
sveltekit-frontend/src/lib/services/crud-client.ts(265,63): error TS1005: ';' expected.
sveltekit-frontend/src/lib/services/crud-client.ts(266,12): error TS1005: ':' expected.
sveltekit-frontend/src/lib/services/crud-client.ts(266,55): error TS1005: ',' expected.
sveltekit-frontend/src/lib/services/crud-client.ts(268,3): error TS1434: Unexpected keyword or identifier.
sveltekit-frontend/src/lib/services/crud-client.ts(268,27): error TS1135: Argument expression expected.
sveltekit-frontend/src/lib/services/crud-client.ts(268,36): error TS1005: ';' expected.
sveltekit-frontend/src/lib/services/crud-client.ts(269,12): error TS1005: ':' expected.
sveltekit-frontend/src/lib/services/crud-client.ts(269,49): error TS1005: ',' expected.
sveltekit-frontend/src/lib/services/crud-client.ts(271,3): error TS1434: Unexpected keyword or identifier.
sveltekit-frontend/src/lib/services/crud-client.ts(271,30): error TS1135: Argument expression expected.
sveltekit-frontend/src/lib/services/crud-client.ts(271,48): error TS1005: ',' expected.
sveltekit-frontend/src/lib/services/crud-client.ts(271,78): error TS1005: ';' expected.
sveltekit-frontend/src/lib/services/crud-client.ts(271,111): error TS1109: Expression expected.
sveltekit-frontend/src/lib/services/crud-client.ts(271,113): error TS1109: Expression expected.
sveltekit-frontend/src/lib/services/crud-client.ts(272,12): error TS1005: ':' expected.
sveltekit-frontend/src/lib/services/crud-client.ts(272,68): error TS1005: ',' expected.
sveltekit-frontend/src/lib/services/crud-client.ts(274,3): error TS1434: Unexpected keyword or identifier.
sveltekit-frontend/src/lib/services/crud-client.ts(274,29): error TS1135: Argument expression expected.
sveltekit-frontend/src/lib/services/crud-client.ts(274,49): error TS1005: ';' expected.
sveltekit-frontend/src/lib/services/crud-client.ts(275,12): error TS1005: ':' expected.
sveltekit-frontend/src/lib/services/crud-client.ts(275,52): error TS1005: ',' expected.
sveltekit-frontend/src/lib/services/crud-client.ts(277,3): error TS1434: Unexpected keyword or identifier.
sveltekit-frontend/src/lib/services/crud-client.ts(277,31): error TS1135: Argument expression expected.
sveltekit-frontend/src/lib/services/crud-client.ts(277,56): error TS1005: ';' expected.
sveltekit-frontend/src/lib/services/crud-client.ts(277,89): error TS1109: Expression expected.
sveltekit-frontend/src/lib/services/crud-client.ts(277,91): error TS1109: Expression expected.
sveltekit-frontend/src/lib/services/crud-client.ts(278,12): error TS1005: ':' expected.
sveltekit-frontend/src/lib/services/crud-client.ts(278,53): error TS1005: ',' expected.
sveltekit-frontend/src/lib/services/crud-client.ts(280,3): error TS1434: Unexpected keyword or identifier.
sveltekit-frontend/src/lib/services/crud-client.ts(280,27): error TS1135: Argument expression expected.
sveltekit-frontend/src/lib/services/crud-client.ts(280,42): error TS1005: ',' expected.
sveltekit-frontend/src/lib/services/crud-client.ts(280,63): error TS1005: ';' expected.
sveltekit-frontend/src/lib/services/crud-client.ts(281,12): error TS1005: ':' expected.
sveltekit-frontend/src/lib/services/crud-client.ts(281,56): error TS1005: ',' expected.
sveltekit-frontend/src/lib/services/crud-client.ts(283,3): error TS1434: Unexpected keyword or identifier.
sveltekit-frontend/src/lib/services/crud-client.ts(283,27): error TS1135: Argument expression expected.
sveltekit-frontend/src/lib/services/crud-client.ts(283,36): error TS1005: ';' expected.
sveltekit-frontend/src/lib/services/crud-client.ts(284,12): error TS1005: ':' expected.
sveltekit-frontend/src/lib/services/crud-client.ts(284,50): error TS1005: ',' expected.
sveltekit-frontend/src/lib/services/crud-client.ts(286,3): error TS1434: Unexpected keyword or identifier.
sveltekit-frontend/src/lib/services/crud-client.ts(286,34): error TS1135: Argument expression expected.
sveltekit-frontend/src/lib/services/crud-client.ts(286,59): error TS1005: ';' expected.
sveltekit-frontend/src/lib/services/crud-client.ts(287,12): error TS1005: ':' expected.
sveltekit-frontend/src/lib/services/crud-client.ts(287,62): error TS1005: ',' expected.
sveltekit-frontend/src/lib/services/crud-client.ts(289,3): error TS1434: Unexpected keyword or identifier.
sveltekit-frontend/src/lib/services/crud-client.ts(289,36): error TS1135: Argument expression expected.
sveltekit-frontend/src/lib/services/crud-client.ts(289,61): error TS1005: ';' expected.
sveltekit-frontend/src/lib/services/crud-client.ts(289,99): error TS1109: Expression expected.
sveltekit-frontend/src/lib/services/crud-client.ts(289,101): error TS1109: Expression expected.
sveltekit-frontend/src/lib/services/crud-client.ts(290,12): error TS1005: ':' expected.
sveltekit-frontend/src/lib/services/crud-client.ts(290,63): error TS1005: ',' expected.
sveltekit-frontend/src/lib/services/crud-client.ts(292,3): error TS1434: Unexpected keyword or identifier.
sveltekit-frontend/src/lib/services/crud-client.ts(292,36): error TS1135: Argument expression expected.
sveltekit-frontend/src/lib/services/crud-client.ts(292,54): error TS1005: ',' expected.
sveltekit-frontend/src/lib/services/crud-client.ts(292,84): error TS1005: ';' expected.
sveltekit-frontend/src/lib/services/crud-client.ts(292,122): error TS1109: Expression expected.
sveltekit-frontend/src/lib/services/crud-client.ts(292,124): error TS1109: Expression expected.
sveltekit-frontend/src/lib/services/crud-client.ts(293,12): error TS1005: ':' expected.
sveltekit-frontend/src/lib/services/crud-client.ts(293,79): error TS1005: ',' expected.
sveltekit-frontend/src/lib/services/crud-client.ts(295,3): error TS1434: Unexpected keyword or identifier.
sveltekit-frontend/src/lib/services/crud-client.ts(295,37): error TS1135: Argument expression expected.
sveltekit-frontend/src/lib/services/crud-client.ts(295,65): error TS1005: ';' expected.
sveltekit-frontend/src/lib/services/crud-client.ts(296,12): error TS1005: ':' expected.
sveltekit-frontend/src/lib/services/crud-client.ts(296,68): error TS1005: ',' expected.
sveltekit-frontend/src/lib/services/crud-client.ts(298,3): error TS1434: Unexpected keyword or identifier.
sveltekit-frontend/src/lib/services/crud-client.ts(298,39): error TS1135: Argument expression expected.
sveltekit-frontend/src/lib/services/crud-client.ts(298,64): error TS1005: ';' expected.
sveltekit-frontend/src/lib/services/crud-client.ts(298,105): error TS1109: Expression expected.
sveltekit-frontend/src/lib/services/crud-client.ts(298,107): error TS1109: Expression expected.
sveltekit-frontend/src/lib/services/crud-client.ts(299,12): error TS1005: ':' expected.
sveltekit-frontend/src/lib/services/crud-client.ts(299,69): error TS1005: ',' expected.
sveltekit-frontend/src/lib/services/crud-client.ts(302,3): error TS1434: Unexpected keyword or identifier.
sveltekit-frontend/src/lib/services/crud-client.ts(302,33): error TS1135: Argument expression expected.
sveltekit-frontend/src/lib/services/crud-client.ts(302,82): error TS1005: ';' expected.
sveltekit-frontend/src/lib/services/crud-client.ts(302,111): error TS1109: Expression expected.
sveltekit-frontend/src/lib/services/crud-client.ts(302,113): error TS1109: Expression expected.
sveltekit-frontend/src/lib/services/crud-client.ts(303,12): error TS1005: ':' expected.
sveltekit-frontend/src/lib/services/crud-client.ts(308,7): error TS1005: ',' expected.
sveltekit-frontend/src/lib/services/crud-client.ts(310,3): error TS1434: Unexpected keyword or identifier.
sveltekit-frontend/src/lib/services/crud-client.ts(310,36): error TS1135: Argument expression expected.
sveltekit-frontend/src/lib/services/crud-client.ts(310,85): error TS1005: ';' expected.
sveltekit-frontend/src/lib/services/crud-client.ts(310,118): error TS1109: Expression expected.
sveltekit-frontend/src/lib/services/crud-client.ts(310,120): error TS1109: Expression expected.
sveltekit-frontend/src/lib/services/crud-client.ts(311,12): error TS1005: ':' expected.
sveltekit-frontend/src/lib/services/crud-client.ts(316,7): error TS1005: ',' expected.
sveltekit-frontend/src/lib/services/crud-client.ts(318,3): error TS1434: Unexpected keyword or identifier.
sveltekit-frontend/src/lib/services/crud-client.ts(318,42): error TS1135: Argument expression expected.
sveltekit-frontend/src/lib/services/crud-client.ts(318,91): error TS1005: ';' expected.
sveltekit-frontend/src/lib/services/crud-client.ts(318,129): error TS1109: Expression expected.
sveltekit-frontend/src/lib/services/crud-client.ts(318,131): error TS1109: Expression expected.
sveltekit-frontend/src/lib/services/crud-client.ts(319,12): error TS1005: ':' expected.
sveltekit-frontend/src/lib/services/crud-client.ts(324,7): error TS1005: ',' expected.
sveltekit-frontend/src/lib/services/crud-client.ts(327,3): error TS1434: Unexpected keyword or identifier.
sveltekit-frontend/src/lib/services/crud-client.ts(327,23): error TS1109: Expression expected.
sveltekit-frontend/src/lib/services/crud-client.ts(328,9): error TS1005: ':' expected.
sveltekit-frontend/src/lib/services/crud-client.ts(329,13): error TS1005: ':' expected.
sveltekit-frontend/src/lib/services/crud-client.ts(329,63): error TS1005: ',' expected.
sveltekit-frontend/src/lib/services/crud-client.ts(330,14): error TS1005: ':' expected.
sveltekit-frontend/src/lib/services/crud-client.ts(330,41): error TS1005: ',' expected.
sveltekit-frontend/src/lib/services/crud-client.ts(331,7): error TS1005: ',' expected.
sveltekit-frontend/src/lib/services/crud-client.ts(333,23): error TS1005: ',' expected.
sveltekit-frontend/src/lib/services/crud-client.ts(338,1): error TS1128: Declaration or statement expected.
sveltekit-frontend/src/lib/services/cuda-tensor-service.ts(6,1): error TS1128: Declaration or statement expected.
sveltekit-frontend/src/lib/services/cuda-tensor-service.ts(15,1): error TS1128: Declaration or statement expected.
sveltekit-frontend/src/lib/services/cuda-tensor-service.ts(24,1): error TS1128: Declaration or statement expected.
sveltekit-frontend/src/lib/services/cuda-tensor-service.ts(91,64): error TS1109: Expression expected.
sveltekit-frontend/src/lib/services/cuda-tensor-service.ts(92,7): error TS1109: Expression expected.
sveltekit-frontend/src/lib/services/cuda-tensor-service.ts(121,41): error TS1005: ')' expected.
sveltekit-frontend/src/lib/services/cuda-tensor-service.ts(162,79): error TS1005: ')' expected.
sveltekit-frontend/src/lib/services/cuda-tensor-service.ts(162,80): error TS1128: Declaration or statement expected.
sveltekit-frontend/src/lib/services/cuda-tensor-service.ts(202,75): error TS1005: ')' expected.
sveltekit-frontend/src/lib/services/cuda-tensor-service.ts(204,47): error TS1109: Expression expected.
sveltekit-frontend/src/lib/services/cuda-tensor-service.ts(205,29): error TS1109: Expression expected.
sveltekit-frontend/src/lib/services/cuda-tensor-service.ts(214,50): error TS1109: Expression expected.
sveltekit-frontend/src/lib/services/cuda-tensor-service.ts(215,7): error TS1109: Expression expected.
sveltekit-frontend/src/lib/services/cuda-tensor-service.ts(215,52): error TS1109: Expression expected.
sveltekit-frontend/src/lib/services/cuda-tensor-service.ts(217,9): error TS1109: Expression expected.
sveltekit-frontend/src/lib/services/cuda-tensor-service.ts(241,42): error TS1109: Expression expected.
sveltekit-frontend/src/lib/services/cuda-tensor-service.ts(242,19): error TS1109: Expression expected.
sveltekit-frontend/src/lib/services/cuda-tensor-service.ts(246,61): error TS1005: ')' expected.
sveltekit-frontend/src/lib/services/cuda-tensor-service.ts(305,66): error TS1005: ')' expected.
sveltekit-frontend/src/lib/services/determinism-evaluation-service.ts(32,45): error TS1109: Expression expected.
sveltekit-frontend/src/lib/services/determinism-evaluation-service.ts(32,54): error TS1005: ',' expected.
sveltekit-frontend/src/lib/services/determinism-evaluation-service.ts(32,55): error TS1136: Property assignment expected.
sveltekit-frontend/src/lib/services/determinism-evaluation-service.ts(33,3): error TS1109: Expression expected.
sveltekit-frontend/src/lib/services/determinism-evaluation-service.ts(38,44): error TS1109: Expression expected.
sveltekit-frontend/src/lib/services/determinism-evaluation-service.ts(38,53): error TS1005: ',' expected.
sveltekit-frontend/src/lib/services/determinism-evaluation-service.ts(38,54): error TS1136: Property assignment expected.
sveltekit-frontend/src/lib/services/determinism-evaluation-service.ts(39,3): error TS1109: Expression expected.
sveltekit-frontend/src/lib/services/documentApi.ts(5,1): error TS1128: Declaration or statement expected.
sveltekit-frontend/src/lib/services/documentApi.ts(16,1): error TS1128: Declaration or statement expected.
sveltekit-frontend/src/lib/services/documentApi.ts(47,3): error TS1068: Unexpected token. A constructor, method, accessor, or property was expected.
sveltekit-frontend/src/lib/services/documentApi.ts(47,4): error TS1068: Unexpected token. A constructor, method, accessor, or property was expected.
sveltekit-frontend/src/lib/services/documentApi.ts(47,18): error TS1005: '(' expected.
sveltekit-frontend/src/lib/services/documentApi.ts(47,20): error TS1068: Unexpected token. A constructor, method, accessor, or property was expected.
sveltekit-frontend/src/lib/services/documentApi.ts(54,45): error TS1005: ')' expected.
sveltekit-frontend/src/lib/services/documentApi.ts(60,7): error TS1136: Property assignment expected.
sveltekit-frontend/src/lib/services/documentApi.ts(60,9): error TS1472: 'catch' or 'finally' expected.
sveltekit-frontend/src/lib/services/documentApi.ts(66,7): error TS1005: 'try' expected.
sveltekit-frontend/src/lib/services/documentApi.ts(69,23): error TS1005: ',' expected.
sveltekit-frontend/src/lib/services/documentApi.ts(73,3): error TS1128: Declaration or statement expected.
sveltekit-frontend/src/lib/services/documentApi.ts(77,3): error TS1434: Unexpected keyword or identifier.
sveltekit-frontend/src/lib/services/documentApi.ts(77,36): error TS1135: Argument expression expected.
sveltekit-frontend/src/lib/services/documentApi.ts(77,54): error TS1005: ',' expected.
sveltekit-frontend/src/lib/services/documentApi.ts(78,24): error TS1005: ',' expected.
sveltekit-frontend/src/lib/services/documentApi.ts(79,31): error TS1005: ',' expected.
sveltekit-frontend/src/lib/services/documentApi.ts(80,29): error TS1005: ',' expected.
sveltekit-frontend/src/lib/services/documentApi.ts(81,20): error TS1005: ',' expected.
sveltekit-frontend/src/lib/services/documentApi.ts(82,3): error TS1128: Declaration or statement expected.
sveltekit-frontend/src/lib/services/documentApi.ts(82,5): error TS1128: Declaration or statement expected.
sveltekit-frontend/src/lib/services/documentApi.ts(82,9): error TS1128: Declaration or statement expected.
sveltekit-frontend/src/lib/services/documentApi.ts(82,10): error TS1128: Declaration or statement expected.
sveltekit-frontend/src/lib/services/documentApi.ts(83,9): error TS1005: ':' expected.
sveltekit-frontend/src/lib/services/documentApi.ts(84,13): error TS1005: ':' expected.
sveltekit-frontend/src/lib/services/documentApi.ts(90,9): error TS1005: ',' expected.
sveltekit-frontend/src/lib/services/documentApi.ts(91,11): error TS1003: Identifier expected.
sveltekit-frontend/src/lib/services/documentApi.ts(91,21): error TS1138: Parameter declaration expected.
sveltekit-frontend/src/lib/services/documentApi.ts(91,25): error TS1005: ',' expected.
sveltekit-frontend/src/lib/services/documentApi.ts(91,27): error TS1136: Property assignment expected.
sveltekit-frontend/src/lib/services/documentApi.ts(95,5): error TS1128: Declaration or statement expected.
sveltekit-frontend/src/lib/services/documentApi.ts(95,7): error TS1005: 'try' expected.
sveltekit-frontend/src/lib/services/documentApi.ts(103,3): error TS1128: Declaration or statement expected.
sveltekit-frontend/src/lib/services/documentApi.ts(107,3): error TS1434: Unexpected keyword or identifier.
sveltekit-frontend/src/lib/services/documentApi.ts(107,40): error TS1135: Argument expression expected.
sveltekit-frontend/src/lib/services/documentApi.ts(107,49): error TS1005: ';' expected.
sveltekit-frontend/src/lib/services/documentApi.ts(108,9): error TS1005: ':' expected.
sveltekit-frontend/src/lib/services/documentApi.ts(110,11): error TS1003: Identifier expected.
sveltekit-frontend/src/lib/services/documentApi.ts(110,21): error TS1138: Parameter declaration expected.
sveltekit-frontend/src/lib/services/documentApi.ts(110,25): error TS1005: ',' expected.
sveltekit-frontend/src/lib/services/documentApi.ts(110,27): error TS1136: Property assignment expected.
sveltekit-frontend/src/lib/services/documentApi.ts(114,5): error TS1128: Declaration or statement expected.
sveltekit-frontend/src/lib/services/documentApi.ts(114,7): error TS1005: 'try' expected.
sveltekit-frontend/src/lib/services/documentApi.ts(118,3): error TS1128: Declaration or statement expected.
sveltekit-frontend/src/lib/services/documentApi.ts(122,3): error TS1434: Unexpected keyword or identifier.
sveltekit-frontend/src/lib/services/documentApi.ts(122,32): error TS1135: Argument expression expected.
sveltekit-frontend/src/lib/services/documentApi.ts(122,41): error TS1005: ';' expected.
sveltekit-frontend/src/lib/services/documentApi.ts(123,9): error TS1005: ':' expected.
sveltekit-frontend/src/lib/services/documentApi.ts(125,11): error TS1003: Identifier expected.
sveltekit-frontend/src/lib/services/documentApi.ts(125,21): error TS1138: Parameter declaration expected.
sveltekit-frontend/src/lib/services/documentApi.ts(125,25): error TS1005: ',' expected.
sveltekit-frontend/src/lib/services/documentApi.ts(125,27): error TS1136: Property assignment expected.
sveltekit-frontend/src/lib/services/documentApi.ts(129,5): error TS1128: Declaration or statement expected.
sveltekit-frontend/src/lib/services/documentApi.ts(129,7): error TS1005: 'try' expected.
sveltekit-frontend/src/lib/services/documentApi.ts(133,3): error TS1128: Declaration or statement expected.
sveltekit-frontend/src/lib/services/documentApi.ts(137,3): error TS1434: Unexpected keyword or identifier.
sveltekit-frontend/src/lib/services/documentApi.ts(137,30): error TS1109: Expression expected.
sveltekit-frontend/src/lib/services/documentApi.ts(137,48): error TS1135: Argument expression expected.
sveltekit-frontend/src/lib/services/documentApi.ts(138,18): error TS1005: ',' expected.
sveltekit-frontend/src/lib/services/documentApi.ts(139,19): error TS1005: ',' expected.
sveltekit-frontend/src/lib/services/documentApi.ts(140,18): error TS1005: ',' expected.
sveltekit-frontend/src/lib/services/documentApi.ts(141,20): error TS1005: ',' expected.
sveltekit-frontend/src/lib/services/documentApi.ts(142,3): error TS1128: Declaration or statement expected.
sveltekit-frontend/src/lib/services/documentApi.ts(142,5): error TS1128: Declaration or statement expected.
sveltekit-frontend/src/lib/services/documentApi.ts(142,10): error TS1128: Declaration or statement expected.
sveltekit-frontend/src/lib/services/documentApi.ts(142,11): error TS1128: Declaration or statement expected.
sveltekit-frontend/src/lib/services/documentApi.ts(142,21): error TS1109: Expression expected.
sveltekit-frontend/src/lib/services/documentApi.ts(146,3): error TS1128: Declaration or statement expected.
sveltekit-frontend/src/lib/services/documentApi.ts(146,4): error TS1109: Expression expected.
sveltekit-frontend/src/lib/services/documentApi.ts(147,9): error TS1005: ':' expected.
sveltekit-frontend/src/lib/services/documentApi.ts(148,13): error TS1005: ':' expected.
sveltekit-frontend/src/lib/services/documentApi.ts(148,43): error TS1005: ',' expected.
sveltekit-frontend/src/lib/services/documentApi.ts(149,18): error TS1005: '{' expected.
sveltekit-frontend/src/lib/services/documentApi.ts(149,27): error TS1005: ',' expected.
sveltekit-frontend/src/lib/services/documentApi.ts(149,53): error TS1005: ',' expected.
sveltekit-frontend/src/lib/services/documentApi.ts(150,19): error TS1138: Parameter declaration expected.
sveltekit-frontend/src/lib/services/documentApi.ts(150,25): error TS1005: ',' expected.
sveltekit-frontend/src/lib/services/documentApi.ts(150,34): error TS1005: ',' expected.
sveltekit-frontend/src/lib/services/documentApi.ts(150,71): error TS1005: ')' expected.
sveltekit-frontend/src/lib/services/documentApi.ts(151,19): error TS1138: Parameter declaration expected.
sveltekit-frontend/src/lib/services/documentApi.ts(151,26): error TS1005: ',' expected.
sveltekit-frontend/src/lib/services/documentApi.ts(151,35): error TS1005: ',' expected.
sveltekit-frontend/src/lib/services/documentApi.ts(151,74): error TS1005: ')' expected.
sveltekit-frontend/src/lib/services/documentApi.ts(152,19): error TS1138: Parameter declaration expected.
sveltekit-frontend/src/lib/services/documentApi.ts(152,25): error TS1005: ',' expected.
sveltekit-frontend/src/lib/services/documentApi.ts(152,34): error TS1005: ',' expected.
sveltekit-frontend/src/lib/services/documentApi.ts(152,64): error TS1005: ',' expected.
sveltekit-frontend/src/lib/services/documentApi.ts(153,19): error TS1138: Parameter declaration expected.
sveltekit-frontend/src/lib/services/documentApi.ts(153,27): error TS1005: ',' expected.
sveltekit-frontend/src/lib/services/documentApi.ts(153,36): error TS1005: ',' expected.
sveltekit-frontend/src/lib/services/documentApi.ts(153,70): error TS1005: ',' expected.
sveltekit-frontend/src/lib/services/documentApi.ts(155,11): error TS1003: Identifier expected.
sveltekit-frontend/src/lib/services/documentApi.ts(155,21): error TS1138: Parameter declaration expected.
sveltekit-frontend/src/lib/services/documentApi.ts(155,25): error TS1005: ',' expected.
sveltekit-frontend/src/lib/services/documentApi.ts(155,27): error TS1136: Property assignment expected.
sveltekit-frontend/src/lib/services/documentApi.ts(159,5): error TS1128: Declaration or statement expected.
sveltekit-frontend/src/lib/services/documentApi.ts(159,7): error TS1005: 'try' expected.
sveltekit-frontend/src/lib/services/documentApi.ts(168,3): error TS1128: Declaration or statement expected.
sveltekit-frontend/src/lib/services/documentApi.ts(172,3): error TS1434: Unexpected keyword or identifier.
sveltekit-frontend/src/lib/services/documentApi.ts(172,35): error TS1135: Argument expression expected.
sveltekit-frontend/src/lib/services/documentApi.ts(172,44): error TS1005: ';' expected.
sveltekit-frontend/src/lib/services/documentApi.ts(173,9): error TS1005: ':' expected.
sveltekit-frontend/src/lib/services/documentApi.ts(174,13): error TS1005: ':' expected.
sveltekit-frontend/src/lib/services/documentApi.ts(176,7): error TS1136: Property assignment expected.
sveltekit-frontend/src/lib/services/documentApi.ts(176,9): error TS1005: ',' expected.
sveltekit-frontend/src/lib/services/documentApi.ts(176,10): error TS1136: Property assignment expected.
sveltekit-frontend/src/lib/services/documentApi.ts(177,11): error TS1003: Identifier expected.
sveltekit-frontend/src/lib/services/documentApi.ts(177,21): error TS1138: Parameter declaration expected.
sveltekit-frontend/src/lib/services/documentApi.ts(177,25): error TS1005: ',' expected.
sveltekit-frontend/src/lib/services/documentApi.ts(177,27): error TS1136: Property assignment expected.
sveltekit-frontend/src/lib/services/documentApi.ts(181,5): error TS1128: Declaration or statement expected.
sveltekit-frontend/src/lib/services/documentApi.ts(181,7): error TS1005: 'try' expected.
sveltekit-frontend/src/lib/services/documentApi.ts(184,23): error TS1005: ',' expected.
sveltekit-frontend/src/lib/services/documentApi.ts(188,3): error TS1128: Declaration or statement expected.
sveltekit-frontend/src/lib/services/documentApi.ts(192,3): error TS1434: Unexpected keyword or identifier.
sveltekit-frontend/src/lib/services/documentApi.ts(192,31): error TS1135: Argument expression expected.
sveltekit-frontend/src/lib/services/documentApi.ts(192,49): error TS1005: ',' expected.
sveltekit-frontend/src/lib/services/documentApi.ts(193,20): error TS1005: ',' expected.
sveltekit-frontend/src/lib/services/documentApi.ts(194,18): error TS1005: ',' expected.
sveltekit-frontend/src/lib/services/documentApi.ts(195,19): error TS1005: ',' expected.
sveltekit-frontend/src/lib/services/documentApi.ts(196,32): error TS1005: ',' expected.
sveltekit-frontend/src/lib/services/documentApi.ts(197,3): error TS1128: Declaration or statement expected.
sveltekit-frontend/src/lib/services/documentApi.ts(197,5): error TS1128: Declaration or statement expected.
sveltekit-frontend/src/lib/services/documentApi.ts(197,10): error TS1128: Declaration or statement expected.
sveltekit-frontend/src/lib/services/documentApi.ts(197,11): error TS1128: Declaration or statement expected.
sveltekit-frontend/src/lib/services/documentApi.ts(197,21): error TS1109: Expression expected.
sveltekit-frontend/src/lib/services/documentApi.ts(199,3): error TS1128: Declaration or statement expected.
sveltekit-frontend/src/lib/services/documentApi.ts(199,4): error TS1109: Expression expected.
sveltekit-frontend/src/lib/services/documentApi.ts(200,9): error TS1005: ':' expected.
sveltekit-frontend/src/lib/services/documentApi.ts(201,13): error TS1005: ':' expected.
sveltekit-frontend/src/lib/services/documentApi.ts(209,9): error TS1005: ',' expected.
sveltekit-frontend/src/lib/services/documentApi.ts(210,8): error TS1005: ',' expected.
sveltekit-frontend/src/lib/services/documentApi.ts(210,9): error TS1136: Property assignment expected.
sveltekit-frontend/src/lib/services/documentApi.ts(211,11): error TS1003: Identifier expected.
sveltekit-frontend/src/lib/services/documentApi.ts(211,21): error TS1138: Parameter declaration expected.
sveltekit-frontend/src/lib/services/documentApi.ts(211,25): error TS1005: ',' expected.
sveltekit-frontend/src/lib/services/documentApi.ts(211,27): error TS1136: Property assignment expected.
sveltekit-frontend/src/lib/services/documentApi.ts(215,5): error TS1128: Declaration or statement expected.
sveltekit-frontend/src/lib/services/documentApi.ts(215,7): error TS1005: 'try' expected.
sveltekit-frontend/src/lib/services/documentApi.ts(222,3): error TS1128: Declaration or statement expected.
sveltekit-frontend/src/lib/services/documentApi.ts(226,3): error TS1434: Unexpected keyword or identifier.
sveltekit-frontend/src/lib/services/documentApi.ts(226,39): error TS1109: Expression expected.
sveltekit-frontend/src/lib/services/documentApi.ts(226,49): error TS1109: Expression expected.
sveltekit-frontend/src/lib/services/documentApi.ts(227,9): error TS1005: ':' expected.
sveltekit-frontend/src/lib/services/documentApi.ts(228,13): error TS1005: ':' expected.
sveltekit-frontend/src/lib/services/documentApi.ts(228,43): error TS1005: ',' expected.
sveltekit-frontend/src/lib/services/documentApi.ts(229,18): error TS1005: '{' expected.
sveltekit-frontend/src/lib/services/documentApi.ts(229,27): error TS1005: ',' expected.
sveltekit-frontend/src/lib/services/documentApi.ts(229,53): error TS1005: ',' expected.
sveltekit-frontend/src/lib/services/documentApi.ts(231,11): error TS1003: Identifier expected.
sveltekit-frontend/src/lib/services/documentApi.ts(231,21): error TS1138: Parameter declaration expected.
sveltekit-frontend/src/lib/services/documentApi.ts(231,25): error TS1005: ',' expected.
sveltekit-frontend/src/lib/services/documentApi.ts(231,27): error TS1136: Property assignment expected.
sveltekit-frontend/src/lib/services/documentApi.ts(235,5): error TS1128: Declaration or statement expected.
sveltekit-frontend/src/lib/services/documentApi.ts(235,7): error TS1005: 'try' expected.
sveltekit-frontend/src/lib/services/documentApi.ts(245,31): error TS1109: Expression expected.
sveltekit-frontend/src/lib/services/documentApi.ts(245,40): error TS1005: ',' expected.
sveltekit-frontend/src/lib/services/documentApi.ts(245,41): error TS1136: Property assignment expected.
sveltekit-frontend/src/lib/services/documentApi.ts(248,3): error TS1128: Declaration or statement expected.
sveltekit-frontend/src/lib/services/documentApi.ts(252,3): error TS1434: Unexpected keyword or identifier.
sveltekit-frontend/src/lib/services/documentApi.ts(252,37): error TS1135: Argument expression expected.
sveltekit-frontend/src/lib/services/documentApi.ts(252,44): error TS1011: An element access expression should take an argument.
sveltekit-frontend/src/lib/services/documentApi.ts(252,55): error TS1005: ',' expected.
sveltekit-frontend/src/lib/services/documentApi.ts(253,19): error TS1005: ',' expected.
sveltekit-frontend/src/lib/services/documentApi.ts(254,26): error TS1005: ',' expected.
sveltekit-frontend/src/lib/services/documentApi.ts(255,25): error TS1005: ',' expected.
sveltekit-frontend/src/lib/services/documentApi.ts(256,3): error TS1128: Declaration or statement expected.
sveltekit-frontend/src/lib/services/documentApi.ts(256,4): error TS1128: Declaration or statement expected.
sveltekit-frontend/src/lib/services/documentApi.ts(256,5): error TS1128: Declaration or statement expected.
sveltekit-frontend/src/lib/services/documentApi.ts(256,15): error TS1109: Expression expected.
sveltekit-frontend/src/lib/services/documentApi.ts(256,16): error TS1109: Expression expected.
sveltekit-frontend/src/lib/services/documentApi.ts(257,11): error TS1109: Expression expected.
sveltekit-frontend/src/lib/services/documentApi.ts(258,3): error TS1128: Declaration or statement expected.
sveltekit-frontend/src/lib/services/documentApi.ts(258,4): error TS1109: Expression expected.
sveltekit-frontend/src/lib/services/documentApi.ts(259,9): error TS1005: ':' expected.
sveltekit-frontend/src/lib/services/documentApi.ts(260,13): error TS1005: ':' expected.
sveltekit-frontend/src/lib/services/documentApi.ts(260,38): error TS1005: ',' expected.
sveltekit-frontend/src/lib/services/documentApi.ts(261,13): error TS1003: Identifier expected.
sveltekit-frontend/src/lib/services/documentApi.ts(263,9): error TS1005: ',' expected.
sveltekit-frontend/src/lib/services/documentApi.ts(264,16): error TS1003: Identifier expected.
sveltekit-frontend/src/lib/services/documentApi.ts(264,49): error TS1005: ',' expected.
sveltekit-frontend/src/lib/services/documentApi.ts(265,19): error TS1138: Parameter declaration expected.
sveltekit-frontend/src/lib/services/documentApi.ts(265,33): error TS1005: ',' expected.
sveltekit-frontend/src/lib/services/documentApi.ts(265,35): error TS1136: Property assignment expected.
sveltekit-frontend/src/lib/services/documentApi.ts(274,7): error TS1136: Property assignment expected.
sveltekit-frontend/src/lib/services/documentApi.ts(274,8): error TS1128: Declaration or statement expected.
sveltekit-frontend/src/lib/services/documentApi.ts(274,9): error TS1128: Declaration or statement expected.
sveltekit-frontend/src/lib/services/documentApi.ts(279,5): error TS1128: Declaration or statement expected.
sveltekit-frontend/src/lib/services/documentApi.ts(279,7): error TS1005: 'try' expected.
sveltekit-frontend/src/lib/services/documentApi.ts(290,3): error TS1128: Declaration or statement expected.
sveltekit-frontend/src/lib/services/documentApi.ts(291,1): error TS1128: Declaration or statement expected.
sveltekit-frontend/src/lib/services/documentUpdateLoop.ts(18,1): error TS1128: Declaration or statement expected.
sveltekit-frontend/src/lib/services/documentUpdateLoop.ts(28,1): error TS1128: Declaration or statement expected.
sveltekit-frontend/src/lib/services/documentUpdateLoop.ts(38,1): error TS1128: Declaration or statement expected.
sveltekit-frontend/src/lib/services/documentUpdateLoop.ts(71,9): error TS1128: Declaration or statement expected.
sveltekit-frontend/src/lib/services/documentUpdateLoop.ts(74,18): error TS1005: ')' expected.
sveltekit-frontend/src/lib/services/documentUpdateLoop.ts(86,90): error TS1005: ')' expected.
sveltekit-frontend/src/lib/services/documentUpdateLoop.ts(87,90): error TS1005: ')' expected.
sveltekit-frontend/src/lib/services/documentUpdateLoop.ts(119,9): error TS1128: Declaration or statement expected.
sveltekit-frontend/src/lib/services/documentUpdateLoop.ts(122,9): error TS1136: Property assignment expected.
sveltekit-frontend/src/lib/services/documentUpdateLoop.ts(122,11): error TS1472: 'catch' or 'finally' expected.
sveltekit-frontend/src/lib/services/documentUpdateLoop.ts(122,12): error TS1128: Declaration or statement expected.
sveltekit-frontend/src/lib/services/documentUpdateLoop.ts(123,9): error TS1128: Declaration or statement expected.
sveltekit-frontend/src/lib/services/documentUpdateLoop.ts(125,45): error TS1005: ')' expected.
sveltekit-frontend/src/lib/services/documentUpdateLoop.ts(130,84): error TS1109: Expression expected.
sveltekit-frontend/src/lib/services/documentUpdateLoop.ts(131,9): error TS1109: Expression expected.
sveltekit-frontend/src/lib/services/documentUpdateLoop.ts(146,3): error TS1434: Unexpected keyword or identifier.
sveltekit-frontend/src/lib/services/documentUpdateLoop.ts(146,32): error TS1135: Argument expression expected.
sveltekit-frontend/src/lib/services/documentUpdateLoop.ts(146,49): error TS1005: ';' expected.
sveltekit-frontend/src/lib/services/documentUpdateLoop.ts(147,11): error TS1005: ':' expected.
sveltekit-frontend/src/lib/services/documentUpdateLoop.ts(147,33): error TS1005: ',' expected.
sveltekit-frontend/src/lib/services/documentUpdateLoop.ts(148,13): error TS1003: Identifier expected.
sveltekit-frontend/src/lib/services/documentUpdateLoop.ts(148,67): error TS1005: ',' expected.
sveltekit-frontend/src/lib/services/documentUpdateLoop.ts(149,9): error TS1005: ':' expected.
sveltekit-frontend/src/lib/services/documentUpdateLoop.ts(151,13): error TS1005: ',' expected.
sveltekit-frontend/src/lib/services/documentUpdateLoop.ts(152,9): error TS1005: ',' expected.
sveltekit-frontend/src/lib/services/documentUpdateLoop.ts(153,9): error TS1003: Identifier expected.
sveltekit-frontend/src/lib/services/documentUpdateLoop.ts(153,65): error TS1005: ')' expected.
sveltekit-frontend/src/lib/services/documentUpdateLoop.ts(155,13): error TS1005: ':' expected.
sveltekit-frontend/src/lib/services/documentUpdateLoop.ts(155,74): error TS1005: ',' expected.
sveltekit-frontend/src/lib/services/documentUpdateLoop.ts(157,13): error TS1005: ':' expected.
sveltekit-frontend/src/lib/services/documentUpdateLoop.ts(159,8): error TS1005: ')' expected.
sveltekit-frontend/src/lib/services/documentUpdateLoop.ts(161,13): error TS1005: ':' expected.
sveltekit-frontend/src/lib/services/documentUpdateLoop.ts(172,9): error TS1005: ')' expected.
sveltekit-frontend/src/lib/services/documentUpdateLoop.ts(173,13): error TS1005: ',' expected.
sveltekit-frontend/src/lib/services/documentUpdateLoop.ts(173,16): error TS1005: ',' expected.
sveltekit-frontend/src/lib/services/documentUpdateLoop.ts(173,63): error TS1005: ',' expected.
sveltekit-frontend/src/lib/services/documentUpdateLoop.ts(175,13): error TS1005: ',' expected.
sveltekit-frontend/src/lib/services/documentUpdateLoop.ts(176,9): error TS1005: ',' expected.
sveltekit-frontend/src/lib/services/documentUpdateLoop.ts(176,27): error TS1005: ',' expected.
sveltekit-frontend/src/lib/services/documentUpdateLoop.ts(177,9): error TS1003: Identifier expected.
sveltekit-frontend/src/lib/services/documentUpdateLoop.ts(187,51): error TS1005: ')' expected.
sveltekit-frontend/src/lib/services/documentUpdateLoop.ts(188,13): error TS1005: ':' expected.
sveltekit-frontend/src/lib/services/documentUpdateLoop.ts(188,53): error TS1005: ',' expected.
sveltekit-frontend/src/lib/services/documentUpdateLoop.ts(189,13): error TS1005: ':' expected.
sveltekit-frontend/src/lib/services/documentUpdateLoop.ts(198,7): error TS1005: ',' expected.
sveltekit-frontend/src/lib/services/documentUpdateLoop.ts(198,15): error TS1003: Identifier expected.
sveltekit-frontend/src/lib/services/documentUpdateLoop.ts(198,94): error TS1005: ',' expected.
sveltekit-frontend/src/lib/services/documentUpdateLoop.ts(199,14): error TS1005: ':' expected.
sveltekit-frontend/src/lib/services/documentUpdateLoop.ts(199,21): error TS1005: ',' expected.
sveltekit-frontend/src/lib/services/documentUpdateLoop.ts(200,7): error TS1005: ',' expected.
sveltekit-frontend/src/lib/services/documentUpdateLoop.ts(208,3): error TS1434: Unexpected keyword or identifier.
sveltekit-frontend/src/lib/services/documentUpdateLoop.ts(208,42): error TS1135: Argument expression expected.
sveltekit-frontend/src/lib/services/documentUpdateLoop.ts(208,51): error TS1005: ';' expected.
sveltekit-frontend/src/lib/services/documentUpdateLoop.ts(208,74): error TS1011: An element access expression should take an argument.
sveltekit-frontend/src/lib/services/documentUpdateLoop.ts(209,13): error TS1003: Identifier expected.
sveltekit-frontend/src/lib/services/documentUpdateLoop.ts(209,78): error TS1005: ',' expected.
sveltekit-frontend/src/lib/services/documentUpdateLoop.ts(210,9): error TS1005: ':' expected.
sveltekit-frontend/src/lib/services/documentUpdateLoop.ts(212,13): error TS1005: ':' expected.
sveltekit-frontend/src/lib/services/documentUpdateLoop.ts(212,40): error TS1005: ',' expected.
sveltekit-frontend/src/lib/services/documentUpdateLoop.ts(213,9): error TS1003: Identifier expected.
sveltekit-frontend/src/lib/services/documentUpdateLoop.ts(219,9): error TS1136: Property assignment expected.
sveltekit-frontend/src/lib/services/documentUpdateLoop.ts(219,11): error TS1005: ',' expected.
sveltekit-frontend/src/lib/services/documentUpdateLoop.ts(219,12): error TS1136: Property assignment expected.
sveltekit-frontend/src/lib/services/documentUpdateLoop.ts(220,9): error TS1003: Identifier expected.
sveltekit-frontend/src/lib/services/documentUpdateLoop.ts(222,16): error TS1005: '{' expected.
sveltekit-frontend/src/lib/services/documentUpdateLoop.ts(223,17): error TS1136: Property assignment expected.
sveltekit-frontend/src/lib/services/documentUpdateLoop.ts(225,11): error TS1128: Declaration or statement expected.
sveltekit-frontend/src/lib/services/documentUpdateLoop.ts(226,9): error TS1128: Declaration or statement expected.
sveltekit-frontend/src/lib/services/documentUpdateLoop.ts(227,9): error TS1128: Declaration or statement expected.
sveltekit-frontend/src/lib/services/documentUpdateLoop.ts(228,19): error TS1005: ')' expected.
sveltekit-frontend/src/lib/services/documentUpdateLoop.ts(238,5): error TS1128: Declaration or statement expected.
sveltekit-frontend/src/lib/services/documentUpdateLoop.ts(238,7): error TS1005: 'try' expected.
sveltekit-frontend/src/lib/services/documentUpdateLoop.ts(242,3): error TS1128: Declaration or statement expected.
sveltekit-frontend/src/lib/services/documentUpdateLoop.ts(243,3): error TS1128: Declaration or statement expected.
sveltekit-frontend/src/lib/services/documentUpdateLoop.ts(243,11): error TS1434: Unexpected keyword or identifier.
sveltekit-frontend/src/lib/services/documentUpdateLoop.ts(243,47): error TS1135: Argument expression expected.
sveltekit-frontend/src/lib/services/documentUpdateLoop.ts(243,72): error TS1005: ',' expected.
sveltekit-frontend/src/lib/services/documentUpdateLoop.ts(243,82): error TS1005: ';' expected.
sveltekit-frontend/src/lib/services/documentUpdateLoop.ts(244,9): error TS1005: ':' expected.
sveltekit-frontend/src/lib/services/documentUpdateLoop.ts(245,13): error TS1005: ':' expected.
sveltekit-frontend/src/lib/services/documentUpdateLoop.ts(245,52): error TS1005: ',' expected.
sveltekit-frontend/src/lib/services/documentUpdateLoop.ts(247,13): error TS1005: ':' expected.
sveltekit-frontend/src/lib/services/documentUpdateLoop.ts(247,75): error TS1005: ',' expected.
sveltekit-frontend/src/lib/services/documentUpdateLoop.ts(249,13): error TS1005: ':' expected.
sveltekit-frontend/src/lib/services/documentUpdateLoop.ts(249,41): error TS1005: ',' expected.
sveltekit-frontend/src/lib/services/documentUpdateLoop.ts(250,9): error TS1003: Identifier expected.
sveltekit-frontend/src/lib/services/documentUpdateLoop.ts(252,89): error TS1005: '}' expected.
sveltekit-frontend/src/lib/services/documentUpdateLoop.ts(252,91): error TS1005: ',' expected.
sveltekit-frontend/src/lib/services/documentUpdateLoop.ts(252,92): error TS1136: Property assignment expected.
sveltekit-frontend/src/lib/services/documentUpdateLoop.ts(255,26): error TS1109: Expression expected.
sveltekit-frontend/src/lib/services/documentUpdateLoop.ts(255,28): error TS1005: ')' expected.
sveltekit-frontend/src/lib/services/documentUpdateLoop.ts(255,56): error TS1109: Expression expected.
sveltekit-frontend/src/lib/services/documentUpdateLoop.ts(255,58): error TS1109: Expression expected.
sveltekit-frontend/src/lib/services/documentUpdateLoop.ts(255,59): error TS1109: Expression expected.
sveltekit-frontend/src/lib/services/documentUpdateLoop.ts(255,62): error TS1005: ';' expected.
sveltekit-frontend/src/lib/services/documentUpdateLoop.ts(255,78): error TS1128: Declaration or statement expected.
sveltekit-frontend/src/lib/services/documentUpdateLoop.ts(255,80): error TS1109: Expression expected.
sveltekit-frontend/src/lib/services/documentUpdateLoop.ts(256,24): error TS1005: ';' expected.
sveltekit-frontend/src/lib/services/documentUpdateLoop.ts(256,52): error TS1109: Expression expected.
sveltekit-frontend/src/lib/services/documentUpdateLoop.ts(256,54): error TS1109: Expression expected.
sveltekit-frontend/src/lib/services/documentUpdateLoop.ts(256,55): error TS1109: Expression expected.
sveltekit-frontend/src/lib/services/documentUpdateLoop.ts(256,58): error TS1005: ';' expected.
sveltekit-frontend/src/lib/services/documentUpdateLoop.ts(295,18): error TS1127: Invalid character.
sveltekit-frontend/src/lib/services/documentUpdateLoop.ts(295,21): error TS1434: Unexpected keyword or identifier.
sveltekit-frontend/src/lib/services/documentUpdateLoop.ts(295,32): error TS1434: Unexpected keyword or identifier.
sveltekit-frontend/src/lib/services/documentUpdateLoop.ts(295,59): error TS1434: Unexpected keyword or identifier.
sveltekit-frontend/src/lib/services/documentUpdateLoop.ts(295,75): error TS1443: Module declaration names may only use ' or " quoted strings.
sveltekit-frontend/src/lib/services/documentUpdateLoop.ts(312,24): error TS1127: Invalid character.
sveltekit-frontend/src/lib/services/documentUpdateLoop.ts(312,24): error TS1128: Declaration or statement expected.
sveltekit-frontend/src/lib/services/documentUpdateLoop.ts(312,26): error TS1434: Unexpected keyword or identifier.
sveltekit-frontend/src/lib/services/documentUpdateLoop.ts(312,35): error TS1434: Unexpected keyword or identifier.
sveltekit-frontend/src/lib/services/documentUpdateLoop.ts(312,52): error TS1434: Unexpected keyword or identifier.
sveltekit-frontend/src/lib/services/documentUpdateLoop.ts(318,26): error TS1127: Invalid character.
sveltekit-frontend/src/lib/services/documentUpdateLoop.ts(318,28): error TS1434: Unexpected keyword or identifier.
sveltekit-frontend/src/lib/services/documentUpdateLoop.ts(318,35): error TS1434: Unexpected keyword or identifier.
sveltekit-frontend/src/lib/services/documentUpdateLoop.ts(318,38): error TS1434: Unexpected keyword or identifier.
sveltekit-frontend/src/lib/services/documentUpdateLoop.ts(318,46): error TS1434: Unexpected keyword or identifier.
sveltekit-frontend/src/lib/services/documentUpdateLoop.ts(318,63): error TS1434: Unexpected keyword or identifier.
sveltekit-frontend/src/lib/services/documentUpdateLoop.ts(354,34): error TS1005: ';' expected.
sveltekit-frontend/src/lib/services/documentUpdateLoop.ts(354,48): error TS1434: Unexpected keyword or identifier.
sveltekit-frontend/src/lib/services/documentUpdateLoop.ts(369,60): error TS1160: Unterminated template literal.
sveltekit-frontend/src/lib/services/documentUpdateNotifications.ts(8,1): error TS1128: Declaration or statement expected.
sveltekit-frontend/src/lib/services/documentUpdateNotifications.ts(35,19): error TS1005: ',' expected.
sveltekit-frontend/src/lib/services/documentUpdateNotifications.ts(63,7): error TS1005: ')' expected.
sveltekit-frontend/src/lib/services/documentUpdateNotifications.ts(73,11): error TS1005: ')' expected.
sveltekit-frontend/src/lib/services/documentUpdateNotifications.ts(77,58): error TS1005: ')' expected.
sveltekit-frontend/src/lib/services/documentUpdateNotifications.ts(95,11): error TS1005: ')' expected.
sveltekit-frontend/src/lib/services/documentUpdateNotifications.ts(109,11): error TS1005: ')' expected.
sveltekit-frontend/src/lib/services/documentUpdateNotifications.ts(116,9): error TS1005: ')' expected.
sveltekit-frontend/src/lib/services/documentUpdateNotifications.ts(126,77): error TS1005: ';' expected.
sveltekit-frontend/src/lib/services/documentUpdateNotifications.ts(126,78): error TS1005: ')' expected.
sveltekit-frontend/src/lib/services/documentUpdateNotifications.ts(126,85): error TS1109: Expression expected.
sveltekit-frontend/src/lib/services/documentUpdateNotifications.ts(126,92): error TS1128: Declaration or statement expected.
sveltekit-frontend/src/lib/services/documentUpdateNotifications.ts(126,119): error TS1005: ';' expected.
sveltekit-frontend/src/lib/services/documentUpdateNotifications.ts(127,9): error TS1068: Unexpected token. A constructor, method, accessor, or property was expected.
sveltekit-frontend/src/lib/services/documentUpdateNotifications.ts(127,18): error TS1138: Parameter declaration expected.
sveltekit-frontend/src/lib/services/documentUpdateNotifications.ts(127,195): error TS1005: ';' expected.
sveltekit-frontend/src/lib/services/documentUpdateNotifications.ts(128,80): error TS1005: ';' expected.
sveltekit-frontend/src/lib/services/documentUpdateNotifications.ts(128,81): error TS1005: ')' expected.
sveltekit-frontend/src/lib/services/documentUpdateNotifications.ts(128,88): error TS1109: Expression expected.
sveltekit-frontend/src/lib/services/documentUpdateNotifications.ts(128,95): error TS1128: Declaration or statement expected.
sveltekit-frontend/src/lib/services/documentUpdateNotifications.ts(128,96): error TS1128: Declaration or statement expected.
sveltekit-frontend/src/lib/services/documentUpdateNotifications.ts(128,97): error TS1434: Unexpected keyword or identifier.
sveltekit-frontend/src/lib/services/documentUpdateNotifications.ts(128,107): error TS1128: Declaration or statement expected.
sveltekit-frontend/src/lib/services/documentUpdateNotifications.ts(129,7): error TS1128: Declaration or statement expected.
sveltekit-frontend/src/lib/services/documentUpdateNotifications.ts(135,5): error TS1128: Declaration or statement expected.
sveltekit-frontend/src/lib/services/documentUpdateNotifications.ts(135,6): error TS1128: Declaration or statement expected.
sveltekit-frontend/src/lib/services/documentUpdateNotifications.ts(138,3): error TS1128: Declaration or statement expected.
sveltekit-frontend/src/lib/services/documentUpdateNotifications.ts(139,3): error TS1128: Declaration or statement expected.
sveltekit-frontend/src/lib/services/documentUpdateNotifications.ts(139,48): error TS1135: Argument expression expected.
sveltekit-frontend/src/lib/services/documentUpdateNotifications.ts(140,9): error TS1003: Identifier expected.
sveltekit-frontend/src/lib/services/documentUpdateNotifications.ts(140,18): error TS1005: ',' expected.
sveltekit-frontend/src/lib/services/documentUpdateNotifications.ts(140,58): error TS1005: ';' expected.
sveltekit-frontend/src/lib/services/documentUpdateNotifications.ts(170,78): error TS1005: ';' expected.
sveltekit-frontend/src/lib/services/documentUpdateNotifications.ts(170,79): error TS1005: '}' expected.
sveltekit-frontend/src/lib/services/documentUpdateNotifications.ts(170,105): error TS1128: Declaration or statement expected.
sveltekit-frontend/src/lib/services/documentUpdateNotifications.ts(185,18): error TS1127: Invalid character.
sveltekit-frontend/src/lib/services/documentUpdateNotifications.ts(185,46): error TS1005: ';' expected.
sveltekit-frontend/src/lib/services/documentUpdateNotifications.ts(185,60): error TS1005: ',' expected.
sveltekit-frontend/src/lib/services/documentUpdateNotifications.ts(185,66): error TS1005: ',' expected.
sveltekit-frontend/src/lib/services/documentUpdateNotifications.ts(185,87): error TS1005: ',' expected.
sveltekit-frontend/src/lib/services/documentUpdateNotifications.ts(185,88): error TS1136: Property assignment expected.
sveltekit-frontend/src/lib/services/documentUpdateNotifications.ts(185,93): error TS1005: ':' expected.
sveltekit-frontend/src/lib/services/documentUpdateNotifications.ts(185,116): error TS1443: Module declaration names may only use ' or " quoted strings.
sveltekit-frontend/src/lib/services/documentUpdateNotifications.ts(242,13): error TS1434: Unexpected keyword or identifier.
sveltekit-frontend/src/lib/services/documentUpdateNotifications.ts(242,24): error TS1434: Unexpected keyword or identifier.
sveltekit-frontend/src/lib/services/documentUpdateNotifications.ts(242,59): error TS1443: Module declaration names may only use ' or " quoted strings.
sveltekit-frontend/src/lib/services/documentUpdateNotifications.ts(245,13): error TS1434: Unexpected keyword or identifier.
sveltekit-frontend/src/lib/services/documentUpdateNotifications.ts(245,22): error TS1434: Unexpected keyword or identifier.
sveltekit-frontend/src/lib/services/documentUpdateNotifications.ts(268,2): error TS1160: Unterminated template literal.
sveltekit-frontend/src/lib/services/drizzle-chr-rom-bridge.ts(25,1): error TS1128: Declaration or statement expected.
sveltekit-frontend/src/lib/services/drizzle-chr-rom-bridge.ts(35,1): error TS1128: Declaration or statement expected.
sveltekit-frontend/src/lib/services/drizzle-chr-rom-bridge.ts(46,1): error TS1128: Declaration or statement expected.
sveltekit-frontend/src/lib/services/drizzle-chr-rom-bridge.ts(165,60): error TS1005: ')' expected.
sveltekit-frontend/src/lib/services/drizzle-chr-rom-bridge.ts(208,39): error TS1136: Property assignment expected.
sveltekit-frontend/src/lib/services/drizzle-chr-rom-bridge.ts(216,46): error TS1136: Property assignment expected.
sveltekit-frontend/src/lib/services/drizzle-chr-rom-bridge.ts(221,43): error TS1136: Property assignment expected.
sveltekit-frontend/src/lib/services/drizzle-chr-rom-bridge.ts(226,5): error TS1135: Argument expression expected.
sveltekit-frontend/src/lib/services/drizzle-chr-rom-bridge.ts(334,61): error TS1109: Expression expected.
sveltekit-frontend/src/lib/services/drizzle-chr-rom-bridge.ts(335,41): error TS1005: ';' expected.
sveltekit-frontend/src/lib/services/drizzle-chr-rom-bridge.ts(335,43): error TS1161: Unterminated regular expression literal.
sveltekit-frontend/src/lib/services/drizzle-chr-rom-bridge.ts(372,67): error TS1109: Expression expected.
sveltekit-frontend/src/lib/services/drizzle-chr-rom-bridge.ts(409,57): error TS1109: Expression expected.
sveltekit-frontend/src/lib/services/drizzle-chr-rom-bridge.ts(410,7): error TS1109: Expression expected.
sveltekit-frontend/src/lib/services/drizzle-chr-rom-bridge.ts(411,47): error TS1109: Expression expected.
sveltekit-frontend/src/lib/services/drizzle-chr-rom-bridge.ts(417,43): error TS1109: Expression expected.
sveltekit-frontend/src/lib/services/drizzle-chr-rom-bridge.ts(418,62): error TS1005: ')' expected.
sveltekit-frontend/src/lib/services/drizzle-chr-rom-bridge.ts(438,48): error TS1005: ')' expected.
sveltekit-frontend/src/lib/services/embedding-generator.ts(18,1): error TS1128: Declaration or statement expected.
sveltekit-frontend/src/lib/services/embedding-generator.ts(29,1): error TS1128: Declaration or statement expected.
sveltekit-frontend/src/lib/services/embedding-generator.ts(48,24): error TS1109: Expression expected.
sveltekit-frontend/src/lib/services/embedding-generator.ts(48,33): error TS1005: ',' expected.
sveltekit-frontend/src/lib/services/embedding-generator.ts(48,34): error TS1136: Property assignment expected.
sveltekit-frontend/src/lib/services/embedding-generator.ts(52,41): error TS1005: ';' expected.
sveltekit-frontend/src/lib/services/embedding-generator.ts(52,58): error TS1139: Type parameter declaration expected.
sveltekit-frontend/src/lib/services/embedding-generator.ts(52,59): error TS1109: Expression expected.
sveltekit-frontend/src/lib/services/embedding-generator.ts(52,60): error TS1109: Expression expected.
sveltekit-frontend/src/lib/services/embedding-generator.ts(52,61): error TS1005: ';' expected.
sveltekit-frontend/src/lib/services/embedding-generator.ts(52,64): error TS1005: ';' expected.
sveltekit-frontend/src/lib/services/embedding-generator.ts(52,66): error TS1109: Expression expected.
sveltekit-frontend/src/lib/services/embedding-generator.ts(52,67): error TS1109: Expression expected.
sveltekit-frontend/src/lib/services/embedding-generator.ts(55,29): error TS1005: ',' expected.
sveltekit-frontend/src/lib/services/embedding-generator.ts(63,7): error TS1005: ',' expected.
sveltekit-frontend/src/lib/services/embedding-generator.ts(68,3): error TS1434: Unexpected keyword or identifier.
sveltekit-frontend/src/lib/services/embedding-generator.ts(71,3): error TS1128: Declaration or statement expected.
sveltekit-frontend/src/lib/services/embedding-generator.ts(71,4): error TS1128: Declaration or statement expected.
sveltekit-frontend/src/lib/services/embedding-generator.ts(71,21): error TS1011: An element access expression should take an argument.
sveltekit-frontend/src/lib/services/embedding-generator.ts(72,11): error TS1005: ':' expected.
sveltekit-frontend/src/lib/services/embedding-generator.ts(72,40): error TS1005: ',' expected.
sveltekit-frontend/src/lib/services/embedding-generator.ts(73,9): error TS1005: ':' expected.
sveltekit-frontend/src/lib/services/embedding-generator.ts(73,30): error TS1109: Expression expected.
sveltekit-frontend/src/lib/services/embedding-generator.ts(73,31): error TS1136: Property assignment expected.
sveltekit-frontend/src/lib/services/embedding-generator.ts(73,32): error TS1109: Expression expected.
sveltekit-frontend/src/lib/services/embedding-generator.ts(82,21): error TS1109: Expression expected.
sveltekit-frontend/src/lib/services/embedding-generator.ts(82,51): error TS1109: Expression expected.
sveltekit-frontend/src/lib/services/embedding-generator.ts(135,3): error TS1128: Declaration or statement expected.
sveltekit-frontend/src/lib/services/embedding-generator.ts(139,3): error TS1434: Unexpected keyword or identifier.
sveltekit-frontend/src/lib/services/embedding-generator.ts(140,24): error TS1011: An element access expression should take an argument.
sveltekit-frontend/src/lib/services/embedding-generator.ts(142,3): error TS1128: Declaration or statement expected.
sveltekit-frontend/src/lib/services/embedding-generator.ts(142,4): error TS1128: Declaration or statement expected.
sveltekit-frontend/src/lib/services/embedding-generator.ts(142,21): error TS1011: An element access expression should take an argument.
sveltekit-frontend/src/lib/services/embedding-generator.ts(142,23): error TS1011: An element access expression should take an argument.
sveltekit-frontend/src/lib/services/embedding-generator.ts(143,11): error TS1005: ':' expected.
sveltekit-frontend/src/lib/services/embedding-generator.ts(143,105): error TS1005: ',' expected.
sveltekit-frontend/src/lib/services/embedding-generator.ts(145,13): error TS1005: ',' expected.
sveltekit-frontend/src/lib/services/embedding-generator.ts(145,40): error TS1005: ',' expected.
sveltekit-frontend/src/lib/services/embedding-generator.ts(145,42): error TS1136: Property assignment expected.
sveltekit-frontend/src/lib/services/embedding-generator.ts(159,3): error TS1128: Declaration or statement expected.
sveltekit-frontend/src/lib/services/embedding-generator.ts(163,3): error TS1128: Declaration or statement expected.
sveltekit-frontend/src/lib/services/embedding-generator.ts(163,11): error TS1434: Unexpected keyword or identifier.
sveltekit-frontend/src/lib/services/embedding-generator.ts(164,24): error TS1011: An element access expression should take an argument.
sveltekit-frontend/src/lib/services/embedding-generator.ts(166,3): error TS1128: Declaration or statement expected.
sveltekit-frontend/src/lib/services/embedding-generator.ts(166,4): error TS1128: Declaration or statement expected.
sveltekit-frontend/src/lib/services/embedding-generator.ts(166,21): error TS1011: An element access expression should take an argument.
sveltekit-frontend/src/lib/services/embedding-generator.ts(166,23): error TS1011: An element access expression should take an argument.
sveltekit-frontend/src/lib/services/embedding-generator.ts(167,11): error TS1005: ':' expected.
sveltekit-frontend/src/lib/services/embedding-generator.ts(167,29): error TS1005: ',' expected.
sveltekit-frontend/src/lib/services/embedding-generator.ts(167,30): error TS1109: Expression expected.
sveltekit-frontend/src/lib/services/embedding-generator.ts(167,31): error TS1005: ':' expected.
sveltekit-frontend/src/lib/services/embedding-generator.ts(167,35): error TS1136: Property assignment expected.
sveltekit-frontend/src/lib/services/embedding-generator.ts(167,38): error TS1109: Expression expected.
sveltekit-frontend/src/lib/services/embedding-generator.ts(167,39): error TS1005: ':' expected.
sveltekit-frontend/src/lib/services/embedding-generator.ts(168,11): error TS1005: ':' expected.
sveltekit-frontend/src/lib/services/embedding-generator.ts(168,61): error TS1011: An element access expression should take an argument.
sveltekit-frontend/src/lib/services/embedding-generator.ts(168,67): error TS1005: ',' expected.
sveltekit-frontend/src/lib/services/embedding-generator.ts(170,14): error TS1005: ',' expected.
sveltekit-frontend/src/lib/services/embedding-generator.ts(170,19): error TS1005: ',' expected.
sveltekit-frontend/src/lib/services/embedding-generator.ts(170,23): error TS1005: ',' expected.
sveltekit-frontend/src/lib/services/embedding-generator.ts(170,35): error TS1005: ',' expected.
sveltekit-frontend/src/lib/services/embedding-generator.ts(170,42): error TS1005: ',' expected.
sveltekit-frontend/src/lib/services/embedding-generator.ts(170,45): error TS1005: ',' expected.
sveltekit-frontend/src/lib/services/embedding-generator.ts(170,47): error TS1005: ';' expected.
sveltekit-frontend/src/lib/services/embedding-generator.ts(170,50): error TS1109: Expression expected.
sveltekit-frontend/src/lib/services/embedding-generator.ts(171,7): error TS1109: Expression expected.
sveltekit-frontend/src/lib/services/embedding-generator.ts(174,7): error TS1005: '}' expected.
sveltekit-frontend/src/lib/services/embedding-generator.ts(187,68): error TS1109: Expression expected.
sveltekit-frontend/src/lib/services/embedding-generator.ts(188,9): error TS1109: Expression expected.
sveltekit-frontend/src/lib/services/embedding-generator.ts(192,11): error TS1005: ',' expected.
sveltekit-frontend/src/lib/services/embedding-generator.ts(194,11): error TS1005: '}' expected.
sveltekit-frontend/src/lib/services/embedding-generator.ts(203,54): error TS1109: Expression expected.
sveltekit-frontend/src/lib/services/embedding-generator.ts(204,64): error TS1005: ')' expected.
sveltekit-frontend/src/lib/services/embedding-generator.ts(209,3): error TS1128: Declaration or statement expected.
sveltekit-frontend/src/lib/services/embedding-generator.ts(213,3): error TS1128: Declaration or statement expected.
sveltekit-frontend/src/lib/services/embedding-generator.ts(213,11): error TS1434: Unexpected keyword or identifier.
sveltekit-frontend/src/lib/services/embedding-generator.ts(213,54): error TS1135: Argument expression expected.
sveltekit-frontend/src/lib/services/embedding-generator.ts(213,74): error TS1005: ',' expected.
sveltekit-frontend/src/lib/services/embedding-generator.ts(213,84): error TS1005: ';' expected.
sveltekit-frontend/src/lib/services/embedding-generator.ts(213,101): error TS1011: An element access expression should take an argument.
sveltekit-frontend/src/lib/services/embedding-generator.ts(214,9): error TS1005: ':' expected.
sveltekit-frontend/src/lib/services/embedding-generator.ts(215,13): error TS1005: ':' expected.
sveltekit-frontend/src/lib/services/embedding-generator.ts(218,9): error TS1136: Property assignment expected.
sveltekit-frontend/src/lib/services/embedding-generator.ts(218,10): error TS1136: Property assignment expected.
sveltekit-frontend/src/lib/services/embedding-generator.ts(219,20): error TS1138: Parameter declaration expected.
sveltekit-frontend/src/lib/services/embedding-generator.ts(219,70): error TS1005: ',' expected.
sveltekit-frontend/src/lib/services/embedding-generator.ts(219,72): error TS1136: Property assignment expected.
sveltekit-frontend/src/lib/services/embedding-generator.ts(223,5): error TS1128: Declaration or statement expected.
sveltekit-frontend/src/lib/services/embedding-generator.ts(223,7): error TS1005: 'try' expected.
sveltekit-frontend/src/lib/services/embedding-generator.ts(227,3): error TS1128: Declaration or statement expected.
sveltekit-frontend/src/lib/services/embedding-generator.ts(231,3): error TS1128: Declaration or statement expected.
sveltekit-frontend/src/lib/services/embedding-generator.ts(231,11): error TS1434: Unexpected keyword or identifier.
sveltekit-frontend/src/lib/services/embedding-generator.ts(231,42): error TS1135: Argument expression expected.
sveltekit-frontend/src/lib/services/embedding-generator.ts(231,51): error TS1005: ';' expected.
sveltekit-frontend/src/lib/services/embedding-generator.ts(231,68): error TS1011: An element access expression should take an argument.
sveltekit-frontend/src/lib/services/embedding-generator.ts(232,9): error TS1005: ':' expected.
sveltekit-frontend/src/lib/services/embedding-generator.ts(233,13): error TS1005: ':' expected.
sveltekit-frontend/src/lib/services/embedding-generator.ts(233,56): error TS1005: ',' expected.
sveltekit-frontend/src/lib/services/embedding-generator.ts(237,7): error TS1005: ',' expected.
sveltekit-frontend/src/lib/services/embedding-generator.ts(237,14): error TS1005: ':' expected.
sveltekit-frontend/src/lib/services/embedding-generator.ts(237,19): error TS1005: ',' expected.
sveltekit-frontend/src/lib/services/embedding-generator.ts(238,7): error TS1005: ',' expected.
sveltekit-frontend/src/lib/services/embedding-generator.ts(246,3): error TS1128: Declaration or statement expected.
sveltekit-frontend/src/lib/services/embedding-generator.ts(246,11): error TS1434: Unexpected keyword or identifier.
sveltekit-frontend/src/lib/services/embedding-generator.ts(250,3): error TS1128: Declaration or statement expected.
sveltekit-frontend/src/lib/services/embedding-generator.ts(250,4): error TS1128: Declaration or statement expected.
sveltekit-frontend/src/lib/services/embedding-generator.ts(250,21): error TS1011: An element access expression should take an argument.
sveltekit-frontend/src/lib/services/embedding-generator.ts(252,11): error TS1005: ':' expected.
sveltekit-frontend/src/lib/services/embedding-generator.ts(257,6): error TS1005: ',' expected.
sveltekit-frontend/src/lib/services/embedding-generator.ts(258,10): error TS1359: Identifier expected. 'const' is a reserved word that cannot be used here.
sveltekit-frontend/src/lib/services/embedding-generator.ts(258,16): error TS1005: ',' expected.
sveltekit-frontend/src/lib/services/embedding-generator.ts(258,27): error TS1005: ',' expected.
sveltekit-frontend/src/lib/services/embedding-generator.ts(271,9): error TS1005: ',' expected.
sveltekit-frontend/src/lib/services/embedding-generator.ts(271,11): error TS1472: 'catch' or 'finally' expected.
sveltekit-frontend/src/lib/services/embedding-generator.ts(279,9): error TS1005: ',' expected.
sveltekit-frontend/src/lib/services/embedding-generator.ts(285,3): error TS1128: Declaration or statement expected.
sveltekit-frontend/src/lib/services/embedding-generator.ts(289,3): error TS1128: Declaration or statement expected.
sveltekit-frontend/src/lib/services/embedding-generator.ts(289,11): error TS1434: Unexpected keyword or identifier.
sveltekit-frontend/src/lib/services/embedding-generator.ts(289,39): error TS1135: Argument expression expected.
sveltekit-frontend/src/lib/services/embedding-generator.ts(289,59): error TS1005: ',' expected.
sveltekit-frontend/src/lib/services/embedding-generator.ts(289,68): error TS1011: An element access expression should take an argument.
sveltekit-frontend/src/lib/services/embedding-generator.ts(289,75): error TS1005: ',' expected.
sveltekit-frontend/src/lib/services/embedding-generator.ts(289,85): error TS1005: ';' expected.
sveltekit-frontend/src/lib/services/embedding-generator.ts(289,99): error TS1109: Expression expected.
sveltekit-frontend/src/lib/services/embedding-generator.ts(290,9): error TS1005: ':' expected.
sveltekit-frontend/src/lib/services/embedding-generator.ts(291,13): error TS1005: ',' expected.
sveltekit-frontend/src/lib/services/embedding-generator.ts(291,19): error TS1005: ',' expected.
sveltekit-frontend/src/lib/services/embedding-generator.ts(291,72): error TS1005: ',' expected.
sveltekit-frontend/src/lib/services/embedding-generator.ts(292,7): error TS1005: ',' expected.
sveltekit-frontend/src/lib/services/embedding-generator.ts(299,3): error TS1128: Declaration or statement expected.
sveltekit-frontend/src/lib/services/embedding-generator.ts(299,11): error TS1434: Unexpected keyword or identifier.
sveltekit-frontend/src/lib/services/embedding-generator.ts(301,23): error TS1011: An element access expression should take an argument.
sveltekit-frontend/src/lib/services/embedding-generator.ts(303,3): error TS1128: Declaration or statement expected.
sveltekit-frontend/src/lib/services/embedding-generator.ts(303,4): error TS1128: Declaration or statement expected.
sveltekit-frontend/src/lib/services/embedding-generator.ts(303,18): error TS1109: Expression expected.
sveltekit-frontend/src/lib/services/embedding-generator.ts(304,9): error TS1005: ':' expected.
sveltekit-frontend/src/lib/services/embedding-generator.ts(306,13): error TS1005: ':' expected.
sveltekit-frontend/src/lib/services/embedding-generator.ts(306,47): error TS1005: ',' expected.
sveltekit-frontend/src/lib/services/embedding-generator.ts(307,13): error TS1005: ':' expected.
sveltekit-frontend/src/lib/services/embedding-generator.ts(307,85): error TS1005: ')' expected.
sveltekit-frontend/src/lib/services/embedding-generator.ts(308,13): error TS1005: ':' expected.
sveltekit-frontend/src/lib/services/embedding-generator.ts(308,88): error TS1005: ',' expected.
sveltekit-frontend/src/lib/services/embedding-generator.ts(310,13): error TS1005: ':' expected.
sveltekit-frontend/src/lib/services/embedding-generator.ts(310,89): error TS1005: ',' expected.
sveltekit-frontend/src/lib/services/embedding-generator.ts(312,13): error TS1005: ',' expected.
sveltekit-frontend/src/lib/services/embedding-generator.ts(312,31): error TS1005: ',' expected.
sveltekit-frontend/src/lib/services/embedding-generator.ts(313,9): error TS1136: Property assignment expected.
sveltekit-frontend/src/lib/services/embedding-generator.ts(314,34): error TS1005: ':' expected.
sveltekit-frontend/src/lib/services/embedding-generator.ts(316,9): error TS1136: Property assignment expected.
sveltekit-frontend/src/lib/services/embedding-generator.ts(323,25): error TS1109: Expression expected.
sveltekit-frontend/src/lib/services/embedding-generator.ts(326,7): error TS1128: Declaration or statement expected.
sveltekit-frontend/src/lib/services/embedding-generator.ts(328,5): error TS1128: Declaration or statement expected.
sveltekit-frontend/src/lib/services/embedding-generator.ts(328,7): error TS1005: 'try' expected.
sveltekit-frontend/src/lib/services/embedding-generator.ts(331,3): error TS1128: Declaration or statement expected.
sveltekit-frontend/src/lib/services/embedding-generator.ts(335,3): error TS1128: Declaration or statement expected.
sveltekit-frontend/src/lib/services/embedding-generator.ts(335,52): error TS1135: Argument expression expected.
sveltekit-frontend/src/lib/services/embedding-generator.ts(335,61): error TS1011: An element access expression should take an argument.
sveltekit-frontend/src/lib/services/embedding-generator.ts(335,74): error TS1005: ',' expected.
sveltekit-frontend/src/lib/services/embedding-generator.ts(335,84): error TS1005: ';' expected.
sveltekit-frontend/src/lib/services/embedding-generator.ts(335,86): error TS1434: Unexpected keyword or identifier.
sveltekit-frontend/src/lib/services/embedding-generator.ts(345,34): error TS1109: Expression expected.
sveltekit-frontend/src/lib/services/embedding-generator.ts(346,7): error TS1109: Expression expected.
sveltekit-frontend/src/lib/services/embedding-generator.ts(346,36): error TS1109: Expression expected.
sveltekit-frontend/src/lib/services/embedding-generator.ts(347,9): error TS1109: Expression expected.
sveltekit-frontend/src/lib/services/embedding-generator.ts(348,37): error TS1109: Expression expected.
sveltekit-frontend/src/lib/services/embedding-generator.ts(349,11): error TS1109: Expression expected.
sveltekit-frontend/src/lib/services/embedding-generator.ts(365,3): error TS1128: Declaration or statement expected.
sveltekit-frontend/src/lib/services/embedding-generator.ts(365,34): error TS1135: Argument expression expected.
sveltekit-frontend/src/lib/services/embedding-generator.ts(365,43): error TS1005: ';' expected.
sveltekit-frontend/src/lib/services/embedding-generator.ts(366,9): error TS1005: ':' expected.
sveltekit-frontend/src/lib/services/embedding-generator.ts(366,73): error TS1109: Expression expected.
sveltekit-frontend/src/lib/services/embedding-generator.ts(366,76): error TS1005: ':' expected.
sveltekit-frontend/src/lib/services/embedding-generator.ts(371,3): error TS1128: Declaration or statement expected.
sveltekit-frontend/src/lib/services/embedding-generator.ts(371,38): error TS1135: Argument expression expected.
sveltekit-frontend/src/lib/services/embedding-generator.ts(371,54): error TS1005: ',' expected.
sveltekit-frontend/src/lib/services/embedding-generator.ts(371,64): error TS1005: ';' expected.
sveltekit-frontend/src/lib/services/embedding-generator.ts(372,9): error TS1005: ':' expected.
sveltekit-frontend/src/lib/services/embedding-generator.ts(373,66): error TS1005: ',' expected.
sveltekit-frontend/src/lib/services/embedding-generator.ts(375,9): error TS1005: ':' expected.
sveltekit-frontend/src/lib/services/embedding-generator.ts(377,68): error TS1005: ',' expected.
sveltekit-frontend/src/lib/services/embedding-generator.ts(382,14): error TS1109: Expression expected.
sveltekit-frontend/src/lib/services/embedding-generator.ts(382,16): error TS1434: Unexpected keyword or identifier.
sveltekit-frontend/src/lib/services/embedding-generator.ts(388,3): error TS1434: Unexpected keyword or identifier.
sveltekit-frontend/src/lib/services/embedding-generator.ts(388,22): error TS1109: Expression expected.
sveltekit-frontend/src/lib/services/embedding-generator.ts(388,36): error TS1109: Expression expected.
sveltekit-frontend/src/lib/services/embedding-generator.ts(389,9): error TS1005: ':' expected.
sveltekit-frontend/src/lib/services/embedding-generator.ts(390,13): error TS1005: ':' expected.
sveltekit-frontend/src/lib/services/embedding-generator.ts(390,58): error TS1005: ',' expected.
sveltekit-frontend/src/lib/services/embedding-generator.ts(391,16): error TS1138: Parameter declaration expected.
sveltekit-frontend/src/lib/services/embedding-generator.ts(391,25): error TS1109: Expression expected.
sveltekit-frontend/src/lib/services/embedding-generator.ts(391,28): error TS1005: ':' expected.
sveltekit-frontend/src/lib/services/embedding-generator.ts(391,30): error TS1136: Property assignment expected.
sveltekit-frontend/src/lib/services/embedding-generator.ts(402,28): error TS1109: Expression expected.
sveltekit-frontend/src/lib/services/embedding-generator.ts(402,37): error TS1005: ',' expected.
sveltekit-frontend/src/lib/services/embedding-generator.ts(402,38): error TS1136: Property assignment expected.
sveltekit-frontend/src/lib/services/embedding-generator.ts(406,5): error TS1128: Declaration or statement expected.
sveltekit-frontend/src/lib/services/embedding-generator.ts(406,7): error TS1005: 'try' expected.
sveltekit-frontend/src/lib/services/embedding-generator.ts(409,3): error TS1128: Declaration or statement expected.
sveltekit-frontend/src/lib/services/embedding-generator.ts(413,3): error TS1434: Unexpected keyword or identifier.
sveltekit-frontend/src/lib/services/embedding-generator.ts(413,31): error TS1135: Argument expression expected.
sveltekit-frontend/src/lib/services/embedding-generator.ts(413,40): error TS1011: An element access expression should take an argument.
sveltekit-frontend/src/lib/services/embedding-generator.ts(413,42): error TS1005: ';' expected.
sveltekit-frontend/src/lib/services/embedding-generator.ts(413,56): error TS1109: Expression expected.
sveltekit-frontend/src/lib/services/embedding-generator.ts(414,13): error TS1003: Identifier expected.
sveltekit-frontend/src/lib/services/embedding-generator.ts(414,96): error TS1005: ',' expected.
sveltekit-frontend/src/lib/services/embedding-generator.ts(416,11): error TS1005: ':' expected.
sveltekit-frontend/src/lib/services/embedding-generator.ts(416,30): error TS1005: ',' expected.
sveltekit-frontend/src/lib/services/embedding-generator.ts(417,14): error TS1005: ',' expected.
sveltekit-frontend/src/lib/services/embedding-generator.ts(417,17): error TS1109: Expression expected.
sveltekit-frontend/src/lib/services/embedding-generator.ts(417,19): error TS1003: Identifier expected.
sveltekit-frontend/src/lib/services/embedding-generator.ts(417,20): error TS1138: Parameter declaration expected.
sveltekit-frontend/src/lib/services/embedding-generator.ts(417,21): error TS1138: Parameter declaration expected.
sveltekit-frontend/src/lib/services/embedding-generator.ts(417,25): error TS1005: ',' expected.
sveltekit-frontend/src/lib/services/embedding-generator.ts(417,39): error TS1005: ',' expected.
sveltekit-frontend/src/lib/services/embedding-generator.ts(417,48): error TS1005: ',' expected.
sveltekit-frontend/src/lib/services/embedding-generator.ts(417,52): error TS1005: ',' expected.
sveltekit-frontend/src/lib/services/embedding-generator.ts(417,66): error TS1005: ',' expected.
sveltekit-frontend/src/lib/services/embedding-generator.ts(417,68): error TS1136: Property assignment expected.
sveltekit-frontend/src/lib/services/embedding-generator.ts(417,69): error TS1109: Expression expected.
sveltekit-frontend/src/lib/services/embedding-generator.ts(418,7): error TS1109: Expression expected.
sveltekit-frontend/src/lib/services/embedding-generator.ts(425,7): error TS1128: Declaration or statement expected.
sveltekit-frontend/src/lib/services/embedding-generator.ts(429,3): error TS1128: Declaration or statement expected.
sveltekit-frontend/src/lib/services/embedding-generator.ts(430,1): error TS1128: Declaration or statement expected.
sveltekit-frontend/src/lib/services/embedding.ts(12,44): error TS1109: Expression expected.
sveltekit-frontend/src/lib/services/embedding.ts(13,22): error TS1109: Expression expected.
sveltekit-frontend/src/lib/services/embedding.ts(23,51): error TS1005: ')' expected.
sveltekit-frontend/src/lib/services/embeddings-enhanced.ts(6,41): error TS1109: Expression expected.
sveltekit-frontend/src/lib/services/embeddings-enhanced.ts(7,11): error TS1109: Expression expected.
sveltekit-frontend/src/lib/services/embeddings-enhanced.ts(15,46): error TS1109: Expression expected.
sveltekit-frontend/src/lib/services/embeddings-enhanced.ts(16,5): error TS1109: Expression expected.
sveltekit-frontend/src/lib/services/embeddings-enhanced.ts(22,63): error TS1109: Expression expected.
sveltekit-frontend/src/lib/services/embeddings-enhanced.ts(23,3): error TS1109: Expression expected.
sveltekit-frontend/src/lib/services/embeddings-enhanced.ts(26,63): error TS1005: ')' expected.
sveltekit-frontend/src/lib/services/embeddings-enhanced.ts(30,59): error TS1109: Expression expected.
sveltekit-frontend/src/lib/services/embeddings-enhanced.ts(31,10): error TS1109: Expression expected.
sveltekit-frontend/src/lib/services/embeddings-enhanced.ts(35,60): error TS1005: ')' expected.
sveltekit-frontend/src/lib/services/embeddings-service.ts(25,50): error TS1109: Expression expected.
sveltekit-frontend/src/lib/services/embeddings-service.ts(26,9): error TS1109: Expression expected.
sveltekit-frontend/src/lib/services/embeddings-service.ts(30,79): error TS1005: ')' expected.
sveltekit-frontend/src/lib/services/embeddings-service.ts(31,75): error TS1005: ')' expected.
sveltekit-frontend/src/lib/services/embeddings-service.ts(34,61): error TS1136: Property assignment expected.
sveltekit-frontend/src/lib/services/embeddings-service.ts(34,63): error TS1128: Declaration or statement expected.
sveltekit-frontend/src/lib/services/embeddings-service.ts(36,7): error TS1472: 'catch' or 'finally' expected.
sveltekit-frontend/src/lib/services/embeddings-service.ts(43,3): error TS1128: Declaration or statement expected.
sveltekit-frontend/src/lib/services/embeddings-service.ts(43,38): error TS1135: Argument expression expected.
sveltekit-frontend/src/lib/services/embeddings-service.ts(44,11): error TS1005: ':' expected.
sveltekit-frontend/src/lib/services/embeddings-service.ts(44,48): error TS1005: ',' expected.
sveltekit-frontend/src/lib/services/embeddings-service.ts(44,50): error TS1005: ',' expected.
sveltekit-frontend/src/lib/services/embeddings-service.ts(45,11): error TS1005: ':' expected.
sveltekit-frontend/src/lib/services/embeddings-service.ts(45,56): error TS1005: ',' expected.
sveltekit-frontend/src/lib/services/embeddings-service.ts(46,9): error TS1003: Identifier expected.
sveltekit-frontend/src/lib/services/embeddings-service.ts(46,26): error TS1005: '{' expected.
sveltekit-frontend/src/lib/services/embeddings-service.ts(46,32): error TS1005: ':' expected.
sveltekit-frontend/src/lib/services/embeddings-service.ts(47,9): error TS1005: ':' expected.
sveltekit-frontend/src/lib/services/embeddings-service.ts(47,36): error TS1005: ',' expected.
sveltekit-frontend/src/lib/services/embeddings-service.ts(49,45): error TS1005: ')' expected.
sveltekit-frontend/src/lib/services/embeddings-service.ts(50,7): error TS1005: ',' expected.
sveltekit-frontend/src/lib/services/embeddings-service.ts(50,12): error TS1005: ':' expected.
sveltekit-frontend/src/lib/services/embeddings-service.ts(52,9): error TS1128: Declaration or statement expected.
sveltekit-frontend/src/lib/services/embeddings-service.ts(52,14): error TS1005: ':' expected.
sveltekit-frontend/src/lib/services/embeddings-service.ts(52,27): error TS1005: ',' expected.
sveltekit-frontend/src/lib/services/embeddings-service.ts(53,25): error TS1005: ',' expected.
sveltekit-frontend/src/lib/services/embeddings-service.ts(53,39): error TS1005: ',' expected.
sveltekit-frontend/src/lib/services/embeddings-service.ts(54,16): error TS1005: ':' expected.
sveltekit-frontend/src/lib/services/embeddings-service.ts(55,14): error TS1005: ':' expected.
sveltekit-frontend/src/lib/services/embeddings-service.ts(55,32): error TS1005: ',' expected.
sveltekit-frontend/src/lib/services/embeddings-service.ts(56,14): error TS1005: ':' expected.
sveltekit-frontend/src/lib/services/embeddings-service.ts(56,38): error TS1005: ',' expected.
sveltekit-frontend/src/lib/services/embeddings-service.ts(57,14): error TS1005: ':' expected.
sveltekit-frontend/src/lib/services/embeddings-service.ts(57,33): error TS1005: ',' expected.
sveltekit-frontend/src/lib/services/embeddings-service.ts(58,25): error TS1005: ',' expected.
sveltekit-frontend/src/lib/services/embeddings-service.ts(58,39): error TS1005: ',' expected.
sveltekit-frontend/src/lib/services/embeddings-service.ts(59,16): error TS1005: ':' expected.
sveltekit-frontend/src/lib/services/embeddings-service.ts(61,76): error TS1005: ')' expected.
sveltekit-frontend/src/lib/services/embeddings-service.ts(64,3): error TS1128: Declaration or statement expected.
sveltekit-frontend/src/lib/services/embeddings-service.ts(65,3): error TS1128: Declaration or statement expected.
sveltekit-frontend/src/lib/services/embeddings-service.ts(65,35): error TS1135: Argument expression expected.
sveltekit-frontend/src/lib/services/embeddings-service.ts(66,12): error TS1005: ',' expected.
sveltekit-frontend/src/lib/services/embeddings-service.ts(66,44): error TS1005: ',' expected.
sveltekit-frontend/src/lib/services/embeddings-service.ts(68,3): error TS1128: Declaration or statement expected.
sveltekit-frontend/src/lib/services/embeddings-service.ts(68,11): error TS1434: Unexpected keyword or identifier.
sveltekit-frontend/src/lib/services/embeddings-service.ts(68,42): error TS1135: Argument expression expected.
sveltekit-frontend/src/lib/services/embeddings-service.ts(68,57): error TS1005: ',' expected.
sveltekit-frontend/src/lib/services/embeddings-service.ts(68,72): error TS1005: ',' expected.
sveltekit-frontend/src/lib/services/embeddings-service.ts(68,79): error TS1005: ';' expected.
sveltekit-frontend/src/lib/services/embeddings-service.ts(69,11): error TS1005: ':' expected.
sveltekit-frontend/src/lib/services/embeddings-service.ts(69,35): error TS1005: ',' expected.
sveltekit-frontend/src/lib/services/embeddings-service.ts(70,11): error TS1005: ':' expected.
sveltekit-frontend/src/lib/services/embeddings-service.ts(70,40): error TS1005: ',' expected.
sveltekit-frontend/src/lib/services/embeddings-service.ts(71,12): error TS1005: ':' expected.
sveltekit-frontend/src/lib/services/embeddings-service.ts(75,75): error TS1005: ')' expected.
sveltekit-frontend/src/lib/services/embeddings-service.ts(93,7): error TS1005: ',' expected.
sveltekit-frontend/src/lib/services/embeddings-service.ts(95,3): error TS1128: Declaration or statement expected.
sveltekit-frontend/src/lib/services/embeddings-service.ts(95,27): error TS1109: Expression expected.
sveltekit-frontend/src/lib/services/embeddings-service.ts(95,29): error TS1434: Unexpected keyword or identifier.
sveltekit-frontend/src/lib/services/embeddings-service.ts(100,3): error TS1434: Unexpected keyword or identifier.
sveltekit-frontend/src/lib/services/embeddings-service.ts(100,32): error TS1135: Argument expression expected.
sveltekit-frontend/src/lib/services/embeddings-service.ts(100,41): error TS1005: ';' expected.
sveltekit-frontend/src/lib/services/embeddings-service.ts(101,9): error TS1003: Identifier expected.
sveltekit-frontend/src/lib/services/embeddings-service.ts(101,14): error TS1005: ',' expected.
sveltekit-frontend/src/lib/services/embeddings-service.ts(101,29): error TS1005: ',' expected.
sveltekit-frontend/src/lib/services/embeddings-service.ts(101,31): error TS1136: Property assignment expected.
sveltekit-frontend/src/lib/services/embeddings-service.ts(107,3): error TS1128: Declaration or statement expected.
sveltekit-frontend/src/lib/services/embeddings-service.ts(108,3): error TS1434: Unexpected keyword or identifier.
sveltekit-frontend/src/lib/services/embeddings-service.ts(108,39): error TS1135: Argument expression expected.
sveltekit-frontend/src/lib/services/embeddings-service.ts(108,48): error TS1011: An element access expression should take an argument.
sveltekit-frontend/src/lib/services/embeddings-service.ts(108,50): error TS1005: ';' expected.
sveltekit-frontend/src/lib/services/embeddings-service.ts(108,61): error TS1131: Property or signature expected.
sveltekit-frontend/src/lib/services/embeddings-service.ts(109,16): error TS1109: Expression expected.
sveltekit-frontend/src/lib/services/embeddings-service.ts(109,25): error TS1011: An element access expression should take an argument.
sveltekit-frontend/src/lib/services/embeddings-service.ts(109,27): error TS1011: An element access expression should take an argument.
sveltekit-frontend/src/lib/services/embeddings-service.ts(113,3): error TS1128: Declaration or statement expected.
sveltekit-frontend/src/lib/services/embeddings-service.ts(113,4): error TS1109: Expression expected.
sveltekit-frontend/src/lib/services/embeddings-service.ts(114,9): error TS1003: Identifier expected.
sveltekit-frontend/src/lib/services/embeddings-service.ts(114,14): error TS1005: ',' expected.
sveltekit-frontend/src/lib/services/embeddings-service.ts(114,29): error TS1005: ',' expected.
sveltekit-frontend/src/lib/services/embeddings-service.ts(114,31): error TS1136: Property assignment expected.
sveltekit-frontend/src/lib/services/embeddings-service.ts(120,56): error TS1109: Expression expected.
sveltekit-frontend/src/lib/services/embeddings-service.ts(121,49): error TS1005: ')' expected.
sveltekit-frontend/src/lib/services/embeddings-service.ts(124,63): error TS1005: ',' expected.
sveltekit-frontend/src/lib/services/embeddings-service.ts(125,62): error TS1005: ',' expected.
sveltekit-frontend/src/lib/services/embeddings-service.ts(127,5): error TS1128: Declaration or statement expected.
sveltekit-frontend/src/lib/services/embeddings-service.ts(127,6): error TS1128: Declaration or statement expected.
sveltekit-frontend/src/lib/services/embeddings-service.ts(139,32): error TS1005: ',' expected.
sveltekit-frontend/src/lib/services/embeddings-service.ts(144,3): error TS1128: Declaration or statement expected.
sveltekit-frontend/src/lib/services/embeddings-service.ts(145,3): error TS1434: Unexpected keyword or identifier.
sveltekit-frontend/src/lib/services/embeddings-service.ts(145,29): error TS1135: Argument expression expected.
sveltekit-frontend/src/lib/services/embeddings-service.ts(145,38): error TS1005: ';' expected.
sveltekit-frontend/src/lib/services/embeddings-service.ts(145,49): error TS1131: Property or signature expected.
sveltekit-frontend/src/lib/services/embeddings-service.ts(146,15): error TS1109: Expression expected.
sveltekit-frontend/src/lib/services/embeddings-service.ts(147,20): error TS1011: An element access expression should take an argument.
sveltekit-frontend/src/lib/services/embeddings-service.ts(154,3): error TS1128: Declaration or statement expected.
sveltekit-frontend/src/lib/services/embeddings-service.ts(154,4): error TS1109: Expression expected.
sveltekit-frontend/src/lib/services/embeddings-service.ts(155,9): error TS1003: Identifier expected.
sveltekit-frontend/src/lib/services/embeddings-service.ts(155,14): error TS1005: ',' expected.
sveltekit-frontend/src/lib/services/embeddings-service.ts(155,29): error TS1005: ',' expected.
sveltekit-frontend/src/lib/services/embeddings-service.ts(155,31): error TS1136: Property assignment expected.
sveltekit-frontend/src/lib/services/embeddings-service.ts(160,3): error TS1128: Declaration or statement expected.
sveltekit-frontend/src/lib/services/embeddings-service.ts(161,3): error TS1434: Unexpected keyword or identifier.
sveltekit-frontend/src/lib/services/embeddings-service.ts(161,23): error TS1109: Expression expected.
sveltekit-frontend/src/lib/services/embeddings-service.ts(162,9): error TS1005: ':' expected.
sveltekit-frontend/src/lib/services/embeddings-service.ts(163,13): error TS1005: ':' expected.
sveltekit-frontend/src/lib/services/embeddings-service.ts(176,9): error TS1005: ',' expected.
sveltekit-frontend/src/lib/services/embeddings-service.ts(177,13): error TS1005: ':' expected.
sveltekit-frontend/src/lib/services/embeddings-service.ts(177,50): error TS1005: ',' expected.
sveltekit-frontend/src/lib/services/embeddings-service.ts(178,13): error TS1005: ':' expected.
sveltekit-frontend/src/lib/services/embeddings-service.ts(178,65): error TS1005: ',' expected.
sveltekit-frontend/src/lib/services/embeddings-service.ts(179,15): error TS1003: Identifier expected.
sveltekit-frontend/src/lib/services/embeddings-service.ts(179,96): error TS1005: ',' expected.
sveltekit-frontend/src/lib/services/embeddings-service.ts(180,14): error TS1005: ':' expected.
sveltekit-frontend/src/lib/services/embeddings-service.ts(180,30): error TS1109: Expression expected.
sveltekit-frontend/src/lib/services/embeddings-service.ts(180,33): error TS1005: ':' expected.
sveltekit-frontend/src/lib/services/embeddings-service.ts(181,7): error TS1005: ',' expected.
sveltekit-frontend/src/lib/services/embeddings-service.ts(186,20): error TS1109: Expression expected.
sveltekit-frontend/src/lib/services/embeddings-service.ts(197,3): error TS1434: Unexpected keyword or identifier.
sveltekit-frontend/src/lib/services/embeddings-service.ts(197,19): error TS1109: Expression expected.
sveltekit-frontend/src/lib/services/embeddings-service.ts(197,33): error TS1109: Expression expected.
sveltekit-frontend/src/lib/services/embeddings-service.ts(199,10): error TS1359: Identifier expected. 'const' is a reserved word that cannot be used here.
sveltekit-frontend/src/lib/services/embeddings-service.ts(199,16): error TS1005: ',' expected.
sveltekit-frontend/src/lib/services/embeddings-service.ts(199,35): error TS1005: ',' expected.
sveltekit-frontend/src/lib/services/embeddings-service.ts(199,40): error TS1005: ',' expected.
sveltekit-frontend/src/lib/services/embeddings-service.ts(199,57): error TS1005: ',' expected.
sveltekit-frontend/src/lib/services/embeddings-service.ts(199,59): error TS1136: Property assignment expected.
sveltekit-frontend/src/lib/services/embeddings-service.ts(200,56): error TS1005: ')' expected.
sveltekit-frontend/src/lib/services/embeddings-service.ts(210,3): error TS1128: Declaration or statement expected.
sveltekit-frontend/src/lib/services/embeddings-service.ts(211,1): error TS1128: Declaration or statement expected.
sveltekit-frontend/src/lib/services/end-to-end-api-integration.ts(32,50): error TS1005: ',' expected.
sveltekit-frontend/src/lib/services/end-to-end-api-integration.ts(45,7): error TS1128: Declaration or statement expected.
sveltekit-frontend/src/lib/services/end-to-end-api-integration.ts(49,5): error TS1068: Unexpected token. A constructor, method, accessor, or property was expected.
sveltekit-frontend/src/lib/services/end-to-end-api-integration.ts(52,3): error TS1128: Declaration or statement expected.
sveltekit-frontend/src/lib/services/end-to-end-api-integration.ts(54,3): error TS1434: Unexpected keyword or identifier.
sveltekit-frontend/src/lib/services/end-to-end-api-integration.ts(54,20): error TS1109: Expression expected.
sveltekit-frontend/src/lib/services/end-to-end-api-integration.ts(54,27): error TS1109: Expression expected.
sveltekit-frontend/src/lib/services/end-to-end-api-integration.ts(58,3): error TS1128: Declaration or statement expected.
sveltekit-frontend/src/lib/services/end-to-end-api-integration.ts(58,4): error TS1128: Declaration or statement expected.
sveltekit-frontend/src/lib/services/end-to-end-api-integration.ts(59,11): error TS1005: ':' expected.
sveltekit-frontend/src/lib/services/end-to-end-api-integration.ts(59,63): error TS1005: ',' expected.
sveltekit-frontend/src/lib/services/end-to-end-api-integration.ts(61,19): error TS1138: Parameter declaration expected.
sveltekit-frontend/src/lib/services/end-to-end-api-integration.ts(61,53): error TS1005: ';' expected.
sveltekit-frontend/src/lib/services/end-to-end-api-integration.ts(63,63): error TS1109: Expression expected.
sveltekit-frontend/src/lib/services/end-to-end-api-integration.ts(64,9): error TS1109: Expression expected.
sveltekit-frontend/src/lib/services/end-to-end-api-integration.ts(75,7): error TS1005: ',' expected.
sveltekit-frontend/src/lib/services/end-to-end-api-integration.ts(75,9): error TS1472: 'catch' or 'finally' expected.
sveltekit-frontend/src/lib/services/end-to-end-api-integration.ts(85,5): error TS1128: Declaration or statement expected.
sveltekit-frontend/src/lib/services/end-to-end-api-integration.ts(85,7): error TS1005: 'try' expected.
sveltekit-frontend/src/lib/services/end-to-end-api-integration.ts(89,3): error TS1128: Declaration or statement expected.
sveltekit-frontend/src/lib/services/end-to-end-api-integration.ts(91,3): error TS1434: Unexpected keyword or identifier.
sveltekit-frontend/src/lib/services/end-to-end-api-integration.ts(92,12): error TS1005: ':' expected.
sveltekit-frontend/src/lib/services/end-to-end-api-integration.ts(92,29): error TS1005: ',' expected.
sveltekit-frontend/src/lib/services/end-to-end-api-integration.ts(94,1): error TS1128: Declaration or statement expected.
sveltekit-frontend/src/lib/services/end-to-end-api-integration.ts(120,31): error TS1136: Property assignment expected.
sveltekit-frontend/src/lib/services/end-to-end-api-integration.ts(125,9): error TS1136: Property assignment expected.
sveltekit-frontend/src/lib/services/end-to-end-api-integration.ts(126,8): error TS1472: 'catch' or 'finally' expected.
sveltekit-frontend/src/lib/services/end-to-end-api-integration.ts(131,31): error TS1136: Property assignment expected.
sveltekit-frontend/src/lib/services/end-to-end-api-integration.ts(135,9): error TS1136: Property assignment expected.
sveltekit-frontend/src/lib/services/end-to-end-api-integration.ts(136,8): error TS1068: Unexpected token. A constructor, method, accessor, or property was expected.
sveltekit-frontend/src/lib/services/end-to-end-api-integration.ts(149,7): error TS1068: Unexpected token. A constructor, method, accessor, or property was expected.
sveltekit-frontend/src/lib/services/end-to-end-api-integration.ts(151,5): error TS1128: Declaration or statement expected.
sveltekit-frontend/src/lib/services/end-to-end-api-integration.ts(151,7): error TS1005: 'try' expected.
sveltekit-frontend/src/lib/services/end-to-end-api-integration.ts(155,3): error TS1128: Declaration or statement expected.
sveltekit-frontend/src/lib/services/end-to-end-api-integration.ts(157,3): error TS1434: Unexpected keyword or identifier.
sveltekit-frontend/src/lib/services/end-to-end-api-integration.ts(157,33): error TS1135: Argument expression expected.
sveltekit-frontend/src/lib/services/end-to-end-api-integration.ts(157,69): error TS1005: ';' expected.
sveltekit-frontend/src/lib/services/end-to-end-api-integration.ts(158,11): error TS1005: ':' expected.
sveltekit-frontend/src/lib/services/end-to-end-api-integration.ts(158,75): error TS1005: ',' expected.
sveltekit-frontend/src/lib/services/end-to-end-api-integration.ts(159,9): error TS1005: ':' expected.
sveltekit-frontend/src/lib/services/end-to-end-api-integration.ts(160,11): error TS1005: ':' expected.
sveltekit-frontend/src/lib/services/end-to-end-api-integration.ts(160,83): error TS1005: ',' expected.
sveltekit-frontend/src/lib/services/end-to-end-api-integration.ts(162,13): error TS1005: ':' expected.
sveltekit-frontend/src/lib/services/end-to-end-api-integration.ts(164,31): error TS1136: Property assignment expected.
sveltekit-frontend/src/lib/services/end-to-end-api-integration.ts(169,9): error TS1136: Property assignment expected.
sveltekit-frontend/src/lib/services/end-to-end-api-integration.ts(170,8): error TS1005: ',' expected.
sveltekit-frontend/src/lib/services/end-to-end-api-integration.ts(170,9): error TS1136: Property assignment expected.
sveltekit-frontend/src/lib/services/end-to-end-api-integration.ts(172,11): error TS1005: ':' expected.
sveltekit-frontend/src/lib/services/end-to-end-api-integration.ts(172,86): error TS1005: ',' expected.
sveltekit-frontend/src/lib/services/end-to-end-api-integration.ts(173,13): error TS1005: ':' expected.
sveltekit-frontend/src/lib/services/end-to-end-api-integration.ts(175,31): error TS1136: Property assignment expected.
sveltekit-frontend/src/lib/services/end-to-end-api-integration.ts(178,9): error TS1136: Property assignment expected.
sveltekit-frontend/src/lib/services/end-to-end-api-integration.ts(179,8): error TS1005: ';' expected.
sveltekit-frontend/src/lib/services/end-to-end-api-integration.ts(184,31): error TS1136: Property assignment expected.
sveltekit-frontend/src/lib/services/end-to-end-api-integration.ts(188,9): error TS1136: Property assignment expected.
sveltekit-frontend/src/lib/services/end-to-end-api-integration.ts(189,7): error TS1128: Declaration or statement expected.
sveltekit-frontend/src/lib/services/end-to-end-api-integration.ts(189,8): error TS1128: Declaration or statement expected.
sveltekit-frontend/src/lib/services/end-to-end-api-integration.ts(203,5): error TS1128: Declaration or statement expected.
sveltekit-frontend/src/lib/services/end-to-end-api-integration.ts(203,7): error TS1005: 'try' expected.
sveltekit-frontend/src/lib/services/end-to-end-api-integration.ts(207,3): error TS1128: Declaration or statement expected.
sveltekit-frontend/src/lib/services/end-to-end-api-integration.ts(209,3): error TS1434: Unexpected keyword or identifier.
sveltekit-frontend/src/lib/services/end-to-end-api-integration.ts(209,28): error TS1135: Argument expression expected.
sveltekit-frontend/src/lib/services/end-to-end-api-integration.ts(209,58): error TS1005: ';' expected.
sveltekit-frontend/src/lib/services/end-to-end-api-integration.ts(210,11): error TS1005: ':' expected.
sveltekit-frontend/src/lib/services/end-to-end-api-integration.ts(210,69): error TS1005: ',' expected.
sveltekit-frontend/src/lib/services/end-to-end-api-integration.ts(211,9): error TS1005: ':' expected.
sveltekit-frontend/src/lib/services/end-to-end-api-integration.ts(212,11): error TS1005: ':' expected.
sveltekit-frontend/src/lib/services/end-to-end-api-integration.ts(212,88): error TS1005: ',' expected.
sveltekit-frontend/src/lib/services/end-to-end-api-integration.ts(214,13): error TS1005: ':' expected.
sveltekit-frontend/src/lib/services/end-to-end-api-integration.ts(216,31): error TS1136: Property assignment expected.
sveltekit-frontend/src/lib/services/end-to-end-api-integration.ts(221,9): error TS1136: Property assignment expected.
sveltekit-frontend/src/lib/services/end-to-end-api-integration.ts(222,8): error TS1005: ',' expected.
sveltekit-frontend/src/lib/services/end-to-end-api-integration.ts(222,9): error TS1136: Property assignment expected.
sveltekit-frontend/src/lib/services/end-to-end-api-integration.ts(224,11): error TS1005: ':' expected.
sveltekit-frontend/src/lib/services/end-to-end-api-integration.ts(224,81): error TS1005: ',' expected.
sveltekit-frontend/src/lib/services/end-to-end-api-integration.ts(226,13): error TS1005: ':' expected.
sveltekit-frontend/src/lib/services/end-to-end-api-integration.ts(228,31): error TS1136: Property assignment expected.
sveltekit-frontend/src/lib/services/end-to-end-api-integration.ts(231,9): error TS1136: Property assignment expected.
sveltekit-frontend/src/lib/services/end-to-end-api-integration.ts(232,8): error TS1005: ';' expected.
sveltekit-frontend/src/lib/services/end-to-end-api-integration.ts(245,5): error TS1128: Declaration or statement expected.
sveltekit-frontend/src/lib/services/end-to-end-api-integration.ts(245,7): error TS1005: 'try' expected.
sveltekit-frontend/src/lib/services/end-to-end-api-integration.ts(249,3): error TS1128: Declaration or statement expected.
sveltekit-frontend/src/lib/services/end-to-end-api-integration.ts(251,3): error TS1128: Declaration or statement expected.
sveltekit-frontend/src/lib/services/end-to-end-api-integration.ts(251,31): error TS1135: Argument expression expected.
sveltekit-frontend/src/lib/services/end-to-end-api-integration.ts(251,49): error TS1005: ',' expected.
sveltekit-frontend/src/lib/services/end-to-end-api-integration.ts(251,56): error TS1005: ';' expected.
sveltekit-frontend/src/lib/services/end-to-end-api-integration.ts(251,58): error TS1434: Unexpected keyword or identifier.
sveltekit-frontend/src/lib/services/end-to-end-api-integration.ts(265,7): error TS1005: ')' expected.
sveltekit-frontend/src/lib/services/end-to-end-api-integration.ts(269,3): error TS1128: Declaration or statement expected.
sveltekit-frontend/src/lib/services/end-to-end-api-integration.ts(269,43): error TS1135: Argument expression expected.
sveltekit-frontend/src/lib/services/end-to-end-api-integration.ts(269,60): error TS1005: ',' expected.
sveltekit-frontend/src/lib/services/end-to-end-api-integration.ts(269,86): error TS1005: ',' expected.
sveltekit-frontend/src/lib/services/end-to-end-api-integration.ts(269,105): error TS1109: Expression expected.
sveltekit-frontend/src/lib/services/end-to-end-api-integration.ts(269,116): error TS1005: ';' expected.
sveltekit-frontend/src/lib/services/end-to-end-api-integration.ts(279,7): error TS1005: ')' expected.
sveltekit-frontend/src/lib/services/end-to-end-api-integration.ts(281,3): error TS1128: Declaration or statement expected.
sveltekit-frontend/src/lib/services/end-to-end-api-integration.ts(281,34): error TS1135: Argument expression expected.
sveltekit-frontend/src/lib/services/end-to-end-api-integration.ts(281,43): error TS1005: ';' expected.
sveltekit-frontend/src/lib/services/end-to-end-api-integration.ts(281,72): error TS1005: ';' expected.
sveltekit-frontend/src/lib/services/end-to-end-api-integration.ts(284,39): error TS1005: ';' expected.
sveltekit-frontend/src/lib/services/end-to-end-api-integration.ts(285,6): error TS1128: Declaration or statement expected.
sveltekit-frontend/src/lib/services/end-to-end-api-integration.ts(285,8): error TS1109: Expression expected.
sveltekit-frontend/src/lib/services/end-to-end-api-integration.ts(287,3): error TS1128: Declaration or statement expected.
sveltekit-frontend/src/lib/services/end-to-end-api-integration.ts(288,3): error TS1128: Declaration or statement expected.
sveltekit-frontend/src/lib/services/end-to-end-api-integration.ts(288,43): error TS1135: Argument expression expected.
sveltekit-frontend/src/lib/services/end-to-end-api-integration.ts(288,73): error TS1005: ';' expected.
sveltekit-frontend/src/lib/services/end-to-end-api-integration.ts(288,89): error TS1109: Expression expected.
sveltekit-frontend/src/lib/services/end-to-end-api-integration.ts(288,90): error TS1109: Expression expected.
sveltekit-frontend/src/lib/services/end-to-end-api-integration.ts(288,92): error TS1005: ';' expected.
sveltekit-frontend/src/lib/services/end-to-end-api-integration.ts(314,1): error TS1128: Declaration or statement expected.
sveltekit-frontend/src/lib/services/end-to-end-api-integration.ts(323,1): error TS1128: Declaration or statement expected.
sveltekit-frontend/src/lib/services/end-to-end-api-integration.ts(335,1): error TS1128: Declaration or statement expected.
sveltekit-frontend/src/lib/services/end-to-end-api-integration.ts(341,1): error TS1128: Declaration or statement expected.
sveltekit-frontend/src/lib/services/end-to-end-api-integration.ts(353,1): error TS1128: Declaration or statement expected.
sveltekit-frontend/src/lib/services/end-to-end-api-integration.ts(361,1): error TS1128: Declaration or statement expected.
sveltekit-frontend/src/lib/services/end-to-end-api-integration.ts(373,1): error TS1128: Declaration or statement expected.
sveltekit-frontend/src/lib/services/end-to-end-api-integration.ts(385,1): error TS1128: Declaration or statement expected.
sveltekit-frontend/src/lib/services/end-to-end-pipeline.ts(10,1): error TS1128: Declaration or statement expected.
sveltekit-frontend/src/lib/services/end-to-end-pipeline.ts(52,9): error TS1136: Property assignment expected.
sveltekit-frontend/src/lib/services/end-to-end-pipeline.ts(52,11): error TS1128: Declaration or statement expected.
sveltekit-frontend/src/lib/services/end-to-end-pipeline.ts(55,111): error TS1005: ';' expected.
sveltekit-frontend/src/lib/services/end-to-end-pipeline.ts(55,112): error TS1005: ',' expected.
sveltekit-frontend/src/lib/services/end-to-end-pipeline.ts(56,19): error TS1135: Argument expression expected.
sveltekit-frontend/src/lib/services/end-to-end-pipeline.ts(57,21): error TS1135: Argument expression expected.
sveltekit-frontend/src/lib/services/end-to-end-pipeline.ts(58,17): error TS1135: Argument expression expected.
sveltekit-frontend/src/lib/services/end-to-end-pipeline.ts(59,20): error TS1135: Argument expression expected.
sveltekit-frontend/src/lib/services/end-to-end-pipeline.ts(60,18): error TS1135: Argument expression expected.
sveltekit-frontend/src/lib/services/end-to-end-pipeline.ts(61,26): error TS1135: Argument expression expected.
sveltekit-frontend/src/lib/services/end-to-end-pipeline.ts(62,9): error TS1135: Argument expression expected.
sveltekit-frontend/src/lib/services/end-to-end-pipeline.ts(62,10): error TS1128: Declaration or statement expected.
sveltekit-frontend/src/lib/services/end-to-end-pipeline.ts(66,9): error TS1068: Unexpected token. A constructor, method, accessor, or property was expected.
sveltekit-frontend/src/lib/services/end-to-end-pipeline.ts(66,14): error TS1068: Unexpected token. A constructor, method, accessor, or property was expected.
sveltekit-frontend/src/lib/services/end-to-end-pipeline.ts(70,5): error TS1128: Declaration or statement expected.
sveltekit-frontend/src/lib/services/end-to-end-pipeline.ts(72,3): error TS1128: Declaration or statement expected.
sveltekit-frontend/src/lib/services/end-to-end-pipeline.ts(77,3): error TS1434: Unexpected keyword or identifier.
sveltekit-frontend/src/lib/services/end-to-end-pipeline.ts(77,34): error TS1135: Argument expression expected.
sveltekit-frontend/src/lib/services/end-to-end-pipeline.ts(77,57): error TS1011: An element access expression should take an argument.
sveltekit-frontend/src/lib/services/end-to-end-pipeline.ts(77,59): error TS1005: ';' expected.
sveltekit-frontend/src/lib/services/end-to-end-pipeline.ts(77,73): error TS1109: Expression expected.
sveltekit-frontend/src/lib/services/end-to-end-pipeline.ts(78,13): error TS1003: Identifier expected.
sveltekit-frontend/src/lib/services/end-to-end-pipeline.ts(78,79): error TS1005: ',' expected.
sveltekit-frontend/src/lib/services/end-to-end-pipeline.ts(80,13): error TS1003: Identifier expected.
sveltekit-frontend/src/lib/services/end-to-end-pipeline.ts(84,111): error TS1005: ';' expected.
sveltekit-frontend/src/lib/services/end-to-end-pipeline.ts(84,112): error TS1005: ',' expected.
sveltekit-frontend/src/lib/services/end-to-end-pipeline.ts(84,126): error TS1136: Property assignment expected.
sveltekit-frontend/src/lib/services/end-to-end-pipeline.ts(84,128): error TS1472: 'catch' or 'finally' expected.
sveltekit-frontend/src/lib/services/end-to-end-pipeline.ts(98,10): error TS1005: ';' expected.
sveltekit-frontend/src/lib/services/end-to-end-pipeline.ts(103,7): error TS1128: Declaration or statement expected.
sveltekit-frontend/src/lib/services/end-to-end-pipeline.ts(103,9): error TS1005: 'try' expected.
sveltekit-frontend/src/lib/services/end-to-end-pipeline.ts(104,148): error TS1005: ';' expected.
sveltekit-frontend/src/lib/services/end-to-end-pipeline.ts(104,149): error TS1005: '}' expected.
sveltekit-frontend/src/lib/services/end-to-end-pipeline.ts(104,156): error TS1109: Expression expected.
sveltekit-frontend/src/lib/services/end-to-end-pipeline.ts(104,163): error TS1128: Declaration or statement expected.
sveltekit-frontend/src/lib/services/end-to-end-pipeline.ts(104,164): error TS1128: Declaration or statement expected.
sveltekit-frontend/src/lib/services/end-to-end-pipeline.ts(104,167): error TS1128: Declaration or statement expected.
sveltekit-frontend/src/lib/services/end-to-end-pipeline.ts(104,168): error TS1128: Declaration or statement expected.
sveltekit-frontend/src/lib/services/end-to-end-pipeline.ts(107,18): error TS1127: Invalid character.
sveltekit-frontend/src/lib/services/end-to-end-pipeline.ts(107,20): error TS1434: Unexpected keyword or identifier.
sveltekit-frontend/src/lib/services/end-to-end-pipeline.ts(107,26): error TS1434: Unexpected keyword or identifier.
sveltekit-frontend/src/lib/services/end-to-end-pipeline.ts(107,42): error TS1434: Unexpected keyword or identifier.
sveltekit-frontend/src/lib/services/end-to-end-pipeline.ts(107,60): error TS1434: Unexpected keyword or identifier.
sveltekit-frontend/src/lib/services/end-to-end-pipeline.ts(107,75): error TS1443: Module declaration names may only use ' or " quoted strings.
sveltekit-frontend/src/lib/services/end-to-end-pipeline.ts(138,22): error TS1127: Invalid character.
sveltekit-frontend/src/lib/services/end-to-end-pipeline.ts(138,22): error TS1128: Declaration or statement expected.
sveltekit-frontend/src/lib/services/end-to-end-pipeline.ts(138,24): error TS1434: Unexpected keyword or identifier.
sveltekit-frontend/src/lib/services/end-to-end-pipeline.ts(138,32): error TS1434: Unexpected keyword or identifier.
sveltekit-frontend/src/lib/services/end-to-end-pipeline.ts(138,39): error TS1434: Unexpected keyword or identifier.
sveltekit-frontend/src/lib/services/end-to-end-pipeline.ts(138,47): error TS1434: Unexpected keyword or identifier.
sveltekit-frontend/src/lib/services/end-to-end-pipeline.ts(138,57): error TS1005: '(' expected.
sveltekit-frontend/src/lib/services/end-to-end-pipeline.ts(138,60): error TS1005: ';' expected.
sveltekit-frontend/src/lib/services/end-to-end-pipeline.ts(138,61): error TS1136: Property assignment expected.
sveltekit-frontend/src/lib/services/end-to-end-pipeline.ts(138,157): error TS1131: Property or signature expected.
sveltekit-frontend/src/lib/services/end-to-end-pipeline.ts(138,166): error TS1109: Expression expected.
sveltekit-frontend/src/lib/services/end-to-end-pipeline.ts(138,173): error TS1005: ')' expected.
sveltekit-frontend/src/lib/services/end-to-end-pipeline.ts(138,174): error TS1128: Declaration or statement expected.
sveltekit-frontend/src/lib/services/end-to-end-pipeline.ts(138,175): error TS1128: Declaration or statement expected.
sveltekit-frontend/src/lib/services/end-to-end-pipeline.ts(138,178): error TS1128: Declaration or statement expected.
sveltekit-frontend/src/lib/services/end-to-end-pipeline.ts(138,179): error TS1128: Declaration or statement expected.
sveltekit-frontend/src/lib/services/end-to-end-pipeline.ts(192,18): error TS1127: Invalid character.
sveltekit-frontend/src/lib/services/end-to-end-pipeline.ts(192,21): error TS1434: Unexpected keyword or identifier.
sveltekit-frontend/src/lib/services/end-to-end-pipeline.ts(192,41): error TS1434: Unexpected keyword or identifier.
sveltekit-frontend/src/lib/services/end-to-end-pipeline.ts(201,18): error TS1127: Invalid character.
sveltekit-frontend/src/lib/services/end-to-end-pipeline.ts(201,19): error TS1127: Invalid character.
sveltekit-frontend/src/lib/services/end-to-end-pipeline.ts(201,22): error TS1434: Unexpected keyword or identifier.
sveltekit-frontend/src/lib/services/end-to-end-pipeline.ts(201,28): error TS1434: Unexpected keyword or identifier.
sveltekit-frontend/src/lib/services/end-to-end-pipeline.ts(201,45): error TS1434: Unexpected keyword or identifier.
sveltekit-frontend/src/lib/services/end-to-end-pipeline.ts(201,64): error TS1443: Module declaration names may only use ' or " quoted strings.
sveltekit-frontend/src/lib/services/end-to-end-pipeline.ts(202,18): error TS1127: Invalid character.
sveltekit-frontend/src/lib/services/end-to-end-pipeline.ts(202,18): error TS1128: Declaration or statement expected.
sveltekit-frontend/src/lib/services/end-to-end-pipeline.ts(202,21): error TS1434: Unexpected keyword or identifier.
sveltekit-frontend/src/lib/services/end-to-end-pipeline.ts(202,40): error TS1434: Unexpected keyword or identifier.
sveltekit-frontend/src/lib/services/end-to-end-pipeline.ts(203,18): error TS1127: Invalid character.
sveltekit-frontend/src/lib/services/end-to-end-pipeline.ts(203,21): error TS1434: Unexpected keyword or identifier.
sveltekit-frontend/src/lib/services/end-to-end-pipeline.ts(203,27): error TS1434: Unexpected keyword or identifier.
sveltekit-frontend/src/lib/services/end-to-end-pipeline.ts(203,43): error TS1434: Unexpected keyword or identifier.
sveltekit-frontend/src/lib/services/end-to-end-pipeline.ts(228,4): error TS1160: Unterminated template literal.
sveltekit-frontend/src/lib/services/enhanced-ai-analysis.ts(56,1): error TS1131: Property or signature expected.
sveltekit-frontend/src/lib/services/enhanced-ai-analysis.ts(71,1): error TS1131: Property or signature expected.
sveltekit-frontend/src/lib/services/enhanced-ai-analysis.ts(130,7): error TS1005: ',' expected.
sveltekit-frontend/src/lib/services/enhanced-ai-analysis.ts(130,9): error TS1472: 'catch' or 'finally' expected.
sveltekit-frontend/src/lib/services/enhanced-ai-analysis.ts(132,82): error TS1005: ';' expected.
sveltekit-frontend/src/lib/services/enhanced-ai-analysis.ts(132,83): error TS1005: ')' expected.
sveltekit-frontend/src/lib/services/enhanced-ai-analysis.ts(132,95): error TS1109: Expression expected.
sveltekit-frontend/src/lib/services/enhanced-ai-analysis.ts(132,102): error TS1068: Unexpected token. A constructor, method, accessor, or property was expected.
sveltekit-frontend/src/lib/services/enhanced-ai-analysis.ts(132,103): error TS1068: Unexpected token. A constructor, method, accessor, or property was expected.
sveltekit-frontend/src/lib/services/enhanced-ai-analysis.ts(132,104): error TS1434: Unexpected keyword or identifier.
sveltekit-frontend/src/lib/services/enhanced-ai-analysis.ts(132,112): error TS1068: Unexpected token. A constructor, method, accessor, or property was expected.
sveltekit-frontend/src/lib/services/enhanced-ai-analysis.ts(135,7): error TS1434: Unexpected keyword or identifier.
sveltekit-frontend/src/lib/services/enhanced-ai-analysis.ts(135,16): error TS1068: Unexpected token. A constructor, method, accessor, or property was expected.
sveltekit-frontend/src/lib/services/enhanced-ai-analysis.ts(136,7): error TS1434: Unexpected keyword or identifier.
sveltekit-frontend/src/lib/services/enhanced-ai-analysis.ts(136,14): error TS1068: Unexpected token. A constructor, method, accessor, or property was expected.
sveltekit-frontend/src/lib/services/enhanced-ai-analysis.ts(136,19): error TS1003: Identifier expected.
sveltekit-frontend/src/lib/services/enhanced-ai-analysis.ts(136,71): error TS1138: Parameter declaration expected.
sveltekit-frontend/src/lib/services/enhanced-ai-analysis.ts(136,75): error TS1005: ',' expected.
sveltekit-frontend/src/lib/services/enhanced-ai-analysis.ts(139,22): error TS1127: Invalid character.
sveltekit-frontend/src/lib/services/enhanced-ai-analysis.ts(139,24): error TS1434: Unexpected keyword or identifier.
sveltekit-frontend/src/lib/services/enhanced-ai-analysis.ts(139,30): error TS1434: Unexpected keyword or identifier.
sveltekit-frontend/src/lib/services/enhanced-ai-analysis.ts(139,40): error TS1434: Unexpected keyword or identifier.
sveltekit-frontend/src/lib/services/enhanced-ai-analysis.ts(139,49): error TS1434: Unexpected keyword or identifier.
sveltekit-frontend/src/lib/services/enhanced-ai-analysis.ts(139,59): error TS1005: '(' expected.
sveltekit-frontend/src/lib/services/enhanced-ai-analysis.ts(139,62): error TS1005: ';' expected.
sveltekit-frontend/src/lib/services/enhanced-ai-analysis.ts(139,72): error TS1005: ',' expected.
sveltekit-frontend/src/lib/services/enhanced-ai-analysis.ts(139,77): error TS1005: ';' expected.
sveltekit-frontend/src/lib/services/enhanced-ai-analysis.ts(148,1): error TS1434: Unexpected keyword or identifier.
sveltekit-frontend/src/lib/services/enhanced-ai-analysis.ts(148,9): error TS1434: Unexpected keyword or identifier.
sveltekit-frontend/src/lib/services/enhanced-ai-analysis.ts(148,13): error TS1434: Unexpected keyword or identifier.
sveltekit-frontend/src/lib/services/enhanced-ai-analysis.ts(148,23): error TS1434: Unexpected keyword or identifier.
sveltekit-frontend/src/lib/services/enhanced-ai-analysis.ts(148,29): error TS1434: Unexpected keyword or identifier.
sveltekit-frontend/src/lib/services/enhanced-ai-analysis.ts(148,34): error TS1434: Unexpected keyword or identifier.
sveltekit-frontend/src/lib/services/enhanced-ai-analysis.ts(148,38): error TS1434: Unexpected keyword or identifier.
sveltekit-frontend/src/lib/services/enhanced-ai-analysis.ts(148,46): error TS1434: Unexpected keyword or identifier.
sveltekit-frontend/src/lib/services/enhanced-ai-analysis.ts(148,50): error TS1434: Unexpected keyword or identifier.
sveltekit-frontend/src/lib/services/enhanced-ai-analysis.ts(148,76): error TS1005: ';' expected.
sveltekit-frontend/src/lib/services/enhanced-ai-analysis.ts(148,81): error TS1434: Unexpected keyword or identifier.
sveltekit-frontend/src/lib/services/enhanced-ai-analysis.ts(148,87): error TS1434: Unexpected keyword or identifier.
sveltekit-frontend/src/lib/services/enhanced-ai-analysis.ts(148,90): error TS1434: Unexpected keyword or identifier.
sveltekit-frontend/src/lib/services/enhanced-ai-analysis.ts(148,103): error TS1005: '(' expected.
sveltekit-frontend/src/lib/services/enhanced-ai-analysis.ts(148,110): error TS1005: ')' expected.
sveltekit-frontend/src/lib/services/enhanced-ai-analysis.ts(150,10): error TS1109: Expression expected.
sveltekit-frontend/src/lib/services/enhanced-ai-analysis.ts(151,10): error TS1109: Expression expected.
sveltekit-frontend/src/lib/services/enhanced-ai-analysis.ts(152,14): error TS1109: Expression expected.
sveltekit-frontend/src/lib/services/enhanced-ai-analysis.ts(153,18): error TS1109: Expression expected.
sveltekit-frontend/src/lib/services/enhanced-ai-analysis.ts(154,16): error TS1109: Expression expected.
sveltekit-frontend/src/lib/services/enhanced-ai-analysis.ts(155,13): error TS1109: Expression expected.
sveltekit-frontend/src/lib/services/enhanced-ai-analysis.ts(156,17): error TS1109: Expression expected.
sveltekit-frontend/src/lib/services/enhanced-ai-analysis.ts(157,15): error TS1109: Expression expected.
sveltekit-frontend/src/lib/services/enhanced-ai-analysis.ts(159,1): error TS1434: Unexpected keyword or identifier.
sveltekit-frontend/src/lib/services/enhanced-ai-analysis.ts(160,15): error TS1005: ';' expected.
sveltekit-frontend/src/lib/services/enhanced-ai-analysis.ts(160,34): error TS1003: Identifier expected.
sveltekit-frontend/src/lib/services/enhanced-ai-analysis.ts(161,17): error TS1005: ';' expected.
sveltekit-frontend/src/lib/services/enhanced-ai-analysis.ts(161,34): error TS1003: Identifier expected.
sveltekit-frontend/src/lib/services/enhanced-ai-analysis.ts(162,21): error TS1005: ';' expected.
sveltekit-frontend/src/lib/services/enhanced-ai-analysis.ts(164,19): error TS1005: ';' expected.
sveltekit-frontend/src/lib/services/enhanced-ai-analysis.ts(165,7): error TS1434: Unexpected keyword or identifier.
sveltekit-frontend/src/lib/services/enhanced-ai-analysis.ts(166,1): error TS1435: Unknown keyword or identifier. Did you mean 'return'?
sveltekit-frontend/src/lib/services/enhanced-ai-analysis.ts(166,8): error TS1434: Unexpected keyword or identifier.
sveltekit-frontend/src/lib/services/enhanced-ai-analysis.ts(166,13): error TS1434: Unexpected keyword or identifier.
sveltekit-frontend/src/lib/services/enhanced-ai-analysis.ts(166,17): error TS1434: Unexpected keyword or identifier.
sveltekit-frontend/src/lib/services/enhanced-ai-analysis.ts(204,1): error TS1434: Unexpected keyword or identifier.
sveltekit-frontend/src/lib/services/enhanced-ai-analysis.ts(204,21): error TS1005: ';' expected.
sveltekit-frontend/src/lib/services/enhanced-ai-analysis.ts(204,30): error TS1434: Unexpected keyword or identifier.
sveltekit-frontend/src/lib/services/enhanced-ai-analysis.ts(205,7): error TS1005: ';' expected.
sveltekit-frontend/src/lib/services/enhanced-ai-analysis.ts(206,9): error TS1005: ';' expected.
sveltekit-frontend/src/lib/services/enhanced-ai-analysis.ts(206,35): error TS1005: ',' expected.
sveltekit-frontend/src/lib/services/enhanced-ai-analysis.ts(207,23): error TS1005: ';' expected.
sveltekit-frontend/src/lib/services/enhanced-ai-analysis.ts(209,13): error TS1109: Expression expected.
sveltekit-frontend/src/lib/services/enhanced-ai-analysis.ts(210,12): error TS1109: Expression expected.
sveltekit-frontend/src/lib/services/enhanced-ai-analysis.ts(211,13): error TS1434: Unexpected keyword or identifier.
sveltekit-frontend/src/lib/services/enhanced-ai-analysis.ts(212,1): error TS1434: Unexpected keyword or identifier.
sveltekit-frontend/src/lib/services/enhanced-ai-analysis.ts(257,19): error TS1005: ';' expected.
sveltekit-frontend/src/lib/services/enhanced-ai-analysis.ts(257,53): error TS1434: Unexpected keyword or identifier.
sveltekit-frontend/src/lib/services/enhanced-ai-analysis.ts(257,59): error TS1434: Unexpected keyword or identifier.
sveltekit-frontend/src/lib/services/enhanced-ai-analysis.ts(257,71): error TS1443: Module declaration names may only use ' or " quoted strings.
sveltekit-frontend/src/lib/services/enhanced-ai-analysis.ts(258,10): error TS1434: Unexpected keyword or identifier.
sveltekit-frontend/src/lib/services/enhanced-ai-analysis.ts(258,23): error TS1434: Unexpected keyword or identifier.
sveltekit-frontend/src/lib/services/enhanced-ai-analysis.ts(258,38): error TS1443: Module declaration names may only use ' or " quoted strings.
sveltekit-frontend/src/lib/services/enhanced-ai-analysis.ts(293,35): error TS1127: Invalid character.
sveltekit-frontend/src/lib/services/enhanced-ai-analysis.ts(293,35): error TS1128: Declaration or statement expected.
sveltekit-frontend/src/lib/services/enhanced-ai-analysis.ts(293,46): error TS1434: Unexpected keyword or identifier.
sveltekit-frontend/src/lib/services/enhanced-ai-analysis.ts(295,1): error TS1434: Unexpected keyword or identifier.
sveltekit-frontend/src/lib/services/enhanced-ai-analysis.ts(295,9): error TS1434: Unexpected keyword or identifier.
sveltekit-frontend/src/lib/services/enhanced-ai-analysis.ts(295,23): error TS1434: Unexpected keyword or identifier.
sveltekit-frontend/src/lib/services/enhanced-ai-analysis.ts(295,29): error TS1434: Unexpected keyword or identifier.
sveltekit-frontend/src/lib/services/enhanced-ai-analysis.ts(295,39): error TS1434: Unexpected keyword or identifier.
sveltekit-frontend/src/lib/services/enhanced-ai-analysis.ts(295,48): error TS1434: Unexpected keyword or identifier.
sveltekit-frontend/src/lib/services/enhanced-ai-analysis.ts(295,75): error TS1005: ';' expected.
sveltekit-frontend/src/lib/services/enhanced-ai-analysis.ts(296,14): error TS1005: ';' expected.
sveltekit-frontend/src/lib/services/enhanced-ai-analysis.ts(297,25): error TS1005: ';' expected.
sveltekit-frontend/src/lib/services/enhanced-ai-analysis.ts(298,19): error TS1005: ';' expected.
sveltekit-frontend/src/lib/services/enhanced-ai-analysis.ts(299,11): error TS1005: ';' expected.
sveltekit-frontend/src/lib/services/enhanced-ai-analysis.ts(300,23): error TS1005: ';' expected.
sveltekit-frontend/src/lib/services/enhanced-ai-analysis.ts(301,23): error TS1005: ';' expected.
sveltekit-frontend/src/lib/services/enhanced-ai-analysis.ts(302,27): error TS1005: ';' expected.
sveltekit-frontend/src/lib/services/enhanced-ai-analysis.ts(303,10): error TS1005: ';' expected.
sveltekit-frontend/src/lib/services/enhanced-ai-analysis.ts(304,20): error TS1005: ';' expected.
sveltekit-frontend/src/lib/services/enhanced-ai-analysis.ts(305,21): error TS1005: ';' expected.
sveltekit-frontend/src/lib/services/enhanced-ai-analysis.ts(305,33): error TS1005: '(' expected.
sveltekit-frontend/src/lib/services/enhanced-ai-analysis.ts(305,45): error TS1005: ')' expected.
sveltekit-frontend/src/lib/services/enhanced-ai-analysis.ts(307,1): error TS1435: Unknown keyword or identifier. Did you mean 'return'?
sveltekit-frontend/src/lib/services/enhanced-ai-analysis.ts(307,8): error TS1434: Unexpected keyword or identifier.
sveltekit-frontend/src/lib/services/enhanced-ai-analysis.ts(307,19): error TS1434: Unexpected keyword or identifier.
sveltekit-frontend/src/lib/services/enhanced-ai-analysis.ts(307,24): error TS1434: Unexpected keyword or identifier.
sveltekit-frontend/src/lib/services/enhanced-ai-analysis.ts(307,37): error TS1005: '(' expected.
sveltekit-frontend/src/lib/services/enhanced-ai-analysis.ts(309,1): error TS1005: ')' expected.
sveltekit-frontend/src/lib/services/enhanced-ai-analysis.ts(309,11): error TS1434: Unexpected keyword or identifier.
sveltekit-frontend/src/lib/services/enhanced-ai-analysis.ts(310,1): error TS1434: Unexpected keyword or identifier.
sveltekit-frontend/src/lib/services/enhanced-ai-analysis.ts(381,18): error TS1127: Invalid character.
sveltekit-frontend/src/lib/services/enhanced-ai-analysis.ts(381,21): error TS1435: Unknown keyword or identifier. Did you mean 'string'?
sveltekit-frontend/src/lib/services/enhanced-ai-analysis.ts(381,30): error TS1435: Unknown keyword or identifier. Did you mean 'catch'?
sveltekit-frontend/src/lib/services/enhanced-ai-analysis.ts(381,36): error TS1434: Unexpected keyword or identifier.
sveltekit-frontend/src/lib/services/enhanced-ai-analysis.ts(381,45): error TS1434: Unexpected keyword or identifier.
sveltekit-frontend/src/lib/services/enhanced-ai-analysis.ts(381,48): error TS1434: Unexpected keyword or identifier.
sveltekit-frontend/src/lib/services/enhanced-ai-analysis.ts(381,77): error TS1443: Module declaration names may only use ' or " quoted strings.
sveltekit-frontend/src/lib/services/enhanced-ai-analysis.ts(389,18): error TS1127: Invalid character.
sveltekit-frontend/src/lib/services/enhanced-ai-analysis.ts(389,18): error TS1128: Declaration or statement expected.
sveltekit-frontend/src/lib/services/enhanced-ai-analysis.ts(389,20): error TS1435: Unknown keyword or identifier. Did you mean 'catch'?
sveltekit-frontend/src/lib/services/enhanced-ai-analysis.ts(389,26): error TS1434: Unexpected keyword or identifier.
sveltekit-frontend/src/lib/services/enhanced-ai-analysis.ts(389,45): error TS1434: Unexpected keyword or identifier.
sveltekit-frontend/src/lib/services/enhanced-ai-analysis.ts(389,89): error TS1005: ';' expected.
sveltekit-frontend/src/lib/services/enhanced-ai-analysis.ts(394,67): error TS1160: Unterminated template literal.
sveltekit-frontend/src/lib/services/enhanced-caching-optimizer.ts(13,1): error TS1128: Declaration or statement expected.
sveltekit-frontend/src/lib/services/enhanced-caching-optimizer.ts(42,1): error TS1128: Declaration or statement expected.
sveltekit-frontend/src/lib/services/enhanced-caching-optimizer.ts(134,46): error TS1005: ')' expected.
sveltekit-frontend/src/lib/services/enhanced-caching-optimizer.ts(137,47): error TS1005: ')' expected.
sveltekit-frontend/src/lib/services/enhanced-caching-optimizer.ts(140,52): error TS1005: ')' expected.
sveltekit-frontend/src/lib/services/enhanced-caching-optimizer.ts(151,48): error TS1005: ')' expected.
sveltekit-frontend/src/lib/services/enhanced-caching-optimizer.ts(156,67): error TS1005: ')' expected.
sveltekit-frontend/src/lib/services/enhanced-caching-optimizer.ts(160,56): error TS1005: ')' expected.
sveltekit-frontend/src/lib/services/enhanced-caching-optimizer.ts(174,67): error TS1005: ')' expected.
sveltekit-frontend/src/lib/services/enhanced-caching-optimizer.ts(180,93): error TS1005: ')' expected.
sveltekit-frontend/src/lib/services/enhanced-caching-optimizer.ts(186,66): error TS1005: ')' expected.
sveltekit-frontend/src/lib/services/enhanced-caching-optimizer.ts(217,61): error TS1005: ')' expected.
sveltekit-frontend/src/lib/services/enhanced-caching-optimizer.ts(256,61): error TS1005: ';' expected.
sveltekit-frontend/src/lib/services/enhanced-caching-optimizer.ts(256,82): error TS1128: Declaration or statement expected.
sveltekit-frontend/src/lib/services/enhanced-caching-optimizer.ts(259,93): error TS1005: ';' expected.
sveltekit-frontend/src/lib/services/enhanced-caching-optimizer.ts(259,94): error TS1005: ')' expected.
sveltekit-frontend/src/lib/services/enhanced-caching-optimizer.ts(259,108): error TS1109: Expression expected.
sveltekit-frontend/src/lib/services/enhanced-caching-optimizer.ts(259,115): error TS1128: Declaration or statement expected.
sveltekit-frontend/src/lib/services/enhanced-caching-optimizer.ts(259,116): error TS1128: Declaration or statement expected.
sveltekit-frontend/src/lib/services/enhanced-caching-optimizer.ts(259,117): error TS1434: Unexpected keyword or identifier.
sveltekit-frontend/src/lib/services/enhanced-caching-optimizer.ts(259,120): error TS1128: Declaration or statement expected.
sveltekit-frontend/src/lib/services/enhanced-caching-optimizer.ts(264,3): error TS1128: Declaration or statement expected.
sveltekit-frontend/src/lib/services/enhanced-caching-optimizer.ts(265,3): error TS1128: Declaration or statement expected.
sveltekit-frontend/src/lib/services/enhanced-caching-optimizer.ts(265,32): error TS1135: Argument expression expected.
sveltekit-frontend/src/lib/services/enhanced-caching-optimizer.ts(265,47): error TS1005: ',' expected.
sveltekit-frontend/src/lib/services/enhanced-caching-optimizer.ts(265,63): error TS1005: ',' expected.
sveltekit-frontend/src/lib/services/enhanced-caching-optimizer.ts(265,83): error TS1128: Declaration or statement expected.
sveltekit-frontend/src/lib/services/enhanced-caching-optimizer.ts(265,84): error TS1128: Declaration or statement expected.
sveltekit-frontend/src/lib/services/enhanced-caching-optimizer.ts(268,80): error TS1005: ';' expected.
sveltekit-frontend/src/lib/services/enhanced-caching-optimizer.ts(268,81): error TS1005: ')' expected.
sveltekit-frontend/src/lib/services/enhanced-caching-optimizer.ts(268,95): error TS1109: Expression expected.
sveltekit-frontend/src/lib/services/enhanced-caching-optimizer.ts(268,102): error TS1128: Declaration or statement expected.
sveltekit-frontend/src/lib/services/enhanced-caching-optimizer.ts(268,103): error TS1128: Declaration or statement expected.
sveltekit-frontend/src/lib/services/enhanced-caching-optimizer.ts(268,104): error TS1434: Unexpected keyword or identifier.
sveltekit-frontend/src/lib/services/enhanced-caching-optimizer.ts(268,109): error TS1128: Declaration or statement expected.
sveltekit-frontend/src/lib/services/enhanced-caching-optimizer.ts(269,3): error TS1128: Declaration or statement expected.
sveltekit-frontend/src/lib/services/enhanced-caching-optimizer.ts(270,3): error TS1128: Declaration or statement expected.
sveltekit-frontend/src/lib/services/enhanced-caching-optimizer.ts(270,30): error TS1135: Argument expression expected.
sveltekit-frontend/src/lib/services/enhanced-caching-optimizer.ts(270,53): error TS1005: ',' expected.
sveltekit-frontend/src/lib/services/enhanced-caching-optimizer.ts(270,60): error TS1005: ';' expected.
sveltekit-frontend/src/lib/services/enhanced-caching-optimizer.ts(284,3): error TS1128: Declaration or statement expected.
sveltekit-frontend/src/lib/services/enhanced-caching-optimizer.ts(284,37): error TS1135: Argument expression expected.
sveltekit-frontend/src/lib/services/enhanced-caching-optimizer.ts(284,60): error TS1005: ',' expected.
sveltekit-frontend/src/lib/services/enhanced-caching-optimizer.ts(284,82): error TS1005: ',' expected.
sveltekit-frontend/src/lib/services/enhanced-caching-optimizer.ts(284,102): error TS1128: Declaration or statement expected.
sveltekit-frontend/src/lib/services/enhanced-caching-optimizer.ts(284,103): error TS1128: Declaration or statement expected.
sveltekit-frontend/src/lib/services/enhanced-caching-optimizer.ts(287,147): error TS1109: Expression expected.
sveltekit-frontend/src/lib/services/enhanced-caching-optimizer.ts(299,3): error TS1128: Declaration or statement expected.
sveltekit-frontend/src/lib/services/enhanced-caching-optimizer.ts(301,16): error TS1138: Parameter declaration expected.
sveltekit-frontend/src/lib/services/enhanced-caching-optimizer.ts(301,19): error TS1005: ';' expected.
sveltekit-frontend/src/lib/services/enhanced-caching-optimizer.ts(301,44): error TS1005: ';' expected.
sveltekit-frontend/src/lib/services/enhanced-caching-optimizer.ts(307,3): error TS1128: Declaration or statement expected.
sveltekit-frontend/src/lib/services/enhanced-caching-optimizer.ts(308,3): error TS1128: Declaration or statement expected.
sveltekit-frontend/src/lib/services/enhanced-caching-optimizer.ts(308,11): error TS1434: Unexpected keyword or identifier.
sveltekit-frontend/src/lib/services/enhanced-caching-optimizer.ts(309,12): error TS1005: ',' expected.
sveltekit-frontend/src/lib/services/enhanced-caching-optimizer.ts(309,58): error TS1005: ',' expected.
sveltekit-frontend/src/lib/services/enhanced-caching-optimizer.ts(310,9): error TS1005: ':' expected.
sveltekit-frontend/src/lib/services/enhanced-caching-optimizer.ts(312,13): error TS1005: ',' expected.
sveltekit-frontend/src/lib/services/enhanced-caching-optimizer.ts(312,17): error TS1005: ':' expected.
sveltekit-frontend/src/lib/services/enhanced-caching-optimizer.ts(312,38): error TS1005: ',' expected.
sveltekit-frontend/src/lib/services/enhanced-caching-optimizer.ts(314,13): error TS1005: ',' expected.
sveltekit-frontend/src/lib/services/enhanced-caching-optimizer.ts(314,17): error TS1005: ':' expected.
sveltekit-frontend/src/lib/services/enhanced-caching-optimizer.ts(314,41): error TS1005: ',' expected.
sveltekit-frontend/src/lib/services/enhanced-caching-optimizer.ts(316,13): error TS1005: ',' expected.
sveltekit-frontend/src/lib/services/enhanced-caching-optimizer.ts(316,17): error TS1005: ':' expected.
sveltekit-frontend/src/lib/services/enhanced-caching-optimizer.ts(316,37): error TS1005: ',' expected.
sveltekit-frontend/src/lib/services/enhanced-caching-optimizer.ts(318,13): error TS1005: ',' expected.
sveltekit-frontend/src/lib/services/enhanced-caching-optimizer.ts(318,17): error TS1005: ':' expected.
sveltekit-frontend/src/lib/services/enhanced-caching-optimizer.ts(318,39): error TS1005: ',' expected.
sveltekit-frontend/src/lib/services/enhanced-caching-optimizer.ts(319,11): error TS1005: ':' expected.
sveltekit-frontend/src/lib/services/enhanced-caching-optimizer.ts(319,46): error TS1005: ',' expected.
sveltekit-frontend/src/lib/services/enhanced-caching-optimizer.ts(320,14): error TS1005: ',' expected.
sveltekit-frontend/src/lib/services/enhanced-caching-optimizer.ts(320,58): error TS1005: ',' expected.
sveltekit-frontend/src/lib/services/enhanced-caching-optimizer.ts(321,7): error TS1005: ',' expected.
sveltekit-frontend/src/lib/services/enhanced-caching-optimizer.ts(329,16): error TS1109: Expression expected.
sveltekit-frontend/src/lib/services/enhanced-caching-optimizer.ts(329,18): error TS1434: Unexpected keyword or identifier.
sveltekit-frontend/src/lib/services/enhanced-caching-optimizer.ts(335,22): error TS1109: Expression expected.
sveltekit-frontend/src/lib/services/enhanced-caching-optimizer.ts(336,12): error TS1005: ':' expected.
sveltekit-frontend/src/lib/services/enhanced-caching-optimizer.ts(336,39): error TS1005: ',' expected.
sveltekit-frontend/src/lib/services/enhanced-caching-optimizer.ts(341,3): error TS1434: Unexpected keyword or identifier.
sveltekit-frontend/src/lib/services/enhanced-caching-optimizer.ts(341,25): error TS1109: Expression expected.
sveltekit-frontend/src/lib/services/enhanced-caching-optimizer.ts(341,39): error TS1109: Expression expected.
sveltekit-frontend/src/lib/services/enhanced-caching-optimizer.ts(342,11): error TS1005: ',' expected.
sveltekit-frontend/src/lib/services/enhanced-caching-optimizer.ts(342,16): error TS1005: ',' expected.
sveltekit-frontend/src/lib/services/enhanced-caching-optimizer.ts(342,27): error TS1136: Property assignment expected.
sveltekit-frontend/src/lib/services/enhanced-caching-optimizer.ts(343,3): error TS1128: Declaration or statement expected.
sveltekit-frontend/src/lib/services/enhanced-caching-optimizer.ts(347,3): error TS1434: Unexpected keyword or identifier.
sveltekit-frontend/src/lib/services/enhanced-caching-optimizer.ts(347,19): error TS1109: Expression expected.
sveltekit-frontend/src/lib/services/enhanced-caching-optimizer.ts(347,33): error TS1109: Expression expected.
sveltekit-frontend/src/lib/services/enhanced-caching-optimizer.ts(348,13): error TS1005: ',' expected.
sveltekit-frontend/src/lib/services/enhanced-caching-optimizer.ts(348,26): error TS1005: ',' expected.
sveltekit-frontend/src/lib/services/enhanced-caching-optimizer.ts(348,28): error TS1136: Property assignment expected.
sveltekit-frontend/src/lib/services/enhanced-caching-optimizer.ts(356,3): error TS1128: Declaration or statement expected.
sveltekit-frontend/src/lib/services/enhanced-caching-optimizer.ts(358,3): error TS1128: Declaration or statement expected.
sveltekit-frontend/src/lib/services/enhanced-caching-optimizer.ts(358,27): error TS1135: Argument expression expected.
sveltekit-frontend/src/lib/services/enhanced-caching-optimizer.ts(358,36): error TS1005: ';' expected.
sveltekit-frontend/src/lib/services/enhanced-caching-optimizer.ts(358,38): error TS1434: Unexpected keyword or identifier.
sveltekit-frontend/src/lib/services/enhanced-caching-optimizer.ts(361,45): error TS1109: Expression expected.
sveltekit-frontend/src/lib/services/enhanced-caching-optimizer.ts(362,7): error TS1109: Expression expected.
sveltekit-frontend/src/lib/services/enhanced-caching-optimizer.ts(363,42): error TS1109: Expression expected.
sveltekit-frontend/src/lib/services/enhanced-caching-optimizer.ts(364,13): error TS1109: Expression expected.
sveltekit-frontend/src/lib/services/enhanced-caching-optimizer.ts(368,3): error TS1128: Declaration or statement expected.
sveltekit-frontend/src/lib/services/enhanced-caching-optimizer.ts(368,11): error TS1434: Unexpected keyword or identifier.
sveltekit-frontend/src/lib/services/enhanced-caching-optimizer.ts(368,44): error TS1135: Argument expression expected.
sveltekit-frontend/src/lib/services/enhanced-caching-optimizer.ts(368,53): error TS1005: ';' expected.
sveltekit-frontend/src/lib/services/enhanced-caching-optimizer.ts(370,12): error TS1005: ':' expected.
sveltekit-frontend/src/lib/services/enhanced-caching-optimizer.ts(377,3): error TS1128: Declaration or statement expected.
sveltekit-frontend/src/lib/services/enhanced-caching-optimizer.ts(377,11): error TS1434: Unexpected keyword or identifier.
sveltekit-frontend/src/lib/services/enhanced-caching-optimizer.ts(377,50): error TS1135: Argument expression expected.
sveltekit-frontend/src/lib/services/enhanced-caching-optimizer.ts(377,66): error TS1005: ',' expected.
sveltekit-frontend/src/lib/services/enhanced-caching-optimizer.ts(377,76): error TS1005: ';' expected.
sveltekit-frontend/src/lib/services/enhanced-caching-optimizer.ts(377,90): error TS1011: An element access expression should take an argument.
sveltekit-frontend/src/lib/services/enhanced-caching-optimizer.ts(379,12): error TS1005: ':' expected.
sveltekit-frontend/src/lib/services/enhanced-caching-optimizer.ts(381,20): error TS1005: ',' expected.
sveltekit-frontend/src/lib/services/enhanced-caching-optimizer.ts(383,7): error TS1005: ')' expected.
sveltekit-frontend/src/lib/services/enhanced-caching-optimizer.ts(385,3): error TS1128: Declaration or statement expected.
sveltekit-frontend/src/lib/services/enhanced-caching-optimizer.ts(385,11): error TS1434: Unexpected keyword or identifier.
sveltekit-frontend/src/lib/services/enhanced-caching-optimizer.ts(385,44): error TS1135: Argument expression expected.
sveltekit-frontend/src/lib/services/enhanced-caching-optimizer.ts(385,53): error TS1005: ';' expected.
sveltekit-frontend/src/lib/services/enhanced-caching-optimizer.ts(385,67): error TS1109: Expression expected.
sveltekit-frontend/src/lib/services/enhanced-caching-optimizer.ts(386,13): error TS1003: Identifier expected.
sveltekit-frontend/src/lib/services/enhanced-caching-optimizer.ts(386,59): error TS1005: ',' expected.
sveltekit-frontend/src/lib/services/enhanced-caching-optimizer.ts(389,3): error TS1128: Declaration or statement expected.
sveltekit-frontend/src/lib/services/enhanced-caching-optimizer.ts(389,11): error TS1434: Unexpected keyword or identifier.
sveltekit-frontend/src/lib/services/enhanced-caching-optimizer.ts(389,45): error TS1135: Argument expression expected.
sveltekit-frontend/src/lib/services/enhanced-caching-optimizer.ts(389,54): error TS1005: ';' expected.
sveltekit-frontend/src/lib/services/enhanced-caching-optimizer.ts(389,68): error TS1109: Expression expected.
sveltekit-frontend/src/lib/services/enhanced-caching-optimizer.ts(391,13): error TS1003: Identifier expected.
sveltekit-frontend/src/lib/services/enhanced-caching-optimizer.ts(391,74): error TS1005: ',' expected.
sveltekit-frontend/src/lib/services/enhanced-caching-optimizer.ts(393,3): error TS1128: Declaration or statement expected.
sveltekit-frontend/src/lib/services/enhanced-caching-optimizer.ts(393,11): error TS1434: Unexpected keyword or identifier.
sveltekit-frontend/src/lib/services/enhanced-caching-optimizer.ts(393,38): error TS1109: Expression expected.
sveltekit-frontend/src/lib/services/enhanced-caching-optimizer.ts(393,52): error TS1109: Expression expected.
sveltekit-frontend/src/lib/services/enhanced-caching-optimizer.ts(395,13): error TS1003: Identifier expected.
sveltekit-frontend/src/lib/services/enhanced-caching-optimizer.ts(395,54): error TS1005: ',' expected.
sveltekit-frontend/src/lib/services/enhanced-caching-optimizer.ts(397,3): error TS1128: Declaration or statement expected.
sveltekit-frontend/src/lib/services/enhanced-caching-optimizer.ts(397,11): error TS1434: Unexpected keyword or identifier.
sveltekit-frontend/src/lib/services/enhanced-caching-optimizer.ts(397,41): error TS1109: Expression expected.
sveltekit-frontend/src/lib/services/enhanced-caching-optimizer.ts(397,55): error TS1109: Expression expected.
sveltekit-frontend/src/lib/services/enhanced-caching-optimizer.ts(399,13): error TS1003: Identifier expected.
sveltekit-frontend/src/lib/services/enhanced-caching-optimizer.ts(399,52): error TS1005: ',' expected.
sveltekit-frontend/src/lib/services/enhanced-caching-optimizer.ts(401,3): error TS1128: Declaration or statement expected.
sveltekit-frontend/src/lib/services/enhanced-caching-optimizer.ts(401,11): error TS1434: Unexpected keyword or identifier.
sveltekit-frontend/src/lib/services/enhanced-caching-optimizer.ts(401,37): error TS1109: Expression expected.
sveltekit-frontend/src/lib/services/enhanced-caching-optimizer.ts(401,51): error TS1109: Expression expected.
sveltekit-frontend/src/lib/services/enhanced-caching-optimizer.ts(403,13): error TS1003: Identifier expected.
sveltekit-frontend/src/lib/services/enhanced-caching-optimizer.ts(403,53): error TS1005: ',' expected.
sveltekit-frontend/src/lib/services/enhanced-caching-optimizer.ts(405,3): error TS1128: Declaration or statement expected.
sveltekit-frontend/src/lib/services/enhanced-caching-optimizer.ts(405,11): error TS1434: Unexpected keyword or identifier.
sveltekit-frontend/src/lib/services/enhanced-caching-optimizer.ts(405,39): error TS1109: Expression expected.
sveltekit-frontend/src/lib/services/enhanced-caching-optimizer.ts(405,53): error TS1109: Expression expected.
sveltekit-frontend/src/lib/services/enhanced-caching-optimizer.ts(407,13): error TS1003: Identifier expected.
sveltekit-frontend/src/lib/services/enhanced-caching-optimizer.ts(407,58): error TS1005: ',' expected.
sveltekit-frontend/src/lib/services/enhanced-caching-optimizer.ts(409,1): error TS1128: Declaration or statement expected.
sveltekit-frontend/src/lib/services/enhanced-caching-optimizer.ts(416,49): error TS1005: '>' expected.
sveltekit-frontend/src/lib/services/enhanced-caching-optimizer.ts(418,65): error TS1005: ';' expected.
sveltekit-frontend/src/lib/services/enhanced-caching-optimizer.ts(418,97): error TS1128: Declaration or statement expected.
sveltekit-frontend/src/lib/services/enhanced-caching-optimizer.ts(424,3): error TS1434: Unexpected keyword or identifier.
sveltekit-frontend/src/lib/services/enhanced-caching-optimizer.ts(424,28): error TS1135: Argument expression expected.
sveltekit-frontend/src/lib/services/enhanced-caching-optimizer.ts(424,37): error TS1109: Expression expected.
sveltekit-frontend/src/lib/services/enhanced-caching-optimizer.ts(424,40): error TS1135: Argument expression expected.
sveltekit-frontend/src/lib/services/enhanced-caching-optimizer.ts(424,57): error TS1005: ';' expected.
sveltekit-frontend/src/lib/services/enhanced-caching-optimizer.ts(425,11): error TS1005: ':' expected.
sveltekit-frontend/src/lib/services/enhanced-caching-optimizer.ts(431,5): error TS1005: ',' expected.
sveltekit-frontend/src/lib/services/enhanced-caching-optimizer.ts(431,14): error TS1005: ',' expected.
sveltekit-frontend/src/lib/services/enhanced-caching-optimizer.ts(431,17): error TS1109: Expression expected.
sveltekit-frontend/src/lib/services/enhanced-caching-optimizer.ts(431,19): error TS1003: Identifier expected.
sveltekit-frontend/src/lib/services/enhanced-caching-optimizer.ts(431,20): error TS1138: Parameter declaration expected.
sveltekit-frontend/src/lib/services/enhanced-caching-optimizer.ts(431,21): error TS1138: Parameter declaration expected.
sveltekit-frontend/src/lib/services/enhanced-caching-optimizer.ts(431,25): error TS1005: ',' expected.
sveltekit-frontend/src/lib/services/enhanced-caching-optimizer.ts(431,33): error TS1005: ',' expected.
sveltekit-frontend/src/lib/services/enhanced-caching-optimizer.ts(431,42): error TS1005: ',' expected.
sveltekit-frontend/src/lib/services/enhanced-caching-optimizer.ts(431,46): error TS1005: ',' expected.
sveltekit-frontend/src/lib/services/enhanced-caching-optimizer.ts(431,47): error TS1109: Expression expected.
sveltekit-frontend/src/lib/services/enhanced-caching-optimizer.ts(431,48): error TS1109: Expression expected.
sveltekit-frontend/src/lib/services/enhanced-caching-optimizer.ts(431,65): error TS1005: ';' expected.
sveltekit-frontend/src/lib/services/enhanced-caching-optimizer.ts(431,68): error TS1109: Expression expected.
sveltekit-frontend/src/lib/services/enhanced-caching-optimizer.ts(432,7): error TS1109: Expression expected.
sveltekit-frontend/src/lib/services/enhanced-caching-optimizer.ts(436,10): error TS1005: ')' expected.
sveltekit-frontend/src/lib/services/enhanced-caching-optimizer.ts(438,40): error TS1005: ';' expected.
sveltekit-frontend/src/lib/services/enhanced-caching-optimizer.ts(438,41): error TS1005: ')' expected.
sveltekit-frontend/src/lib/services/enhanced-caching-optimizer.ts(438,50): error TS1109: Expression expected.
sveltekit-frontend/src/lib/services/enhanced-caching-optimizer.ts(438,82): error TS1005: ';' expected.
sveltekit-frontend/src/lib/services/enhanced-caching-optimizer.ts(440,13): error TS1128: Declaration or statement expected.
sveltekit-frontend/src/lib/services/enhanced-caching-optimizer.ts(441,58): error TS1005: ';' expected.
sveltekit-frontend/src/lib/services/enhanced-caching-optimizer.ts(441,59): error TS1005: ')' expected.
sveltekit-frontend/src/lib/services/enhanced-caching-optimizer.ts(441,68): error TS1109: Expression expected.
sveltekit-frontend/src/lib/services/enhanced-caching-optimizer.ts(441,75): error TS1128: Declaration or statement expected.
sveltekit-frontend/src/lib/services/enhanced-caching-optimizer.ts(441,76): error TS1128: Declaration or statement expected.
sveltekit-frontend/src/lib/services/enhanced-caching-optimizer.ts(441,77): error TS1434: Unexpected keyword or identifier.
sveltekit-frontend/src/lib/services/enhanced-caching-optimizer.ts(441,83): error TS1128: Declaration or statement expected.
sveltekit-frontend/src/lib/services/enhanced-caching-optimizer.ts(443,9): error TS1472: 'catch' or 'finally' expected.
sveltekit-frontend/src/lib/services/enhanced-caching-optimizer.ts(443,10): error TS1128: Declaration or statement expected.
sveltekit-frontend/src/lib/services/enhanced-caching-optimizer.ts(444,7): error TS1128: Declaration or statement expected.
sveltekit-frontend/src/lib/services/enhanced-caching-optimizer.ts(444,9): error TS1005: 'try' expected.
sveltekit-frontend/src/lib/services/enhanced-caching-optimizer.ts(447,5): error TS1128: Declaration or statement expected.
sveltekit-frontend/src/lib/services/enhanced-caching-optimizer.ts(449,3): error TS1128: Declaration or statement expected.
sveltekit-frontend/src/lib/services/enhanced-caching-optimizer.ts(450,23): error TS1109: Expression expected.
sveltekit-frontend/src/lib/services/enhanced-caching-optimizer.ts(451,9): error TS1005: ':' expected.
sveltekit-frontend/src/lib/services/enhanced-caching-optimizer.ts(451,57): error TS1005: ',' expected.
sveltekit-frontend/src/lib/services/enhanced-caching-optimizer.ts(452,13): error TS1003: Identifier expected.
sveltekit-frontend/src/lib/services/enhanced-caching-optimizer.ts(452,77): error TS1005: ',' expected.
sveltekit-frontend/src/lib/services/enhanced-caching-optimizer.ts(454,23): error TS1109: Expression expected.
sveltekit-frontend/src/lib/services/enhanced-caching-optimizer.ts(455,9): error TS1005: ':' expected.
sveltekit-frontend/src/lib/services/enhanced-caching-optimizer.ts(455,56): error TS1005: ',' expected.
sveltekit-frontend/src/lib/services/enhanced-caching-optimizer.ts(456,13): error TS1003: Identifier expected.
sveltekit-frontend/src/lib/services/enhanced-caching-optimizer.ts(456,77): error TS1005: ',' expected.
sveltekit-frontend/src/lib/services/enhanced-caching-optimizer.ts(458,1): error TS1128: Declaration or statement expected.
sveltekit-frontend/src/lib/services/enhanced-rag-integration.ts(3,1): error TS1128: Declaration or statement expected.
sveltekit-frontend/src/lib/services/enhanced-rag-suggestions-service.ts(3,1): error TS1128: Declaration or statement expected.
sveltekit-frontend/src/lib/services/enhanced-rag-suggestions-service.ts(24,1): error TS1128: Declaration or statement expected.
sveltekit-frontend/src/lib/services/enhanced-rag-suggestions-service.ts(46,1): error TS1128: Declaration or statement expected.
sveltekit-frontend/src/lib/services/enhanced-rag-suggestions-service.ts(55,1): error TS1128: Declaration or statement expected.
sveltekit-frontend/src/lib/services/enhanced-rag-suggestions-service.ts(62,1): error TS1128: Declaration or statement expected.
sveltekit-frontend/src/lib/services/enhanced-rag-suggestions-service.ts(71,1): error TS1128: Declaration or statement expected.
sveltekit-frontend/src/lib/services/enhanced-rag-suggestions-service.ts(78,1): error TS1128: Declaration or statement expected.
sveltekit-frontend/src/lib/services/enhanced-rag-suggestions-service.ts(105,43): error TS1109: Expression expected.
sveltekit-frontend/src/lib/services/enhanced-rag-suggestions-service.ts(105,44): error TS1109: Expression expected.
sveltekit-frontend/src/lib/services/enhanced-rag-suggestions-service.ts(132,73): error TS1005: ')' expected.
sveltekit-frontend/src/lib/services/enhanced-rag-suggestions-service.ts(161,55): error TS1128: Declaration or statement expected.
sveltekit-frontend/src/lib/services/enhanced-rag-suggestions-service.ts(169,58): error TS1005: ')' expected.
sveltekit-frontend/src/lib/services/enhanced-rag-suggestions-service.ts(232,3): error TS1068: Unexpected token. A constructor, method, accessor, or property was expected.
sveltekit-frontend/src/lib/services/enhanced-rag-suggestions-service.ts(232,4): error TS1068: Unexpected token. A constructor, method, accessor, or property was expected.
sveltekit-frontend/src/lib/services/enhanced-rag-suggestions-service.ts(232,36): error TS1005: '(' expected.
sveltekit-frontend/src/lib/services/enhanced-rag-suggestions-service.ts(232,38): error TS1068: Unexpected token. A constructor, method, accessor, or property was expected.
sveltekit-frontend/src/lib/services/enhanced-rag-suggestions-service.ts(242,7): error TS1005: ')' expected.
sveltekit-frontend/src/lib/services/enhanced-rag-suggestions-service.ts(261,3): error TS1128: Declaration or statement expected.
sveltekit-frontend/src/lib/services/enhanced-rag-suggestions-service.ts(261,39): error TS1005: ',' expected.
sveltekit-frontend/src/lib/services/enhanced-rag-suggestions-service.ts(261,53): error TS1005: ',' expected.
sveltekit-frontend/src/lib/services/enhanced-rag-suggestions-service.ts(261,76): error TS1005: ';' expected.
sveltekit-frontend/src/lib/services/enhanced-rag-suggestions-service.ts(261,78): error TS1434: Unexpected keyword or identifier.
sveltekit-frontend/src/lib/services/enhanced-rag-suggestions-service.ts(284,3): error TS1128: Declaration or statement expected.
sveltekit-frontend/src/lib/services/enhanced-rag-suggestions-service.ts(284,11): error TS1434: Unexpected keyword or identifier.
sveltekit-frontend/src/lib/services/enhanced-rag-suggestions-service.ts(287,3): error TS1128: Declaration or statement expected.
sveltekit-frontend/src/lib/services/enhanced-rag-suggestions-service.ts(287,4): error TS1128: Declaration or statement expected.
sveltekit-frontend/src/lib/services/enhanced-rag-suggestions-service.ts(288,12): error TS1005: ',' expected.
sveltekit-frontend/src/lib/services/enhanced-rag-suggestions-service.ts(288,72): error TS1005: ',' expected.
sveltekit-frontend/src/lib/services/enhanced-rag-suggestions-service.ts(289,11): error TS1005: ':' expected.
sveltekit-frontend/src/lib/services/enhanced-rag-suggestions-service.ts(289,22): error TS1005: ',' expected.
sveltekit-frontend/src/lib/services/enhanced-rag-suggestions-service.ts(289,37): error TS1005: ',' expected.
sveltekit-frontend/src/lib/services/enhanced-rag-suggestions-service.ts(289,38): error TS1109: Expression expected.
sveltekit-frontend/src/lib/services/enhanced-rag-suggestions-service.ts(289,40): error TS1005: ':' expected.
sveltekit-frontend/src/lib/services/enhanced-rag-suggestions-service.ts(316,6): error TS1005: ',' expected.
sveltekit-frontend/src/lib/services/enhanced-rag-suggestions-service.ts(317,12): error TS1005: ':' expected.
sveltekit-frontend/src/lib/services/enhanced-rag-suggestions-service.ts(337,3): error TS1128: Declaration or statement expected.
sveltekit-frontend/src/lib/services/enhanced-rag-suggestions-service.ts(337,36): error TS1005: ';' expected.
sveltekit-frontend/src/lib/services/enhanced-rag-suggestions-service.ts(337,38): error TS1434: Unexpected keyword or identifier.
sveltekit-frontend/src/lib/services/enhanced-rag-suggestions-service.ts(355,3): error TS1128: Declaration or statement expected.
sveltekit-frontend/src/lib/services/enhanced-rag-suggestions-service.ts(355,33): error TS1005: ';' expected.
sveltekit-frontend/src/lib/services/enhanced-rag-suggestions-service.ts(355,35): error TS1434: Unexpected keyword or identifier.
sveltekit-frontend/src/lib/services/enhanced-rag-suggestions-service.ts(369,3): error TS1434: Unexpected keyword or identifier.
sveltekit-frontend/src/lib/services/enhanced-rag-suggestions-service.ts(369,22): error TS1005: ';' expected.
sveltekit-frontend/src/lib/services/enhanced-rag-suggestions-service.ts(370,11): error TS1005: ':' expected.
sveltekit-frontend/src/lib/services/enhanced-rag-suggestions-service.ts(370,33): error TS1005: ',' expected.
sveltekit-frontend/src/lib/services/enhanced-rag-suggestions-service.ts(371,9): error TS1005: ':' expected.
sveltekit-frontend/src/lib/services/enhanced-rag-suggestions-service.ts(372,13): error TS1005: ':' expected.
sveltekit-frontend/src/lib/services/enhanced-rag-suggestions-service.ts(375,9): error TS1005: ',' expected.
sveltekit-frontend/src/lib/services/enhanced-rag-suggestions-service.ts(376,19): error TS1005: ',' expected.
sveltekit-frontend/src/lib/services/enhanced-rag-suggestions-service.ts(376,22): error TS1005: ',' expected.
sveltekit-frontend/src/lib/services/enhanced-rag-suggestions-service.ts(376,24): error TS1136: Property assignment expected.
sveltekit-frontend/src/lib/services/enhanced-rag-suggestions-service.ts(384,9): error TS1128: Declaration or statement expected.
sveltekit-frontend/src/lib/services/enhanced-rag-suggestions-service.ts(387,5): error TS1128: Declaration or statement expected.
sveltekit-frontend/src/lib/services/enhanced-rag-suggestions-service.ts(387,7): error TS1005: 'try' expected.
sveltekit-frontend/src/lib/services/enhanced-rag-suggestions-service.ts(391,3): error TS1128: Declaration or statement expected.
sveltekit-frontend/src/lib/services/enhanced-rag-suggestions-service.ts(395,19): error TS1005: ';' expected.
sveltekit-frontend/src/lib/services/enhanced-rag-suggestions-service.ts(406,1): error TS1128: Declaration or statement expected.
sveltekit-frontend/src/lib/services/enhanced-rag-suggestions-service.ts(416,1): error TS1128: Declaration or statement expected.
sveltekit-frontend/src/lib/services/enhanced-rag-suggestions-service.ts(416,2): error TS1128: Declaration or statement expected.
sveltekit-frontend/src/lib/services/enhanced-rag-suggestions-service.ts(417,9): error TS1005: ':' expected.
sveltekit-frontend/src/lib/services/enhanced-rag-suggestions-service.ts(425,3): error TS1005: ',' expected.
sveltekit-frontend/src/lib/services/enhanced-rag-suggestions-service.ts(425,10): error TS1005: ':' expected.
sveltekit-frontend/src/lib/services/enhanced-rag-suggestions-service.ts(425,77): error TS1005: ',' expected.
sveltekit-frontend/src/lib/services/enhanced-rag-suggestions-service.ts(447,5): error TS1136: Property assignment expected.
sveltekit-frontend/src/lib/services/enhanced-rag-suggestions-service.ts(447,7): error TS1472: 'catch' or 'finally' expected.
sveltekit-frontend/src/lib/services/enhanced-rag-suggestions-service.ts(450,29): error TS1005: ',' expected.
sveltekit-frontend/src/lib/services/enhanced-rag-suggestions-service.ts(455,5): error TS1005: 'try' expected.
sveltekit-frontend/src/lib/services/enhanced-rag-suggestions-service.ts(458,30): error TS1005: ',' expected.
sveltekit-frontend/src/lib/services/enhanced-rag-suggestions-service.ts(462,1): error TS1128: Declaration or statement expected.
sveltekit-frontend/src/lib/services/enhanced-recommendation-integration.ts(20,67): error TS1005: ';' expected.
sveltekit-frontend/src/lib/services/enhanced-recommendation-integration.ts(21,4): error TS1128: Declaration or statement expected.
sveltekit-frontend/src/lib/services/enhanced-recommendation-integration.ts(23,47): error TS1005: ';' expected.
sveltekit-frontend/src/lib/services/enhanced-recommendation-integration.ts(24,3): error TS1128: Declaration or statement expected.
sveltekit-frontend/src/lib/services/enhanced-recommendation-integration.ts(24,4): error TS1128: Declaration or statement expected.
sveltekit-frontend/src/lib/services/enhanced-recommendation-integration.ts(26,59): error TS1005: ';' expected.
sveltekit-frontend/src/lib/services/enhanced-recommendation-integration.ts(27,3): error TS1128: Declaration or statement expected.
sveltekit-frontend/src/lib/services/enhanced-recommendation-integration.ts(27,4): error TS1128: Declaration or statement expected.
sveltekit-frontend/src/lib/services/enhanced-recommendation-integration.ts(29,45): error TS1005: ';' expected.
sveltekit-frontend/src/lib/services/enhanced-recommendation-integration.ts(30,3): error TS1128: Declaration or statement expected.
sveltekit-frontend/src/lib/services/enhanced-recommendation-integration.ts(30,4): error TS1128: Declaration or statement expected.
sveltekit-frontend/src/lib/services/enhanced-recommendation-integration.ts(31,1): error TS1128: Declaration or statement expected.
sveltekit-frontend/src/lib/services/enhanced-recommendation-integration.ts(86,1): error TS1131: Property or signature expected.
sveltekit-frontend/src/lib/services/enhanced-recommendation-integration.ts(89,46): error TS1131: Property or signature expected.
sveltekit-frontend/src/lib/services/enhanced-recommendation-integration.ts(93,4): error TS1109: Expression expected.
sveltekit-frontend/src/lib/services/enhanced-recommendation-integration.ts(93,6): error TS1109: Expression expected.
sveltekit-frontend/src/lib/services/enhanced-recommendation-integration.ts(94,3): error TS1128: Declaration or statement expected.
sveltekit-frontend/src/lib/services/enhanced-recommendation-integration.ts(96,3): error TS1128: Declaration or statement expected.
sveltekit-frontend/src/lib/services/enhanced-recommendation-integration.ts(97,3): error TS1128: Declaration or statement expected.
sveltekit-frontend/src/lib/services/enhanced-recommendation-integration.ts(98,3): error TS1128: Declaration or statement expected.
sveltekit-frontend/src/lib/services/enhanced-recommendation-integration.ts(99,3): error TS1128: Declaration or statement expected.
sveltekit-frontend/src/lib/services/enhanced-recommendation-integration.ts(106,3): error TS1128: Declaration or statement expected.
sveltekit-frontend/src/lib/services/enhanced-recommendation-integration.ts(106,11): error TS1434: Unexpected keyword or identifier.
sveltekit-frontend/src/lib/services/enhanced-recommendation-integration.ts(106,36): error TS1109: Expression expected.
sveltekit-frontend/src/lib/services/enhanced-recommendation-integration.ts(106,50): error TS1109: Expression expected.
sveltekit-frontend/src/lib/services/enhanced-recommendation-integration.ts(107,9): error TS1005: ':' expected.
sveltekit-frontend/src/lib/services/enhanced-recommendation-integration.ts(108,11): error TS1005: ':' expected.
sveltekit-frontend/src/lib/services/enhanced-recommendation-integration.ts(108,68): error TS1005: ',' expected.
sveltekit-frontend/src/lib/services/enhanced-recommendation-integration.ts(109,11): error TS1005: ':' expected.
sveltekit-frontend/src/lib/services/enhanced-recommendation-integration.ts(111,9): error TS1005: ',' expected.
sveltekit-frontend/src/lib/services/enhanced-recommendation-integration.ts(112,11): error TS1005: ':' expected.
sveltekit-frontend/src/lib/services/enhanced-recommendation-integration.ts(114,9): error TS1005: ',' expected.
sveltekit-frontend/src/lib/services/enhanced-recommendation-integration.ts(116,13): error TS1005: ':' expected.
sveltekit-frontend/src/lib/services/enhanced-recommendation-integration.ts(116,64): error TS1136: Property assignment expected.
sveltekit-frontend/src/lib/services/enhanced-recommendation-integration.ts(116,66): error TS1005: ',' expected.
sveltekit-frontend/src/lib/services/enhanced-recommendation-integration.ts(116,67): error TS1136: Property assignment expected.
sveltekit-frontend/src/lib/services/enhanced-recommendation-integration.ts(117,22): error TS1138: Parameter declaration expected.
sveltekit-frontend/src/lib/services/enhanced-recommendation-integration.ts(117,39): error TS1005: ',' expected.
sveltekit-frontend/src/lib/services/enhanced-recommendation-integration.ts(117,41): error TS1136: Property assignment expected.
sveltekit-frontend/src/lib/services/enhanced-recommendation-integration.ts(121,5): error TS1128: Declaration or statement expected.
sveltekit-frontend/src/lib/services/enhanced-recommendation-integration.ts(121,7): error TS1005: 'try' expected.
sveltekit-frontend/src/lib/services/enhanced-recommendation-integration.ts(125,3): error TS1128: Declaration or statement expected.
sveltekit-frontend/src/lib/services/enhanced-recommendation-integration.ts(126,3): error TS1128: Declaration or statement expected.
sveltekit-frontend/src/lib/services/enhanced-recommendation-integration.ts(126,11): error TS1434: Unexpected keyword or identifier.
sveltekit-frontend/src/lib/services/enhanced-recommendation-integration.ts(126,42): error TS1109: Expression expected.
sveltekit-frontend/src/lib/services/enhanced-recommendation-integration.ts(126,56): error TS1109: Expression expected.
sveltekit-frontend/src/lib/services/enhanced-recommendation-integration.ts(127,9): error TS1005: ':' expected.
sveltekit-frontend/src/lib/services/enhanced-recommendation-integration.ts(137,7): error TS1005: ',' expected.
sveltekit-frontend/src/lib/services/enhanced-recommendation-integration.ts(144,7): error TS1005: ',' expected.
sveltekit-frontend/src/lib/services/enhanced-recommendation-integration.ts(152,7): error TS1005: ',' expected.
sveltekit-frontend/src/lib/services/enhanced-recommendation-integration.ts(159,7): error TS1005: ',' expected.
sveltekit-frontend/src/lib/services/enhanced-recommendation-integration.ts(159,15): error TS1003: Identifier expected.
sveltekit-frontend/src/lib/services/enhanced-recommendation-integration.ts(159,61): error TS1005: ',' expected.
sveltekit-frontend/src/lib/services/enhanced-recommendation-integration.ts(160,7): error TS1005: ',' expected.
sveltekit-frontend/src/lib/services/enhanced-recommendation-integration.ts(164,3): error TS1128: Declaration or statement expected.
sveltekit-frontend/src/lib/services/enhanced-recommendation-integration.ts(164,36): error TS1135: Argument expression expected.
sveltekit-frontend/src/lib/services/enhanced-recommendation-integration.ts(164,42): error TS1005: ';' expected.
sveltekit-frontend/src/lib/services/enhanced-recommendation-integration.ts(165,11): error TS1005: ':' expected.
sveltekit-frontend/src/lib/services/enhanced-recommendation-integration.ts(165,37): error TS1005: ',' expected.
sveltekit-frontend/src/lib/services/enhanced-recommendation-integration.ts(165,39): error TS1005: ',' expected.
sveltekit-frontend/src/lib/services/enhanced-recommendation-integration.ts(166,20): error TS1138: Parameter declaration expected.
sveltekit-frontend/src/lib/services/enhanced-recommendation-integration.ts(166,58): error TS1005: ';' expected.
sveltekit-frontend/src/lib/services/enhanced-recommendation-integration.ts(167,64): error TS1109: Expression expected.
sveltekit-frontend/src/lib/services/enhanced-recommendation-integration.ts(189,3): error TS1128: Declaration or statement expected.
sveltekit-frontend/src/lib/services/enhanced-recommendation-integration.ts(190,3): error TS1128: Declaration or statement expected.
sveltekit-frontend/src/lib/services/enhanced-recommendation-integration.ts(190,11): error TS1434: Unexpected keyword or identifier.
sveltekit-frontend/src/lib/services/enhanced-recommendation-integration.ts(190,40): error TS1135: Argument expression expected.
sveltekit-frontend/src/lib/services/enhanced-recommendation-integration.ts(190,55): error TS1005: ',' expected.
sveltekit-frontend/src/lib/services/enhanced-recommendation-integration.ts(190,62): error TS1005: ';' expected.
sveltekit-frontend/src/lib/services/enhanced-recommendation-integration.ts(191,9): error TS1003: Identifier expected.
sveltekit-frontend/src/lib/services/enhanced-recommendation-integration.ts(191,14): error TS1005: ',' expected.
sveltekit-frontend/src/lib/services/enhanced-recommendation-integration.ts(191,45): error TS1005: ',' expected.
sveltekit-frontend/src/lib/services/enhanced-recommendation-integration.ts(191,47): error TS1136: Property assignment expected.
sveltekit-frontend/src/lib/services/enhanced-recommendation-integration.ts(198,51): error TS1005: ')' expected.
sveltekit-frontend/src/lib/services/enhanced-recommendation-integration.ts(217,3): error TS1128: Declaration or statement expected.
sveltekit-frontend/src/lib/services/enhanced-recommendation-integration.ts(221,3): error TS1434: Unexpected keyword or identifier.
sveltekit-frontend/src/lib/services/enhanced-recommendation-integration.ts(223,20): error TS1011: An element access expression should take an argument.
sveltekit-frontend/src/lib/services/enhanced-recommendation-integration.ts(226,3): error TS1128: Declaration or statement expected.
sveltekit-frontend/src/lib/services/enhanced-recommendation-integration.ts(226,4): error TS1128: Declaration or statement expected.
sveltekit-frontend/src/lib/services/enhanced-recommendation-integration.ts(226,37): error TS1011: An element access expression should take an argument.
sveltekit-frontend/src/lib/services/enhanced-recommendation-integration.ts(227,9): error TS1005: ':' expected.
sveltekit-frontend/src/lib/services/enhanced-recommendation-integration.ts(229,11): error TS1005: ',' expected.
sveltekit-frontend/src/lib/services/enhanced-recommendation-integration.ts(229,41): error TS1005: ',' expected.
sveltekit-frontend/src/lib/services/enhanced-recommendation-integration.ts(230,15): error TS1005: ',' expected.
sveltekit-frontend/src/lib/services/enhanced-recommendation-integration.ts(230,38): error TS1005: ',' expected.
sveltekit-frontend/src/lib/services/enhanced-recommendation-integration.ts(230,40): error TS1136: Property assignment expected.
sveltekit-frontend/src/lib/services/enhanced-recommendation-integration.ts(235,8): error TS1128: Declaration or statement expected.
sveltekit-frontend/src/lib/services/enhanced-recommendation-integration.ts(235,10): error TS1128: Declaration or statement expected.
sveltekit-frontend/src/lib/services/enhanced-recommendation-integration.ts(244,31): error TS1109: Expression expected.
sveltekit-frontend/src/lib/services/enhanced-recommendation-integration.ts(245,21): error TS1109: Expression expected.
sveltekit-frontend/src/lib/services/enhanced-recommendation-integration.ts(247,8): error TS1128: Declaration or statement expected.
sveltekit-frontend/src/lib/services/enhanced-recommendation-integration.ts(247,10): error TS1128: Declaration or statement expected.
sveltekit-frontend/src/lib/services/enhanced-recommendation-integration.ts(257,8): error TS1128: Declaration or statement expected.
sveltekit-frontend/src/lib/services/enhanced-recommendation-integration.ts(257,10): error TS1128: Declaration or statement expected.
sveltekit-frontend/src/lib/services/enhanced-recommendation-integration.ts(262,37): error TS1005: ',' expected.
sveltekit-frontend/src/lib/services/enhanced-recommendation-integration.ts(278,8): error TS1128: Declaration or statement expected.
sveltekit-frontend/src/lib/services/enhanced-recommendation-integration.ts(278,10): error TS1128: Declaration or statement expected.
sveltekit-frontend/src/lib/services/enhanced-recommendation-integration.ts(281,5): error TS1128: Declaration or statement expected.
sveltekit-frontend/src/lib/services/enhanced-recommendation-integration.ts(281,7): error TS1005: 'try' expected.
sveltekit-frontend/src/lib/services/enhanced-recommendation-integration.ts(286,3): error TS1128: Declaration or statement expected.
sveltekit-frontend/src/lib/services/enhanced-recommendation-integration.ts(290,3): error TS1434: Unexpected keyword or identifier.
sveltekit-frontend/src/lib/services/enhanced-recommendation-integration.ts(293,20): error TS1109: Expression expected.
sveltekit-frontend/src/lib/services/enhanced-recommendation-integration.ts(295,3): error TS1128: Declaration or statement expected.
sveltekit-frontend/src/lib/services/enhanced-recommendation-integration.ts(295,4): error TS1128: Declaration or statement expected.
sveltekit-frontend/src/lib/services/enhanced-recommendation-integration.ts(296,9): error TS1005: ':' expected.
sveltekit-frontend/src/lib/services/enhanced-recommendation-integration.ts(298,13): error TS1005: ':' expected.
sveltekit-frontend/src/lib/services/enhanced-recommendation-integration.ts(317,9): error TS1005: ',' expected.
sveltekit-frontend/src/lib/services/enhanced-recommendation-integration.ts(318,11): error TS1003: Identifier expected.
sveltekit-frontend/src/lib/services/enhanced-recommendation-integration.ts(318,12): error TS1138: Parameter declaration expected.
sveltekit-frontend/src/lib/services/enhanced-recommendation-integration.ts(318,71): error TS1005: ',' expected.
sveltekit-frontend/src/lib/services/enhanced-recommendation-integration.ts(318,73): error TS1136: Property assignment expected.
sveltekit-frontend/src/lib/services/enhanced-recommendation-integration.ts(319,97): error TS1005: ';' expected.
sveltekit-frontend/src/lib/services/enhanced-recommendation-integration.ts(319,98): error TS1005: '}' expected.
sveltekit-frontend/src/lib/services/enhanced-recommendation-integration.ts(319,105): error TS1109: Expression expected.
sveltekit-frontend/src/lib/services/enhanced-recommendation-integration.ts(319,112): error TS1128: Declaration or statement expected.
sveltekit-frontend/src/lib/services/enhanced-recommendation-integration.ts(319,113): error TS1128: Declaration or statement expected.
sveltekit-frontend/src/lib/services/enhanced-recommendation-integration.ts(319,124): error TS1128: Declaration or statement expected.
sveltekit-frontend/src/lib/services/enhanced-recommendation-integration.ts(471,23): error TS1005: ';' expected.
sveltekit-frontend/src/lib/services/enhanced-recommendation-integration.ts(471,30): error TS1434: Unexpected keyword or identifier.
sveltekit-frontend/src/lib/services/enhanced-recommendation-integration.ts(473,38): error TS1005: ';' expected.
sveltekit-frontend/src/lib/services/enhanced-recommendation-integration.ts(547,2): error TS1160: Unterminated template literal.
sveltekit-frontend/src/lib/services/enhanced-route-accessibility.ts(7,1): error TS1128: Declaration or statement expected.
sveltekit-frontend/src/lib/services/enhanced-route-accessibility.ts(235,20): error TS1005: ',' expected.
sveltekit-frontend/src/lib/services/enhanced-route-accessibility.ts(279,9): error TS1109: Expression expected.
sveltekit-frontend/src/lib/services/enhanced-route-accessibility.ts(284,5): error TS1128: Declaration or statement expected.
sveltekit-frontend/src/lib/services/enhanced-route-accessibility.ts(479,7): error TS1128: Declaration or statement expected.
sveltekit-frontend/src/lib/services/enhanced-route-accessibility.ts(485,17): error TS1005: ')' expected.
sveltekit-frontend/src/lib/services/enhancedContext7Service.ts(6,1): error TS1128: Declaration or statement expected.
sveltekit-frontend/src/lib/services/enhancedContext7Service.ts(28,1): error TS1128: Declaration or statement expected.
sveltekit-frontend/src/lib/services/enhancedContext7Service.ts(48,55): error TS1442: Expected '=' for property initializer.
sveltekit-frontend/src/lib/services/enhancedContext7Service.ts(50,3): error TS1068: Unexpected token. A constructor, method, accessor, or property was expected.
sveltekit-frontend/src/lib/services/enhancedContext7Service.ts(50,4): error TS1068: Unexpected token. A constructor, method, accessor, or property was expected.
sveltekit-frontend/src/lib/services/enhancedContext7Service.ts(50,34): error TS1005: '(' expected.
sveltekit-frontend/src/lib/services/enhancedContext7Service.ts(50,36): error TS1068: Unexpected token. A constructor, method, accessor, or property was expected.
sveltekit-frontend/src/lib/services/enhancedContext7Service.ts(56,7): error TS1005: ',' expected.
sveltekit-frontend/src/lib/services/enhancedContext7Service.ts(56,9): error TS1472: 'catch' or 'finally' expected.
sveltekit-frontend/src/lib/services/enhancedContext7Service.ts(58,7): error TS1005: 'try' expected.
sveltekit-frontend/src/lib/services/enhancedContext7Service.ts(62,3): error TS1128: Declaration or statement expected.
sveltekit-frontend/src/lib/services/enhancedContext7Service.ts(66,3): error TS1434: Unexpected keyword or identifier.
sveltekit-frontend/src/lib/services/enhancedContext7Service.ts(67,22): error TS1011: An element access expression should take an argument.
sveltekit-frontend/src/lib/services/enhancedContext7Service.ts(68,25): error TS1011: An element access expression should take an argument.
sveltekit-frontend/src/lib/services/enhancedContext7Service.ts(70,3): error TS1128: Declaration or statement expected.
sveltekit-frontend/src/lib/services/enhancedContext7Service.ts(70,4): error TS1128: Declaration or statement expected.
sveltekit-frontend/src/lib/services/enhancedContext7Service.ts(71,9): error TS1005: ':' expected.
sveltekit-frontend/src/lib/services/enhancedContext7Service.ts(72,13): error TS1005: ':' expected.
sveltekit-frontend/src/lib/services/enhancedContext7Service.ts(76,7): error TS1005: ',' expected.
sveltekit-frontend/src/lib/services/enhancedContext7Service.ts(76,9): error TS1005: ',' expected.
sveltekit-frontend/src/lib/services/enhancedContext7Service.ts(76,10): error TS1136: Property assignment expected.
sveltekit-frontend/src/lib/services/enhancedContext7Service.ts(77,14): error TS1005: ':' expected.
sveltekit-frontend/src/lib/services/enhancedContext7Service.ts(77,61): error TS1005: ',' expected.
sveltekit-frontend/src/lib/services/enhancedContext7Service.ts(78,7): error TS1005: ';' expected.
sveltekit-frontend/src/lib/services/enhancedContext7Service.ts(82,3): error TS1128: Declaration or statement expected.
sveltekit-frontend/src/lib/services/enhancedContext7Service.ts(86,3): error TS1434: Unexpected keyword or identifier.
sveltekit-frontend/src/lib/services/enhancedContext7Service.ts(90,3): error TS1128: Declaration or statement expected.
sveltekit-frontend/src/lib/services/enhancedContext7Service.ts(90,4): error TS1128: Declaration or statement expected.
sveltekit-frontend/src/lib/services/enhancedContext7Service.ts(90,29): error TS1011: An element access expression should take an argument.
sveltekit-frontend/src/lib/services/enhancedContext7Service.ts(91,9): error TS1005: ':' expected.
sveltekit-frontend/src/lib/services/enhancedContext7Service.ts(92,13): error TS1005: ':' expected.
sveltekit-frontend/src/lib/services/enhancedContext7Service.ts(96,7): error TS1005: ',' expected.
sveltekit-frontend/src/lib/services/enhancedContext7Service.ts(96,9): error TS1005: ',' expected.
sveltekit-frontend/src/lib/services/enhancedContext7Service.ts(96,10): error TS1136: Property assignment expected.
sveltekit-frontend/src/lib/services/enhancedContext7Service.ts(97,14): error TS1005: ':' expected.
sveltekit-frontend/src/lib/services/enhancedContext7Service.ts(97,49): error TS1005: ',' expected.
sveltekit-frontend/src/lib/services/enhancedContext7Service.ts(98,7): error TS1005: ';' expected.
sveltekit-frontend/src/lib/services/enhancedContext7Service.ts(102,3): error TS1128: Declaration or statement expected.
sveltekit-frontend/src/lib/services/enhancedContext7Service.ts(106,3): error TS1434: Unexpected keyword or identifier.
sveltekit-frontend/src/lib/services/enhancedContext7Service.ts(109,3): error TS1128: Declaration or statement expected.
sveltekit-frontend/src/lib/services/enhancedContext7Service.ts(109,4): error TS1128: Declaration or statement expected.
sveltekit-frontend/src/lib/services/enhancedContext7Service.ts(110,9): error TS1005: ':' expected.
sveltekit-frontend/src/lib/services/enhancedContext7Service.ts(111,13): error TS1005: ':' expected.
sveltekit-frontend/src/lib/services/enhancedContext7Service.ts(114,7): error TS1005: ',' expected.
sveltekit-frontend/src/lib/services/enhancedContext7Service.ts(114,9): error TS1005: ',' expected.
sveltekit-frontend/src/lib/services/enhancedContext7Service.ts(114,10): error TS1136: Property assignment expected.
sveltekit-frontend/src/lib/services/enhancedContext7Service.ts(115,14): error TS1005: ':' expected.
sveltekit-frontend/src/lib/services/enhancedContext7Service.ts(115,47): error TS1005: ',' expected.
sveltekit-frontend/src/lib/services/enhancedContext7Service.ts(116,7): error TS1005: ';' expected.
sveltekit-frontend/src/lib/services/enhancedContext7Service.ts(120,3): error TS1128: Declaration or statement expected.
sveltekit-frontend/src/lib/services/enhancedContext7Service.ts(124,3): error TS1434: Unexpected keyword or identifier.
sveltekit-frontend/src/lib/services/enhancedContext7Service.ts(124,32): error TS1135: Argument expression expected.
sveltekit-frontend/src/lib/services/enhancedContext7Service.ts(124,63): error TS1005: ';' expected.
sveltekit-frontend/src/lib/services/enhancedContext7Service.ts(125,9): error TS1005: ':' expected.
sveltekit-frontend/src/lib/services/enhancedContext7Service.ts(126,13): error TS1005: ':' expected.
sveltekit-frontend/src/lib/services/enhancedContext7Service.ts(129,7): error TS1005: ',' expected.
sveltekit-frontend/src/lib/services/enhancedContext7Service.ts(129,9): error TS1005: ',' expected.
sveltekit-frontend/src/lib/services/enhancedContext7Service.ts(129,10): error TS1136: Property assignment expected.
sveltekit-frontend/src/lib/services/enhancedContext7Service.ts(130,36): error TS1005: ',' expected.
sveltekit-frontend/src/lib/services/enhancedContext7Service.ts(130,44): error TS1005: ',' expected.
sveltekit-frontend/src/lib/services/enhancedContext7Service.ts(130,45): error TS1005: ';' expected.
sveltekit-frontend/src/lib/services/enhancedContext7Service.ts(130,46): error TS1128: Declaration or statement expected.
sveltekit-frontend/src/lib/services/enhancedContext7Service.ts(131,5): error TS1128: Declaration or statement expected.
sveltekit-frontend/src/lib/services/enhancedContext7Service.ts(131,7): error TS1005: 'try' expected.
sveltekit-frontend/src/lib/services/enhancedContext7Service.ts(135,3): error TS1128: Declaration or statement expected.
sveltekit-frontend/src/lib/services/enhancedContext7Service.ts(139,3): error TS1434: Unexpected keyword or identifier.
sveltekit-frontend/src/lib/services/enhancedContext7Service.ts(139,36): error TS1135: Argument expression expected.
sveltekit-frontend/src/lib/services/enhancedContext7Service.ts(139,45): error TS1005: ';' expected.
sveltekit-frontend/src/lib/services/enhancedContext7Service.ts(140,9): error TS1005: ':' expected.
sveltekit-frontend/src/lib/services/enhancedContext7Service.ts(141,13): error TS1005: ':' expected.
sveltekit-frontend/src/lib/services/enhancedContext7Service.ts(143,7): error TS1005: ',' expected.
sveltekit-frontend/src/lib/services/enhancedContext7Service.ts(143,9): error TS1005: ',' expected.
sveltekit-frontend/src/lib/services/enhancedContext7Service.ts(143,10): error TS1136: Property assignment expected.
sveltekit-frontend/src/lib/services/enhancedContext7Service.ts(144,36): error TS1005: ',' expected.
sveltekit-frontend/src/lib/services/enhancedContext7Service.ts(144,44): error TS1005: ',' expected.
sveltekit-frontend/src/lib/services/enhancedContext7Service.ts(144,45): error TS1005: ';' expected.
sveltekit-frontend/src/lib/services/enhancedContext7Service.ts(144,46): error TS1128: Declaration or statement expected.
sveltekit-frontend/src/lib/services/enhancedContext7Service.ts(145,5): error TS1128: Declaration or statement expected.
sveltekit-frontend/src/lib/services/enhancedContext7Service.ts(145,7): error TS1005: 'try' expected.
sveltekit-frontend/src/lib/services/enhancedContext7Service.ts(149,3): error TS1128: Declaration or statement expected.
sveltekit-frontend/src/lib/services/enhancedContext7Service.ts(153,3): error TS1434: Unexpected keyword or identifier.
sveltekit-frontend/src/lib/services/enhancedContext7Service.ts(153,36): error TS1135: Argument expression expected.
sveltekit-frontend/src/lib/services/enhancedContext7Service.ts(153,59): error TS1109: Expression expected.
sveltekit-frontend/src/lib/services/enhancedContext7Service.ts(153,68): error TS1005: ';' expected.
sveltekit-frontend/src/lib/services/enhancedContext7Service.ts(154,9): error TS1005: ':' expected.
sveltekit-frontend/src/lib/services/enhancedContext7Service.ts(155,13): error TS1005: ':' expected.
sveltekit-frontend/src/lib/services/enhancedContext7Service.ts(158,7): error TS1005: ',' expected.
sveltekit-frontend/src/lib/services/enhancedContext7Service.ts(158,9): error TS1005: ',' expected.
sveltekit-frontend/src/lib/services/enhancedContext7Service.ts(158,10): error TS1136: Property assignment expected.
sveltekit-frontend/src/lib/services/enhancedContext7Service.ts(159,36): error TS1005: ',' expected.
sveltekit-frontend/src/lib/services/enhancedContext7Service.ts(159,44): error TS1005: ',' expected.
sveltekit-frontend/src/lib/services/enhancedContext7Service.ts(159,45): error TS1005: ';' expected.
sveltekit-frontend/src/lib/services/enhancedContext7Service.ts(159,46): error TS1128: Declaration or statement expected.
sveltekit-frontend/src/lib/services/enhancedContext7Service.ts(160,5): error TS1128: Declaration or statement expected.
sveltekit-frontend/src/lib/services/enhancedContext7Service.ts(160,7): error TS1005: 'try' expected.
sveltekit-frontend/src/lib/services/enhancedContext7Service.ts(164,3): error TS1128: Declaration or statement expected.
sveltekit-frontend/src/lib/services/enhancedContext7Service.ts(168,3): error TS1434: Unexpected keyword or identifier.
sveltekit-frontend/src/lib/services/enhancedContext7Service.ts(171,25): error TS1109: Expression expected.
sveltekit-frontend/src/lib/services/enhancedContext7Service.ts(172,17): error TS1109: Expression expected.
sveltekit-frontend/src/lib/services/enhancedContext7Service.ts(173,21): error TS1109: Expression expected.
sveltekit-frontend/src/lib/services/enhancedContext7Service.ts(174,19): error TS1109: Expression expected.
sveltekit-frontend/src/lib/services/enhancedContext7Service.ts(175,20): error TS1109: Expression expected.
sveltekit-frontend/src/lib/services/enhancedContext7Service.ts(176,27): error TS1109: Expression expected.
sveltekit-frontend/src/lib/services/enhancedContext7Service.ts(176,35): error TS1005: ';' expected.
sveltekit-frontend/src/lib/services/enhancedContext7Service.ts(177,7): error TS2809: Declaration or statement expected. This '=' follows a block of statements, so if you intended to write a destructuring assignment, you might need to wrap the whole assignment in parentheses.
sveltekit-frontend/src/lib/services/enhancedContext7Service.ts(178,3): error TS1128: Declaration or statement expected.
sveltekit-frontend/src/lib/services/enhancedContext7Service.ts(178,4): error TS1128: Declaration or statement expected.
sveltekit-frontend/src/lib/services/enhancedContext7Service.ts(179,9): error TS1005: ':' expected.
sveltekit-frontend/src/lib/services/enhancedContext7Service.ts(182,13): error TS1005: ':' expected.
sveltekit-frontend/src/lib/services/enhancedContext7Service.ts(188,7): error TS1005: ',' expected.
sveltekit-frontend/src/lib/services/enhancedContext7Service.ts(188,14): error TS1005: ':' expected.
sveltekit-frontend/src/lib/services/enhancedContext7Service.ts(188,34): error TS1005: ',' expected.
sveltekit-frontend/src/lib/services/enhancedContext7Service.ts(189,7): error TS1005: ',' expected.
sveltekit-frontend/src/lib/services/enhancedContext7Service.ts(197,3): error TS1128: Declaration or statement expected.
sveltekit-frontend/src/lib/services/enhancedContext7Service.ts(197,11): error TS1434: Unexpected keyword or identifier.
sveltekit-frontend/src/lib/services/enhancedContext7Service.ts(197,38): error TS1135: Argument expression expected.
sveltekit-frontend/src/lib/services/enhancedContext7Service.ts(197,53): error TS1005: ',' expected.
sveltekit-frontend/src/lib/services/enhancedContext7Service.ts(197,62): error TS1005: ']' expected.
sveltekit-frontend/src/lib/services/enhancedContext7Service.ts(197,71): error TS1005: ',' expected.
sveltekit-frontend/src/lib/services/enhancedContext7Service.ts(197,72): error TS1136: Property assignment expected.
sveltekit-frontend/src/lib/services/enhancedContext7Service.ts(197,81): error TS1005: ';' expected.
sveltekit-frontend/src/lib/services/enhancedContext7Service.ts(198,9): error TS1005: ':' expected.
sveltekit-frontend/src/lib/services/enhancedContext7Service.ts(201,13): error TS1005: ':' expected.
sveltekit-frontend/src/lib/services/enhancedContext7Service.ts(201,73): error TS1005: ',' expected.
sveltekit-frontend/src/lib/services/enhancedContext7Service.ts(202,14): error TS1005: ':' expected.
sveltekit-frontend/src/lib/services/enhancedContext7Service.ts(202,30): error TS1005: ',' expected.
sveltekit-frontend/src/lib/services/enhancedContext7Service.ts(203,7): error TS1005: ',' expected.
sveltekit-frontend/src/lib/services/enhancedContext7Service.ts(212,3): error TS1128: Declaration or statement expected.
sveltekit-frontend/src/lib/services/enhancedContext7Service.ts(212,11): error TS1434: Unexpected keyword or identifier.
sveltekit-frontend/src/lib/services/enhancedContext7Service.ts(212,42): error TS1135: Argument expression expected.
sveltekit-frontend/src/lib/services/enhancedContext7Service.ts(212,57): error TS1005: ',' expected.
sveltekit-frontend/src/lib/services/enhancedContext7Service.ts(212,64): error TS1005: ';' expected.
sveltekit-frontend/src/lib/services/enhancedContext7Service.ts(215,7): error TS1128: Declaration or statement expected.
sveltekit-frontend/src/lib/services/enhancedContext7Service.ts(215,11): error TS1005: ':' expected.
sveltekit-frontend/src/lib/services/enhancedContext7Service.ts(216,9): error TS1109: Expression expected.
sveltekit-frontend/src/lib/services/enhancedContext7Service.ts(216,16): error TS1005: ':' expected.
sveltekit-frontend/src/lib/services/enhancedContext7Service.ts(216,56): error TS1005: ',' expected.
sveltekit-frontend/src/lib/services/enhancedContext7Service.ts(217,11): error TS1005: ':' expected.
sveltekit-frontend/src/lib/services/enhancedContext7Service.ts(218,9): error TS1109: Expression expected.
sveltekit-frontend/src/lib/services/enhancedContext7Service.ts(218,16): error TS1005: ':' expected.
sveltekit-frontend/src/lib/services/enhancedContext7Service.ts(218,51): error TS1005: ',' expected.
sveltekit-frontend/src/lib/services/enhancedContext7Service.ts(219,11): error TS1005: ':' expected.
sveltekit-frontend/src/lib/services/enhancedContext7Service.ts(220,9): error TS1109: Expression expected.
sveltekit-frontend/src/lib/services/enhancedContext7Service.ts(220,16): error TS1005: ':' expected.
sveltekit-frontend/src/lib/services/enhancedContext7Service.ts(220,50): error TS1005: ',' expected.
sveltekit-frontend/src/lib/services/enhancedContext7Service.ts(221,11): error TS1005: ':' expected.
sveltekit-frontend/src/lib/services/enhancedContext7Service.ts(222,9): error TS1109: Expression expected.
sveltekit-frontend/src/lib/services/enhancedContext7Service.ts(222,16): error TS1005: ':' expected.
sveltekit-frontend/src/lib/services/enhancedContext7Service.ts(222,48): error TS1005: ',' expected.
sveltekit-frontend/src/lib/services/enhancedContext7Service.ts(224,9): error TS1109: Expression expected.
sveltekit-frontend/src/lib/services/enhancedContext7Service.ts(224,14): error TS1005: ':' expected.
sveltekit-frontend/src/lib/services/enhancedContext7Service.ts(224,20): error TS1005: ':' expected.
sveltekit-frontend/src/lib/services/enhancedContext7Service.ts(224,58): error TS1005: ',' expected.
sveltekit-frontend/src/lib/services/enhancedContext7Service.ts(226,3): error TS1128: Declaration or statement expected.
sveltekit-frontend/src/lib/services/enhancedContext7Service.ts(230,3): error TS1128: Declaration or statement expected.
sveltekit-frontend/src/lib/services/enhancedContext7Service.ts(230,39): error TS1135: Argument expression expected.
sveltekit-frontend/src/lib/services/enhancedContext7Service.ts(230,45): error TS1005: ';' expected.
sveltekit-frontend/src/lib/services/enhancedContext7Service.ts(230,47): error TS1434: Unexpected keyword or identifier.
sveltekit-frontend/src/lib/services/enhancedContext7Service.ts(249,3): error TS1128: Declaration or statement expected.
sveltekit-frontend/src/lib/services/enhancedContext7Service.ts(249,42): error TS1135: Argument expression expected.
sveltekit-frontend/src/lib/services/enhancedContext7Service.ts(249,59): error TS1005: ',' expected.
sveltekit-frontend/src/lib/services/enhancedContext7Service.ts(249,69): error TS1005: ';' expected.
sveltekit-frontend/src/lib/services/enhancedContext7Service.ts(249,71): error TS1434: Unexpected keyword or identifier.
sveltekit-frontend/src/lib/services/enhancedContext7Service.ts(251,77): error TS1005: ')' expected.
sveltekit-frontend/src/lib/services/enhancedContext7Service.ts(265,3): error TS1128: Declaration or statement expected.
sveltekit-frontend/src/lib/services/enhancedContext7Service.ts(265,41): error TS1135: Argument expression expected.
sveltekit-frontend/src/lib/services/enhancedContext7Service.ts(265,47): error TS1005: ';' expected.
sveltekit-frontend/src/lib/services/enhancedContext7Service.ts(265,64): error TS1109: Expression expected.
sveltekit-frontend/src/lib/services/enhancedContext7Service.ts(265,65): error TS1109: Expression expected.
sveltekit-frontend/src/lib/services/enhancedContext7Service.ts(265,67): error TS1005: ';' expected.
sveltekit-frontend/src/lib/services/enhancedContext7Service.ts(271,55): error TS1005: ',' expected.
sveltekit-frontend/src/lib/services/enhancedContext7Service.ts(278,8): error TS1005: ';' expected.
sveltekit-frontend/src/lib/services/enhancedContext7Service.ts(279,6): error TS1128: Declaration or statement expected.
sveltekit-frontend/src/lib/services/enhancedContext7Service.ts(280,3): error TS1128: Declaration or statement expected.
sveltekit-frontend/src/lib/services/enhancedContext7Service.ts(284,3): error TS1128: Declaration or statement expected.
sveltekit-frontend/src/lib/services/enhancedContext7Service.ts(284,39): error TS1135: Argument expression expected.
sveltekit-frontend/src/lib/services/enhancedContext7Service.ts(284,45): error TS1005: ';' expected.
sveltekit-frontend/src/lib/services/enhancedContext7Service.ts(284,47): error TS1434: Unexpected keyword or identifier.
sveltekit-frontend/src/lib/services/enhancedContext7Service.ts(298,3): error TS1128: Declaration or statement expected.
sveltekit-frontend/src/lib/services/enhancedContext7Service.ts(298,29): error TS1135: Argument expression expected.
sveltekit-frontend/src/lib/services/enhancedContext7Service.ts(298,43): error TS1005: ',' expected.
sveltekit-frontend/src/lib/services/enhancedContext7Service.ts(298,66): error TS1005: ',' expected.
sveltekit-frontend/src/lib/services/enhancedContext7Service.ts(298,76): error TS1005: ';' expected.
sveltekit-frontend/src/lib/services/enhancedContext7Service.ts(298,78): error TS1434: Unexpected keyword or identifier.
sveltekit-frontend/src/lib/services/enhancedContext7Service.ts(306,3): error TS1128: Declaration or statement expected.
sveltekit-frontend/src/lib/services/enhancedContext7Service.ts(306,28): error TS1135: Argument expression expected.
sveltekit-frontend/src/lib/services/enhancedContext7Service.ts(306,50): error TS1005: ',' expected.
sveltekit-frontend/src/lib/services/enhancedContext7Service.ts(306,60): error TS1005: ';' expected.
sveltekit-frontend/src/lib/services/enhancedContext7Service.ts(306,72): error TS1005: ';' expected.
sveltekit-frontend/src/lib/services/enhancedContext7Service.ts(311,112): error TS1005: ')' expected.
sveltekit-frontend/src/lib/services/enhancedContext7Service.ts(316,3): error TS1128: Declaration or statement expected.
sveltekit-frontend/src/lib/services/enhancedContext7Service.ts(316,34): error TS1135: Argument expression expected.
sveltekit-frontend/src/lib/services/enhancedContext7Service.ts(316,55): error TS1005: ',' expected.
sveltekit-frontend/src/lib/services/enhancedContext7Service.ts(316,65): error TS1005: ';' expected.
sveltekit-frontend/src/lib/services/enhancedContext7Service.ts(316,77): error TS1005: ';' expected.
sveltekit-frontend/src/lib/services/enhancedContext7Service.ts(322,7): error TS1128: Declaration or statement expected.
sveltekit-frontend/src/lib/services/enhancedContext7Service.ts(323,169): error TS1005: ')' expected.
sveltekit-frontend/src/lib/services/enhancedContext7Service.ts(328,3): error TS1128: Declaration or statement expected.
sveltekit-frontend/src/lib/services/enhancedContext7Service.ts(328,46): error TS1135: Argument expression expected.
sveltekit-frontend/src/lib/services/enhancedContext7Service.ts(329,11): error TS1005: ':' expected.
sveltekit-frontend/src/lib/services/enhancedContext7Service.ts(329,74): error TS1005: ',' expected.
sveltekit-frontend/src/lib/services/enhancedContext7Service.ts(330,11): error TS1005: ':' expected.
sveltekit-frontend/src/lib/services/enhancedContext7Service.ts(330,45): error TS1005: ',' expected.
sveltekit-frontend/src/lib/services/enhancedContext7Service.ts(331,12): error TS1005: ':' expected.
sveltekit-frontend/src/lib/services/enhancedContext7Service.ts(349,3): error TS1128: Declaration or statement expected.
sveltekit-frontend/src/lib/services/enhancedContext7Service.ts(349,41): error TS1135: Argument expression expected.
sveltekit-frontend/src/lib/services/enhancedContext7Service.ts(350,11): error TS1005: ':' expected.
sveltekit-frontend/src/lib/services/enhancedContext7Service.ts(350,58): error TS1005: ',' expected.
sveltekit-frontend/src/lib/services/enhancedContext7Service.ts(351,12): error TS1005: ':' expected.
sveltekit-frontend/src/lib/services/enhancedContext7Service.ts(359,3): error TS1128: Declaration or statement expected.
sveltekit-frontend/src/lib/services/enhancedContext7Service.ts(359,40): error TS1135: Argument expression expected.
sveltekit-frontend/src/lib/services/enhancedContext7Service.ts(360,12): error TS1005: ':' expected.
sveltekit-frontend/src/lib/services/enhancedContext7Service.ts(368,3): error TS1128: Declaration or statement expected.
sveltekit-frontend/src/lib/services/enhancedContext7Service.ts(368,38): error TS1135: Argument expression expected.
sveltekit-frontend/src/lib/services/enhancedContext7Service.ts(369,12): error TS1005: ':' expected.
sveltekit-frontend/src/lib/services/enhancedContext7Service.ts(382,1): error TS1128: Declaration or statement expected.
sveltekit-frontend/src/lib/services/enterprise-vector-search.ts(421,13): error TS1109: Expression expected.
sveltekit-frontend/src/lib/services/enterprise-vector-search.ts(424,40): error TS1134: Variable declaration expected.
sveltekit-frontend/src/lib/services/enterprise-vector-search.ts(440,71): error TS1109: Expression expected.
sveltekit-frontend/src/lib/services/enterprise-vector-search.ts(460,41): error TS1005: ';' expected.
sveltekit-frontend/src/lib/services/enterprise-vector-search.ts(460,55): error TS1128: Declaration or statement expected.
sveltekit-frontend/src/lib/services/enterprise-vector-search.ts(460,56): error TS1128: Declaration or statement expected.
sveltekit-frontend/src/lib/services/enterprise-vector-search.ts(468,9): error TS1005: ',' expected.
sveltekit-frontend/src/lib/services/enterprise-vector-search.ts(468,44): error TS1005: ',' expected.
sveltekit-frontend/src/lib/services/enterprise-vector-search.ts(476,5): error TS1005: ',' expected.
sveltekit-frontend/src/lib/services/enterprise-vector-search.ts(476,11): error TS1005: ':' expected.
sveltekit-frontend/src/lib/services/enterprise-vector-search.ts(476,51): error TS1005: ',' expected.
sveltekit-frontend/src/lib/services/enterprise-vector-search.ts(477,11): error TS1005: ':' expected.
sveltekit-frontend/src/lib/services/enterprise-vector-search.ts(477,48): error TS1109: Expression expected.
sveltekit-frontend/src/lib/services/enterprise-vector-search.ts(478,25): error TS1003: Identifier expected.
sveltekit-frontend/src/lib/services/enterprise-vector-search.ts(478,87): error TS1136: Property assignment expected.
sveltekit-frontend/src/lib/services/enterprise-vector-search.ts(478,88): error TS1136: Property assignment expected.
sveltekit-frontend/src/lib/services/enterprise-vector-search.ts(478,91): error TS1005: ':' expected.
sveltekit-frontend/src/lib/services/enterprise-vector-search.ts(479,11): error TS1005: ':' expected.
sveltekit-frontend/src/lib/services/enterprise-vector-search.ts(479,68): error TS1005: ',' expected.
sveltekit-frontend/src/lib/services/enterprise-vector-search.ts(480,11): error TS1005: ':' expected.
sveltekit-frontend/src/lib/services/enterprise-vector-search.ts(480,71): error TS1109: Expression expected.
sveltekit-frontend/src/lib/services/enterprise-vector-search.ts(480,74): error TS1005: ':' expected.
sveltekit-frontend/src/lib/services/enterprise-vector-search.ts(482,11): error TS1005: ':' expected.
sveltekit-frontend/src/lib/services/enterprise-vector-search.ts(482,49): error TS1005: ',' expected.
sveltekit-frontend/src/lib/services/enterprise-vector-search.ts(483,23): error TS1003: Identifier expected.
sveltekit-frontend/src/lib/services/enterprise-vector-search.ts(485,7): error TS1005: ',' expected.
sveltekit-frontend/src/lib/services/enterprise-vector-search.ts(486,11): error TS1005: ':' expected.
sveltekit-frontend/src/lib/services/enterprise-vector-search.ts(486,59): error TS1005: ')' expected.
sveltekit-frontend/src/lib/services/enterprise-vector-search.ts(487,7): error TS1003: Identifier expected.
sveltekit-frontend/src/lib/services/enterprise-vector-search.ts(489,20): error TS1005: ')' expected.
sveltekit-frontend/src/lib/services/enterprise-vector-search.ts(490,12): error TS1005: ':' expected.
sveltekit-frontend/src/lib/services/enterprise-vector-search.ts(504,3): error TS1434: Unexpected keyword or identifier.
sveltekit-frontend/src/lib/services/enterprise-vector-search.ts(504,22): error TS1005: ';' expected.
sveltekit-frontend/src/lib/services/enterprise-vector-search.ts(505,11): error TS1005: ':' expected.
sveltekit-frontend/src/lib/services/enterprise-vector-search.ts(505,29): error TS1109: Expression expected.
sveltekit-frontend/src/lib/services/enterprise-vector-search.ts(505,30): error TS1005: ':' expected.
sveltekit-frontend/src/lib/services/enterprise-vector-search.ts(505,32): error TS1136: Property assignment expected.
sveltekit-frontend/src/lib/services/enterprise-vector-search.ts(505,35): error TS1109: Expression expected.
sveltekit-frontend/src/lib/services/enterprise-vector-search.ts(505,36): error TS1005: ':' expected.
sveltekit-frontend/src/lib/services/enterprise-vector-search.ts(507,13): error TS1005: ',' expected.
sveltekit-frontend/src/lib/services/enterprise-vector-search.ts(507,52): error TS1005: ',' expected.
sveltekit-frontend/src/lib/services/enterprise-vector-search.ts(507,54): error TS1136: Property assignment expected.
sveltekit-frontend/src/lib/services/enterprise-vector-search.ts(514,65): error TS1109: Expression expected.
sveltekit-frontend/src/lib/services/enterprise-vector-search.ts(535,3): error TS1128: Declaration or statement expected.
sveltekit-frontend/src/lib/services/enterprise-vector-search.ts(535,11): error TS1434: Unexpected keyword or identifier.
sveltekit-frontend/src/lib/services/enterprise-vector-search.ts(535,45): error TS1005: ',' expected.
sveltekit-frontend/src/lib/services/enterprise-vector-search.ts(535,54): error TS1005: ';' expected.
sveltekit-frontend/src/lib/services/enterprise-vector-search.ts(535,71): error TS1011: An element access expression should take an argument.
sveltekit-frontend/src/lib/services/enterprise-vector-search.ts(536,9): error TS1005: ':' expected.
sveltekit-frontend/src/lib/services/enterprise-vector-search.ts(538,13): error TS1005: ':' expected.
sveltekit-frontend/src/lib/services/enterprise-vector-search.ts(540,23): error TS1005: ',' expected.
sveltekit-frontend/src/lib/services/enterprise-vector-search.ts(543,7): error TS1005: ',' expected.
sveltekit-frontend/src/lib/services/enterprise-vector-search.ts(543,13): error TS1005: ':' expected.
sveltekit-frontend/src/lib/services/enterprise-vector-search.ts(543,73): error TS1005: ',' expected.
sveltekit-frontend/src/lib/services/enterprise-vector-search.ts(544,14): error TS1005: ':' expected.
sveltekit-frontend/src/lib/services/enterprise-vector-search.ts(544,33): error TS1005: ',' expected.
sveltekit-frontend/src/lib/services/enterprise-vector-search.ts(545,7): error TS1005: ',' expected.
sveltekit-frontend/src/lib/services/enterprise-vector-search.ts(550,3): error TS1128: Declaration or statement expected.
sveltekit-frontend/src/lib/services/enterprise-vector-search.ts(550,11): error TS1434: Unexpected keyword or identifier.
sveltekit-frontend/src/lib/services/enterprise-vector-search.ts(550,46): error TS1005: ',' expected.
sveltekit-frontend/src/lib/services/enterprise-vector-search.ts(550,55): error TS1011: An element access expression should take an argument.
sveltekit-frontend/src/lib/services/enterprise-vector-search.ts(550,64): error TS1005: ',' expected.
sveltekit-frontend/src/lib/services/enterprise-vector-search.ts(550,85): error TS1005: ';' expected.
sveltekit-frontend/src/lib/services/enterprise-vector-search.ts(550,114): error TS1011: An element access expression should take an argument.
sveltekit-frontend/src/lib/services/enterprise-vector-search.ts(553,11): error TS1005: ':' expected.
sveltekit-frontend/src/lib/services/enterprise-vector-search.ts(553,46): error TS1005: ':' expected.
sveltekit-frontend/src/lib/services/enterprise-vector-search.ts(554,11): error TS1005: ':' expected.
sveltekit-frontend/src/lib/services/enterprise-vector-search.ts(554,65): error TS1005: ':' expected.
sveltekit-frontend/src/lib/services/enterprise-vector-search.ts(556,11): error TS1005: ':' expected.
sveltekit-frontend/src/lib/services/enterprise-vector-search.ts(556,46): error TS1109: Expression expected.
sveltekit-frontend/src/lib/services/enterprise-vector-search.ts(556,47): error TS1005: ':' expected.
sveltekit-frontend/src/lib/services/enterprise-vector-search.ts(556,49): error TS1136: Property assignment expected.
sveltekit-frontend/src/lib/services/enterprise-vector-search.ts(556,52): error TS1109: Expression expected.
sveltekit-frontend/src/lib/services/enterprise-vector-search.ts(556,53): error TS1005: ':' expected.
sveltekit-frontend/src/lib/services/enterprise-vector-search.ts(557,14): error TS1005: ',' expected.
sveltekit-frontend/src/lib/services/enterprise-vector-search.ts(557,19): error TS1005: ',' expected.
sveltekit-frontend/src/lib/services/enterprise-vector-search.ts(557,23): error TS1005: ',' expected.
sveltekit-frontend/src/lib/services/enterprise-vector-search.ts(557,30): error TS1005: ',' expected.
sveltekit-frontend/src/lib/services/enterprise-vector-search.ts(557,45): error TS1005: ',' expected.
sveltekit-frontend/src/lib/services/enterprise-vector-search.ts(557,48): error TS1005: ',' expected.
sveltekit-frontend/src/lib/services/enterprise-vector-search.ts(557,50): error TS1005: ';' expected.
sveltekit-frontend/src/lib/services/enterprise-vector-search.ts(557,53): error TS1109: Expression expected.
sveltekit-frontend/src/lib/services/enterprise-vector-search.ts(558,7): error TS1109: Expression expected.
sveltekit-frontend/src/lib/services/enterprise-vector-search.ts(580,3): error TS1128: Declaration or statement expected.
sveltekit-frontend/src/lib/services/enterprise-vector-search.ts(580,11): error TS1434: Unexpected keyword or identifier.
sveltekit-frontend/src/lib/services/enterprise-vector-search.ts(580,47): error TS1005: ',' expected.
sveltekit-frontend/src/lib/services/enterprise-vector-search.ts(580,63): error TS1005: ',' expected.
sveltekit-frontend/src/lib/services/enterprise-vector-search.ts(580,84): error TS1005: ';' expected.
sveltekit-frontend/src/lib/services/enterprise-vector-search.ts(580,113): error TS1011: An element access expression should take an argument.
sveltekit-frontend/src/lib/services/enterprise-vector-search.ts(582,11): error TS1005: ':' expected.
sveltekit-frontend/src/lib/services/enterprise-vector-search.ts(582,58): error TS1005: ',' expected.
sveltekit-frontend/src/lib/services/enterprise-vector-search.ts(584,12): error TS1005: ':' expected.
sveltekit-frontend/src/lib/services/enterprise-vector-search.ts(601,7): error TS1005: ',' expected.
sveltekit-frontend/src/lib/services/enterprise-vector-search.ts(603,3): error TS1128: Declaration or statement expected.
sveltekit-frontend/src/lib/services/enterprise-vector-search.ts(603,11): error TS1434: Unexpected keyword or identifier.
sveltekit-frontend/src/lib/services/enterprise-vector-search.ts(604,39): error TS1011: An element access expression should take an argument.
sveltekit-frontend/src/lib/services/enterprise-vector-search.ts(605,40): error TS1011: An element access expression should take an argument.
sveltekit-frontend/src/lib/services/enterprise-vector-search.ts(607,3): error TS1128: Declaration or statement expected.
sveltekit-frontend/src/lib/services/enterprise-vector-search.ts(607,4): error TS1128: Declaration or statement expected.
sveltekit-frontend/src/lib/services/enterprise-vector-search.ts(607,33): error TS1011: An element access expression should take an argument.
sveltekit-frontend/src/lib/services/enterprise-vector-search.ts(608,11): error TS1005: ':' expected.
sveltekit-frontend/src/lib/services/enterprise-vector-search.ts(616,5): error TS1005: ',' expected.
sveltekit-frontend/src/lib/services/enterprise-vector-search.ts(616,11): error TS1005: ':' expected.
sveltekit-frontend/src/lib/services/enterprise-vector-search.ts(616,61): error TS1005: ',' expected.
sveltekit-frontend/src/lib/services/enterprise-vector-search.ts(618,19): error TS1003: Identifier expected.
sveltekit-frontend/src/lib/services/enterprise-vector-search.ts(619,134): error TS1005: ';' expected.
sveltekit-frontend/src/lib/services/enterprise-vector-search.ts(619,135): error TS1005: ')' expected.
sveltekit-frontend/src/lib/services/enterprise-vector-search.ts(619,146): error TS1109: Expression expected.
sveltekit-frontend/src/lib/services/enterprise-vector-search.ts(619,175): error TS1005: ',' expected.
sveltekit-frontend/src/lib/services/enterprise-vector-search.ts(619,176): error TS1136: Property assignment expected.
sveltekit-frontend/src/lib/services/enterprise-vector-search.ts(620,6): error TS1005: ';' expected.
sveltekit-frontend/src/lib/services/enterprise-vector-search.ts(630,9): error TS1128: Declaration or statement expected.
sveltekit-frontend/src/lib/services/enterprise-vector-search.ts(631,7): error TS1128: Declaration or statement expected.
sveltekit-frontend/src/lib/services/enterprise-vector-search.ts(631,9): error TS1128: Declaration or statement expected.
sveltekit-frontend/src/lib/services/enterprise-vector-search.ts(634,5): error TS1128: Declaration or statement expected.
sveltekit-frontend/src/lib/services/enterprise-vector-search.ts(634,6): error TS1128: Declaration or statement expected.
sveltekit-frontend/src/lib/services/enterprise-vector-search.ts(637,119): error TS1005: ';' expected.
sveltekit-frontend/src/lib/services/enterprise-vector-search.ts(637,131): error TS1109: Expression expected.
sveltekit-frontend/src/lib/services/enterprise-vector-search.ts(638,121): error TS1005: ';' expected.
sveltekit-frontend/src/lib/services/enterprise-vector-search.ts(638,122): error TS1005: ')' expected.
sveltekit-frontend/src/lib/services/enterprise-vector-search.ts(638,133): error TS1109: Expression expected.
sveltekit-frontend/src/lib/services/enterprise-vector-search.ts(638,139): error TS1128: Declaration or statement expected.
sveltekit-frontend/src/lib/services/enterprise-vector-search.ts(638,140): error TS1128: Declaration or statement expected.
sveltekit-frontend/src/lib/services/enterprise-vector-search.ts(638,141): error TS1128: Declaration or statement expected.
sveltekit-frontend/src/lib/services/enterprise-vector-search.ts(640,7): error TS1128: Declaration or statement expected.
sveltekit-frontend/src/lib/services/enterprise-vector-search.ts(643,5): error TS1128: Declaration or statement expected.
sveltekit-frontend/src/lib/services/enterprise-vector-search.ts(643,6): error TS1128: Declaration or statement expected.
sveltekit-frontend/src/lib/services/enterprise-vector-search.ts(645,3): error TS1128: Declaration or statement expected.
sveltekit-frontend/src/lib/services/enterprise-vector-search.ts(646,3): error TS1128: Declaration or statement expected.
sveltekit-frontend/src/lib/services/enterprise-vector-search.ts(646,41): error TS1005: ',' expected.
sveltekit-frontend/src/lib/services/enterprise-vector-search.ts(646,89): error TS1005: ',' expected.
sveltekit-frontend/src/lib/services/enterprise-vector-search.ts(646,96): error TS1005: ';' expected.
sveltekit-frontend/src/lib/services/enterprise-vector-search.ts(646,98): error TS1434: Unexpected keyword or identifier.
sveltekit-frontend/src/lib/services/enterprise-vector-search.ts(655,3): error TS1128: Declaration or statement expected.
sveltekit-frontend/src/lib/services/enterprise-vector-search.ts(655,11): error TS1434: Unexpected keyword or identifier.
sveltekit-frontend/src/lib/services/enterprise-vector-search.ts(655,37): error TS1005: ',' expected.
sveltekit-frontend/src/lib/services/enterprise-vector-search.ts(655,58): error TS1011: An element access expression should take an argument.
sveltekit-frontend/src/lib/services/enterprise-vector-search.ts(655,69): error TS1109: Expression expected.
sveltekit-frontend/src/lib/services/enterprise-vector-search.ts(655,100): error TS1005: ';' expected.
sveltekit-frontend/src/lib/services/enterprise-vector-search.ts(655,129): error TS1011: An element access expression should take an argument.
sveltekit-frontend/src/lib/services/enterprise-vector-search.ts(656,9): error TS1003: Identifier expected.
sveltekit-frontend/src/lib/services/enterprise-vector-search.ts(656,18): error TS1005: '{' expected.
sveltekit-frontend/src/lib/services/enterprise-vector-search.ts(656,27): error TS1005: ':' expected.
sveltekit-frontend/src/lib/services/enterprise-vector-search.ts(656,35): error TS1005: ',' expected.
sveltekit-frontend/src/lib/services/enterprise-vector-search.ts(657,12): error TS1005: ':' expected.
sveltekit-frontend/src/lib/services/enterprise-vector-search.ts(660,157): error TS1005: ';' expected.
sveltekit-frontend/src/lib/services/enterprise-vector-search.ts(660,158): error TS1005: ')' expected.
sveltekit-frontend/src/lib/services/enterprise-vector-search.ts(660,169): error TS1109: Expression expected.
sveltekit-frontend/src/lib/services/enterprise-vector-search.ts(660,176): error TS1128: Declaration or statement expected.
sveltekit-frontend/src/lib/services/enterprise-vector-search.ts(660,198): error TS1005: ',' expected.
sveltekit-frontend/src/lib/services/enterprise-vector-search.ts(660,199): error TS1136: Property assignment expected.
sveltekit-frontend/src/lib/services/enterprise-vector-search.ts(660,201): error TS1136: Property assignment expected.
sveltekit-frontend/src/lib/services/enterprise-vector-search.ts(663,7): error TS1128: Declaration or statement expected.
sveltekit-frontend/src/lib/services/enterprise-vector-search.ts(665,209): error TS1109: Expression expected.
sveltekit-frontend/src/lib/services/enterprise-vector-search.ts(666,9): error TS1109: Expression expected.
sveltekit-frontend/src/lib/services/enterprise-vector-search.ts(670,5): error TS1128: Declaration or statement expected.
sveltekit-frontend/src/lib/services/enterprise-vector-search.ts(670,6): error TS1128: Declaration or statement expected.
sveltekit-frontend/src/lib/services/enterprise-vector-search.ts(671,3): error TS1128: Declaration or statement expected.
sveltekit-frontend/src/lib/services/enterprise-vector-search.ts(672,3): error TS1128: Declaration or statement expected.
sveltekit-frontend/src/lib/services/enterprise-vector-search.ts(672,11): error TS1434: Unexpected keyword or identifier.
sveltekit-frontend/src/lib/services/enterprise-vector-search.ts(672,41): error TS1005: ',' expected.
sveltekit-frontend/src/lib/services/enterprise-vector-search.ts(672,62): error TS1011: An element access expression should take an argument.
sveltekit-frontend/src/lib/services/enterprise-vector-search.ts(672,71): error TS1005: ',' expected.
sveltekit-frontend/src/lib/services/enterprise-vector-search.ts(672,81): error TS1005: ';' expected.
sveltekit-frontend/src/lib/services/enterprise-vector-search.ts(672,110): error TS1011: An element access expression should take an argument.
sveltekit-frontend/src/lib/services/enterprise-vector-search.ts(673,12): error TS1005: ':' expected.
sveltekit-frontend/src/lib/services/enterprise-vector-search.ts(674,135): error TS1005: ';' expected.
sveltekit-frontend/src/lib/services/enterprise-vector-search.ts(674,147): error TS1109: Expression expected.
sveltekit-frontend/src/lib/services/enterprise-vector-search.ts(674,173): error TS1005: ',' expected.
sveltekit-frontend/src/lib/services/enterprise-vector-search.ts(675,13): error TS1005: ':' expected.
sveltekit-frontend/src/lib/services/enterprise-vector-search.ts(675,45): error TS1005: ',' expected.
sveltekit-frontend/src/lib/services/enterprise-vector-search.ts(677,13): error TS1005: ':' expected.
sveltekit-frontend/src/lib/services/enterprise-vector-search.ts(677,77): error TS1005: ':' expected.
sveltekit-frontend/src/lib/services/enterprise-vector-search.ts(677,78): error TS1136: Property assignment expected.
sveltekit-frontend/src/lib/services/enterprise-vector-search.ts(678,13): error TS1005: ':' expected.
sveltekit-frontend/src/lib/services/enterprise-vector-search.ts(678,84): error TS1005: ',' expected.
sveltekit-frontend/src/lib/services/enterprise-vector-search.ts(679,7): error TS1136: Property assignment expected.
sveltekit-frontend/src/lib/services/enterprise-vector-search.ts(679,8): error TS1003: Identifier expected.
sveltekit-frontend/src/lib/services/enterprise-vector-search.ts(679,20): error TS1005: ',' expected.
sveltekit-frontend/src/lib/services/enterprise-vector-search.ts(680,7): error TS1136: Property assignment expected.
sveltekit-frontend/src/lib/services/enterprise-vector-search.ts(680,149): error TS1109: Expression expected.
sveltekit-frontend/src/lib/services/enterprise-vector-search.ts(687,9): error TS1005: ')' expected.
sveltekit-frontend/src/lib/services/enterprise-vector-search.ts(689,5): error TS1128: Declaration or statement expected.
sveltekit-frontend/src/lib/services/enterprise-vector-search.ts(689,6): error TS1128: Declaration or statement expected.
sveltekit-frontend/src/lib/services/enterprise-vector-search.ts(690,3): error TS1128: Declaration or statement expected.
sveltekit-frontend/src/lib/services/enterprise-vector-search.ts(691,3): error TS1128: Declaration or statement expected.
sveltekit-frontend/src/lib/services/enterprise-vector-search.ts(691,30): error TS1005: ',' expected.
sveltekit-frontend/src/lib/services/enterprise-vector-search.ts(691,46): error TS1005: ',' expected.
sveltekit-frontend/src/lib/services/enterprise-vector-search.ts(691,56): error TS1005: ';' expected.
sveltekit-frontend/src/lib/services/enterprise-vector-search.ts(691,58): error TS1434: Unexpected keyword or identifier.
sveltekit-frontend/src/lib/services/enterprise-vector-search.ts(695,3): error TS1128: Declaration or statement expected.
sveltekit-frontend/src/lib/services/enterprise-vector-search.ts(695,34): error TS1005: ',' expected.
sveltekit-frontend/src/lib/services/enterprise-vector-search.ts(695,55): error TS1011: An element access expression should take an argument.
sveltekit-frontend/src/lib/services/enterprise-vector-search.ts(695,66): error TS1109: Expression expected.
sveltekit-frontend/src/lib/services/enterprise-vector-search.ts(695,97): error TS1005: ';' expected.
sveltekit-frontend/src/lib/services/enterprise-vector-search.ts(695,118): error TS1011: An element access expression should take an argument.
sveltekit-frontend/src/lib/services/enterprise-vector-search.ts(695,120): error TS1005: ';' expected.
sveltekit-frontend/src/lib/services/enterprise-vector-search.ts(701,3): error TS1128: Declaration or statement expected.
sveltekit-frontend/src/lib/services/enterprise-vector-search.ts(701,33): error TS1005: ',' expected.
sveltekit-frontend/src/lib/services/enterprise-vector-search.ts(701,53): error TS1005: ';' expected.
sveltekit-frontend/src/lib/services/enterprise-vector-search.ts(701,55): error TS1434: Unexpected keyword or identifier.
sveltekit-frontend/src/lib/services/enterprise-vector-search.ts(709,3): error TS1128: Declaration or statement expected.
sveltekit-frontend/src/lib/services/enterprise-vector-search.ts(709,11): error TS1434: Unexpected keyword or identifier.
sveltekit-frontend/src/lib/services/enterprise-vector-search.ts(709,40): error TS1005: ',' expected.
sveltekit-frontend/src/lib/services/enterprise-vector-search.ts(709,46): error TS1005: ';' expected.
sveltekit-frontend/src/lib/services/enterprise-vector-search.ts(709,60): error TS1109: Expression expected.
sveltekit-frontend/src/lib/services/enterprise-vector-search.ts(711,13): error TS1003: Identifier expected.
sveltekit-frontend/src/lib/services/enterprise-vector-search.ts(711,61): error TS1005: ',' expected.
sveltekit-frontend/src/lib/services/enterprise-vector-search.ts(713,11): error TS1005: ',' expected.
sveltekit-frontend/src/lib/services/enterprise-vector-search.ts(713,14): error TS1005: ':' expected.
sveltekit-frontend/src/lib/services/enterprise-vector-search.ts(713,32): error TS1005: ',' expected.
sveltekit-frontend/src/lib/services/enterprise-vector-search.ts(713,45): error TS1005: ',' expected.
sveltekit-frontend/src/lib/services/enterprise-vector-search.ts(714,3): error TS1128: Declaration or statement expected.
sveltekit-frontend/src/lib/services/enterprise-vector-search.ts(715,3): error TS1128: Declaration or statement expected.
sveltekit-frontend/src/lib/services/enterprise-vector-search.ts(715,11): error TS1434: Unexpected keyword or identifier.
sveltekit-frontend/src/lib/services/enterprise-vector-search.ts(715,42): error TS1005: ',' expected.
sveltekit-frontend/src/lib/services/enterprise-vector-search.ts(715,51): error TS1005: ';' expected.
sveltekit-frontend/src/lib/services/enterprise-vector-search.ts(717,12): error TS1005: ':' expected.
sveltekit-frontend/src/lib/services/enterprise-vector-search.ts(717,18): error TS1005: ',' expected.
sveltekit-frontend/src/lib/services/enterprise-vector-search.ts(719,3): error TS1128: Declaration or statement expected.
sveltekit-frontend/src/lib/services/enterprise-vector-search.ts(719,42): error TS1005: ',' expected.
sveltekit-frontend/src/lib/services/enterprise-vector-search.ts(719,58): error TS1005: ';' expected.
sveltekit-frontend/src/lib/services/enterprise-vector-search.ts(719,60): error TS1434: Unexpected keyword or identifier.
sveltekit-frontend/src/lib/services/enterprise-vector-search.ts(723,43): error TS1109: Expression expected.
sveltekit-frontend/src/lib/services/enterprise-vector-search.ts(724,7): error TS1109: Expression expected.
sveltekit-frontend/src/lib/services/enterprise-vector-search.ts(726,13): error TS1109: Expression expected.
sveltekit-frontend/src/lib/services/enterprise-vector-search.ts(730,3): error TS1128: Declaration or statement expected.
sveltekit-frontend/src/lib/services/enterprise-vector-search.ts(730,34): error TS1005: ',' expected.
sveltekit-frontend/src/lib/services/enterprise-vector-search.ts(730,43): error TS1005: ';' expected.
sveltekit-frontend/src/lib/services/enterprise-vector-search.ts(730,52): error TS1011: An element access expression should take an argument.
sveltekit-frontend/src/lib/services/enterprise-vector-search.ts(730,54): error TS1005: ';' expected.
sveltekit-frontend/src/lib/services/enterprise-vector-search.ts(737,42): error TS1005: ')' expected.
sveltekit-frontend/src/lib/services/enterprise-vector-search.ts(738,7): error TS1128: Declaration or statement expected.
sveltekit-frontend/src/lib/services/enterprise-vector-search.ts(742,3): error TS1128: Declaration or statement expected.
sveltekit-frontend/src/lib/services/enterprise-vector-search.ts(742,36): error TS1005: ',' expected.
sveltekit-frontend/src/lib/services/enterprise-vector-search.ts(742,55): error TS1005: ';' expected.
sveltekit-frontend/src/lib/services/enterprise-vector-search.ts(742,57): error TS1434: Unexpected keyword or identifier.
sveltekit-frontend/src/lib/services/enterprise-vector-search.ts(749,3): error TS1128: Declaration or statement expected.
sveltekit-frontend/src/lib/services/enterprise-vector-search.ts(749,41): error TS1005: ',' expected.
sveltekit-frontend/src/lib/services/enterprise-vector-search.ts(749,57): error TS1005: ';' expected.
sveltekit-frontend/src/lib/services/enterprise-vector-search.ts(749,59): error TS1434: Unexpected keyword or identifier.
sveltekit-frontend/src/lib/services/enterprise-vector-search.ts(760,3): error TS1128: Declaration or statement expected.
sveltekit-frontend/src/lib/services/enterprise-vector-search.ts(760,39): error TS1005: ',' expected.
sveltekit-frontend/src/lib/services/enterprise-vector-search.ts(760,55): error TS1005: ';' expected.
sveltekit-frontend/src/lib/services/enterprise-vector-search.ts(760,57): error TS1434: Unexpected keyword or identifier.
sveltekit-frontend/src/lib/services/enterprise-vector-search.ts(762,87): error TS1109: Expression expected.
sveltekit-frontend/src/lib/services/enterprise-vector-search.ts(764,83): error TS1109: Expression expected.
sveltekit-frontend/src/lib/services/enterprise-vector-search.ts(768,3): error TS1128: Declaration or statement expected.
sveltekit-frontend/src/lib/services/enterprise-vector-search.ts(768,35): error TS1005: ',' expected.
sveltekit-frontend/src/lib/services/enterprise-vector-search.ts(768,44): error TS1005: ';' expected.
sveltekit-frontend/src/lib/services/enterprise-vector-search.ts(768,53): error TS1011: An element access expression should take an argument.
sveltekit-frontend/src/lib/services/enterprise-vector-search.ts(768,55): error TS1005: ';' expected.
sveltekit-frontend/src/lib/services/enterprise-vector-search.ts(773,3): error TS1128: Declaration or statement expected.
sveltekit-frontend/src/lib/services/enterprise-vector-search.ts(773,45): error TS1005: ',' expected.
sveltekit-frontend/src/lib/services/enterprise-vector-search.ts(773,75): error TS1005: ',' expected.
sveltekit-frontend/src/lib/services/enterprise-vector-search.ts(773,85): error TS1005: ';' expected.
sveltekit-frontend/src/lib/services/enterprise-vector-search.ts(774,9): error TS1005: ':' expected.
sveltekit-frontend/src/lib/services/enterprise-vector-search.ts(774,52): error TS1005: ',' expected.
sveltekit-frontend/src/lib/services/enterprise-vector-search.ts(775,9): error TS1005: ':' expected.
sveltekit-frontend/src/lib/services/enterprise-vector-search.ts(775,53): error TS1005: ',' expected.
sveltekit-frontend/src/lib/services/enterprise-vector-search.ts(776,9): error TS1005: ':' expected.
sveltekit-frontend/src/lib/services/enterprise-vector-search.ts(776,49): error TS1005: ',' expected.
sveltekit-frontend/src/lib/services/enterprise-vector-search.ts(777,9): error TS1005: ':' expected.
sveltekit-frontend/src/lib/services/enterprise-vector-search.ts(777,66): error TS1005: ',' expected.
sveltekit-frontend/src/lib/services/enterprise-vector-search.ts(778,9): error TS1005: ':' expected.
sveltekit-frontend/src/lib/services/enterprise-vector-search.ts(778,70): error TS1109: Expression expected.
sveltekit-frontend/src/lib/services/enterprise-vector-search.ts(778,73): error TS1005: ':' expected.
sveltekit-frontend/src/lib/services/enterprise-vector-search.ts(780,3): error TS1128: Declaration or statement expected.
sveltekit-frontend/src/lib/services/enterprise-vector-search.ts(780,45): error TS1005: ',' expected.
sveltekit-frontend/src/lib/services/enterprise-vector-search.ts(780,64): error TS1005: ',' expected.
sveltekit-frontend/src/lib/services/enterprise-vector-search.ts(780,75): error TS1005: ';' expected.
sveltekit-frontend/src/lib/services/enterprise-vector-search.ts(781,11): error TS1005: ':' expected.
sveltekit-frontend/src/lib/services/enterprise-vector-search.ts(781,56): error TS1005: ',' expected.
sveltekit-frontend/src/lib/services/enterprise-vector-search.ts(783,13): error TS1003: Identifier expected.
sveltekit-frontend/src/lib/services/enterprise-vector-search.ts(783,77): error TS1005: ',' expected.
sveltekit-frontend/src/lib/services/enterprise-vector-search.ts(785,11): error TS1005: ':' expected.
sveltekit-frontend/src/lib/services/enterprise-vector-search.ts(785,36): error TS1109: Expression expected.
sveltekit-frontend/src/lib/services/enterprise-vector-search.ts(785,39): error TS1005: ':' expected.
sveltekit-frontend/src/lib/services/enterprise-vector-search.ts(786,13): error TS1003: Identifier expected.
sveltekit-frontend/src/lib/services/enterprise-vector-search.ts(786,76): error TS1005: ',' expected.
sveltekit-frontend/src/lib/services/enterprise-vector-search.ts(788,3): error TS1128: Declaration or statement expected.
sveltekit-frontend/src/lib/services/enterprise-vector-search.ts(788,25): error TS1005: ';' expected.
sveltekit-frontend/src/lib/services/enterprise-vector-search.ts(789,11): error TS1005: ':' expected.
sveltekit-frontend/src/lib/services/enterprise-vector-search.ts(789,27): error TS1005: ',' expected.
sveltekit-frontend/src/lib/services/enterprise-vector-search.ts(790,11): error TS1005: ':' expected.
sveltekit-frontend/src/lib/services/enterprise-vector-search.ts(790,27): error TS1005: ':' expected.
sveltekit-frontend/src/lib/services/enterprise-vector-search.ts(791,10): error TS1359: Identifier expected. 'const' is a reserved word that cannot be used here.
sveltekit-frontend/src/lib/services/enterprise-vector-search.ts(791,16): error TS1005: ',' expected.
sveltekit-frontend/src/lib/services/enterprise-vector-search.ts(791,34): error TS1005: ',' expected.
sveltekit-frontend/src/lib/services/enterprise-vector-search.ts(791,39): error TS1005: ',' expected.
sveltekit-frontend/src/lib/services/enterprise-vector-search.ts(791,62): error TS1005: '{' expected.
sveltekit-frontend/src/lib/services/enterprise-vector-search.ts(791,64): error TS1136: Property assignment expected.
sveltekit-frontend/src/lib/services/enterprise-vector-search.ts(796,3): error TS1128: Declaration or statement expected.
sveltekit-frontend/src/lib/services/enterprise-vector-search.ts(797,3): error TS1128: Declaration or statement expected.
sveltekit-frontend/src/lib/services/enterprise-vector-search.ts(797,30): error TS1005: ',' expected.
sveltekit-frontend/src/lib/services/enterprise-vector-search.ts(797,34): error TS1011: An element access expression should take an argument.
sveltekit-frontend/src/lib/services/enterprise-vector-search.ts(797,42): error TS1005: ',' expected.
sveltekit-frontend/src/lib/services/enterprise-vector-search.ts(797,52): error TS1005: ';' expected.
sveltekit-frontend/src/lib/services/enterprise-vector-search.ts(797,56): error TS1011: An element access expression should take an argument.
sveltekit-frontend/src/lib/services/enterprise-vector-search.ts(797,61): error TS1005: ';' expected.
sveltekit-frontend/src/lib/services/enterprise-vector-search.ts(799,51): error TS1109: Expression expected.
sveltekit-frontend/src/lib/services/enterprise-vector-search.ts(800,43): error TS1005: ')' expected.
sveltekit-frontend/src/lib/services/enterprise-vector-search.ts(804,3): error TS1128: Declaration or statement expected.
sveltekit-frontend/src/lib/services/enterprise-vector-search.ts(804,28): error TS1005: ',' expected.
sveltekit-frontend/src/lib/services/enterprise-vector-search.ts(804,37): error TS1005: ';' expected.
sveltekit-frontend/src/lib/services/enterprise-vector-search.ts(804,39): error TS1434: Unexpected keyword or identifier.
sveltekit-frontend/src/lib/services/enterprise-vector-search.ts(807,58): error TS1005: ')' expected.
sveltekit-frontend/src/lib/services/enterprise-vector-search.ts(810,3): error TS1128: Declaration or statement expected.
sveltekit-frontend/src/lib/services/enterprise-vector-search.ts(810,34): error TS1005: ';' expected.
sveltekit-frontend/src/lib/services/enterprise-vector-search.ts(812,17): error TS1138: Parameter declaration expected.
sveltekit-frontend/src/lib/services/enterprise-vector-search.ts(812,21): error TS1005: '(' expected.
sveltekit-frontend/src/lib/services/enterprise-vector-search.ts(815,15): error TS1005: ';' expected.
sveltekit-frontend/src/lib/services/enterprise-vector-search.ts(823,3): error TS1128: Declaration or statement expected.
sveltekit-frontend/src/lib/services/enterprise-vector-search.ts(824,1): error TS1128: Declaration or statement expected.
sveltekit-frontend/src/lib/services/error-resolution-engine.ts(593,11): error TS1005: '(' expected.
sveltekit-frontend/src/lib/services/feedback-loop-service.ts(278,9): error TS1128: Declaration or statement expected.
sveltekit-frontend/src/lib/services/feedback-loop-service.ts(328,9): error TS1128: Declaration or statement expected.
sveltekit-frontend/src/lib/services/feedback-loop-service.ts(425,9): error TS1128: Declaration or statement expected.
sveltekit-frontend/src/lib/services/feedback-loop-service.ts(460,37): error TS1005: ']' expected.
sveltekit-frontend/src/lib/services/feedback-loop-service.ts(460,45): error TS1005: ',' expected.
sveltekit-frontend/src/lib/services/feedback-loop-service.ts(460,46): error TS1136: Property assignment expected.
sveltekit-frontend/src/lib/services/feedback-loop-service.ts(482,9): error TS1128: Declaration or statement expected.
sveltekit-frontend/src/lib/services/feedback-loop-service.ts(512,35): error TS1005: ']' expected.
sveltekit-frontend/src/lib/services/feedback-loop-service.ts(512,43): error TS1005: ',' expected.
sveltekit-frontend/src/lib/services/feedback-loop-service.ts(512,44): error TS1136: Property assignment expected.
sveltekit-frontend/src/lib/services/feedback-loop-service.ts(513,34): error TS1005: ']' expected.
sveltekit-frontend/src/lib/services/feedback-loop-service.ts(513,42): error TS1005: ',' expected.
sveltekit-frontend/src/lib/services/feedback-loop-service.ts(513,43): error TS1136: Property assignment expected.
sveltekit-frontend/src/lib/services/frontend-service-client.ts(30,29): error TS1131: Property or signature expected.
sveltekit-frontend/src/lib/services/frontend-service-client.ts(34,4): error TS1109: Expression expected.
sveltekit-frontend/src/lib/services/frontend-service-client.ts(34,5): error TS1109: Expression expected.
sveltekit-frontend/src/lib/services/frontend-service-client.ts(37,1): error TS1128: Declaration or statement expected.
sveltekit-frontend/src/lib/services/frontend-service-client.ts(45,1): error TS1128: Declaration or statement expected.
sveltekit-frontend/src/lib/services/frontend-service-client.ts(53,1): error TS1128: Declaration or statement expected.
sveltekit-frontend/src/lib/services/frontend-service-client.ts(74,5): error TS1128: Declaration or statement expected.
sveltekit-frontend/src/lib/services/frontend-service-client.ts(76,1): error TS1128: Declaration or statement expected.
sveltekit-frontend/src/lib/services/frontend-service-client.ts(76,2): error TS1128: Declaration or statement expected.
sveltekit-frontend/src/lib/services/frontend-service-client.ts(97,3): error TS1068: Unexpected token. A constructor, method, accessor, or property was expected.
sveltekit-frontend/src/lib/services/frontend-service-client.ts(97,4): error TS1068: Unexpected token. A constructor, method, accessor, or property was expected.
sveltekit-frontend/src/lib/services/frontend-service-client.ts(97,30): error TS1139: Type parameter declaration expected.
sveltekit-frontend/src/lib/services/frontend-service-client.ts(98,11): error TS1005: ':' expected.
sveltekit-frontend/src/lib/services/frontend-service-client.ts(98,48): error TS1005: ',' expected.
sveltekit-frontend/src/lib/services/frontend-service-client.ts(100,18): error TS1003: Identifier expected.
sveltekit-frontend/src/lib/services/frontend-service-client.ts(100,37): error TS1005: ',' expected.
sveltekit-frontend/src/lib/services/frontend-service-client.ts(101,9): error TS1005: ':' expected.
sveltekit-frontend/src/lib/services/frontend-service-client.ts(102,13): error TS1005: ':' expected.
sveltekit-frontend/src/lib/services/frontend-service-client.ts(110,7): error TS1005: ',' expected.
sveltekit-frontend/src/lib/services/frontend-service-client.ts(110,9): error TS1005: ',' expected.
sveltekit-frontend/src/lib/services/frontend-service-client.ts(110,10): error TS1136: Property assignment expected.
sveltekit-frontend/src/lib/services/frontend-service-client.ts(111,13): error TS1005: ':' expected.
sveltekit-frontend/src/lib/services/frontend-service-client.ts(111,41): error TS1005: ',' expected.
sveltekit-frontend/src/lib/services/frontend-service-client.ts(112,11): error TS1003: Identifier expected.
sveltekit-frontend/src/lib/services/frontend-service-client.ts(112,21): error TS1138: Parameter declaration expected.
sveltekit-frontend/src/lib/services/frontend-service-client.ts(112,25): error TS1005: ',' expected.
sveltekit-frontend/src/lib/services/frontend-service-client.ts(112,27): error TS1136: Property assignment expected.
sveltekit-frontend/src/lib/services/frontend-service-client.ts(118,5): error TS1128: Declaration or statement expected.
sveltekit-frontend/src/lib/services/frontend-service-client.ts(118,7): error TS1005: 'try' expected.
sveltekit-frontend/src/lib/services/frontend-service-client.ts(123,50): error TS1005: ')' expected.
sveltekit-frontend/src/lib/services/frontend-service-client.ts(125,3): error TS1128: Declaration or statement expected.
sveltekit-frontend/src/lib/services/frontend-service-client.ts(126,3): error TS1128: Declaration or statement expected.
sveltekit-frontend/src/lib/services/frontend-service-client.ts(126,11): error TS1434: Unexpected keyword or identifier.
sveltekit-frontend/src/lib/services/frontend-service-client.ts(126,33): error TS1135: Argument expression expected.
sveltekit-frontend/src/lib/services/frontend-service-client.ts(126,42): error TS1005: ';' expected.
sveltekit-frontend/src/lib/services/frontend-service-client.ts(127,12): error TS1005: ':' expected.
sveltekit-frontend/src/lib/services/frontend-service-client.ts(127,56): error TS1005: ',' expected.
sveltekit-frontend/src/lib/services/frontend-service-client.ts(129,3): error TS1128: Declaration or statement expected.
sveltekit-frontend/src/lib/services/frontend-service-client.ts(129,11): error TS1434: Unexpected keyword or identifier.
sveltekit-frontend/src/lib/services/frontend-service-client.ts(129,34): error TS1135: Argument expression expected.
sveltekit-frontend/src/lib/services/frontend-service-client.ts(129,49): error TS1005: ',' expected.
sveltekit-frontend/src/lib/services/frontend-service-client.ts(129,56): error TS1005: ';' expected.
sveltekit-frontend/src/lib/services/frontend-service-client.ts(130,12): error TS1005: ':' expected.
sveltekit-frontend/src/lib/services/frontend-service-client.ts(133,7): error TS1005: ',' expected.
sveltekit-frontend/src/lib/services/frontend-service-client.ts(136,3): error TS1434: Unexpected keyword or identifier.
sveltekit-frontend/src/lib/services/frontend-service-client.ts(136,23): error TS1109: Expression expected.
sveltekit-frontend/src/lib/services/frontend-service-client.ts(137,9): error TS1005: ':' expected.
sveltekit-frontend/src/lib/services/frontend-service-client.ts(139,13): error TS1005: ':' expected.
sveltekit-frontend/src/lib/services/frontend-service-client.ts(139,40): error TS1136: Property assignment expected.
sveltekit-frontend/src/lib/services/frontend-service-client.ts(139,41): error TS1005: ',' expected.
sveltekit-frontend/src/lib/services/frontend-service-client.ts(140,21): error TS1003: Identifier expected.
sveltekit-frontend/src/lib/services/frontend-service-client.ts(140,37): error TS1005: ',' expected.
sveltekit-frontend/src/lib/services/frontend-service-client.ts(141,19): error TS1003: Identifier expected.
sveltekit-frontend/src/lib/services/frontend-service-client.ts(141,29): error TS1005: ',' expected.
sveltekit-frontend/src/lib/services/frontend-service-client.ts(142,14): error TS1005: ':' expected.
sveltekit-frontend/src/lib/services/frontend-service-client.ts(142,25): error TS1005: ',' expected.
sveltekit-frontend/src/lib/services/frontend-service-client.ts(143,7): error TS1005: ';' expected.
sveltekit-frontend/src/lib/services/frontend-service-client.ts(147,3): error TS1128: Declaration or statement expected.
sveltekit-frontend/src/lib/services/frontend-service-client.ts(148,3): error TS1434: Unexpected keyword or identifier.
sveltekit-frontend/src/lib/services/frontend-service-client.ts(148,22): error TS1135: Argument expression expected.
sveltekit-frontend/src/lib/services/frontend-service-client.ts(148,37): error TS1005: ',' expected.
sveltekit-frontend/src/lib/services/frontend-service-client.ts(148,57): error TS1005: ';' expected.
sveltekit-frontend/src/lib/services/frontend-service-client.ts(148,80): error TS1011: An element access expression should take an argument.
sveltekit-frontend/src/lib/services/frontend-service-client.ts(150,12): error TS1005: ':' expected.
sveltekit-frontend/src/lib/services/frontend-service-client.ts(150,41): error TS1005: ',' expected.
sveltekit-frontend/src/lib/services/frontend-service-client.ts(152,3): error TS1434: Unexpected keyword or identifier.
sveltekit-frontend/src/lib/services/frontend-service-client.ts(152,26): error TS1135: Argument expression expected.
sveltekit-frontend/src/lib/services/frontend-service-client.ts(152,43): error TS1109: Expression expected.
sveltekit-frontend/src/lib/services/frontend-service-client.ts(152,52): error TS1005: ';' expected.
sveltekit-frontend/src/lib/services/frontend-service-client.ts(153,11): error TS1005: ':' expected.
sveltekit-frontend/src/lib/services/frontend-service-client.ts(157,5): error TS1136: Property assignment expected.
sveltekit-frontend/src/lib/services/frontend-service-client.ts(157,7): error TS1005: ';' expected.
sveltekit-frontend/src/lib/services/frontend-service-client.ts(159,3): error TS1128: Declaration or statement expected.
sveltekit-frontend/src/lib/services/frontend-service-client.ts(160,3): error TS1434: Unexpected keyword or identifier.
sveltekit-frontend/src/lib/services/frontend-service-client.ts(160,25): error TS1135: Argument expression expected.
sveltekit-frontend/src/lib/services/frontend-service-client.ts(160,40): error TS1109: Expression expected.
sveltekit-frontend/src/lib/services/frontend-service-client.ts(160,49): error TS1005: ';' expected.
sveltekit-frontend/src/lib/services/frontend-service-client.ts(162,11): error TS1005: ':' expected.
sveltekit-frontend/src/lib/services/frontend-service-client.ts(162,36): error TS1005: ',' expected.
sveltekit-frontend/src/lib/services/frontend-service-client.ts(163,14): error TS1003: Identifier expected.
sveltekit-frontend/src/lib/services/frontend-service-client.ts(163,35): error TS1005: ',' expected.
sveltekit-frontend/src/lib/services/frontend-service-client.ts(164,16): error TS1005: '{' expected.
sveltekit-frontend/src/lib/services/frontend-service-client.ts(164,27): error TS1005: ',' expected.
sveltekit-frontend/src/lib/services/frontend-service-client.ts(164,53): error TS1005: ',' expected.
sveltekit-frontend/src/lib/services/frontend-service-client.ts(165,11): error TS1005: ':' expected.
sveltekit-frontend/src/lib/services/frontend-service-client.ts(170,5): error TS1136: Property assignment expected.
sveltekit-frontend/src/lib/services/frontend-service-client.ts(170,7): error TS1005: ';' expected.
sveltekit-frontend/src/lib/services/frontend-service-client.ts(172,3): error TS1128: Declaration or statement expected.
sveltekit-frontend/src/lib/services/frontend-service-client.ts(173,3): error TS1434: Unexpected keyword or identifier.
sveltekit-frontend/src/lib/services/frontend-service-client.ts(175,16): error TS1109: Expression expected.
sveltekit-frontend/src/lib/services/frontend-service-client.ts(176,11): error TS1109: Expression expected.
sveltekit-frontend/src/lib/services/frontend-service-client.ts(177,3): error TS1128: Declaration or statement expected.
sveltekit-frontend/src/lib/services/frontend-service-client.ts(182,5): error TS1005: ',' expected.
sveltekit-frontend/src/lib/services/frontend-service-client.ts(182,7): error TS1128: Declaration or statement expected.
sveltekit-frontend/src/lib/services/frontend-service-client.ts(184,3): error TS1128: Declaration or statement expected.
sveltekit-frontend/src/lib/services/frontend-service-client.ts(185,3): error TS1434: Unexpected keyword or identifier.
sveltekit-frontend/src/lib/services/frontend-service-client.ts(185,34): error TS1135: Argument expression expected.
sveltekit-frontend/src/lib/services/frontend-service-client.ts(185,66): error TS1005: ',' expected.
sveltekit-frontend/src/lib/services/frontend-service-client.ts(185,82): error TS1109: Expression expected.
sveltekit-frontend/src/lib/services/frontend-service-client.ts(185,93): error TS1109: Expression expected.
sveltekit-frontend/src/lib/services/frontend-service-client.ts(185,103): error TS1005: ';' expected.
sveltekit-frontend/src/lib/services/frontend-service-client.ts(191,5): error TS1005: ',' expected.
sveltekit-frontend/src/lib/services/frontend-service-client.ts(191,7): error TS1128: Declaration or statement expected.
sveltekit-frontend/src/lib/services/frontend-service-client.ts(193,3): error TS1128: Declaration or statement expected.
sveltekit-frontend/src/lib/services/frontend-service-client.ts(195,3): error TS1128: Declaration or statement expected.
sveltekit-frontend/src/lib/services/frontend-service-client.ts(195,33): error TS1109: Expression expected.
sveltekit-frontend/src/lib/services/frontend-service-client.ts(197,14): error TS1003: Identifier expected.
sveltekit-frontend/src/lib/services/frontend-service-client.ts(203,7): error TS1005: ',' expected.
sveltekit-frontend/src/lib/services/frontend-service-client.ts(205,12): error TS1003: Identifier expected.
sveltekit-frontend/src/lib/services/frontend-service-client.ts(208,7): error TS1005: ',' expected.
sveltekit-frontend/src/lib/services/frontend-service-client.ts(209,12): error TS1003: Identifier expected.
sveltekit-frontend/src/lib/services/frontend-service-client.ts(211,7): error TS1005: ',' expected.
sveltekit-frontend/src/lib/services/frontend-service-client.ts(213,3): error TS1128: Declaration or statement expected.
sveltekit-frontend/src/lib/services/frontend-service-client.ts(213,33): error TS1109: Expression expected.
sveltekit-frontend/src/lib/services/frontend-service-client.ts(214,13): error TS1005: ',' expected.
sveltekit-frontend/src/lib/services/frontend-service-client.ts(214,34): error TS1005: ',' expected.
sveltekit-frontend/src/lib/services/frontend-service-client.ts(214,43): error TS1005: ',' expected.
sveltekit-frontend/src/lib/services/frontend-service-client.ts(216,9): error TS1005: ':' expected.
sveltekit-frontend/src/lib/services/frontend-service-client.ts(216,44): error TS1005: ',' expected.
sveltekit-frontend/src/lib/services/frontend-service-client.ts(218,9): error TS1005: ':' expected.
sveltekit-frontend/src/lib/services/frontend-service-client.ts(220,14): error TS1005: ',' expected.
sveltekit-frontend/src/lib/services/frontend-service-client.ts(222,3): error TS1128: Declaration or statement expected.
sveltekit-frontend/src/lib/services/frontend-service-client.ts(222,32): error TS1109: Expression expected.
sveltekit-frontend/src/lib/services/frontend-service-client.ts(223,13): error TS1005: ',' expected.
sveltekit-frontend/src/lib/services/frontend-service-client.ts(223,34): error TS1005: ',' expected.
sveltekit-frontend/src/lib/services/frontend-service-client.ts(223,36): error TS1136: Property assignment expected.
sveltekit-frontend/src/lib/services/frontend-service-client.ts(227,3): error TS1128: Declaration or statement expected.
sveltekit-frontend/src/lib/services/frontend-service-client.ts(229,22): error TS1109: Expression expected.
sveltekit-frontend/src/lib/services/frontend-service-client.ts(230,9): error TS1005: ':' expected.
sveltekit-frontend/src/lib/services/frontend-service-client.ts(230,33): error TS1005: ',' expected.
sveltekit-frontend/src/lib/services/frontend-service-client.ts(231,9): error TS1005: ':' expected.
sveltekit-frontend/src/lib/services/frontend-service-client.ts(231,49): error TS1005: ',' expected.
sveltekit-frontend/src/lib/services/frontend-service-client.ts(234,12): error TS1005: ':' expected.
sveltekit-frontend/src/lib/services/frontend-service-client.ts(242,13): error TS1109: Expression expected.
sveltekit-frontend/src/lib/services/frontend-service-client.ts(243,9): error TS1005: ':' expected.
sveltekit-frontend/src/lib/services/frontend-service-client.ts(243,30): error TS1005: ',' expected.
sveltekit-frontend/src/lib/services/frontend-service-client.ts(244,9): error TS1005: ':' expected.
sveltekit-frontend/src/lib/services/frontend-service-client.ts(244,28): error TS1005: ',' expected.
sveltekit-frontend/src/lib/services/frontend-service-client.ts(246,1): error TS1128: Declaration or statement expected.
sveltekit-frontend/src/lib/services/frontend-service-client.ts(264,59): error TS1005: ',' expected.
sveltekit-frontend/src/lib/services/frontend-service-client.ts(316,41): error TS1131: Property or signature expected.
sveltekit-frontend/src/lib/services/frontend-service-client.ts(320,12): error TS1109: Expression expected.
sveltekit-frontend/src/lib/services/frontend-service-client.ts(321,11): error TS1109: Expression expected.
sveltekit-frontend/src/lib/services/frontend-service-client.ts(322,4): error TS1109: Expression expected.
sveltekit-frontend/src/lib/services/frontend-service-client.ts(322,16): error TS1005: ')' expected.
sveltekit-frontend/src/lib/services/frontend-service-client.ts(368,1): error TS1128: Declaration or statement expected.
sveltekit-frontend/src/lib/services/fuse-lazy-search-indexeddb.ts(6,1): error TS1128: Declaration or statement expected.
sveltekit-frontend/src/lib/services/fuse-lazy-search-indexeddb.ts(16,1): error TS1128: Declaration or statement expected.
sveltekit-frontend/src/lib/services/fuse-lazy-search-indexeddb.ts(25,1): error TS1128: Declaration or statement expected.
sveltekit-frontend/src/lib/services/fuse-lazy-search-indexeddb.ts(72,33): error TS1005: ';' expected.
sveltekit-frontend/src/lib/services/fuse-lazy-search-indexeddb.ts(74,8): error TS1068: Unexpected token. A constructor, method, accessor, or property was expected.
sveltekit-frontend/src/lib/services/fuse-lazy-search-indexeddb.ts(75,7): error TS1434: Unexpected keyword or identifier.
sveltekit-frontend/src/lib/services/fuse-lazy-search-indexeddb.ts(75,14): error TS1068: Unexpected token. A constructor, method, accessor, or property was expected.
sveltekit-frontend/src/lib/services/fuse-lazy-search-indexeddb.ts(87,6): error TS1128: Declaration or statement expected.
sveltekit-frontend/src/lib/services/fuse-lazy-search-indexeddb.ts(88,3): error TS1128: Declaration or statement expected.
sveltekit-frontend/src/lib/services/fuse-lazy-search-indexeddb.ts(92,3): error TS1128: Declaration or statement expected.
sveltekit-frontend/src/lib/services/fuse-lazy-search-indexeddb.ts(92,11): error TS1434: Unexpected keyword or identifier.
sveltekit-frontend/src/lib/services/fuse-lazy-search-indexeddb.ts(92,37): error TS1109: Expression expected.
sveltekit-frontend/src/lib/services/fuse-lazy-search-indexeddb.ts(92,51): error TS1109: Expression expected.
sveltekit-frontend/src/lib/services/fuse-lazy-search-indexeddb.ts(93,9): error TS1003: Identifier expected.
sveltekit-frontend/src/lib/services/fuse-lazy-search-indexeddb.ts(93,14): error TS1005: ',' expected.
sveltekit-frontend/src/lib/services/fuse-lazy-search-indexeddb.ts(93,18): error TS1005: ',' expected.
sveltekit-frontend/src/lib/services/fuse-lazy-search-indexeddb.ts(93,27): error TS1005: ',' expected.
sveltekit-frontend/src/lib/services/fuse-lazy-search-indexeddb.ts(94,12): error TS1005: ':' expected.
sveltekit-frontend/src/lib/services/fuse-lazy-search-indexeddb.ts(104,7): error TS1005: ',' expected.
sveltekit-frontend/src/lib/services/fuse-lazy-search-indexeddb.ts(109,3): error TS1128: Declaration or statement expected.
sveltekit-frontend/src/lib/services/fuse-lazy-search-indexeddb.ts(109,28): error TS1109: Expression expected.
sveltekit-frontend/src/lib/services/fuse-lazy-search-indexeddb.ts(110,11): error TS1005: ':' expected.
sveltekit-frontend/src/lib/services/fuse-lazy-search-indexeddb.ts(124,5): error TS1005: ',' expected.
sveltekit-frontend/src/lib/services/fuse-lazy-search-indexeddb.ts(124,9): error TS1005: ':' expected.
sveltekit-frontend/src/lib/services/fuse-lazy-search-indexeddb.ts(124,50): error TS1005: ',' expected.
sveltekit-frontend/src/lib/services/fuse-lazy-search-indexeddb.ts(125,13): error TS1003: Identifier expected.
sveltekit-frontend/src/lib/services/fuse-lazy-search-indexeddb.ts(125,56): error TS1005: ',' expected.
sveltekit-frontend/src/lib/services/fuse-lazy-search-indexeddb.ts(130,3): error TS1434: Unexpected keyword or identifier.
sveltekit-frontend/src/lib/services/fuse-lazy-search-indexeddb.ts(130,22): error TS1135: Argument expression expected.
sveltekit-frontend/src/lib/services/fuse-lazy-search-indexeddb.ts(130,39): error TS1005: ';' expected.
sveltekit-frontend/src/lib/services/fuse-lazy-search-indexeddb.ts(130,53): error TS1109: Expression expected.
sveltekit-frontend/src/lib/services/fuse-lazy-search-indexeddb.ts(131,11): error TS1005: ',' expected.
sveltekit-frontend/src/lib/services/fuse-lazy-search-indexeddb.ts(131,16): error TS1005: ',' expected.
sveltekit-frontend/src/lib/services/fuse-lazy-search-indexeddb.ts(131,28): error TS1136: Property assignment expected.
sveltekit-frontend/src/lib/services/fuse-lazy-search-indexeddb.ts(132,27): error TS1005: ';' expected.
sveltekit-frontend/src/lib/services/fuse-lazy-search-indexeddb.ts(143,115): error TS1005: ';' expected.
sveltekit-frontend/src/lib/services/fuse-lazy-search-indexeddb.ts(143,116): error TS1005: ')' expected.
sveltekit-frontend/src/lib/services/fuse-lazy-search-indexeddb.ts(143,128): error TS1109: Expression expected.
sveltekit-frontend/src/lib/services/fuse-lazy-search-indexeddb.ts(143,135): error TS1109: Expression expected.
sveltekit-frontend/src/lib/services/fuse-lazy-search-indexeddb.ts(143,136): error TS1005: ';' expected.
sveltekit-frontend/src/lib/services/fuse-lazy-search-indexeddb.ts(143,138): error TS1003: Identifier expected.
sveltekit-frontend/src/lib/services/fuse-lazy-search-indexeddb.ts(143,141): error TS1005: ';' expected.
sveltekit-frontend/src/lib/services/fuse-lazy-search-indexeddb.ts(151,96): error TS1005: ';' expected.
sveltekit-frontend/src/lib/services/fuse-lazy-search-indexeddb.ts(151,97): error TS1005: '}' expected.
sveltekit-frontend/src/lib/services/fuse-lazy-search-indexeddb.ts(151,109): error TS1109: Expression expected.
sveltekit-frontend/src/lib/services/fuse-lazy-search-indexeddb.ts(151,115): error TS1128: Declaration or statement expected.
sveltekit-frontend/src/lib/services/fuse-lazy-search-indexeddb.ts(151,116): error TS1128: Declaration or statement expected.
sveltekit-frontend/src/lib/services/fuse-lazy-search-indexeddb.ts(151,117): error TS1128: Declaration or statement expected.
sveltekit-frontend/src/lib/services/fuse-lazy-search-indexeddb.ts(151,123): error TS1128: Declaration or statement expected.
sveltekit-frontend/src/lib/services/fuse-lazy-search-indexeddb.ts(163,18): error TS1127: Invalid character.
sveltekit-frontend/src/lib/services/fuse-lazy-search-indexeddb.ts(163,21): error TS1435: Unknown keyword or identifier. Did you mean 'catch'?
sveltekit-frontend/src/lib/services/fuse-lazy-search-indexeddb.ts(163,27): error TS1434: Unexpected keyword or identifier.
sveltekit-frontend/src/lib/services/fuse-lazy-search-indexeddb.ts(163,34): error TS1434: Unexpected keyword or identifier.
sveltekit-frontend/src/lib/services/fuse-lazy-search-indexeddb.ts(163,50): error TS1434: Unexpected keyword or identifier.
sveltekit-frontend/src/lib/services/fuse-lazy-search-indexeddb.ts(163,55): error TS1128: Declaration or statement expected.
sveltekit-frontend/src/lib/services/fuse-lazy-search-indexeddb.ts(180,28): error TS1127: Invalid character.
sveltekit-frontend/src/lib/services/fuse-lazy-search-indexeddb.ts(180,30): error TS1435: Unknown keyword or identifier. Did you mean 'catch'?
sveltekit-frontend/src/lib/services/fuse-lazy-search-indexeddb.ts(180,36): error TS1434: Unexpected keyword or identifier.
sveltekit-frontend/src/lib/services/fuse-lazy-search-indexeddb.ts(180,50): error TS1434: Unexpected keyword or identifier.
sveltekit-frontend/src/lib/services/fuse-lazy-search-indexeddb.ts(180,64): error TS1443: Module declaration names may only use ' or " quoted strings.
sveltekit-frontend/src/lib/services/fuse-lazy-search-indexeddb.ts(203,18): error TS1127: Invalid character.
sveltekit-frontend/src/lib/services/fuse-lazy-search-indexeddb.ts(203,18): error TS1128: Declaration or statement expected.
sveltekit-frontend/src/lib/services/fuse-lazy-search-indexeddb.ts(203,21): error TS1434: Unexpected keyword or identifier.
sveltekit-frontend/src/lib/services/fuse-lazy-search-indexeddb.ts(203,34): error TS1005: '(' expected.
sveltekit-frontend/src/lib/services/fuse-lazy-search-indexeddb.ts(203,35): error TS1109: Expression expected.
sveltekit-frontend/src/lib/services/fuse-lazy-search-indexeddb.ts(203,49): error TS1135: Argument expression expected.
sveltekit-frontend/src/lib/services/fuse-lazy-search-indexeddb.ts(203,51): error TS1005: ',' expected.
sveltekit-frontend/src/lib/services/fuse-lazy-search-indexeddb.ts(203,57): error TS1005: ',' expected.
sveltekit-frontend/src/lib/services/fuse-lazy-search-indexeddb.ts(203,73): error TS1005: ',' expected.
sveltekit-frontend/src/lib/services/fuse-lazy-search-indexeddb.ts(203,79): error TS1443: Module declaration names may only use ' or " quoted strings.
sveltekit-frontend/src/lib/services/fuse-lazy-search-indexeddb.ts(225,20): error TS1127: Invalid character.
sveltekit-frontend/src/lib/services/fuse-lazy-search-indexeddb.ts(225,20): error TS1128: Declaration or statement expected.
sveltekit-frontend/src/lib/services/fuse-lazy-search-indexeddb.ts(225,23): error TS1434: Unexpected keyword or identifier.
sveltekit-frontend/src/lib/services/fuse-lazy-search-indexeddb.ts(225,40): error TS1434: Unexpected keyword or identifier.
sveltekit-frontend/src/lib/services/fuse-lazy-search-indexeddb.ts(225,65): error TS1443: Module declaration names may only use ' or " quoted strings.
sveltekit-frontend/src/lib/services/fuse-lazy-search-indexeddb.ts(285,26): error TS1434: Unexpected keyword or identifier.
sveltekit-frontend/src/lib/services/fuse-lazy-search-indexeddb.ts(285,36): error TS1434: Unexpected keyword or identifier.
sveltekit-frontend/src/lib/services/fuse-lazy-search-indexeddb.ts(285,47): error TS1434: Unexpected keyword or identifier.
sveltekit-frontend/src/lib/services/fuse-lazy-search-indexeddb.ts(285,86): error TS1005: ';' expected.
sveltekit-frontend/src/lib/services/fuse-lazy-search-indexeddb.ts(285,87): error TS1131: Property or signature expected.
sveltekit-frontend/src/lib/services/fuse-lazy-search-indexeddb.ts(339,18): error TS1127: Invalid character.
sveltekit-frontend/src/lib/services/fuse-lazy-search-indexeddb.ts(339,20): error TS1127: Invalid character.
sveltekit-frontend/src/lib/services/fuse-lazy-search-indexeddb.ts(339,22): error TS1434: Unexpected keyword or identifier.
sveltekit-frontend/src/lib/services/fuse-lazy-search-indexeddb.ts(339,32): error TS1434: Unexpected keyword or identifier.
sveltekit-frontend/src/lib/services/fuse-lazy-search-indexeddb.ts(339,45): error TS1434: Unexpected keyword or identifier.
sveltekit-frontend/src/lib/services/fuse-lazy-search-indexeddb.ts(357,18): error TS1127: Invalid character.
sveltekit-frontend/src/lib/services/fuse-lazy-search-indexeddb.ts(357,21): error TS1434: Unexpected keyword or identifier.
sveltekit-frontend/src/lib/services/fuse-lazy-search-indexeddb.ts(357,29): error TS1434: Unexpected keyword or identifier.
sveltekit-frontend/src/lib/services/fuse-lazy-search-indexeddb.ts(357,46): error TS1434: Unexpected keyword or identifier.
sveltekit-frontend/src/lib/services/fuse-lazy-search-indexeddb.ts(357,76): error TS1443: Module declaration names may only use ' or " quoted strings.
sveltekit-frontend/src/lib/services/fuse-lazy-search-indexeddb.ts(384,18): error TS1127: Invalid character.
sveltekit-frontend/src/lib/services/fuse-lazy-search-indexeddb.ts(384,18): error TS1128: Declaration or statement expected.
sveltekit-frontend/src/lib/services/fuse-lazy-search-indexeddb.ts(384,21): error TS1434: Unexpected keyword or identifier.
sveltekit-frontend/src/lib/services/fuse-lazy-search-indexeddb.ts(384,28): error TS1434: Unexpected keyword or identifier.
sveltekit-frontend/src/lib/services/fuse-lazy-search-indexeddb.ts(384,45): error TS1434: Unexpected keyword or identifier.
sveltekit-frontend/src/lib/services/fuse-lazy-search-indexeddb.ts(384,63): error TS1434: Unexpected keyword or identifier.
sveltekit-frontend/src/lib/services/fuse-lazy-search-indexeddb.ts(384,71): error TS1434: Unexpected keyword or identifier.
sveltekit-frontend/src/lib/services/fuse-lazy-search-indexeddb.ts(384,77): error TS1434: Unexpected keyword or identifier.
sveltekit-frontend/src/lib/services/fuse-lazy-search-indexeddb.ts(384,99): error TS1443: Module declaration names may only use ' or " quoted strings.
sveltekit-frontend/src/lib/services/fuse-lazy-search-indexeddb.ts(396,18): error TS1127: Invalid character.
sveltekit-frontend/src/lib/services/fuse-lazy-search-indexeddb.ts(396,18): error TS1128: Declaration or statement expected.
sveltekit-frontend/src/lib/services/fuse-lazy-search-indexeddb.ts(396,21): error TS1434: Unexpected keyword or identifier.
sveltekit-frontend/src/lib/services/fuse-lazy-search-indexeddb.ts(396,28): error TS1434: Unexpected keyword or identifier.
sveltekit-frontend/src/lib/services/fuse-lazy-search-indexeddb.ts(396,38): error TS1005: '(' expected.
sveltekit-frontend/src/lib/services/fuse-lazy-search-indexeddb.ts(396,39): error TS1109: Expression expected.
sveltekit-frontend/src/lib/services/fuse-lazy-search-indexeddb.ts(396,51): error TS1443: Module declaration names may only use ' or " quoted strings.
sveltekit-frontend/src/lib/services/fuse-lazy-search-indexeddb.ts(432,18): error TS1127: Invalid character.
sveltekit-frontend/src/lib/services/fuse-lazy-search-indexeddb.ts(432,18): error TS1128: Declaration or statement expected.
sveltekit-frontend/src/lib/services/fuse-lazy-search-indexeddb.ts(432,21): error TS1434: Unexpected keyword or identifier.
sveltekit-frontend/src/lib/services/fuse-lazy-search-indexeddb.ts(432,28): error TS1434: Unexpected keyword or identifier.
sveltekit-frontend/src/lib/services/fuse-lazy-search-indexeddb.ts(432,45): error TS1434: Unexpected keyword or identifier.
sveltekit-frontend/src/lib/services/fuse-lazy-search-indexeddb.ts(432,92): error TS1005: ',' expected.
sveltekit-frontend/src/lib/services/fuse-lazy-search-indexeddb.ts(432,101): error TS1005: ',' expected.
sveltekit-frontend/src/lib/services/fuse-lazy-search-indexeddb.ts(432,110): error TS1005: ',' expected.
sveltekit-frontend/src/lib/services/fuse-lazy-search-indexeddb.ts(432,125): error TS1005: ',' expected.
sveltekit-frontend/src/lib/services/fuse-lazy-search-indexeddb.ts(432,135): error TS1005: ',' expected.
sveltekit-frontend/src/lib/services/fuse-lazy-search-indexeddb.ts(432,142): error TS1443: Module declaration names may only use ' or " quoted strings.
sveltekit-frontend/src/lib/services/fuse-lazy-search-indexeddb.ts(478,18): error TS1127: Invalid character.
sveltekit-frontend/src/lib/services/fuse-lazy-search-indexeddb.ts(478,18): error TS1128: Declaration or statement expected.
sveltekit-frontend/src/lib/services/fuse-lazy-search-indexeddb.ts(478,21): error TS1435: Unknown keyword or identifier. Did you mean 'import'?
sveltekit-frontend/src/lib/services/fuse-lazy-search-indexeddb.ts(478,30): error TS1434: Unexpected keyword or identifier.
sveltekit-frontend/src/lib/services/fuse-lazy-search-indexeddb.ts(478,51): error TS1443: Module declaration names may only use ' or " quoted strings.
sveltekit-frontend/src/lib/services/fuse-lazy-search-indexeddb.ts(513,18): error TS1127: Invalid character.
sveltekit-frontend/src/lib/services/fuse-lazy-search-indexeddb.ts(513,18): error TS1128: Declaration or statement expected.
sveltekit-frontend/src/lib/services/fuse-lazy-search-indexeddb.ts(513,19): error TS1127: Invalid character.
sveltekit-frontend/src/lib/services/fuse-lazy-search-indexeddb.ts(513,21): error TS1434: Unexpected keyword or identifier.
sveltekit-frontend/src/lib/services/fuse-lazy-search-indexeddb.ts(513,29): error TS1434: Unexpected keyword or identifier.
sveltekit-frontend/src/lib/services/fuse-lazy-search-indexeddb.ts(513,45): error TS1434: Unexpected keyword or identifier.
sveltekit-frontend/src/lib/services/fuse-lazy-search-indexeddb.ts(547,28): error TS1160: Unterminated template literal.
sveltekit-frontend/src/lib/services/fuse-search-engine.ts(39,41): error TS1005: ';' expected.
sveltekit-frontend/src/lib/services/fuse-search-engine.ts(103,54): error TS1005: ')' expected.
sveltekit-frontend/src/lib/services/fuse-search-engine.ts(115,274): error TS1005: ';' expected.
sveltekit-frontend/src/lib/services/fuse-search-engine.ts(115,275): error TS1005: ',' expected.
sveltekit-frontend/src/lib/services/fuse-search-engine.ts(116,12): error TS1005: ',' expected.
sveltekit-frontend/src/lib/services/fuse-search-engine.ts(117,14): error TS1005: ',' expected.
sveltekit-frontend/src/lib/services/fuse-search-engine.ts(118,18): error TS1005: ',' expected.
sveltekit-frontend/src/lib/services/fuse-search-engine.ts(119,15): error TS1005: ',' expected.
sveltekit-frontend/src/lib/services/fuse-search-engine.ts(120,11): error TS1005: ',' expected.
sveltekit-frontend/src/lib/services/fuse-search-engine.ts(121,11): error TS1005: ',' expected.
sveltekit-frontend/src/lib/services/fuse-search-engine.ts(122,17): error TS1005: ',' expected.
sveltekit-frontend/src/lib/services/fuse-search-engine.ts(123,17): error TS1005: ',' expected.
sveltekit-frontend/src/lib/services/fuse-search-engine.ts(124,5): error TS1005: ',' expected.
sveltekit-frontend/src/lib/services/fuse-search-engine.ts(124,6): error TS1068: Unexpected token. A constructor, method, accessor, or property was expected.
sveltekit-frontend/src/lib/services/fuse-search-engine.ts(127,3): error TS1434: Unexpected keyword or identifier.
sveltekit-frontend/src/lib/services/fuse-search-engine.ts(127,21): error TS1005: ',' expected.
sveltekit-frontend/src/lib/services/fuse-search-engine.ts(127,39): error TS1005: ',' expected.
sveltekit-frontend/src/lib/services/fuse-search-engine.ts(127,60): error TS1005: ';' expected.
sveltekit-frontend/src/lib/services/fuse-search-engine.ts(127,83): error TS1011: An element access expression should take an argument.
sveltekit-frontend/src/lib/services/fuse-search-engine.ts(128,11): error TS1005: ':' expected.
sveltekit-frontend/src/lib/services/fuse-search-engine.ts(135,15): error TS1005: ',' expected.
sveltekit-frontend/src/lib/services/fuse-search-engine.ts(135,16): error TS1136: Property assignment expected.
sveltekit-frontend/src/lib/services/fuse-search-engine.ts(135,18): error TS1005: ',' expected.
sveltekit-frontend/src/lib/services/fuse-search-engine.ts(137,9): error TS1005: ':' expected.
sveltekit-frontend/src/lib/services/fuse-search-engine.ts(137,35): error TS1005: ',' expected.
sveltekit-frontend/src/lib/services/fuse-search-engine.ts(139,11): error TS1005: ',' expected.
sveltekit-frontend/src/lib/services/fuse-search-engine.ts(139,16): error TS1005: ',' expected.
sveltekit-frontend/src/lib/services/fuse-search-engine.ts(139,52): error TS1005: ',' expected.
sveltekit-frontend/src/lib/services/fuse-search-engine.ts(141,11): error TS1005: ':' expected.
sveltekit-frontend/src/lib/services/fuse-search-engine.ts(141,39): error TS1109: Expression expected.
sveltekit-frontend/src/lib/services/fuse-search-engine.ts(141,40): error TS1005: ':' expected.
sveltekit-frontend/src/lib/services/fuse-search-engine.ts(141,42): error TS1136: Property assignment expected.
sveltekit-frontend/src/lib/services/fuse-search-engine.ts(141,45): error TS1109: Expression expected.
sveltekit-frontend/src/lib/services/fuse-search-engine.ts(141,46): error TS1005: ':' expected.
sveltekit-frontend/src/lib/services/fuse-search-engine.ts(142,10): error TS1359: Identifier expected. 'const' is a reserved word that cannot be used here.
sveltekit-frontend/src/lib/services/fuse-search-engine.ts(142,16): error TS1005: ',' expected.
sveltekit-frontend/src/lib/services/fuse-search-engine.ts(142,32): error TS1005: ',' expected.
sveltekit-frontend/src/lib/services/fuse-search-engine.ts(151,92): error TS1005: ';' expected.
sveltekit-frontend/src/lib/services/fuse-search-engine.ts(151,93): error TS1005: ',' expected.
sveltekit-frontend/src/lib/services/fuse-search-engine.ts(152,14): error TS1005: ',' expected.
sveltekit-frontend/src/lib/services/fuse-search-engine.ts(153,16): error TS1005: ',' expected.
sveltekit-frontend/src/lib/services/fuse-search-engine.ts(154,19): error TS1005: ',' expected.
sveltekit-frontend/src/lib/services/fuse-search-engine.ts(154,122): error TS1131: Property or signature expected.
sveltekit-frontend/src/lib/services/fuse-search-engine.ts(154,124): error TS1005: ')' expected.
sveltekit-frontend/src/lib/services/fuse-search-engine.ts(154,137): error TS1109: Expression expected.
sveltekit-frontend/src/lib/services/fuse-search-engine.ts(154,144): error TS1109: Expression expected.
sveltekit-frontend/src/lib/services/fuse-search-engine.ts(154,145): error TS1005: ',' expected.
sveltekit-frontend/src/lib/services/fuse-search-engine.ts(154,146): error TS1003: Identifier expected.
sveltekit-frontend/src/lib/services/fuse-search-engine.ts(154,157): error TS1109: Expression expected.
sveltekit-frontend/src/lib/services/fuse-search-engine.ts(154,160): error TS1109: Expression expected.
sveltekit-frontend/src/lib/services/fuse-search-engine.ts(154,161): error TS1005: ':' expected.
sveltekit-frontend/src/lib/services/fuse-search-engine.ts(154,162): error TS1136: Property assignment expected.
sveltekit-frontend/src/lib/services/fuse-search-engine.ts(157,8): error TS1005: ';' expected.
sveltekit-frontend/src/lib/services/fuse-search-engine.ts(159,5): error TS1128: Declaration or statement expected.
sveltekit-frontend/src/lib/services/fuse-search-engine.ts(166,3): error TS1128: Declaration or statement expected.
sveltekit-frontend/src/lib/services/fuse-search-engine.ts(168,3): error TS1434: Unexpected keyword or identifier.
sveltekit-frontend/src/lib/services/fuse-search-engine.ts(168,29): error TS1005: ',' expected.
sveltekit-frontend/src/lib/services/fuse-search-engine.ts(168,47): error TS1005: ',' expected.
sveltekit-frontend/src/lib/services/fuse-search-engine.ts(168,68): error TS1005: ';' expected.
sveltekit-frontend/src/lib/services/fuse-search-engine.ts(168,91): error TS1011: An element access expression should take an argument.
sveltekit-frontend/src/lib/services/fuse-search-engine.ts(170,11): error TS1005: ':' expected.
sveltekit-frontend/src/lib/services/fuse-search-engine.ts(170,55): error TS1005: ',' expected.
sveltekit-frontend/src/lib/services/fuse-search-engine.ts(172,12): error TS1005: ':' expected.
sveltekit-frontend/src/lib/services/fuse-search-engine.ts(178,5): error TS1005: ',' expected.
sveltekit-frontend/src/lib/services/fuse-search-engine.ts(178,7): error TS1005: ';' expected.
sveltekit-frontend/src/lib/services/fuse-search-engine.ts(179,3): error TS1128: Declaration or statement expected.
sveltekit-frontend/src/lib/services/fuse-search-engine.ts(181,3): error TS1434: Unexpected keyword or identifier.
sveltekit-frontend/src/lib/services/fuse-search-engine.ts(181,29): error TS1005: ',' expected.
sveltekit-frontend/src/lib/services/fuse-search-engine.ts(181,47): error TS1005: ',' expected.
sveltekit-frontend/src/lib/services/fuse-search-engine.ts(181,68): error TS1005: ';' expected.
sveltekit-frontend/src/lib/services/fuse-search-engine.ts(181,91): error TS1011: An element access expression should take an argument.
sveltekit-frontend/src/lib/services/fuse-search-engine.ts(182,9): error TS1005: ':' expected.
sveltekit-frontend/src/lib/services/fuse-search-engine.ts(184,13): error TS1005: ':' expected.
sveltekit-frontend/src/lib/services/fuse-search-engine.ts(191,7): error TS1005: ',' expected.
sveltekit-frontend/src/lib/services/fuse-search-engine.ts(191,9): error TS1005: ',' expected.
sveltekit-frontend/src/lib/services/fuse-search-engine.ts(191,10): error TS1136: Property assignment expected.
sveltekit-frontend/src/lib/services/fuse-search-engine.ts(193,13): error TS1005: ':' expected.
sveltekit-frontend/src/lib/services/fuse-search-engine.ts(196,9): error TS1005: ',' expected.
sveltekit-frontend/src/lib/services/fuse-search-engine.ts(198,14): error TS1005: ':' expected.
sveltekit-frontend/src/lib/services/fuse-search-engine.ts(198,91): error TS1005: ',' expected.
sveltekit-frontend/src/lib/services/fuse-search-engine.ts(199,7): error TS1005: ';' expected.
sveltekit-frontend/src/lib/services/fuse-search-engine.ts(203,3): error TS1128: Declaration or statement expected.
sveltekit-frontend/src/lib/services/fuse-search-engine.ts(205,3): error TS1434: Unexpected keyword or identifier.
sveltekit-frontend/src/lib/services/fuse-search-engine.ts(205,35): error TS1005: ',' expected.
sveltekit-frontend/src/lib/services/fuse-search-engine.ts(205,55): error TS1005: ';' expected.
sveltekit-frontend/src/lib/services/fuse-search-engine.ts(205,72): error TS1011: An element access expression should take an argument.
sveltekit-frontend/src/lib/services/fuse-search-engine.ts(206,15): error TS1138: Parameter declaration expected.
sveltekit-frontend/src/lib/services/fuse-search-engine.ts(206,24): error TS1109: Expression expected.
sveltekit-frontend/src/lib/services/fuse-search-engine.ts(206,27): error TS1005: ':' expected.
sveltekit-frontend/src/lib/services/fuse-search-engine.ts(206,39): error TS1109: Expression expected.
sveltekit-frontend/src/lib/services/fuse-search-engine.ts(206,40): error TS1005: ':' expected.
sveltekit-frontend/src/lib/services/fuse-search-engine.ts(207,5): error TS1109: Expression expected.
sveltekit-frontend/src/lib/services/fuse-search-engine.ts(207,11): error TS1005: ':' expected.
sveltekit-frontend/src/lib/services/fuse-search-engine.ts(207,42): error TS1005: ',' expected.
sveltekit-frontend/src/lib/services/fuse-search-engine.ts(209,11): error TS1005: ':' expected.
sveltekit-frontend/src/lib/services/fuse-search-engine.ts(209,50): error TS1005: ',' expected.
sveltekit-frontend/src/lib/services/fuse-search-engine.ts(210,7): error TS1003: Identifier expected.
sveltekit-frontend/src/lib/services/fuse-search-engine.ts(211,19): error TS1005: ',' expected.
sveltekit-frontend/src/lib/services/fuse-search-engine.ts(212,23): error TS1005: ',' expected.
sveltekit-frontend/src/lib/services/fuse-search-engine.ts(212,55): error TS1005: ')' expected.
sveltekit-frontend/src/lib/services/fuse-search-engine.ts(214,11): error TS1005: ':' expected.
sveltekit-frontend/src/lib/services/fuse-search-engine.ts(214,102): error TS1005: ',' expected.
sveltekit-frontend/src/lib/services/fuse-search-engine.ts(215,23): error TS1005: ',' expected.
sveltekit-frontend/src/lib/services/fuse-search-engine.ts(215,55): error TS1005: ')' expected.
sveltekit-frontend/src/lib/services/fuse-search-engine.ts(216,12): error TS1005: ':' expected.
sveltekit-frontend/src/lib/services/fuse-search-engine.ts(216,51): error TS1005: ',' expected.
sveltekit-frontend/src/lib/services/fuse-search-engine.ts(219,3): error TS1434: Unexpected keyword or identifier.
sveltekit-frontend/src/lib/services/fuse-search-engine.ts(219,30): error TS1005: ',' expected.
sveltekit-frontend/src/lib/services/fuse-search-engine.ts(219,50): error TS1005: ';' expected.
sveltekit-frontend/src/lib/services/fuse-search-engine.ts(219,67): error TS1011: An element access expression should take an argument.
sveltekit-frontend/src/lib/services/fuse-search-engine.ts(220,11): error TS1005: ':' expected.
sveltekit-frontend/src/lib/services/fuse-search-engine.ts(220,65): error TS1136: Property assignment expected.
sveltekit-frontend/src/lib/services/fuse-search-engine.ts(220,67): error TS1005: ';' expected.
sveltekit-frontend/src/lib/services/fuse-search-engine.ts(225,86): error TS1005: ';' expected.
sveltekit-frontend/src/lib/services/fuse-search-engine.ts(225,87): error TS1005: ')' expected.
sveltekit-frontend/src/lib/services/fuse-search-engine.ts(225,100): error TS1109: Expression expected.
sveltekit-frontend/src/lib/services/fuse-search-engine.ts(225,107): error TS1128: Declaration or statement expected.
sveltekit-frontend/src/lib/services/fuse-search-engine.ts(225,108): error TS1128: Declaration or statement expected.
sveltekit-frontend/src/lib/services/fuse-search-engine.ts(226,7): error TS1128: Declaration or statement expected.
sveltekit-frontend/src/lib/services/fuse-search-engine.ts(232,5): error TS1128: Declaration or statement expected.
sveltekit-frontend/src/lib/services/fuse-search-engine.ts(234,3): error TS1128: Declaration or statement expected.
sveltekit-frontend/src/lib/services/fuse-search-engine.ts(236,3): error TS1434: Unexpected keyword or identifier.
sveltekit-frontend/src/lib/services/fuse-search-engine.ts(236,29): error TS1005: ',' expected.
sveltekit-frontend/src/lib/services/fuse-search-engine.ts(236,47): error TS1005: ',' expected.
sveltekit-frontend/src/lib/services/fuse-search-engine.ts(236,68): error TS1005: ';' expected.
sveltekit-frontend/src/lib/services/fuse-search-engine.ts(236,91): error TS1011: An element access expression should take an argument.
sveltekit-frontend/src/lib/services/fuse-search-engine.ts(239,15): error TS1138: Parameter declaration expected.
sveltekit-frontend/src/lib/services/fuse-search-engine.ts(239,24): error TS1109: Expression expected.
sveltekit-frontend/src/lib/services/fuse-search-engine.ts(239,27): error TS1005: ':' expected.
sveltekit-frontend/src/lib/services/fuse-search-engine.ts(239,39): error TS1109: Expression expected.
sveltekit-frontend/src/lib/services/fuse-search-engine.ts(239,40): error TS1005: ':' expected.
sveltekit-frontend/src/lib/services/fuse-search-engine.ts(240,5): error TS1109: Expression expected.
sveltekit-frontend/src/lib/services/fuse-search-engine.ts(240,12): error TS1005: ':' expected.
sveltekit-frontend/src/lib/services/fuse-search-engine.ts(244,5): error TS1136: Property assignment expected.
sveltekit-frontend/src/lib/services/fuse-search-engine.ts(244,7): error TS1005: ';' expected.
sveltekit-frontend/src/lib/services/fuse-search-engine.ts(245,3): error TS1128: Declaration or statement expected.
sveltekit-frontend/src/lib/services/fuse-search-engine.ts(247,32): error TS1109: Expression expected.
sveltekit-frontend/src/lib/services/fuse-search-engine.ts(247,41): error TS1005: ';' expected.
sveltekit-frontend/src/lib/services/fuse-search-engine.ts(247,43): error TS1434: Unexpected keyword or identifier.
sveltekit-frontend/src/lib/services/fuse-search-engine.ts(265,19): error TS1005: ';' expected.
sveltekit-frontend/src/lib/services/fuse-search-engine.ts(265,21): error TS1434: Unexpected keyword or identifier.
sveltekit-frontend/src/lib/services/fuse-search-engine.ts(270,22): error TS1005: ',' expected.
sveltekit-frontend/src/lib/services/fuse-search-engine.ts(271,25): error TS1005: ',' expected.
sveltekit-frontend/src/lib/services/fuse-search-engine.ts(272,5): error TS1135: Argument expression expected.
sveltekit-frontend/src/lib/services/fuse-search-engine.ts(275,3): error TS1128: Declaration or statement expected.
sveltekit-frontend/src/lib/services/fuse-search-engine.ts(275,11): error TS1434: Unexpected keyword or identifier.
sveltekit-frontend/src/lib/services/fuse-search-engine.ts(275,50): error TS1005: ',' expected.
sveltekit-frontend/src/lib/services/fuse-search-engine.ts(275,59): error TS1011: An element access expression should take an argument.
sveltekit-frontend/src/lib/services/fuse-search-engine.ts(275,61): error TS1005: ';' expected.
sveltekit-frontend/src/lib/services/fuse-search-engine.ts(275,75): error TS1109: Expression expected.
sveltekit-frontend/src/lib/services/fuse-search-engine.ts(276,11): error TS1005: ':' expected.
sveltekit-frontend/src/lib/services/fuse-search-engine.ts(276,43): error TS1005: ':' expected.
sveltekit-frontend/src/lib/services/fuse-search-engine.ts(277,11): error TS1005: ':' expected.
sveltekit-frontend/src/lib/services/fuse-search-engine.ts(277,27): error TS1005: ',' expected.
sveltekit-frontend/src/lib/services/fuse-search-engine.ts(278,10): error TS1359: Identifier expected. 'const' is a reserved word that cannot be used here.
sveltekit-frontend/src/lib/services/fuse-search-engine.ts(278,16): error TS1005: ',' expected.
sveltekit-frontend/src/lib/services/fuse-search-engine.ts(278,32): error TS1005: ',' expected.
sveltekit-frontend/src/lib/services/fuse-search-engine.ts(285,3): error TS1128: Declaration or statement expected.
sveltekit-frontend/src/lib/services/fuse-search-engine.ts(285,35): error TS1005: ',' expected.
sveltekit-frontend/src/lib/services/fuse-search-engine.ts(285,50): error TS1005: ',' expected.
sveltekit-frontend/src/lib/services/fuse-search-engine.ts(285,57): error TS1005: ';' expected.
sveltekit-frontend/src/lib/services/fuse-search-engine.ts(285,83): error TS1005: ';' expected.
sveltekit-frontend/src/lib/services/fuse-search-engine.ts(294,3): error TS1128: Declaration or statement expected.
sveltekit-frontend/src/lib/services/fuse-search-engine.ts(294,27): error TS1005: ',' expected.
sveltekit-frontend/src/lib/services/fuse-search-engine.ts(294,33): error TS1005: ';' expected.
sveltekit-frontend/src/lib/services/fuse-search-engine.ts(294,42): error TS1011: An element access expression should take an argument.
sveltekit-frontend/src/lib/services/fuse-search-engine.ts(294,44): error TS1005: ';' expected.
sveltekit-frontend/src/lib/services/fuse-search-engine.ts(297,573): error TS1005: ';' expected.
sveltekit-frontend/src/lib/services/fuse-search-engine.ts(297,574): error TS1005: ')' expected.
sveltekit-frontend/src/lib/services/fuse-search-engine.ts(297,583): error TS1109: Expression expected.
sveltekit-frontend/src/lib/services/fuse-search-engine.ts(297,590): error TS1128: Declaration or statement expected.
sveltekit-frontend/src/lib/services/fuse-search-engine.ts(297,591): error TS1128: Declaration or statement expected.
sveltekit-frontend/src/lib/services/fuse-search-engine.ts(297,592): error TS1434: Unexpected keyword or identifier.
sveltekit-frontend/src/lib/services/fuse-search-engine.ts(297,600): error TS1128: Declaration or statement expected.
sveltekit-frontend/src/lib/services/fuse-search-engine.ts(298,569): error TS1005: ';' expected.
sveltekit-frontend/src/lib/services/fuse-search-engine.ts(298,570): error TS1005: ')' expected.
sveltekit-frontend/src/lib/services/fuse-search-engine.ts(298,579): error TS1109: Expression expected.
sveltekit-frontend/src/lib/services/fuse-search-engine.ts(298,585): error TS1128: Declaration or statement expected.
sveltekit-frontend/src/lib/services/fuse-search-engine.ts(298,586): error TS1128: Declaration or statement expected.
sveltekit-frontend/src/lib/services/fuse-search-engine.ts(298,587): error TS1128: Declaration or statement expected.
sveltekit-frontend/src/lib/services/fuse-search-engine.ts(298,592): error TS2457: Type alias name cannot be 'type'.
sveltekit-frontend/src/lib/services/fuse-search-engine.ts(299,573): error TS1005: ';' expected.
sveltekit-frontend/src/lib/services/fuse-search-engine.ts(299,574): error TS1005: ')' expected.
sveltekit-frontend/src/lib/services/fuse-search-engine.ts(299,583): error TS1109: Expression expected.
sveltekit-frontend/src/lib/services/fuse-search-engine.ts(299,589): error TS1128: Declaration or statement expected.
sveltekit-frontend/src/lib/services/fuse-search-engine.ts(299,590): error TS1128: Declaration or statement expected.
sveltekit-frontend/src/lib/services/fuse-search-engine.ts(299,591): error TS1128: Declaration or statement expected.
sveltekit-frontend/src/lib/services/fuse-search-engine.ts(299,592): error TS1434: Unexpected keyword or identifier.
sveltekit-frontend/src/lib/services/fuse-search-engine.ts(299,600): error TS1128: Declaration or statement expected.
sveltekit-frontend/src/lib/services/fuse-search-engine.ts(300,571): error TS1005: ';' expected.
sveltekit-frontend/src/lib/services/fuse-search-engine.ts(300,572): error TS1005: ')' expected.
sveltekit-frontend/src/lib/services/fuse-search-engine.ts(300,581): error TS1109: Expression expected.
sveltekit-frontend/src/lib/services/fuse-search-engine.ts(300,587): error TS1128: Declaration or statement expected.
sveltekit-frontend/src/lib/services/fuse-search-engine.ts(300,588): error TS1128: Declaration or statement expected.
sveltekit-frontend/src/lib/services/fuse-search-engine.ts(300,589): error TS1128: Declaration or statement expected.
sveltekit-frontend/src/lib/services/fuse-search-engine.ts(300,590): error TS1434: Unexpected keyword or identifier.
sveltekit-frontend/src/lib/services/fuse-search-engine.ts(300,596): error TS1128: Declaration or statement expected.
sveltekit-frontend/src/lib/services/fuse-search-engine.ts(302,3): error TS1128: Declaration or statement expected.
sveltekit-frontend/src/lib/services/fuse-search-engine.ts(303,3): error TS1128: Declaration or statement expected.
sveltekit-frontend/src/lib/services/fuse-search-engine.ts(303,35): error TS1005: ',' expected.
sveltekit-frontend/src/lib/services/fuse-search-engine.ts(303,44): error TS1005: ';' expected.
sveltekit-frontend/src/lib/services/fuse-search-engine.ts(304,15): error TS1138: Parameter declaration expected.
sveltekit-frontend/src/lib/services/fuse-search-engine.ts(304,24): error TS1109: Expression expected.
sveltekit-frontend/src/lib/services/fuse-search-engine.ts(304,27): error TS1005: ':' expected.
sveltekit-frontend/src/lib/services/fuse-search-engine.ts(304,36): error TS1005: ',' expected.
sveltekit-frontend/src/lib/services/fuse-search-engine.ts(306,5): error TS1109: Expression expected.
sveltekit-frontend/src/lib/services/fuse-search-engine.ts(316,3): error TS1128: Declaration or statement expected.
sveltekit-frontend/src/lib/services/fuse-search-engine.ts(317,3): error TS1128: Declaration or statement expected.
sveltekit-frontend/src/lib/services/fuse-search-engine.ts(317,37): error TS1005: ',' expected.
sveltekit-frontend/src/lib/services/fuse-search-engine.ts(317,43): error TS1011: An element access expression should take an argument.
sveltekit-frontend/src/lib/services/fuse-search-engine.ts(317,45): error TS1005: ';' expected.
sveltekit-frontend/src/lib/services/fuse-search-engine.ts(317,54): error TS1011: An element access expression should take an argument.
sveltekit-frontend/src/lib/services/fuse-search-engine.ts(317,56): error TS1005: ';' expected.
sveltekit-frontend/src/lib/services/fuse-search-engine.ts(333,3): error TS1128: Declaration or statement expected.
sveltekit-frontend/src/lib/services/fuse-search-engine.ts(333,31): error TS1005: ',' expected.
sveltekit-frontend/src/lib/services/fuse-search-engine.ts(333,46): error TS1011: An element access expression should take an argument.
sveltekit-frontend/src/lib/services/fuse-search-engine.ts(333,57): error TS1109: Expression expected.
sveltekit-frontend/src/lib/services/fuse-search-engine.ts(333,84): error TS1005: ';' expected.
sveltekit-frontend/src/lib/services/fuse-search-engine.ts(333,99): error TS1011: An element access expression should take an argument.
sveltekit-frontend/src/lib/services/fuse-search-engine.ts(333,101): error TS1005: ';' expected.
sveltekit-frontend/src/lib/services/fuse-search-engine.ts(335,50): error TS1005: ';' expected.
sveltekit-frontend/src/lib/services/fuse-search-engine.ts(335,51): error TS1128: Declaration or statement expected.
sveltekit-frontend/src/lib/services/fuse-search-engine.ts(340,112): error TS1005: ';' expected.
sveltekit-frontend/src/lib/services/fuse-search-engine.ts(340,113): error TS1005: ')' expected.
sveltekit-frontend/src/lib/services/fuse-search-engine.ts(340,126): error TS1109: Expression expected.
sveltekit-frontend/src/lib/services/fuse-search-engine.ts(340,133): error TS1128: Declaration or statement expected.
sveltekit-frontend/src/lib/services/fuse-search-engine.ts(340,134): error TS1128: Declaration or statement expected.
sveltekit-frontend/src/lib/services/fuse-search-engine.ts(340,151): error TS1005: ';' expected.
sveltekit-frontend/src/lib/services/fuse-search-engine.ts(350,56): error TS1109: Expression expected.
sveltekit-frontend/src/lib/services/fuse-search-engine.ts(362,5): error TS1128: Declaration or statement expected.
sveltekit-frontend/src/lib/services/fuse-search-engine.ts(362,6): error TS1128: Declaration or statement expected.
sveltekit-frontend/src/lib/services/fuse-search-engine.ts(363,3): error TS1128: Declaration or statement expected.
sveltekit-frontend/src/lib/services/fuse-search-engine.ts(364,3): error TS1128: Declaration or statement expected.
sveltekit-frontend/src/lib/services/fuse-search-engine.ts(364,30): error TS1005: ',' expected.
sveltekit-frontend/src/lib/services/fuse-search-engine.ts(364,45): error TS1011: An element access expression should take an argument.
sveltekit-frontend/src/lib/services/fuse-search-engine.ts(364,55): error TS1005: ',' expected.
sveltekit-frontend/src/lib/services/fuse-search-engine.ts(364,65): error TS1005: ';' expected.
sveltekit-frontend/src/lib/services/fuse-search-engine.ts(364,83): error TS1005: ';' expected.
sveltekit-frontend/src/lib/services/fuse-search-engine.ts(384,3): error TS1128: Declaration or statement expected.
sveltekit-frontend/src/lib/services/fuse-search-engine.ts(384,40): error TS1005: ',' expected.
sveltekit-frontend/src/lib/services/fuse-search-engine.ts(384,57): error TS1005: ';' expected.
sveltekit-frontend/src/lib/services/fuse-search-engine.ts(384,59): error TS1434: Unexpected keyword or identifier.
sveltekit-frontend/src/lib/services/fuse-search-engine.ts(391,317): error TS1005: ';' expected.
sveltekit-frontend/src/lib/services/fuse-search-engine.ts(391,318): error TS1005: ')' expected.
sveltekit-frontend/src/lib/services/fuse-search-engine.ts(391,327): error TS1109: Expression expected.
sveltekit-frontend/src/lib/services/fuse-search-engine.ts(391,334): error TS1128: Declaration or statement expected.
sveltekit-frontend/src/lib/services/fuse-search-engine.ts(391,335): error TS1128: Declaration or statement expected.
sveltekit-frontend/src/lib/services/fuse-search-engine.ts(391,336): error TS1434: Unexpected keyword or identifier.
sveltekit-frontend/src/lib/services/fuse-search-engine.ts(391,346): error TS1128: Declaration or statement expected.
sveltekit-frontend/src/lib/services/fuse-search-engine.ts(391,347): error TS1128: Declaration or statement expected.
sveltekit-frontend/src/lib/services/fuse-search-engine.ts(391,357): error TS1005: ';' expected.
sveltekit-frontend/src/lib/services/fuse-search-engine.ts(391,359): error TS1161: Unterminated regular expression literal.
sveltekit-frontend/src/lib/services/fuse-search-engine.ts(400,3): error TS1128: Declaration or statement expected.
sveltekit-frontend/src/lib/services/fuse-search-engine.ts(401,3): error TS1128: Declaration or statement expected.
sveltekit-frontend/src/lib/services/fuse-search-engine.ts(401,35): error TS1005: ',' expected.
sveltekit-frontend/src/lib/services/fuse-search-engine.ts(401,44): error TS1005: ';' expected.
sveltekit-frontend/src/lib/services/fuse-search-engine.ts(415,3): error TS1128: Declaration or statement expected.
sveltekit-frontend/src/lib/services/fuse-search-engine.ts(415,11): error TS1434: Unexpected keyword or identifier.
sveltekit-frontend/src/lib/services/fuse-search-engine.ts(415,49): error TS1005: ',' expected.
sveltekit-frontend/src/lib/services/fuse-search-engine.ts(415,65): error TS1005: ',' expected.
sveltekit-frontend/src/lib/services/fuse-search-engine.ts(415,75): error TS1005: ';' expected.
sveltekit-frontend/src/lib/services/fuse-search-engine.ts(415,92): error TS1011: An element access expression should take an argument.
sveltekit-frontend/src/lib/services/fuse-search-engine.ts(416,11): error TS1005: ':' expected.
sveltekit-frontend/src/lib/services/fuse-search-engine.ts(416,34): error TS1109: Expression expected.
sveltekit-frontend/src/lib/services/fuse-search-engine.ts(416,35): error TS1005: ':' expected.
sveltekit-frontend/src/lib/services/fuse-search-engine.ts(416,37): error TS1136: Property assignment expected.
sveltekit-frontend/src/lib/services/fuse-search-engine.ts(416,40): error TS1109: Expression expected.
sveltekit-frontend/src/lib/services/fuse-search-engine.ts(416,41): error TS1005: ':' expected.
sveltekit-frontend/src/lib/services/fuse-search-engine.ts(418,10): error TS1359: Identifier expected. 'const' is a reserved word that cannot be used here.
sveltekit-frontend/src/lib/services/fuse-search-engine.ts(418,16): error TS1005: ',' expected.
sveltekit-frontend/src/lib/services/fuse-search-engine.ts(418,40): error TS1005: ',' expected.
sveltekit-frontend/src/lib/services/fuse-search-engine.ts(418,45): error TS1005: ',' expected.
sveltekit-frontend/src/lib/services/fuse-search-engine.ts(418,61): error TS1005: ',' expected.
sveltekit-frontend/src/lib/services/fuse-search-engine.ts(418,63): error TS1136: Property assignment expected.
sveltekit-frontend/src/lib/services/fuse-search-engine.ts(432,3): error TS1128: Declaration or statement expected.
sveltekit-frontend/src/lib/services/fuse-search-engine.ts(433,3): error TS1128: Declaration or statement expected.
sveltekit-frontend/src/lib/services/fuse-search-engine.ts(433,42): error TS1005: ',' expected.
sveltekit-frontend/src/lib/services/fuse-search-engine.ts(433,51): error TS1005: ';' expected.
sveltekit-frontend/src/lib/services/fuse-search-engine.ts(433,60): error TS1011: An element access expression should take an argument.
sveltekit-frontend/src/lib/services/fuse-search-engine.ts(433,62): error TS1005: ';' expected.
sveltekit-frontend/src/lib/services/fuse-search-engine.ts(436,7): error TS1128: Declaration or statement expected.
sveltekit-frontend/src/lib/services/fuse-search-engine.ts(439,3): error TS1128: Declaration or statement expected.
sveltekit-frontend/src/lib/services/fuse-search-engine.ts(439,57): error TS1005: ',' expected.
sveltekit-frontend/src/lib/services/fuse-search-engine.ts(439,63): error TS1011: An element access expression should take an argument.
sveltekit-frontend/src/lib/services/fuse-search-engine.ts(439,79): error TS1005: ',' expected.
sveltekit-frontend/src/lib/services/fuse-search-engine.ts(439,94): error TS1011: An element access expression should take an argument.
sveltekit-frontend/src/lib/services/fuse-search-engine.ts(439,96): error TS1005: ';' expected.
sveltekit-frontend/src/lib/services/fuse-search-engine.ts(439,114): error TS1005: ';' expected.
sveltekit-frontend/src/lib/services/fuse-search-engine.ts(443,97): error TS1005: ';' expected.
sveltekit-frontend/src/lib/services/fuse-search-engine.ts(443,98): error TS1005: ')' expected.
sveltekit-frontend/src/lib/services/fuse-search-engine.ts(443,111): error TS1109: Expression expected.
sveltekit-frontend/src/lib/services/fuse-search-engine.ts(443,118): error TS1128: Declaration or statement expected.
sveltekit-frontend/src/lib/services/fuse-search-engine.ts(443,119): error TS1128: Declaration or statement expected.
sveltekit-frontend/src/lib/services/fuse-search-engine.ts(444,21): error TS1005: ',' expected.
sveltekit-frontend/src/lib/services/fuse-search-engine.ts(449,24): error TS1005: ';' expected.
sveltekit-frontend/src/lib/services/fuse-search-engine.ts(453,114): error TS1005: ';' expected.
sveltekit-frontend/src/lib/services/fuse-search-engine.ts(453,115): error TS1005: ')' expected.
sveltekit-frontend/src/lib/services/fuse-search-engine.ts(453,128): error TS1109: Expression expected.
sveltekit-frontend/src/lib/services/fuse-search-engine.ts(453,135): error TS1128: Declaration or statement expected.
sveltekit-frontend/src/lib/services/fuse-search-engine.ts(453,136): error TS1128: Declaration or statement expected.
sveltekit-frontend/src/lib/services/fuse-search-engine.ts(453,145): error TS1005: ';' expected.
sveltekit-frontend/src/lib/services/fuse-search-engine.ts(459,99): error TS1005: ';' expected.
sveltekit-frontend/src/lib/services/fuse-search-engine.ts(459,100): error TS1005: ')' expected.
sveltekit-frontend/src/lib/services/fuse-search-engine.ts(459,113): error TS1109: Expression expected.
sveltekit-frontend/src/lib/services/fuse-search-engine.ts(459,120): error TS1128: Declaration or statement expected.
sveltekit-frontend/src/lib/services/fuse-search-engine.ts(459,121): error TS1128: Declaration or statement expected.
sveltekit-frontend/src/lib/services/fuse-search-engine.ts(462,26): error TS1005: ';' expected.
sveltekit-frontend/src/lib/services/fuse-search-engine.ts(463,7): error TS1128: Declaration or statement expected.
sveltekit-frontend/src/lib/services/fuse-search-engine.ts(464,5): error TS1128: Declaration or statement expected.
sveltekit-frontend/src/lib/services/fuse-search-engine.ts(466,3): error TS1128: Declaration or statement expected.
sveltekit-frontend/src/lib/services/fuse-search-engine.ts(467,1): error TS1128: Declaration or statement expected.
sveltekit-frontend/src/lib/services/gemma-embedding-service.ts(84,44): error TS1109: Expression expected.
sveltekit-frontend/src/lib/services/gemma-embedding-service.ts(85,7): error TS1109: Expression expected.
sveltekit-frontend/src/lib/services/gemma-embedding-service.ts(86,42): error TS1109: Expression expected.
sveltekit-frontend/src/lib/services/gemma-embedding-service.ts(87,13): error TS1109: Expression expected.
sveltekit-frontend/src/lib/services/gemma-embedding-service.ts(167,33): error TS1005: ';' expected.
sveltekit-frontend/src/lib/services/gemma-embedding-service.ts(167,34): error TS1131: Property or signature expected.
sveltekit-frontend/src/lib/services/gemma-embedding-service.ts(169,3): error TS1068: Unexpected token. A constructor, method, accessor, or property was expected.
sveltekit-frontend/src/lib/services/gemma-embedding-service.ts(169,4): error TS1068: Unexpected token. A constructor, method, accessor, or property was expected.
sveltekit-frontend/src/lib/services/gemma-embedding-service.ts(169,21): error TS1139: Type parameter declaration expected.
sveltekit-frontend/src/lib/services/gemma-embedding-service.ts(169,22): error TS1109: Expression expected.
sveltekit-frontend/src/lib/services/gemma-embedding-service.ts(169,23): error TS1109: Expression expected.
sveltekit-frontend/src/lib/services/gemma-embedding-service.ts(169,24): error TS1005: ';' expected.
sveltekit-frontend/src/lib/services/gemma-embedding-service.ts(169,27): error TS1005: ';' expected.
sveltekit-frontend/src/lib/services/gemma-embedding-service.ts(170,11): error TS1005: ':' expected.
sveltekit-frontend/src/lib/services/gemma-embedding-service.ts(176,15): error TS1005: ',' expected.
sveltekit-frontend/src/lib/services/gemma-embedding-service.ts(176,16): error TS1136: Property assignment expected.
sveltekit-frontend/src/lib/services/gemma-embedding-service.ts(176,18): error TS1005: ',' expected.
sveltekit-frontend/src/lib/services/gemma-embedding-service.ts(177,11): error TS1005: ':' expected.
sveltekit-frontend/src/lib/services/gemma-embedding-service.ts(177,62): error TS1005: ',' expected.
sveltekit-frontend/src/lib/services/gemma-embedding-service.ts(179,11): error TS1005: ':' expected.
sveltekit-frontend/src/lib/services/gemma-embedding-service.ts(179,35): error TS1011: An element access expression should take an argument.
sveltekit-frontend/src/lib/services/gemma-embedding-service.ts(179,45): error TS1109: Expression expected.
sveltekit-frontend/src/lib/services/gemma-embedding-service.ts(179,46): error TS1109: Expression expected.
sveltekit-frontend/src/lib/services/gemma-embedding-service.ts(179,52): error TS1005: ',' expected.
sveltekit-frontend/src/lib/services/gemma-embedding-service.ts(180,11): error TS1005: ':' expected.
sveltekit-frontend/src/lib/services/gemma-embedding-service.ts(180,24): error TS1005: ',' expected.
sveltekit-frontend/src/lib/services/gemma-embedding-service.ts(180,32): error TS1005: ',' expected.
sveltekit-frontend/src/lib/services/gemma-embedding-service.ts(180,33): error TS1109: Expression expected.
sveltekit-frontend/src/lib/services/gemma-embedding-service.ts(180,35): error TS1005: ':' expected.
sveltekit-frontend/src/lib/services/gemma-embedding-service.ts(180,39): error TS1005: ',' expected.
sveltekit-frontend/src/lib/services/gemma-embedding-service.ts(181,11): error TS1005: ':' expected.
sveltekit-frontend/src/lib/services/gemma-embedding-service.ts(181,26): error TS1005: ',' expected.
sveltekit-frontend/src/lib/services/gemma-embedding-service.ts(181,34): error TS1005: ',' expected.
sveltekit-frontend/src/lib/services/gemma-embedding-service.ts(181,35): error TS1109: Expression expected.
sveltekit-frontend/src/lib/services/gemma-embedding-service.ts(181,37): error TS1005: ':' expected.
sveltekit-frontend/src/lib/services/gemma-embedding-service.ts(181,41): error TS1005: ',' expected.
sveltekit-frontend/src/lib/services/gemma-embedding-service.ts(193,7): error TS1005: ',' expected.
sveltekit-frontend/src/lib/services/gemma-embedding-service.ts(193,12): error TS1005: ':' expected.
sveltekit-frontend/src/lib/services/gemma-embedding-service.ts(194,20): error TS1005: ',' expected.
sveltekit-frontend/src/lib/services/gemma-embedding-service.ts(194,39): error TS1005: ',' expected.
sveltekit-frontend/src/lib/services/gemma-embedding-service.ts(195,22): error TS1005: ',' expected.
sveltekit-frontend/src/lib/services/gemma-embedding-service.ts(195,57): error TS1005: ')' expected.
sveltekit-frontend/src/lib/services/gemma-embedding-service.ts(198,5): error TS1005: ',' expected.
sveltekit-frontend/src/lib/services/gemma-embedding-service.ts(198,22): error TS1005: ',' expected.
sveltekit-frontend/src/lib/services/gemma-embedding-service.ts(198,35): error TS1005: ',' expected.
sveltekit-frontend/src/lib/services/gemma-embedding-service.ts(198,37): error TS1136: Property assignment expected.
sveltekit-frontend/src/lib/services/gemma-embedding-service.ts(205,39): error TS1128: Declaration or statement expected.
sveltekit-frontend/src/lib/services/gemma-embedding-service.ts(207,4): error TS1128: Declaration or statement expected.
sveltekit-frontend/src/lib/services/gemma-embedding-service.ts(207,6): error TS1128: Declaration or statement expected.
sveltekit-frontend/src/lib/services/gemma-embedding-service.ts(226,3): error TS1128: Declaration or statement expected.
sveltekit-frontend/src/lib/services/gemma-embedding-service.ts(230,3): error TS1128: Declaration or statement expected.
sveltekit-frontend/src/lib/services/gemma-embedding-service.ts(230,11): error TS1434: Unexpected keyword or identifier.
sveltekit-frontend/src/lib/services/gemma-embedding-service.ts(231,19): error TS1011: An element access expression should take an argument.
sveltekit-frontend/src/lib/services/gemma-embedding-service.ts(232,22): error TS1109: Expression expected.
sveltekit-frontend/src/lib/services/gemma-embedding-service.ts(232,43): error TS1109: Expression expected.
sveltekit-frontend/src/lib/services/gemma-embedding-service.ts(232,51): error TS1005: ';' expected.
sveltekit-frontend/src/lib/services/gemma-embedding-service.ts(232,64): error TS1109: Expression expected.
sveltekit-frontend/src/lib/services/gemma-embedding-service.ts(232,75): error TS1128: Declaration or statement expected.
sveltekit-frontend/src/lib/services/gemma-embedding-service.ts(233,23): error TS1109: Expression expected.
sveltekit-frontend/src/lib/services/gemma-embedding-service.ts(234,3): error TS1128: Declaration or statement expected.
sveltekit-frontend/src/lib/services/gemma-embedding-service.ts(234,4): error TS1128: Declaration or statement expected.
sveltekit-frontend/src/lib/services/gemma-embedding-service.ts(234,21): error TS1011: An element access expression should take an argument.
sveltekit-frontend/src/lib/services/gemma-embedding-service.ts(234,23): error TS1011: An element access expression should take an argument.
sveltekit-frontend/src/lib/services/gemma-embedding-service.ts(236,11): error TS1005: ':' expected.
sveltekit-frontend/src/lib/services/gemma-embedding-service.ts(245,7): error TS1005: ',' expected.
sveltekit-frontend/src/lib/services/gemma-embedding-service.ts(246,10): error TS1359: Identifier expected. 'const' is a reserved word that cannot be used here.
sveltekit-frontend/src/lib/services/gemma-embedding-service.ts(246,16): error TS1005: ',' expected.
sveltekit-frontend/src/lib/services/gemma-embedding-service.ts(246,30): error TS1005: ',' expected.
sveltekit-frontend/src/lib/services/gemma-embedding-service.ts(254,70): error TS1005: ')' expected.
sveltekit-frontend/src/lib/services/gemma-embedding-service.ts(258,70): error TS1005: ')' expected.
sveltekit-frontend/src/lib/services/gemma-embedding-service.ts(263,5): error TS1005: ',' expected.
sveltekit-frontend/src/lib/services/gemma-embedding-service.ts(263,10): error TS1005: ':' expected.
sveltekit-frontend/src/lib/services/gemma-embedding-service.ts(263,16): error TS1005: ':' expected.
sveltekit-frontend/src/lib/services/gemma-embedding-service.ts(263,55): error TS1005: ',' expected.
sveltekit-frontend/src/lib/services/gemma-embedding-service.ts(268,3): error TS1128: Declaration or statement expected.
sveltekit-frontend/src/lib/services/gemma-embedding-service.ts(268,11): error TS1434: Unexpected keyword or identifier.
sveltekit-frontend/src/lib/services/gemma-embedding-service.ts(270,19): error TS1011: An element access expression should take an argument.
sveltekit-frontend/src/lib/services/gemma-embedding-service.ts(271,22): error TS1109: Expression expected.
sveltekit-frontend/src/lib/services/gemma-embedding-service.ts(271,43): error TS1109: Expression expected.
sveltekit-frontend/src/lib/services/gemma-embedding-service.ts(271,51): error TS1005: ';' expected.
sveltekit-frontend/src/lib/services/gemma-embedding-service.ts(271,64): error TS1109: Expression expected.
sveltekit-frontend/src/lib/services/gemma-embedding-service.ts(272,3): error TS1128: Declaration or statement expected.
sveltekit-frontend/src/lib/services/gemma-embedding-service.ts(272,4): error TS1128: Declaration or statement expected.
sveltekit-frontend/src/lib/services/gemma-embedding-service.ts(272,21): error TS1011: An element access expression should take an argument.
sveltekit-frontend/src/lib/services/gemma-embedding-service.ts(272,23): error TS1011: An element access expression should take an argument.
sveltekit-frontend/src/lib/services/gemma-embedding-service.ts(273,11): error TS1005: ':' expected.
sveltekit-frontend/src/lib/services/gemma-embedding-service.ts(273,33): error TS1005: ',' expected.
sveltekit-frontend/src/lib/services/gemma-embedding-service.ts(275,11): error TS1005: ':' expected.
sveltekit-frontend/src/lib/services/gemma-embedding-service.ts(275,29): error TS1005: ',' expected.
sveltekit-frontend/src/lib/services/gemma-embedding-service.ts(275,30): error TS1109: Expression expected.
sveltekit-frontend/src/lib/services/gemma-embedding-service.ts(275,31): error TS1005: ':' expected.
sveltekit-frontend/src/lib/services/gemma-embedding-service.ts(275,35): error TS1136: Property assignment expected.
sveltekit-frontend/src/lib/services/gemma-embedding-service.ts(275,38): error TS1109: Expression expected.
sveltekit-frontend/src/lib/services/gemma-embedding-service.ts(275,39): error TS1005: ':' expected.
sveltekit-frontend/src/lib/services/gemma-embedding-service.ts(276,11): error TS1005: ':' expected.
sveltekit-frontend/src/lib/services/gemma-embedding-service.ts(276,51): error TS1005: ':' expected.
sveltekit-frontend/src/lib/services/gemma-embedding-service.ts(277,14): error TS1005: ',' expected.
sveltekit-frontend/src/lib/services/gemma-embedding-service.ts(277,17): error TS1109: Expression expected.
sveltekit-frontend/src/lib/services/gemma-embedding-service.ts(277,19): error TS1003: Identifier expected.
sveltekit-frontend/src/lib/services/gemma-embedding-service.ts(277,20): error TS1138: Parameter declaration expected.
sveltekit-frontend/src/lib/services/gemma-embedding-service.ts(277,21): error TS1138: Parameter declaration expected.
sveltekit-frontend/src/lib/services/gemma-embedding-service.ts(277,25): error TS1005: ',' expected.
sveltekit-frontend/src/lib/services/gemma-embedding-service.ts(277,33): error TS1005: ',' expected.
sveltekit-frontend/src/lib/services/gemma-embedding-service.ts(277,42): error TS1005: ',' expected.
sveltekit-frontend/src/lib/services/gemma-embedding-service.ts(277,46): error TS1005: ',' expected.
sveltekit-frontend/src/lib/services/gemma-embedding-service.ts(277,59): error TS1005: ',' expected.
sveltekit-frontend/src/lib/services/gemma-embedding-service.ts(277,61): error TS1136: Property assignment expected.
sveltekit-frontend/src/lib/services/gemma-embedding-service.ts(277,62): error TS1109: Expression expected.
sveltekit-frontend/src/lib/services/gemma-embedding-service.ts(278,49): error TS1005: ')' expected.
sveltekit-frontend/src/lib/services/gemma-embedding-service.ts(295,106): error TS1005: ';' expected.
sveltekit-frontend/src/lib/services/gemma-embedding-service.ts(295,107): error TS1005: '}' expected.
sveltekit-frontend/src/lib/services/gemma-embedding-service.ts(295,120): error TS1109: Expression expected.
sveltekit-frontend/src/lib/services/gemma-embedding-service.ts(295,127): error TS1128: Declaration or statement expected.
sveltekit-frontend/src/lib/services/gemma-embedding-service.ts(295,128): error TS1128: Declaration or statement expected.
sveltekit-frontend/src/lib/services/gemma-embedding-service.ts(295,136): error TS1109: Expression expected.
sveltekit-frontend/src/lib/services/gemma-embedding-service.ts(295,138): error TS1434: Unexpected keyword or identifier.
sveltekit-frontend/src/lib/services/gemma-embedding-service.ts(300,36): error TS1005: ';' expected.
sveltekit-frontend/src/lib/services/gemma-embedding-service.ts(300,70): error TS1005: ';' expected.
sveltekit-frontend/src/lib/services/gemma-embedding-service.ts(413,38): error TS1160: Unterminated template literal.
sveltekit-frontend/src/lib/services/generative-ui-cache-index.ts(803,1): error TS1128: Declaration or statement expected.
sveltekit-frontend/src/lib/services/generative-worker-client.ts(33,11): error TS1128: Declaration or statement expected.
sveltekit-frontend/src/lib/services/generative-worker-client.ts(42,5): error TS1128: Declaration or statement expected.
sveltekit-frontend/src/lib/services/generative-worker-client.ts(42,6): error TS1128: Declaration or statement expected.
sveltekit-frontend/src/lib/services/generative-worker-client.ts(43,3): error TS1128: Declaration or statement expected.
sveltekit-frontend/src/lib/services/generative-worker-client.ts(44,1): error TS1128: Declaration or statement expected.
sveltekit-frontend/src/lib/services/gguf-runtime.ts(1258,13): error TS1127: Invalid character.
sveltekit-frontend/src/lib/services/gguf-runtime.ts(1258,14): error TS1136: Property assignment expected.
sveltekit-frontend/src/lib/services/gguf-runtime.ts(1372,35): error TS1160: Unterminated template literal.
sveltekit-frontend/src/lib/services/glyph-diffusion-service.ts(66,36): error TS1131: Property or signature expected.
sveltekit-frontend/src/lib/services/glyph-diffusion-service.ts(71,4): error TS1109: Expression expected.
sveltekit-frontend/src/lib/services/glyph-diffusion-service.ts(71,6): error TS1109: Expression expected.
sveltekit-frontend/src/lib/services/glyph-diffusion-service.ts(72,3): error TS1128: Declaration or statement expected.
sveltekit-frontend/src/lib/services/glyph-diffusion-service.ts(73,3): error TS1128: Declaration or statement expected.
sveltekit-frontend/src/lib/services/glyph-diffusion-service.ts(74,3): error TS1434: Unexpected keyword or identifier.
sveltekit-frontend/src/lib/services/glyph-diffusion-service.ts(74,22): error TS1135: Argument expression expected.
sveltekit-frontend/src/lib/services/glyph-diffusion-service.ts(74,31): error TS1005: ';' expected.
sveltekit-frontend/src/lib/services/glyph-diffusion-service.ts(75,11): error TS1005: ':' expected.
sveltekit-frontend/src/lib/services/glyph-diffusion-service.ts(75,44): error TS1005: ',' expected.
sveltekit-frontend/src/lib/services/glyph-diffusion-service.ts(81,5): error TS1005: ',' expected.
sveltekit-frontend/src/lib/services/glyph-diffusion-service.ts(81,9): error TS1005: ':' expected.
sveltekit-frontend/src/lib/services/glyph-diffusion-service.ts(82,13): error TS1005: ':' expected.
sveltekit-frontend/src/lib/services/glyph-diffusion-service.ts(85,9): error TS1005: ',' expected.
sveltekit-frontend/src/lib/services/glyph-diffusion-service.ts(86,13): error TS1005: ':' expected.
sveltekit-frontend/src/lib/services/glyph-diffusion-service.ts(86,78): error TS1005: ',' expected.
sveltekit-frontend/src/lib/services/glyph-diffusion-service.ts(88,13): error TS1005: ':' expected.
sveltekit-frontend/src/lib/services/glyph-diffusion-service.ts(88,98): error TS1005: ',' expected.
sveltekit-frontend/src/lib/services/glyph-diffusion-service.ts(89,9): error TS1003: Identifier expected.
sveltekit-frontend/src/lib/services/glyph-diffusion-service.ts(90,9): error TS1003: Identifier expected.
sveltekit-frontend/src/lib/services/glyph-diffusion-service.ts(90,23): error TS1005: ',' expected.
sveltekit-frontend/src/lib/services/glyph-diffusion-service.ts(91,20): error TS1138: Parameter declaration expected.
sveltekit-frontend/src/lib/services/glyph-diffusion-service.ts(91,54): error TS1005: ',' expected.
sveltekit-frontend/src/lib/services/glyph-diffusion-service.ts(91,56): error TS1136: Property assignment expected.
sveltekit-frontend/src/lib/services/glyph-diffusion-service.ts(95,70): error TS1109: Expression expected.
sveltekit-frontend/src/lib/services/glyph-diffusion-service.ts(95,71): error TS1109: Expression expected.
sveltekit-frontend/src/lib/services/glyph-diffusion-service.ts(105,5): error TS1128: Declaration or statement expected.
sveltekit-frontend/src/lib/services/glyph-diffusion-service.ts(105,7): error TS1005: 'try' expected.
sveltekit-frontend/src/lib/services/glyph-diffusion-service.ts(109,3): error TS1128: Declaration or statement expected.
sveltekit-frontend/src/lib/services/glyph-diffusion-service.ts(110,3): error TS1434: Unexpected keyword or identifier.
sveltekit-frontend/src/lib/services/glyph-diffusion-service.ts(110,24): error TS1135: Argument expression expected.
sveltekit-frontend/src/lib/services/glyph-diffusion-service.ts(110,39): error TS1005: ',' expected.
sveltekit-frontend/src/lib/services/glyph-diffusion-service.ts(110,58): error TS1005: ',' expected.
sveltekit-frontend/src/lib/services/glyph-diffusion-service.ts(110,76): error TS1005: ';' expected.
sveltekit-frontend/src/lib/services/glyph-diffusion-service.ts(110,90): error TS1109: Expression expected.
sveltekit-frontend/src/lib/services/glyph-diffusion-service.ts(112,11): error TS1005: ':' expected.
sveltekit-frontend/src/lib/services/glyph-diffusion-service.ts(112,88): error TS1005: ',' expected.
sveltekit-frontend/src/lib/services/glyph-diffusion-service.ts(113,7): error TS1003: Identifier expected.
sveltekit-frontend/src/lib/services/glyph-diffusion-service.ts(114,7): error TS1003: Identifier expected.
sveltekit-frontend/src/lib/services/glyph-diffusion-service.ts(114,21): error TS1005: ',' expected.
sveltekit-frontend/src/lib/services/glyph-diffusion-service.ts(115,14): error TS1003: Identifier expected.
sveltekit-frontend/src/lib/services/glyph-diffusion-service.ts(115,38): error TS1005: ',' expected.
sveltekit-frontend/src/lib/services/glyph-diffusion-service.ts(116,14): error TS1003: Identifier expected.
sveltekit-frontend/src/lib/services/glyph-diffusion-service.ts(116,63): error TS1005: ',' expected.
sveltekit-frontend/src/lib/services/glyph-diffusion-service.ts(118,11): error TS1005: ',' expected.
sveltekit-frontend/src/lib/services/glyph-diffusion-service.ts(118,19): error TS1005: ',' expected.
sveltekit-frontend/src/lib/services/glyph-diffusion-service.ts(118,25): error TS1137: Expression or comma expected.
sveltekit-frontend/src/lib/services/glyph-diffusion-service.ts(119,7): error TS1136: Property assignment expected.
sveltekit-frontend/src/lib/services/glyph-diffusion-service.ts(127,47): error TS1109: Expression expected.
sveltekit-frontend/src/lib/services/glyph-diffusion-service.ts(128,7): error TS1128: Declaration or statement expected.
sveltekit-frontend/src/lib/services/glyph-diffusion-service.ts(129,5): error TS1128: Declaration or statement expected.
sveltekit-frontend/src/lib/services/glyph-diffusion-service.ts(129,6): error TS1128: Declaration or statement expected.
sveltekit-frontend/src/lib/services/glyph-diffusion-service.ts(131,62): error TS1109: Expression expected.
sveltekit-frontend/src/lib/services/glyph-diffusion-service.ts(131,63): error TS1109: Expression expected.
sveltekit-frontend/src/lib/services/glyph-diffusion-service.ts(153,3): error TS1109: Expression expected.
sveltekit-frontend/src/lib/services/glyph-diffusion-service.ts(154,3): error TS1434: Unexpected keyword or identifier.
sveltekit-frontend/src/lib/services/glyph-diffusion-service.ts(154,27): error TS1109: Expression expected.
sveltekit-frontend/src/lib/services/glyph-diffusion-service.ts(156,16): error TS1005: ',' expected.
sveltekit-frontend/src/lib/services/glyph-diffusion-service.ts(156,55): error TS1005: ':' expected.
sveltekit-frontend/src/lib/services/glyph-diffusion-service.ts(156,57): error TS1136: Property assignment expected.
sveltekit-frontend/src/lib/services/glyph-diffusion-service.ts(160,46): error TS1109: Expression expected.
sveltekit-frontend/src/lib/services/glyph-diffusion-service.ts(161,23): error TS1109: Expression expected.
sveltekit-frontend/src/lib/services/glyph-diffusion-service.ts(175,3): error TS1128: Declaration or statement expected.
sveltekit-frontend/src/lib/services/glyph-diffusion-service.ts(176,1): error TS1128: Declaration or statement expected.
sveltekit-frontend/src/lib/services/glyph-diffusion-service.ts(184,20): error TS1110: Type expected.
sveltekit-frontend/src/lib/services/glyph-diffusion-service.ts(189,30): error TS1005: ';' expected.
sveltekit-frontend/src/lib/services/glyph-diffusion-service.ts(189,31): error TS1131: Property or signature expected.
sveltekit-frontend/src/lib/services/glyph-diffusion-service.ts(191,3): error TS1068: Unexpected token. A constructor, method, accessor, or property was expected.
sveltekit-frontend/src/lib/services/glyph-diffusion-service.ts(191,4): error TS1068: Unexpected token. A constructor, method, accessor, or property was expected.
sveltekit-frontend/src/lib/services/glyph-diffusion-service.ts(191,6): error TS1434: Unexpected keyword or identifier.
sveltekit-frontend/src/lib/services/glyph-diffusion-service.ts(191,13): error TS1068: Unexpected token. A constructor, method, accessor, or property was expected.
sveltekit-frontend/src/lib/services/glyph-diffusion-service.ts(195,44): error TS1136: Property assignment expected.
sveltekit-frontend/src/lib/services/glyph-diffusion-service.ts(200,42): error TS1136: Property assignment expected.
sveltekit-frontend/src/lib/services/glyph-diffusion-service.ts(206,59): error TS1136: Property assignment expected.
sveltekit-frontend/src/lib/services/glyph-diffusion-service.ts(223,3): error TS1128: Declaration or statement expected.
sveltekit-frontend/src/lib/services/glyph-diffusion-service.ts(223,47): error TS1135: Argument expression expected.
sveltekit-frontend/src/lib/services/glyph-diffusion-service.ts(223,56): error TS1005: ';' expected.
sveltekit-frontend/src/lib/services/glyph-diffusion-service.ts(223,66): error TS1131: Property or signature expected.
sveltekit-frontend/src/lib/services/glyph-diffusion-service.ts(228,3): error TS1128: Declaration or statement expected.
sveltekit-frontend/src/lib/services/glyph-diffusion-service.ts(229,1): error TS1128: Declaration or statement expected.
sveltekit-frontend/src/lib/services/glyph-diffusion-service.ts(235,44): error TS1005: ';' expected.
sveltekit-frontend/src/lib/services/glyph-diffusion-service.ts(235,69): error TS1138: Parameter declaration expected.
sveltekit-frontend/src/lib/services/glyph-diffusion-service.ts(235,70): error TS1109: Expression expected.
sveltekit-frontend/src/lib/services/glyph-diffusion-service.ts(236,3): error TS1128: Declaration or statement expected.
sveltekit-frontend/src/lib/services/glyph-diffusion-service.ts(238,9): error TS1005: ':' expected.
sveltekit-frontend/src/lib/services/glyph-diffusion-service.ts(238,35): error TS1005: ',' expected.
sveltekit-frontend/src/lib/services/glyph-diffusion-service.ts(240,3): error TS1128: Declaration or statement expected.
sveltekit-frontend/src/lib/services/glyph-diffusion-service.ts(240,11): error TS1434: Unexpected keyword or identifier.
sveltekit-frontend/src/lib/services/glyph-diffusion-service.ts(240,43): error TS1109: Expression expected.
sveltekit-frontend/src/lib/services/glyph-diffusion-service.ts(240,57): error TS1109: Expression expected.
sveltekit-frontend/src/lib/services/glyph-diffusion-service.ts(242,11): error TS1005: ',' expected.
sveltekit-frontend/src/lib/services/glyph-diffusion-service.ts(242,24): error TS1005: ',' expected.
sveltekit-frontend/src/lib/services/glyph-diffusion-service.ts(242,36): error TS1136: Property assignment expected.
sveltekit-frontend/src/lib/services/glyph-diffusion-service.ts(263,3): error TS1128: Declaration or statement expected.
sveltekit-frontend/src/lib/services/glyph-diffusion-service.ts(267,3): error TS1434: Unexpected keyword or identifier.
sveltekit-frontend/src/lib/services/glyph-diffusion-service.ts(267,31): error TS1135: Argument expression expected.
sveltekit-frontend/src/lib/services/glyph-diffusion-service.ts(267,46): error TS1005: ';' expected.
sveltekit-frontend/src/lib/services/glyph-diffusion-service.ts(268,11): error TS1005: ':' expected.
sveltekit-frontend/src/lib/services/glyph-diffusion-service.ts(268,33): error TS1005: ',' expected.
sveltekit-frontend/src/lib/services/glyph-diffusion-service.ts(269,9): error TS1005: ',' expected.
sveltekit-frontend/src/lib/services/glyph-diffusion-service.ts(269,20): error TS1109: Expression expected.
sveltekit-frontend/src/lib/services/glyph-diffusion-service.ts(269,23): error TS1005: ':' expected.
sveltekit-frontend/src/lib/services/glyph-diffusion-service.ts(271,11): error TS1005: ':' expected.
sveltekit-frontend/src/lib/services/glyph-diffusion-service.ts(271,52): error TS1005: ',' expected.
sveltekit-frontend/src/lib/services/glyph-diffusion-service.ts(272,7): error TS1003: Identifier expected.
sveltekit-frontend/src/lib/services/glyph-diffusion-service.ts(273,21): error TS1005: ')' expected.
sveltekit-frontend/src/lib/services/glyph-diffusion-service.ts(275,13): error TS1005: ',' expected.
sveltekit-frontend/src/lib/services/glyph-diffusion-service.ts(275,46): error TS1005: ',' expected.
sveltekit-frontend/src/lib/services/glyph-diffusion-service.ts(275,48): error TS1136: Property assignment expected.
sveltekit-frontend/src/lib/services/glyph-diffusion-service.ts(287,3): error TS1128: Declaration or statement expected.
sveltekit-frontend/src/lib/services/glyph-diffusion-service.ts(288,3): error TS1128: Declaration or statement expected.
sveltekit-frontend/src/lib/services/glyph-diffusion-service.ts(288,11): error TS1434: Unexpected keyword or identifier.
sveltekit-frontend/src/lib/services/glyph-diffusion-service.ts(292,3): error TS1128: Declaration or statement expected.
sveltekit-frontend/src/lib/services/glyph-diffusion-service.ts(292,4): error TS1128: Declaration or statement expected.
sveltekit-frontend/src/lib/services/glyph-diffusion-service.ts(293,9): error TS1005: ',' expected.
sveltekit-frontend/src/lib/services/glyph-diffusion-service.ts(293,20): error TS1109: Expression expected.
sveltekit-frontend/src/lib/services/glyph-diffusion-service.ts(293,23): error TS1005: ':' expected.
sveltekit-frontend/src/lib/services/glyph-diffusion-service.ts(294,11): error TS1005: ':' expected.
sveltekit-frontend/src/lib/services/glyph-diffusion-service.ts(294,32): error TS1109: Expression expected.
sveltekit-frontend/src/lib/services/glyph-diffusion-service.ts(294,33): error TS1005: ':' expected.
sveltekit-frontend/src/lib/services/glyph-diffusion-service.ts(294,35): error TS1136: Property assignment expected.
sveltekit-frontend/src/lib/services/glyph-diffusion-service.ts(294,38): error TS1109: Expression expected.
sveltekit-frontend/src/lib/services/glyph-diffusion-service.ts(294,39): error TS1005: ':' expected.
sveltekit-frontend/src/lib/services/glyph-diffusion-service.ts(296,11): error TS1005: ':' expected.
sveltekit-frontend/src/lib/services/glyph-diffusion-service.ts(296,46): error TS1109: Expression expected.
sveltekit-frontend/src/lib/services/glyph-diffusion-service.ts(296,49): error TS1109: Expression expected.
sveltekit-frontend/src/lib/services/glyph-diffusion-service.ts(296,50): error TS1005: ':' expected.
sveltekit-frontend/src/lib/services/glyph-diffusion-service.ts(297,17): error TS1138: Parameter declaration expected.
sveltekit-frontend/src/lib/services/glyph-diffusion-service.ts(297,39): error TS1005: ',' expected.
sveltekit-frontend/src/lib/services/glyph-diffusion-service.ts(297,41): error TS1136: Property assignment expected.
sveltekit-frontend/src/lib/services/glyph-diffusion-service.ts(370,7): error TS1134: Variable declaration expected.
sveltekit-frontend/src/lib/services/glyph-diffusion-service.ts(376,49): error TS1109: Expression expected.
sveltekit-frontend/src/lib/services/glyph-diffusion-service.ts(377,4): error TS1128: Declaration or statement expected.
sveltekit-frontend/src/lib/services/glyph-diffusion-service.ts(377,6): error TS1128: Declaration or statement expected.
sveltekit-frontend/src/lib/services/glyph-diffusion-service.ts(423,13): error TS1134: Variable declaration expected.
sveltekit-frontend/src/lib/services/glyph-diffusion-service.ts(425,52): error TS1109: Expression expected.
sveltekit-frontend/src/lib/services/glyph-diffusion-service.ts(426,13): error TS1109: Expression expected.
sveltekit-frontend/src/lib/services/glyph-diffusion-service.ts(431,13): error TS1128: Declaration or statement expected.
sveltekit-frontend/src/lib/services/glyph-diffusion-service.ts(441,44): error TS1136: Property assignment expected.
sveltekit-frontend/src/lib/services/glyph-diffusion-service.ts(462,8): error TS1128: Declaration or statement expected.
sveltekit-frontend/src/lib/services/glyph-diffusion-service.ts(462,10): error TS1128: Declaration or statement expected.
sveltekit-frontend/src/lib/services/glyph-diffusion-service.ts(497,6): error TS1128: Declaration or statement expected.
sveltekit-frontend/src/lib/services/glyph-diffusion-service.ts(497,8): error TS1128: Declaration or statement expected.
sveltekit-frontend/src/lib/services/glyph-diffusion-service.ts(511,3): error TS1128: Declaration or statement expected.
sveltekit-frontend/src/lib/services/glyph-diffusion-service.ts(515,3): error TS1128: Declaration or statement expected.
sveltekit-frontend/src/lib/services/glyph-diffusion-service.ts(515,38): error TS1135: Argument expression expected.
sveltekit-frontend/src/lib/services/glyph-diffusion-service.ts(515,59): error TS1005: ',' expected.
sveltekit-frontend/src/lib/services/glyph-diffusion-service.ts(515,69): error TS1005: ';' expected.
sveltekit-frontend/src/lib/services/glyph-diffusion-service.ts(515,71): error TS1434: Unexpected keyword or identifier.
sveltekit-frontend/src/lib/services/glyph-diffusion-service.ts(520,43): error TS1109: Expression expected.
sveltekit-frontend/src/lib/services/glyph-diffusion-service.ts(521,21): error TS1109: Expression expected.
sveltekit-frontend/src/lib/services/glyph-diffusion-service.ts(529,3): error TS1128: Declaration or statement expected.
sveltekit-frontend/src/lib/services/glyph-diffusion-service.ts(529,47): error TS1135: Argument expression expected.
sveltekit-frontend/src/lib/services/glyph-diffusion-service.ts(529,68): error TS1005: ',' expected.
sveltekit-frontend/src/lib/services/glyph-diffusion-service.ts(529,88): error TS1005: ';' expected.
sveltekit-frontend/src/lib/services/glyph-diffusion-service.ts(529,90): error TS1434: Unexpected keyword or identifier.
sveltekit-frontend/src/lib/services/glyph-diffusion-service.ts(542,42): error TS1109: Expression expected.
sveltekit-frontend/src/lib/services/glyph-diffusion-service.ts(543,16): error TS1109: Expression expected.
sveltekit-frontend/src/lib/services/glyph-diffusion-service.ts(550,3): error TS1128: Declaration or statement expected.
sveltekit-frontend/src/lib/services/glyph-diffusion-service.ts(550,11): error TS1434: Unexpected keyword or identifier.
sveltekit-frontend/src/lib/services/glyph-diffusion-service.ts(554,3): error TS1128: Declaration or statement expected.
sveltekit-frontend/src/lib/services/glyph-diffusion-service.ts(554,4): error TS1128: Declaration or statement expected.
sveltekit-frontend/src/lib/services/glyph-diffusion-service.ts(562,11): error TS1005: ':' expected.
sveltekit-frontend/src/lib/services/glyph-diffusion-service.ts(562,48): error TS1005: ',' expected.
sveltekit-frontend/src/lib/services/glyph-diffusion-service.ts(563,11): error TS1005: ':' expected.
sveltekit-frontend/src/lib/services/glyph-diffusion-service.ts(563,77): error TS1005: ',' expected.
sveltekit-frontend/src/lib/services/glyph-diffusion-service.ts(564,12): error TS1005: ':' expected.
sveltekit-frontend/src/lib/services/glyph-diffusion-service.ts(564,19): error TS1005: ',' expected.
sveltekit-frontend/src/lib/services/glyph-diffusion-service.ts(566,3): error TS1128: Declaration or statement expected.
sveltekit-frontend/src/lib/services/glyph-diffusion-service.ts(566,11): error TS1434: Unexpected keyword or identifier.
sveltekit-frontend/src/lib/services/glyph-diffusion-service.ts(566,40): error TS1135: Argument expression expected.
sveltekit-frontend/src/lib/services/glyph-diffusion-service.ts(566,57): error TS1005: ',' expected.
sveltekit-frontend/src/lib/services/glyph-diffusion-service.ts(566,73): error TS1005: ',' expected.
sveltekit-frontend/src/lib/services/glyph-diffusion-service.ts(566,83): error TS1005: ';' expected.
sveltekit-frontend/src/lib/services/glyph-diffusion-service.ts(569,11): error TS1005: ':' expected.
sveltekit-frontend/src/lib/services/glyph-diffusion-service.ts(575,5): error TS1005: ',' expected.
sveltekit-frontend/src/lib/services/glyph-diffusion-service.ts(575,11): error TS1005: ':' expected.
sveltekit-frontend/src/lib/services/glyph-diffusion-service.ts(575,69): error TS1005: ',' expected.
sveltekit-frontend/src/lib/services/glyph-diffusion-service.ts(577,11): error TS1005: ':' expected.
sveltekit-frontend/src/lib/services/glyph-diffusion-service.ts(577,39): error TS1005: ',' expected.
sveltekit-frontend/src/lib/services/glyph-diffusion-service.ts(578,13): error TS1003: Identifier expected.
sveltekit-frontend/src/lib/services/glyph-diffusion-service.ts(578,72): error TS1005: ',' expected.
sveltekit-frontend/src/lib/services/glyph-diffusion-service.ts(579,12): error TS1005: ':' expected.
sveltekit-frontend/src/lib/services/glyph-diffusion-service.ts(579,20): error TS1005: ',' expected.
sveltekit-frontend/src/lib/services/glyph-diffusion-service.ts(584,3): error TS1434: Unexpected keyword or identifier.
sveltekit-frontend/src/lib/services/glyph-diffusion-service.ts(584,45): error TS1135: Argument expression expected.
sveltekit-frontend/src/lib/services/glyph-diffusion-service.ts(584,54): error TS1011: An element access expression should take an argument.
sveltekit-frontend/src/lib/services/glyph-diffusion-service.ts(584,68): error TS1005: ';' expected.
sveltekit-frontend/src/lib/services/glyph-diffusion-service.ts(584,82): error TS1011: An element access expression should take an argument.
sveltekit-frontend/src/lib/services/glyph-diffusion-service.ts(586,11): error TS1005: ':' expected.
sveltekit-frontend/src/lib/services/glyph-diffusion-service.ts(596,14): error TS1005: ',' expected.
sveltekit-frontend/src/lib/services/glyph-diffusion-service.ts(596,15): error TS1005: ',' expected.
sveltekit-frontend/src/lib/services/glyph-diffusion-service.ts(596,16): error TS1136: Property assignment expected.
sveltekit-frontend/src/lib/services/glyph-diffusion-service.ts(596,17): error TS1136: Property assignment expected.
sveltekit-frontend/src/lib/services/glyph-diffusion-service.ts(597,12): error TS1005: ':' expected.
sveltekit-frontend/src/lib/services/glyph-diffusion-service.ts(597,25): error TS1005: ',' expected.
sveltekit-frontend/src/lib/services/glyph-diffusion-service.ts(602,3): error TS1434: Unexpected keyword or identifier.
sveltekit-frontend/src/lib/services/glyph-diffusion-service.ts(602,48): error TS1109: Expression expected.
sveltekit-frontend/src/lib/services/glyph-diffusion-service.ts(603,11): error TS1005: ':' expected.
sveltekit-frontend/src/lib/services/glyph-diffusion-service.ts(603,34): error TS1005: ',' expected.
sveltekit-frontend/src/lib/services/glyph-diffusion-service.ts(604,16): error TS1003: Identifier expected.
sveltekit-frontend/src/lib/services/glyph-diffusion-service.ts(604,62): error TS1005: ',' expected.
sveltekit-frontend/src/lib/services/glyph-diffusion-service.ts(605,11): error TS1005: ':' expected.
sveltekit-frontend/src/lib/services/glyph-diffusion-service.ts(610,21): error TS1005: ',' expected.
sveltekit-frontend/src/lib/services/glyph-diffusion-service.ts(610,22): error TS1136: Property assignment expected.
sveltekit-frontend/src/lib/services/glyph-diffusion-service.ts(610,23): error TS1136: Property assignment expected.
sveltekit-frontend/src/lib/services/glyph-diffusion-service.ts(611,9): error TS1005: ',' expected.
sveltekit-frontend/src/lib/services/glyph-diffusion-service.ts(611,21): error TS1109: Expression expected.
sveltekit-frontend/src/lib/services/glyph-diffusion-service.ts(611,24): error TS1005: ':' expected.
sveltekit-frontend/src/lib/services/glyph-diffusion-service.ts(612,10): error TS1359: Identifier expected. 'const' is a reserved word that cannot be used here.
sveltekit-frontend/src/lib/services/glyph-diffusion-service.ts(612,16): error TS1005: ',' expected.
sveltekit-frontend/src/lib/services/glyph-diffusion-service.ts(612,25): error TS1005: ',' expected.
sveltekit-frontend/src/lib/services/glyph-diffusion-service.ts(622,5): error TS1005: ',' expected.
sveltekit-frontend/src/lib/services/glyph-diffusion-service.ts(622,12): error TS1005: ':' expected.
sveltekit-frontend/src/lib/services/glyph-diffusion-service.ts(627,1): error TS1128: Declaration or statement expected.
sveltekit-frontend/src/lib/services/gpu-cache-rpc-client.ts(29,1): error TS1128: Declaration or statement expected.
sveltekit-frontend/src/lib/services/gpu-cache-rpc-client.ts(45,46): error TS1131: Property or signature expected.
sveltekit-frontend/src/lib/services/gpu-cache-rpc-client.ts(49,4): error TS1109: Expression expected.
sveltekit-frontend/src/lib/services/gpu-cache-rpc-client.ts(49,6): error TS1109: Expression expected.
sveltekit-frontend/src/lib/services/gpu-cache-rpc-client.ts(50,3): error TS1128: Declaration or statement expected.
sveltekit-frontend/src/lib/services/gpu-cache-rpc-client.ts(51,3): error TS1128: Declaration or statement expected.
sveltekit-frontend/src/lib/services/gpu-cache-rpc-client.ts(52,22): error TS1135: Argument expression expected.
sveltekit-frontend/src/lib/services/gpu-cache-rpc-client.ts(54,5): error TS1005: ',' expected.
sveltekit-frontend/src/lib/services/gpu-cache-rpc-client.ts(54,9): error TS1005: ':' expected.
sveltekit-frontend/src/lib/services/gpu-cache-rpc-client.ts(54,25): error TS1005: ',' expected.
sveltekit-frontend/src/lib/services/gpu-cache-rpc-client.ts(57,3): error TS1434: Unexpected keyword or identifier.
sveltekit-frontend/src/lib/services/gpu-cache-rpc-client.ts(57,19): error TS1109: Expression expected.
sveltekit-frontend/src/lib/services/gpu-cache-rpc-client.ts(57,33): error TS1109: Expression expected.
sveltekit-frontend/src/lib/services/gpu-cache-rpc-client.ts(58,9): error TS1005: ':' expected.
sveltekit-frontend/src/lib/services/gpu-cache-rpc-client.ts(59,13): error TS1005: ':' expected.
sveltekit-frontend/src/lib/services/gpu-cache-rpc-client.ts(62,16): error TS1005: ',' expected.
sveltekit-frontend/src/lib/services/gpu-cache-rpc-client.ts(63,11): error TS1138: Parameter declaration expected.
sveltekit-frontend/src/lib/services/gpu-cache-rpc-client.ts(63,111): error TS1005: ',' expected.
sveltekit-frontend/src/lib/services/gpu-cache-rpc-client.ts(63,113): error TS1136: Property assignment expected.
sveltekit-frontend/src/lib/services/gpu-cache-rpc-client.ts(68,9): error TS1128: Declaration or statement expected.
sveltekit-frontend/src/lib/services/gpu-cache-rpc-client.ts(69,131): error TS1005: ';' expected.
sveltekit-frontend/src/lib/services/gpu-cache-rpc-client.ts(69,132): error TS1005: '}' expected.
sveltekit-frontend/src/lib/services/gpu-cache-rpc-client.ts(69,139): error TS1109: Expression expected.
sveltekit-frontend/src/lib/services/gpu-cache-rpc-client.ts(69,146): error TS1128: Declaration or statement expected.
sveltekit-frontend/src/lib/services/gpu-cache-rpc-client.ts(69,147): error TS1128: Declaration or statement expected.
sveltekit-frontend/src/lib/services/gpu-cache-rpc-client.ts(69,154): error TS1128: Declaration or statement expected.
sveltekit-frontend/src/lib/services/gpu-cache-rpc-client.ts(93,30): error TS1005: ';' expected.
sveltekit-frontend/src/lib/services/gpu-cache-rpc-client.ts(93,48): error TS1434: Unexpected keyword or identifier.
sveltekit-frontend/src/lib/services/gpu-cache-rpc-client.ts(105,32): error TS1005: ';' expected.
sveltekit-frontend/src/lib/services/gpu-cache-rpc-client.ts(105,40): error TS1434: Unexpected keyword or identifier.
sveltekit-frontend/src/lib/services/gpu-cache-rpc-client.ts(105,46): error TS1434: Unexpected keyword or identifier.
sveltekit-frontend/src/lib/services/gpu-cache-rpc-client.ts(105,70): error TS1443: Module declaration names may only use ' or " quoted strings.
sveltekit-frontend/src/lib/services/gpu-cache-rpc-client.ts(134,35): error TS1434: Unexpected keyword or identifier.
sveltekit-frontend/src/lib/services/gpu-cache-rpc-client.ts(134,69): error TS1443: Module declaration names may only use ' or " quoted strings.
sveltekit-frontend/src/lib/services/gpu-cache-rpc-client.ts(144,24): error TS1434: Unexpected keyword or identifier.
sveltekit-frontend/src/lib/services/gpu-cache-rpc-client.ts(144,29): error TS1434: Unexpected keyword or identifier.
sveltekit-frontend/src/lib/services/gpu-cache-rpc-client.ts(144,113): error TS1005: ';' expected.
sveltekit-frontend/src/lib/services/gpu-cache-rpc-client.ts(144,114): error TS1131: Property or signature expected.
sveltekit-frontend/src/lib/services/gpu-cache-rpc-client.ts(144,137): error TS1128: Declaration or statement expected.
sveltekit-frontend/src/lib/services/gpu-cache-rpc-client.ts(144,139): error TS1434: Unexpected keyword or identifier.
sveltekit-frontend/src/lib/services/gpu-cache-rpc-client.ts(404,85): error TS1160: Unterminated template literal.
sveltekit-frontend/src/lib/services/gpu-integration-service.ts(9,1): error TS1128: Declaration or statement expected.
sveltekit-frontend/src/lib/services/gpu-integration-service.ts(18,1): error TS1128: Declaration or statement expected.
sveltekit-frontend/src/lib/services/gpu-integration-service.ts(127,27): error TS1005: ';' expected.
sveltekit-frontend/src/lib/services/gpu-integration-service.ts(127,28): error TS1131: Property or signature expected.
sveltekit-frontend/src/lib/services/gpu-integration-service.ts(129,3): error TS1068: Unexpected token. A constructor, method, accessor, or property was expected.
sveltekit-frontend/src/lib/services/gpu-integration-service.ts(129,4): error TS1068: Unexpected token. A constructor, method, accessor, or property was expected.
sveltekit-frontend/src/lib/services/gpu-integration-service.ts(129,25): error TS1139: Type parameter declaration expected.
sveltekit-frontend/src/lib/services/gpu-integration-service.ts(130,9): error TS1003: Identifier expected.
sveltekit-frontend/src/lib/services/gpu-integration-service.ts(130,14): error TS1005: ',' expected.
sveltekit-frontend/src/lib/services/gpu-integration-service.ts(130,55): error TS1005: ',' expected.
sveltekit-frontend/src/lib/services/gpu-integration-service.ts(130,57): error TS1136: Property assignment expected.
sveltekit-frontend/src/lib/services/gpu-integration-service.ts(141,58): error TS1109: Expression expected.
sveltekit-frontend/src/lib/services/gpu-integration-service.ts(142,25): error TS1109: Expression expected.
sveltekit-frontend/src/lib/services/gpu-integration-service.ts(156,9): error TS1134: Variable declaration expected.
sveltekit-frontend/src/lib/services/gpu-integration-service.ts(159,57): error TS1109: Expression expected.
sveltekit-frontend/src/lib/services/gpu-integration-service.ts(160,47): error TS1109: Expression expected.
sveltekit-frontend/src/lib/services/gpu-integration-service.ts(170,3): error TS1128: Declaration or statement expected.
sveltekit-frontend/src/lib/services/gpu-integration-service.ts(174,19): error TS1109: Expression expected.
sveltekit-frontend/src/lib/services/gpu-integration-service.ts(175,12): error TS1005: ':' expected.
sveltekit-frontend/src/lib/services/gpu-integration-service.ts(175,43): error TS1005: ',' expected.
sveltekit-frontend/src/lib/services/gpu-integration-service.ts(180,23): error TS1135: Argument expression expected.
sveltekit-frontend/src/lib/services/gpu-integration-service.ts(181,12): error TS1005: ':' expected.
sveltekit-frontend/src/lib/services/gpu-integration-service.ts(181,49): error TS1005: ',' expected.
sveltekit-frontend/src/lib/services/gpu-integration-service.ts(186,3): error TS1128: Declaration or statement expected.
sveltekit-frontend/src/lib/services/gpu-integration-service.ts(186,49): error TS1135: Argument expression expected.
sveltekit-frontend/src/lib/services/gpu-integration-service.ts(186,58): error TS1005: ';' expected.
sveltekit-frontend/src/lib/services/gpu-integration-service.ts(187,13): error TS1003: Identifier expected.
sveltekit-frontend/src/lib/services/gpu-integration-service.ts(187,74): error TS1005: ',' expected.
sveltekit-frontend/src/lib/services/gpu-integration-service.ts(201,3): error TS1128: Declaration or statement expected.
sveltekit-frontend/src/lib/services/gpu-integration-service.ts(201,44): error TS1135: Argument expression expected.
sveltekit-frontend/src/lib/services/gpu-integration-service.ts(201,53): error TS1005: ';' expected.
sveltekit-frontend/src/lib/services/gpu-integration-service.ts(202,13): error TS1003: Identifier expected.
sveltekit-frontend/src/lib/services/gpu-integration-service.ts(202,68): error TS1005: ',' expected.
sveltekit-frontend/src/lib/services/gpu-integration-service.ts(209,3): error TS1128: Declaration or statement expected.
sveltekit-frontend/src/lib/services/gpu-integration-service.ts(209,41): error TS1135: Argument expression expected.
sveltekit-frontend/src/lib/services/gpu-integration-service.ts(209,50): error TS1005: ';' expected.
sveltekit-frontend/src/lib/services/gpu-integration-service.ts(210,13): error TS1003: Identifier expected.
sveltekit-frontend/src/lib/services/gpu-integration-service.ts(210,64): error TS1005: ',' expected.
sveltekit-frontend/src/lib/services/gpu-integration-service.ts(221,3): error TS1128: Declaration or statement expected.
sveltekit-frontend/src/lib/services/gpu-integration-service.ts(221,38): error TS1109: Expression expected.
sveltekit-frontend/src/lib/services/gpu-integration-service.ts(222,9): error TS1003: Identifier expected.
sveltekit-frontend/src/lib/services/gpu-integration-service.ts(222,18): error TS1005: '{' expected.
sveltekit-frontend/src/lib/services/gpu-integration-service.ts(222,27): error TS1005: ',' expected.
sveltekit-frontend/src/lib/services/gpu-integration-service.ts(223,11): error TS1005: ':' expected.
sveltekit-frontend/src/lib/services/gpu-integration-service.ts(223,52): error TS1005: ',' expected.
sveltekit-frontend/src/lib/services/gpu-integration-service.ts(224,11): error TS1005: ':' expected.
sveltekit-frontend/src/lib/services/gpu-integration-service.ts(224,73): error TS1005: ',' expected.
sveltekit-frontend/src/lib/services/gpu-integration-service.ts(225,9): error TS1003: Identifier expected.
sveltekit-frontend/src/lib/services/gpu-integration-service.ts(229,5): error TS1005: ',' expected.
sveltekit-frontend/src/lib/services/gpu-integration-service.ts(229,11): error TS1005: ':' expected.
sveltekit-frontend/src/lib/services/gpu-integration-service.ts(229,67): error TS1005: ',' expected.
sveltekit-frontend/src/lib/services/gpu-integration-service.ts(230,11): error TS1005: ':' expected.
sveltekit-frontend/src/lib/services/gpu-integration-service.ts(230,90): error TS1005: ',' expected.
sveltekit-frontend/src/lib/services/gpu-integration-service.ts(232,18): error TS1138: Parameter declaration expected.
sveltekit-frontend/src/lib/services/gpu-integration-service.ts(232,92): error TS1005: ',' expected.
sveltekit-frontend/src/lib/services/gpu-integration-service.ts(232,94): error TS1136: Property assignment expected.
sveltekit-frontend/src/lib/services/gpu-integration-service.ts(234,7): error TS1128: Declaration or statement expected.
sveltekit-frontend/src/lib/services/gpu-integration-service.ts(240,3): error TS1128: Declaration or statement expected.
sveltekit-frontend/src/lib/services/gpu-integration-service.ts(244,26): error TS1109: Expression expected.
sveltekit-frontend/src/lib/services/gpu-integration-service.ts(244,28): error TS1434: Unexpected keyword or identifier.
sveltekit-frontend/src/lib/services/gpu-integration-service.ts(257,26): error TS1109: Expression expected.
sveltekit-frontend/src/lib/services/gpu-integration-service.ts(258,9): error TS1003: Identifier expected.
sveltekit-frontend/src/lib/services/gpu-integration-service.ts(258,18): error TS1005: '{' expected.
sveltekit-frontend/src/lib/services/gpu-integration-service.ts(258,27): error TS1005: ',' expected.
sveltekit-frontend/src/lib/services/gpu-integration-service.ts(259,11): error TS1005: ':' expected.
sveltekit-frontend/src/lib/services/gpu-integration-service.ts(259,50): error TS1005: ',' expected.
sveltekit-frontend/src/lib/services/gpu-integration-service.ts(260,11): error TS1003: Identifier expected.
sveltekit-frontend/src/lib/services/gpu-integration-service.ts(290,6): error TS1005: ',' expected.
sveltekit-frontend/src/lib/services/gpu-integration-service.ts(291,14): error TS1003: Identifier expected.
sveltekit-frontend/src/lib/services/gpu-integration-service.ts(291,38): error TS1005: ',' expected.
sveltekit-frontend/src/lib/services/gpu-integration-service.ts(292,13): error TS1003: Identifier expected.
sveltekit-frontend/src/lib/services/gpu-integration-service.ts(292,49): error TS1005: ',' expected.
sveltekit-frontend/src/lib/services/gpu-integration-service.ts(297,13): error TS1109: Expression expected.
sveltekit-frontend/src/lib/services/gpu-integration-service.ts(298,9): error TS1005: ':' expected.
sveltekit-frontend/src/lib/services/gpu-integration-service.ts(298,38): error TS1005: ',' expected.
sveltekit-frontend/src/lib/services/gpu-integration-service.ts(299,9): error TS1005: ':' expected.
sveltekit-frontend/src/lib/services/gpu-integration-service.ts(299,45): error TS1109: Expression expected.
sveltekit-frontend/src/lib/services/gpu-integration-service.ts(299,48): error TS1005: ':' expected.
sveltekit-frontend/src/lib/services/gpu-integration-service.ts(300,9): error TS1005: ':' expected.
sveltekit-frontend/src/lib/services/gpu-integration-service.ts(300,51): error TS1109: Expression expected.
sveltekit-frontend/src/lib/services/gpu-integration-service.ts(300,54): error TS1005: ':' expected.
sveltekit-frontend/src/lib/services/gpu-integration-service.ts(301,9): error TS1005: ':' expected.
sveltekit-frontend/src/lib/services/gpu-integration-service.ts(301,30): error TS1005: ',' expected.
sveltekit-frontend/src/lib/services/gpu-integration-service.ts(303,1): error TS1128: Declaration or statement expected.
sveltekit-frontend/src/lib/services/gpu-job-queue.ts(30,49): error TS1005: ')' expected.
sveltekit-frontend/src/lib/services/gpu-job-queue.ts(43,7): error TS1128: Declaration or statement expected.
sveltekit-frontend/src/lib/services/gpu-job-queue.ts(43,75): error TS1109: Expression expected.
sveltekit-frontend/src/lib/services/gpu-loki-error-orchestrator.ts(8,1): error TS1128: Declaration or statement expected.
sveltekit-frontend/src/lib/services/gpu-loki-error-orchestrator.ts(23,1): error TS1128: Declaration or statement expected.
sveltekit-frontend/src/lib/services/gpu-loki-error-orchestrator.ts(35,1): error TS1128: Declaration or statement expected.
sveltekit-frontend/src/lib/services/gpu-loki-error-orchestrator.ts(99,5): error TS1005: ',' expected.
sveltekit-frontend/src/lib/services/gpu-loki-error-orchestrator.ts(99,7): error TS1068: Unexpected token. A constructor, method, accessor, or property was expected.
sveltekit-frontend/src/lib/services/gpu-loki-error-orchestrator.ts(101,5): error TS1068: Unexpected token. A constructor, method, accessor, or property was expected.
sveltekit-frontend/src/lib/services/gpu-loki-error-orchestrator.ts(113,5): error TS1005: ',' expected.
sveltekit-frontend/src/lib/services/gpu-loki-error-orchestrator.ts(113,6): error TS1128: Declaration or statement expected.
sveltekit-frontend/src/lib/services/gpu-loki-error-orchestrator.ts(113,7): error TS1128: Declaration or statement expected.
sveltekit-frontend/src/lib/services/gpu-loki-error-orchestrator.ts(114,3): error TS1128: Declaration or statement expected.
sveltekit-frontend/src/lib/services/gpu-loki-error-orchestrator.ts(115,3): error TS1434: Unexpected keyword or identifier.
sveltekit-frontend/src/lib/services/gpu-loki-error-orchestrator.ts(115,43): error TS1135: Argument expression expected.
sveltekit-frontend/src/lib/services/gpu-loki-error-orchestrator.ts(115,52): error TS1005: ';' expected.
sveltekit-frontend/src/lib/services/gpu-loki-error-orchestrator.ts(115,82): error TS1011: An element access expression should take an argument.
sveltekit-frontend/src/lib/services/gpu-loki-error-orchestrator.ts(116,13): error TS1003: Identifier expected.
sveltekit-frontend/src/lib/services/gpu-loki-error-orchestrator.ts(116,77): error TS1005: ',' expected.
sveltekit-frontend/src/lib/services/gpu-loki-error-orchestrator.ts(118,11): error TS1005: ':' expected.
sveltekit-frontend/src/lib/services/gpu-loki-error-orchestrator.ts(118,57): error TS1005: ',' expected.
sveltekit-frontend/src/lib/services/gpu-loki-error-orchestrator.ts(119,16): error TS1138: Parameter declaration expected.
sveltekit-frontend/src/lib/services/gpu-loki-error-orchestrator.ts(119,27): error TS1109: Expression expected.
sveltekit-frontend/src/lib/services/gpu-loki-error-orchestrator.ts(119,30): error TS1005: ':' expected.
sveltekit-frontend/src/lib/services/gpu-loki-error-orchestrator.ts(119,32): error TS1136: Property assignment expected.
sveltekit-frontend/src/lib/services/gpu-loki-error-orchestrator.ts(135,3): error TS1128: Declaration or statement expected.
sveltekit-frontend/src/lib/services/gpu-loki-error-orchestrator.ts(136,3): error TS1128: Declaration or statement expected.
sveltekit-frontend/src/lib/services/gpu-loki-error-orchestrator.ts(136,40): error TS1135: Argument expression expected.
sveltekit-frontend/src/lib/services/gpu-loki-error-orchestrator.ts(136,49): error TS1005: ';' expected.
sveltekit-frontend/src/lib/services/gpu-loki-error-orchestrator.ts(136,64): error TS1109: Expression expected.
sveltekit-frontend/src/lib/services/gpu-loki-error-orchestrator.ts(136,65): error TS1109: Expression expected.
sveltekit-frontend/src/lib/services/gpu-loki-error-orchestrator.ts(136,67): error TS1005: ';' expected.
sveltekit-frontend/src/lib/services/gpu-loki-error-orchestrator.ts(163,3): error TS1128: Declaration or statement expected.
sveltekit-frontend/src/lib/services/gpu-loki-error-orchestrator.ts(163,32): error TS1135: Argument expression expected.
sveltekit-frontend/src/lib/services/gpu-loki-error-orchestrator.ts(163,50): error TS1005: ',' expected.
sveltekit-frontend/src/lib/services/gpu-loki-error-orchestrator.ts(163,60): error TS1005: ';' expected.
sveltekit-frontend/src/lib/services/gpu-loki-error-orchestrator.ts(163,105): error TS1005: ';' expected.
sveltekit-frontend/src/lib/services/gpu-loki-error-orchestrator.ts(175,3): error TS1128: Declaration or statement expected.
sveltekit-frontend/src/lib/services/gpu-loki-error-orchestrator.ts(175,36): error TS1135: Argument expression expected.
sveltekit-frontend/src/lib/services/gpu-loki-error-orchestrator.ts(175,54): error TS1005: ',' expected.
sveltekit-frontend/src/lib/services/gpu-loki-error-orchestrator.ts(175,64): error TS1005: ';' expected.
sveltekit-frontend/src/lib/services/gpu-loki-error-orchestrator.ts(175,66): error TS1434: Unexpected keyword or identifier.
sveltekit-frontend/src/lib/services/gpu-loki-error-orchestrator.ts(184,3): error TS1128: Declaration or statement expected.
sveltekit-frontend/src/lib/services/gpu-loki-error-orchestrator.ts(184,31): error TS1135: Argument expression expected.
sveltekit-frontend/src/lib/services/gpu-loki-error-orchestrator.ts(184,40): error TS1005: ';' expected.
sveltekit-frontend/src/lib/services/gpu-loki-error-orchestrator.ts(184,42): error TS1434: Unexpected keyword or identifier.
sveltekit-frontend/src/lib/services/gpu-loki-error-orchestrator.ts(189,3): error TS1128: Declaration or statement expected.
sveltekit-frontend/src/lib/services/gpu-loki-error-orchestrator.ts(189,32): error TS1135: Argument expression expected.
sveltekit-frontend/src/lib/services/gpu-loki-error-orchestrator.ts(189,47): error TS1005: ',' expected.
sveltekit-frontend/src/lib/services/gpu-loki-error-orchestrator.ts(189,62): error TS1005: ',' expected.
sveltekit-frontend/src/lib/services/gpu-loki-error-orchestrator.ts(189,72): error TS1005: ';' expected.
sveltekit-frontend/src/lib/services/gpu-loki-error-orchestrator.ts(189,74): error TS1434: Unexpected keyword or identifier.
sveltekit-frontend/src/lib/services/gpu-loki-error-orchestrator.ts(192,3): error TS1128: Declaration or statement expected.
sveltekit-frontend/src/lib/services/gpu-loki-error-orchestrator.ts(192,42): error TS1135: Argument expression expected.
sveltekit-frontend/src/lib/services/gpu-loki-error-orchestrator.ts(192,57): error TS1011: An element access expression should take an argument.
sveltekit-frontend/src/lib/services/gpu-loki-error-orchestrator.ts(192,59): error TS1005: ';' expected.
sveltekit-frontend/src/lib/services/gpu-loki-error-orchestrator.ts(192,75): error TS1109: Expression expected.
sveltekit-frontend/src/lib/services/gpu-loki-error-orchestrator.ts(192,76): error TS1109: Expression expected.
sveltekit-frontend/src/lib/services/gpu-loki-error-orchestrator.ts(192,78): error TS1005: ';' expected.
sveltekit-frontend/src/lib/services/gpu-loki-error-orchestrator.ts(239,3): error TS1128: Declaration or statement expected.
sveltekit-frontend/src/lib/services/gpu-loki-error-orchestrator.ts(239,41): error TS1135: Argument expression expected.
sveltekit-frontend/src/lib/services/gpu-loki-error-orchestrator.ts(239,56): error TS1011: An element access expression should take an argument.
sveltekit-frontend/src/lib/services/gpu-loki-error-orchestrator.ts(239,58): error TS1005: ';' expected.
sveltekit-frontend/src/lib/services/gpu-loki-error-orchestrator.ts(239,60): error TS1434: Unexpected keyword or identifier.
sveltekit-frontend/src/lib/services/gpu-loki-error-orchestrator.ts(252,3): error TS1128: Declaration or statement expected.
sveltekit-frontend/src/lib/services/gpu-loki-error-orchestrator.ts(252,41): error TS1135: Argument expression expected.
sveltekit-frontend/src/lib/services/gpu-loki-error-orchestrator.ts(252,56): error TS1011: An element access expression should take an argument.
sveltekit-frontend/src/lib/services/gpu-loki-error-orchestrator.ts(252,58): error TS1005: ';' expected.
sveltekit-frontend/src/lib/services/gpu-loki-error-orchestrator.ts(252,98): error TS1005: ';' expected.
sveltekit-frontend/src/lib/services/gpu-loki-error-orchestrator.ts(256,56): error TS1005: ')' expected.
sveltekit-frontend/src/lib/services/gpu-loki-error-orchestrator.ts(261,3): error TS1128: Declaration or statement expected.
sveltekit-frontend/src/lib/services/gpu-loki-error-orchestrator.ts(261,11): error TS1434: Unexpected keyword or identifier.
sveltekit-frontend/src/lib/services/gpu-loki-error-orchestrator.ts(261,36): error TS1135: Argument expression expected.
sveltekit-frontend/src/lib/services/gpu-loki-error-orchestrator.ts(261,52): error TS1005: ';' expected.
sveltekit-frontend/src/lib/services/gpu-loki-error-orchestrator.ts(261,82): error TS1011: An element access expression should take an argument.
sveltekit-frontend/src/lib/services/gpu-loki-error-orchestrator.ts(262,11): error TS1003: Identifier expected.
sveltekit-frontend/src/lib/services/gpu-loki-error-orchestrator.ts(262,34): error TS1005: ',' expected.
sveltekit-frontend/src/lib/services/gpu-loki-error-orchestrator.ts(263,11): error TS1005: ':' expected.
sveltekit-frontend/src/lib/services/gpu-loki-error-orchestrator.ts(263,40): error TS1005: ',' expected.
sveltekit-frontend/src/lib/services/gpu-loki-error-orchestrator.ts(264,9): error TS1005: ':' expected.
sveltekit-frontend/src/lib/services/gpu-loki-error-orchestrator.ts(265,13): error TS1005: ':' expected.
sveltekit-frontend/src/lib/services/gpu-loki-error-orchestrator.ts(265,45): error TS1109: Expression expected.
sveltekit-frontend/src/lib/services/gpu-loki-error-orchestrator.ts(265,46): error TS1005: ':' expected.
sveltekit-frontend/src/lib/services/gpu-loki-error-orchestrator.ts(265,48): error TS1136: Property assignment expected.
sveltekit-frontend/src/lib/services/gpu-loki-error-orchestrator.ts(265,51): error TS1109: Expression expected.
sveltekit-frontend/src/lib/services/gpu-loki-error-orchestrator.ts(265,52): error TS1005: ':' expected.
sveltekit-frontend/src/lib/services/gpu-loki-error-orchestrator.ts(266,17): error TS1138: Parameter declaration expected.
sveltekit-frontend/src/lib/services/gpu-loki-error-orchestrator.ts(266,61): error TS1005: ',' expected.
sveltekit-frontend/src/lib/services/gpu-loki-error-orchestrator.ts(266,63): error TS1136: Property assignment expected.
sveltekit-frontend/src/lib/services/gpu-loki-error-orchestrator.ts(268,68): error TS1005: ')' expected.
sveltekit-frontend/src/lib/services/gpu-loki-error-orchestrator.ts(269,9): error TS1128: Declaration or statement expected.
sveltekit-frontend/src/lib/services/gpu-loki-error-orchestrator.ts(271,67): error TS1005: ')' expected.
sveltekit-frontend/src/lib/services/gpu-loki-error-orchestrator.ts(274,63): error TS1005: ')' expected.
sveltekit-frontend/src/lib/services/gpu-loki-error-orchestrator.ts(280,5): error TS1128: Declaration or statement expected.
sveltekit-frontend/src/lib/services/gpu-loki-error-orchestrator.ts(280,7): error TS1005: 'try' expected.
sveltekit-frontend/src/lib/services/gpu-loki-error-orchestrator.ts(285,3): error TS1128: Declaration or statement expected.
sveltekit-frontend/src/lib/services/gpu-loki-error-orchestrator.ts(286,3): error TS1128: Declaration or statement expected.
sveltekit-frontend/src/lib/services/gpu-loki-error-orchestrator.ts(286,11): error TS1434: Unexpected keyword or identifier.
sveltekit-frontend/src/lib/services/gpu-loki-error-orchestrator.ts(286,43): error TS1135: Argument expression expected.
sveltekit-frontend/src/lib/services/gpu-loki-error-orchestrator.ts(286,58): error TS1011: An element access expression should take an argument.
sveltekit-frontend/src/lib/services/gpu-loki-error-orchestrator.ts(286,60): error TS1005: ';' expected.
sveltekit-frontend/src/lib/services/gpu-loki-error-orchestrator.ts(286,90): error TS1011: An element access expression should take an argument.
sveltekit-frontend/src/lib/services/gpu-loki-error-orchestrator.ts(288,13): error TS1003: Identifier expected.
sveltekit-frontend/src/lib/services/gpu-loki-error-orchestrator.ts(288,74): error TS1005: ',' expected.
sveltekit-frontend/src/lib/services/gpu-loki-error-orchestrator.ts(289,11): error TS1005: ':' expected.
sveltekit-frontend/src/lib/services/gpu-loki-error-orchestrator.ts(296,7): error TS1005: ',' expected.
sveltekit-frontend/src/lib/services/gpu-loki-error-orchestrator.ts(297,12): error TS1005: ':' expected.
sveltekit-frontend/src/lib/services/gpu-loki-error-orchestrator.ts(297,39): error TS1005: ',' expected.
sveltekit-frontend/src/lib/services/gpu-loki-error-orchestrator.ts(299,3): error TS1128: Declaration or statement expected.
sveltekit-frontend/src/lib/services/gpu-loki-error-orchestrator.ts(299,11): error TS1434: Unexpected keyword or identifier.
sveltekit-frontend/src/lib/services/gpu-loki-error-orchestrator.ts(299,42): error TS1135: Argument expression expected.
sveltekit-frontend/src/lib/services/gpu-loki-error-orchestrator.ts(299,57): error TS1011: An element access expression should take an argument.
sveltekit-frontend/src/lib/services/gpu-loki-error-orchestrator.ts(299,59): error TS1005: ';' expected.
sveltekit-frontend/src/lib/services/gpu-loki-error-orchestrator.ts(299,89): error TS1011: An element access expression should take an argument.
sveltekit-frontend/src/lib/services/gpu-loki-error-orchestrator.ts(300,13): error TS1003: Identifier expected.
sveltekit-frontend/src/lib/services/gpu-loki-error-orchestrator.ts(300,69): error TS1005: ',' expected.
sveltekit-frontend/src/lib/services/gpu-loki-error-orchestrator.ts(301,11): error TS1005: ':' expected.
sveltekit-frontend/src/lib/services/gpu-loki-error-orchestrator.ts(301,43): error TS1109: Expression expected.
sveltekit-frontend/src/lib/services/gpu-loki-error-orchestrator.ts(301,44): error TS1005: ':' expected.
sveltekit-frontend/src/lib/services/gpu-loki-error-orchestrator.ts(301,46): error TS1136: Property assignment expected.
sveltekit-frontend/src/lib/services/gpu-loki-error-orchestrator.ts(301,49): error TS1109: Expression expected.
sveltekit-frontend/src/lib/services/gpu-loki-error-orchestrator.ts(301,50): error TS1005: ':' expected.
sveltekit-frontend/src/lib/services/gpu-loki-error-orchestrator.ts(302,10): error TS1359: Identifier expected. 'const' is a reserved word that cannot be used here.
sveltekit-frontend/src/lib/services/gpu-loki-error-orchestrator.ts(302,16): error TS1005: ',' expected.
sveltekit-frontend/src/lib/services/gpu-loki-error-orchestrator.ts(302,27): error TS1005: ',' expected.
sveltekit-frontend/src/lib/services/gpu-loki-error-orchestrator.ts(312,5): error TS1005: ',' expected.
sveltekit-frontend/src/lib/services/gpu-loki-error-orchestrator.ts(312,12): error TS1005: ':' expected.
sveltekit-frontend/src/lib/services/gpu-loki-error-orchestrator.ts(312,20): error TS1005: ',' expected.
sveltekit-frontend/src/lib/services/gpu-loki-error-orchestrator.ts(314,3): error TS1128: Declaration or statement expected.
sveltekit-frontend/src/lib/services/gpu-loki-error-orchestrator.ts(314,11): error TS1434: Unexpected keyword or identifier.
sveltekit-frontend/src/lib/services/gpu-loki-error-orchestrator.ts(314,38): error TS1135: Argument expression expected.
sveltekit-frontend/src/lib/services/gpu-loki-error-orchestrator.ts(314,53): error TS1011: An element access expression should take an argument.
sveltekit-frontend/src/lib/services/gpu-loki-error-orchestrator.ts(314,55): error TS1005: ';' expected.
sveltekit-frontend/src/lib/services/gpu-loki-error-orchestrator.ts(314,85): error TS1011: An element access expression should take an argument.
sveltekit-frontend/src/lib/services/gpu-loki-error-orchestrator.ts(315,13): error TS1003: Identifier expected.
sveltekit-frontend/src/lib/services/gpu-loki-error-orchestrator.ts(315,65): error TS1005: ',' expected.
sveltekit-frontend/src/lib/services/gpu-loki-error-orchestrator.ts(317,11): error TS1005: ':' expected.
sveltekit-frontend/src/lib/services/gpu-loki-error-orchestrator.ts(317,56): error TS1005: ',' expected.
sveltekit-frontend/src/lib/services/gpu-loki-error-orchestrator.ts(318,11): error TS1005: ':' expected.
sveltekit-frontend/src/lib/services/gpu-loki-error-orchestrator.ts(318,57): error TS1005: ',' expected.
sveltekit-frontend/src/lib/services/gpu-loki-error-orchestrator.ts(319,11): error TS1005: ':' expected.
sveltekit-frontend/src/lib/services/gpu-loki-error-orchestrator.ts(322,7): error TS1005: ',' expected.
sveltekit-frontend/src/lib/services/gpu-loki-error-orchestrator.ts(323,12): error TS1005: ':' expected.
sveltekit-frontend/src/lib/services/gpu-loki-error-orchestrator.ts(323,51): error TS1005: ',' expected.
sveltekit-frontend/src/lib/services/gpu-loki-error-orchestrator.ts(325,3): error TS1128: Declaration or statement expected.
sveltekit-frontend/src/lib/services/gpu-loki-error-orchestrator.ts(325,11): error TS1434: Unexpected keyword or identifier.
sveltekit-frontend/src/lib/services/gpu-loki-error-orchestrator.ts(325,43): error TS1135: Argument expression expected.
sveltekit-frontend/src/lib/services/gpu-loki-error-orchestrator.ts(325,58): error TS1005: ';' expected.
sveltekit-frontend/src/lib/services/gpu-loki-error-orchestrator.ts(327,11): error TS1005: ':' expected.
sveltekit-frontend/src/lib/services/gpu-loki-error-orchestrator.ts(327,43): error TS1005: ',' expected.
sveltekit-frontend/src/lib/services/gpu-loki-error-orchestrator.ts(328,11): error TS1005: ':' expected.
sveltekit-frontend/src/lib/services/gpu-loki-error-orchestrator.ts(337,5): error TS1005: ',' expected.
sveltekit-frontend/src/lib/services/gpu-loki-error-orchestrator.ts(337,12): error TS1005: ':' expected.
sveltekit-frontend/src/lib/services/gpu-loki-error-orchestrator.ts(337,19): error TS1005: ',' expected.
sveltekit-frontend/src/lib/services/gpu-loki-error-orchestrator.ts(339,3): error TS1128: Declaration or statement expected.
sveltekit-frontend/src/lib/services/gpu-loki-error-orchestrator.ts(339,11): error TS1434: Unexpected keyword or identifier.
sveltekit-frontend/src/lib/services/gpu-loki-error-orchestrator.ts(339,36): error TS1135: Argument expression expected.
sveltekit-frontend/src/lib/services/gpu-loki-error-orchestrator.ts(339,51): error TS1005: ';' expected.
sveltekit-frontend/src/lib/services/gpu-loki-error-orchestrator.ts(341,11): error TS1005: ':' expected.
sveltekit-frontend/src/lib/services/gpu-loki-error-orchestrator.ts(341,40): error TS1005: ',' expected.
sveltekit-frontend/src/lib/services/gpu-loki-error-orchestrator.ts(342,11): error TS1005: ':' expected.
sveltekit-frontend/src/lib/services/gpu-loki-error-orchestrator.ts(351,5): error TS1005: ',' expected.
sveltekit-frontend/src/lib/services/gpu-loki-error-orchestrator.ts(351,12): error TS1005: ':' expected.
sveltekit-frontend/src/lib/services/gpu-loki-error-orchestrator.ts(351,19): error TS1005: ',' expected.
sveltekit-frontend/src/lib/services/gpu-loki-error-orchestrator.ts(353,3): error TS1128: Declaration or statement expected.
sveltekit-frontend/src/lib/services/gpu-loki-error-orchestrator.ts(353,11): error TS1434: Unexpected keyword or identifier.
sveltekit-frontend/src/lib/services/gpu-loki-error-orchestrator.ts(353,43): error TS1135: Argument expression expected.
sveltekit-frontend/src/lib/services/gpu-loki-error-orchestrator.ts(353,58): error TS1005: ';' expected.
sveltekit-frontend/src/lib/services/gpu-loki-error-orchestrator.ts(354,19): error TS1138: Parameter declaration expected.
sveltekit-frontend/src/lib/services/gpu-loki-error-orchestrator.ts(354,25): error TS1005: ',' expected.
sveltekit-frontend/src/lib/services/gpu-loki-error-orchestrator.ts(354,27): error TS1136: Property assignment expected.
sveltekit-frontend/src/lib/services/gpu-loki-error-orchestrator.ts(355,7): error TS1128: Declaration or statement expected.
sveltekit-frontend/src/lib/services/gpu-loki-error-orchestrator.ts(355,21): error TS1109: Expression expected.
sveltekit-frontend/src/lib/services/gpu-loki-error-orchestrator.ts(357,7): error TS1128: Declaration or statement expected.
sveltekit-frontend/src/lib/services/gpu-loki-error-orchestrator.ts(357,21): error TS1109: Expression expected.
sveltekit-frontend/src/lib/services/gpu-loki-error-orchestrator.ts(359,7): error TS1128: Declaration or statement expected.
sveltekit-frontend/src/lib/services/gpu-loki-error-orchestrator.ts(359,21): error TS1109: Expression expected.
sveltekit-frontend/src/lib/services/gpu-loki-error-orchestrator.ts(361,7): error TS1128: Declaration or statement expected.
sveltekit-frontend/src/lib/services/gpu-loki-error-orchestrator.ts(361,21): error TS1109: Expression expected.
sveltekit-frontend/src/lib/services/gpu-loki-error-orchestrator.ts(363,7): error TS1128: Declaration or statement expected.
sveltekit-frontend/src/lib/services/gpu-loki-error-orchestrator.ts(363,21): error TS1109: Expression expected.
sveltekit-frontend/src/lib/services/gpu-loki-error-orchestrator.ts(365,7): error TS1128: Declaration or statement expected.
sveltekit-frontend/src/lib/services/gpu-loki-error-orchestrator.ts(365,21): error TS1109: Expression expected.
sveltekit-frontend/src/lib/services/gpu-loki-error-orchestrator.ts(367,7): error TS1128: Declaration or statement expected.
sveltekit-frontend/src/lib/services/gpu-loki-error-orchestrator.ts(367,14): error TS1128: Declaration or statement expected.
sveltekit-frontend/src/lib/services/gpu-loki-error-orchestrator.ts(370,3): error TS1128: Declaration or statement expected.
sveltekit-frontend/src/lib/services/gpu-loki-error-orchestrator.ts(371,3): error TS1128: Declaration or statement expected.
sveltekit-frontend/src/lib/services/gpu-loki-error-orchestrator.ts(371,36): error TS1135: Argument expression expected.
sveltekit-frontend/src/lib/services/gpu-loki-error-orchestrator.ts(371,51): error TS1005: ';' expected.
sveltekit-frontend/src/lib/services/gpu-loki-error-orchestrator.ts(371,53): error TS1434: Unexpected keyword or identifier.
sveltekit-frontend/src/lib/services/gpu-loki-error-orchestrator.ts(382,3): error TS1128: Declaration or statement expected.
sveltekit-frontend/src/lib/services/gpu-loki-error-orchestrator.ts(382,11): error TS1434: Unexpected keyword or identifier.
sveltekit-frontend/src/lib/services/gpu-loki-error-orchestrator.ts(382,40): error TS1135: Argument expression expected.
sveltekit-frontend/src/lib/services/gpu-loki-error-orchestrator.ts(382,55): error TS1005: ';' expected.
sveltekit-frontend/src/lib/services/gpu-loki-error-orchestrator.ts(382,72): error TS1011: An element access expression should take an argument.
sveltekit-frontend/src/lib/services/gpu-loki-error-orchestrator.ts(384,11): error TS1005: ':' expected.
sveltekit-frontend/src/lib/services/gpu-loki-error-orchestrator.ts(384,35): error TS1109: Expression expected.
sveltekit-frontend/src/lib/services/gpu-loki-error-orchestrator.ts(384,36): error TS1005: ':' expected.
sveltekit-frontend/src/lib/services/gpu-loki-error-orchestrator.ts(384,38): error TS1136: Property assignment expected.
sveltekit-frontend/src/lib/services/gpu-loki-error-orchestrator.ts(384,41): error TS1109: Expression expected.
sveltekit-frontend/src/lib/services/gpu-loki-error-orchestrator.ts(384,42): error TS1005: ':' expected.
sveltekit-frontend/src/lib/services/gpu-loki-error-orchestrator.ts(386,18): error TS1003: Identifier expected.
sveltekit-frontend/src/lib/services/gpu-loki-error-orchestrator.ts(386,35): error TS1005: ',' expected.
sveltekit-frontend/src/lib/services/gpu-loki-error-orchestrator.ts(388,15): error TS1138: Parameter declaration expected.
sveltekit-frontend/src/lib/services/gpu-loki-error-orchestrator.ts(388,85): error TS1005: ',' expected.
sveltekit-frontend/src/lib/services/gpu-loki-error-orchestrator.ts(388,87): error TS1136: Property assignment expected.
sveltekit-frontend/src/lib/services/gpu-loki-error-orchestrator.ts(395,3): error TS1128: Declaration or statement expected.
sveltekit-frontend/src/lib/services/gpu-loki-error-orchestrator.ts(396,3): error TS1128: Declaration or statement expected.
sveltekit-frontend/src/lib/services/gpu-loki-error-orchestrator.ts(396,11): error TS1434: Unexpected keyword or identifier.
sveltekit-frontend/src/lib/services/gpu-loki-error-orchestrator.ts(396,43): error TS1135: Argument expression expected.
sveltekit-frontend/src/lib/services/gpu-loki-error-orchestrator.ts(396,58): error TS1005: ';' expected.
sveltekit-frontend/src/lib/services/gpu-loki-error-orchestrator.ts(397,11): error TS1005: ':' expected.
sveltekit-frontend/src/lib/services/gpu-loki-error-orchestrator.ts(397,28): error TS1005: ',' expected.
sveltekit-frontend/src/lib/services/gpu-loki-error-orchestrator.ts(398,19): error TS1138: Parameter declaration expected.
sveltekit-frontend/src/lib/services/gpu-loki-error-orchestrator.ts(398,25): error TS1005: ',' expected.
sveltekit-frontend/src/lib/services/gpu-loki-error-orchestrator.ts(398,27): error TS1136: Property assignment expected.
sveltekit-frontend/src/lib/services/gpu-loki-error-orchestrator.ts(399,7): error TS1128: Declaration or statement expected.
sveltekit-frontend/src/lib/services/gpu-loki-error-orchestrator.ts(399,21): error TS1109: Expression expected.
sveltekit-frontend/src/lib/services/gpu-loki-error-orchestrator.ts(406,7): error TS1128: Declaration or statement expected.
sveltekit-frontend/src/lib/services/gpu-loki-error-orchestrator.ts(406,21): error TS1109: Expression expected.
sveltekit-frontend/src/lib/services/gpu-loki-error-orchestrator.ts(413,7): error TS1128: Declaration or statement expected.
sveltekit-frontend/src/lib/services/gpu-loki-error-orchestrator.ts(413,21): error TS1109: Expression expected.
sveltekit-frontend/src/lib/services/gpu-loki-error-orchestrator.ts(420,7): error TS1128: Declaration or statement expected.
sveltekit-frontend/src/lib/services/gpu-loki-error-orchestrator.ts(420,21): error TS1109: Expression expected.
sveltekit-frontend/src/lib/services/gpu-loki-error-orchestrator.ts(427,7): error TS1128: Declaration or statement expected.
sveltekit-frontend/src/lib/services/gpu-loki-error-orchestrator.ts(427,14): error TS1128: Declaration or statement expected.
sveltekit-frontend/src/lib/services/gpu-loki-error-orchestrator.ts(435,3): error TS1128: Declaration or statement expected.
sveltekit-frontend/src/lib/services/gpu-loki-error-orchestrator.ts(436,3): error TS1128: Declaration or statement expected.
sveltekit-frontend/src/lib/services/gpu-loki-error-orchestrator.ts(436,11): error TS1434: Unexpected keyword or identifier.
sveltekit-frontend/src/lib/services/gpu-loki-error-orchestrator.ts(436,41): error TS1135: Argument expression expected.
sveltekit-frontend/src/lib/services/gpu-loki-error-orchestrator.ts(436,66): error TS1005: ',' expected.
sveltekit-frontend/src/lib/services/gpu-loki-error-orchestrator.ts(436,88): error TS1011: An element access expression should take an argument.
sveltekit-frontend/src/lib/services/gpu-loki-error-orchestrator.ts(436,91): error TS1005: ';' expected.
sveltekit-frontend/src/lib/services/gpu-loki-error-orchestrator.ts(446,71): error TS1131: Property or signature expected.
sveltekit-frontend/src/lib/services/gpu-loki-error-orchestrator.ts(446,72): error TS1005: ',' expected.
sveltekit-frontend/src/lib/services/gpu-loki-error-orchestrator.ts(446,73): error TS1128: Declaration or statement expected.
sveltekit-frontend/src/lib/services/gpu-loki-error-orchestrator.ts(446,74): error TS1128: Declaration or statement expected.
sveltekit-frontend/src/lib/services/gpu-loki-error-orchestrator.ts(450,8): error TS1005: ';' expected.
sveltekit-frontend/src/lib/services/gpu-loki-error-orchestrator.ts(452,3): error TS1128: Declaration or statement expected.
sveltekit-frontend/src/lib/services/gpu-loki-error-orchestrator.ts(453,3): error TS1434: Unexpected keyword or identifier.
sveltekit-frontend/src/lib/services/gpu-loki-error-orchestrator.ts(454,12): error TS1005: ':' expected.
sveltekit-frontend/src/lib/services/gpu-loki-error-orchestrator.ts(461,1): error TS1128: Declaration or statement expected.
sveltekit-frontend/src/lib/services/gpu-loki-error-orchestrator.ts(483,3): error TS1005: ')' expected.
sveltekit-frontend/src/lib/services/gpu-loki-error-orchestrator.ts(490,68): error TS1005: ')' expected.
sveltekit-frontend/src/lib/services/gpu-loki-error-orchestrator.ts(493,67): error TS1005: ')' expected.
sveltekit-frontend/src/lib/services/gpu-loki-error-orchestrator.ts(506,9): error TS1005: ')' expected.
sveltekit-frontend/src/lib/services/gpu-loki-error-orchestrator.ts(510,70): error TS1005: ')' expected.
sveltekit-frontend/src/lib/services/gpu-semantic-embedding-service.ts(2,1): error TS1128: Declaration or statement expected.
sveltekit-frontend/src/lib/services/gpu-semantic-embedding-service.ts(8,1): error TS1128: Declaration or statement expected.
sveltekit-frontend/src/lib/services/gpu-semantic-embedding-service.ts(15,1): error TS1128: Declaration or statement expected.
sveltekit-frontend/src/lib/services/gpu-semantic-embedding-service.ts(24,1): error TS1128: Declaration or statement expected.
sveltekit-frontend/src/lib/services/gpu-semantic-embedding-service.ts(50,7): error TS1005: ';' expected.
sveltekit-frontend/src/lib/services/gpu-semantic-embedding-service.ts(53,4): error TS1472: 'catch' or 'finally' expected.
sveltekit-frontend/src/lib/services/gpu-semantic-embedding-service.ts(54,3): error TS1434: Unexpected keyword or identifier.
sveltekit-frontend/src/lib/services/gpu-semantic-embedding-service.ts(54,28): error TS1135: Argument expression expected.
sveltekit-frontend/src/lib/services/gpu-semantic-embedding-service.ts(54,52): error TS1005: ';' expected.
sveltekit-frontend/src/lib/services/gpu-semantic-embedding-service.ts(54,83): error TS1011: An element access expression should take an argument.
sveltekit-frontend/src/lib/services/gpu-semantic-embedding-service.ts(55,11): error TS1005: ':' expected.
sveltekit-frontend/src/lib/services/gpu-semantic-embedding-service.ts(56,5): error TS1005: ',' expected.
sveltekit-frontend/src/lib/services/gpu-semantic-embedding-service.ts(56,11): error TS1005: ':' expected.
sveltekit-frontend/src/lib/services/gpu-semantic-embedding-service.ts(56,34): error TS1005: ',' expected.
sveltekit-frontend/src/lib/services/gpu-semantic-embedding-service.ts(57,11): error TS1005: ':' expected.
sveltekit-frontend/src/lib/services/gpu-semantic-embedding-service.ts(57,44): error TS1109: Expression expected.
sveltekit-frontend/src/lib/services/gpu-semantic-embedding-service.ts(57,45): error TS1005: ':' expected.
sveltekit-frontend/src/lib/services/gpu-semantic-embedding-service.ts(57,47): error TS1136: Property assignment expected.
sveltekit-frontend/src/lib/services/gpu-semantic-embedding-service.ts(57,50): error TS1109: Expression expected.
sveltekit-frontend/src/lib/services/gpu-semantic-embedding-service.ts(57,51): error TS1005: ':' expected.
sveltekit-frontend/src/lib/services/gpu-semantic-embedding-service.ts(58,9): error TS1005: ',' expected.
sveltekit-frontend/src/lib/services/gpu-semantic-embedding-service.ts(58,12): error TS1109: Expression expected.
sveltekit-frontend/src/lib/services/gpu-semantic-embedding-service.ts(58,15): error TS1005: ':' expected.
sveltekit-frontend/src/lib/services/gpu-semantic-embedding-service.ts(59,10): error TS1359: Identifier expected. 'const' is a reserved word that cannot be used here.
sveltekit-frontend/src/lib/services/gpu-semantic-embedding-service.ts(59,16): error TS1005: ',' expected.
sveltekit-frontend/src/lib/services/gpu-semantic-embedding-service.ts(59,29): error TS1005: ',' expected.
sveltekit-frontend/src/lib/services/gpu-semantic-embedding-service.ts(59,41): error TS1005: ',' expected.
sveltekit-frontend/src/lib/services/gpu-semantic-embedding-service.ts(59,43): error TS1005: ',' expected.
sveltekit-frontend/src/lib/services/gpu-semantic-embedding-service.ts(61,7): error TS1005: ',' expected.
sveltekit-frontend/src/lib/services/gpu-semantic-embedding-service.ts(61,15): error TS1003: Identifier expected.
sveltekit-frontend/src/lib/services/gpu-semantic-embedding-service.ts(61,92): error TS1005: ',' expected.
sveltekit-frontend/src/lib/services/gpu-semantic-embedding-service.ts(63,5): error TS1005: ',' expected.
sveltekit-frontend/src/lib/services/gpu-semantic-embedding-service.ts(66,7): error TS1128: Declaration or statement expected.
sveltekit-frontend/src/lib/services/gpu-semantic-embedding-service.ts(68,7): error TS1003: Identifier expected.
sveltekit-frontend/src/lib/services/gpu-semantic-embedding-service.ts(68,22): error TS1005: ',' expected.
sveltekit-frontend/src/lib/services/gpu-semantic-embedding-service.ts(70,27): error TS1005: ',' expected.
sveltekit-frontend/src/lib/services/gpu-semantic-embedding-service.ts(70,102): error TS1005: '=>' expected.
sveltekit-frontend/src/lib/services/gpu-semantic-embedding-service.ts(71,108): error TS1136: Property assignment expected.
sveltekit-frontend/src/lib/services/gpu-semantic-embedding-service.ts(71,110): error TS1005: ';' expected.
sveltekit-frontend/src/lib/services/gpu-semantic-embedding-service.ts(77,3): error TS1128: Declaration or statement expected.
sveltekit-frontend/src/lib/services/gpu-semantic-embedding-service.ts(78,1): error TS1128: Declaration or statement expected.
sveltekit-frontend/src/lib/services/gpu-semantic-embedding-service.ts(83,91): error TS1109: Expression expected.
sveltekit-frontend/src/lib/services/gpu-semantic-embedding-service.ts(83,92): error TS1109: Expression expected.
sveltekit-frontend/src/lib/services/gpu-semantic-embedding-service.ts(84,3): error TS1109: Expression expected.
sveltekit-frontend/src/lib/services/gpu-semantic-embedding-service.ts(85,46): error TS1005: ')' expected.
sveltekit-frontend/src/lib/services/gpu-service-client.ts(98,68): error TS1442: Expected '=' for property initializer.
sveltekit-frontend/src/lib/services/gpu-service-client.ts(101,2): error TS1068: Unexpected token. A constructor, method, accessor, or property was expected.
sveltekit-frontend/src/lib/services/gpu-service-client.ts(101,3): error TS1068: Unexpected token. A constructor, method, accessor, or property was expected.
sveltekit-frontend/src/lib/services/gpu-service-client.ts(101,23): error TS1005: '(' expected.
sveltekit-frontend/src/lib/services/gpu-service-client.ts(101,25): error TS1068: Unexpected token. A constructor, method, accessor, or property was expected.
sveltekit-frontend/src/lib/services/gpu-service-client.ts(117,2): error TS1434: Unexpected keyword or identifier.
sveltekit-frontend/src/lib/services/gpu-service-client.ts(118,26): error TS1011: An element access expression should take an argument.
sveltekit-frontend/src/lib/services/gpu-service-client.ts(119,31): error TS1011: An element access expression should take an argument.
sveltekit-frontend/src/lib/services/gpu-service-client.ts(124,2): error TS1128: Declaration or statement expected.
sveltekit-frontend/src/lib/services/gpu-service-client.ts(124,3): error TS1128: Declaration or statement expected.
sveltekit-frontend/src/lib/services/gpu-service-client.ts(125,9): error TS1005: ':' expected.
sveltekit-frontend/src/lib/services/gpu-service-client.ts(125,67): error TS1005: ',' expected.
sveltekit-frontend/src/lib/services/gpu-service-client.ts(126,9): error TS1005: ':' expected.
sveltekit-frontend/src/lib/services/gpu-service-client.ts(126,13): error TS1005: ',' expected.
sveltekit-frontend/src/lib/services/gpu-service-client.ts(138,3): error TS1005: ',' expected.
sveltekit-frontend/src/lib/services/gpu-service-client.ts(138,10): error TS1005: ':' expected.
sveltekit-frontend/src/lib/services/gpu-service-client.ts(138,31): error TS1005: ',' expected.
sveltekit-frontend/src/lib/services/gpu-service-client.ts(141,2): error TS1434: Unexpected keyword or identifier.
sveltekit-frontend/src/lib/services/gpu-service-client.ts(143,2): error TS1128: Declaration or statement expected.
sveltekit-frontend/src/lib/services/gpu-service-client.ts(143,3): error TS1128: Declaration or statement expected.
sveltekit-frontend/src/lib/services/gpu-service-client.ts(144,9): error TS1005: ':' expected.
sveltekit-frontend/src/lib/services/gpu-service-client.ts(144,14): error TS1005: ',' expected.
sveltekit-frontend/src/lib/services/gpu-service-client.ts(144,34): error TS1005: ',' expected.
sveltekit-frontend/src/lib/services/gpu-service-client.ts(144,35): error TS1109: Expression expected.
sveltekit-frontend/src/lib/services/gpu-service-client.ts(144,37): error TS1005: ':' expected.
sveltekit-frontend/src/lib/services/gpu-service-client.ts(144,62): error TS1136: Property assignment expected.
sveltekit-frontend/src/lib/services/gpu-service-client.ts(155,5): error TS1005: ')' expected.
sveltekit-frontend/src/lib/services/gpu-service-client.ts(156,10): error TS1005: ':' expected.
sveltekit-frontend/src/lib/services/gpu-service-client.ts(156,56): error TS1005: ',' expected.
sveltekit-frontend/src/lib/services/gpu-service-client.ts(159,2): error TS1434: Unexpected keyword or identifier.
sveltekit-frontend/src/lib/services/gpu-service-client.ts(160,26): error TS1011: An element access expression should take an argument.
sveltekit-frontend/src/lib/services/gpu-service-client.ts(161,25): error TS1110: Type expected.
sveltekit-frontend/src/lib/services/gpu-service-client.ts(163,2): error TS1128: Declaration or statement expected.
sveltekit-frontend/src/lib/services/gpu-service-client.ts(163,3): error TS1128: Declaration or statement expected.
sveltekit-frontend/src/lib/services/gpu-service-client.ts(164,9): error TS1005: ':' expected.
sveltekit-frontend/src/lib/services/gpu-service-client.ts(164,32): error TS1109: Expression expected.
sveltekit-frontend/src/lib/services/gpu-service-client.ts(164,35): error TS1109: Expression expected.
sveltekit-frontend/src/lib/services/gpu-service-client.ts(164,36): error TS1005: ':' expected.
sveltekit-frontend/src/lib/services/gpu-service-client.ts(166,9): error TS1005: ':' expected.
sveltekit-frontend/src/lib/services/gpu-service-client.ts(166,24): error TS1005: ':' expected.
sveltekit-frontend/src/lib/services/gpu-service-client.ts(167,12): error TS1005: ',' expected.
sveltekit-frontend/src/lib/services/gpu-service-client.ts(167,15): error TS1109: Expression expected.
sveltekit-frontend/src/lib/services/gpu-service-client.ts(167,17): error TS1003: Identifier expected.
sveltekit-frontend/src/lib/services/gpu-service-client.ts(167,18): error TS1138: Parameter declaration expected.
sveltekit-frontend/src/lib/services/gpu-service-client.ts(167,19): error TS1138: Parameter declaration expected.
sveltekit-frontend/src/lib/services/gpu-service-client.ts(167,23): error TS1005: ',' expected.
sveltekit-frontend/src/lib/services/gpu-service-client.ts(167,40): error TS1005: ',' expected.
sveltekit-frontend/src/lib/services/gpu-service-client.ts(167,49): error TS1005: ',' expected.
sveltekit-frontend/src/lib/services/gpu-service-client.ts(167,53): error TS1005: ',' expected.
sveltekit-frontend/src/lib/services/gpu-service-client.ts(167,66): error TS1005: ',' expected.
sveltekit-frontend/src/lib/services/gpu-service-client.ts(167,68): error TS1136: Property assignment expected.
sveltekit-frontend/src/lib/services/gpu-service-client.ts(167,69): error TS1109: Expression expected.
sveltekit-frontend/src/lib/services/gpu-service-client.ts(168,4): error TS1109: Expression expected.
sveltekit-frontend/src/lib/services/gpu-service-client.ts(169,69): error TS1136: Property assignment expected.
sveltekit-frontend/src/lib/services/gpu-service-client.ts(179,6): error TS1005: ')' expected.
sveltekit-frontend/src/lib/services/gpu-service-client.ts(180,68): error TS1136: Property assignment expected.
sveltekit-frontend/src/lib/services/gpu-service-client.ts(180,70): error TS1128: Declaration or statement expected.
sveltekit-frontend/src/lib/services/gpu-service-client.ts(182,59): error TS1109: Expression expected.
sveltekit-frontend/src/lib/services/gpu-service-client.ts(183,6): error TS1109: Expression expected.
sveltekit-frontend/src/lib/services/gpu-service-client.ts(189,30): error TS1005: ',' expected.
sveltekit-frontend/src/lib/services/gpu-service-client.ts(195,3): error TS1128: Declaration or statement expected.
sveltekit-frontend/src/lib/services/gpu-service-client.ts(198,4): error TS1128: Declaration or statement expected.
sveltekit-frontend/src/lib/services/gpu-service-client.ts(200,2): error TS1128: Declaration or statement expected.
sveltekit-frontend/src/lib/services/gpu-service-client.ts(203,2): error TS1128: Declaration or statement expected.
sveltekit-frontend/src/lib/services/gpu-service-client.ts(203,32): error TS1135: Argument expression expected.
sveltekit-frontend/src/lib/services/gpu-service-client.ts(203,41): error TS1005: ';' expected.
sveltekit-frontend/src/lib/services/gpu-service-client.ts(203,50): error TS1109: Expression expected.
sveltekit-frontend/src/lib/services/gpu-service-client.ts(203,51): error TS1109: Expression expected.
sveltekit-frontend/src/lib/services/gpu-service-client.ts(203,53): error TS1005: ';' expected.
sveltekit-frontend/src/lib/services/gpu-service-client.ts(209,43): error TS1109: Expression expected.
sveltekit-frontend/src/lib/services/gpu-service-client.ts(210,4): error TS1109: Expression expected.
sveltekit-frontend/src/lib/services/gpu-service-client.ts(212,43): error TS1109: Expression expected.
sveltekit-frontend/src/lib/services/gpu-service-client.ts(213,11): error TS1109: Expression expected.
sveltekit-frontend/src/lib/services/gpu-service-client.ts(213,55): error TS1109: Expression expected.
sveltekit-frontend/src/lib/services/gpu-service-client.ts(214,11): error TS1109: Expression expected.
sveltekit-frontend/src/lib/services/gpu-service-client.ts(220,81): error TS1005: ')' expected.
sveltekit-frontend/src/lib/services/gpu-service-client.ts(222,48): error TS1109: Expression expected.
sveltekit-frontend/src/lib/services/gpu-service-client.ts(223,19): error TS1161: Unterminated regular expression literal.
sveltekit-frontend/src/lib/services/gpu-service-client.ts(229,2): error TS1128: Declaration or statement expected.
sveltekit-frontend/src/lib/services/gpu-service-client.ts(229,10): error TS1434: Unexpected keyword or identifier.
sveltekit-frontend/src/lib/services/gpu-service-client.ts(231,12): error TS1109: Expression expected.
sveltekit-frontend/src/lib/services/gpu-service-client.ts(232,8): error TS1109: Expression expected.
sveltekit-frontend/src/lib/services/gpu-service-client.ts(233,2): error TS1128: Declaration or statement expected.
sveltekit-frontend/src/lib/services/gpu-service-client.ts(233,3): error TS1128: Declaration or statement expected.
sveltekit-frontend/src/lib/services/gpu-service-client.ts(234,9): error TS1005: ':' expected.
sveltekit-frontend/src/lib/services/gpu-service-client.ts(234,44): error TS1005: ',' expected.
sveltekit-frontend/src/lib/services/gpu-service-client.ts(235,9): error TS1005: ':' expected.
sveltekit-frontend/src/lib/services/gpu-service-client.ts(241,3): error TS1005: ',' expected.
sveltekit-frontend/src/lib/services/gpu-service-client.ts(241,13): error TS1138: Parameter declaration expected.
sveltekit-frontend/src/lib/services/gpu-service-client.ts(241,55): error TS1005: ';' expected.
sveltekit-frontend/src/lib/services/gpu-service-client.ts(245,67): error TS1109: Expression expected.
sveltekit-frontend/src/lib/services/gpu-service-client.ts(245,68): error TS1109: Expression expected.
sveltekit-frontend/src/lib/services/gpu-service-client.ts(253,79): error TS1005: ';' expected.
sveltekit-frontend/src/lib/services/gpu-service-client.ts(253,80): error TS1005: '}' expected.
sveltekit-frontend/src/lib/services/gpu-service-client.ts(253,93): error TS1109: Expression expected.
sveltekit-frontend/src/lib/services/gpu-service-client.ts(253,100): error TS1128: Declaration or statement expected.
sveltekit-frontend/src/lib/services/gpu-service-client.ts(253,101): error TS1128: Declaration or statement expected.
sveltekit-frontend/src/lib/services/gpu-service-client.ts(253,109): error TS1472: 'catch' or 'finally' expected.
sveltekit-frontend/src/lib/services/gpu-service-client.ts(253,111): error TS1434: Unexpected keyword or identifier.
sveltekit-frontend/src/lib/services/gpu-service-client.ts(326,30): error TS1005: ';' expected.
sveltekit-frontend/src/lib/services/gpu-service-client.ts(326,49): error TS1434: Unexpected keyword or identifier.
sveltekit-frontend/src/lib/services/gpu-service-client.ts(326,126): error TS1131: Property or signature expected.
sveltekit-frontend/src/lib/services/gpu-service-client.ts(326,127): error TS1128: Declaration or statement expected.
sveltekit-frontend/src/lib/services/gpu-service-client.ts(326,136): error TS1109: Expression expected.
sveltekit-frontend/src/lib/services/gpu-service-client.ts(326,143): error TS1128: Declaration or statement expected.
sveltekit-frontend/src/lib/services/gpu-service-client.ts(326,144): error TS1128: Declaration or statement expected.
sveltekit-frontend/src/lib/services/gpu-service-client.ts(329,2): error TS1160: Unterminated template literal.
sveltekit-frontend/src/lib/services/gpu-service-integration.ts(462,3): error TS1128: Declaration or statement expected.
sveltekit-frontend/src/lib/services/gpu-service-integration.ts(464,3): error TS1128: Declaration or statement expected.
sveltekit-frontend/src/lib/services/gpu-service-integration.ts(464,31): error TS1005: ';' expected.
sveltekit-frontend/src/lib/services/gpu-service-integration.ts(464,33): error TS1434: Unexpected keyword or identifier.
sveltekit-frontend/src/lib/services/gpu-service-integration.ts(470,3): error TS1128: Declaration or statement expected.
sveltekit-frontend/src/lib/services/gpu-service-integration.ts(470,32): error TS1005: ';' expected.
sveltekit-frontend/src/lib/services/gpu-service-integration.ts(470,34): error TS1434: Unexpected keyword or identifier.
sveltekit-frontend/src/lib/services/gpu-service-integration.ts(475,3): error TS1128: Declaration or statement expected.
sveltekit-frontend/src/lib/services/gpu-service-integration.ts(475,32): error TS1005: ';' expected.
sveltekit-frontend/src/lib/services/gpu-service-integration.ts(475,34): error TS1434: Unexpected keyword or identifier.
sveltekit-frontend/src/lib/services/gpu-service-integration.ts(482,1): error TS1128: Declaration or statement expected.
sveltekit-frontend/src/lib/services/gpu-service-orchestrator.ts(83,61): error TS1005: '>' expected.
sveltekit-frontend/src/lib/services/gpu-service-orchestrator.ts(141,29): error TS1109: Expression expected.
sveltekit-frontend/src/lib/services/gpu-service-orchestrator.ts(141,38): error TS1005: ',' expected.
sveltekit-frontend/src/lib/services/gpu-service-orchestrator.ts(141,39): error TS1136: Property assignment expected.
sveltekit-frontend/src/lib/services/gpu-service-orchestrator.ts(144,30): error TS1109: Expression expected.
sveltekit-frontend/src/lib/services/gpu-service-orchestrator.ts(144,39): error TS1005: ',' expected.
sveltekit-frontend/src/lib/services/gpu-service-orchestrator.ts(144,40): error TS1136: Property assignment expected.
sveltekit-frontend/src/lib/services/gpu-service-orchestrator.ts(183,190): error TS1005: ';' expected.
sveltekit-frontend/src/lib/services/gpu-service-orchestrator.ts(183,191): error TS1005: ')' expected.
sveltekit-frontend/src/lib/services/gpu-service-orchestrator.ts(183,198): error TS1109: Expression expected.
sveltekit-frontend/src/lib/services/gpu-service-orchestrator.ts(183,205): error TS1472: 'catch' or 'finally' expected.
sveltekit-frontend/src/lib/services/gpu-service-orchestrator.ts(183,206): error TS1128: Declaration or statement expected.
sveltekit-frontend/src/lib/services/gpu-service-orchestrator.ts(183,241): error TS1005: ';' expected.
sveltekit-frontend/src/lib/services/gpu-service-orchestrator.ts(186,9): error TS1005: 'try' expected.
sveltekit-frontend/src/lib/services/gpu-service-orchestrator.ts(193,4): error TS1472: 'catch' or 'finally' expected.
sveltekit-frontend/src/lib/services/gpu-service-orchestrator.ts(194,414): error TS1005: ';' expected.
sveltekit-frontend/src/lib/services/gpu-service-orchestrator.ts(194,415): error TS1005: ')' expected.
sveltekit-frontend/src/lib/services/gpu-service-orchestrator.ts(194,422): error TS1109: Expression expected.
sveltekit-frontend/src/lib/services/gpu-service-orchestrator.ts(194,429): error TS1068: Unexpected token. A constructor, method, accessor, or property was expected.
sveltekit-frontend/src/lib/services/gpu-service-orchestrator.ts(194,430): error TS1068: Unexpected token. A constructor, method, accessor, or property was expected.
sveltekit-frontend/src/lib/services/gpu-service-orchestrator.ts(194,431): error TS1434: Unexpected keyword or identifier.
sveltekit-frontend/src/lib/services/gpu-service-orchestrator.ts(194,443): error TS1068: Unexpected token. A constructor, method, accessor, or property was expected.
sveltekit-frontend/src/lib/services/gpu-service-orchestrator.ts(195,4): error TS1068: Unexpected token. A constructor, method, accessor, or property was expected.
sveltekit-frontend/src/lib/services/gpu-service-orchestrator.ts(198,3): error TS1128: Declaration or statement expected.
sveltekit-frontend/src/lib/services/gpu-service-orchestrator.ts(198,5): error TS1005: 'try' expected.
sveltekit-frontend/src/lib/services/gpu-service-orchestrator.ts(207,230): error TS1005: ';' expected.
sveltekit-frontend/src/lib/services/gpu-service-orchestrator.ts(207,231): error TS1005: '}' expected.
sveltekit-frontend/src/lib/services/gpu-service-orchestrator.ts(207,238): error TS1109: Expression expected.
sveltekit-frontend/src/lib/services/gpu-service-orchestrator.ts(207,244): error TS1128: Declaration or statement expected.
sveltekit-frontend/src/lib/services/gpu-service-orchestrator.ts(207,245): error TS1128: Declaration or statement expected.
sveltekit-frontend/src/lib/services/gpu-service-orchestrator.ts(207,246): error TS1128: Declaration or statement expected.
sveltekit-frontend/src/lib/services/gpu-service-orchestrator.ts(207,278): error TS1128: Declaration or statement expected.
sveltekit-frontend/src/lib/services/gpu-service-orchestrator.ts(207,291): error TS1005: ',' expected.
sveltekit-frontend/src/lib/services/gpu-service-orchestrator.ts(207,292): error TS1135: Argument expression expected.
sveltekit-frontend/src/lib/services/gpu-service-orchestrator.ts(207,295): error TS1005: ',' expected.
sveltekit-frontend/src/lib/services/gpu-service-orchestrator.ts(207,296): error TS1136: Property assignment expected.
sveltekit-frontend/src/lib/services/gpu-service-orchestrator.ts(207,488): error TS1005: ',' expected.
sveltekit-frontend/src/lib/services/gpu-service-orchestrator.ts(207,490): error TS1443: Module declaration names may only use ' or " quoted strings.
sveltekit-frontend/src/lib/services/gpu-service-orchestrator.ts(291,21): error TS1434: Unexpected keyword or identifier.
sveltekit-frontend/src/lib/services/gpu-service-orchestrator.ts(291,29): error TS1434: Unexpected keyword or identifier.
sveltekit-frontend/src/lib/services/gpu-service-orchestrator.ts(291,45): error TS1434: Unexpected keyword or identifier.
sveltekit-frontend/src/lib/services/gpu-service-orchestrator.ts(291,58): error TS1443: Module declaration names may only use ' or " quoted strings.
sveltekit-frontend/src/lib/services/gpu-service-orchestrator.ts(297,16): error TS1434: Unexpected keyword or identifier.
sveltekit-frontend/src/lib/services/gpu-service-orchestrator.ts(297,38): error TS1005: ';' expected.
sveltekit-frontend/src/lib/services/gpu-service-orchestrator.ts(297,47): error TS1127: Invalid character.
sveltekit-frontend/src/lib/services/gpu-service-orchestrator.ts(297,49): error TS1127: Invalid character.
sveltekit-frontend/src/lib/services/gpu-service-orchestrator.ts(297,50): error TS1434: Unexpected keyword or identifier.
sveltekit-frontend/src/lib/services/gpu-service-orchestrator.ts(319,36): error TS1005: ';' expected.
sveltekit-frontend/src/lib/services/gpu-service-orchestrator.ts(319,51): error TS1434: Unexpected keyword or identifier.
sveltekit-frontend/src/lib/services/gpu-service-orchestrator.ts(319,118): error TS1131: Property or signature expected.
sveltekit-frontend/src/lib/services/gpu-service-orchestrator.ts(319,119): error TS1128: Declaration or statement expected.
sveltekit-frontend/src/lib/services/gpu-service-orchestrator.ts(319,129): error TS1109: Expression expected.
sveltekit-frontend/src/lib/services/gpu-service-orchestrator.ts(319,136): error TS1128: Declaration or statement expected.
sveltekit-frontend/src/lib/services/gpu-service-orchestrator.ts(319,137): error TS1128: Declaration or statement expected.
sveltekit-frontend/src/lib/services/gpu-service-orchestrator.ts(319,148): error TS1128: Declaration or statement expected.
sveltekit-frontend/src/lib/services/gpu-service-orchestrator.ts(321,34): error TS1005: ';' expected.
sveltekit-frontend/src/lib/services/gpu-service-orchestrator.ts(321,53): error TS1434: Unexpected keyword or identifier.
sveltekit-frontend/src/lib/services/gpu-service-orchestrator.ts(336,25): error TS1005: ';' expected.
sveltekit-frontend/src/lib/services/gpu-service-orchestrator.ts(336,86): error TS1005: ';' expected.
sveltekit-frontend/src/lib/services/gpu-service-orchestrator.ts(336,92): error TS1005: ';' expected.
sveltekit-frontend/src/lib/services/gpu-service-orchestrator.ts(336,101): error TS1127: Invalid character.
sveltekit-frontend/src/lib/services/gpu-service-orchestrator.ts(336,103): error TS1127: Invalid character.
sveltekit-frontend/src/lib/services/gpu-service-orchestrator.ts(336,104): error TS1434: Unexpected keyword or identifier.
sveltekit-frontend/src/lib/services/gpu-service-orchestrator.ts(360,24): error TS1005: ';' expected.
sveltekit-frontend/src/lib/services/gpu-service-orchestrator.ts(360,28): error TS1434: Unexpected keyword or identifier.
sveltekit-frontend/src/lib/services/gpu-service-orchestrator.ts(360,34): error TS1434: Unexpected keyword or identifier.
sveltekit-frontend/src/lib/services/gpu-service-orchestrator.ts(360,76): error TS1005: ';' expected.
sveltekit-frontend/src/lib/services/gpu-service-orchestrator.ts(360,82): error TS1005: ';' expected.
sveltekit-frontend/src/lib/services/gpu-service-orchestrator.ts(360,91): error TS1434: Unexpected keyword or identifier.
sveltekit-frontend/src/lib/services/gpu-service-orchestrator.ts(360,95): error TS1434: Unexpected keyword or identifier.
sveltekit-frontend/src/lib/services/gpu-service-orchestrator.ts(360,107): error TS1127: Invalid character.
sveltekit-frontend/src/lib/services/gpu-service-orchestrator.ts(360,109): error TS1127: Invalid character.
sveltekit-frontend/src/lib/services/gpu-service-orchestrator.ts(360,110): error TS1434: Unexpected keyword or identifier.
sveltekit-frontend/src/lib/services/gpu-service-orchestrator.ts(389,29): error TS1005: ';' expected.
sveltekit-frontend/src/lib/services/gpu-service-orchestrator.ts(389,44): error TS1434: Unexpected keyword or identifier.
sveltekit-frontend/src/lib/services/gpu-service-orchestrator.ts(389,111): error TS1131: Property or signature expected.
sveltekit-frontend/src/lib/services/gpu-service-orchestrator.ts(389,112): error TS1128: Declaration or statement expected.
sveltekit-frontend/src/lib/services/gpu-service-orchestrator.ts(389,122): error TS1109: Expression expected.
sveltekit-frontend/src/lib/services/gpu-service-orchestrator.ts(389,129): error TS1128: Declaration or statement expected.
sveltekit-frontend/src/lib/services/gpu-service-orchestrator.ts(389,130): error TS1128: Declaration or statement expected.
sveltekit-frontend/src/lib/services/gpu-service-orchestrator.ts(389,141): error TS1128: Declaration or statement expected.
sveltekit-frontend/src/lib/services/gpu-service-orchestrator.ts(391,34): error TS1005: ';' expected.
sveltekit-frontend/src/lib/services/gpu-service-orchestrator.ts(391,46): error TS1434: Unexpected keyword or identifier.
sveltekit-frontend/src/lib/services/gpu-service-orchestrator.ts(396,31): error TS1005: ';' expected.
sveltekit-frontend/src/lib/services/gpu-service-orchestrator.ts(396,42): error TS1434: Unexpected keyword or identifier.
sveltekit-frontend/src/lib/services/gpu-service-orchestrator.ts(398,31): error TS1005: ';' expected.
sveltekit-frontend/src/lib/services/gpu-service-orchestrator.ts(398,49): error TS1434: Unexpected keyword or identifier.
sveltekit-frontend/src/lib/services/gpu-service-orchestrator.ts(398,53): error TS1435: Unknown keyword or identifier. Did you mean 'implements'?
sveltekit-frontend/src/lib/services/gpu-service-orchestrator.ts(398,68): error TS1005: '(' expected.
sveltekit-frontend/src/lib/services/gpu-service-orchestrator.ts(398,79): error TS1005: ';' expected.
sveltekit-frontend/src/lib/services/gpu-service-orchestrator.ts(398,80): error TS1005: ';' expected.
sveltekit-frontend/src/lib/services/gpu-service-orchestrator.ts(398,86): error TS1005: ',' expected.
sveltekit-frontend/src/lib/services/gpu-service-orchestrator.ts(428,19): error TS1127: Invalid character.
sveltekit-frontend/src/lib/services/gpu-service-orchestrator.ts(428,21): error TS1434: Unexpected keyword or identifier.
sveltekit-frontend/src/lib/services/gpu-service-orchestrator.ts(428,37): error TS1228: A type predicate is only allowed in return type position for functions and methods.
sveltekit-frontend/src/lib/services/gpu-service-orchestrator.ts(428,65): error TS1005: ',' expected.
sveltekit-frontend/src/lib/services/gpu-service-orchestrator.ts(428,68): error TS1443: Module declaration names may only use ' or " quoted strings.
sveltekit-frontend/src/lib/services/gpu-service-orchestrator.ts(430,23): error TS1434: Unexpected keyword or identifier.
sveltekit-frontend/src/lib/services/gpu-service-orchestrator.ts(430,28): error TS1434: Unexpected keyword or identifier.
sveltekit-frontend/src/lib/services/gpu-service-orchestrator.ts(430,95): error TS1005: ';' expected.
sveltekit-frontend/src/lib/services/gpu-service-orchestrator.ts(430,96): error TS1131: Property or signature expected.
sveltekit-frontend/src/lib/services/gpu-service-orchestrator.ts(430,121): error TS1128: Declaration or statement expected.
sveltekit-frontend/src/lib/services/gpu-service-orchestrator.ts(430,123): error TS1434: Unexpected keyword or identifier.
sveltekit-frontend/src/lib/services/gpu-service-orchestrator.ts(441,19): error TS1127: Invalid character.
sveltekit-frontend/src/lib/services/gpu-service-orchestrator.ts(441,20): error TS1127: Invalid character.
sveltekit-frontend/src/lib/services/gpu-service-orchestrator.ts(441,22): error TS1434: Unexpected keyword or identifier.
sveltekit-frontend/src/lib/services/gpu-service-orchestrator.ts(441,38): error TS1228: A type predicate is only allowed in return type position for functions and methods.
sveltekit-frontend/src/lib/services/gpu-service-orchestrator.ts(531,64): error TS1160: Unterminated template literal.
sveltekit-frontend/src/lib/services/gpu-service-router.ts(9,1): error TS1128: Declaration or statement expected.
sveltekit-frontend/src/lib/services/gpu-service-router.ts(31,1): error TS1128: Declaration or statement expected.
sveltekit-frontend/src/lib/services/gpu-service-router.ts(37,1): error TS1128: Declaration or statement expected.
sveltekit-frontend/src/lib/services/gpu-service-router.ts(86,19): error TS1005: ';' expected.
sveltekit-frontend/src/lib/services/gpu-service-router.ts(87,4): error TS1128: Declaration or statement expected.
sveltekit-frontend/src/lib/services/gpu-service-router.ts(87,5): error TS1128: Declaration or statement expected.
sveltekit-frontend/src/lib/services/gpu-service-router.ts(89,11): error TS1005: ':' expected.
sveltekit-frontend/src/lib/services/gpu-service-router.ts(89,55): error TS1005: ',' expected.
sveltekit-frontend/src/lib/services/gpu-service-router.ts(90,11): error TS1005: ':' expected.
sveltekit-frontend/src/lib/services/gpu-service-router.ts(90,40): error TS1005: ',' expected.
sveltekit-frontend/src/lib/services/gpu-service-router.ts(92,17): error TS1138: Parameter declaration expected.
sveltekit-frontend/src/lib/services/gpu-service-router.ts(92,38): error TS1005: ',' expected.
sveltekit-frontend/src/lib/services/gpu-service-router.ts(92,40): error TS1136: Property assignment expected.
sveltekit-frontend/src/lib/services/gpu-service-router.ts(122,5): error TS1136: Property assignment expected.
sveltekit-frontend/src/lib/services/gpu-service-router.ts(122,6): error TS1128: Declaration or statement expected.
sveltekit-frontend/src/lib/services/gpu-service-router.ts(122,7): error TS1128: Declaration or statement expected.
sveltekit-frontend/src/lib/services/gpu-service-router.ts(123,3): error TS1128: Declaration or statement expected.
sveltekit-frontend/src/lib/services/gpu-service-router.ts(127,3): error TS1128: Declaration or statement expected.
sveltekit-frontend/src/lib/services/gpu-service-router.ts(127,11): error TS1434: Unexpected keyword or identifier.
sveltekit-frontend/src/lib/services/gpu-service-router.ts(127,47): error TS1135: Argument expression expected.
sveltekit-frontend/src/lib/services/gpu-service-router.ts(127,61): error TS1005: ';' expected.
sveltekit-frontend/src/lib/services/gpu-service-router.ts(128,9): error TS1005: ':' expected.
sveltekit-frontend/src/lib/services/gpu-service-router.ts(130,11): error TS1003: Identifier expected.
sveltekit-frontend/src/lib/services/gpu-service-router.ts(130,16): error TS1005: ',' expected.
sveltekit-frontend/src/lib/services/gpu-service-router.ts(130,65): error TS1005: ',' expected.
sveltekit-frontend/src/lib/services/gpu-service-router.ts(130,67): error TS1136: Property assignment expected.
sveltekit-frontend/src/lib/services/gpu-service-router.ts(139,37): error TS1109: Expression expected.
sveltekit-frontend/src/lib/services/gpu-service-router.ts(140,7): error TS1128: Declaration or statement expected.
sveltekit-frontend/src/lib/services/gpu-service-router.ts(140,9): error TS1128: Declaration or statement expected.
sveltekit-frontend/src/lib/services/gpu-service-router.ts(145,62): error TS1005: ')' expected.
sveltekit-frontend/src/lib/services/gpu-service-router.ts(153,5): error TS1128: Declaration or statement expected.
sveltekit-frontend/src/lib/services/gpu-service-router.ts(153,7): error TS1005: 'try' expected.
sveltekit-frontend/src/lib/services/gpu-service-router.ts(164,3): error TS1128: Declaration or statement expected.
sveltekit-frontend/src/lib/services/gpu-service-router.ts(168,3): error TS1128: Declaration or statement expected.
sveltekit-frontend/src/lib/services/gpu-service-router.ts(168,11): error TS1434: Unexpected keyword or identifier.
sveltekit-frontend/src/lib/services/gpu-service-router.ts(172,3): error TS1128: Declaration or statement expected.
sveltekit-frontend/src/lib/services/gpu-service-router.ts(172,4): error TS1128: Declaration or statement expected.
sveltekit-frontend/src/lib/services/gpu-service-router.ts(173,9): error TS1005: ':' expected.
sveltekit-frontend/src/lib/services/gpu-service-router.ts(174,13): error TS1005: ':' expected.
sveltekit-frontend/src/lib/services/gpu-service-router.ts(185,9): error TS1136: Property assignment expected.
sveltekit-frontend/src/lib/services/gpu-service-router.ts(187,8): error TS1005: ',' expected.
sveltekit-frontend/src/lib/services/gpu-service-router.ts(187,9): error TS1136: Property assignment expected.
sveltekit-frontend/src/lib/services/gpu-service-router.ts(188,11): error TS1003: Identifier expected.
sveltekit-frontend/src/lib/services/gpu-service-router.ts(188,12): error TS1138: Parameter declaration expected.
sveltekit-frontend/src/lib/services/gpu-service-router.ts(188,85): error TS1005: ';' expected.
sveltekit-frontend/src/lib/services/gpu-service-router.ts(189,102): error TS1005: ';' expected.
sveltekit-frontend/src/lib/services/gpu-service-router.ts(189,103): error TS1005: '}' expected.
sveltekit-frontend/src/lib/services/gpu-service-router.ts(189,110): error TS1109: Expression expected.
sveltekit-frontend/src/lib/services/gpu-service-router.ts(189,117): error TS1128: Declaration or statement expected.
sveltekit-frontend/src/lib/services/gpu-service-router.ts(189,118): error TS1128: Declaration or statement expected.
sveltekit-frontend/src/lib/services/gpu-service-router.ts(189,125): error TS1128: Declaration or statement expected.
sveltekit-frontend/src/lib/services/gpu-service-router.ts(189,127): error TS1434: Unexpected keyword or identifier.
sveltekit-frontend/src/lib/services/gpu-service-router.ts(271,24): error TS1005: ';' expected.
sveltekit-frontend/src/lib/services/gpu-service-router.ts(271,43): error TS1434: Unexpected keyword or identifier.
sveltekit-frontend/src/lib/services/gpu-service-router.ts(275,56): error TS1160: Unterminated template literal.
sveltekit-frontend/src/lib/services/gpu-shader-cache-binary-extension.ts(13,7): error TS1128: Declaration or statement expected.
sveltekit-frontend/src/lib/services/gpu-shader-cache-binary-extension.ts(16,16): error TS1005: ')' expected.
sveltekit-frontend/src/lib/services/gpu-shader-cache-binary-extension.ts(17,9): error TS1003: Identifier expected.
sveltekit-frontend/src/lib/services/gpu-shader-cache-binary-extension.ts(17,15): error TS1138: Parameter declaration expected.
sveltekit-frontend/src/lib/services/gpu-shader-cache-binary-extension.ts(17,23): error TS1005: ',' expected.
sveltekit-frontend/src/lib/services/gpu-shader-cache-binary-extension.ts(17,33): error TS1005: ',' expected.
sveltekit-frontend/src/lib/services/gpu-shader-cache-binary-extension.ts(17,38): error TS1005: ':' expected.
sveltekit-frontend/src/lib/services/gpu-shader-cache-binary-extension.ts(17,45): error TS1005: ',' expected.
sveltekit-frontend/src/lib/services/gpu-shader-cache-binary-extension.ts(18,11): error TS1005: ':' expected.
sveltekit-frontend/src/lib/services/gpu-shader-cache-binary-extension.ts(18,24): error TS1109: Expression expected.
sveltekit-frontend/src/lib/services/gpu-shader-cache-binary-extension.ts(18,25): error TS1005: ',' expected.
sveltekit-frontend/src/lib/services/gpu-shader-cache-binary-extension.ts(19,11): error TS1005: ':' expected.
sveltekit-frontend/src/lib/services/gpu-shader-cache-binary-extension.ts(30,5): error TS1005: ',' expected.
sveltekit-frontend/src/lib/services/gpu-shader-cache-binary-extension.ts(30,13): error TS1138: Parameter declaration expected.
sveltekit-frontend/src/lib/services/gpu-shader-cache-binary-extension.ts(30,24): error TS1005: ',' expected.
sveltekit-frontend/src/lib/services/gpu-shader-cache-binary-extension.ts(30,26): error TS1136: Property assignment expected.
sveltekit-frontend/src/lib/services/gpu-shader-cache-binary-extension.ts(31,11): error TS1005: ':' expected.
sveltekit-frontend/src/lib/services/gpu-shader-cache-binary-extension.ts(32,15): error TS1005: ',' expected.
sveltekit-frontend/src/lib/services/gpu-shader-cache-binary-extension.ts(32,28): error TS1005: ',' expected.
sveltekit-frontend/src/lib/services/gpu-shader-cache-binary-extension.ts(32,40): error TS1005: ',' expected.
sveltekit-frontend/src/lib/services/gpu-shader-cache-binary-extension.ts(32,41): error TS1109: Expression expected.
sveltekit-frontend/src/lib/services/gpu-shader-cache-binary-extension.ts(36,7): error TS1128: Declaration or statement expected.
sveltekit-frontend/src/lib/services/gpu-shader-cache-binary-extension.ts(36,9): error TS1005: 'try' expected.
sveltekit-frontend/src/lib/services/gpu-shader-cache-binary-extension.ts(39,5): error TS1128: Declaration or statement expected.
sveltekit-frontend/src/lib/services/gpu-shader-cache-binary-extension.ts(41,3): error TS1128: Declaration or statement expected.
sveltekit-frontend/src/lib/services/gpu-shader-cache-binary-extension.ts(41,4): error TS1128: Declaration or statement expected.
sveltekit-frontend/src/lib/services/gpu-shader-cache-binary-extension.ts(42,3): error TS1434: Unexpected keyword or identifier.
sveltekit-frontend/src/lib/services/gpu-shader-cache-binary-extension.ts(42,27): error TS1135: Argument expression expected.
sveltekit-frontend/src/lib/services/gpu-shader-cache-binary-extension.ts(42,50): error TS1005: ',' expected.
sveltekit-frontend/src/lib/services/gpu-shader-cache-binary-extension.ts(42,80): error TS1005: ',' expected.
sveltekit-frontend/src/lib/services/gpu-shader-cache-binary-extension.ts(42,92): error TS1109: Expression expected.
sveltekit-frontend/src/lib/services/gpu-shader-cache-binary-extension.ts(42,98): error TS1128: Declaration or statement expected.
sveltekit-frontend/src/lib/services/gpu-shader-cache-binary-extension.ts(42,99): error TS1128: Declaration or statement expected.
sveltekit-frontend/src/lib/services/gpu-shader-cache-binary-extension.ts(53,85): error TS1136: Property assignment expected.
sveltekit-frontend/src/lib/services/gpu-shader-cache-binary-extension.ts(53,87): error TS1128: Declaration or statement expected.
sveltekit-frontend/src/lib/services/gpu-shader-cache-binary-extension.ts(58,7): error TS1128: Declaration or statement expected.
sveltekit-frontend/src/lib/services/gpu-shader-cache-binary-extension.ts(58,34): error TS1109: Expression expected.
sveltekit-frontend/src/lib/services/gpu-shader-cache-binary-extension.ts(60,7): error TS1128: Declaration or statement expected.
sveltekit-frontend/src/lib/services/gpu-shader-cache-binary-extension.ts(60,37): error TS1109: Expression expected.
sveltekit-frontend/src/lib/services/gpu-shader-cache-binary-extension.ts(63,7): error TS1128: Declaration or statement expected.
sveltekit-frontend/src/lib/services/gpu-shader-cache-binary-extension.ts(75,7): error TS1128: Declaration or statement expected.
sveltekit-frontend/src/lib/services/gpu-shader-cache-binary-extension.ts(101,3): error TS1128: Declaration or statement expected.
sveltekit-frontend/src/lib/services/gpu-shader-cache-binary-extension.ts(101,4): error TS1128: Declaration or statement expected.
sveltekit-frontend/src/lib/services/gpu-shader-cache-binary-extension.ts(102,3): error TS1434: Unexpected keyword or identifier.
sveltekit-frontend/src/lib/services/gpu-shader-cache-binary-extension.ts(102,36): error TS1135: Argument expression expected.
sveltekit-frontend/src/lib/services/gpu-shader-cache-binary-extension.ts(102,42): error TS1011: An element access expression should take an argument.
sveltekit-frontend/src/lib/services/gpu-shader-cache-binary-extension.ts(103,12): error TS1005: ':' expected.
sveltekit-frontend/src/lib/services/gpu-shader-cache-binary-extension.ts(104,60): error TS1136: Property assignment expected.
sveltekit-frontend/src/lib/services/gpu-shader-cache-binary-extension.ts(115,9): error TS1005: ';' expected.
sveltekit-frontend/src/lib/services/gpu-shader-cache-binary-extension.ts(115,32): error TS1135: Argument expression expected.
sveltekit-frontend/src/lib/services/gpu-shader-cache-binary-extension.ts(116,11): error TS1005: ':' expected.
sveltekit-frontend/src/lib/services/gpu-shader-cache-binary-extension.ts(116,47): error TS1005: ',' expected.
sveltekit-frontend/src/lib/services/gpu-shader-cache-binary-extension.ts(117,9): error TS1003: Identifier expected.
sveltekit-frontend/src/lib/services/gpu-shader-cache-binary-extension.ts(117,15): error TS1005: '{' expected.
sveltekit-frontend/src/lib/services/gpu-shader-cache-binary-extension.ts(117,22): error TS1005: ':' expected.
sveltekit-frontend/src/lib/services/gpu-shader-cache-binary-extension.ts(117,26): error TS1005: ',' expected.
sveltekit-frontend/src/lib/services/gpu-shader-cache-binary-extension.ts(118,12): error TS1005: ':' expected.
sveltekit-frontend/src/lib/services/gpu-shader-cache-binary-extension.ts(123,13): error TS1005: ',' expected.
sveltekit-frontend/src/lib/services/gpu-shader-cache-binary-extension.ts(125,9): error TS1005: ';' expected.
sveltekit-frontend/src/lib/services/gpu-shader-cache-binary-extension.ts(125,48): error TS1135: Argument expression expected.
sveltekit-frontend/src/lib/services/gpu-shader-cache-binary-extension.ts(126,12): error TS1005: ':' expected.
sveltekit-frontend/src/lib/services/gpu-shader-cache-binary-extension.ts(126,56): error TS1005: ',' expected.
sveltekit-frontend/src/lib/services/gpu-shader-cache-binary-extension.ts(128,1): error TS1128: Declaration or statement expected.
sveltekit-frontend/src/lib/services/gpu-som-embeddings.ts(59,5): error TS1136: Property assignment expected.
sveltekit-frontend/src/lib/services/gpu-som-embeddings.ts(59,7): error TS1068: Unexpected token. A constructor, method, accessor, or property was expected.
sveltekit-frontend/src/lib/services/gpu-som-embeddings.ts(60,9): error TS1003: Identifier expected.
sveltekit-frontend/src/lib/services/gpu-som-embeddings.ts(63,5): error TS1068: Unexpected token. A constructor, method, accessor, or property was expected.
sveltekit-frontend/src/lib/services/gpu-som-embeddings.ts(69,5): error TS1005: ',' expected.
sveltekit-frontend/src/lib/services/gpu-som-embeddings.ts(69,6): error TS1128: Declaration or statement expected.
sveltekit-frontend/src/lib/services/gpu-som-embeddings.ts(69,7): error TS1128: Declaration or statement expected.
sveltekit-frontend/src/lib/services/gpu-som-embeddings.ts(72,3): error TS1128: Declaration or statement expected.
sveltekit-frontend/src/lib/services/gpu-som-embeddings.ts(76,3): error TS1128: Declaration or statement expected.
sveltekit-frontend/src/lib/services/gpu-som-embeddings.ts(76,11): error TS1434: Unexpected keyword or identifier.
sveltekit-frontend/src/lib/services/gpu-som-embeddings.ts(76,33): error TS1109: Expression expected.
sveltekit-frontend/src/lib/services/gpu-som-embeddings.ts(76,47): error TS1109: Expression expected.
sveltekit-frontend/src/lib/services/gpu-som-embeddings.ts(77,9): error TS1003: Identifier expected.
sveltekit-frontend/src/lib/services/gpu-som-embeddings.ts(77,14): error TS1005: ',' expected.
sveltekit-frontend/src/lib/services/gpu-som-embeddings.ts(77,22): error TS1005: ',' expected.
sveltekit-frontend/src/lib/services/gpu-som-embeddings.ts(77,31): error TS1005: ',' expected.
sveltekit-frontend/src/lib/services/gpu-som-embeddings.ts(77,35): error TS1005: ':' expected.
sveltekit-frontend/src/lib/services/gpu-som-embeddings.ts(77,67): error TS1005: ',' expected.
sveltekit-frontend/src/lib/services/gpu-som-embeddings.ts(78,11): error TS1005: ':' expected.
sveltekit-frontend/src/lib/services/gpu-som-embeddings.ts(78,60): error TS1005: ',' expected.
sveltekit-frontend/src/lib/services/gpu-som-embeddings.ts(78,62): error TS1005: ',' expected.
sveltekit-frontend/src/lib/services/gpu-som-embeddings.ts(79,11): error TS1005: ':' expected.
sveltekit-frontend/src/lib/services/gpu-som-embeddings.ts(79,42): error TS1005: ',' expected.
sveltekit-frontend/src/lib/services/gpu-som-embeddings.ts(81,9): error TS1005: ':' expected.
sveltekit-frontend/src/lib/services/gpu-som-embeddings.ts(84,7): error TS1005: ',' expected.
sveltekit-frontend/src/lib/services/gpu-som-embeddings.ts(86,9): error TS1005: ':' expected.
sveltekit-frontend/src/lib/services/gpu-som-embeddings.ts(89,7): error TS1005: ',' expected.
sveltekit-frontend/src/lib/services/gpu-som-embeddings.ts(91,9): error TS1005: ':' expected.
sveltekit-frontend/src/lib/services/gpu-som-embeddings.ts(94,7): error TS1005: ',' expected.
sveltekit-frontend/src/lib/services/gpu-som-embeddings.ts(96,11): error TS1005: ',' expected.
sveltekit-frontend/src/lib/services/gpu-som-embeddings.ts(96,16): error TS1005: ',' expected.
sveltekit-frontend/src/lib/services/gpu-som-embeddings.ts(96,31): error TS1136: Property assignment expected.
sveltekit-frontend/src/lib/services/gpu-som-embeddings.ts(97,3): error TS1128: Declaration or statement expected.
sveltekit-frontend/src/lib/services/gpu-som-embeddings.ts(101,3): error TS1128: Declaration or statement expected.
sveltekit-frontend/src/lib/services/gpu-som-embeddings.ts(101,11): error TS1434: Unexpected keyword or identifier.
sveltekit-frontend/src/lib/services/gpu-som-embeddings.ts(101,41): error TS1109: Expression expected.
sveltekit-frontend/src/lib/services/gpu-som-embeddings.ts(101,55): error TS1109: Expression expected.
sveltekit-frontend/src/lib/services/gpu-som-embeddings.ts(102,9): error TS1003: Identifier expected.
sveltekit-frontend/src/lib/services/gpu-som-embeddings.ts(102,14): error TS1005: ',' expected.
sveltekit-frontend/src/lib/services/gpu-som-embeddings.ts(102,22): error TS1005: ',' expected.
sveltekit-frontend/src/lib/services/gpu-som-embeddings.ts(102,31): error TS1005: ',' expected.
sveltekit-frontend/src/lib/services/gpu-som-embeddings.ts(102,35): error TS1005: ':' expected.
sveltekit-frontend/src/lib/services/gpu-som-embeddings.ts(102,67): error TS1005: ',' expected.
sveltekit-frontend/src/lib/services/gpu-som-embeddings.ts(103,11): error TS1005: ':' expected.
sveltekit-frontend/src/lib/services/gpu-som-embeddings.ts(200,7): error TS1005: ',' expected.
sveltekit-frontend/src/lib/services/gpu-som-embeddings.ts(202,9): error TS1005: ':' expected.
sveltekit-frontend/src/lib/services/gpu-som-embeddings.ts(208,7): error TS1005: ',' expected.
sveltekit-frontend/src/lib/services/gpu-som-embeddings.ts(213,3): error TS1128: Declaration or statement expected.
sveltekit-frontend/src/lib/services/gpu-som-embeddings.ts(213,11): error TS1434: Unexpected keyword or identifier.
sveltekit-frontend/src/lib/services/gpu-som-embeddings.ts(213,33): error TS1109: Expression expected.
sveltekit-frontend/src/lib/services/gpu-som-embeddings.ts(213,47): error TS1109: Expression expected.
sveltekit-frontend/src/lib/services/gpu-som-embeddings.ts(214,9): error TS1003: Identifier expected.
sveltekit-frontend/src/lib/services/gpu-som-embeddings.ts(214,14): error TS1005: ',' expected.
sveltekit-frontend/src/lib/services/gpu-som-embeddings.ts(214,41): error TS1005: ',' expected.
sveltekit-frontend/src/lib/services/gpu-som-embeddings.ts(214,50): error TS1005: ',' expected.
sveltekit-frontend/src/lib/services/gpu-som-embeddings.ts(215,11): error TS1005: ':' expected.
sveltekit-frontend/src/lib/services/gpu-som-embeddings.ts(215,60): error TS1005: ',' expected.
sveltekit-frontend/src/lib/services/gpu-som-embeddings.ts(215,62): error TS1005: ',' expected.
sveltekit-frontend/src/lib/services/gpu-som-embeddings.ts(216,11): error TS1005: ':' expected.
sveltekit-frontend/src/lib/services/gpu-som-embeddings.ts(216,42): error TS1005: ',' expected.
sveltekit-frontend/src/lib/services/gpu-som-embeddings.ts(218,11): error TS1005: ':' expected.
sveltekit-frontend/src/lib/services/gpu-som-embeddings.ts(218,66): error TS1005: ',' expected.
sveltekit-frontend/src/lib/services/gpu-som-embeddings.ts(219,14): error TS1005: ',' expected.
sveltekit-frontend/src/lib/services/gpu-som-embeddings.ts(219,17): error TS1109: Expression expected.
sveltekit-frontend/src/lib/services/gpu-som-embeddings.ts(219,19): error TS1003: Identifier expected.
sveltekit-frontend/src/lib/services/gpu-som-embeddings.ts(219,20): error TS1138: Parameter declaration expected.
sveltekit-frontend/src/lib/services/gpu-som-embeddings.ts(219,21): error TS1138: Parameter declaration expected.
sveltekit-frontend/src/lib/services/gpu-som-embeddings.ts(219,25): error TS1005: ',' expected.
sveltekit-frontend/src/lib/services/gpu-som-embeddings.ts(219,42): error TS1005: ',' expected.
sveltekit-frontend/src/lib/services/gpu-som-embeddings.ts(219,52): error TS1005: ',' expected.
sveltekit-frontend/src/lib/services/gpu-som-embeddings.ts(219,55): error TS1005: ',' expected.
sveltekit-frontend/src/lib/services/gpu-som-embeddings.ts(219,57): error TS1005: ';' expected.
sveltekit-frontend/src/lib/services/gpu-som-embeddings.ts(219,60): error TS1109: Expression expected.
sveltekit-frontend/src/lib/services/gpu-som-embeddings.ts(220,26): error TS1109: Expression expected.
sveltekit-frontend/src/lib/services/gpu-som-embeddings.ts(224,3): error TS1128: Declaration or statement expected.
sveltekit-frontend/src/lib/services/gpu-som-embeddings.ts(228,3): error TS1434: Unexpected keyword or identifier.
sveltekit-frontend/src/lib/services/gpu-som-embeddings.ts(228,31): error TS1135: Argument expression expected.
sveltekit-frontend/src/lib/services/gpu-som-embeddings.ts(228,46): error TS1011: An element access expression should take an argument.
sveltekit-frontend/src/lib/services/gpu-som-embeddings.ts(228,48): error TS1005: ';' expected.
sveltekit-frontend/src/lib/services/gpu-som-embeddings.ts(228,62): error TS1109: Expression expected.
sveltekit-frontend/src/lib/services/gpu-som-embeddings.ts(229,9): error TS1003: Identifier expected.
sveltekit-frontend/src/lib/services/gpu-som-embeddings.ts(229,14): error TS1005: ',' expected.
sveltekit-frontend/src/lib/services/gpu-som-embeddings.ts(229,47): error TS1005: ',' expected.
sveltekit-frontend/src/lib/services/gpu-som-embeddings.ts(229,49): error TS1136: Property assignment expected.
sveltekit-frontend/src/lib/services/gpu-som-embeddings.ts(233,66): error TS1109: Expression expected.
sveltekit-frontend/src/lib/services/gpu-som-embeddings.ts(235,7): error TS1109: Expression expected.
sveltekit-frontend/src/lib/services/gpu-som-embeddings.ts(244,3): error TS1128: Declaration or statement expected.
sveltekit-frontend/src/lib/services/gpu-som-embeddings.ts(248,3): error TS1128: Declaration or statement expected.
sveltekit-frontend/src/lib/services/gpu-som-embeddings.ts(248,11): error TS1434: Unexpected keyword or identifier.
sveltekit-frontend/src/lib/services/gpu-som-embeddings.ts(253,3): error TS1128: Declaration or statement expected.
sveltekit-frontend/src/lib/services/gpu-som-embeddings.ts(253,4): error TS1128: Declaration or statement expected.
sveltekit-frontend/src/lib/services/gpu-som-embeddings.ts(253,18): error TS1109: Expression expected.
sveltekit-frontend/src/lib/services/gpu-som-embeddings.ts(254,9): error TS1003: Identifier expected.
sveltekit-frontend/src/lib/services/gpu-som-embeddings.ts(254,14): error TS1005: ',' expected.
sveltekit-frontend/src/lib/services/gpu-som-embeddings.ts(254,47): error TS1005: ',' expected.
sveltekit-frontend/src/lib/services/gpu-som-embeddings.ts(254,56): error TS1005: ',' expected.
sveltekit-frontend/src/lib/services/gpu-som-embeddings.ts(256,11): error TS1005: ':' expected.
sveltekit-frontend/src/lib/services/gpu-som-embeddings.ts(256,69): error TS1005: ',' expected.
sveltekit-frontend/src/lib/services/gpu-som-embeddings.ts(257,7): error TS1136: Property assignment expected.
sveltekit-frontend/src/lib/services/gpu-som-embeddings.ts(257,19): error TS1003: Identifier expected.
sveltekit-frontend/src/lib/services/gpu-som-embeddings.ts(257,34): error TS1005: ',' expected.
sveltekit-frontend/src/lib/services/gpu-som-embeddings.ts(257,57): error TS1005: '{' expected.
sveltekit-frontend/src/lib/services/gpu-som-embeddings.ts(257,65): error TS1005: ',' expected.
sveltekit-frontend/src/lib/services/gpu-som-embeddings.ts(258,9): error TS1005: ':' expected.
sveltekit-frontend/src/lib/services/gpu-som-embeddings.ts(258,73): error TS1005: ',' expected.
sveltekit-frontend/src/lib/services/gpu-som-embeddings.ts(260,11): error TS1005: ':' expected.
sveltekit-frontend/src/lib/services/gpu-som-embeddings.ts(268,7): error TS1005: ',' expected.
sveltekit-frontend/src/lib/services/gpu-som-embeddings.ts(269,11): error TS1005: ':' expected.
sveltekit-frontend/src/lib/services/gpu-som-embeddings.ts(272,7): error TS1005: ',' expected.
sveltekit-frontend/src/lib/services/gpu-som-embeddings.ts(273,9): error TS1005: ':' expected.
sveltekit-frontend/src/lib/services/gpu-som-embeddings.ts(273,64): error TS1005: ',' expected.
sveltekit-frontend/src/lib/services/gpu-som-embeddings.ts(275,11): error TS1005: ':' expected.
sveltekit-frontend/src/lib/services/gpu-som-embeddings.ts(283,7): error TS1005: ',' expected.
sveltekit-frontend/src/lib/services/gpu-som-embeddings.ts(285,11): error TS1005: ':' expected.
sveltekit-frontend/src/lib/services/gpu-som-embeddings.ts(285,62): error TS1005: ',' expected.
sveltekit-frontend/src/lib/services/gpu-som-embeddings.ts(286,11): error TS1005: ':' expected.
sveltekit-frontend/src/lib/services/gpu-som-embeddings.ts(286,58): error TS1005: ',' expected.
sveltekit-frontend/src/lib/services/gpu-som-embeddings.ts(287,17): error TS1003: Identifier expected.
sveltekit-frontend/src/lib/services/gpu-som-embeddings.ts(287,51): error TS1005: ',' expected.
sveltekit-frontend/src/lib/services/gpu-som-embeddings.ts(288,17): error TS1003: Identifier expected.
sveltekit-frontend/src/lib/services/gpu-som-embeddings.ts(288,44): error TS1005: ',' expected.
sveltekit-frontend/src/lib/services/gpu-som-embeddings.ts(289,11): error TS1005: ':' expected.
sveltekit-frontend/src/lib/services/gpu-som-embeddings.ts(289,61): error TS1005: ',' expected.
sveltekit-frontend/src/lib/services/gpu-som-embeddings.ts(290,11): error TS1005: ':' expected.
sveltekit-frontend/src/lib/services/gpu-som-embeddings.ts(290,62): error TS1005: ',' expected.
sveltekit-frontend/src/lib/services/gpu-som-embeddings.ts(291,17): error TS1003: Identifier expected.
sveltekit-frontend/src/lib/services/gpu-som-embeddings.ts(291,62): error TS1005: ',' expected.
sveltekit-frontend/src/lib/services/gpu-som-embeddings.ts(292,17): error TS1003: Identifier expected.
sveltekit-frontend/src/lib/services/gpu-som-embeddings.ts(292,23): error TS1005: ',' expected.
sveltekit-frontend/src/lib/services/gpu-som-embeddings.ts(294,11): error TS1005: ':' expected.
sveltekit-frontend/src/lib/services/gpu-som-embeddings.ts(294,65): error TS1005: ',' expected.
sveltekit-frontend/src/lib/services/gpu-som-embeddings.ts(296,9): error TS1005: ':' expected.
sveltekit-frontend/src/lib/services/gpu-som-embeddings.ts(296,56): error TS1005: ',' expected.
sveltekit-frontend/src/lib/services/gpu-som-embeddings.ts(297,11): error TS1005: ',' expected.
sveltekit-frontend/src/lib/services/gpu-som-embeddings.ts(297,16): error TS1005: ',' expected.
sveltekit-frontend/src/lib/services/gpu-som-embeddings.ts(297,50): error TS1136: Property assignment expected.
sveltekit-frontend/src/lib/services/gpu-som-embeddings.ts(300,3): error TS1128: Declaration or statement expected.
sveltekit-frontend/src/lib/services/gpu-som-embeddings.ts(304,3): error TS1128: Declaration or statement expected.
sveltekit-frontend/src/lib/services/gpu-som-embeddings.ts(304,11): error TS1434: Unexpected keyword or identifier.
sveltekit-frontend/src/lib/services/gpu-som-embeddings.ts(304,34): error TS1109: Expression expected.
sveltekit-frontend/src/lib/services/gpu-som-embeddings.ts(304,48): error TS1109: Expression expected.
sveltekit-frontend/src/lib/services/gpu-som-embeddings.ts(311,3): error TS1434: Unexpected keyword or identifier.
sveltekit-frontend/src/lib/services/gpu-som-embeddings.ts(311,23): error TS1109: Expression expected.
sveltekit-frontend/src/lib/services/gpu-som-embeddings.ts(311,44): error TS1011: An element access expression should take an argument.
sveltekit-frontend/src/lib/services/gpu-som-embeddings.ts(312,9): error TS1003: Identifier expected.
sveltekit-frontend/src/lib/services/gpu-som-embeddings.ts(312,14): error TS1005: ',' expected.
sveltekit-frontend/src/lib/services/gpu-som-embeddings.ts(312,41): error TS1005: ',' expected.
sveltekit-frontend/src/lib/services/gpu-som-embeddings.ts(312,43): error TS1136: Property assignment expected.
sveltekit-frontend/src/lib/services/gpu-som-embeddings.ts(324,62): error TS1005: ')' expected.
sveltekit-frontend/src/lib/services/gpu-som-embeddings.ts(329,42): error TS1109: Expression expected.
sveltekit-frontend/src/lib/services/gpu-som-embeddings.ts(330,7): error TS1109: Expression expected.
sveltekit-frontend/src/lib/services/gpu-som-embeddings.ts(330,43): error TS1109: Expression expected.
sveltekit-frontend/src/lib/services/gpu-som-embeddings.ts(331,9): error TS1109: Expression expected.
sveltekit-frontend/src/lib/services/gpu-som-embeddings.ts(333,87): error TS1005: ')' expected.
sveltekit-frontend/src/lib/services/gpu-som-embeddings.ts(349,3): error TS1128: Declaration or statement expected.
sveltekit-frontend/src/lib/services/gpu-som-embeddings.ts(353,3): error TS1434: Unexpected keyword or identifier.
sveltekit-frontend/src/lib/services/gpu-som-embeddings.ts(353,35): error TS1135: Argument expression expected.
sveltekit-frontend/src/lib/services/gpu-som-embeddings.ts(353,50): error TS1005: ';' expected.
sveltekit-frontend/src/lib/services/gpu-som-embeddings.ts(354,9): error TS1003: Identifier expected.
sveltekit-frontend/src/lib/services/gpu-som-embeddings.ts(354,14): error TS1005: ',' expected.
sveltekit-frontend/src/lib/services/gpu-som-embeddings.ts(354,47): error TS1005: ',' expected.
sveltekit-frontend/src/lib/services/gpu-som-embeddings.ts(354,49): error TS1136: Property assignment expected.
sveltekit-frontend/src/lib/services/gpu-som-embeddings.ts(359,7): error TS1128: Declaration or statement expected.
sveltekit-frontend/src/lib/services/gpu-som-embeddings.ts(359,26): error TS1109: Expression expected.
sveltekit-frontend/src/lib/services/gpu-som-embeddings.ts(368,3): error TS1128: Declaration or statement expected.
sveltekit-frontend/src/lib/services/gpu-som-embeddings.ts(372,3): error TS1434: Unexpected keyword or identifier.
sveltekit-frontend/src/lib/services/gpu-som-embeddings.ts(374,22): error TS1137: Expression or comma expected.
sveltekit-frontend/src/lib/services/gpu-som-embeddings.ts(374,32): error TS1005: ';' expected.
sveltekit-frontend/src/lib/services/gpu-som-embeddings.ts(374,39): error TS1128: Declaration or statement expected.
sveltekit-frontend/src/lib/services/gpu-som-embeddings.ts(376,3): error TS1128: Declaration or statement expected.
sveltekit-frontend/src/lib/services/gpu-som-embeddings.ts(376,4): error TS1128: Declaration or statement expected.
sveltekit-frontend/src/lib/services/gpu-som-embeddings.ts(376,18): error TS1109: Expression expected.
sveltekit-frontend/src/lib/services/gpu-som-embeddings.ts(377,11): error TS1005: ':' expected.
sveltekit-frontend/src/lib/services/gpu-som-embeddings.ts(377,58): error TS1005: ',' expected.
sveltekit-frontend/src/lib/services/gpu-som-embeddings.ts(378,11): error TS1005: ':' expected.
sveltekit-frontend/src/lib/services/gpu-som-embeddings.ts(385,6): error TS1005: ',' expected.
sveltekit-frontend/src/lib/services/gpu-som-embeddings.ts(386,11): error TS1005: ',' expected.
sveltekit-frontend/src/lib/services/gpu-som-embeddings.ts(386,18): error TS1005: ',' expected.
sveltekit-frontend/src/lib/services/gpu-som-embeddings.ts(386,33): error TS1137: Expression or comma expected.
sveltekit-frontend/src/lib/services/gpu-som-embeddings.ts(387,7): error TS1136: Property assignment expected.
sveltekit-frontend/src/lib/services/gpu-som-embeddings.ts(388,12): error TS1109: Expression expected.
sveltekit-frontend/src/lib/services/gpu-som-embeddings.ts(393,15): error TS1109: Expression expected.
sveltekit-frontend/src/lib/services/gpu-som-embeddings.ts(394,15): error TS1109: Expression expected.
sveltekit-frontend/src/lib/services/gpu-som-embeddings.ts(395,5): error TS1128: Declaration or statement expected.
sveltekit-frontend/src/lib/services/gpu-som-embeddings.ts(395,6): error TS1128: Declaration or statement expected.
sveltekit-frontend/src/lib/services/gpu-som-embeddings.ts(396,3): error TS1128: Declaration or statement expected.
sveltekit-frontend/src/lib/services/gpu-som-embeddings.ts(400,13): error TS1109: Expression expected.
sveltekit-frontend/src/lib/services/gpu-som-embeddings.ts(401,9): error TS1005: ':' expected.
sveltekit-frontend/src/lib/services/gpu-som-embeddings.ts(401,30): error TS1005: ',' expected.
sveltekit-frontend/src/lib/services/gpu-som-embeddings.ts(402,9): error TS1005: ':' expected.
sveltekit-frontend/src/lib/services/gpu-som-embeddings.ts(402,32): error TS1005: ',' expected.
sveltekit-frontend/src/lib/services/gpu-som-embeddings.ts(403,9): error TS1005: ':' expected.
sveltekit-frontend/src/lib/services/gpu-som-embeddings.ts(403,33): error TS1005: ',' expected.
sveltekit-frontend/src/lib/services/gpu-som-embeddings.ts(404,9): error TS1005: ':' expected.
sveltekit-frontend/src/lib/services/gpu-som-embeddings.ts(404,27): error TS1005: ',' expected.
sveltekit-frontend/src/lib/services/gpu-som-embeddings.ts(406,1): error TS1128: Declaration or statement expected.
sveltekit-frontend/src/lib/services/gpu-typescript-error-processor.ts(11,1): error TS1128: Declaration or statement expected.
sveltekit-frontend/src/lib/services/gpu-typescript-error-processor.ts(22,1): error TS1128: Declaration or statement expected.
sveltekit-frontend/src/lib/services/gpu-typescript-error-processor.ts(32,1): error TS1128: Declaration or statement expected.
sveltekit-frontend/src/lib/services/gpu-typescript-error-processor.ts(155,31): error TS1005: ';' expected.
sveltekit-frontend/src/lib/services/gpu-typescript-error-processor.ts(155,32): error TS1131: Property or signature expected.
sveltekit-frontend/src/lib/services/gpu-typescript-error-processor.ts(157,3): error TS1068: Unexpected token. A constructor, method, accessor, or property was expected.
sveltekit-frontend/src/lib/services/gpu-typescript-error-processor.ts(157,4): error TS1068: Unexpected token. A constructor, method, accessor, or property was expected.
sveltekit-frontend/src/lib/services/gpu-typescript-error-processor.ts(157,25): error TS1005: '(' expected.
sveltekit-frontend/src/lib/services/gpu-typescript-error-processor.ts(157,27): error TS1068: Unexpected token. A constructor, method, accessor, or property was expected.
sveltekit-frontend/src/lib/services/gpu-typescript-error-processor.ts(183,5): error TS1136: Property assignment expected.
sveltekit-frontend/src/lib/services/gpu-typescript-error-processor.ts(183,7): error TS1128: Declaration or statement expected.
sveltekit-frontend/src/lib/services/gpu-typescript-error-processor.ts(186,72): error TS1109: Expression expected.
sveltekit-frontend/src/lib/services/gpu-typescript-error-processor.ts(187,9): error TS1109: Expression expected.
sveltekit-frontend/src/lib/services/gpu-typescript-error-processor.ts(191,10): error TS1005: ')' expected.
sveltekit-frontend/src/lib/services/gpu-typescript-error-processor.ts(195,78): error TS1005: ',' expected.
sveltekit-frontend/src/lib/services/gpu-typescript-error-processor.ts(195,79): error TS1134: Variable declaration expected.
sveltekit-frontend/src/lib/services/gpu-typescript-error-processor.ts(199,58): error TS1109: Expression expected.
sveltekit-frontend/src/lib/services/gpu-typescript-error-processor.ts(200,64): error TS1005: ')' expected.
sveltekit-frontend/src/lib/services/gpu-typescript-error-processor.ts(213,3): error TS1128: Declaration or statement expected.
sveltekit-frontend/src/lib/services/gpu-typescript-error-processor.ts(217,3): error TS1128: Declaration or statement expected.
sveltekit-frontend/src/lib/services/gpu-typescript-error-processor.ts(217,11): error TS1434: Unexpected keyword or identifier.
sveltekit-frontend/src/lib/services/gpu-typescript-error-processor.ts(220,3): error TS1128: Declaration or statement expected.
sveltekit-frontend/src/lib/services/gpu-typescript-error-processor.ts(220,4): error TS1128: Declaration or statement expected.
sveltekit-frontend/src/lib/services/gpu-typescript-error-processor.ts(221,11): error TS1005: ':' expected.
sveltekit-frontend/src/lib/services/gpu-typescript-error-processor.ts(221,40): error TS1005: ',' expected.
sveltekit-frontend/src/lib/services/gpu-typescript-error-processor.ts(222,9): error TS1005: ':' expected.
sveltekit-frontend/src/lib/services/gpu-typescript-error-processor.ts(224,13): error TS1005: ':' expected.
sveltekit-frontend/src/lib/services/gpu-typescript-error-processor.ts(224,80): error TS1005: ',' expected.
sveltekit-frontend/src/lib/services/gpu-typescript-error-processor.ts(225,13): error TS1005: ':' expected.
sveltekit-frontend/src/lib/services/gpu-typescript-error-processor.ts(225,93): error TS1005: ',' expected.
sveltekit-frontend/src/lib/services/gpu-typescript-error-processor.ts(226,25): error TS1138: Parameter declaration expected.
sveltekit-frontend/src/lib/services/gpu-typescript-error-processor.ts(226,49): error TS1005: ',' expected.
sveltekit-frontend/src/lib/services/gpu-typescript-error-processor.ts(226,51): error TS1136: Property assignment expected.
sveltekit-frontend/src/lib/services/gpu-typescript-error-processor.ts(259,9): error TS1136: Property assignment expected.
sveltekit-frontend/src/lib/services/gpu-typescript-error-processor.ts(259,11): error TS1128: Declaration or statement expected.
sveltekit-frontend/src/lib/services/gpu-typescript-error-processor.ts(260,7): error TS1128: Declaration or statement expected.
sveltekit-frontend/src/lib/services/gpu-typescript-error-processor.ts(261,87): error TS1005: ';' expected.
sveltekit-frontend/src/lib/services/gpu-typescript-error-processor.ts(261,88): error TS1005: '}' expected.
sveltekit-frontend/src/lib/services/gpu-typescript-error-processor.ts(261,105): error TS1109: Expression expected.
sveltekit-frontend/src/lib/services/gpu-typescript-error-processor.ts(261,111): error TS1128: Declaration or statement expected.
sveltekit-frontend/src/lib/services/gpu-typescript-error-processor.ts(261,112): error TS1128: Declaration or statement expected.
sveltekit-frontend/src/lib/services/gpu-typescript-error-processor.ts(261,113): error TS1128: Declaration or statement expected.
sveltekit-frontend/src/lib/services/gpu-typescript-error-processor.ts(261,139): error TS1128: Declaration or statement expected.
sveltekit-frontend/src/lib/services/gpu-typescript-error-processor.ts(261,155): error TS1005: ',' expected.
sveltekit-frontend/src/lib/services/gpu-typescript-error-processor.ts(261,156): error TS1135: Argument expression expected.
sveltekit-frontend/src/lib/services/gpu-typescript-error-processor.ts(261,159): error TS1005: ',' expected.
sveltekit-frontend/src/lib/services/gpu-typescript-error-processor.ts(261,160): error TS1136: Property assignment expected.
sveltekit-frontend/src/lib/services/gpu-typescript-error-processor.ts(261,237): error TS1005: ',' expected.
sveltekit-frontend/src/lib/services/gpu-typescript-error-processor.ts(261,239): error TS1443: Module declaration names may only use ' or " quoted strings.
sveltekit-frontend/src/lib/services/gpu-typescript-error-processor.ts(264,22): error TS1127: Invalid character.
sveltekit-frontend/src/lib/services/gpu-typescript-error-processor.ts(264,22): error TS1128: Declaration or statement expected.
sveltekit-frontend/src/lib/services/gpu-typescript-error-processor.ts(264,24): error TS1434: Unexpected keyword or identifier.
sveltekit-frontend/src/lib/services/gpu-typescript-error-processor.ts(264,31): error TS1434: Unexpected keyword or identifier.
sveltekit-frontend/src/lib/services/gpu-typescript-error-processor.ts(264,34): error TS1434: Unexpected keyword or identifier.
sveltekit-frontend/src/lib/services/gpu-typescript-error-processor.ts(264,49): error TS1434: Unexpected keyword or identifier.
sveltekit-frontend/src/lib/services/gpu-typescript-error-processor.ts(292,19): error TS1005: ';' expected.
sveltekit-frontend/src/lib/services/gpu-typescript-error-processor.ts(292,27): error TS1434: Unexpected keyword or identifier.
sveltekit-frontend/src/lib/services/gpu-typescript-error-processor.ts(292,40): error TS1128: Declaration or statement expected.
sveltekit-frontend/src/lib/services/gpu-typescript-error-processor.ts(292,42): error TS1434: Unexpected keyword or identifier.
sveltekit-frontend/src/lib/services/gpu-typescript-error-processor.ts(295,21): error TS1127: Invalid character.
sveltekit-frontend/src/lib/services/gpu-typescript-error-processor.ts(295,22): error TS1127: Invalid character.
sveltekit-frontend/src/lib/services/gpu-typescript-error-processor.ts(295,24): error TS1434: Unexpected keyword or identifier.
sveltekit-frontend/src/lib/services/gpu-typescript-error-processor.ts(295,30): error TS1434: Unexpected keyword or identifier.
sveltekit-frontend/src/lib/services/gpu-typescript-error-processor.ts(295,34): error TS1434: Unexpected keyword or identifier.
sveltekit-frontend/src/lib/services/gpu-typescript-error-processor.ts(295,39): error TS1434: Unexpected keyword or identifier.
sveltekit-frontend/src/lib/services/gpu-typescript-error-processor.ts(295,50): error TS1005: '(' expected.
sveltekit-frontend/src/lib/services/gpu-typescript-error-processor.ts(295,53): error TS1005: ';' expected.
sveltekit-frontend/src/lib/services/gpu-typescript-error-processor.ts(295,60): error TS1005: ',' expected.
sveltekit-frontend/src/lib/services/gpu-typescript-error-processor.ts(295,67): error TS1005: ';' expected.
sveltekit-frontend/src/lib/services/gpu-typescript-error-processor.ts(296,22): error TS1005: ';' expected.
sveltekit-frontend/src/lib/services/gpu-typescript-error-processor.ts(296,25): error TS1434: Unexpected keyword or identifier.
sveltekit-frontend/src/lib/services/gpu-typescript-error-processor.ts(296,38): error TS1128: Declaration or statement expected.
sveltekit-frontend/src/lib/services/gpu-typescript-error-processor.ts(296,39): error TS1434: Unexpected keyword or identifier.
sveltekit-frontend/src/lib/services/gpu-typescript-error-processor.ts(296,52): error TS1128: Declaration or statement expected.
sveltekit-frontend/src/lib/services/gpu-typescript-error-processor.ts(296,53): error TS1434: Unexpected keyword or identifier.
sveltekit-frontend/src/lib/services/gpu-typescript-error-processor.ts(309,22): error TS1005: ';' expected.
sveltekit-frontend/src/lib/services/gpu-typescript-error-processor.ts(309,28): error TS1434: Unexpected keyword or identifier.
sveltekit-frontend/src/lib/services/gpu-typescript-error-processor.ts(309,42): error TS1434: Unexpected keyword or identifier.
sveltekit-frontend/src/lib/services/gpu-typescript-error-processor.ts(314,9): error TS1434: Unexpected keyword or identifier.
sveltekit-frontend/src/lib/services/gpu-typescript-error-processor.ts(314,34): error TS1005: ';' expected.
sveltekit-frontend/src/lib/services/gpu-typescript-error-processor.ts(314,40): error TS1434: Unexpected keyword or identifier.
sveltekit-frontend/src/lib/services/gpu-typescript-error-processor.ts(314,44): error TS1434: Unexpected keyword or identifier.
sveltekit-frontend/src/lib/services/gpu-typescript-error-processor.ts(314,52): error TS1434: Unexpected keyword or identifier.
sveltekit-frontend/src/lib/services/gpu-typescript-error-processor.ts(314,54): error TS1434: Unexpected keyword or identifier.
sveltekit-frontend/src/lib/services/gpu-typescript-error-processor.ts(315,9): error TS1434: Unexpected keyword or identifier.
sveltekit-frontend/src/lib/services/gpu-typescript-error-processor.ts(315,21): error TS1434: Unexpected keyword or identifier.
sveltekit-frontend/src/lib/services/gpu-typescript-error-processor.ts(316,18): error TS1434: Unexpected keyword or identifier.
sveltekit-frontend/src/lib/services/gpu-typescript-error-processor.ts(317,15): error TS1434: Unexpected keyword or identifier.
sveltekit-frontend/src/lib/services/gpu-typescript-error-processor.ts(318,19): error TS1434: Unexpected keyword or identifier.
sveltekit-frontend/src/lib/services/gpu-typescript-error-processor.ts(318,24): error TS1434: Unexpected keyword or identifier.
sveltekit-frontend/src/lib/services/gpu-typescript-error-processor.ts(318,37): error TS1128: Declaration or statement expected.
sveltekit-frontend/src/lib/services/gpu-typescript-error-processor.ts(318,39): error TS1434: Unexpected keyword or identifier.
sveltekit-frontend/src/lib/services/gpu-typescript-error-processor.ts(318,46): error TS1434: Unexpected keyword or identifier.
sveltekit-frontend/src/lib/services/gpu-typescript-error-processor.ts(319,19): error TS1434: Unexpected keyword or identifier.
sveltekit-frontend/src/lib/services/gpu-typescript-error-processor.ts(320,9): error TS1434: Unexpected keyword or identifier.
sveltekit-frontend/src/lib/services/gpu-typescript-error-processor.ts(321,9): error TS1434: Unexpected keyword or identifier.
sveltekit-frontend/src/lib/services/gpu-typescript-error-processor.ts(322,9): error TS1434: Unexpected keyword or identifier.
sveltekit-frontend/src/lib/services/gpu-typescript-error-processor.ts(322,17): error TS1434: Unexpected keyword or identifier.
sveltekit-frontend/src/lib/services/gpu-typescript-error-processor.ts(323,9): error TS1434: Unexpected keyword or identifier.
sveltekit-frontend/src/lib/services/gpu-typescript-error-processor.ts(324,9): error TS1434: Unexpected keyword or identifier.
sveltekit-frontend/src/lib/services/gpu-typescript-error-processor.ts(325,18): error TS1005: ';' expected.
sveltekit-frontend/src/lib/services/gpu-typescript-error-processor.ts(326,20): error TS1005: ';' expected.
sveltekit-frontend/src/lib/services/gpu-typescript-error-processor.ts(327,25): error TS1005: ';' expected.
sveltekit-frontend/src/lib/services/gpu-typescript-error-processor.ts(328,23): error TS1005: ';' expected.
sveltekit-frontend/src/lib/services/gpu-typescript-error-processor.ts(364,9): error TS1434: Unexpected keyword or identifier.
sveltekit-frontend/src/lib/services/gpu-typescript-error-processor.ts(364,18): error TS1434: Unexpected keyword or identifier.
sveltekit-frontend/src/lib/services/gpu-typescript-error-processor.ts(364,20): error TS1434: Unexpected keyword or identifier.
sveltekit-frontend/src/lib/services/gpu-typescript-error-processor.ts(364,28): error TS1434: Unexpected keyword or identifier.
sveltekit-frontend/src/lib/services/gpu-typescript-error-processor.ts(364,39): error TS1434: Unexpected keyword or identifier.
sveltekit-frontend/src/lib/services/gpu-typescript-error-processor.ts(364,46): error TS1005: '(' expected.
sveltekit-frontend/src/lib/services/gpu-typescript-error-processor.ts(364,60): error TS1005: ';' expected.
sveltekit-frontend/src/lib/services/gpu-typescript-error-processor.ts(365,9): error TS1109: Expression expected.
sveltekit-frontend/src/lib/services/gpu-typescript-error-processor.ts(366,15): error TS1109: Expression expected.
sveltekit-frontend/src/lib/services/gpu-typescript-error-processor.ts(366,17): error TS1434: Unexpected keyword or identifier.
sveltekit-frontend/src/lib/services/gpu-typescript-error-processor.ts(366,32): error TS1109: Expression expected.
sveltekit-frontend/src/lib/services/gpu-typescript-error-processor.ts(366,35): error TS1005: ';' expected.
sveltekit-frontend/src/lib/services/gpu-typescript-error-processor.ts(367,19): error TS1434: Unexpected keyword or identifier.
sveltekit-frontend/src/lib/services/gpu-typescript-error-processor.ts(367,32): error TS1128: Declaration or statement expected.
sveltekit-frontend/src/lib/services/gpu-typescript-error-processor.ts(367,33): error TS1434: Unexpected keyword or identifier.
sveltekit-frontend/src/lib/services/gpu-typescript-error-processor.ts(367,46): error TS1128: Declaration or statement expected.
sveltekit-frontend/src/lib/services/gpu-typescript-error-processor.ts(367,47): error TS1434: Unexpected keyword or identifier.
sveltekit-frontend/src/lib/services/gpu-typescript-error-processor.ts(369,9): error TS1434: Unexpected keyword or identifier.
sveltekit-frontend/src/lib/services/gpu-typescript-error-processor.ts(371,9): error TS1434: Unexpected keyword or identifier.
sveltekit-frontend/src/lib/services/gpu-typescript-error-processor.ts(373,21): error TS1005: ';' expected.
sveltekit-frontend/src/lib/services/gpu-typescript-error-processor.ts(373,27): error TS1434: Unexpected keyword or identifier.
sveltekit-frontend/src/lib/services/gpu-typescript-error-processor.ts(374,22): error TS1005: ';' expected.
sveltekit-frontend/src/lib/services/gpu-typescript-error-processor.ts(375,20): error TS1005: ';' expected.
sveltekit-frontend/src/lib/services/gpu-typescript-error-processor.ts(375,31): error TS1434: Unexpected keyword or identifier.
sveltekit-frontend/src/lib/services/gpu-typescript-error-processor.ts(376,22): error TS1005: ';' expected.
sveltekit-frontend/src/lib/services/gpu-typescript-error-processor.ts(376,41): error TS1005: ';' expected.
sveltekit-frontend/src/lib/services/gpu-typescript-error-processor.ts(376,45): error TS1005: ';' expected.
sveltekit-frontend/src/lib/services/gpu-typescript-error-processor.ts(377,22): error TS1005: ';' expected.
sveltekit-frontend/src/lib/services/gpu-typescript-error-processor.ts(377,30): error TS1434: Unexpected keyword or identifier.
sveltekit-frontend/src/lib/services/gpu-typescript-error-processor.ts(378,9): error TS1435: Unknown keyword or identifier. Did you mean 'return'?
sveltekit-frontend/src/lib/services/gpu-typescript-error-processor.ts(378,16): error TS1434: Unexpected keyword or identifier.
sveltekit-frontend/src/lib/services/gpu-typescript-error-processor.ts(378,21): error TS1434: Unexpected keyword or identifier.
sveltekit-frontend/src/lib/services/gpu-typescript-error-processor.ts(378,25): error TS1434: Unexpected keyword or identifier.
sveltekit-frontend/src/lib/services/gpu-typescript-error-processor.ts(378,35): error TS1434: Unexpected keyword or identifier.
sveltekit-frontend/src/lib/services/gpu-typescript-error-processor.ts(378,40): error TS1434: Unexpected keyword or identifier.
sveltekit-frontend/src/lib/services/gpu-typescript-error-processor.ts(378,48): error TS1435: Unknown keyword or identifier. Did you mean 'with out'?
sveltekit-frontend/src/lib/services/gpu-typescript-error-processor.ts(379,13): error TS1109: Expression expected.
sveltekit-frontend/src/lib/services/gpu-typescript-error-processor.ts(424,20): error TS1127: Invalid character.
sveltekit-frontend/src/lib/services/gpu-typescript-error-processor.ts(424,23): error TS1434: Unexpected keyword or identifier.
sveltekit-frontend/src/lib/services/gpu-typescript-error-processor.ts(424,32): error TS1434: Unexpected keyword or identifier.
sveltekit-frontend/src/lib/services/gpu-typescript-error-processor.ts(424,36): error TS1434: Unexpected keyword or identifier.
sveltekit-frontend/src/lib/services/gpu-typescript-error-processor.ts(424,39): error TS1434: Unexpected keyword or identifier.
sveltekit-frontend/src/lib/services/gpu-typescript-error-processor.ts(424,52): error TS1128: Declaration or statement expected.
sveltekit-frontend/src/lib/services/gpu-typescript-error-processor.ts(424,53): error TS1434: Unexpected keyword or identifier.
sveltekit-frontend/src/lib/services/gpu-typescript-error-processor.ts(427,25): error TS1005: ';' expected.
sveltekit-frontend/src/lib/services/gpu-typescript-error-processor.ts(427,28): error TS1005: '(' expected.
sveltekit-frontend/src/lib/services/gpu-typescript-error-processor.ts(427,31): error TS1005: ';' expected.
sveltekit-frontend/src/lib/services/gpu-typescript-error-processor.ts(427,38): error TS1005: ',' expected.
sveltekit-frontend/src/lib/services/gpu-typescript-error-processor.ts(427,45): error TS1005: ';' expected.
sveltekit-frontend/src/lib/services/gpu-typescript-error-processor.ts(427,47): error TS1434: Unexpected keyword or identifier.
sveltekit-frontend/src/lib/services/gpu-typescript-error-processor.ts(432,22): error TS1127: Invalid character.
sveltekit-frontend/src/lib/services/gpu-typescript-error-processor.ts(432,24): error TS1434: Unexpected keyword or identifier.
sveltekit-frontend/src/lib/services/gpu-typescript-error-processor.ts(432,31): error TS1434: Unexpected keyword or identifier.
sveltekit-frontend/src/lib/services/gpu-typescript-error-processor.ts(432,34): error TS1434: Unexpected keyword or identifier.
sveltekit-frontend/src/lib/services/gpu-typescript-error-processor.ts(432,40): error TS1434: Unexpected keyword or identifier.
sveltekit-frontend/src/lib/services/gpu-typescript-error-processor.ts(432,44): error TS1434: Unexpected keyword or identifier.
sveltekit-frontend/src/lib/services/gpu-typescript-error-processor.ts(432,47): error TS1434: Unexpected keyword or identifier.
sveltekit-frontend/src/lib/services/gpu-typescript-error-processor.ts(432,60): error TS1128: Declaration or statement expected.
sveltekit-frontend/src/lib/services/gpu-typescript-error-processor.ts(460,18): error TS1127: Invalid character.
sveltekit-frontend/src/lib/services/gpu-typescript-error-processor.ts(460,21): error TS1434: Unexpected keyword or identifier.
sveltekit-frontend/src/lib/services/gpu-typescript-error-processor.ts(460,32): error TS1434: Unexpected keyword or identifier.
sveltekit-frontend/src/lib/services/gpu-typescript-error-processor.ts(460,79): error TS1005: ',' expected.
sveltekit-frontend/src/lib/services/gpu-typescript-error-processor.ts(460,88): error TS1005: ',' expected.
sveltekit-frontend/src/lib/services/gpu-typescript-error-processor.ts(460,94): error TS1443: Module declaration names may only use ' or " quoted strings.
sveltekit-frontend/src/lib/services/gpu-typescript-error-processor.ts(490,18): error TS1127: Invalid character.
sveltekit-frontend/src/lib/services/gpu-typescript-error-processor.ts(490,18): error TS1128: Declaration or statement expected.
sveltekit-frontend/src/lib/services/gpu-typescript-error-processor.ts(490,21): error TS1434: Unexpected keyword or identifier.
sveltekit-frontend/src/lib/services/gpu-typescript-error-processor.ts(490,41): error TS1434: Unexpected keyword or identifier.
sveltekit-frontend/src/lib/services/gpu-typescript-error-processor.ts(499,42): error TS1005: ';' expected.
sveltekit-frontend/src/lib/services/gpu-typescript-error-processor.ts(499,43): error TS1434: Unexpected keyword or identifier.
sveltekit-frontend/src/lib/services/gpu-typescript-error-processor.ts(506,23): error TS1109: Expression expected.
sveltekit-frontend/src/lib/services/gpu-typescript-error-processor.ts(506,25): error TS1005: ';' expected.
sveltekit-frontend/src/lib/services/gpu-typescript-error-processor.ts(507,22): error TS1005: ';' expected.
sveltekit-frontend/src/lib/services/gpu-typescript-error-processor.ts(507,28): error TS1435: Unknown keyword or identifier. Did you mean 'catch'?
sveltekit-frontend/src/lib/services/gpu-typescript-error-processor.ts(507,34): error TS1434: Unexpected keyword or identifier.
sveltekit-frontend/src/lib/services/gpu-typescript-error-processor.ts(520,20): error TS1127: Invalid character.
sveltekit-frontend/src/lib/services/gpu-typescript-error-processor.ts(520,23): error TS1435: Unknown keyword or identifier. Did you mean 'catch'?
sveltekit-frontend/src/lib/services/gpu-typescript-error-processor.ts(520,29): error TS1434: Unexpected keyword or identifier.
sveltekit-frontend/src/lib/services/gpu-typescript-error-processor.ts(520,45): error TS1434: Unexpected keyword or identifier.
sveltekit-frontend/src/lib/services/gpu-typescript-error-processor.ts(566,36): error TS1005: ';' expected.
sveltekit-frontend/src/lib/services/gpu-typescript-error-processor.ts(566,37): error TS1434: Unexpected keyword or identifier.
sveltekit-frontend/src/lib/services/gpu-typescript-error-processor.ts(566,52): error TS1128: Declaration or statement expected.
sveltekit-frontend/src/lib/services/gpu-typescript-error-processor.ts(566,53): error TS1434: Unexpected keyword or identifier.
sveltekit-frontend/src/lib/services/gpu-typescript-error-processor.ts(571,18): error TS1127: Invalid character.
sveltekit-frontend/src/lib/services/gpu-typescript-error-processor.ts(571,21): error TS1434: Unexpected keyword or identifier.
sveltekit-frontend/src/lib/services/gpu-typescript-error-processor.ts(571,28): error TS1434: Unexpected keyword or identifier.
sveltekit-frontend/src/lib/services/gpu-typescript-error-processor.ts(571,53): error TS1434: Unexpected keyword or identifier.
sveltekit-frontend/src/lib/services/gpu-typescript-error-processor.ts(571,67): error TS1443: Module declaration names may only use ' or " quoted strings.
sveltekit-frontend/src/lib/services/gpu-typescript-error-processor.ts(579,8): error TS1434: Unexpected keyword or identifier.
sveltekit-frontend/src/lib/services/gpu-typescript-error-processor.ts(579,18): error TS1128: Declaration or statement expected.
sveltekit-frontend/src/lib/services/gpu-typescript-error-processor.ts(579,20): error TS1434: Unexpected keyword or identifier.
sveltekit-frontend/src/lib/services/gpu-typescript-error-processor.ts(580,17): error TS1005: ';' expected.
sveltekit-frontend/src/lib/services/gpu-typescript-error-processor.ts(580,30): error TS1005: ';' expected.
sveltekit-frontend/src/lib/services/gpu-typescript-error-processor.ts(580,42): error TS1128: Declaration or statement expected.
sveltekit-frontend/src/lib/services/gpu-typescript-error-processor.ts(580,44): error TS1434: Unexpected keyword or identifier.
sveltekit-frontend/src/lib/services/gpu-typescript-error-processor.ts(586,47): error TS1005: ';' expected.
sveltekit-frontend/src/lib/services/gpu-typescript-error-processor.ts(586,59): error TS1434: Unexpected keyword or identifier.
sveltekit-frontend/src/lib/services/gpu-typescript-error-processor.ts(587,33): error TS1005: ';' expected.
sveltekit-frontend/src/lib/services/gpu-typescript-error-processor.ts(587,37): error TS1435: Unknown keyword or identifier. Did you mean 'require'?
sveltekit-frontend/src/lib/services/gpu-typescript-error-processor.ts(587,49): error TS1005: '(' expected.
sveltekit-frontend/src/lib/services/gpu-typescript-error-processor.ts(587,52): error TS1005: ';' expected.
sveltekit-frontend/src/lib/services/gpu-typescript-error-processor.ts(587,59): error TS1005: ',' expected.
sveltekit-frontend/src/lib/services/gpu-typescript-error-processor.ts(612,66): error TS1005: ';' expected.
sveltekit-frontend/src/lib/services/gpu-typescript-error-processor.ts(612,67): error TS1434: Unexpected keyword or identifier.
sveltekit-frontend/src/lib/services/gpu-typescript-error-processor.ts(614,31): error TS1005: ';' expected.
sveltekit-frontend/src/lib/services/gpu-typescript-error-processor.ts(614,42): error TS1434: Unexpected keyword or identifier.
sveltekit-frontend/src/lib/services/gpu-typescript-error-processor.ts(617,7): error TS1434: Unexpected keyword or identifier.
sveltekit-frontend/src/lib/services/gpu-typescript-error-processor.ts(617,17): error TS1434: Unexpected keyword or identifier.
sveltekit-frontend/src/lib/services/gpu-typescript-error-processor.ts(617,38): error TS1434: Unexpected keyword or identifier.
sveltekit-frontend/src/lib/services/gpu-typescript-error-processor.ts(618,7): error TS1434: Unexpected keyword or identifier.
sveltekit-frontend/src/lib/services/gpu-typescript-error-processor.ts(618,21): error TS1434: Unexpected keyword or identifier.
sveltekit-frontend/src/lib/services/gpu-typescript-error-processor.ts(618,52): error TS1109: Expression expected.
sveltekit-frontend/src/lib/services/gpu-typescript-error-processor.ts(619,23): error TS1005: ';' expected.
sveltekit-frontend/src/lib/services/gpu-typescript-error-processor.ts(619,25): error TS1434: Unexpected keyword or identifier.
sveltekit-frontend/src/lib/services/gpu-typescript-error-processor.ts(620,7): error TS1434: Unexpected keyword or identifier.
sveltekit-frontend/src/lib/services/gpu-typescript-error-processor.ts(621,5): error TS1443: Module declaration names may only use ' or " quoted strings.
sveltekit-frontend/src/lib/services/gpu-typescript-error-processor.ts(687,20): error TS1127: Invalid character.
sveltekit-frontend/src/lib/services/gpu-typescript-error-processor.ts(687,20): error TS1128: Declaration or statement expected.
sveltekit-frontend/src/lib/services/gpu-typescript-error-processor.ts(687,23): error TS1434: Unexpected keyword or identifier.
sveltekit-frontend/src/lib/services/gpu-typescript-error-processor.ts(687,26): error TS1434: Unexpected keyword or identifier.
sveltekit-frontend/src/lib/services/gpu-typescript-error-processor.ts(687,33): error TS1434: Unexpected keyword or identifier.
sveltekit-frontend/src/lib/services/gpu-typescript-error-processor.ts(687,42): error TS1005: '(' expected.
sveltekit-frontend/src/lib/services/gpu-typescript-error-processor.ts(687,49): error TS1005: ';' expected.
sveltekit-frontend/src/lib/services/gpu-typescript-error-processor.ts(687,51): error TS1434: Unexpected keyword or identifier.
sveltekit-frontend/src/lib/services/gpu-typescript-error-processor.ts(690,18): error TS1127: Invalid character.
sveltekit-frontend/src/lib/services/gpu-typescript-error-processor.ts(690,21): error TS1434: Unexpected keyword or identifier.
sveltekit-frontend/src/lib/services/gpu-typescript-error-processor.ts(690,32): error TS1434: Unexpected keyword or identifier.
sveltekit-frontend/src/lib/services/gpu-typescript-error-processor.ts(690,53): error TS1434: Unexpected keyword or identifier.
sveltekit-frontend/src/lib/services/gpu-typescript-error-processor.ts(690,63): error TS1005: '(' expected.
sveltekit-frontend/src/lib/services/gpu-typescript-error-processor.ts(690,66): error TS1005: ';' expected.
sveltekit-frontend/src/lib/services/gpu-typescript-error-processor.ts(706,18): error TS1127: Invalid character.
sveltekit-frontend/src/lib/services/gpu-typescript-error-processor.ts(706,41): error TS1005: ';' expected.
sveltekit-frontend/src/lib/services/gpu-typescript-error-processor.ts(706,45): error TS1005: '(' expected.
sveltekit-frontend/src/lib/services/gpu-typescript-error-processor.ts(706,59): error TS1109: Expression expected.
sveltekit-frontend/src/lib/services/gpu-typescript-error-processor.ts(706,62): error TS1005: ')' expected.
sveltekit-frontend/src/lib/services/gpu-typescript-error-processor.ts(718,18): error TS1127: Invalid character.
sveltekit-frontend/src/lib/services/gpu-typescript-error-processor.ts(718,38): error TS1005: ';' expected.
sveltekit-frontend/src/lib/services/gpu-typescript-error-processor.ts(718,40): error TS1434: Unexpected keyword or identifier.
sveltekit-frontend/src/lib/services/gpu-typescript-error-processor.ts(718,63): error TS1005: ';' expected.
sveltekit-frontend/src/lib/services/gpu-typescript-error-processor.ts(718,87): error TS1005: ';' expected.
sveltekit-frontend/src/lib/services/gpu-typescript-error-processor.ts(718,110): error TS1443: Module declaration names may only use ' or " quoted strings.
sveltekit-frontend/src/lib/services/gpu-typescript-error-processor.ts(743,28): error TS1434: Unexpected keyword or identifier.
sveltekit-frontend/src/lib/services/gpu-typescript-error-processor.ts(756,32): error TS1160: Unterminated template literal.
sveltekit-frontend/src/lib/services/gpuMetricsBatcher.ts(6,1): error TS1128: Declaration or statement expected.
sveltekit-frontend/src/lib/services/gpuMetricsBatcher.ts(19,1): error TS1128: Declaration or statement expected.
sveltekit-frontend/src/lib/services/gpuMetricsBatcher.ts(196,43): error TS1005: ')' expected.
sveltekit-frontend/src/lib/services/gpuMetricsBatcher.ts(338,68): error TS1109: Expression expected.
sveltekit-frontend/src/lib/services/gpuMetricsBatcher.ts(339,7): error TS1109: Expression expected.
sveltekit-frontend/src/lib/services/gpuMetricsBatcher.ts(358,11): error TS1136: Property assignment expected.
sveltekit-frontend/src/lib/services/gpuMetricsBatcher.ts(358,13): error TS1472: 'catch' or 'finally' expected.
sveltekit-frontend/src/lib/services/gpuMetricsBatcher.ts(360,11): error TS1005: 'try' expected.
sveltekit-frontend/src/lib/services/gpuMetricsBatcher.ts(364,7): error TS1472: 'catch' or 'finally' expected.
sveltekit-frontend/src/lib/services/gpuMetricsBatcher.ts(379,3): error TS1128: Declaration or statement expected.
sveltekit-frontend/src/lib/services/gpuMetricsBatcher.ts(379,38): error TS1109: Expression expected.
sveltekit-frontend/src/lib/services/gpuMetricsBatcher.ts(380,9): error TS1005: ':' expected.
sveltekit-frontend/src/lib/services/gpuMetricsBatcher.ts(380,32): error TS1005: ',' expected.
sveltekit-frontend/src/lib/services/gpuMetricsBatcher.ts(381,9): error TS1005: ':' expected.
sveltekit-frontend/src/lib/services/gpuMetricsBatcher.ts(381,30): error TS1109: Expression expected.
sveltekit-frontend/src/lib/services/gpuMetricsBatcher.ts(381,31): error TS1136: Property assignment expected.
sveltekit-frontend/src/lib/services/gpuMetricsBatcher.ts(381,32): error TS1109: Expression expected.
sveltekit-frontend/src/lib/services/gpuMetricsBatcher.ts(387,3): error TS1128: Declaration or statement expected.
sveltekit-frontend/src/lib/services/gpuMetricsBatcher.ts(391,3): error TS1128: Declaration or statement expected.
sveltekit-frontend/src/lib/services/gpuMetricsBatcher.ts(391,11): error TS1434: Unexpected keyword or identifier.
sveltekit-frontend/src/lib/services/gpuMetricsBatcher.ts(391,32): error TS1109: Expression expected.
sveltekit-frontend/src/lib/services/gpuMetricsBatcher.ts(391,46): error TS1109: Expression expected.
sveltekit-frontend/src/lib/services/gpuMetricsBatcher.ts(392,13): error TS1005: ',' expected.
sveltekit-frontend/src/lib/services/gpuMetricsBatcher.ts(392,32): error TS1109: Expression expected.
sveltekit-frontend/src/lib/services/gpuMetricsBatcher.ts(392,35): error TS1005: ':' expected.
sveltekit-frontend/src/lib/services/gpuMetricsBatcher.ts(392,44): error TS1005: ',' expected.
sveltekit-frontend/src/lib/services/gpuMetricsBatcher.ts(394,11): error TS1005: ':' expected.
sveltekit-frontend/src/lib/services/gpuMetricsBatcher.ts(394,53): error TS1005: ',' expected.
sveltekit-frontend/src/lib/services/gpuMetricsBatcher.ts(395,9): error TS1003: Identifier expected.
sveltekit-frontend/src/lib/services/gpuMetricsBatcher.ts(400,5): error TS1005: ',' expected.
sveltekit-frontend/src/lib/services/gpuMetricsBatcher.ts(400,11): error TS1005: ':' expected.
sveltekit-frontend/src/lib/services/gpuMetricsBatcher.ts(400,37): error TS1005: ',' expected.
sveltekit-frontend/src/lib/services/gpuMetricsBatcher.ts(402,13): error TS1005: ',' expected.
sveltekit-frontend/src/lib/services/gpuMetricsBatcher.ts(402,85): error TS1005: ':' expected.
sveltekit-frontend/src/lib/services/gpuMetricsBatcher.ts(402,87): error TS1136: Property assignment expected.
sveltekit-frontend/src/lib/services/gpuMetricsBatcher.ts(431,44): error TS1109: Expression expected.
sveltekit-frontend/src/lib/services/gpuMetricsBatcher.ts(438,44): error TS1109: Expression expected.
sveltekit-frontend/src/lib/services/gpuMetricsBatcher.ts(445,42): error TS1109: Expression expected.
sveltekit-frontend/src/lib/services/gpuMetricsBatcher.ts(445,43): error TS1109: Expression expected.
sveltekit-frontend/src/lib/services/gpuMetricsBatcher.ts(456,3): error TS1128: Declaration or statement expected.
sveltekit-frontend/src/lib/services/gpuMetricsBatcher.ts(457,3): error TS1128: Declaration or statement expected.
sveltekit-frontend/src/lib/services/gpuMetricsBatcher.ts(457,34): error TS1109: Expression expected.
sveltekit-frontend/src/lib/services/gpuMetricsBatcher.ts(458,13): error TS1003: Identifier expected.
sveltekit-frontend/src/lib/services/gpuMetricsBatcher.ts(458,70): error TS1005: ',' expected.
sveltekit-frontend/src/lib/services/gpuMetricsBatcher.ts(460,11): error TS1005: ':' expected.
sveltekit-frontend/src/lib/services/gpuMetricsBatcher.ts(460,47): error TS1109: Expression expected.
sveltekit-frontend/src/lib/services/gpuMetricsBatcher.ts(460,50): error TS1005: ':' expected.
sveltekit-frontend/src/lib/services/gpuMetricsBatcher.ts(461,13): error TS1005: ',' expected.
sveltekit-frontend/src/lib/services/gpuMetricsBatcher.ts(461,49): error TS1005: ',' expected.
sveltekit-frontend/src/lib/services/gpuMetricsBatcher.ts(461,51): error TS1136: Property assignment expected.
sveltekit-frontend/src/lib/services/gpuMetricsBatcher.ts(470,3): error TS1128: Declaration or statement expected.
sveltekit-frontend/src/lib/services/gpuMetricsBatcher.ts(471,3): error TS1128: Declaration or statement expected.
sveltekit-frontend/src/lib/services/gpuMetricsBatcher.ts(471,31): error TS1109: Expression expected.
sveltekit-frontend/src/lib/services/gpuMetricsBatcher.ts(472,9): error TS1005: ':' expected.
sveltekit-frontend/src/lib/services/gpuMetricsBatcher.ts(472,30): error TS1109: Expression expected.
sveltekit-frontend/src/lib/services/gpuMetricsBatcher.ts(472,31): error TS1136: Property assignment expected.
sveltekit-frontend/src/lib/services/gpuMetricsBatcher.ts(472,32): error TS1109: Expression expected.
sveltekit-frontend/src/lib/services/gpuMetricsBatcher.ts(475,47): error TS1109: Expression expected.
sveltekit-frontend/src/lib/services/gpuMetricsBatcher.ts(480,3): error TS1128: Declaration or statement expected.
sveltekit-frontend/src/lib/services/gpuMetricsBatcher.ts(481,3): error TS1128: Declaration or statement expected.
sveltekit-frontend/src/lib/services/gpuMetricsBatcher.ts(481,33): error TS1109: Expression expected.
sveltekit-frontend/src/lib/services/gpuMetricsBatcher.ts(482,9): error TS1003: Identifier expected.
sveltekit-frontend/src/lib/services/gpuMetricsBatcher.ts(482,14): error TS1005: ',' expected.
sveltekit-frontend/src/lib/services/gpuMetricsBatcher.ts(482,24): error TS1005: ',' expected.
sveltekit-frontend/src/lib/services/gpuMetricsBatcher.ts(482,33): error TS1005: ',' expected.
sveltekit-frontend/src/lib/services/gpuMetricsBatcher.ts(484,13): error TS1005: ',' expected.
sveltekit-frontend/src/lib/services/gpuMetricsBatcher.ts(484,25): error TS1005: ',' expected.
sveltekit-frontend/src/lib/services/gpuMetricsBatcher.ts(484,27): error TS1136: Property assignment expected.
sveltekit-frontend/src/lib/services/gpuMetricsBatcher.ts(496,3): error TS1128: Declaration or statement expected.
sveltekit-frontend/src/lib/services/gpuMetricsBatcher.ts(497,3): error TS1128: Declaration or statement expected.
sveltekit-frontend/src/lib/services/gpuMetricsBatcher.ts(497,32): error TS1109: Expression expected.
sveltekit-frontend/src/lib/services/gpuMetricsBatcher.ts(498,9): error TS1003: Identifier expected.
sveltekit-frontend/src/lib/services/gpuMetricsBatcher.ts(498,14): error TS1005: ',' expected.
sveltekit-frontend/src/lib/services/gpuMetricsBatcher.ts(498,24): error TS1005: ',' expected.
sveltekit-frontend/src/lib/services/gpuMetricsBatcher.ts(498,33): error TS1005: ',' expected.
sveltekit-frontend/src/lib/services/gpuMetricsBatcher.ts(500,13): error TS1005: ',' expected.
sveltekit-frontend/src/lib/services/gpuMetricsBatcher.ts(500,25): error TS1005: ',' expected.
sveltekit-frontend/src/lib/services/gpuMetricsBatcher.ts(500,27): error TS1136: Property assignment expected.
sveltekit-frontend/src/lib/services/gpuMetricsBatcher.ts(507,3): error TS1128: Declaration or statement expected.
sveltekit-frontend/src/lib/services/gpuMetricsBatcher.ts(507,6): error TS1128: Declaration or statement expected.
sveltekit-frontend/src/lib/services/gpuMetricsBatcher.ts(507,42): error TS1109: Expression expected.
sveltekit-frontend/src/lib/services/gpuMetricsBatcher.ts(508,9): error TS1005: ':' expected.
sveltekit-frontend/src/lib/services/gpuMetricsBatcher.ts(509,11): error TS1359: Identifier expected. 'typeof' is a reserved word that cannot be used here.
sveltekit-frontend/src/lib/services/gpuMetricsBatcher.ts(509,32): error TS1138: Parameter declaration expected.
sveltekit-frontend/src/lib/services/gpuMetricsBatcher.ts(509,48): error TS1005: ',' expected.
sveltekit-frontend/src/lib/services/gpuMetricsBatcher.ts(509,50): error TS1136: Property assignment expected.
sveltekit-frontend/src/lib/services/gpuMetricsBatcher.ts(515,80): error TS1005: ')' expected.
sveltekit-frontend/src/lib/services/gpuMetricsBatcher.ts(517,5): error TS1128: Declaration or statement expected.
sveltekit-frontend/src/lib/services/gpuMetricsBatcher.ts(517,7): error TS1005: 'try' expected.
sveltekit-frontend/src/lib/services/gpuMetricsBatcher.ts(521,3): error TS1128: Declaration or statement expected.
sveltekit-frontend/src/lib/services/gpuMetricsBatcher.ts(522,3): error TS1128: Declaration or statement expected.
sveltekit-frontend/src/lib/services/gpuMetricsBatcher.ts(522,41): error TS1109: Expression expected.
sveltekit-frontend/src/lib/services/gpuMetricsBatcher.ts(523,9): error TS1005: ':' expected.
sveltekit-frontend/src/lib/services/gpuMetricsBatcher.ts(524,11): error TS1359: Identifier expected. 'typeof' is a reserved word that cannot be used here.
sveltekit-frontend/src/lib/services/gpuMetricsBatcher.ts(524,32): error TS1138: Parameter declaration expected.
sveltekit-frontend/src/lib/services/gpuMetricsBatcher.ts(524,48): error TS1005: ',' expected.
sveltekit-frontend/src/lib/services/gpuMetricsBatcher.ts(524,50): error TS1136: Property assignment expected.
sveltekit-frontend/src/lib/services/gpuMetricsBatcher.ts(529,57): error TS1109: Expression expected.
sveltekit-frontend/src/lib/services/gpuMetricsBatcher.ts(536,5): error TS1128: Declaration or statement expected.
sveltekit-frontend/src/lib/services/gpuMetricsBatcher.ts(536,7): error TS1005: 'try' expected.
sveltekit-frontend/src/lib/services/gpuMetricsBatcher.ts(539,3): error TS1128: Declaration or statement expected.
sveltekit-frontend/src/lib/services/gpuMetricsBatcher.ts(543,3): error TS1128: Declaration or statement expected.
sveltekit-frontend/src/lib/services/gpuMetricsBatcher.ts(543,25): error TS1109: Expression expected.
sveltekit-frontend/src/lib/services/gpuMetricsBatcher.ts(543,27): error TS1434: Unexpected keyword or identifier.
sveltekit-frontend/src/lib/services/gpuMetricsBatcher.ts(568,18): error TS1109: Expression expected.
sveltekit-frontend/src/lib/services/gpuMetricsBatcher.ts(568,20): error TS1434: Unexpected keyword or identifier.
sveltekit-frontend/src/lib/services/gpuMetricsBatcher.ts(574,21): error TS1109: Expression expected.
sveltekit-frontend/src/lib/services/gpuMetricsBatcher.ts(574,23): error TS1434: Unexpected keyword or identifier.
sveltekit-frontend/src/lib/services/gpuMetricsBatcher.ts(580,3): error TS1434: Unexpected keyword or identifier.
sveltekit-frontend/src/lib/services/gpuMetricsBatcher.ts(580,22): error TS1109: Expression expected.
sveltekit-frontend/src/lib/services/gpuMetricsBatcher.ts(580,36): error TS1109: Expression expected.
sveltekit-frontend/src/lib/services/gpuMetricsBatcher.ts(581,11): error TS1005: ',' expected.
sveltekit-frontend/src/lib/services/gpuMetricsBatcher.ts(581,16): error TS1005: ',' expected.
sveltekit-frontend/src/lib/services/gpuMetricsBatcher.ts(581,30): error TS1136: Property assignment expected.
sveltekit-frontend/src/lib/services/gpuMetricsBatcher.ts(582,3): error TS1128: Declaration or statement expected.
sveltekit-frontend/src/lib/services/gpuMetricsBatcher.ts(583,1): error TS1128: Declaration or statement expected.
sveltekit-frontend/src/lib/services/gpuMetricsBatcher.ts(605,5): error TS1136: Property assignment expected.
sveltekit-frontend/src/lib/services/gpuMetricsBatcher.ts(605,7): error TS1472: 'catch' or 'finally' expected.
sveltekit-frontend/src/lib/services/gpuMetricsBatcher.ts(612,7): error TS1136: Property assignment expected.
sveltekit-frontend/src/lib/services/gpuMetricsBatcher.ts(612,9): error TS1128: Declaration or statement expected.
sveltekit-frontend/src/lib/services/gpuMetricsBatcher.ts(617,7): error TS1128: Declaration or statement expected.
sveltekit-frontend/src/lib/services/gpuMetricsBatcher.ts(620,3): error TS1128: Declaration or statement expected.
sveltekit-frontend/src/lib/services/gpuMetricsBatcher.ts(620,5): error TS1005: 'try' expected.
sveltekit-frontend/src/lib/services/gpuMetricsBatcher.ts(623,1): error TS1128: Declaration or statement expected.
sveltekit-frontend/src/lib/services/grpc-ai-orchestrator.ts(89,3): error TS1068: Unexpected token. A constructor, method, accessor, or property was expected.
sveltekit-frontend/src/lib/services/grpc-ai-orchestrator.ts(89,4): error TS1068: Unexpected token. A constructor, method, accessor, or property was expected.
sveltekit-frontend/src/lib/services/grpc-ai-orchestrator.ts(89,34): error TS1005: '(' expected.
sveltekit-frontend/src/lib/services/grpc-ai-orchestrator.ts(89,36): error TS1068: Unexpected token. A constructor, method, accessor, or property was expected.
sveltekit-frontend/src/lib/services/grpc-ai-orchestrator.ts(139,3): error TS1434: Unexpected keyword or identifier.
sveltekit-frontend/src/lib/services/grpc-ai-orchestrator.ts(140,30): error TS1011: An element access expression should take an argument.
sveltekit-frontend/src/lib/services/grpc-ai-orchestrator.ts(142,3): error TS1128: Declaration or statement expected.
sveltekit-frontend/src/lib/services/grpc-ai-orchestrator.ts(142,4): error TS1128: Declaration or statement expected.
sveltekit-frontend/src/lib/services/grpc-ai-orchestrator.ts(142,53): error TS1109: Expression expected.
sveltekit-frontend/src/lib/services/grpc-ai-orchestrator.ts(142,55): error TS1109: Expression expected.
sveltekit-frontend/src/lib/services/grpc-ai-orchestrator.ts(143,13): error TS1003: Identifier expected.
sveltekit-frontend/src/lib/services/grpc-ai-orchestrator.ts(143,112): error TS1005: ',' expected.
sveltekit-frontend/src/lib/services/grpc-ai-orchestrator.ts(144,11): error TS1005: ':' expected.
sveltekit-frontend/src/lib/services/grpc-ai-orchestrator.ts(144,33): error TS1005: ',' expected.
sveltekit-frontend/src/lib/services/grpc-ai-orchestrator.ts(145,11): error TS1005: ':' expected.
sveltekit-frontend/src/lib/services/grpc-ai-orchestrator.ts(145,40): error TS1109: Expression expected.
sveltekit-frontend/src/lib/services/grpc-ai-orchestrator.ts(145,41): error TS1005: ':' expected.
sveltekit-frontend/src/lib/services/grpc-ai-orchestrator.ts(145,43): error TS1136: Property assignment expected.
sveltekit-frontend/src/lib/services/grpc-ai-orchestrator.ts(145,46): error TS1109: Expression expected.
sveltekit-frontend/src/lib/services/grpc-ai-orchestrator.ts(145,47): error TS1005: ':' expected.
sveltekit-frontend/src/lib/services/grpc-ai-orchestrator.ts(146,11): error TS1005: ':' expected.
sveltekit-frontend/src/lib/services/grpc-ai-orchestrator.ts(146,69): error TS1005: ',' expected.
sveltekit-frontend/src/lib/services/grpc-ai-orchestrator.ts(148,14): error TS1005: ',' expected.
sveltekit-frontend/src/lib/services/grpc-ai-orchestrator.ts(148,17): error TS1109: Expression expected.
sveltekit-frontend/src/lib/services/grpc-ai-orchestrator.ts(148,19): error TS1003: Identifier expected.
sveltekit-frontend/src/lib/services/grpc-ai-orchestrator.ts(148,20): error TS1138: Parameter declaration expected.
sveltekit-frontend/src/lib/services/grpc-ai-orchestrator.ts(148,21): error TS1138: Parameter declaration expected.
sveltekit-frontend/src/lib/services/grpc-ai-orchestrator.ts(148,25): error TS1005: ',' expected.
sveltekit-frontend/src/lib/services/grpc-ai-orchestrator.ts(148,37): error TS1005: ',' expected.
sveltekit-frontend/src/lib/services/grpc-ai-orchestrator.ts(148,46): error TS1005: ',' expected.
sveltekit-frontend/src/lib/services/grpc-ai-orchestrator.ts(148,50): error TS1005: ',' expected.
sveltekit-frontend/src/lib/services/grpc-ai-orchestrator.ts(148,63): error TS1005: ',' expected.
sveltekit-frontend/src/lib/services/grpc-ai-orchestrator.ts(148,65): error TS1136: Property assignment expected.
sveltekit-frontend/src/lib/services/grpc-ai-orchestrator.ts(148,66): error TS1109: Expression expected.
sveltekit-frontend/src/lib/services/grpc-ai-orchestrator.ts(149,7): error TS1109: Expression expected.
sveltekit-frontend/src/lib/services/grpc-ai-orchestrator.ts(176,3): error TS1128: Declaration or statement expected.
sveltekit-frontend/src/lib/services/grpc-ai-orchestrator.ts(180,3): error TS1434: Unexpected keyword or identifier.
sveltekit-frontend/src/lib/services/grpc-ai-orchestrator.ts(181,30): error TS1011: An element access expression should take an argument.
sveltekit-frontend/src/lib/services/grpc-ai-orchestrator.ts(182,3): error TS1128: Declaration or statement expected.
sveltekit-frontend/src/lib/services/grpc-ai-orchestrator.ts(182,4): error TS1128: Declaration or statement expected.
sveltekit-frontend/src/lib/services/grpc-ai-orchestrator.ts(182,47): error TS1005: '>' expected.
sveltekit-frontend/src/lib/services/grpc-ai-orchestrator.ts(182,61): error TS1011: An element access expression should take an argument.
sveltekit-frontend/src/lib/services/grpc-ai-orchestrator.ts(183,13): error TS1003: Identifier expected.
sveltekit-frontend/src/lib/services/grpc-ai-orchestrator.ts(183,89): error TS1005: ',' expected.
sveltekit-frontend/src/lib/services/grpc-ai-orchestrator.ts(184,11): error TS1005: ':' expected.
sveltekit-frontend/src/lib/services/grpc-ai-orchestrator.ts(184,33): error TS1005: ',' expected.
sveltekit-frontend/src/lib/services/grpc-ai-orchestrator.ts(185,11): error TS1005: ':' expected.
sveltekit-frontend/src/lib/services/grpc-ai-orchestrator.ts(185,55): error TS1005: ',' expected.
sveltekit-frontend/src/lib/services/grpc-ai-orchestrator.ts(186,11): error TS1005: ':' expected.
sveltekit-frontend/src/lib/services/grpc-ai-orchestrator.ts(186,61): error TS1005: ',' expected.
sveltekit-frontend/src/lib/services/grpc-ai-orchestrator.ts(188,11): error TS1005: ':' expected.
sveltekit-frontend/src/lib/services/grpc-ai-orchestrator.ts(198,7): error TS1005: ',' expected.
sveltekit-frontend/src/lib/services/grpc-ai-orchestrator.ts(199,11): error TS1005: ',' expected.
sveltekit-frontend/src/lib/services/grpc-ai-orchestrator.ts(199,19): error TS1005: ',' expected.
sveltekit-frontend/src/lib/services/grpc-ai-orchestrator.ts(199,51): error TS1005: ',' expected.
sveltekit-frontend/src/lib/services/grpc-ai-orchestrator.ts(200,11): error TS1005: ':' expected.
sveltekit-frontend/src/lib/services/grpc-ai-orchestrator.ts(200,50): error TS1005: ',' expected.
sveltekit-frontend/src/lib/services/grpc-ai-orchestrator.ts(201,9): error TS1005: ':' expected.
sveltekit-frontend/src/lib/services/grpc-ai-orchestrator.ts(201,41): error TS1005: ',' expected.
sveltekit-frontend/src/lib/services/grpc-ai-orchestrator.ts(203,11): error TS1005: ':' expected.
sveltekit-frontend/src/lib/services/grpc-ai-orchestrator.ts(203,109): error TS1005: ',' expected.
sveltekit-frontend/src/lib/services/grpc-ai-orchestrator.ts(204,11): error TS1005: ':' expected.
sveltekit-frontend/src/lib/services/grpc-ai-orchestrator.ts(204,54): error TS1005: ')' expected.
sveltekit-frontend/src/lib/services/grpc-ai-orchestrator.ts(205,7): error TS1003: Identifier expected.
sveltekit-frontend/src/lib/services/grpc-ai-orchestrator.ts(205,14): error TS1005: ',' expected.
sveltekit-frontend/src/lib/services/grpc-ai-orchestrator.ts(206,7): error TS1003: Identifier expected.
sveltekit-frontend/src/lib/services/grpc-ai-orchestrator.ts(209,27): error TS1005: ')' expected.
sveltekit-frontend/src/lib/services/grpc-ai-orchestrator.ts(210,13): error TS1003: Identifier expected.
sveltekit-frontend/src/lib/services/grpc-ai-orchestrator.ts(210,124): error TS1005: ',' expected.
sveltekit-frontend/src/lib/services/grpc-ai-orchestrator.ts(211,12): error TS1005: ':' expected.
sveltekit-frontend/src/lib/services/grpc-ai-orchestrator.ts(226,3): error TS1128: Declaration or statement expected.
sveltekit-frontend/src/lib/services/grpc-ai-orchestrator.ts(226,11): error TS1434: Unexpected keyword or identifier.
sveltekit-frontend/src/lib/services/grpc-ai-orchestrator.ts(229,3): error TS1128: Declaration or statement expected.
sveltekit-frontend/src/lib/services/grpc-ai-orchestrator.ts(229,4): error TS1128: Declaration or statement expected.
sveltekit-frontend/src/lib/services/grpc-ai-orchestrator.ts(230,13): error TS1003: Identifier expected.
sveltekit-frontend/src/lib/services/grpc-ai-orchestrator.ts(230,71): error TS1005: ',' expected.
sveltekit-frontend/src/lib/services/grpc-ai-orchestrator.ts(231,9): error TS1005: ':' expected.
sveltekit-frontend/src/lib/services/grpc-ai-orchestrator.ts(233,13): error TS1005: ':' expected.
sveltekit-frontend/src/lib/services/grpc-ai-orchestrator.ts(247,7): error TS1005: ',' expected.
sveltekit-frontend/src/lib/services/grpc-ai-orchestrator.ts(247,13): error TS1005: ':' expected.
sveltekit-frontend/src/lib/services/grpc-ai-orchestrator.ts(247,35): error TS1005: ',' expected.
sveltekit-frontend/src/lib/services/grpc-ai-orchestrator.ts(251,13): error TS1005: ',' expected.
sveltekit-frontend/src/lib/services/grpc-ai-orchestrator.ts(251,16): error TS1005: ':' expected.
sveltekit-frontend/src/lib/services/grpc-ai-orchestrator.ts(251,34): error TS1005: ',' expected.
sveltekit-frontend/src/lib/services/grpc-ai-orchestrator.ts(251,47): error TS1005: ',' expected.
sveltekit-frontend/src/lib/services/grpc-ai-orchestrator.ts(251,62): error TS1005: ',' expected.
sveltekit-frontend/src/lib/services/grpc-ai-orchestrator.ts(252,13): error TS1005: ':' expected.
sveltekit-frontend/src/lib/services/grpc-ai-orchestrator.ts(252,53): error TS1005: ',' expected.
sveltekit-frontend/src/lib/services/grpc-ai-orchestrator.ts(253,13): error TS1005: ':' expected.
sveltekit-frontend/src/lib/services/grpc-ai-orchestrator.ts(265,39): error TS1005: ',' expected.
sveltekit-frontend/src/lib/services/grpc-ai-orchestrator.ts(269,7): error TS1005: ',' expected.
sveltekit-frontend/src/lib/services/grpc-ai-orchestrator.ts(269,15): error TS1003: Identifier expected.
sveltekit-frontend/src/lib/services/grpc-ai-orchestrator.ts(269,115): error TS1005: ',' expected.
sveltekit-frontend/src/lib/services/grpc-ai-orchestrator.ts(270,14): error TS1005: ':' expected.
sveltekit-frontend/src/lib/services/grpc-ai-orchestrator.ts(270,21): error TS1005: ',' expected.
sveltekit-frontend/src/lib/services/grpc-ai-orchestrator.ts(271,7): error TS1005: ';' expected.
sveltekit-frontend/src/lib/services/grpc-ai-orchestrator.ts(275,3): error TS1128: Declaration or statement expected.
sveltekit-frontend/src/lib/services/grpc-ai-orchestrator.ts(279,3): error TS1128: Declaration or statement expected.
sveltekit-frontend/src/lib/services/grpc-ai-orchestrator.ts(279,41): error TS1135: Argument expression expected.
sveltekit-frontend/src/lib/services/grpc-ai-orchestrator.ts(279,60): error TS1005: ';' expected.
sveltekit-frontend/src/lib/services/grpc-ai-orchestrator.ts(279,62): error TS1434: Unexpected keyword or identifier.
sveltekit-frontend/src/lib/services/grpc-ai-orchestrator.ts(296,3): error TS1128: Declaration or statement expected.
sveltekit-frontend/src/lib/services/grpc-ai-orchestrator.ts(296,39): error TS1135: Argument expression expected.
sveltekit-frontend/src/lib/services/grpc-ai-orchestrator.ts(296,58): error TS1005: ';' expected.
sveltekit-frontend/src/lib/services/grpc-ai-orchestrator.ts(296,60): error TS1434: Unexpected keyword or identifier.
sveltekit-frontend/src/lib/services/grpc-ai-orchestrator.ts(311,3): error TS1128: Declaration or statement expected.
sveltekit-frontend/src/lib/services/grpc-ai-orchestrator.ts(311,44): error TS1135: Argument expression expected.
sveltekit-frontend/src/lib/services/grpc-ai-orchestrator.ts(311,63): error TS1005: ';' expected.
sveltekit-frontend/src/lib/services/grpc-ai-orchestrator.ts(311,72): error TS1109: Expression expected.
sveltekit-frontend/src/lib/services/grpc-ai-orchestrator.ts(311,73): error TS1109: Expression expected.
sveltekit-frontend/src/lib/services/grpc-ai-orchestrator.ts(311,75): error TS1005: ';' expected.
sveltekit-frontend/src/lib/services/grpc-ai-orchestrator.ts(330,3): error TS1128: Declaration or statement expected.
sveltekit-frontend/src/lib/services/grpc-ai-orchestrator.ts(330,46): error TS1135: Argument expression expected.
sveltekit-frontend/src/lib/services/grpc-ai-orchestrator.ts(330,62): error TS1005: ';' expected.
sveltekit-frontend/src/lib/services/grpc-ai-orchestrator.ts(330,64): error TS1434: Unexpected keyword or identifier.
sveltekit-frontend/src/lib/services/grpc-ai-orchestrator.ts(333,80): error TS1005: ')' expected.
sveltekit-frontend/src/lib/services/grpc-ai-orchestrator.ts(338,3): error TS1128: Declaration or statement expected.
sveltekit-frontend/src/lib/services/grpc-ai-orchestrator.ts(338,11): error TS1434: Unexpected keyword or identifier.
sveltekit-frontend/src/lib/services/grpc-ai-orchestrator.ts(338,47): error TS1135: Argument expression expected.
sveltekit-frontend/src/lib/services/grpc-ai-orchestrator.ts(338,63): error TS1005: ',' expected.
sveltekit-frontend/src/lib/services/grpc-ai-orchestrator.ts(338,73): error TS1005: ';' expected.
sveltekit-frontend/src/lib/services/grpc-ai-orchestrator.ts(338,87): error TS1109: Expression expected.
sveltekit-frontend/src/lib/services/grpc-ai-orchestrator.ts(339,11): error TS1005: ':' expected.
sveltekit-frontend/src/lib/services/grpc-ai-orchestrator.ts(339,59): error TS1005: ',' expected.
sveltekit-frontend/src/lib/services/grpc-ai-orchestrator.ts(341,13): error TS1003: Identifier expected.
sveltekit-frontend/src/lib/services/grpc-ai-orchestrator.ts(341,76): error TS1005: ',' expected.
sveltekit-frontend/src/lib/services/grpc-ai-orchestrator.ts(343,11): error TS1005: ',' expected.
sveltekit-frontend/src/lib/services/grpc-ai-orchestrator.ts(343,14): error TS1005: ':' expected.
sveltekit-frontend/src/lib/services/grpc-ai-orchestrator.ts(343,32): error TS1005: ',' expected.
sveltekit-frontend/src/lib/services/grpc-ai-orchestrator.ts(343,45): error TS1005: ',' expected.
sveltekit-frontend/src/lib/services/grpc-ai-orchestrator.ts(344,3): error TS1128: Declaration or statement expected.
sveltekit-frontend/src/lib/services/grpc-ai-orchestrator.ts(348,3): error TS1128: Declaration or statement expected.
sveltekit-frontend/src/lib/services/grpc-ai-orchestrator.ts(348,39): error TS1135: Argument expression expected.
sveltekit-frontend/src/lib/services/grpc-ai-orchestrator.ts(348,62): error TS1005: ',' expected.
sveltekit-frontend/src/lib/services/grpc-ai-orchestrator.ts(348,72): error TS1005: ';' expected.
sveltekit-frontend/src/lib/services/grpc-ai-orchestrator.ts(349,9): error TS1005: ':' expected.
sveltekit-frontend/src/lib/services/grpc-ai-orchestrator.ts(349,34): error TS1109: Expression expected.
sveltekit-frontend/src/lib/services/grpc-ai-orchestrator.ts(349,35): error TS1136: Property assignment expected.
sveltekit-frontend/src/lib/services/grpc-ai-orchestrator.ts(349,36): error TS1109: Expression expected.
sveltekit-frontend/src/lib/services/grpc-ai-orchestrator.ts(355,50): error TS1134: Variable declaration expected.
sveltekit-frontend/src/lib/services/grpc-ai-orchestrator.ts(356,84): error TS1134: Variable declaration expected.
sveltekit-frontend/src/lib/services/grpc-ai-orchestrator.ts(359,13): error TS1109: Expression expected.
sveltekit-frontend/src/lib/services/grpc-ai-orchestrator.ts(360,3): error TS1128: Declaration or statement expected.
sveltekit-frontend/src/lib/services/grpc-ai-orchestrator.ts(364,3): error TS1128: Declaration or statement expected.
sveltekit-frontend/src/lib/services/grpc-ai-orchestrator.ts(364,50): error TS1135: Argument expression expected.
sveltekit-frontend/src/lib/services/grpc-ai-orchestrator.ts(364,74): error TS1005: ',' expected.
sveltekit-frontend/src/lib/services/grpc-ai-orchestrator.ts(364,84): error TS1109: Expression expected.
sveltekit-frontend/src/lib/services/grpc-ai-orchestrator.ts(364,88): error TS1005: ';' expected.
sveltekit-frontend/src/lib/services/grpc-ai-orchestrator.ts(364,90): error TS1434: Unexpected keyword or identifier.
sveltekit-frontend/src/lib/services/grpc-ai-orchestrator.ts(373,16): error TS1109: Expression expected.
sveltekit-frontend/src/lib/services/grpc-ai-orchestrator.ts(373,18): error TS1434: Unexpected keyword or identifier.
sveltekit-frontend/src/lib/services/grpc-ai-orchestrator.ts(379,3): error TS1434: Unexpected keyword or identifier.
sveltekit-frontend/src/lib/services/grpc-ai-orchestrator.ts(379,23): error TS1109: Expression expected.
sveltekit-frontend/src/lib/services/grpc-ai-orchestrator.ts(380,13): error TS1003: Identifier expected.
sveltekit-frontend/src/lib/services/grpc-ai-orchestrator.ts(380,63): error TS1005: ',' expected.
sveltekit-frontend/src/lib/services/grpc-ai-orchestrator.ts(381,11): error TS1005: ':' expected.
sveltekit-frontend/src/lib/services/grpc-ai-orchestrator.ts(388,5): error TS1005: ',' expected.
sveltekit-frontend/src/lib/services/grpc-ai-orchestrator.ts(388,11): error TS1005: ':' expected.
sveltekit-frontend/src/lib/services/grpc-ai-orchestrator.ts(388,85): error TS1005: ',' expected.
sveltekit-frontend/src/lib/services/grpc-ai-orchestrator.ts(389,11): error TS1005: ':' expected.
sveltekit-frontend/src/lib/services/grpc-ai-orchestrator.ts(389,61): error TS1005: ',' expected.
sveltekit-frontend/src/lib/services/grpc-ai-orchestrator.ts(390,13): error TS1003: Identifier expected.
sveltekit-frontend/src/lib/services/grpc-ai-orchestrator.ts(390,90): error TS1005: ',' expected.
sveltekit-frontend/src/lib/services/grpc-ai-orchestrator.ts(391,12): error TS1005: ':' expected.
sveltekit-frontend/src/lib/services/grpc-ai-orchestrator.ts(399,3): error TS1128: Declaration or statement expected.
sveltekit-frontend/src/lib/services/grpc-ai-orchestrator.ts(399,11): error TS1434: Unexpected keyword or identifier.
sveltekit-frontend/src/lib/services/grpc-ai-orchestrator.ts(399,48): error TS1135: Argument expression expected.
sveltekit-frontend/src/lib/services/grpc-ai-orchestrator.ts(399,57): error TS1005: ';' expected.
sveltekit-frontend/src/lib/services/grpc-ai-orchestrator.ts(400,11): error TS1005: ':' expected.
sveltekit-frontend/src/lib/services/grpc-ai-orchestrator.ts(400,34): error TS1005: ',' expected.
sveltekit-frontend/src/lib/services/grpc-ai-orchestrator.ts(401,11): error TS1005: ':' expected.
sveltekit-frontend/src/lib/services/grpc-ai-orchestrator.ts(401,57): error TS1005: ',' expected.
sveltekit-frontend/src/lib/services/grpc-ai-orchestrator.ts(403,17): error TS1138: Parameter declaration expected.
sveltekit-frontend/src/lib/services/grpc-ai-orchestrator.ts(403,58): error TS1005: ';' expected.
sveltekit-frontend/src/lib/services/grpc-ai-orchestrator.ts(403,61): error TS1109: Expression expected.
sveltekit-frontend/src/lib/services/grpc-ai-orchestrator.ts(404,7): error TS1109: Expression expected.
sveltekit-frontend/src/lib/services/grpc-ai-orchestrator.ts(421,3): error TS1128: Declaration or statement expected.
sveltekit-frontend/src/lib/services/grpc-ai-orchestrator.ts(425,3): error TS1128: Declaration or statement expected.
sveltekit-frontend/src/lib/services/grpc-ai-orchestrator.ts(425,11): error TS1434: Unexpected keyword or identifier.
sveltekit-frontend/src/lib/services/grpc-ai-orchestrator.ts(425,36): error TS1109: Expression expected.
sveltekit-frontend/src/lib/services/grpc-ai-orchestrator.ts(426,9): error TS1005: ':' expected.
sveltekit-frontend/src/lib/services/grpc-ai-orchestrator.ts(429,14): error TS1005: ':' expected.
sveltekit-frontend/src/lib/services/grpc-ai-orchestrator.ts(429,19): error TS1005: ',' expected.
sveltekit-frontend/src/lib/services/grpc-ai-orchestrator.ts(430,7): error TS1005: ',' expected.
sveltekit-frontend/src/lib/services/grpc-ai-orchestrator.ts(435,1): error TS1128: Declaration or statement expected.
sveltekit-frontend/src/lib/services/hierarchical-cache-index.ts(66,56): error TS1005: '>' expected.
sveltekit-frontend/src/lib/services/hierarchical-cache-index.ts(89,9): error TS1005: ',' expected.
sveltekit-frontend/src/lib/services/hierarchical-cache-index.ts(90,9): error TS1005: ',' expected.
sveltekit-frontend/src/lib/services/hierarchical-cache-index.ts(92,9): error TS1005: ',' expected.
sveltekit-frontend/src/lib/services/hierarchical-cache-index.ts(94,7): error TS1005: ',' expected.
sveltekit-frontend/src/lib/services/hierarchical-cache-index.ts(97,9): error TS1005: ',' expected.
sveltekit-frontend/src/lib/services/hierarchical-cache-index.ts(98,9): error TS1005: ',' expected.
sveltekit-frontend/src/lib/services/hierarchical-cache-index.ts(100,9): error TS1005: ',' expected.
sveltekit-frontend/src/lib/services/hierarchical-cache-index.ts(102,7): error TS1005: ',' expected.
sveltekit-frontend/src/lib/services/hierarchical-cache-index.ts(105,9): error TS1005: ',' expected.
sveltekit-frontend/src/lib/services/hierarchical-cache-index.ts(106,9): error TS1005: ',' expected.
sveltekit-frontend/src/lib/services/hierarchical-cache-index.ts(108,9): error TS1005: ',' expected.
sveltekit-frontend/src/lib/services/hierarchical-cache-index.ts(110,7): error TS1005: ',' expected.
sveltekit-frontend/src/lib/services/hierarchical-cache-index.ts(113,9): error TS1005: ',' expected.
sveltekit-frontend/src/lib/services/hierarchical-cache-index.ts(114,9): error TS1005: ',' expected.
sveltekit-frontend/src/lib/services/hierarchical-cache-index.ts(116,9): error TS1005: ',' expected.
sveltekit-frontend/src/lib/services/hierarchical-cache-index.ts(118,7): error TS1005: ',' expected.
sveltekit-frontend/src/lib/services/hierarchical-cache-index.ts(121,9): error TS1005: ',' expected.
sveltekit-frontend/src/lib/services/hierarchical-cache-index.ts(122,9): error TS1005: ',' expected.
sveltekit-frontend/src/lib/services/hierarchical-cache-index.ts(124,9): error TS1005: ',' expected.
sveltekit-frontend/src/lib/services/hierarchical-cache-index.ts(129,55): error TS1005: ')' expected.
sveltekit-frontend/src/lib/services/hierarchical-cache-index.ts(173,28): error TS1005: ';' expected.
sveltekit-frontend/src/lib/services/hierarchical-cache-index.ts(174,4): error TS1128: Declaration or statement expected.
sveltekit-frontend/src/lib/services/hierarchical-cache-index.ts(174,5): error TS1128: Declaration or statement expected.
sveltekit-frontend/src/lib/services/hierarchical-cache-index.ts(175,11): error TS1005: ':' expected.
sveltekit-frontend/src/lib/services/hierarchical-cache-index.ts(175,40): error TS1005: ',' expected.
sveltekit-frontend/src/lib/services/hierarchical-cache-index.ts(177,14): error TS1005: ',' expected.
sveltekit-frontend/src/lib/services/hierarchical-cache-index.ts(177,23): error TS1005: ',' expected.
sveltekit-frontend/src/lib/services/hierarchical-cache-index.ts(177,32): error TS1005: ',' expected.
sveltekit-frontend/src/lib/services/hierarchical-cache-index.ts(177,39): error TS1005: ',' expected.
sveltekit-frontend/src/lib/services/hierarchical-cache-index.ts(177,54): error TS1005: ',' expected.
sveltekit-frontend/src/lib/services/hierarchical-cache-index.ts(177,58): error TS1005: ',' expected.
sveltekit-frontend/src/lib/services/hierarchical-cache-index.ts(177,62): error TS1005: ',' expected.
sveltekit-frontend/src/lib/services/hierarchical-cache-index.ts(177,64): error TS1005: ';' expected.
sveltekit-frontend/src/lib/services/hierarchical-cache-index.ts(186,50): error TS1109: Expression expected.
sveltekit-frontend/src/lib/services/hierarchical-cache-index.ts(186,53): error TS1005: ';' expected.
sveltekit-frontend/src/lib/services/hierarchical-cache-index.ts(204,50): error TS1005: ',' expected.
sveltekit-frontend/src/lib/services/hierarchical-cache-index.ts(204,52): error TS1128: Declaration or statement expected.
sveltekit-frontend/src/lib/services/hierarchical-cache-index.ts(205,5): error TS1128: Declaration or statement expected.
sveltekit-frontend/src/lib/services/hierarchical-cache-index.ts(207,3): error TS1128: Declaration or statement expected.
sveltekit-frontend/src/lib/services/hierarchical-cache-index.ts(211,3): error TS1434: Unexpected keyword or identifier.
sveltekit-frontend/src/lib/services/hierarchical-cache-index.ts(211,17): error TS1005: ',' expected.
sveltekit-frontend/src/lib/services/hierarchical-cache-index.ts(211,33): error TS1005: ',' expected.
sveltekit-frontend/src/lib/services/hierarchical-cache-index.ts(211,49): error TS1005: ',' expected.
sveltekit-frontend/src/lib/services/hierarchical-cache-index.ts(213,34): error TS1005: ',' expected.
sveltekit-frontend/src/lib/services/hierarchical-cache-index.ts(214,27): error TS1011: An element access expression should take an argument.
sveltekit-frontend/src/lib/services/hierarchical-cache-index.ts(214,28): error TS1005: ',' expected.
sveltekit-frontend/src/lib/services/hierarchical-cache-index.ts(215,30): error TS1005: ',' expected.
sveltekit-frontend/src/lib/services/hierarchical-cache-index.ts(216,3): error TS1128: Declaration or statement expected.
sveltekit-frontend/src/lib/services/hierarchical-cache-index.ts(216,5): error TS1128: Declaration or statement expected.
sveltekit-frontend/src/lib/services/hierarchical-cache-index.ts(216,9): error TS1128: Declaration or statement expected.
sveltekit-frontend/src/lib/services/hierarchical-cache-index.ts(216,10): error TS1128: Declaration or statement expected.
sveltekit-frontend/src/lib/services/hierarchical-cache-index.ts(216,24): error TS1109: Expression expected.
sveltekit-frontend/src/lib/services/hierarchical-cache-index.ts(217,11): error TS1005: ':' expected.
sveltekit-frontend/src/lib/services/hierarchical-cache-index.ts(219,75): error TS1005: ':' expected.
sveltekit-frontend/src/lib/services/hierarchical-cache-index.ts(219,76): error TS1136: Property assignment expected.
sveltekit-frontend/src/lib/services/hierarchical-cache-index.ts(235,5): error TS1005: ',' expected.
sveltekit-frontend/src/lib/services/hierarchical-cache-index.ts(235,11): error TS1005: ':' expected.
sveltekit-frontend/src/lib/services/hierarchical-cache-index.ts(235,48): error TS1136: Property assignment expected.
sveltekit-frontend/src/lib/services/hierarchical-cache-index.ts(236,11): error TS1109: Expression expected.
sveltekit-frontend/src/lib/services/hierarchical-cache-index.ts(241,13): error TS1109: Expression expected.
sveltekit-frontend/src/lib/services/hierarchical-cache-index.ts(242,3): error TS1128: Declaration or statement expected.
sveltekit-frontend/src/lib/services/hierarchical-cache-index.ts(246,3): error TS1128: Declaration or statement expected.
sveltekit-frontend/src/lib/services/hierarchical-cache-index.ts(246,39): error TS1005: ',' expected.
sveltekit-frontend/src/lib/services/hierarchical-cache-index.ts(246,58): error TS1005: ',' expected.
sveltekit-frontend/src/lib/services/hierarchical-cache-index.ts(246,65): error TS1005: ';' expected.
sveltekit-frontend/src/lib/services/hierarchical-cache-index.ts(246,67): error TS1434: Unexpected keyword or identifier.
sveltekit-frontend/src/lib/services/hierarchical-cache-index.ts(265,49): error TS1005: ')' expected.
sveltekit-frontend/src/lib/services/hierarchical-cache-index.ts(270,3): error TS1128: Declaration or statement expected.
sveltekit-frontend/src/lib/services/hierarchical-cache-index.ts(270,44): error TS1005: ',' expected.
sveltekit-frontend/src/lib/services/hierarchical-cache-index.ts(270,58): error TS1005: ',' expected.
sveltekit-frontend/src/lib/services/hierarchical-cache-index.ts(270,71): error TS1128: Declaration or statement expected.
sveltekit-frontend/src/lib/services/hierarchical-cache-index.ts(270,72): error TS1128: Declaration or statement expected.
sveltekit-frontend/src/lib/services/hierarchical-cache-index.ts(270,73): error TS1128: Declaration or statement expected.
sveltekit-frontend/src/lib/services/hierarchical-cache-index.ts(270,75): error TS1434: Unexpected keyword or identifier.
sveltekit-frontend/src/lib/services/hierarchical-cache-index.ts(281,3): error TS1128: Declaration or statement expected.
sveltekit-frontend/src/lib/services/hierarchical-cache-index.ts(281,41): error TS1005: ',' expected.
sveltekit-frontend/src/lib/services/hierarchical-cache-index.ts(281,50): error TS1011: An element access expression should take an argument.
sveltekit-frontend/src/lib/services/hierarchical-cache-index.ts(281,52): error TS1005: ';' expected.
sveltekit-frontend/src/lib/services/hierarchical-cache-index.ts(281,54): error TS1434: Unexpected keyword or identifier.
sveltekit-frontend/src/lib/services/hierarchical-cache-index.ts(284,5): error TS1128: Declaration or statement expected.
sveltekit-frontend/src/lib/services/hierarchical-cache-index.ts(290,3): error TS1128: Declaration or statement expected.
sveltekit-frontend/src/lib/services/hierarchical-cache-index.ts(290,38): error TS1005: ',' expected.
sveltekit-frontend/src/lib/services/hierarchical-cache-index.ts(290,53): error TS1005: ',' expected.
sveltekit-frontend/src/lib/services/hierarchical-cache-index.ts(290,62): error TS1011: An element access expression should take an argument.
sveltekit-frontend/src/lib/services/hierarchical-cache-index.ts(290,64): error TS1005: ';' expected.
sveltekit-frontend/src/lib/services/hierarchical-cache-index.ts(290,66): error TS1434: Unexpected keyword or identifier.
sveltekit-frontend/src/lib/services/hierarchical-cache-index.ts(309,3): error TS1128: Declaration or statement expected.
sveltekit-frontend/src/lib/services/hierarchical-cache-index.ts(309,34): error TS1005: ',' expected.
sveltekit-frontend/src/lib/services/hierarchical-cache-index.ts(309,53): error TS1005: ',' expected.
sveltekit-frontend/src/lib/services/hierarchical-cache-index.ts(309,60): error TS1005: ';' expected.
sveltekit-frontend/src/lib/services/hierarchical-cache-index.ts(309,62): error TS1434: Unexpected keyword or identifier.
sveltekit-frontend/src/lib/services/hierarchical-cache-index.ts(321,3): error TS1128: Declaration or statement expected.
sveltekit-frontend/src/lib/services/hierarchical-cache-index.ts(321,11): error TS1434: Unexpected keyword or identifier.
sveltekit-frontend/src/lib/services/hierarchical-cache-index.ts(321,32): error TS1005: ',' expected.
sveltekit-frontend/src/lib/services/hierarchical-cache-index.ts(321,45): error TS1005: ',' expected.
sveltekit-frontend/src/lib/services/hierarchical-cache-index.ts(321,55): error TS1005: ';' expected.
sveltekit-frontend/src/lib/services/hierarchical-cache-index.ts(322,15): error TS1005: ',' expected.
sveltekit-frontend/src/lib/services/hierarchical-cache-index.ts(322,21): error TS1005: ';' expected.
sveltekit-frontend/src/lib/services/hierarchical-cache-index.ts(338,3): error TS1128: Declaration or statement expected.
sveltekit-frontend/src/lib/services/hierarchical-cache-index.ts(342,3): error TS1128: Declaration or statement expected.
sveltekit-frontend/src/lib/services/hierarchical-cache-index.ts(342,11): error TS1434: Unexpected keyword or identifier.
sveltekit-frontend/src/lib/services/hierarchical-cache-index.ts(342,36): error TS1005: ',' expected.
sveltekit-frontend/src/lib/services/hierarchical-cache-index.ts(342,49): error TS1005: ';' expected.
sveltekit-frontend/src/lib/services/hierarchical-cache-index.ts(342,63): error TS1109: Expression expected.
sveltekit-frontend/src/lib/services/hierarchical-cache-index.ts(344,15): error TS1138: Parameter declaration expected.
sveltekit-frontend/src/lib/services/hierarchical-cache-index.ts(344,41): error TS1005: ',' expected.
sveltekit-frontend/src/lib/services/hierarchical-cache-index.ts(344,43): error TS1136: Property assignment expected.
sveltekit-frontend/src/lib/services/hierarchical-cache-index.ts(369,3): error TS1128: Declaration or statement expected.
sveltekit-frontend/src/lib/services/hierarchical-cache-index.ts(373,3): error TS1128: Declaration or statement expected.
sveltekit-frontend/src/lib/services/hierarchical-cache-index.ts(373,31): error TS1005: ',' expected.
sveltekit-frontend/src/lib/services/hierarchical-cache-index.ts(373,45): error TS1005: ',' expected.
sveltekit-frontend/src/lib/services/hierarchical-cache-index.ts(373,58): error TS1128: Declaration or statement expected.
sveltekit-frontend/src/lib/services/hierarchical-cache-index.ts(373,59): error TS1128: Declaration or statement expected.
sveltekit-frontend/src/lib/services/hierarchical-cache-index.ts(373,60): error TS1128: Declaration or statement expected.
sveltekit-frontend/src/lib/services/hierarchical-cache-index.ts(373,62): error TS1434: Unexpected keyword or identifier.
sveltekit-frontend/src/lib/services/hierarchical-cache-index.ts(381,3): error TS1128: Declaration or statement expected.
sveltekit-frontend/src/lib/services/hierarchical-cache-index.ts(381,34): error TS1005: ',' expected.
sveltekit-frontend/src/lib/services/hierarchical-cache-index.ts(381,43): error TS1011: An element access expression should take an argument.
sveltekit-frontend/src/lib/services/hierarchical-cache-index.ts(381,45): error TS1005: ';' expected.
sveltekit-frontend/src/lib/services/hierarchical-cache-index.ts(381,47): error TS1434: Unexpected keyword or identifier.
sveltekit-frontend/src/lib/services/hierarchical-cache-index.ts(396,3): error TS1128: Declaration or statement expected.
sveltekit-frontend/src/lib/services/hierarchical-cache-index.ts(396,30): error TS1005: ',' expected.
sveltekit-frontend/src/lib/services/hierarchical-cache-index.ts(396,43): error TS1005: ';' expected.
sveltekit-frontend/src/lib/services/hierarchical-cache-index.ts(396,45): error TS1434: Unexpected keyword or identifier.
sveltekit-frontend/src/lib/services/hierarchical-cache-index.ts(397,52): error TS1109: Expression expected.
sveltekit-frontend/src/lib/services/hierarchical-cache-index.ts(404,3): error TS1128: Declaration or statement expected.
sveltekit-frontend/src/lib/services/hierarchical-cache-index.ts(404,11): error TS1434: Unexpected keyword or identifier.
sveltekit-frontend/src/lib/services/hierarchical-cache-index.ts(404,35): error TS1005: ',' expected.
sveltekit-frontend/src/lib/services/hierarchical-cache-index.ts(404,61): error TS1005: ',' expected.
sveltekit-frontend/src/lib/services/hierarchical-cache-index.ts(404,71): error TS1005: ';' expected.
sveltekit-frontend/src/lib/services/hierarchical-cache-index.ts(404,85): error TS1109: Expression expected.
sveltekit-frontend/src/lib/services/hierarchical-cache-index.ts(405,21): error TS1005: ',' expected.
sveltekit-frontend/src/lib/services/hierarchical-cache-index.ts(405,23): error TS1003: Identifier expected.
sveltekit-frontend/src/lib/services/hierarchical-cache-index.ts(405,25): error TS1138: Parameter declaration expected.
sveltekit-frontend/src/lib/services/hierarchical-cache-index.ts(405,55): error TS1005: ';' expected.
sveltekit-frontend/src/lib/services/hierarchical-cache-index.ts(405,63): error TS1109: Expression expected.
sveltekit-frontend/src/lib/services/hierarchical-cache-index.ts(418,3): error TS1128: Declaration or statement expected.
sveltekit-frontend/src/lib/services/hierarchical-cache-index.ts(422,3): error TS1128: Declaration or statement expected.
sveltekit-frontend/src/lib/services/hierarchical-cache-index.ts(422,11): error TS1434: Unexpected keyword or identifier.
sveltekit-frontend/src/lib/services/hierarchical-cache-index.ts(422,39): error TS1005: ',' expected.
sveltekit-frontend/src/lib/services/hierarchical-cache-index.ts(422,48): error TS1005: ';' expected.
sveltekit-frontend/src/lib/services/hierarchical-cache-index.ts(422,62): error TS1109: Expression expected.
sveltekit-frontend/src/lib/services/hierarchical-cache-index.ts(423,11): error TS1005: ':' expected.
sveltekit-frontend/src/lib/services/hierarchical-cache-index.ts(423,42): error TS1136: Property assignment expected.
sveltekit-frontend/src/lib/services/hierarchical-cache-index.ts(424,43): error TS1109: Expression expected.
sveltekit-frontend/src/lib/services/hierarchical-cache-index.ts(425,15): error TS1109: Expression expected.
sveltekit-frontend/src/lib/services/hierarchical-cache-index.ts(425,54): error TS1128: Declaration or statement expected.
sveltekit-frontend/src/lib/services/hierarchical-cache-index.ts(426,46): error TS1005: ')' expected.
sveltekit-frontend/src/lib/services/hierarchical-cache-index.ts(432,47): error TS1109: Expression expected.
sveltekit-frontend/src/lib/services/hierarchical-cache-index.ts(432,50): error TS1005: ';' expected.
sveltekit-frontend/src/lib/services/hierarchical-cache-index.ts(440,3): error TS1128: Declaration or statement expected.
sveltekit-frontend/src/lib/services/hierarchical-cache-index.ts(440,43): error TS1005: ',' expected.
sveltekit-frontend/src/lib/services/hierarchical-cache-index.ts(440,56): error TS1011: An element access expression should take an argument.
sveltekit-frontend/src/lib/services/hierarchical-cache-index.ts(440,66): error TS1005: ',' expected.
sveltekit-frontend/src/lib/services/hierarchical-cache-index.ts(440,80): error TS1005: ';' expected.
sveltekit-frontend/src/lib/services/hierarchical-cache-index.ts(440,96): error TS1005: ';' expected.
sveltekit-frontend/src/lib/services/hierarchical-cache-index.ts(445,11): error TS1129: Statement expected.
sveltekit-frontend/src/lib/services/hierarchical-cache-index.ts(449,11): error TS1129: Statement expected.
sveltekit-frontend/src/lib/services/hierarchical-cache-index.ts(453,11): error TS1129: Statement expected.
sveltekit-frontend/src/lib/services/hierarchical-cache-index.ts(457,11): error TS1129: Statement expected.
sveltekit-frontend/src/lib/services/hierarchical-cache-index.ts(466,3): error TS1128: Declaration or statement expected.
sveltekit-frontend/src/lib/services/hierarchical-cache-index.ts(466,11): error TS1434: Unexpected keyword or identifier.
sveltekit-frontend/src/lib/services/hierarchical-cache-index.ts(466,34): error TS1005: ',' expected.
sveltekit-frontend/src/lib/services/hierarchical-cache-index.ts(466,60): error TS1005: ',' expected.
sveltekit-frontend/src/lib/services/hierarchical-cache-index.ts(466,70): error TS1005: ';' expected.
sveltekit-frontend/src/lib/services/hierarchical-cache-index.ts(466,84): error TS1109: Expression expected.
sveltekit-frontend/src/lib/services/hierarchical-cache-index.ts(467,21): error TS1005: ',' expected.
sveltekit-frontend/src/lib/services/hierarchical-cache-index.ts(467,43): error TS1005: ';' expected.
sveltekit-frontend/src/lib/services/hierarchical-cache-index.ts(467,51): error TS1109: Expression expected.
sveltekit-frontend/src/lib/services/hierarchical-cache-index.ts(474,3): error TS1128: Declaration or statement expected.
sveltekit-frontend/src/lib/services/hierarchical-cache-index.ts(478,3): error TS1128: Declaration or statement expected.
sveltekit-frontend/src/lib/services/hierarchical-cache-index.ts(478,11): error TS1434: Unexpected keyword or identifier.
sveltekit-frontend/src/lib/services/hierarchical-cache-index.ts(478,40): error TS1005: ',' expected.
sveltekit-frontend/src/lib/services/hierarchical-cache-index.ts(478,58): error TS1109: Expression expected.
sveltekit-frontend/src/lib/services/hierarchical-cache-index.ts(478,64): error TS1005: ';' expected.
sveltekit-frontend/src/lib/services/hierarchical-cache-index.ts(478,78): error TS1109: Expression expected.
sveltekit-frontend/src/lib/services/hierarchical-cache-index.ts(479,13): error TS1005: ',' expected.
sveltekit-frontend/src/lib/services/hierarchical-cache-index.ts(479,41): error TS1005: ':' expected.
sveltekit-frontend/src/lib/services/hierarchical-cache-index.ts(479,50): error TS1005: ',' expected.
sveltekit-frontend/src/lib/services/hierarchical-cache-index.ts(481,13): error TS1005: ',' expected.
sveltekit-frontend/src/lib/services/hierarchical-cache-index.ts(481,42): error TS1005: ',' expected.
sveltekit-frontend/src/lib/services/hierarchical-cache-index.ts(481,44): error TS1136: Property assignment expected.
sveltekit-frontend/src/lib/services/hierarchical-cache-index.ts(494,51): error TS1005: ')' expected.
sveltekit-frontend/src/lib/services/hierarchical-cache-index.ts(495,3): error TS1128: Declaration or statement expected.
sveltekit-frontend/src/lib/services/hierarchical-cache-index.ts(499,3): error TS1128: Declaration or statement expected.
sveltekit-frontend/src/lib/services/hierarchical-cache-index.ts(499,11): error TS1434: Unexpected keyword or identifier.
sveltekit-frontend/src/lib/services/hierarchical-cache-index.ts(499,49): error TS1005: ',' expected.
sveltekit-frontend/src/lib/services/hierarchical-cache-index.ts(499,63): error TS1005: ',' expected.
sveltekit-frontend/src/lib/services/hierarchical-cache-index.ts(499,76): error TS1128: Declaration or statement expected.
sveltekit-frontend/src/lib/services/hierarchical-cache-index.ts(499,77): error TS1128: Declaration or statement expected.
sveltekit-frontend/src/lib/services/hierarchical-cache-index.ts(499,78): error TS1128: Declaration or statement expected.
sveltekit-frontend/src/lib/services/hierarchical-cache-index.ts(499,95): error TS1011: An element access expression should take an argument.
sveltekit-frontend/src/lib/services/hierarchical-cache-index.ts(500,11): error TS1005: ':' expected.
sveltekit-frontend/src/lib/services/hierarchical-cache-index.ts(500,48): error TS1005: ',' expected.
sveltekit-frontend/src/lib/services/hierarchical-cache-index.ts(501,11): error TS1005: ':' expected.
sveltekit-frontend/src/lib/services/hierarchical-cache-index.ts(501,32): error TS1109: Expression expected.
sveltekit-frontend/src/lib/services/hierarchical-cache-index.ts(501,33): error TS1005: ':' expected.
sveltekit-frontend/src/lib/services/hierarchical-cache-index.ts(501,35): error TS1136: Property assignment expected.
sveltekit-frontend/src/lib/services/hierarchical-cache-index.ts(501,38): error TS1109: Expression expected.
sveltekit-frontend/src/lib/services/hierarchical-cache-index.ts(501,39): error TS1005: ':' expected.
sveltekit-frontend/src/lib/services/hierarchical-cache-index.ts(503,11): error TS1005: ':' expected.
sveltekit-frontend/src/lib/services/hierarchical-cache-index.ts(503,53): error TS1005: ',' expected.
sveltekit-frontend/src/lib/services/hierarchical-cache-index.ts(504,14): error TS1005: ',' expected.
sveltekit-frontend/src/lib/services/hierarchical-cache-index.ts(504,20): error TS1109: Expression expected.
sveltekit-frontend/src/lib/services/hierarchical-cache-index.ts(504,21): error TS1003: Identifier expected.
sveltekit-frontend/src/lib/services/hierarchical-cache-index.ts(504,22): error TS1138: Parameter declaration expected.
sveltekit-frontend/src/lib/services/hierarchical-cache-index.ts(504,28): error TS1005: ',' expected.
sveltekit-frontend/src/lib/services/hierarchical-cache-index.ts(504,34): error TS1434: Unexpected keyword or identifier.
sveltekit-frontend/src/lib/services/hierarchical-cache-index.ts(504,39): error TS1005: ';' expected.
sveltekit-frontend/src/lib/services/hierarchical-cache-index.ts(512,3): error TS1128: Declaration or statement expected.
sveltekit-frontend/src/lib/services/hierarchical-cache-index.ts(516,3): error TS1128: Declaration or statement expected.
sveltekit-frontend/src/lib/services/hierarchical-cache-index.ts(516,11): error TS1434: Unexpected keyword or identifier.
sveltekit-frontend/src/lib/services/hierarchical-cache-index.ts(516,40): error TS1005: ',' expected.
sveltekit-frontend/src/lib/services/hierarchical-cache-index.ts(516,58): error TS1005: ',' expected.
sveltekit-frontend/src/lib/services/hierarchical-cache-index.ts(516,65): error TS1005: ';' expected.
sveltekit-frontend/src/lib/services/hierarchical-cache-index.ts(516,82): error TS1011: An element access expression should take an argument.
sveltekit-frontend/src/lib/services/hierarchical-cache-index.ts(518,11): error TS1005: ':' expected.
sveltekit-frontend/src/lib/services/hierarchical-cache-index.ts(518,30): error TS1109: Expression expected.
sveltekit-frontend/src/lib/services/hierarchical-cache-index.ts(518,31): error TS1005: ':' expected.
sveltekit-frontend/src/lib/services/hierarchical-cache-index.ts(518,33): error TS1136: Property assignment expected.
sveltekit-frontend/src/lib/services/hierarchical-cache-index.ts(518,36): error TS1109: Expression expected.
sveltekit-frontend/src/lib/services/hierarchical-cache-index.ts(518,37): error TS1005: ':' expected.
sveltekit-frontend/src/lib/services/hierarchical-cache-index.ts(520,10): error TS1359: Identifier expected. 'const' is a reserved word that cannot be used here.
sveltekit-frontend/src/lib/services/hierarchical-cache-index.ts(520,16): error TS1005: ',' expected.
sveltekit-frontend/src/lib/services/hierarchical-cache-index.ts(520,36): error TS1005: ',' expected.
sveltekit-frontend/src/lib/services/hierarchical-cache-index.ts(520,41): error TS1005: ',' expected.
sveltekit-frontend/src/lib/services/hierarchical-cache-index.ts(520,59): error TS1005: '{' expected.
sveltekit-frontend/src/lib/services/hierarchical-cache-index.ts(520,61): error TS1136: Property assignment expected.
sveltekit-frontend/src/lib/services/hierarchical-cache-index.ts(529,3): error TS1128: Declaration or statement expected.
sveltekit-frontend/src/lib/services/hierarchical-cache-index.ts(533,3): error TS1128: Declaration or statement expected.
sveltekit-frontend/src/lib/services/hierarchical-cache-index.ts(533,38): error TS1005: ',' expected.
sveltekit-frontend/src/lib/services/hierarchical-cache-index.ts(533,53): error TS1005: ',' expected.
sveltekit-frontend/src/lib/services/hierarchical-cache-index.ts(533,63): error TS1005: ';' expected.
sveltekit-frontend/src/lib/services/hierarchical-cache-index.ts(533,65): error TS1434: Unexpected keyword or identifier.
sveltekit-frontend/src/lib/services/hierarchical-cache-index.ts(540,3): error TS1128: Declaration or statement expected.
sveltekit-frontend/src/lib/services/hierarchical-cache-index.ts(540,11): error TS1434: Unexpected keyword or identifier.
sveltekit-frontend/src/lib/services/hierarchical-cache-index.ts(540,45): error TS1005: ',' expected.
sveltekit-frontend/src/lib/services/hierarchical-cache-index.ts(540,54): error TS1005: ';' expected.
sveltekit-frontend/src/lib/services/hierarchical-cache-index.ts(540,71): error TS1011: An element access expression should take an argument.
sveltekit-frontend/src/lib/services/hierarchical-cache-index.ts(541,11): error TS1005: ':' expected.
sveltekit-frontend/src/lib/services/hierarchical-cache-index.ts(541,63): error TS1005: ',' expected.
sveltekit-frontend/src/lib/services/hierarchical-cache-index.ts(542,9): error TS1003: Identifier expected.
sveltekit-frontend/src/lib/services/hierarchical-cache-index.ts(542,20): error TS1005: '{' expected.
sveltekit-frontend/src/lib/services/hierarchical-cache-index.ts(542,29): error TS1005: ':' expected.
sveltekit-frontend/src/lib/services/hierarchical-cache-index.ts(542,31): error TS1005: ',' expected.
sveltekit-frontend/src/lib/services/hierarchical-cache-index.ts(543,11): error TS1005: ':' expected.
sveltekit-frontend/src/lib/services/hierarchical-cache-index.ts(543,30): error TS1109: Expression expected.
sveltekit-frontend/src/lib/services/hierarchical-cache-index.ts(543,31): error TS1005: ':' expected.
sveltekit-frontend/src/lib/services/hierarchical-cache-index.ts(543,33): error TS1136: Property assignment expected.
sveltekit-frontend/src/lib/services/hierarchical-cache-index.ts(543,36): error TS1109: Expression expected.
sveltekit-frontend/src/lib/services/hierarchical-cache-index.ts(543,37): error TS1005: ':' expected.
sveltekit-frontend/src/lib/services/hierarchical-cache-index.ts(544,11): error TS1005: ':' expected.
sveltekit-frontend/src/lib/services/hierarchical-cache-index.ts(544,26): error TS1005: ',' expected.
sveltekit-frontend/src/lib/services/hierarchical-cache-index.ts(545,10): error TS1359: Identifier expected. 'const' is a reserved word that cannot be used here.
sveltekit-frontend/src/lib/services/hierarchical-cache-index.ts(545,16): error TS1005: ',' expected.
sveltekit-frontend/src/lib/services/hierarchical-cache-index.ts(545,45): error TS1005: ',' expected.
sveltekit-frontend/src/lib/services/hierarchical-cache-index.ts(545,50): error TS1005: ',' expected.
sveltekit-frontend/src/lib/services/hierarchical-cache-index.ts(545,88): error TS1005: '{' expected.
sveltekit-frontend/src/lib/services/hierarchical-cache-index.ts(545,90): error TS1136: Property assignment expected.
sveltekit-frontend/src/lib/services/hierarchical-cache-index.ts(552,37): error TS1003: Identifier expected.
sveltekit-frontend/src/lib/services/hierarchical-cache-index.ts(555,3): error TS1128: Declaration or statement expected.
sveltekit-frontend/src/lib/services/hierarchical-cache-index.ts(559,3): error TS1128: Declaration or statement expected.
sveltekit-frontend/src/lib/services/hierarchical-cache-index.ts(559,29): error TS1005: ',' expected.
sveltekit-frontend/src/lib/services/hierarchical-cache-index.ts(559,46): error TS1005: ',' expected.
sveltekit-frontend/src/lib/services/hierarchical-cache-index.ts(559,61): error TS1005: ';' expected.
sveltekit-frontend/src/lib/services/hierarchical-cache-index.ts(559,63): error TS1434: Unexpected keyword or identifier.
sveltekit-frontend/src/lib/services/hierarchical-cache-index.ts(570,3): error TS1109: Expression expected.
sveltekit-frontend/src/lib/services/hierarchical-cache-index.ts(574,3): error TS1128: Declaration or statement expected.
sveltekit-frontend/src/lib/services/hierarchical-cache-index.ts(574,11): error TS1434: Unexpected keyword or identifier.
sveltekit-frontend/src/lib/services/hierarchical-cache-index.ts(574,39): error TS1005: ';' expected.
sveltekit-frontend/src/lib/services/hierarchical-cache-index.ts(574,53): error TS1109: Expression expected.
sveltekit-frontend/src/lib/services/hierarchical-cache-index.ts(575,11): error TS1005: ':' expected.
sveltekit-frontend/src/lib/services/hierarchical-cache-index.ts(575,22): error TS1109: Expression expected.
sveltekit-frontend/src/lib/services/hierarchical-cache-index.ts(575,25): error TS1005: ':' expected.
sveltekit-frontend/src/lib/services/hierarchical-cache-index.ts(576,11): error TS1005: ':' expected.
sveltekit-frontend/src/lib/services/hierarchical-cache-index.ts(576,58): error TS1005: ',' expected.
sveltekit-frontend/src/lib/services/hierarchical-cache-index.ts(577,10): error TS1359: Identifier expected. 'const' is a reserved word that cannot be used here.
sveltekit-frontend/src/lib/services/hierarchical-cache-index.ts(577,16): error TS1005: ',' expected.
sveltekit-frontend/src/lib/services/hierarchical-cache-index.ts(577,25): error TS1005: ',' expected.
sveltekit-frontend/src/lib/services/hierarchical-cache-index.ts(593,13): error TS1005: ',' expected.
sveltekit-frontend/src/lib/services/hierarchical-cache-index.ts(593,15): error TS1128: Declaration or statement expected.
sveltekit-frontend/src/lib/services/hierarchical-cache-index.ts(595,9): error TS1472: 'catch' or 'finally' expected.
sveltekit-frontend/src/lib/services/hierarchical-cache-index.ts(595,11): error TS1005: 'try' expected.
sveltekit-frontend/src/lib/services/hierarchical-cache-index.ts(600,3): error TS1128: Declaration or statement expected.
sveltekit-frontend/src/lib/services/hierarchical-cache-index.ts(604,3): error TS1128: Declaration or statement expected.
sveltekit-frontend/src/lib/services/hierarchical-cache-index.ts(604,11): error TS1434: Unexpected keyword or identifier.
sveltekit-frontend/src/lib/services/hierarchical-cache-index.ts(604,37): error TS1005: ',' expected.
sveltekit-frontend/src/lib/services/hierarchical-cache-index.ts(604,55): error TS1109: Expression expected.
sveltekit-frontend/src/lib/services/hierarchical-cache-index.ts(604,61): error TS1005: ';' expected.
sveltekit-frontend/src/lib/services/hierarchical-cache-index.ts(606,11): error TS1005: ':' expected.
sveltekit-frontend/src/lib/services/hierarchical-cache-index.ts(606,66): error TS1005: ',' expected.
sveltekit-frontend/src/lib/services/hierarchical-cache-index.ts(607,21): error TS1005: '{' expected.
sveltekit-frontend/src/lib/services/hierarchical-cache-index.ts(607,30): error TS1005: ':' expected.
sveltekit-frontend/src/lib/services/hierarchical-cache-index.ts(607,42): error TS1005: ',' expected.
sveltekit-frontend/src/lib/services/hierarchical-cache-index.ts(609,11): error TS1005: ',' expected.
sveltekit-frontend/src/lib/services/hierarchical-cache-index.ts(609,14): error TS1005: ':' expected.
sveltekit-frontend/src/lib/services/hierarchical-cache-index.ts(609,32): error TS1005: ',' expected.
sveltekit-frontend/src/lib/services/hierarchical-cache-index.ts(609,45): error TS1005: ',' expected.
sveltekit-frontend/src/lib/services/hierarchical-cache-index.ts(617,3): error TS1128: Declaration or statement expected.
sveltekit-frontend/src/lib/services/hierarchical-cache-index.ts(621,3): error TS1128: Declaration or statement expected.
sveltekit-frontend/src/lib/services/hierarchical-cache-index.ts(621,26): error TS1005: ',' expected.
sveltekit-frontend/src/lib/services/hierarchical-cache-index.ts(621,39): error TS1005: ';' expected.
sveltekit-frontend/src/lib/services/hierarchical-cache-index.ts(621,41): error TS1434: Unexpected keyword or identifier.
sveltekit-frontend/src/lib/services/hierarchical-cache-index.ts(628,3): error TS1128: Declaration or statement expected.
sveltekit-frontend/src/lib/services/hierarchical-cache-index.ts(628,30): error TS1005: ',' expected.
sveltekit-frontend/src/lib/services/hierarchical-cache-index.ts(628,36): error TS1005: ';' expected.
sveltekit-frontend/src/lib/services/hierarchical-cache-index.ts(628,38): error TS1434: Unexpected keyword or identifier.
sveltekit-frontend/src/lib/services/hierarchical-cache-index.ts(634,3): error TS1128: Declaration or statement expected.
sveltekit-frontend/src/lib/services/hierarchical-cache-index.ts(634,33): error TS1005: ';' expected.
sveltekit-frontend/src/lib/services/hierarchical-cache-index.ts(636,17): error TS1138: Parameter declaration expected.
sveltekit-frontend/src/lib/services/hierarchical-cache-index.ts(636,21): error TS1005: '(' expected.
sveltekit-frontend/src/lib/services/hierarchical-cache-index.ts(638,13): error TS1005: ';' expected.
sveltekit-frontend/src/lib/services/hierarchical-cache-index.ts(645,63): error TS1005: ')' expected.
sveltekit-frontend/src/lib/services/hierarchical-cache-index.ts(647,3): error TS1128: Declaration or statement expected.
sveltekit-frontend/src/lib/services/hierarchical-cache-index.ts(651,3): error TS1128: Declaration or statement expected.
sveltekit-frontend/src/lib/services/hierarchical-cache-index.ts(651,34): error TS1005: ';' expected.
sveltekit-frontend/src/lib/services/hierarchical-cache-index.ts(652,9): error TS1005: ',' expected.
sveltekit-frontend/src/lib/services/hierarchical-cache-index.ts(652,23): error TS1109: Expression expected.
sveltekit-frontend/src/lib/services/hierarchical-cache-index.ts(652,26): error TS1005: ':' expected.
sveltekit-frontend/src/lib/services/hierarchical-cache-index.ts(653,14): error TS1005: ',' expected.
sveltekit-frontend/src/lib/services/hierarchical-cache-index.ts(653,23): error TS1005: ',' expected.
sveltekit-frontend/src/lib/services/hierarchical-cache-index.ts(653,32): error TS1005: ',' expected.
sveltekit-frontend/src/lib/services/hierarchical-cache-index.ts(653,39): error TS1005: ',' expected.
sveltekit-frontend/src/lib/services/hierarchical-cache-index.ts(653,54): error TS1005: ',' expected.
sveltekit-frontend/src/lib/services/hierarchical-cache-index.ts(653,58): error TS1005: ',' expected.
sveltekit-frontend/src/lib/services/hierarchical-cache-index.ts(653,62): error TS1005: ',' expected.
sveltekit-frontend/src/lib/services/hierarchical-cache-index.ts(653,64): error TS1005: ';' expected.
sveltekit-frontend/src/lib/services/hierarchical-cache-index.ts(655,48): error TS1005: ')' expected.
sveltekit-frontend/src/lib/services/hierarchical-cache-index.ts(666,3): error TS1128: Declaration or statement expected.
sveltekit-frontend/src/lib/services/hierarchical-cache-index.ts(670,3): error TS1128: Declaration or statement expected.
sveltekit-frontend/src/lib/services/hierarchical-cache-index.ts(670,35): error TS1005: ';' expected.
sveltekit-frontend/src/lib/services/hierarchical-cache-index.ts(672,14): error TS1005: ',' expected.
sveltekit-frontend/src/lib/services/hierarchical-cache-index.ts(672,23): error TS1005: ',' expected.
sveltekit-frontend/src/lib/services/hierarchical-cache-index.ts(672,32): error TS1005: ',' expected.
sveltekit-frontend/src/lib/services/hierarchical-cache-index.ts(672,39): error TS1005: ',' expected.
sveltekit-frontend/src/lib/services/hierarchical-cache-index.ts(672,54): error TS1005: ',' expected.
sveltekit-frontend/src/lib/services/hierarchical-cache-index.ts(672,58): error TS1005: ',' expected.
sveltekit-frontend/src/lib/services/hierarchical-cache-index.ts(672,62): error TS1005: ',' expected.
sveltekit-frontend/src/lib/services/hierarchical-cache-index.ts(672,64): error TS1005: ';' expected.
sveltekit-frontend/src/lib/services/hierarchical-cache-index.ts(674,48): error TS1005: ')' expected.
sveltekit-frontend/src/lib/services/hierarchical-cache-index.ts(675,41): error TS1003: Identifier expected.
sveltekit-frontend/src/lib/services/hierarchical-cache-index.ts(684,42): error TS1109: Expression expected.
sveltekit-frontend/src/lib/services/hierarchical-cache-index.ts(688,3): error TS1128: Declaration or statement expected.
sveltekit-frontend/src/lib/services/hierarchical-cache-index.ts(692,18): error TS1005: ';' expected.
sveltekit-frontend/src/lib/services/hierarchical-cache-index.ts(695,14): error TS1005: ';' expected.
sveltekit-frontend/src/lib/services/hierarchical-cache-index.ts(696,16): error TS1005: ';' expected.
sveltekit-frontend/src/lib/services/hierarchical-cache-index.ts(697,15): error TS1005: ';' expected.
sveltekit-frontend/src/lib/services/hierarchical-cache-index.ts(699,15): error TS1005: ';' expected.
sveltekit-frontend/src/lib/services/hierarchical-cache-index.ts(700,15): error TS1005: ';' expected.
sveltekit-frontend/src/lib/services/hierarchical-cache-index.ts(701,5): error TS1109: Expression expected.
sveltekit-frontend/src/lib/services/hierarchical-cache-index.ts(704,44): error TS1005: ',' expected.
sveltekit-frontend/src/lib/services/hierarchical-cache-index.ts(706,47): error TS1109: Expression expected.
sveltekit-frontend/src/lib/services/hierarchical-cache-index.ts(707,89): error TS1109: Expression expected.
sveltekit-frontend/src/lib/services/hierarchical-cache-index.ts(707,90): error TS1128: Declaration or statement expected.
sveltekit-frontend/src/lib/services/hierarchical-cache-index.ts(707,93): error TS1005: ';' expected.
sveltekit-frontend/src/lib/services/hierarchical-cache-index.ts(714,8): error TS1005: ';' expected.
sveltekit-frontend/src/lib/services/hierarchical-cache-index.ts(715,6): error TS1128: Declaration or statement expected.
sveltekit-frontend/src/lib/services/hierarchical-cache-index.ts(728,3): error TS1128: Declaration or statement expected.
sveltekit-frontend/src/lib/services/index.ts(3,1): error TS1128: Declaration or statement expected.
sveltekit-frontend/src/lib/services/index.ts(22,12): error TS1109: Expression expected.
sveltekit-frontend/src/lib/services/index.ts(23,1): error TS1128: Declaration or statement expected.
sveltekit-frontend/src/lib/services/index.ts(23,2): error TS1128: Declaration or statement expected.
sveltekit-frontend/src/lib/services/index.ts(24,9): error TS1003: Identifier expected.
sveltekit-frontend/src/lib/services/index.ts(24,17): error TS1138: Parameter declaration expected.
sveltekit-frontend/src/lib/services/index.ts(24,33): error TS1005: ';' expected.
sveltekit-frontend/src/lib/services/index.ts(33,54): error TS1005: ')' expected.
sveltekit-frontend/src/lib/services/index.ts(39,1): error TS1128: Declaration or statement expected.
sveltekit-frontend/src/lib/services/instant-search-engine.ts(23,1): error TS1128: Declaration or statement expected.
sveltekit-frontend/src/lib/services/instant-search-engine.ts(43,1): error TS1128: Declaration or statement expected.
sveltekit-frontend/src/lib/services/instant-search-engine.ts(93,3): error TS1005: ',' expected.
sveltekit-frontend/src/lib/services/instant-search-engine.ts(152,72): error TS1005: ')' expected.
sveltekit-frontend/src/lib/services/instant-search-engine.ts(153,72): error TS1005: ')' expected.
sveltekit-frontend/src/lib/services/instant-search-engine.ts(246,32): error TS1005: ';' expected.
sveltekit-frontend/src/lib/services/instant-search-engine.ts(248,3): error TS1068: Unexpected token. A constructor, method, accessor, or property was expected.
sveltekit-frontend/src/lib/services/instant-search-engine.ts(248,4): error TS1068: Unexpected token. A constructor, method, accessor, or property was expected.
sveltekit-frontend/src/lib/services/instant-search-engine.ts(248,34): error TS1139: Type parameter declaration expected.
sveltekit-frontend/src/lib/services/instant-search-engine.ts(248,35): error TS1109: Expression expected.
sveltekit-frontend/src/lib/services/instant-search-engine.ts(248,36): error TS1109: Expression expected.
sveltekit-frontend/src/lib/services/instant-search-engine.ts(248,37): error TS1005: ';' expected.
sveltekit-frontend/src/lib/services/instant-search-engine.ts(249,11): error TS1005: ':' expected.
sveltekit-frontend/src/lib/services/instant-search-engine.ts(249,33): error TS1005: ',' expected.
sveltekit-frontend/src/lib/services/instant-search-engine.ts(250,11): error TS1005: ':' expected.
sveltekit-frontend/src/lib/services/instant-search-engine.ts(250,58): error TS1005: ',' expected.
sveltekit-frontend/src/lib/services/instant-search-engine.ts(252,9): error TS1003: Identifier expected.
sveltekit-frontend/src/lib/services/instant-search-engine.ts(252,17): error TS1138: Parameter declaration expected.
sveltekit-frontend/src/lib/services/instant-search-engine.ts(252,70): error TS1005: ';' expected.
sveltekit-frontend/src/lib/services/instant-search-engine.ts(252,73): error TS1109: Expression expected.
sveltekit-frontend/src/lib/services/instant-search-engine.ts(253,7): error TS1109: Expression expected.
sveltekit-frontend/src/lib/services/instant-search-engine.ts(290,68): error TS1005: ')' expected.
sveltekit-frontend/src/lib/services/instant-search-engine.ts(310,3): error TS1128: Declaration or statement expected.
sveltekit-frontend/src/lib/services/instant-search-engine.ts(311,3): error TS1128: Declaration or statement expected.
sveltekit-frontend/src/lib/services/instant-search-engine.ts(311,11): error TS1434: Unexpected keyword or identifier.
sveltekit-frontend/src/lib/services/instant-search-engine.ts(311,41): error TS1135: Argument expression expected.
sveltekit-frontend/src/lib/services/instant-search-engine.ts(311,54): error TS1005: ',' expected.
sveltekit-frontend/src/lib/services/instant-search-engine.ts(311,64): error TS1005: ';' expected.
sveltekit-frontend/src/lib/services/instant-search-engine.ts(311,78): error TS1109: Expression expected.
sveltekit-frontend/src/lib/services/instant-search-engine.ts(312,12): error TS1005: ':' expected.
sveltekit-frontend/src/lib/services/instant-search-engine.ts(324,7): error TS1005: ',' expected.
sveltekit-frontend/src/lib/services/instant-search-engine.ts(326,3): error TS1128: Declaration or statement expected.
sveltekit-frontend/src/lib/services/instant-search-engine.ts(326,11): error TS1434: Unexpected keyword or identifier.
sveltekit-frontend/src/lib/services/instant-search-engine.ts(329,3): error TS1128: Declaration or statement expected.
sveltekit-frontend/src/lib/services/instant-search-engine.ts(329,4): error TS1128: Declaration or statement expected.
sveltekit-frontend/src/lib/services/instant-search-engine.ts(329,34): error TS1011: An element access expression should take an argument.
sveltekit-frontend/src/lib/services/instant-search-engine.ts(330,9): error TS1003: Identifier expected.
sveltekit-frontend/src/lib/services/instant-search-engine.ts(330,14): error TS1005: ',' expected.
sveltekit-frontend/src/lib/services/instant-search-engine.ts(330,20): error TS1005: ',' expected.
sveltekit-frontend/src/lib/services/instant-search-engine.ts(330,22): error TS1136: Property assignment expected.
sveltekit-frontend/src/lib/services/instant-search-engine.ts(350,9): error TS1005: ')' expected.
sveltekit-frontend/src/lib/services/instant-search-engine.ts(355,3): error TS1128: Declaration or statement expected.
sveltekit-frontend/src/lib/services/instant-search-engine.ts(356,3): error TS1128: Declaration or statement expected.
sveltekit-frontend/src/lib/services/instant-search-engine.ts(356,47): error TS1135: Argument expression expected.
sveltekit-frontend/src/lib/services/instant-search-engine.ts(356,56): error TS1005: ';' expected.
sveltekit-frontend/src/lib/services/instant-search-engine.ts(356,58): error TS1434: Unexpected keyword or identifier.
sveltekit-frontend/src/lib/services/instant-search-engine.ts(365,83): error TS1005: ')' expected.
sveltekit-frontend/src/lib/services/instant-search-engine.ts(374,3): error TS1128: Declaration or statement expected.
sveltekit-frontend/src/lib/services/instant-search-engine.ts(374,11): error TS1434: Unexpected keyword or identifier.
sveltekit-frontend/src/lib/services/instant-search-engine.ts(377,3): error TS1128: Declaration or statement expected.
sveltekit-frontend/src/lib/services/instant-search-engine.ts(377,4): error TS1128: Declaration or statement expected.
sveltekit-frontend/src/lib/services/instant-search-engine.ts(377,34): error TS1011: An element access expression should take an argument.
sveltekit-frontend/src/lib/services/instant-search-engine.ts(378,9): error TS1005: ':' expected.
sveltekit-frontend/src/lib/services/instant-search-engine.ts(380,13): error TS1005: ':' expected.
sveltekit-frontend/src/lib/services/instant-search-engine.ts(383,36): error TS1136: Property assignment expected.
sveltekit-frontend/src/lib/services/instant-search-engine.ts(388,9): error TS1005: ',' expected.
sveltekit-frontend/src/lib/services/instant-search-engine.ts(389,11): error TS1003: Identifier expected.
sveltekit-frontend/src/lib/services/instant-search-engine.ts(389,12): error TS1138: Parameter declaration expected.
sveltekit-frontend/src/lib/services/instant-search-engine.ts(389,71): error TS1005: ',' expected.
sveltekit-frontend/src/lib/services/instant-search-engine.ts(389,73): error TS1136: Property assignment expected.
sveltekit-frontend/src/lib/services/instant-search-engine.ts(390,97): error TS1005: ';' expected.
sveltekit-frontend/src/lib/services/instant-search-engine.ts(390,98): error TS1005: ')' expected.
sveltekit-frontend/src/lib/services/instant-search-engine.ts(390,105): error TS1109: Expression expected.
sveltekit-frontend/src/lib/services/instant-search-engine.ts(390,112): error TS1128: Declaration or statement expected.
sveltekit-frontend/src/lib/services/instant-search-engine.ts(390,113): error TS1128: Declaration or statement expected.
sveltekit-frontend/src/lib/services/instant-search-engine.ts(390,114): error TS1434: Unexpected keyword or identifier.
sveltekit-frontend/src/lib/services/instant-search-engine.ts(390,124): error TS1128: Declaration or statement expected.
sveltekit-frontend/src/lib/services/instant-search-engine.ts(392,7): error TS1128: Declaration or statement expected.
sveltekit-frontend/src/lib/services/instant-search-engine.ts(398,177): error TS1136: Property assignment expected.
sveltekit-frontend/src/lib/services/instant-search-engine.ts(400,43): error TS1005: ',' expected.
sveltekit-frontend/src/lib/services/instant-search-engine.ts(411,9): error TS1005: ')' expected.
sveltekit-frontend/src/lib/services/instant-search-engine.ts(412,5): error TS1128: Declaration or statement expected.
sveltekit-frontend/src/lib/services/instant-search-engine.ts(412,7): error TS1005: 'try' expected.
sveltekit-frontend/src/lib/services/instant-search-engine.ts(416,3): error TS1128: Declaration or statement expected.
sveltekit-frontend/src/lib/services/instant-search-engine.ts(417,3): error TS1128: Declaration or statement expected.
sveltekit-frontend/src/lib/services/instant-search-engine.ts(418,39): error TS1011: An element access expression should take an argument.
sveltekit-frontend/src/lib/services/instant-search-engine.ts(419,42): error TS1011: An element access expression should take an argument.
sveltekit-frontend/src/lib/services/instant-search-engine.ts(420,3): error TS1128: Declaration or statement expected.
sveltekit-frontend/src/lib/services/instant-search-engine.ts(420,4): error TS1128: Declaration or statement expected.
sveltekit-frontend/src/lib/services/instant-search-engine.ts(420,26): error TS1011: An element access expression should take an argument.
sveltekit-frontend/src/lib/services/instant-search-engine.ts(422,11): error TS1005: ':' expected.
sveltekit-frontend/src/lib/services/instant-search-engine.ts(422,61): error TS1005: ',' expected.
sveltekit-frontend/src/lib/services/instant-search-engine.ts(424,10): error TS1359: Identifier expected. 'const' is a reserved word that cannot be used here.
sveltekit-frontend/src/lib/services/instant-search-engine.ts(424,16): error TS1005: ',' expected.
sveltekit-frontend/src/lib/services/instant-search-engine.ts(424,23): error TS1005: ',' expected.
sveltekit-frontend/src/lib/services/instant-search-engine.ts(424,26): error TS1005: ',' expected.
sveltekit-frontend/src/lib/services/instant-search-engine.ts(425,184): error TS1005: ';' expected.
sveltekit-frontend/src/lib/services/instant-search-engine.ts(425,185): error TS1005: ')' expected.
sveltekit-frontend/src/lib/services/instant-search-engine.ts(425,196): error TS1109: Expression expected.
sveltekit-frontend/src/lib/services/instant-search-engine.ts(425,203): error TS1005: ',' expected.
sveltekit-frontend/src/lib/services/instant-search-engine.ts(425,204): error TS1003: Identifier expected.
sveltekit-frontend/src/lib/services/instant-search-engine.ts(425,216): error TS1005: ',' expected.
sveltekit-frontend/src/lib/services/instant-search-engine.ts(425,217): error TS1136: Property assignment expected.
sveltekit-frontend/src/lib/services/instant-search-engine.ts(429,201): error TS1005: ';' expected.
sveltekit-frontend/src/lib/services/instant-search-engine.ts(429,202): error TS1005: ')' expected.
sveltekit-frontend/src/lib/services/instant-search-engine.ts(429,213): error TS1109: Expression expected.
sveltekit-frontend/src/lib/services/instant-search-engine.ts(429,220): error TS1128: Declaration or statement expected.
sveltekit-frontend/src/lib/services/instant-search-engine.ts(429,221): error TS1128: Declaration or statement expected.
sveltekit-frontend/src/lib/services/instant-search-engine.ts(429,222): error TS1434: Unexpected keyword or identifier.
sveltekit-frontend/src/lib/services/instant-search-engine.ts(429,224): error TS1128: Declaration or statement expected.
sveltekit-frontend/src/lib/services/instant-search-engine.ts(433,186): error TS1005: ';' expected.
sveltekit-frontend/src/lib/services/instant-search-engine.ts(433,187): error TS1005: ')' expected.
sveltekit-frontend/src/lib/services/instant-search-engine.ts(433,198): error TS1109: Expression expected.
sveltekit-frontend/src/lib/services/instant-search-engine.ts(433,205): error TS1128: Declaration or statement expected.
sveltekit-frontend/src/lib/services/instant-search-engine.ts(433,206): error TS1128: Declaration or statement expected.
sveltekit-frontend/src/lib/services/instant-search-engine.ts(440,10): error TS1005: ';' expected.
sveltekit-frontend/src/lib/services/instant-search-engine.ts(441,7): error TS1128: Declaration or statement expected.
sveltekit-frontend/src/lib/services/instant-search-engine.ts(441,9): error TS1128: Declaration or statement expected.
sveltekit-frontend/src/lib/services/instant-search-engine.ts(442,186): error TS1005: ';' expected.
sveltekit-frontend/src/lib/services/instant-search-engine.ts(442,187): error TS1005: ')' expected.
sveltekit-frontend/src/lib/services/instant-search-engine.ts(442,198): error TS1109: Expression expected.
sveltekit-frontend/src/lib/services/instant-search-engine.ts(442,205): error TS1128: Declaration or statement expected.
sveltekit-frontend/src/lib/services/instant-search-engine.ts(442,206): error TS1128: Declaration or statement expected.
sveltekit-frontend/src/lib/services/instant-search-engine.ts(442,218): error TS1005: ';' expected.
sveltekit-frontend/src/lib/services/instant-search-engine.ts(443,7): error TS1128: Declaration or statement expected.
sveltekit-frontend/src/lib/services/instant-search-engine.ts(444,5): error TS1128: Declaration or statement expected.
sveltekit-frontend/src/lib/services/instant-search-engine.ts(446,41): error TS1005: ')' expected.
sveltekit-frontend/src/lib/services/instant-search-engine.ts(447,7): error TS1128: Declaration or statement expected.
sveltekit-frontend/src/lib/services/instant-search-engine.ts(448,3): error TS1128: Declaration or statement expected.
sveltekit-frontend/src/lib/services/instant-search-engine.ts(449,3): error TS1128: Declaration or statement expected.
sveltekit-frontend/src/lib/services/instant-search-engine.ts(450,34): error TS1011: An element access expression should take an argument.
sveltekit-frontend/src/lib/services/instant-search-engine.ts(452,3): error TS1128: Declaration or statement expected.
sveltekit-frontend/src/lib/services/instant-search-engine.ts(452,4): error TS1128: Declaration or statement expected.
sveltekit-frontend/src/lib/services/instant-search-engine.ts(452,26): error TS1011: An element access expression should take an argument.
sveltekit-frontend/src/lib/services/instant-search-engine.ts(453,9): error TS1003: Identifier expected.
sveltekit-frontend/src/lib/services/instant-search-engine.ts(453,14): error TS1005: ',' expected.
sveltekit-frontend/src/lib/services/instant-search-engine.ts(453,42): error TS1005: ',' expected.
sveltekit-frontend/src/lib/services/instant-search-engine.ts(453,44): error TS1136: Property assignment expected.
sveltekit-frontend/src/lib/services/instant-search-engine.ts(458,22): error TS1005: ',' expected.
sveltekit-frontend/src/lib/services/instant-search-engine.ts(478,59): error TS1109: Expression expected.
sveltekit-frontend/src/lib/services/instant-search-engine.ts(481,9): error TS1128: Declaration or statement expected.
sveltekit-frontend/src/lib/services/instant-search-engine.ts(498,5): error TS1128: Declaration or statement expected.
sveltekit-frontend/src/lib/services/instant-search-engine.ts(498,6): error TS1128: Declaration or statement expected.
sveltekit-frontend/src/lib/services/instant-search-engine.ts(499,3): error TS1128: Declaration or statement expected.
sveltekit-frontend/src/lib/services/instant-search-engine.ts(500,3): error TS1128: Declaration or statement expected.
sveltekit-frontend/src/lib/services/instant-search-engine.ts(501,34): error TS1011: An element access expression should take an argument.
sveltekit-frontend/src/lib/services/instant-search-engine.ts(503,3): error TS1128: Declaration or statement expected.
sveltekit-frontend/src/lib/services/instant-search-engine.ts(503,4): error TS1128: Declaration or statement expected.
sveltekit-frontend/src/lib/services/instant-search-engine.ts(503,26): error TS1011: An element access expression should take an argument.
sveltekit-frontend/src/lib/services/instant-search-engine.ts(504,12): error TS1005: ':' expected.
sveltekit-frontend/src/lib/services/instant-search-engine.ts(504,54): error TS1005: ',' expected.
sveltekit-frontend/src/lib/services/instant-search-engine.ts(504,55): error TS1136: Property assignment expected.
sveltekit-frontend/src/lib/services/instant-search-engine.ts(504,57): error TS1136: Property assignment expected.
sveltekit-frontend/src/lib/services/instant-search-engine.ts(508,225): error TS1005: ';' expected.
sveltekit-frontend/src/lib/services/instant-search-engine.ts(508,226): error TS1005: ')' expected.
sveltekit-frontend/src/lib/services/instant-search-engine.ts(508,237): error TS1109: Expression expected.
sveltekit-frontend/src/lib/services/instant-search-engine.ts(508,243): error TS1128: Declaration or statement expected.
sveltekit-frontend/src/lib/services/instant-search-engine.ts(508,244): error TS1128: Declaration or statement expected.
sveltekit-frontend/src/lib/services/instant-search-engine.ts(508,245): error TS1128: Declaration or statement expected.
sveltekit-frontend/src/lib/services/instant-search-engine.ts(508,265): error TS1005: ';' expected.
sveltekit-frontend/src/lib/services/instant-search-engine.ts(508,266): error TS1128: Declaration or statement expected.
sveltekit-frontend/src/lib/services/instant-search-engine.ts(519,270): error TS1109: Expression expected.
sveltekit-frontend/src/lib/services/instant-search-engine.ts(520,9): error TS1109: Expression expected.
sveltekit-frontend/src/lib/services/instant-search-engine.ts(523,259): error TS1109: Expression expected.
sveltekit-frontend/src/lib/services/instant-search-engine.ts(524,9): error TS1109: Expression expected.
sveltekit-frontend/src/lib/services/instant-search-engine.ts(529,98): error TS1005: ')' expected.
sveltekit-frontend/src/lib/services/instant-search-engine.ts(535,5): error TS1128: Declaration or statement expected.
sveltekit-frontend/src/lib/services/instant-search-engine.ts(535,6): error TS1128: Declaration or statement expected.
sveltekit-frontend/src/lib/services/instant-search-engine.ts(536,3): error TS1128: Declaration or statement expected.
sveltekit-frontend/src/lib/services/instant-search-engine.ts(537,3): error TS1128: Declaration or statement expected.
sveltekit-frontend/src/lib/services/instant-search-engine.ts(537,40): error TS1135: Argument expression expected.
sveltekit-frontend/src/lib/services/instant-search-engine.ts(537,46): error TS1005: ';' expected.
sveltekit-frontend/src/lib/services/instant-search-engine.ts(537,48): error TS1434: Unexpected keyword or identifier.
sveltekit-frontend/src/lib/services/instant-search-engine.ts(551,3): error TS1128: Declaration or statement expected.
sveltekit-frontend/src/lib/services/instant-search-engine.ts(551,30): error TS1135: Argument expression expected.
sveltekit-frontend/src/lib/services/instant-search-engine.ts(551,42): error TS1005: ',' expected.
sveltekit-frontend/src/lib/services/instant-search-engine.ts(551,52): error TS1005: ';' expected.
sveltekit-frontend/src/lib/services/instant-search-engine.ts(551,54): error TS1434: Unexpected keyword or identifier.
sveltekit-frontend/src/lib/services/instant-search-engine.ts(554,3): error TS1128: Declaration or statement expected.
sveltekit-frontend/src/lib/services/instant-search-engine.ts(554,30): error TS1135: Argument expression expected.
sveltekit-frontend/src/lib/services/instant-search-engine.ts(554,48): error TS1005: ',' expected.
sveltekit-frontend/src/lib/services/instant-search-engine.ts(554,76): error TS1109: Expression expected.
sveltekit-frontend/src/lib/services/instant-search-engine.ts(554,77): error TS1109: Expression expected.
sveltekit-frontend/src/lib/services/instant-search-engine.ts(554,79): error TS1005: ';' expected.
sveltekit-frontend/src/lib/services/instant-search-engine.ts(554,81): error TS1434: Unexpected keyword or identifier.
sveltekit-frontend/src/lib/services/instant-search-engine.ts(566,3): error TS1128: Declaration or statement expected.
sveltekit-frontend/src/lib/services/instant-search-engine.ts(566,34): error TS1135: Argument expression expected.
sveltekit-frontend/src/lib/services/instant-search-engine.ts(566,52): error TS1005: ',' expected.
sveltekit-frontend/src/lib/services/instant-search-engine.ts(566,69): error TS1005: ';' expected.
sveltekit-frontend/src/lib/services/instant-search-engine.ts(566,71): error TS1434: Unexpected keyword or identifier.
sveltekit-frontend/src/lib/services/instant-search-engine.ts(570,49): error TS1109: Expression expected.
sveltekit-frontend/src/lib/services/instant-search-engine.ts(571,7): error TS1109: Expression expected.
sveltekit-frontend/src/lib/services/instant-search-engine.ts(572,40): error TS1109: Expression expected.
sveltekit-frontend/src/lib/services/instant-search-engine.ts(573,13): error TS1109: Expression expected.
sveltekit-frontend/src/lib/services/instant-search-engine.ts(577,3): error TS1128: Declaration or statement expected.
sveltekit-frontend/src/lib/services/instant-search-engine.ts(577,11): error TS1434: Unexpected keyword or identifier.
sveltekit-frontend/src/lib/services/instant-search-engine.ts(577,43): error TS1135: Argument expression expected.
sveltekit-frontend/src/lib/services/instant-search-engine.ts(577,52): error TS1005: ';' expected.
sveltekit-frontend/src/lib/services/instant-search-engine.ts(577,82): error TS1011: An element access expression should take an argument.
sveltekit-frontend/src/lib/services/instant-search-engine.ts(578,9): error TS1005: ':' expected.
sveltekit-frontend/src/lib/services/instant-search-engine.ts(579,13): error TS1005: ':' expected.
sveltekit-frontend/src/lib/services/instant-search-engine.ts(579,56): error TS1005: ',' expected.
sveltekit-frontend/src/lib/services/instant-search-engine.ts(587,7): error TS1005: ',' expected.
sveltekit-frontend/src/lib/services/instant-search-engine.ts(590,5): error TS1005: ',' expected.
sveltekit-frontend/src/lib/services/instant-search-engine.ts(590,12): error TS1005: ':' expected.
sveltekit-frontend/src/lib/services/instant-search-engine.ts(590,17): error TS1005: ',' expected.
sveltekit-frontend/src/lib/services/instant-search-engine.ts(592,3): error TS1128: Declaration or statement expected.
sveltekit-frontend/src/lib/services/instant-search-engine.ts(592,11): error TS1434: Unexpected keyword or identifier.
sveltekit-frontend/src/lib/services/instant-search-engine.ts(592,39): error TS1135: Argument expression expected.
sveltekit-frontend/src/lib/services/instant-search-engine.ts(592,57): error TS1005: ',' expected.
sveltekit-frontend/src/lib/services/instant-search-engine.ts(592,79): error TS1109: Expression expected.
sveltekit-frontend/src/lib/services/instant-search-engine.ts(592,80): error TS1109: Expression expected.
sveltekit-frontend/src/lib/services/instant-search-engine.ts(592,82): error TS1005: ';' expected.
sveltekit-frontend/src/lib/services/instant-search-engine.ts(592,96): error TS1109: Expression expected.
sveltekit-frontend/src/lib/services/instant-search-engine.ts(593,9): error TS1005: ':' expected.
sveltekit-frontend/src/lib/services/instant-search-engine.ts(594,13): error TS1005: ',' expected.
sveltekit-frontend/src/lib/services/instant-search-engine.ts(594,28): error TS1005: ',' expected.
sveltekit-frontend/src/lib/services/instant-search-engine.ts(594,91): error TS1005: ',' expected.
sveltekit-frontend/src/lib/services/instant-search-engine.ts(595,7): error TS1005: ',' expected.
sveltekit-frontend/src/lib/services/instant-search-engine.ts(599,3): error TS1128: Declaration or statement expected.
sveltekit-frontend/src/lib/services/instant-search-engine.ts(599,34): error TS1135: Argument expression expected.
sveltekit-frontend/src/lib/services/instant-search-engine.ts(599,57): error TS1005: ',' expected.
sveltekit-frontend/src/lib/services/instant-search-engine.ts(599,67): error TS1005: ';' expected.
sveltekit-frontend/src/lib/services/instant-search-engine.ts(600,9): error TS1005: ':' expected.
sveltekit-frontend/src/lib/services/instant-search-engine.ts(600,48): error TS1005: ',' expected.
sveltekit-frontend/src/lib/services/instant-search-engine.ts(601,13): error TS1005: ',' expected.
sveltekit-frontend/src/lib/services/instant-search-engine.ts(601,48): error TS1005: ':' expected.
sveltekit-frontend/src/lib/services/instant-search-engine.ts(601,50): error TS1136: Property assignment expected.
sveltekit-frontend/src/lib/services/instant-search-engine.ts(622,3): error TS1128: Declaration or statement expected.
sveltekit-frontend/src/lib/services/instant-search-engine.ts(623,3): error TS1128: Declaration or statement expected.
sveltekit-frontend/src/lib/services/instant-search-engine.ts(623,28): error TS1135: Argument expression expected.
sveltekit-frontend/src/lib/services/instant-search-engine.ts(623,37): error TS1005: ';' expected.
sveltekit-frontend/src/lib/services/instant-search-engine.ts(624,11): error TS1005: ':' expected.
sveltekit-frontend/src/lib/services/instant-search-engine.ts(624,55): error TS1005: ',' expected.
sveltekit-frontend/src/lib/services/instant-search-engine.ts(625,11): error TS1005: ':' expected.
sveltekit-frontend/src/lib/services/instant-search-engine.ts(625,67): error TS1109: Expression expected.
sveltekit-frontend/src/lib/services/instant-search-engine.ts(625,70): error TS1005: ':' expected.
sveltekit-frontend/src/lib/services/instant-search-engine.ts(626,9): error TS1005: ':' expected.
sveltekit-frontend/src/lib/services/instant-search-engine.ts(626,61): error TS1005: ',' expected.
sveltekit-frontend/src/lib/services/instant-search-engine.ts(628,9): error TS1005: ':' expected.
sveltekit-frontend/src/lib/services/instant-search-engine.ts(631,50): error TS1005: ')' expected.
sveltekit-frontend/src/lib/services/instant-search-engine.ts(634,20): error TS1109: Expression expected.
sveltekit-frontend/src/lib/services/instant-search-engine.ts(634,22): error TS1434: Unexpected keyword or identifier.
sveltekit-frontend/src/lib/services/instant-search-engine.ts(637,3): error TS1434: Unexpected keyword or identifier.
sveltekit-frontend/src/lib/services/instant-search-engine.ts(637,22): error TS1109: Expression expected.
sveltekit-frontend/src/lib/services/instant-search-engine.ts(637,36): error TS1109: Expression expected.
sveltekit-frontend/src/lib/services/instant-search-engine.ts(638,11): error TS1005: ',' expected.
sveltekit-frontend/src/lib/services/instant-search-engine.ts(638,26): error TS1005: ',' expected.
sveltekit-frontend/src/lib/services/instant-search-engine.ts(638,33): error TS1136: Property assignment expected.
sveltekit-frontend/src/lib/services/instant-search-engine.ts(639,13): error TS1109: Expression expected.
sveltekit-frontend/src/lib/services/instant-search-engine.ts(640,3): error TS1128: Declaration or statement expected.
sveltekit-frontend/src/lib/services/instant-search-engine.ts(641,3): error TS1434: Unexpected keyword or identifier.
sveltekit-frontend/src/lib/services/instant-search-engine.ts(641,19): error TS1109: Expression expected.
sveltekit-frontend/src/lib/services/instant-search-engine.ts(641,33): error TS1109: Expression expected.
sveltekit-frontend/src/lib/services/instant-search-engine.ts(643,10): error TS1359: Identifier expected. 'const' is a reserved word that cannot be used here.
sveltekit-frontend/src/lib/services/instant-search-engine.ts(643,16): error TS1005: ',' expected.
sveltekit-frontend/src/lib/services/instant-search-engine.ts(643,27): error TS1005: ',' expected.
sveltekit-frontend/src/lib/services/instant-search-engine.ts(643,32): error TS1005: ',' expected.
sveltekit-frontend/src/lib/services/instant-search-engine.ts(643,57): error TS1005: '{' expected.
sveltekit-frontend/src/lib/services/instant-search-engine.ts(643,59): error TS1136: Property assignment expected.
sveltekit-frontend/src/lib/services/instant-search-engine.ts(654,3): error TS1128: Declaration or statement expected.
sveltekit-frontend/src/lib/services/instant-search-engine.ts(655,1): error TS1128: Declaration or statement expected.
sveltekit-frontend/src/lib/services/job-tracker.ts(27,1): error TS1131: Property or signature expected.
sveltekit-frontend/src/lib/services/job-tracker.ts(111,7): error TS1128: Declaration or statement expected.
sveltekit-frontend/src/lib/services/job-tracker.ts(138,48): error TS1109: Expression expected.
sveltekit-frontend/src/lib/services/job-tracker.ts(140,5): error TS1128: Declaration or statement expected.
sveltekit-frontend/src/lib/services/job-tracker.ts(142,7): error TS1128: Declaration or statement expected.
sveltekit-frontend/src/lib/services/job-tracker.ts(142,112): error TS1109: Expression expected.
sveltekit-frontend/src/lib/services/job-tracker.ts(146,7): error TS1128: Declaration or statement expected.
sveltekit-frontend/src/lib/services/job-tracker.ts(146,56): error TS1109: Expression expected.
sveltekit-frontend/src/lib/services/job-tracker.ts(225,9): error TS1128: Declaration or statement expected.
sveltekit-frontend/src/lib/services/job-tracker.ts(244,7): error TS1128: Declaration or statement expected.
sveltekit-frontend/src/lib/services/job-tracker.ts(276,98): error TS1005: ')' expected.
sveltekit-frontend/src/lib/services/keyboard-shortcuts-service.ts(9,1): error TS1128: Declaration or statement expected.
sveltekit-frontend/src/lib/services/keyboard-shortcuts-service.ts(24,1): error TS1128: Declaration or statement expected.
sveltekit-frontend/src/lib/services/keyboard-shortcuts-service.ts(32,1): error TS1128: Declaration or statement expected.
sveltekit-frontend/src/lib/services/keyboard-shortcuts-service.ts(213,21): error TS1005: ',' expected.
sveltekit-frontend/src/lib/services/keyboard-shortcuts-service.ts(248,71): error TS1005: ')' expected.
sveltekit-frontend/src/lib/services/keyboard-shortcuts-service.ts(288,44): error TS1109: Expression expected.
sveltekit-frontend/src/lib/services/keyboard-shortcuts-service.ts(329,8): error TS1005: ';' expected.
sveltekit-frontend/src/lib/services/keyboard-shortcuts-service.ts(341,8): error TS1005: ';' expected.
sveltekit-frontend/src/lib/services/keyboard-shortcuts-service.ts(345,8): error TS1005: ';' expected.
sveltekit-frontend/src/lib/services/keyboard-shortcuts-service.ts(366,49): error TS1005: ',' expected.
sveltekit-frontend/src/lib/services/keyboard-shortcuts-service.ts(369,6): error TS1068: Unexpected token. A constructor, method, accessor, or property was expected.
sveltekit-frontend/src/lib/services/keyboard-shortcuts-service.ts(372,3): error TS1128: Declaration or statement expected.
sveltekit-frontend/src/lib/services/keyboard-shortcuts-service.ts(372,25): error TS1135: Argument expression expected.
sveltekit-frontend/src/lib/services/keyboard-shortcuts-service.ts(377,3): error TS1128: Declaration or statement expected.
sveltekit-frontend/src/lib/services/keyboard-shortcuts-service.ts(380,63): error TS1005: ')' expected.
sveltekit-frontend/src/lib/services/keyboard-shortcuts-service.ts(383,3): error TS1128: Declaration or statement expected.
sveltekit-frontend/src/lib/services/keyboard-shortcuts-service.ts(383,11): error TS1434: Unexpected keyword or identifier.
sveltekit-frontend/src/lib/services/keyboard-shortcuts-service.ts(386,67): error TS1005: ')' expected.
sveltekit-frontend/src/lib/services/keyboard-shortcuts-service.ts(389,3): error TS1128: Declaration or statement expected.
sveltekit-frontend/src/lib/services/keyboard-shortcuts-service.ts(389,11): error TS1434: Unexpected keyword or identifier.
sveltekit-frontend/src/lib/services/keyboard-shortcuts-service.ts(392,69): error TS1005: ')' expected.
sveltekit-frontend/src/lib/services/keyboard-shortcuts-service.ts(395,3): error TS1128: Declaration or statement expected.
sveltekit-frontend/src/lib/services/keyboard-shortcuts-service.ts(396,9): error TS1005: ':' expected.
sveltekit-frontend/src/lib/services/keyboard-shortcuts-service.ts(396,32): error TS1005: ',' expected.
sveltekit-frontend/src/lib/services/keyboard-shortcuts-service.ts(398,3): error TS1128: Declaration or statement expected.
sveltekit-frontend/src/lib/services/keyboard-shortcuts-service.ts(400,65): error TS1005: ')' expected.
sveltekit-frontend/src/lib/services/keyboard-shortcuts-service.ts(403,3): error TS1128: Declaration or statement expected.
sveltekit-frontend/src/lib/services/keyboard-shortcuts-service.ts(405,64): error TS1005: ')' expected.
sveltekit-frontend/src/lib/services/keyboard-shortcuts-service.ts(408,3): error TS1128: Declaration or statement expected.
sveltekit-frontend/src/lib/services/keyboard-shortcuts-service.ts(410,61): error TS1005: ')' expected.
sveltekit-frontend/src/lib/services/keyboard-shortcuts-service.ts(413,3): error TS1128: Declaration or statement expected.
sveltekit-frontend/src/lib/services/keyboard-shortcuts-service.ts(415,69): error TS1005: ')' expected.
sveltekit-frontend/src/lib/services/keyboard-shortcuts-service.ts(418,3): error TS1128: Declaration or statement expected.
sveltekit-frontend/src/lib/services/keyboard-shortcuts-service.ts(420,67): error TS1005: ')' expected.
sveltekit-frontend/src/lib/services/keyboard-shortcuts-service.ts(423,3): error TS1128: Declaration or statement expected.
sveltekit-frontend/src/lib/services/keyboard-shortcuts-service.ts(424,9): error TS1005: ':' expected.
sveltekit-frontend/src/lib/services/keyboard-shortcuts-service.ts(424,31): error TS1005: ',' expected.
sveltekit-frontend/src/lib/services/keyboard-shortcuts-service.ts(426,3): error TS1128: Declaration or statement expected.
sveltekit-frontend/src/lib/services/keyboard-shortcuts-service.ts(426,11): error TS1434: Unexpected keyword or identifier.
sveltekit-frontend/src/lib/services/keyboard-shortcuts-service.ts(427,13): error TS1005: ',' expected.
sveltekit-frontend/src/lib/services/keyboard-shortcuts-service.ts(427,28): error TS1005: ',' expected.
sveltekit-frontend/src/lib/services/keyboard-shortcuts-service.ts(427,30): error TS1136: Property assignment expected.
sveltekit-frontend/src/lib/services/keyboard-shortcuts-service.ts(429,7): error TS1128: Declaration or statement expected.
sveltekit-frontend/src/lib/services/keyboard-shortcuts-service.ts(433,3): error TS1128: Declaration or statement expected.
sveltekit-frontend/src/lib/services/keyboard-shortcuts-service.ts(434,3): error TS1128: Declaration or statement expected.
sveltekit-frontend/src/lib/services/keyboard-shortcuts-service.ts(435,9): error TS1005: ':' expected.
sveltekit-frontend/src/lib/services/keyboard-shortcuts-service.ts(435,37): error TS1005: ',' expected.
sveltekit-frontend/src/lib/services/keyboard-shortcuts-service.ts(436,12): error TS1005: ',' expected.
sveltekit-frontend/src/lib/services/keyboard-shortcuts-service.ts(436,55): error TS1005: ',' expected.
sveltekit-frontend/src/lib/services/keyboard-shortcuts-service.ts(438,3): error TS1128: Declaration or statement expected.
sveltekit-frontend/src/lib/services/keyboard-shortcuts-service.ts(440,67): error TS1005: ')' expected.
sveltekit-frontend/src/lib/services/keyboard-shortcuts-service.ts(443,3): error TS1128: Declaration or statement expected.
sveltekit-frontend/src/lib/services/keyboard-shortcuts-service.ts(444,11): error TS1005: ':' expected.
sveltekit-frontend/src/lib/services/keyboard-shortcuts-service.ts(444,57): error TS1005: ')' expected.
sveltekit-frontend/src/lib/services/keyboard-shortcuts-service.ts(445,9): error TS1005: ':' expected.
sveltekit-frontend/src/lib/services/keyboard-shortcuts-service.ts(445,39): error TS1005: ',' expected.
sveltekit-frontend/src/lib/services/keyboard-shortcuts-service.ts(447,11): error TS1005: ':' expected.
sveltekit-frontend/src/lib/services/keyboard-shortcuts-service.ts(447,64): error TS1005: ',' expected.
sveltekit-frontend/src/lib/services/keyboard-shortcuts-service.ts(448,9): error TS1005: ':' expected.
sveltekit-frontend/src/lib/services/keyboard-shortcuts-service.ts(448,41): error TS1005: ',' expected.
sveltekit-frontend/src/lib/services/keyboard-shortcuts-service.ts(450,3): error TS1128: Declaration or statement expected.
sveltekit-frontend/src/lib/services/keyboard-shortcuts-service.ts(450,46): error TS1135: Argument expression expected.
sveltekit-frontend/src/lib/services/keyboard-shortcuts-service.ts(450,65): error TS1011: An element access expression should take an argument.
sveltekit-frontend/src/lib/services/keyboard-shortcuts-service.ts(450,67): error TS1005: ';' expected.
sveltekit-frontend/src/lib/services/keyboard-shortcuts-service.ts(450,86): error TS1109: Expression expected.
sveltekit-frontend/src/lib/services/keyboard-shortcuts-service.ts(450,87): error TS1109: Expression expected.
sveltekit-frontend/src/lib/services/keyboard-shortcuts-service.ts(450,89): error TS1005: ';' expected.
sveltekit-frontend/src/lib/services/keyboard-shortcuts-service.ts(463,7): error TS1005: ')' expected.
sveltekit-frontend/src/lib/services/keyboard-shortcuts-service.ts(465,3): error TS1128: Declaration or statement expected.
sveltekit-frontend/src/lib/services/keyboard-shortcuts-service.ts(465,36): error TS1135: Argument expression expected.
sveltekit-frontend/src/lib/services/keyboard-shortcuts-service.ts(465,45): error TS1005: ';' expected.
sveltekit-frontend/src/lib/services/keyboard-shortcuts-service.ts(465,47): error TS1434: Unexpected keyword or identifier.
sveltekit-frontend/src/lib/services/keyboard-shortcuts-service.ts(477,3): error TS1128: Declaration or statement expected.
sveltekit-frontend/src/lib/services/keyboard-shortcuts-service.ts(477,25): error TS1135: Argument expression expected.
sveltekit-frontend/src/lib/services/keyboard-shortcuts-service.ts(477,34): error TS1005: ';' expected.
sveltekit-frontend/src/lib/services/keyboard-shortcuts-service.ts(477,66): error TS1005: ';' expected.
sveltekit-frontend/src/lib/services/keyboard-shortcuts-service.ts(480,3): error TS1128: Declaration or statement expected.
sveltekit-frontend/src/lib/services/keyboard-shortcuts-service.ts(480,28): error TS1135: Argument expression expected.
sveltekit-frontend/src/lib/services/keyboard-shortcuts-service.ts(481,11): error TS1005: ':' expected.
sveltekit-frontend/src/lib/services/keyboard-shortcuts-service.ts(481,44): error TS1005: ',' expected.
sveltekit-frontend/src/lib/services/keyboard-shortcuts-service.ts(487,3): error TS1128: Declaration or statement expected.
sveltekit-frontend/src/lib/services/keyboard-shortcuts-service.ts(487,29): error TS1135: Argument expression expected.
sveltekit-frontend/src/lib/services/keyboard-shortcuts-service.ts(488,11): error TS1005: ':' expected.
sveltekit-frontend/src/lib/services/keyboard-shortcuts-service.ts(488,44): error TS1005: ',' expected.
sveltekit-frontend/src/lib/services/keyboard-shortcuts-service.ts(494,3): error TS1128: Declaration or statement expected.
sveltekit-frontend/src/lib/services/keyboard-shortcuts-service.ts(494,29): error TS1109: Expression expected.
sveltekit-frontend/src/lib/services/keyboard-shortcuts-service.ts(494,38): error TS1011: An element access expression should take an argument.
sveltekit-frontend/src/lib/services/keyboard-shortcuts-service.ts(495,12): error TS1005: ':' expected.
sveltekit-frontend/src/lib/services/keyboard-shortcuts-service.ts(495,35): error TS1005: ',' expected.
sveltekit-frontend/src/lib/services/keyboard-shortcuts-service.ts(497,3): error TS1128: Declaration or statement expected.
sveltekit-frontend/src/lib/services/keyboard-shortcuts-service.ts(497,41): error TS1135: Argument expression expected.
sveltekit-frontend/src/lib/services/keyboard-shortcuts-service.ts(497,50): error TS1005: ';' expected.
sveltekit-frontend/src/lib/services/keyboard-shortcuts-service.ts(497,69): error TS1109: Expression expected.
sveltekit-frontend/src/lib/services/keyboard-shortcuts-service.ts(497,70): error TS1109: Expression expected.
sveltekit-frontend/src/lib/services/keyboard-shortcuts-service.ts(497,72): error TS1005: ';' expected.
sveltekit-frontend/src/lib/services/keyboard-shortcuts-service.ts(498,66): error TS1109: Expression expected.
sveltekit-frontend/src/lib/services/keyboard-shortcuts-service.ts(500,5): error TS1128: Declaration or statement expected.
sveltekit-frontend/src/lib/services/keyboard-shortcuts-service.ts(503,3): error TS1128: Declaration or statement expected.
sveltekit-frontend/src/lib/services/keyboard-shortcuts-service.ts(503,34): error TS1135: Argument expression expected.
sveltekit-frontend/src/lib/services/keyboard-shortcuts-service.ts(503,53): error TS1005: ';' expected.
sveltekit-frontend/src/lib/services/keyboard-shortcuts-service.ts(503,55): error TS1434: Unexpected keyword or identifier.
sveltekit-frontend/src/lib/services/keyboard-shortcuts-service.ts(509,76): error TS1005: ')' expected.
sveltekit-frontend/src/lib/services/keyboard-shortcuts-service.ts(512,1): error TS1128: Declaration or statement expected.
sveltekit-frontend/src/lib/services/kmeans-clustering.ts(35,5): error TS1109: Expression expected.
sveltekit-frontend/src/lib/services/kmeans-clustering.ts(36,45): error TS1109: Expression expected.
sveltekit-frontend/src/lib/services/kmeans-clustering.ts(37,7): error TS1109: Expression expected.
sveltekit-frontend/src/lib/services/kmeans-clustering.ts(39,7): error TS1109: Expression expected.
sveltekit-frontend/src/lib/services/kmeans-clustering.ts(44,10): error TS1109: Expression expected.
sveltekit-frontend/src/lib/services/kmeans-clustering.ts(46,45): error TS1109: Expression expected.
sveltekit-frontend/src/lib/services/kmeans-clustering.ts(48,5): error TS1128: Declaration or statement expected.
sveltekit-frontend/src/lib/services/kmeans-clustering.ts(72,5): error TS1109: Expression expected.
sveltekit-frontend/src/lib/services/kmeans-clustering.ts(90,54): error TS1109: Expression expected.
sveltekit-frontend/src/lib/services/kmeans-clustering.ts(91,7): error TS1109: Expression expected.
sveltekit-frontend/src/lib/services/kmeans-clustering.ts(92,36): error TS1109: Expression expected.
sveltekit-frontend/src/lib/services/kmeans-clustering.ts(93,22): error TS1109: Expression expected.
sveltekit-frontend/src/lib/services/kmeans-clustering.ts(121,48): error TS1109: Expression expected.
sveltekit-frontend/src/lib/services/kmeans-clustering.ts(121,49): error TS1109: Expression expected.
sveltekit-frontend/src/lib/services/kmeans-clustering.ts(133,38): error TS1109: Expression expected.
sveltekit-frontend/src/lib/services/kmeans-clustering.ts(134,31): error TS1109: Expression expected.
sveltekit-frontend/src/lib/services/kmeans-clustering.ts(143,48): error TS1109: Expression expected.
sveltekit-frontend/src/lib/services/kmeans-clustering.ts(144,9): error TS1109: Expression expected.
sveltekit-frontend/src/lib/services/kmeans-clustering.ts(157,56): error TS1109: Expression expected.
sveltekit-frontend/src/lib/services/kmeans-clustering.ts(158,9): error TS1109: Expression expected.
sveltekit-frontend/src/lib/services/kmeans-clustering.ts(159,38): error TS1109: Expression expected.
sveltekit-frontend/src/lib/services/kmeans-clustering.ts(160,24): error TS1109: Expression expected.
sveltekit-frontend/src/lib/services/kmeans-clustering.ts(172,46): error TS1109: Expression expected.
sveltekit-frontend/src/lib/services/kmeans-clustering.ts(173,7): error TS1109: Expression expected.
sveltekit-frontend/src/lib/services/kmeans-clustering.ts(185,47): error TS1109: Expression expected.
sveltekit-frontend/src/lib/services/kmeans-clustering.ts(186,27): error TS1109: Expression expected.
sveltekit-frontend/src/lib/services/kmeans-clustering.ts(189,45): error TS1109: Expression expected.
sveltekit-frontend/src/lib/services/kmeans-clustering.ts(190,25): error TS1161: Unterminated regular expression literal.
sveltekit-frontend/src/lib/services/kmeans-clustering.ts(202,3): error TS1068: Unexpected token. A constructor, method, accessor, or property was expected.
sveltekit-frontend/src/lib/services/kmeans-clustering.ts(202,4): error TS1068: Unexpected token. A constructor, method, accessor, or property was expected.
sveltekit-frontend/src/lib/services/kmeans-clustering.ts(202,6): error TS1068: Unexpected token. A constructor, method, accessor, or property was expected.
sveltekit-frontend/src/lib/services/kmeans-clustering.ts(205,53): error TS1109: Expression expected.
sveltekit-frontend/src/lib/services/kmeans-clustering.ts(205,54): error TS1109: Expression expected.
sveltekit-frontend/src/lib/services/kmeans-clustering.ts(211,48): error TS1109: Expression expected.
sveltekit-frontend/src/lib/services/kmeans-clustering.ts(212,3): error TS1109: Expression expected.
sveltekit-frontend/src/lib/services/kmeans-clustering.ts(216,3): error TS1128: Declaration or statement expected.
sveltekit-frontend/src/lib/services/kmeans-clustering.ts(216,47): error TS1135: Argument expression expected.
sveltekit-frontend/src/lib/services/kmeans-clustering.ts(216,56): error TS1011: An element access expression should take an argument.
sveltekit-frontend/src/lib/services/kmeans-clustering.ts(216,58): error TS1011: An element access expression should take an argument.
sveltekit-frontend/src/lib/services/kmeans-clustering.ts(216,60): error TS1005: ';' expected.
sveltekit-frontend/src/lib/services/kmeans-clustering.ts(216,62): error TS1434: Unexpected keyword or identifier.
sveltekit-frontend/src/lib/services/kmeans-clustering.ts(218,50): error TS1109: Expression expected.
sveltekit-frontend/src/lib/services/kmeans-clustering.ts(219,7): error TS1109: Expression expected.
sveltekit-frontend/src/lib/services/kmeans-clustering.ts(229,3): error TS1128: Declaration or statement expected.
sveltekit-frontend/src/lib/services/kmeans-clustering.ts(230,24): error TS1011: An element access expression should take an argument.
sveltekit-frontend/src/lib/services/kmeans-clustering.ts(230,26): error TS1011: An element access expression should take an argument.
sveltekit-frontend/src/lib/services/kmeans-clustering.ts(232,3): error TS1128: Declaration or statement expected.
sveltekit-frontend/src/lib/services/kmeans-clustering.ts(232,4): error TS1128: Declaration or statement expected.
sveltekit-frontend/src/lib/services/kmeans-clustering.ts(232,6): error TS1434: Unexpected keyword or identifier.
sveltekit-frontend/src/lib/services/kmeans-clustering.ts(238,51): error TS1109: Expression expected.
sveltekit-frontend/src/lib/services/kmeans-clustering.ts(240,5): error TS1109: Expression expected.
sveltekit-frontend/src/lib/services/kmeans-clustering.ts(246,3): error TS1128: Declaration or statement expected.
sveltekit-frontend/src/lib/services/kmeans-clustering.ts(247,24): error TS1011: An element access expression should take an argument.
sveltekit-frontend/src/lib/services/kmeans-clustering.ts(247,26): error TS1011: An element access expression should take an argument.
sveltekit-frontend/src/lib/services/kmeans-clustering.ts(249,3): error TS1128: Declaration or statement expected.
sveltekit-frontend/src/lib/services/kmeans-clustering.ts(249,4): error TS1128: Declaration or statement expected.
sveltekit-frontend/src/lib/services/kmeans-clustering.ts(249,6): error TS1434: Unexpected keyword or identifier.
sveltekit-frontend/src/lib/services/kmeans-clustering.ts(252,46): error TS1109: Expression expected.
sveltekit-frontend/src/lib/services/kmeans-clustering.ts(253,7): error TS1109: Expression expected.
sveltekit-frontend/src/lib/services/kmeans-clustering.ts(258,53): error TS1109: Expression expected.
sveltekit-frontend/src/lib/services/kmeans-clustering.ts(260,7): error TS1109: Expression expected.
sveltekit-frontend/src/lib/services/kmeans-clustering.ts(261,26): error TS1109: Expression expected.
sveltekit-frontend/src/lib/services/kmeans-clustering.ts(270,3): error TS1128: Declaration or statement expected.
sveltekit-frontend/src/lib/services/kmeans-clustering.ts(270,11): error TS1434: Unexpected keyword or identifier.
sveltekit-frontend/src/lib/services/kmeans-clustering.ts(271,24): error TS1011: An element access expression should take an argument.
sveltekit-frontend/src/lib/services/kmeans-clustering.ts(271,26): error TS1011: An element access expression should take an argument.
sveltekit-frontend/src/lib/services/kmeans-clustering.ts(272,3): error TS1128: Declaration or statement expected.
sveltekit-frontend/src/lib/services/kmeans-clustering.ts(272,4): error TS1128: Declaration or statement expected.
sveltekit-frontend/src/lib/services/kmeans-clustering.ts(272,30): error TS1011: An element access expression should take an argument.
sveltekit-frontend/src/lib/services/kmeans-clustering.ts(273,11): error TS1005: ':' expected.
sveltekit-frontend/src/lib/services/kmeans-clustering.ts(273,39): error TS1109: Expression expected.
sveltekit-frontend/src/lib/services/kmeans-clustering.ts(273,40): error TS1005: ':' expected.
sveltekit-frontend/src/lib/services/kmeans-clustering.ts(273,42): error TS1136: Property assignment expected.
sveltekit-frontend/src/lib/services/kmeans-clustering.ts(273,45): error TS1109: Expression expected.
sveltekit-frontend/src/lib/services/kmeans-clustering.ts(273,46): error TS1005: ':' expected.
sveltekit-frontend/src/lib/services/kmeans-clustering.ts(274,14): error TS1005: ',' expected.
sveltekit-frontend/src/lib/services/kmeans-clustering.ts(274,17): error TS1109: Expression expected.
sveltekit-frontend/src/lib/services/kmeans-clustering.ts(274,19): error TS1003: Identifier expected.
sveltekit-frontend/src/lib/services/kmeans-clustering.ts(274,20): error TS1138: Parameter declaration expected.
sveltekit-frontend/src/lib/services/kmeans-clustering.ts(274,21): error TS1138: Parameter declaration expected.
sveltekit-frontend/src/lib/services/kmeans-clustering.ts(274,25): error TS1005: ',' expected.
sveltekit-frontend/src/lib/services/kmeans-clustering.ts(274,32): error TS1005: ',' expected.
sveltekit-frontend/src/lib/services/kmeans-clustering.ts(274,41): error TS1003: Identifier expected.
sveltekit-frontend/src/lib/services/kmeans-clustering.ts(274,42): error TS1003: Identifier expected.
sveltekit-frontend/src/lib/services/kmeans-clustering.ts(274,44): error TS1005: ',' expected.
sveltekit-frontend/src/lib/services/kmeans-clustering.ts(274,47): error TS1005: ',' expected.
sveltekit-frontend/src/lib/services/kmeans-clustering.ts(274,49): error TS1005: ';' expected.
sveltekit-frontend/src/lib/services/kmeans-clustering.ts(274,52): error TS1109: Expression expected.
sveltekit-frontend/src/lib/services/kmeans-clustering.ts(275,7): error TS1109: Expression expected.
sveltekit-frontend/src/lib/services/kmeans-clustering.ts(276,9): error TS1128: Declaration or statement expected.
sveltekit-frontend/src/lib/services/kmeans-clustering.ts(278,69): error TS1005: ')' expected.
sveltekit-frontend/src/lib/services/kmeans-clustering.ts(293,3): error TS1128: Declaration or statement expected.
sveltekit-frontend/src/lib/services/kmeans-clustering.ts(297,3): error TS1128: Declaration or statement expected.
sveltekit-frontend/src/lib/services/kmeans-clustering.ts(298,31): error TS1011: An element access expression should take an argument.
sveltekit-frontend/src/lib/services/kmeans-clustering.ts(298,33): error TS1011: An element access expression should take an argument.
sveltekit-frontend/src/lib/services/kmeans-clustering.ts(299,22): error TS1011: An element access expression should take an argument.
sveltekit-frontend/src/lib/services/kmeans-clustering.ts(300,3): error TS1128: Declaration or statement expected.
sveltekit-frontend/src/lib/services/kmeans-clustering.ts(300,4): error TS1128: Declaration or statement expected.
sveltekit-frontend/src/lib/services/kmeans-clustering.ts(300,6): error TS1434: Unexpected keyword or identifier.
sveltekit-frontend/src/lib/services/kmeans-clustering.ts(302,59): error TS1109: Expression expected.
sveltekit-frontend/src/lib/services/kmeans-clustering.ts(304,5): error TS1109: Expression expected.
sveltekit-frontend/src/lib/services/kmeans-clustering.ts(305,24): error TS1109: Expression expected.
sveltekit-frontend/src/lib/services/kmeans-clustering.ts(313,3): error TS1434: Unexpected keyword or identifier.
sveltekit-frontend/src/lib/services/kmeans-clustering.ts(314,24): error TS1011: An element access expression should take an argument.
sveltekit-frontend/src/lib/services/kmeans-clustering.ts(314,26): error TS1011: An element access expression should take an argument.
sveltekit-frontend/src/lib/services/kmeans-clustering.ts(315,29): error TS1110: Type expected.
sveltekit-frontend/src/lib/services/kmeans-clustering.ts(316,3): error TS1128: Declaration or statement expected.
sveltekit-frontend/src/lib/services/kmeans-clustering.ts(316,4): error TS1128: Declaration or statement expected.
sveltekit-frontend/src/lib/services/kmeans-clustering.ts(317,11): error TS1005: ':' expected.
sveltekit-frontend/src/lib/services/kmeans-clustering.ts(317,25): error TS1005: ',' expected.
sveltekit-frontend/src/lib/services/kmeans-clustering.ts(318,14): error TS1005: ',' expected.
sveltekit-frontend/src/lib/services/kmeans-clustering.ts(318,17): error TS1109: Expression expected.
sveltekit-frontend/src/lib/services/kmeans-clustering.ts(318,19): error TS1003: Identifier expected.
sveltekit-frontend/src/lib/services/kmeans-clustering.ts(318,20): error TS1138: Parameter declaration expected.
sveltekit-frontend/src/lib/services/kmeans-clustering.ts(318,21): error TS1138: Parameter declaration expected.
sveltekit-frontend/src/lib/services/kmeans-clustering.ts(318,25): error TS1005: ',' expected.
sveltekit-frontend/src/lib/services/kmeans-clustering.ts(318,32): error TS1005: ',' expected.
sveltekit-frontend/src/lib/services/kmeans-clustering.ts(318,41): error TS1003: Identifier expected.
sveltekit-frontend/src/lib/services/kmeans-clustering.ts(318,42): error TS1003: Identifier expected.
sveltekit-frontend/src/lib/services/kmeans-clustering.ts(318,44): error TS1005: ',' expected.
sveltekit-frontend/src/lib/services/kmeans-clustering.ts(318,47): error TS1005: ',' expected.
sveltekit-frontend/src/lib/services/kmeans-clustering.ts(318,49): error TS1005: ';' expected.
sveltekit-frontend/src/lib/services/kmeans-clustering.ts(318,52): error TS1109: Expression expected.
sveltekit-frontend/src/lib/services/kmeans-clustering.ts(319,7): error TS1109: Expression expected.
sveltekit-frontend/src/lib/services/kmeans-clustering.ts(320,9): error TS1128: Declaration or statement expected.
sveltekit-frontend/src/lib/services/kmeans-clustering.ts(322,69): error TS1005: ')' expected.
sveltekit-frontend/src/lib/services/kmeans-clustering.ts(352,3): error TS1128: Declaration or statement expected.
sveltekit-frontend/src/lib/services/kmeans-clustering.ts(356,3): error TS1128: Declaration or statement expected.
sveltekit-frontend/src/lib/services/kmeans-clustering.ts(356,31): error TS1135: Argument expression expected.
sveltekit-frontend/src/lib/services/kmeans-clustering.ts(356,40): error TS1011: An element access expression should take an argument.
sveltekit-frontend/src/lib/services/kmeans-clustering.ts(356,44): error TS1005: ',' expected.
sveltekit-frontend/src/lib/services/kmeans-clustering.ts(356,53): error TS1011: An element access expression should take an argument.
sveltekit-frontend/src/lib/services/kmeans-clustering.ts(356,55): error TS1005: ';' expected.
sveltekit-frontend/src/lib/services/kmeans-clustering.ts(356,57): error TS1434: Unexpected keyword or identifier.
sveltekit-frontend/src/lib/services/kmeans-clustering.ts(357,75): error TS1005: ')' expected.
sveltekit-frontend/src/lib/services/kmeans-clustering.ts(359,3): error TS1128: Declaration or statement expected.
sveltekit-frontend/src/lib/services/kmeans-clustering.ts(359,34): error TS1135: Argument expression expected.
sveltekit-frontend/src/lib/services/kmeans-clustering.ts(359,43): error TS1011: An element access expression should take an argument.
sveltekit-frontend/src/lib/services/kmeans-clustering.ts(359,45): error TS1005: ';' expected.
sveltekit-frontend/src/lib/services/kmeans-clustering.ts(359,54): error TS1109: Expression expected.
sveltekit-frontend/src/lib/services/kmeans-clustering.ts(359,55): error TS1109: Expression expected.
sveltekit-frontend/src/lib/services/kmeans-clustering.ts(359,57): error TS1005: ';' expected.
sveltekit-frontend/src/lib/services/kmeans-clustering.ts(364,44): error TS1005: ')' expected.
sveltekit-frontend/src/lib/services/kmeans-clustering.ts(365,7): error TS1128: Declaration or statement expected.
sveltekit-frontend/src/lib/services/kmeans-clustering.ts(369,3): error TS1128: Declaration or statement expected.
sveltekit-frontend/src/lib/services/kmeans-clustering.ts(370,21): error TS1110: Type expected.
sveltekit-frontend/src/lib/services/kmeans-clustering.ts(372,3): error TS1128: Declaration or statement expected.
sveltekit-frontend/src/lib/services/kmeans-clustering.ts(372,4): error TS1128: Declaration or statement expected.
sveltekit-frontend/src/lib/services/kmeans-clustering.ts(373,11): error TS1005: ':' expected.
sveltekit-frontend/src/lib/services/kmeans-clustering.ts(379,6): error TS1005: ',' expected.
sveltekit-frontend/src/lib/services/kmeans-clustering.ts(380,11): error TS1005: ':' expected.
sveltekit-frontend/src/lib/services/kmeans-clustering.ts(387,6): error TS1005: ',' expected.
sveltekit-frontend/src/lib/services/kmeans-clustering.ts(388,19): error TS1005: ',' expected.
sveltekit-frontend/src/lib/services/kmeans-clustering.ts(388,67): error TS1005: ';' expected.
sveltekit-frontend/src/lib/services/kmeans-clustering.ts(393,3): error TS1128: Declaration or statement expected.
sveltekit-frontend/src/lib/services/kmeans-clustering.ts(394,3): error TS1128: Declaration or statement expected.
sveltekit-frontend/src/lib/services/kmeans-clustering.ts(395,20): error TS1011: An element access expression should take an argument.
sveltekit-frontend/src/lib/services/kmeans-clustering.ts(396,19): error TS1011: An element access expression should take an argument.
sveltekit-frontend/src/lib/services/kmeans-clustering.ts(398,3): error TS1128: Declaration or statement expected.
sveltekit-frontend/src/lib/services/kmeans-clustering.ts(398,4): error TS1128: Declaration or statement expected.
sveltekit-frontend/src/lib/services/kmeans-clustering.ts(398,13): error TS1011: An element access expression should take an argument.
sveltekit-frontend/src/lib/services/kmeans-clustering.ts(399,11): error TS1005: ':' expected.
sveltekit-frontend/src/lib/services/kmeans-clustering.ts(399,31): error TS1005: ',' expected.
sveltekit-frontend/src/lib/services/kmeans-clustering.ts(400,19): error TS1005: ',' expected.
sveltekit-frontend/src/lib/services/kmeans-clustering.ts(400,29): error TS1005: ';' expected.
sveltekit-frontend/src/lib/services/kmeans-clustering.ts(411,3): error TS1128: Declaration or statement expected.
sveltekit-frontend/src/lib/services/kmeans-clustering.ts(415,3): error TS1128: Declaration or statement expected.
sveltekit-frontend/src/lib/services/kmeans-clustering.ts(415,11): error TS1434: Unexpected keyword or identifier.
sveltekit-frontend/src/lib/services/kmeans-clustering.ts(415,40): error TS1135: Argument expression expected.
sveltekit-frontend/src/lib/services/kmeans-clustering.ts(415,49): error TS1005: ';' expected.
sveltekit-frontend/src/lib/services/kmeans-clustering.ts(415,63): error TS1109: Expression expected.
sveltekit-frontend/src/lib/services/kmeans-clustering.ts(416,11): error TS1005: ',' expected.
sveltekit-frontend/src/lib/services/kmeans-clustering.ts(416,16): error TS1005: ',' expected.
sveltekit-frontend/src/lib/services/kmeans-clustering.ts(420,7): error TS1005: ',' expected.
sveltekit-frontend/src/lib/services/kmeans-clustering.ts(422,3): error TS1128: Declaration or statement expected.
sveltekit-frontend/src/lib/services/kmeans-clustering.ts(422,11): error TS1434: Unexpected keyword or identifier.
sveltekit-frontend/src/lib/services/kmeans-clustering.ts(422,31): error TS1109: Expression expected.
sveltekit-frontend/src/lib/services/kmeans-clustering.ts(422,45): error TS1109: Expression expected.
sveltekit-frontend/src/lib/services/kmeans-clustering.ts(423,11): error TS1005: ':' expected.
sveltekit-frontend/src/lib/services/kmeans-clustering.ts(431,5): error TS1005: ',' expected.
sveltekit-frontend/src/lib/services/kmeans-clustering.ts(431,11): error TS1005: ',' expected.
sveltekit-frontend/src/lib/services/kmeans-clustering.ts(431,16): error TS1005: ',' expected.
sveltekit-frontend/src/lib/services/kmeans-clustering.ts(431,70): error TS1005: ')' expected.
sveltekit-frontend/src/lib/services/kmeans-clustering.ts(433,3): error TS1128: Declaration or statement expected.
sveltekit-frontend/src/lib/services/kmeans-clustering.ts(433,10): error TS1434: Unexpected keyword or identifier.
sveltekit-frontend/src/lib/services/kmeans-clustering.ts(435,3): error TS1128: Declaration or statement expected.
sveltekit-frontend/src/lib/services/kmeans-clustering.ts(435,4): error TS1128: Declaration or statement expected.
sveltekit-frontend/src/lib/services/kmeans-clustering.ts(436,11): error TS1005: ':' expected.
sveltekit-frontend/src/lib/services/kmeans-clustering.ts(436,56): error TS1005: ',' expected.
sveltekit-frontend/src/lib/services/kmeans-clustering.ts(437,9): error TS1003: Identifier expected.
sveltekit-frontend/src/lib/services/kmeans-clustering.ts(437,21): error TS1005: '{' expected.
sveltekit-frontend/src/lib/services/kmeans-clustering.ts(437,30): error TS1005: ':' expected.
sveltekit-frontend/src/lib/services/kmeans-clustering.ts(437,35): error TS1005: ',' expected.
sveltekit-frontend/src/lib/services/kmeans-clustering.ts(438,11): error TS1005: ':' expected.
sveltekit-frontend/src/lib/services/kmeans-clustering.ts(438,40): error TS1005: ',' expected.
sveltekit-frontend/src/lib/services/kmeans-clustering.ts(439,11): error TS1005: ':' expected.
sveltekit-frontend/src/lib/services/kmeans-clustering.ts(439,161): error TS1131: Property or signature expected.
sveltekit-frontend/src/lib/services/kmeans-clustering.ts(439,163): error TS1005: ',' expected.
sveltekit-frontend/src/lib/services/kmeans-clustering.ts(439,181): error TS1005: ';' expected.
sveltekit-frontend/src/lib/services/kmeans-clustering.ts(439,182): error TS1128: Declaration or statement expected.
sveltekit-frontend/src/lib/services/kmeans-clustering.ts(439,197): error TS1005: ';' expected.
sveltekit-frontend/src/lib/services/kmeans-clustering.ts(445,3): error TS1128: Declaration or statement expected.
sveltekit-frontend/src/lib/services/kmeans-clustering.ts(446,1): error TS1128: Declaration or statement expected.
sveltekit-frontend/src/lib/services/langchain-config-service.ts(18,1): error TS1128: Declaration or statement expected.
sveltekit-frontend/src/lib/services/langchain-config-service.ts(32,1): error TS1128: Declaration or statement expected.
sveltekit-frontend/src/lib/services/langchain-config-service.ts(42,1): error TS1128: Declaration or statement expected.
sveltekit-frontend/src/lib/services/langchain-config-service.ts(50,1): error TS1128: Declaration or statement expected.
sveltekit-frontend/src/lib/services/langchain-config-service.ts(64,1): error TS1131: Property or signature expected.
sveltekit-frontend/src/lib/services/langchain-config-service.ts(242,52): error TS1137: Expression or comma expected.
sveltekit-frontend/src/lib/services/langchain-config-service.ts(245,18): error TS1109: Expression expected.
sveltekit-frontend/src/lib/services/langchain-config-service.ts(246,8): error TS1128: Declaration or statement expected.
sveltekit-frontend/src/lib/services/langchain-config-service.ts(250,5): error TS1128: Declaration or statement expected.
sveltekit-frontend/src/lib/services/langchain-config-service.ts(250,6): error TS1128: Declaration or statement expected.
sveltekit-frontend/src/lib/services/langchain-config-service.ts(253,53): error TS1137: Expression or comma expected.
sveltekit-frontend/src/lib/services/langchain-config-service.ts(256,8): error TS1128: Declaration or statement expected.
sveltekit-frontend/src/lib/services/langchain-config-service.ts(260,5): error TS1128: Declaration or statement expected.
sveltekit-frontend/src/lib/services/langchain-config-service.ts(260,6): error TS1128: Declaration or statement expected.
sveltekit-frontend/src/lib/services/langchain-config-service.ts(269,34): error TS1442: Expected '=' for property initializer.
sveltekit-frontend/src/lib/services/langchain-config-service.ts(271,3): error TS1068: Unexpected token. A constructor, method, accessor, or property was expected.
sveltekit-frontend/src/lib/services/langchain-config-service.ts(271,4): error TS1068: Unexpected token. A constructor, method, accessor, or property was expected.
sveltekit-frontend/src/lib/services/langchain-config-service.ts(271,35): error TS1005: '(' expected.
sveltekit-frontend/src/lib/services/langchain-config-service.ts(271,37): error TS1068: Unexpected token. A constructor, method, accessor, or property was expected.
sveltekit-frontend/src/lib/services/langchain-config-service.ts(306,3): error TS1128: Declaration or statement expected.
sveltekit-frontend/src/lib/services/langchain-config-service.ts(306,10): error TS1434: Unexpected keyword or identifier.
sveltekit-frontend/src/lib/services/langchain-config-service.ts(308,14): error TS1109: Expression expected.
sveltekit-frontend/src/lib/services/langchain-config-service.ts(309,13): error TS1109: Expression expected.
sveltekit-frontend/src/lib/services/langchain-config-service.ts(310,3): error TS1128: Declaration or statement expected.
sveltekit-frontend/src/lib/services/langchain-config-service.ts(310,4): error TS1128: Declaration or statement expected.
sveltekit-frontend/src/lib/services/langchain-config-service.ts(311,11): error TS1005: ':' expected.
sveltekit-frontend/src/lib/services/langchain-config-service.ts(315,5): error TS1005: ',' expected.
sveltekit-frontend/src/lib/services/langchain-config-service.ts(315,11): error TS1005: ':' expected.
sveltekit-frontend/src/lib/services/langchain-config-service.ts(315,66): error TS1005: ',' expected.
sveltekit-frontend/src/lib/services/langchain-config-service.ts(316,12): error TS1005: ':' expected.
sveltekit-frontend/src/lib/services/langchain-config-service.ts(316,62): error TS1005: ',' expected.
sveltekit-frontend/src/lib/services/langchain-config-service.ts(321,3): error TS1128: Declaration or statement expected.
sveltekit-frontend/src/lib/services/langchain-config-service.ts(321,10): error TS1434: Unexpected keyword or identifier.
sveltekit-frontend/src/lib/services/langchain-config-service.ts(322,13): error TS1005: ';' expected.
sveltekit-frontend/src/lib/services/langchain-config-service.ts(322,21): error TS1005: ',' expected.
sveltekit-frontend/src/lib/services/langchain-config-service.ts(322,30): error TS1005: ';' expected.
sveltekit-frontend/src/lib/services/langchain-config-service.ts(322,37): error TS1128: Declaration or statement expected.
sveltekit-frontend/src/lib/services/langchain-config-service.ts(323,13): error TS1109: Expression expected.
sveltekit-frontend/src/lib/services/langchain-config-service.ts(324,3): error TS1128: Declaration or statement expected.
sveltekit-frontend/src/lib/services/langchain-config-service.ts(324,4): error TS1128: Declaration or statement expected.
sveltekit-frontend/src/lib/services/langchain-config-service.ts(325,12): error TS1005: ':' expected.
sveltekit-frontend/src/lib/services/langchain-config-service.ts(325,101): error TS1005: ',' expected.
sveltekit-frontend/src/lib/services/langchain-config-service.ts(330,3): error TS1128: Declaration or statement expected.
sveltekit-frontend/src/lib/services/langchain-config-service.ts(330,10): error TS1434: Unexpected keyword or identifier.
sveltekit-frontend/src/lib/services/langchain-config-service.ts(333,13): error TS1109: Expression expected.
sveltekit-frontend/src/lib/services/langchain-config-service.ts(334,3): error TS1128: Declaration or statement expected.
sveltekit-frontend/src/lib/services/langchain-config-service.ts(334,4): error TS1128: Declaration or statement expected.
sveltekit-frontend/src/lib/services/langchain-config-service.ts(335,11): error TS1005: ':' expected.
sveltekit-frontend/src/lib/services/langchain-config-service.ts(339,5): error TS1005: ',' expected.
sveltekit-frontend/src/lib/services/langchain-config-service.ts(339,12): error TS1005: ':' expected.
sveltekit-frontend/src/lib/services/langchain-config-service.ts(339,86): error TS1005: ',' expected.
sveltekit-frontend/src/lib/services/langchain-config-service.ts(344,3): error TS1128: Declaration or statement expected.
sveltekit-frontend/src/lib/services/langchain-config-service.ts(344,10): error TS1434: Unexpected keyword or identifier.
sveltekit-frontend/src/lib/services/langchain-config-service.ts(344,40): error TS1005: ',' expected.
sveltekit-frontend/src/lib/services/langchain-config-service.ts(344,49): error TS1011: An element access expression should take an argument.
sveltekit-frontend/src/lib/services/langchain-config-service.ts(344,51): error TS1005: ';' expected.
sveltekit-frontend/src/lib/services/langchain-config-service.ts(344,68): error TS1011: An element access expression should take an argument.
sveltekit-frontend/src/lib/services/langchain-config-service.ts(344,70): error TS1011: An element access expression should take an argument.
sveltekit-frontend/src/lib/services/langchain-config-service.ts(345,9): error TS1005: ':' expected.
sveltekit-frontend/src/lib/services/langchain-config-service.ts(346,13): error TS1005: ':' expected.
sveltekit-frontend/src/lib/services/langchain-config-service.ts(346,60): error TS1005: ',' expected.
sveltekit-frontend/src/lib/services/langchain-config-service.ts(347,11): error TS1003: Identifier expected.
sveltekit-frontend/src/lib/services/langchain-config-service.ts(350,7): error TS1005: ',' expected.
sveltekit-frontend/src/lib/services/langchain-config-service.ts(350,14): error TS1005: ':' expected.
sveltekit-frontend/src/lib/services/langchain-config-service.ts(350,56): error TS1005: ',' expected.
sveltekit-frontend/src/lib/services/langchain-config-service.ts(351,7): error TS1005: ',' expected.
sveltekit-frontend/src/lib/services/langchain-config-service.ts(359,3): error TS1128: Declaration or statement expected.
sveltekit-frontend/src/lib/services/langchain-config-service.ts(359,10): error TS1434: Unexpected keyword or identifier.
sveltekit-frontend/src/lib/services/langchain-config-service.ts(359,40): error TS1005: ',' expected.
sveltekit-frontend/src/lib/services/langchain-config-service.ts(359,54): error TS1005: ';' expected.
sveltekit-frontend/src/lib/services/langchain-config-service.ts(359,68): error TS1109: Expression expected.
sveltekit-frontend/src/lib/services/langchain-config-service.ts(360,9): error TS1005: ':' expected.
sveltekit-frontend/src/lib/services/langchain-config-service.ts(361,13): error TS1005: ':' expected.
sveltekit-frontend/src/lib/services/langchain-config-service.ts(361,64): error TS1005: ',' expected.
sveltekit-frontend/src/lib/services/langchain-config-service.ts(362,13): error TS1005: ':' expected.
sveltekit-frontend/src/lib/services/langchain-config-service.ts(362,48): error TS1005: ',' expected.
sveltekit-frontend/src/lib/services/langchain-config-service.ts(363,11): error TS1005: ',' expected.
sveltekit-frontend/src/lib/services/langchain-config-service.ts(363,16): error TS1005: ',' expected.
sveltekit-frontend/src/lib/services/langchain-config-service.ts(364,17): error TS1005: ',' expected.
sveltekit-frontend/src/lib/services/langchain-config-service.ts(364,24): error TS1005: ',' expected.
sveltekit-frontend/src/lib/services/langchain-config-service.ts(364,26): error TS1136: Property assignment expected.
sveltekit-frontend/src/lib/services/langchain-config-service.ts(371,9): error TS1128: Declaration or statement expected.
sveltekit-frontend/src/lib/services/langchain-config-service.ts(372,40): error TS1137: Expression or comma expected.
sveltekit-frontend/src/lib/services/langchain-config-service.ts(377,9): error TS1128: Declaration or statement expected.
sveltekit-frontend/src/lib/services/langchain-config-service.ts(377,10): error TS1128: Declaration or statement expected.
sveltekit-frontend/src/lib/services/langchain-config-service.ts(381,5): error TS1128: Declaration or statement expected.
sveltekit-frontend/src/lib/services/langchain-config-service.ts(381,7): error TS1005: 'try' expected.
sveltekit-frontend/src/lib/services/langchain-config-service.ts(385,3): error TS1128: Declaration or statement expected.
sveltekit-frontend/src/lib/services/langchain-config-service.ts(389,3): error TS1128: Declaration or statement expected.
sveltekit-frontend/src/lib/services/langchain-config-service.ts(389,10): error TS1434: Unexpected keyword or identifier.
sveltekit-frontend/src/lib/services/langchain-config-service.ts(389,39): error TS1005: ';' expected.
sveltekit-frontend/src/lib/services/langchain-config-service.ts(390,9): error TS1005: ':' expected.
sveltekit-frontend/src/lib/services/langchain-config-service.ts(391,13): error TS1005: ':' expected.
sveltekit-frontend/src/lib/services/langchain-config-service.ts(391,69): error TS1005: ',' expected.
sveltekit-frontend/src/lib/services/langchain-config-service.ts(392,14): error TS1005: ':' expected.
sveltekit-frontend/src/lib/services/langchain-config-service.ts(404,7): error TS1005: ',' expected.
sveltekit-frontend/src/lib/services/langchain-config-service.ts(407,24): error TS1109: Expression expected.
sveltekit-frontend/src/lib/services/langchain-config-service.ts(407,33): error TS1005: ',' expected.
sveltekit-frontend/src/lib/services/langchain-config-service.ts(407,34): error TS1136: Property assignment expected.
sveltekit-frontend/src/lib/services/langchain-config-service.ts(417,3): error TS1128: Declaration or statement expected.
sveltekit-frontend/src/lib/services/langchain-config-service.ts(417,10): error TS1434: Unexpected keyword or identifier.
sveltekit-frontend/src/lib/services/langchain-config-service.ts(417,42): error TS1005: ',' expected.
sveltekit-frontend/src/lib/services/langchain-config-service.ts(417,94): error TS1005: ';' expected.
sveltekit-frontend/src/lib/services/langchain-config-service.ts(417,108): error TS1109: Expression expected.
sveltekit-frontend/src/lib/services/langchain-config-service.ts(418,11): error TS1005: ':' expected.
sveltekit-frontend/src/lib/services/langchain-config-service.ts(435,5): error TS1005: ',' expected.
sveltekit-frontend/src/lib/services/langchain-config-service.ts(435,11): error TS1005: ':' expected.
sveltekit-frontend/src/lib/services/langchain-config-service.ts(435,48): error TS1005: ',' expected.
sveltekit-frontend/src/lib/services/langchain-config-service.ts(446,3): error TS1128: Declaration or statement expected.
sveltekit-frontend/src/lib/services/langchain-config-service.ts(446,10): error TS1434: Unexpected keyword or identifier.
sveltekit-frontend/src/lib/services/langchain-config-service.ts(446,38): error TS1109: Expression expected.
sveltekit-frontend/src/lib/services/langchain-config-service.ts(446,47): error TS1005: ';' expected.
sveltekit-frontend/src/lib/services/langchain-config-service.ts(446,61): error TS1109: Expression expected.
sveltekit-frontend/src/lib/services/langchain-config-service.ts(453,7): error TS1005: ',' expected.
sveltekit-frontend/src/lib/services/langchain-config-service.ts(453,12): error TS1005: ':' expected.
sveltekit-frontend/src/lib/services/langchain-config-service.ts(455,12): error TS1359: Identifier expected. 'const' is a reserved word that cannot be used here.
sveltekit-frontend/src/lib/services/langchain-config-service.ts(455,18): error TS1005: ',' expected.
sveltekit-frontend/src/lib/services/langchain-config-service.ts(455,25): error TS1005: ',' expected.
sveltekit-frontend/src/lib/services/langchain-config-service.ts(455,28): error TS1005: ',' expected.
sveltekit-frontend/src/lib/services/langchain-config-service.ts(455,32): error TS1005: ',' expected.
sveltekit-frontend/src/lib/services/langchain-config-service.ts(455,50): error TS1005: ',' expected.
sveltekit-frontend/src/lib/services/langchain-config-service.ts(460,5): error TS1109: Expression expected.
sveltekit-frontend/src/lib/services/langchain-config-service.ts(462,3): error TS1109: Expression expected.
sveltekit-frontend/src/lib/services/langchain-config-service.ts(464,3): error TS1434: Unexpected keyword or identifier.
sveltekit-frontend/src/lib/services/langchain-config-service.ts(464,30): error TS1005: ',' expected.
sveltekit-frontend/src/lib/services/langchain-config-service.ts(464,39): error TS1005: ';' expected.
sveltekit-frontend/src/lib/services/langchain-config-service.ts(464,41): error TS1434: Unexpected keyword or identifier.
sveltekit-frontend/src/lib/services/langchain-config-service.ts(468,3): error TS1128: Declaration or statement expected.
sveltekit-frontend/src/lib/services/langchain-config-service.ts(468,37): error TS1005: ',' expected.
sveltekit-frontend/src/lib/services/langchain-config-service.ts(468,43): error TS1005: ';' expected.
sveltekit-frontend/src/lib/services/langchain-config-service.ts(468,45): error TS1434: Unexpected keyword or identifier.
sveltekit-frontend/src/lib/services/langchain-config-service.ts(476,3): error TS1128: Declaration or statement expected.
sveltekit-frontend/src/lib/services/langchain-config-service.ts(476,10): error TS1434: Unexpected keyword or identifier.
sveltekit-frontend/src/lib/services/langchain-config-service.ts(476,29): error TS1005: ';' expected.
sveltekit-frontend/src/lib/services/langchain-config-service.ts(476,31): error TS1434: Unexpected keyword or identifier.
sveltekit-frontend/src/lib/services/langchain-config-service.ts(479,3): error TS1128: Declaration or statement expected.
sveltekit-frontend/src/lib/services/langchain-config-service.ts(479,10): error TS1434: Unexpected keyword or identifier.
sveltekit-frontend/src/lib/services/langchain-config-service.ts(479,29): error TS1005: ';' expected.
sveltekit-frontend/src/lib/services/langchain-config-service.ts(479,31): error TS1434: Unexpected keyword or identifier.
sveltekit-frontend/src/lib/services/langchain-config-service.ts(482,3): error TS1128: Declaration or statement expected.
sveltekit-frontend/src/lib/services/langchain-config-service.ts(482,30): error TS1005: ';' expected.
sveltekit-frontend/src/lib/services/langchain-config-service.ts(482,39): error TS1011: An element access expression should take an argument.
sveltekit-frontend/src/lib/services/langchain-config-service.ts(482,41): error TS1005: ';' expected.
sveltekit-frontend/src/lib/services/langchain-config-service.ts(483,41): error TS1005: ')' expected.
sveltekit-frontend/src/lib/services/langchain-config-service.ts(485,3): error TS1128: Declaration or statement expected.
sveltekit-frontend/src/lib/services/langchain-config-service.ts(485,30): error TS1005: ';' expected.
sveltekit-frontend/src/lib/services/langchain-config-service.ts(485,39): error TS1011: An element access expression should take an argument.
sveltekit-frontend/src/lib/services/langchain-config-service.ts(485,41): error TS1005: ';' expected.
sveltekit-frontend/src/lib/services/langchain-config-service.ts(486,41): error TS1005: ')' expected.
sveltekit-frontend/src/lib/services/langchain-config-service.ts(488,1): error TS1128: Declaration or statement expected.
sveltekit-frontend/src/lib/services/langchain-ollama-llama-integration.ts(13,1): error TS1128: Declaration or statement expected.
sveltekit-frontend/src/lib/services/langchain-ollama-llama-integration.ts(137,90): error TS1005: ';' expected.
sveltekit-frontend/src/lib/services/langchain-ollama-llama-integration.ts(137,91): error TS1005: '}' expected.
sveltekit-frontend/src/lib/services/langchain-ollama-llama-integration.ts(137,98): error TS1109: Expression expected.
sveltekit-frontend/src/lib/services/langchain-ollama-llama-integration.ts(137,105): error TS1128: Declaration or statement expected.
sveltekit-frontend/src/lib/services/langchain-ollama-llama-integration.ts(137,106): error TS1128: Declaration or statement expected.
sveltekit-frontend/src/lib/services/langchain-ollama-llama-integration.ts(137,114): error TS1472: 'catch' or 'finally' expected.
sveltekit-frontend/src/lib/services/langchain-ollama-llama-integration.ts(140,24): error TS1127: Invalid character.
sveltekit-frontend/src/lib/services/langchain-ollama-llama-integration.ts(140,27): error TS1434: Unexpected keyword or identifier.
sveltekit-frontend/src/lib/services/langchain-ollama-llama-integration.ts(140,42): error TS1128: Declaration or statement expected.
sveltekit-frontend/src/lib/services/langchain-ollama-llama-integration.ts(140,44): error TS1434: Unexpected keyword or identifier.
sveltekit-frontend/src/lib/services/langchain-ollama-llama-integration.ts(140,57): error TS1443: Module declaration names may only use ' or " quoted strings.
sveltekit-frontend/src/lib/services/langchain-ollama-llama-integration.ts(159,18): error TS1127: Invalid character.
sveltekit-frontend/src/lib/services/langchain-ollama-llama-integration.ts(159,18): error TS1128: Declaration or statement expected.
sveltekit-frontend/src/lib/services/langchain-ollama-llama-integration.ts(159,21): error TS1434: Unexpected keyword or identifier.
sveltekit-frontend/src/lib/services/langchain-ollama-llama-integration.ts(159,32): error TS1434: Unexpected keyword or identifier.
sveltekit-frontend/src/lib/services/langchain-ollama-llama-integration.ts(159,48): error TS1434: Unexpected keyword or identifier.
sveltekit-frontend/src/lib/services/langchain-ollama-llama-integration.ts(163,20): error TS1127: Invalid character.
sveltekit-frontend/src/lib/services/langchain-ollama-llama-integration.ts(163,23): error TS1434: Unexpected keyword or identifier.
sveltekit-frontend/src/lib/services/langchain-ollama-llama-integration.ts(163,32): error TS1434: Unexpected keyword or identifier.
sveltekit-frontend/src/lib/services/langchain-ollama-llama-integration.ts(163,38): error TS1434: Unexpected keyword or identifier.
sveltekit-frontend/src/lib/services/langchain-ollama-llama-integration.ts(163,43): error TS1434: Unexpected keyword or identifier.
sveltekit-frontend/src/lib/services/langchain-ollama-llama-integration.ts(163,66): error TS1443: Module declaration names may only use ' or " quoted strings.
sveltekit-frontend/src/lib/services/langchain-ollama-llama-integration.ts(198,22): error TS1127: Invalid character.
sveltekit-frontend/src/lib/services/langchain-ollama-llama-integration.ts(198,22): error TS1128: Declaration or statement expected.
sveltekit-frontend/src/lib/services/langchain-ollama-llama-integration.ts(198,25): error TS1434: Unexpected keyword or identifier.
sveltekit-frontend/src/lib/services/langchain-ollama-llama-integration.ts(198,32): error TS1434: Unexpected keyword or identifier.
sveltekit-frontend/src/lib/services/langchain-ollama-llama-integration.ts(210,20): error TS1127: Invalid character.
sveltekit-frontend/src/lib/services/langchain-ollama-llama-integration.ts(210,22): error TS1434: Unexpected keyword or identifier.
sveltekit-frontend/src/lib/services/langchain-ollama-llama-integration.ts(210,31): error TS1434: Unexpected keyword or identifier.
sveltekit-frontend/src/lib/services/langchain-ollama-llama-integration.ts(210,70): error TS1005: ',' expected.
sveltekit-frontend/src/lib/services/langchain-ollama-llama-integration.ts(210,82): error TS1005: ',' expected.
sveltekit-frontend/src/lib/services/langchain-ollama-llama-integration.ts(210,85): error TS1443: Module declaration names may only use ' or " quoted strings.
sveltekit-frontend/src/lib/services/langchain-ollama-llama-integration.ts(225,37): error TS1434: Unexpected keyword or identifier.
sveltekit-frontend/src/lib/services/langchain-ollama-llama-integration.ts(236,31): error TS1005: ';' expected.
sveltekit-frontend/src/lib/services/langchain-ollama-llama-integration.ts(236,39): error TS1434: Unexpected keyword or identifier.
sveltekit-frontend/src/lib/services/langchain-ollama-llama-integration.ts(236,54): error TS1434: Unexpected keyword or identifier.
sveltekit-frontend/src/lib/services/langchain-ollama-llama-integration.ts(236,93): error TS1131: Property or signature expected.
sveltekit-frontend/src/lib/services/langchain-ollama-llama-integration.ts(236,94): error TS1128: Declaration or statement expected.
sveltekit-frontend/src/lib/services/langchain-ollama-llama-integration.ts(236,102): error TS1109: Expression expected.
sveltekit-frontend/src/lib/services/langchain-ollama-llama-integration.ts(236,109): error TS1128: Declaration or statement expected.
sveltekit-frontend/src/lib/services/langchain-ollama-llama-integration.ts(236,110): error TS1128: Declaration or statement expected.
sveltekit-frontend/src/lib/services/langchain-ollama-llama-integration.ts(262,7): error TS1434: Unexpected keyword or identifier.
sveltekit-frontend/src/lib/services/langchain-ollama-llama-integration.ts(262,10): error TS1434: Unexpected keyword or identifier.
sveltekit-frontend/src/lib/services/langchain-ollama-llama-integration.ts(262,12): error TS1434: Unexpected keyword or identifier.
sveltekit-frontend/src/lib/services/langchain-ollama-llama-integration.ts(262,18): error TS1434: Unexpected keyword or identifier.
sveltekit-frontend/src/lib/services/langchain-ollama-llama-integration.ts(262,43): error TS1005: ';' expected.
sveltekit-frontend/src/lib/services/langchain-ollama-llama-integration.ts(262,51): error TS1434: Unexpected keyword or identifier.
sveltekit-frontend/src/lib/services/langchain-ollama-llama-integration.ts(262,59): error TS1434: Unexpected keyword or identifier.
sveltekit-frontend/src/lib/services/langchain-ollama-llama-integration.ts(262,62): error TS1434: Unexpected keyword or identifier.
sveltekit-frontend/src/lib/services/langchain-ollama-llama-integration.ts(262,66): error TS1434: Unexpected keyword or identifier.
sveltekit-frontend/src/lib/services/langchain-ollama-llama-integration.ts(262,76): error TS1434: Unexpected keyword or identifier.
sveltekit-frontend/src/lib/services/langchain-ollama-llama-integration.ts(262,91): error TS1003: Identifier expected.
sveltekit-frontend/src/lib/services/langchain-ollama-llama-integration.ts(263,7): error TS1434: Unexpected keyword or identifier.
sveltekit-frontend/src/lib/services/langchain-ollama-llama-integration.ts(263,13): error TS1434: Unexpected keyword or identifier.
sveltekit-frontend/src/lib/services/langchain-ollama-llama-integration.ts(263,16): error TS1434: Unexpected keyword or identifier.
sveltekit-frontend/src/lib/services/langchain-ollama-llama-integration.ts(263,20): error TS1434: Unexpected keyword or identifier.
sveltekit-frontend/src/lib/services/langchain-ollama-llama-integration.ts(263,72): error TS1005: ';' expected.
sveltekit-frontend/src/lib/services/langchain-ollama-llama-integration.ts(264,16): error TS1109: Expression expected.
sveltekit-frontend/src/lib/services/langchain-ollama-llama-integration.ts(264,17): error TS1128: Declaration or statement expected.
sveltekit-frontend/src/lib/services/langchain-ollama-llama-integration.ts(266,7): error TS1434: Unexpected keyword or identifier.
sveltekit-frontend/src/lib/services/langchain-ollama-llama-integration.ts(309,20): error TS1127: Invalid character.
sveltekit-frontend/src/lib/services/langchain-ollama-llama-integration.ts(309,23): error TS1434: Unexpected keyword or identifier.
sveltekit-frontend/src/lib/services/langchain-ollama-llama-integration.ts(309,50): error TS1443: Module declaration names may only use ' or " quoted strings.
sveltekit-frontend/src/lib/services/langchain-ollama-llama-integration.ts(327,20): error TS1127: Invalid character.
sveltekit-frontend/src/lib/services/langchain-ollama-llama-integration.ts(327,23): error TS1434: Unexpected keyword or identifier.
sveltekit-frontend/src/lib/services/langchain-ollama-llama-integration.ts(327,32): error TS1434: Unexpected keyword or identifier.
sveltekit-frontend/src/lib/services/langchain-ollama-llama-integration.ts(327,49): error TS1434: Unexpected keyword or identifier.
sveltekit-frontend/src/lib/services/langchain-ollama-llama-integration.ts(327,80): error TS1443: Module declaration names may only use ' or " quoted strings.
sveltekit-frontend/src/lib/services/langchain-ollama-llama-integration.ts(343,18): error TS1127: Invalid character.
sveltekit-frontend/src/lib/services/langchain-ollama-llama-integration.ts(343,18): error TS1128: Declaration or statement expected.
sveltekit-frontend/src/lib/services/langchain-ollama-llama-integration.ts(343,21): error TS1434: Unexpected keyword or identifier.
sveltekit-frontend/src/lib/services/langchain-ollama-llama-integration.ts(343,45): error TS1443: Module declaration names may only use ' or " quoted strings.
sveltekit-frontend/src/lib/services/langchain-ollama-llama-integration.ts(368,37): error TS1434: Unexpected keyword or identifier.
sveltekit-frontend/src/lib/services/langchain-ollama-llama-integration.ts(368,89): error TS1443: Module declaration names may only use ' or " quoted strings.
sveltekit-frontend/src/lib/services/langchain-ollama-llama-integration.ts(381,26): error TS1434: Unexpected keyword or identifier.
sveltekit-frontend/src/lib/services/langchain-ollama-llama-integration.ts(381,35): error TS1434: Unexpected keyword or identifier.
sveltekit-frontend/src/lib/services/langchain-ollama-llama-integration.ts(381,39): error TS1434: Unexpected keyword or identifier.
sveltekit-frontend/src/lib/services/langchain-ollama-llama-integration.ts(381,54): error TS1434: Unexpected keyword or identifier.
sveltekit-frontend/src/lib/services/langchain-ollama-llama-integration.ts(381,93): error TS1005: ';' expected.
sveltekit-frontend/src/lib/services/langchain-ollama-llama-integration.ts(381,94): error TS1131: Property or signature expected.
sveltekit-frontend/src/lib/services/langchain-ollama-llama-integration.ts(413,41): error TS1109: Expression expected.
sveltekit-frontend/src/lib/services/langchain-ollama-llama-integration.ts(413,43): error TS1005: ';' expected.
sveltekit-frontend/src/lib/services/langchain-ollama-llama-integration.ts(449,20): error TS1127: Invalid character.
sveltekit-frontend/src/lib/services/langchain-ollama-llama-integration.ts(449,23): error TS1434: Unexpected keyword or identifier.
sveltekit-frontend/src/lib/services/langchain-ollama-llama-integration.ts(449,34): error TS1434: Unexpected keyword or identifier.
sveltekit-frontend/src/lib/services/langchain-ollama-llama-integration.ts(449,47): error TS1005: '(' expected.
sveltekit-frontend/src/lib/services/langchain-ollama-llama-integration.ts(449,55): error TS1135: Argument expression expected.
sveltekit-frontend/src/lib/services/langchain-ollama-llama-integration.ts(449,57): error TS1005: ',' expected.
sveltekit-frontend/src/lib/services/langchain-ollama-llama-integration.ts(449,63): error TS1005: ',' expected.
sveltekit-frontend/src/lib/services/langchain-ollama-llama-integration.ts(449,73): error TS1005: ',' expected.
sveltekit-frontend/src/lib/services/langchain-ollama-llama-integration.ts(451,20): error TS1127: Invalid character.
sveltekit-frontend/src/lib/services/langchain-ollama-llama-integration.ts(451,22): error TS1434: Unexpected keyword or identifier.
sveltekit-frontend/src/lib/services/langchain-ollama-llama-integration.ts(451,56): error TS1005: ',' expected.
sveltekit-frontend/src/lib/services/langchain-ollama-llama-integration.ts(451,65): error TS1005: ',' expected.
sveltekit-frontend/src/lib/services/langchain-ollama-llama-integration.ts(451,76): error TS1443: Module declaration names may only use ' or " quoted strings.
sveltekit-frontend/src/lib/services/langchain-ollama-llama-integration.ts(471,18): error TS1127: Invalid character.
sveltekit-frontend/src/lib/services/langchain-ollama-llama-integration.ts(471,18): error TS1128: Declaration or statement expected.
sveltekit-frontend/src/lib/services/langchain-ollama-llama-integration.ts(471,21): error TS1435: Unknown keyword or identifier. Did you mean 'catch'?
sveltekit-frontend/src/lib/services/langchain-ollama-llama-integration.ts(471,27): error TS1434: Unexpected keyword or identifier.
sveltekit-frontend/src/lib/services/langchain-ollama-llama-integration.ts(471,38): error TS1434: Unexpected keyword or identifier.
sveltekit-frontend/src/lib/services/langchain-ollama-llama-integration.ts(471,58): error TS1434: Unexpected keyword or identifier.
sveltekit-frontend/src/lib/services/langchain-ollama-llama-integration.ts(471,67): error TS1128: Declaration or statement expected.
sveltekit-frontend/src/lib/services/langchain-ollama-llama-integration.ts(477,20): error TS1127: Invalid character.
sveltekit-frontend/src/lib/services/langchain-ollama-llama-integration.ts(477,22): error TS1434: Unexpected keyword or identifier.
sveltekit-frontend/src/lib/services/langchain-ollama-llama-integration.ts(477,33): error TS1435: Unknown keyword or identifier. Did you mean 'catch'?
sveltekit-frontend/src/lib/services/langchain-ollama-llama-integration.ts(477,39): error TS1434: Unexpected keyword or identifier.
sveltekit-frontend/src/lib/services/langchain-ollama-llama-integration.ts(477,113): error TS1005: ';' expected.
sveltekit-frontend/src/lib/services/langchain-ollama-llama-integration.ts(477,115): error TS1068: Unexpected token. A constructor, method, accessor, or property was expected.
sveltekit-frontend/src/lib/services/langchain-ollama-llama-integration.ts(493,18): error TS1127: Invalid character.
sveltekit-frontend/src/lib/services/langchain-ollama-llama-integration.ts(493,20): error TS1435: Unknown keyword or identifier. Did you mean 'catch'?
sveltekit-frontend/src/lib/services/langchain-ollama-llama-integration.ts(493,26): error TS1434: Unexpected keyword or identifier.
sveltekit-frontend/src/lib/services/langchain-ollama-llama-integration.ts(493,47): error TS1434: Unexpected keyword or identifier.
sveltekit-frontend/src/lib/services/langchain-ollama-llama-integration.ts(493,65): error TS1434: Unexpected keyword or identifier.
sveltekit-frontend/src/lib/services/langchain-ollama-llama-integration.ts(505,7): error TS1434: Unexpected keyword or identifier.
sveltekit-frontend/src/lib/services/langchain-ollama-llama-integration.ts(505,11): error TS1434: Unexpected keyword or identifier.
sveltekit-frontend/src/lib/services/langchain-ollama-llama-integration.ts(505,15): error TS1434: Unexpected keyword or identifier.
sveltekit-frontend/src/lib/services/langchain-ollama-llama-integration.ts(505,17): error TS1434: Unexpected keyword or identifier.
sveltekit-frontend/src/lib/services/langchain-ollama-llama-integration.ts(505,23): error TS1434: Unexpected keyword or identifier.
sveltekit-frontend/src/lib/services/langchain-ollama-llama-integration.ts(505,26): error TS1434: Unexpected keyword or identifier.
sveltekit-frontend/src/lib/services/langchain-ollama-llama-integration.ts(505,68): error TS1005: ';' expected.
sveltekit-frontend/src/lib/services/langchain-ollama-llama-integration.ts(505,83): error TS1003: Identifier expected.
sveltekit-frontend/src/lib/services/langchain-ollama-llama-integration.ts(506,7): error TS1434: Unexpected keyword or identifier.
sveltekit-frontend/src/lib/services/langchain-ollama-llama-integration.ts(506,11): error TS1434: Unexpected keyword or identifier.
sveltekit-frontend/src/lib/services/langchain-ollama-llama-integration.ts(506,15): error TS1434: Unexpected keyword or identifier.
sveltekit-frontend/src/lib/services/langchain-ollama-llama-integration.ts(506,24): error TS1434: Unexpected keyword or identifier.
sveltekit-frontend/src/lib/services/langchain-ollama-llama-integration.ts(506,32): error TS1434: Unexpected keyword or identifier.
sveltekit-frontend/src/lib/services/langchain-ollama-llama-integration.ts(506,35): error TS1434: Unexpected keyword or identifier.
sveltekit-frontend/src/lib/services/langchain-ollama-llama-integration.ts(506,42): error TS1434: Unexpected keyword or identifier.
sveltekit-frontend/src/lib/services/langchain-ollama-llama-integration.ts(506,52): error TS1434: Unexpected keyword or identifier.
sveltekit-frontend/src/lib/services/langchain-ollama-llama-integration.ts(506,63): error TS1434: Unexpected keyword or identifier.
sveltekit-frontend/src/lib/services/langchain-ollama-llama-integration.ts(507,15): error TS1109: Expression expected.
sveltekit-frontend/src/lib/services/langchain-ollama-llama-integration.ts(510,27): error TS1005: ';' expected.
sveltekit-frontend/src/lib/services/langchain-ollama-llama-integration.ts(510,33): error TS1434: Unexpected keyword or identifier.
sveltekit-frontend/src/lib/services/langchain-ollama-llama-integration.ts(510,42): error TS1434: Unexpected keyword or identifier.
sveltekit-frontend/src/lib/services/langchain-ollama-llama-integration.ts(510,48): error TS1434: Unexpected keyword or identifier.
sveltekit-frontend/src/lib/services/langchain-ollama-llama-integration.ts(510,51): error TS1434: Unexpected keyword or identifier.
sveltekit-frontend/src/lib/services/langchain-ollama-llama-integration.ts(511,24): error TS1005: ';' expected.
sveltekit-frontend/src/lib/services/langchain-ollama-llama-integration.ts(511,32): error TS1434: Unexpected keyword or identifier.
sveltekit-frontend/src/lib/services/langchain-ollama-llama-integration.ts(512,24): error TS1005: ';' expected.
sveltekit-frontend/src/lib/services/langchain-ollama-llama-integration.ts(512,34): error TS1434: Unexpected keyword or identifier.
sveltekit-frontend/src/lib/services/langchain-ollama-llama-integration.ts(512,40): error TS1434: Unexpected keyword or identifier.
sveltekit-frontend/src/lib/services/langchain-ollama-llama-integration.ts(512,47): error TS1434: Unexpected keyword or identifier.
sveltekit-frontend/src/lib/services/langchain-ollama-llama-integration.ts(513,27): error TS1005: ';' expected.
sveltekit-frontend/src/lib/services/langchain-ollama-llama-integration.ts(514,43): error TS1005: ';' expected.
sveltekit-frontend/src/lib/services/langchain-ollama-llama-integration.ts(601,81): error TS1160: Unterminated template literal.
sveltekit-frontend/src/lib/services/langextract-ollama-service.ts(20,29): error TS1136: Property assignment expected.
sveltekit-frontend/src/lib/services/legal-ai-acceleration-pipeline.ts(691,10): error TS1005: '(' expected.
sveltekit-frontend/src/lib/services/legal-ai-cache.service.ts(4,1): error TS1128: Declaration or statement expected.
sveltekit-frontend/src/lib/services/legal-ai-cache.service.ts(18,33): error TS1005: ';' expected.
sveltekit-frontend/src/lib/services/legal-ai-cache.service.ts(39,60): error TS1005: ')' expected.
sveltekit-frontend/src/lib/services/legal-ai-cache.service.ts(47,3): error TS1068: Unexpected token. A constructor, method, accessor, or property was expected.
sveltekit-frontend/src/lib/services/legal-ai-cache.service.ts(47,4): error TS1068: Unexpected token. A constructor, method, accessor, or property was expected.
sveltekit-frontend/src/lib/services/legal-ai-cache.service.ts(47,32): error TS1139: Type parameter declaration expected.
sveltekit-frontend/src/lib/services/legal-ai-cache.service.ts(48,11): error TS1005: ':' expected.
sveltekit-frontend/src/lib/services/legal-ai-cache.service.ts(48,40): error TS1005: ',' expected.
sveltekit-frontend/src/lib/services/legal-ai-cache.service.ts(49,9): error TS1005: ':' expected.
sveltekit-frontend/src/lib/services/legal-ai-cache.service.ts(49,32): error TS1109: Expression expected.
sveltekit-frontend/src/lib/services/legal-ai-cache.service.ts(49,33): error TS1136: Property assignment expected.
sveltekit-frontend/src/lib/services/legal-ai-cache.service.ts(49,34): error TS1109: Expression expected.
sveltekit-frontend/src/lib/services/legal-ai-cache.service.ts(53,19): error TS1109: Expression expected.
sveltekit-frontend/src/lib/services/legal-ai-cache.service.ts(53,66): error TS1109: Expression expected.
sveltekit-frontend/src/lib/services/legal-ai-cache.service.ts(61,9): error TS1109: Expression expected.
sveltekit-frontend/src/lib/services/legal-ai-cache.service.ts(73,3): error TS1128: Declaration or statement expected.
sveltekit-frontend/src/lib/services/legal-ai-cache.service.ts(77,3): error TS1434: Unexpected keyword or identifier.
sveltekit-frontend/src/lib/services/legal-ai-cache.service.ts(80,3): error TS1128: Declaration or statement expected.
sveltekit-frontend/src/lib/services/legal-ai-cache.service.ts(80,4): error TS1128: Declaration or statement expected.
sveltekit-frontend/src/lib/services/legal-ai-cache.service.ts(80,18): error TS1109: Expression expected.
sveltekit-frontend/src/lib/services/legal-ai-cache.service.ts(81,9): error TS1005: ':' expected.
sveltekit-frontend/src/lib/services/legal-ai-cache.service.ts(82,13): error TS1005: ':' expected.
sveltekit-frontend/src/lib/services/legal-ai-cache.service.ts(82,69): error TS1005: ',' expected.
sveltekit-frontend/src/lib/services/legal-ai-cache.service.ts(84,15): error TS1005: ',' expected.
sveltekit-frontend/src/lib/services/legal-ai-cache.service.ts(84,50): error TS1005: ',' expected.
sveltekit-frontend/src/lib/services/legal-ai-cache.service.ts(84,52): error TS1136: Property assignment expected.
sveltekit-frontend/src/lib/services/legal-ai-cache.service.ts(88,21): error TS1005: ',' expected.
sveltekit-frontend/src/lib/services/legal-ai-cache.service.ts(96,7): error TS1109: Expression expected.
sveltekit-frontend/src/lib/services/legal-ai-cache.service.ts(99,5): error TS1128: Declaration or statement expected.
sveltekit-frontend/src/lib/services/legal-ai-cache.service.ts(99,7): error TS1005: 'try' expected.
sveltekit-frontend/src/lib/services/legal-ai-cache.service.ts(102,3): error TS1128: Declaration or statement expected.
sveltekit-frontend/src/lib/services/legal-ai-cache.service.ts(106,3): error TS1128: Declaration or statement expected.
sveltekit-frontend/src/lib/services/legal-ai-cache.service.ts(106,21): error TS1109: Expression expected.
sveltekit-frontend/src/lib/services/legal-ai-cache.service.ts(107,11): error TS1005: ':' expected.
sveltekit-frontend/src/lib/services/legal-ai-cache.service.ts(107,27): error TS1005: ',' expected.
sveltekit-frontend/src/lib/services/legal-ai-cache.service.ts(108,9): error TS1005: ',' expected.
sveltekit-frontend/src/lib/services/legal-ai-cache.service.ts(108,23): error TS1109: Expression expected.
sveltekit-frontend/src/lib/services/legal-ai-cache.service.ts(108,26): error TS1005: ':' expected.
sveltekit-frontend/src/lib/services/legal-ai-cache.service.ts(109,10): error TS1359: Identifier expected. 'const' is a reserved word that cannot be used here.
sveltekit-frontend/src/lib/services/legal-ai-cache.service.ts(109,16): error TS1005: ',' expected.
sveltekit-frontend/src/lib/services/legal-ai-cache.service.ts(109,34): error TS1005: ',' expected.
sveltekit-frontend/src/lib/services/legal-ai-cache.service.ts(109,39): error TS1005: ',' expected.
sveltekit-frontend/src/lib/services/legal-ai-cache.service.ts(109,56): error TS1005: '{' expected.
sveltekit-frontend/src/lib/services/legal-ai-cache.service.ts(109,58): error TS1136: Property assignment expected.
sveltekit-frontend/src/lib/services/legal-ai-cache.service.ts(118,3): error TS1128: Declaration or statement expected.
sveltekit-frontend/src/lib/services/legal-ai-cache.service.ts(122,3): error TS1128: Declaration or statement expected.
sveltekit-frontend/src/lib/services/legal-ai-cache.service.ts(122,28): error TS1109: Expression expected.
sveltekit-frontend/src/lib/services/legal-ai-cache.service.ts(123,9): error TS1005: ',' expected.
sveltekit-frontend/src/lib/services/legal-ai-cache.service.ts(123,27): error TS1005: ',' expected.
sveltekit-frontend/src/lib/services/legal-ai-cache.service.ts(124,9): error TS1005: ',' expected.
sveltekit-frontend/src/lib/services/legal-ai-cache.service.ts(124,37): error TS1005: ',' expected.
sveltekit-frontend/src/lib/services/legal-ai-cache.service.ts(125,9): error TS1005: ',' expected.
sveltekit-frontend/src/lib/services/legal-ai-cache.service.ts(125,36): error TS1005: ',' expected.
sveltekit-frontend/src/lib/services/legal-ai-cache.service.ts(126,10): error TS1359: Identifier expected. 'const' is a reserved word that cannot be used here.
sveltekit-frontend/src/lib/services/legal-ai-cache.service.ts(126,16): error TS1005: ',' expected.
sveltekit-frontend/src/lib/services/legal-ai-cache.service.ts(126,34): error TS1005: ',' expected.
sveltekit-frontend/src/lib/services/legal-ai-cache.service.ts(126,39): error TS1005: ',' expected.
sveltekit-frontend/src/lib/services/legal-ai-cache.service.ts(126,56): error TS1005: '{' expected.
sveltekit-frontend/src/lib/services/legal-ai-cache.service.ts(126,58): error TS1136: Property assignment expected.
sveltekit-frontend/src/lib/services/legal-ai-cache.service.ts(127,11): error TS1109: Expression expected.
sveltekit-frontend/src/lib/services/legal-ai-cache.service.ts(128,48): error TS1109: Expression expected.
sveltekit-frontend/src/lib/services/legal-ai-cache.service.ts(129,51): error TS1109: Expression expected.
sveltekit-frontend/src/lib/services/legal-ai-cache.service.ts(130,44): error TS1005: ';' expected.
sveltekit-frontend/src/lib/services/legal-ai-cache.service.ts(130,45): error TS1109: Expression expected.
sveltekit-frontend/src/lib/services/legal-ai-cache.service.ts(130,46): error TS1109: Expression expected.
sveltekit-frontend/src/lib/services/legal-ai-cache.service.ts(131,7): error TS1128: Declaration or statement expected.
sveltekit-frontend/src/lib/services/legal-ai-cache.service.ts(141,3): error TS1128: Declaration or statement expected.
sveltekit-frontend/src/lib/services/legal-ai-cache.service.ts(145,3): error TS1128: Declaration or statement expected.
sveltekit-frontend/src/lib/services/legal-ai-cache.service.ts(145,50): error TS1135: Argument expression expected.
sveltekit-frontend/src/lib/services/legal-ai-cache.service.ts(145,59): error TS1005: ';' expected.
sveltekit-frontend/src/lib/services/legal-ai-cache.service.ts(146,11): error TS1005: ':' expected.
sveltekit-frontend/src/lib/services/legal-ai-cache.service.ts(146,72): error TS1005: ',' expected.
sveltekit-frontend/src/lib/services/legal-ai-cache.service.ts(147,9): error TS1005: ':' expected.
sveltekit-frontend/src/lib/services/legal-ai-cache.service.ts(148,55): error TS1005: ',' expected.
sveltekit-frontend/src/lib/services/legal-ai-cache.service.ts(153,3): error TS1128: Declaration or statement expected.
sveltekit-frontend/src/lib/services/legal-ai-cache.service.ts(153,11): error TS1434: Unexpected keyword or identifier.
sveltekit-frontend/src/lib/services/legal-ai-cache.service.ts(156,3): error TS1128: Declaration or statement expected.
sveltekit-frontend/src/lib/services/legal-ai-cache.service.ts(156,4): error TS1128: Declaration or statement expected.
sveltekit-frontend/src/lib/services/legal-ai-cache.service.ts(156,18): error TS1109: Expression expected.
sveltekit-frontend/src/lib/services/legal-ai-cache.service.ts(157,12): error TS1005: ':' expected.
sveltekit-frontend/src/lib/services/legal-ai-cache.service.ts(175,7): error TS1005: ',' expected.
sveltekit-frontend/src/lib/services/legal-ai-cache.service.ts(180,3): error TS1434: Unexpected keyword or identifier.
sveltekit-frontend/src/lib/services/legal-ai-cache.service.ts(180,29): error TS1109: Expression expected.
sveltekit-frontend/src/lib/services/legal-ai-cache.service.ts(180,43): error TS1109: Expression expected.
sveltekit-frontend/src/lib/services/legal-ai-cache.service.ts(181,12): error TS1005: ':' expected.
sveltekit-frontend/src/lib/services/legal-ai-cache.service.ts(194,52): error TS1109: Expression expected.
sveltekit-frontend/src/lib/services/legal-ai-cache.service.ts(194,53): error TS1109: Expression expected.
sveltekit-frontend/src/lib/services/legal-ai-cache.service.ts(208,7): error TS1005: ',' expected.
sveltekit-frontend/src/lib/services/legal-ai-cache.service.ts(213,16): error TS1109: Expression expected.
sveltekit-frontend/src/lib/services/legal-ai-cache.service.ts(214,9): error TS1005: ':' expected.
sveltekit-frontend/src/lib/services/legal-ai-cache.service.ts(214,23): error TS1005: ',' expected.
sveltekit-frontend/src/lib/services/legal-ai-cache.service.ts(215,9): error TS1005: ':' expected.
sveltekit-frontend/src/lib/services/legal-ai-cache.service.ts(221,5): error TS1005: ',' expected.
sveltekit-frontend/src/lib/services/legal-ai-cache.service.ts(221,13): error TS1003: Identifier expected.
sveltekit-frontend/src/lib/services/legal-ai-cache.service.ts(221,34): error TS1005: ',' expected.
sveltekit-frontend/src/lib/services/legal-ai-cache.service.ts(226,16): error TS1109: Expression expected.
sveltekit-frontend/src/lib/services/legal-ai-cache.service.ts(226,53): error TS1005: ',' expected.
sveltekit-frontend/src/lib/services/legal-ai-cache.service.ts(226,74): error TS1005: ';' expected.
sveltekit-frontend/src/lib/services/legal-ai-cache.service.ts(227,20): error TS1109: Expression expected.
sveltekit-frontend/src/lib/services/legal-ai-cache.service.ts(240,3): error TS1434: Unexpected keyword or identifier.
sveltekit-frontend/src/lib/services/legal-ai-cache.service.ts(240,41): error TS1135: Argument expression expected.
sveltekit-frontend/src/lib/services/legal-ai-cache.service.ts(240,57): error TS1011: An element access expression should take an argument.
sveltekit-frontend/src/lib/services/legal-ai-cache.service.ts(240,59): error TS1005: ';' expected.
sveltekit-frontend/src/lib/services/legal-ai-cache.service.ts(240,73): error TS1109: Expression expected.
sveltekit-frontend/src/lib/services/legal-ai-cache.service.ts(241,13): error TS1003: Identifier expected.
sveltekit-frontend/src/lib/services/legal-ai-cache.service.ts(241,76): error TS1005: ',' expected.
sveltekit-frontend/src/lib/services/legal-ai-cache.service.ts(244,10): error TS1359: Identifier expected. 'const' is a reserved word that cannot be used here.
sveltekit-frontend/src/lib/services/legal-ai-cache.service.ts(244,16): error TS1005: ',' expected.
sveltekit-frontend/src/lib/services/legal-ai-cache.service.ts(244,30): error TS1005: ',' expected.
sveltekit-frontend/src/lib/services/legal-ai-cache.service.ts(250,1): error TS1128: Declaration or statement expected.
sveltekit-frontend/src/lib/services/legal-ai-client.ts(14,1): error TS1128: Declaration or statement expected.
sveltekit-frontend/src/lib/services/legal-ai-client.ts(23,1): error TS1128: Declaration or statement expected.
sveltekit-frontend/src/lib/services/legal-ai-client.ts(40,1): error TS1128: Declaration or statement expected.
sveltekit-frontend/src/lib/services/legal-ai-client.ts(54,1): error TS1128: Declaration or statement expected.
sveltekit-frontend/src/lib/services/legal-ai-client.ts(63,1): error TS1128: Declaration or statement expected.
sveltekit-frontend/src/lib/services/legal-ai-client.ts(80,1): error TS1128: Declaration or statement expected.
sveltekit-frontend/src/lib/services/legal-ai-client.ts(91,1): error TS1128: Declaration or statement expected.
sveltekit-frontend/src/lib/services/legal-ai-client.ts(113,1): error TS1128: Declaration or statement expected.
sveltekit-frontend/src/lib/services/legal-ai-client.ts(123,1): error TS1128: Declaration or statement expected.
sveltekit-frontend/src/lib/services/legal-ai-client.ts(132,1): error TS1128: Declaration or statement expected.
sveltekit-frontend/src/lib/services/legal-ai-client.ts(147,1): error TS1128: Declaration or statement expected.
sveltekit-frontend/src/lib/services/legal-ai-client.ts(156,1): error TS1128: Declaration or statement expected.
sveltekit-frontend/src/lib/services/legal-ai-client.ts(202,15): error TS1134: Variable declaration expected.
sveltekit-frontend/src/lib/services/legal-ai-client.ts(204,139): error TS1005: ';' expected.
sveltekit-frontend/src/lib/services/legal-ai-client.ts(204,140): error TS1005: ')' expected.
sveltekit-frontend/src/lib/services/legal-ai-client.ts(204,147): error TS1109: Expression expected.
sveltekit-frontend/src/lib/services/legal-ai-client.ts(204,154): error TS1128: Declaration or statement expected.
sveltekit-frontend/src/lib/services/legal-ai-client.ts(204,155): error TS1128: Declaration or statement expected.
sveltekit-frontend/src/lib/services/legal-ai-client.ts(204,197): error TS1005: ';' expected.
sveltekit-frontend/src/lib/services/legal-ai-client.ts(206,13): error TS1472: 'catch' or 'finally' expected.
sveltekit-frontend/src/lib/services/legal-ai-client.ts(215,5): error TS1128: Declaration or statement expected.
sveltekit-frontend/src/lib/services/legal-ai-client.ts(215,13): error TS1434: Unexpected keyword or identifier.
sveltekit-frontend/src/lib/services/legal-ai-client.ts(215,50): error TS1135: Argument expression expected.
sveltekit-frontend/src/lib/services/legal-ai-client.ts(215,73): error TS1005: ';' expected.
sveltekit-frontend/src/lib/services/legal-ai-client.ts(216,13): error TS1005: ':' expected.
sveltekit-frontend/src/lib/services/legal-ai-client.ts(217,19): error TS1005: ':' expected.
sveltekit-frontend/src/lib/services/legal-ai-client.ts(221,15): error TS1136: Property assignment expected.
sveltekit-frontend/src/lib/services/legal-ai-client.ts(221,16): error TS1136: Property assignment expected.
sveltekit-frontend/src/lib/services/legal-ai-client.ts(222,20): error TS1005: ':' expected.
sveltekit-frontend/src/lib/services/legal-ai-client.ts(222,44): error TS1005: ',' expected.
sveltekit-frontend/src/lib/services/legal-ai-client.ts(223,11): error TS1005: ',' expected.
sveltekit-frontend/src/lib/services/legal-ai-client.ts(231,5): error TS1128: Declaration or statement expected.
sveltekit-frontend/src/lib/services/legal-ai-client.ts(231,13): error TS1434: Unexpected keyword or identifier.
sveltekit-frontend/src/lib/services/legal-ai-client.ts(231,39): error TS1135: Argument expression expected.
sveltekit-frontend/src/lib/services/legal-ai-client.ts(231,54): error TS1005: ',' expected.
sveltekit-frontend/src/lib/services/legal-ai-client.ts(231,84): error TS1005: ';' expected.
sveltekit-frontend/src/lib/services/legal-ai-client.ts(232,15): error TS1005: ':' expected.
sveltekit-frontend/src/lib/services/legal-ai-client.ts(232,32): error TS1005: ':' expected.
sveltekit-frontend/src/lib/services/legal-ai-client.ts(233,13): error TS1005: ',' expected.
sveltekit-frontend/src/lib/services/legal-ai-client.ts(233,23): error TS1109: Expression expected.
sveltekit-frontend/src/lib/services/legal-ai-client.ts(233,26): error TS1005: ':' expected.
sveltekit-frontend/src/lib/services/legal-ai-client.ts(234,26): error TS1003: Identifier expected.
sveltekit-frontend/src/lib/services/legal-ai-client.ts(234,42): error TS1109: Expression expected.
sveltekit-frontend/src/lib/services/legal-ai-client.ts(234,43): error TS1109: Expression expected.
sveltekit-frontend/src/lib/services/legal-ai-client.ts(237,21): error TS1128: Declaration or statement expected.
sveltekit-frontend/src/lib/services/legal-ai-client.ts(238,21): error TS1128: Declaration or statement expected.
sveltekit-frontend/src/lib/services/legal-ai-client.ts(243,78): error TS1005: ';' expected.
sveltekit-frontend/src/lib/services/legal-ai-client.ts(243,79): error TS1005: ')' expected.
sveltekit-frontend/src/lib/services/legal-ai-client.ts(243,87): error TS1109: Expression expected.
sveltekit-frontend/src/lib/services/legal-ai-client.ts(243,94): error TS1128: Declaration or statement expected.
sveltekit-frontend/src/lib/services/legal-ai-client.ts(243,95): error TS1128: Declaration or statement expected.
sveltekit-frontend/src/lib/services/legal-ai-client.ts(243,125): error TS1005: ',' expected.
sveltekit-frontend/src/lib/services/legal-ai-client.ts(243,126): error TS1136: Property assignment expected.
sveltekit-frontend/src/lib/services/legal-ai-client.ts(248,13): error TS1128: Declaration or statement expected.
sveltekit-frontend/src/lib/services/legal-ai-client.ts(248,15): error TS1005: 'try' expected.
sveltekit-frontend/src/lib/services/legal-ai-client.ts(257,9): error TS1128: Declaration or statement expected.
sveltekit-frontend/src/lib/services/legal-ai-client.ts(259,5): error TS1128: Declaration or statement expected.
sveltekit-frontend/src/lib/services/legal-ai-client.ts(263,5): error TS1434: Unexpected keyword or identifier.
sveltekit-frontend/src/lib/services/legal-ai-client.ts(263,33): error TS1135: Argument expression expected.
sveltekit-frontend/src/lib/services/legal-ai-client.ts(263,42): error TS1005: ';' expected.
sveltekit-frontend/src/lib/services/legal-ai-client.ts(264,13): error TS1005: ':' expected.
sveltekit-frontend/src/lib/services/legal-ai-client.ts(265,19): error TS1005: ':' expected.
sveltekit-frontend/src/lib/services/legal-ai-client.ts(268,15): error TS1136: Property assignment expected.
sveltekit-frontend/src/lib/services/legal-ai-client.ts(268,16): error TS1136: Property assignment expected.
sveltekit-frontend/src/lib/services/legal-ai-client.ts(269,20): error TS1005: ':' expected.
sveltekit-frontend/src/lib/services/legal-ai-client.ts(269,42): error TS1005: ',' expected.
sveltekit-frontend/src/lib/services/legal-ai-client.ts(270,11): error TS1005: ',' expected.
sveltekit-frontend/src/lib/services/legal-ai-client.ts(278,5): error TS1434: Unexpected keyword or identifier.
sveltekit-frontend/src/lib/services/legal-ai-client.ts(278,25): error TS1109: Expression expected.
sveltekit-frontend/src/lib/services/legal-ai-client.ts(279,15): error TS1005: ':' expected.
sveltekit-frontend/src/lib/services/legal-ai-client.ts(282,11): error TS1005: ',' expected.
sveltekit-frontend/src/lib/services/legal-ai-client.ts(283,16): error TS1005: ':' expected.
sveltekit-frontend/src/lib/services/legal-ai-client.ts(291,42): error TS1135: Argument expression expected.
sveltekit-frontend/src/lib/services/legal-ai-client.ts(291,66): error TS1005: ';' expected.
sveltekit-frontend/src/lib/services/legal-ai-client.ts(295,14): error TS1359: Identifier expected. 'const' is a reserved word that cannot be used here.
sveltekit-frontend/src/lib/services/legal-ai-client.ts(295,20): error TS1005: ',' expected.
sveltekit-frontend/src/lib/services/legal-ai-client.ts(295,40): error TS1005: ',' expected.
sveltekit-frontend/src/lib/services/legal-ai-client.ts(295,178): error TS1005: ';' expected.
sveltekit-frontend/src/lib/services/legal-ai-client.ts(299,5): error TS1128: Declaration or statement expected.
sveltekit-frontend/src/lib/services/legal-ai-client.ts(303,5): error TS1434: Unexpected keyword or identifier.
sveltekit-frontend/src/lib/services/legal-ai-client.ts(306,20): error TS1109: Expression expected.
sveltekit-frontend/src/lib/services/legal-ai-client.ts(306,48): error TS1109: Expression expected.
sveltekit-frontend/src/lib/services/legal-ai-client.ts(307,5): error TS1128: Declaration or statement expected.
sveltekit-frontend/src/lib/services/legal-ai-client.ts(307,6): error TS1128: Declaration or statement expected.
sveltekit-frontend/src/lib/services/legal-ai-client.ts(308,16): error TS1005: ':' expected.
sveltekit-frontend/src/lib/services/legal-ai-client.ts(329,75): error TS1005: ')' expected.
sveltekit-frontend/src/lib/services/legal-ai-client.ts(331,11): error TS1005: ',' expected.
sveltekit-frontend/src/lib/services/legal-ai-client.ts(336,5): error TS1128: Declaration or statement expected.
sveltekit-frontend/src/lib/services/legal-ai-client.ts(336,13): error TS1434: Unexpected keyword or identifier.
sveltekit-frontend/src/lib/services/legal-ai-client.ts(336,35): error TS1135: Argument expression expected.
sveltekit-frontend/src/lib/services/legal-ai-client.ts(336,52): error TS1005: ',' expected.
sveltekit-frontend/src/lib/services/legal-ai-client.ts(336,67): error TS1109: Expression expected.
sveltekit-frontend/src/lib/services/legal-ai-client.ts(336,74): error TS1005: ';' expected.
sveltekit-frontend/src/lib/services/legal-ai-client.ts(337,13): error TS1005: ',' expected.
sveltekit-frontend/src/lib/services/legal-ai-client.ts(337,30): error TS1005: ',' expected.
sveltekit-frontend/src/lib/services/legal-ai-client.ts(338,18): error TS1005: ',' expected.
sveltekit-frontend/src/lib/services/legal-ai-client.ts(338,27): error TS1109: Expression expected.
sveltekit-frontend/src/lib/services/legal-ai-client.ts(338,29): error TS1003: Identifier expected.
sveltekit-frontend/src/lib/services/legal-ai-client.ts(338,30): error TS1138: Parameter declaration expected.
sveltekit-frontend/src/lib/services/legal-ai-client.ts(338,41): error TS1005: ',' expected.
sveltekit-frontend/src/lib/services/legal-ai-client.ts(338,48): error TS1005: ',' expected.
sveltekit-frontend/src/lib/services/legal-ai-client.ts(338,70): error TS1005: ',' expected.
sveltekit-frontend/src/lib/services/legal-ai-client.ts(338,81): error TS1005: ',' expected.
sveltekit-frontend/src/lib/services/legal-ai-client.ts(338,83): error TS1005: ';' expected.
sveltekit-frontend/src/lib/services/legal-ai-client.ts(338,86): error TS1109: Expression expected.
sveltekit-frontend/src/lib/services/legal-ai-client.ts(338,87): error TS1109: Expression expected.
sveltekit-frontend/src/lib/services/legal-ai-client.ts(348,66): error TS1005: ',' expected.
sveltekit-frontend/src/lib/services/legal-ai-client.ts(356,151): error TS1005: ';' expected.
sveltekit-frontend/src/lib/services/legal-ai-client.ts(356,152): error TS1005: '}' expected.
sveltekit-frontend/src/lib/services/legal-ai-client.ts(356,159): error TS1109: Expression expected.
sveltekit-frontend/src/lib/services/legal-ai-client.ts(356,166): error TS1128: Declaration or statement expected.
sveltekit-frontend/src/lib/services/legal-ai-client.ts(356,167): error TS1128: Declaration or statement expected.
sveltekit-frontend/src/lib/services/legal-ai-client.ts(356,175): error TS1472: 'catch' or 'finally' expected.
sveltekit-frontend/src/lib/services/legal-ai-client.ts(356,177): error TS1434: Unexpected keyword or identifier.
sveltekit-frontend/src/lib/services/legal-ai-client.ts(403,33): error TS1005: ';' expected.
sveltekit-frontend/src/lib/services/legal-ai-client.ts(403,45): error TS1434: Unexpected keyword or identifier.
sveltekit-frontend/src/lib/services/legal-ai-client.ts(425,30): error TS1005: ';' expected.
sveltekit-frontend/src/lib/services/legal-ai-client.ts(458,23): error TS1005: ';' expected.
sveltekit-frontend/src/lib/services/legal-ai-client.ts(458,33): error TS1443: Module declaration names may only use ' or " quoted strings.
sveltekit-frontend/src/lib/services/legal-ai-client.ts(460,21): error TS1434: Unexpected keyword or identifier.
sveltekit-frontend/src/lib/services/legal-ai-client.ts(460,51): error TS1443: Module declaration names may only use ' or " quoted strings.
sveltekit-frontend/src/lib/services/legal-ai-client.ts(462,21): error TS1434: Unexpected keyword or identifier.
sveltekit-frontend/src/lib/services/legal-ai-client.ts(465,2): error TS1160: Unterminated template literal.
sveltekit-frontend/src/lib/services/legal-ai-integration.ts(59,20): error TS1131: Property or signature expected.
sveltekit-frontend/src/lib/services/legal-ai-integration.ts(60,10): error TS1005: '>' expected.
sveltekit-frontend/src/lib/services/legal-ai-integration.ts(60,12): error TS1131: Property or signature expected.
sveltekit-frontend/src/lib/services/legal-ai-integration.ts(64,3): error TS1128: Declaration or statement expected.
sveltekit-frontend/src/lib/services/legal-ai-integration.ts(64,4): error TS1109: Expression expected.
sveltekit-frontend/src/lib/services/legal-ai-integration.ts(64,5): error TS1109: Expression expected.
sveltekit-frontend/src/lib/services/legal-ai-integration.ts(66,21): error TS1011: An element access expression should take an argument.
sveltekit-frontend/src/lib/services/legal-ai-integration.ts(70,1): error TS1128: Declaration or statement expected.
sveltekit-frontend/src/lib/services/legal-ai-integration.ts(80,19): error TS1131: Property or signature expected.
sveltekit-frontend/src/lib/services/legal-ai-integration.ts(81,10): error TS1005: '>' expected.
sveltekit-frontend/src/lib/services/legal-ai-integration.ts(84,4): error TS1109: Expression expected.
sveltekit-frontend/src/lib/services/legal-ai-integration.ts(84,5): error TS1109: Expression expected.
sveltekit-frontend/src/lib/services/legal-ai-integration.ts(85,20): error TS1136: Property assignment expected.
sveltekit-frontend/src/lib/services/legal-ai-integration.ts(86,17): error TS1005: ',' expected.
sveltekit-frontend/src/lib/services/legal-ai-integration.ts(87,18): error TS1005: ',' expected.
sveltekit-frontend/src/lib/services/legal-ai-integration.ts(88,73): error TS1005: ',' expected.
sveltekit-frontend/src/lib/services/legal-ai-integration.ts(89,5): error TS1109: Expression expected.
sveltekit-frontend/src/lib/services/legal-ai-integration.ts(90,1): error TS1128: Declaration or statement expected.
sveltekit-frontend/src/lib/services/legal-ai-integration.ts(135,20): error TS1005: ',' expected.
sveltekit-frontend/src/lib/services/legal-ai-integration.ts(286,84): error TS1131: Property or signature expected.
sveltekit-frontend/src/lib/services/legal-ai-integration.ts(287,21): error TS1005: '>' expected.
sveltekit-frontend/src/lib/services/legal-ai-integration.ts(287,23): error TS1434: Unexpected keyword or identifier.
sveltekit-frontend/src/lib/services/legal-ai-integration.ts(287,28): error TS1068: Unexpected token. A constructor, method, accessor, or property was expected.
sveltekit-frontend/src/lib/services/legal-ai-integration.ts(287,29): error TS1068: Unexpected token. A constructor, method, accessor, or property was expected.
sveltekit-frontend/src/lib/services/legal-ai-integration.ts(287,89): error TS1109: Expression expected.
sveltekit-frontend/src/lib/services/legal-ai-integration.ts(288,37): error TS1011: An element access expression should take an argument.
sveltekit-frontend/src/lib/services/legal-ai-integration.ts(290,3): error TS1128: Declaration or statement expected.
sveltekit-frontend/src/lib/services/legal-ai-integration.ts(290,4): error TS1109: Expression expected.
sveltekit-frontend/src/lib/services/legal-ai-integration.ts(291,11): error TS1005: ':' expected.
sveltekit-frontend/src/lib/services/legal-ai-integration.ts(291,68): error TS1005: ',' expected.
sveltekit-frontend/src/lib/services/legal-ai-integration.ts(292,9): error TS1003: Identifier expected.
sveltekit-frontend/src/lib/services/legal-ai-integration.ts(294,23): error TS1005: ',' expected.
sveltekit-frontend/src/lib/services/legal-ai-integration.ts(298,5): error TS1005: ',' expected.
sveltekit-frontend/src/lib/services/legal-ai-integration.ts(298,11): error TS1005: ':' expected.
sveltekit-frontend/src/lib/services/legal-ai-integration.ts(303,52): error TS1136: Property assignment expected.
sveltekit-frontend/src/lib/services/legal-ai-integration.ts(308,7): error TS1005: ',' expected.
sveltekit-frontend/src/lib/services/legal-ai-integration.ts(309,12): error TS1005: ':' expected.
sveltekit-frontend/src/lib/services/legal-ai-integration.ts(309,27): error TS1005: ',' expected.
sveltekit-frontend/src/lib/services/legal-ai-integration.ts(311,3): error TS1434: Unexpected keyword or identifier.
sveltekit-frontend/src/lib/services/legal-ai-integration.ts(311,33): error TS1135: Argument expression expected.
sveltekit-frontend/src/lib/services/legal-ai-integration.ts(311,52): error TS1005: ',' expected.
sveltekit-frontend/src/lib/services/legal-ai-integration.ts(311,69): error TS1005: ';' expected.
sveltekit-frontend/src/lib/services/legal-ai-integration.ts(312,9): error TS1005: ':' expected.
sveltekit-frontend/src/lib/services/legal-ai-integration.ts(314,13): error TS1005: ':' expected.
sveltekit-frontend/src/lib/services/legal-ai-integration.ts(314,70): error TS1005: ',' expected.
sveltekit-frontend/src/lib/services/legal-ai-integration.ts(325,7): error TS1005: ',' expected.
sveltekit-frontend/src/lib/services/legal-ai-integration.ts(325,13): error TS1005: ':' expected.
sveltekit-frontend/src/lib/services/legal-ai-integration.ts(328,9): error TS1005: ',' expected.
sveltekit-frontend/src/lib/services/legal-ai-integration.ts(329,14): error TS1005: ':' expected.
sveltekit-frontend/src/lib/services/legal-ai-integration.ts(329,26): error TS1005: ',' expected.
sveltekit-frontend/src/lib/services/legal-ai-integration.ts(330,7): error TS1005: ',' expected.
sveltekit-frontend/src/lib/services/legal-ai-integration.ts(335,3): error TS1128: Declaration or statement expected.
sveltekit-frontend/src/lib/services/legal-ai-integration.ts(335,11): error TS1434: Unexpected keyword or identifier.
sveltekit-frontend/src/lib/services/legal-ai-integration.ts(335,46): error TS1135: Argument expression expected.
sveltekit-frontend/src/lib/services/legal-ai-integration.ts(335,62): error TS1005: ';' expected.
sveltekit-frontend/src/lib/services/legal-ai-integration.ts(335,76): error TS1109: Expression expected.
sveltekit-frontend/src/lib/services/legal-ai-integration.ts(337,11): error TS1005: ':' expected.
sveltekit-frontend/src/lib/services/legal-ai-integration.ts(339,16): error TS1136: Property assignment expected.
sveltekit-frontend/src/lib/services/legal-ai-integration.ts(339,36): error TS1005: ':' expected.
sveltekit-frontend/src/lib/services/legal-ai-integration.ts(340,13): error TS1136: Property assignment expected.
sveltekit-frontend/src/lib/services/legal-ai-integration.ts(340,29): error TS1005: ':' expected.
sveltekit-frontend/src/lib/services/legal-ai-integration.ts(341,16): error TS1136: Property assignment expected.
sveltekit-frontend/src/lib/services/legal-ai-integration.ts(341,32): error TS1005: ':' expected.
sveltekit-frontend/src/lib/services/legal-ai-integration.ts(342,16): error TS1136: Property assignment expected.
sveltekit-frontend/src/lib/services/legal-ai-integration.ts(343,5): error TS1005: ':' expected.
sveltekit-frontend/src/lib/services/legal-ai-integration.ts(344,5): error TS1005: ',' expected.
sveltekit-frontend/src/lib/services/legal-ai-integration.ts(344,11): error TS1005: ':' expected.
sveltekit-frontend/src/lib/services/legal-ai-integration.ts(344,64): error TS1005: ',' expected.
sveltekit-frontend/src/lib/services/legal-ai-integration.ts(345,11): error TS1005: ',' expected.
sveltekit-frontend/src/lib/services/legal-ai-integration.ts(345,15): error TS1005: ':' expected.
sveltekit-frontend/src/lib/services/legal-ai-integration.ts(345,50): error TS1005: ',' expected.
sveltekit-frontend/src/lib/services/legal-ai-integration.ts(347,3): error TS1128: Declaration or statement expected.
sveltekit-frontend/src/lib/services/legal-ai-integration.ts(347,11): error TS1434: Unexpected keyword or identifier.
sveltekit-frontend/src/lib/services/legal-ai-integration.ts(347,40): error TS1135: Argument expression expected.
sveltekit-frontend/src/lib/services/legal-ai-integration.ts(347,58): error TS1005: ',' expected.
sveltekit-frontend/src/lib/services/legal-ai-integration.ts(347,77): error TS1005: ';' expected.
sveltekit-frontend/src/lib/services/legal-ai-integration.ts(348,11): error TS1005: ':' expected.
sveltekit-frontend/src/lib/services/legal-ai-integration.ts(348,87): error TS1005: ',' expected.
sveltekit-frontend/src/lib/services/legal-ai-integration.ts(350,11): error TS1005: ':' expected.
sveltekit-frontend/src/lib/services/legal-ai-integration.ts(357,5): error TS1005: ',' expected.
sveltekit-frontend/src/lib/services/legal-ai-integration.ts(357,11): error TS1005: ':' expected.
sveltekit-frontend/src/lib/services/legal-ai-integration.ts(357,45): error TS1005: ',' expected.
sveltekit-frontend/src/lib/services/legal-ai-integration.ts(358,11): error TS1005: ':' expected.
sveltekit-frontend/src/lib/services/legal-ai-integration.ts(358,81): error TS1005: ',' expected.
sveltekit-frontend/src/lib/services/legal-ai-integration.ts(359,9): error TS1005: ':' expected.
sveltekit-frontend/src/lib/services/legal-ai-integration.ts(360,13): error TS1005: ':' expected.
sveltekit-frontend/src/lib/services/legal-ai-integration.ts(364,9): error TS1005: ',' expected.
sveltekit-frontend/src/lib/services/legal-ai-integration.ts(366,7): error TS1005: ',' expected.
sveltekit-frontend/src/lib/services/legal-ai-integration.ts(366,11): error TS1003: Identifier expected.
sveltekit-frontend/src/lib/services/legal-ai-integration.ts(366,21): error TS1138: Parameter declaration expected.
sveltekit-frontend/src/lib/services/legal-ai-integration.ts(366,25): error TS1005: ',' expected.
sveltekit-frontend/src/lib/services/legal-ai-integration.ts(366,27): error TS1136: Property assignment expected.
sveltekit-frontend/src/lib/services/legal-ai-integration.ts(370,5): error TS1128: Declaration or statement expected.
sveltekit-frontend/src/lib/services/legal-ai-integration.ts(370,7): error TS1005: 'try' expected.
sveltekit-frontend/src/lib/services/legal-ai-integration.ts(377,3): error TS1128: Declaration or statement expected.
sveltekit-frontend/src/lib/services/legal-ai-integration.ts(378,3): error TS1128: Declaration or statement expected.
sveltekit-frontend/src/lib/services/legal-ai-integration.ts(378,11): error TS1434: Unexpected keyword or identifier.
sveltekit-frontend/src/lib/services/legal-ai-integration.ts(378,41): error TS1135: Argument expression expected.
sveltekit-frontend/src/lib/services/legal-ai-integration.ts(378,50): error TS1005: ';' expected.
sveltekit-frontend/src/lib/services/legal-ai-integration.ts(378,64): error TS1109: Expression expected.
sveltekit-frontend/src/lib/services/legal-ai-integration.ts(381,17): error TS1138: Parameter declaration expected.
sveltekit-frontend/src/lib/services/legal-ai-integration.ts(381,37): error TS1005: ',' expected.
sveltekit-frontend/src/lib/services/legal-ai-integration.ts(381,39): error TS1136: Property assignment expected.
sveltekit-frontend/src/lib/services/legal-ai-integration.ts(386,3): error TS1128: Declaration or statement expected.
sveltekit-frontend/src/lib/services/legal-ai-integration.ts(388,27): error TS1109: Expression expected.
sveltekit-frontend/src/lib/services/legal-ai-integration.ts(401,3): error TS1434: Unexpected keyword or identifier.
sveltekit-frontend/src/lib/services/legal-ai-integration.ts(401,36): error TS1109: Expression expected.
sveltekit-frontend/src/lib/services/legal-ai-integration.ts(401,46): error TS1109: Expression expected.
sveltekit-frontend/src/lib/services/legal-ai-integration.ts(401,60): error TS1109: Expression expected.
sveltekit-frontend/src/lib/services/legal-ai-integration.ts(403,11): error TS1005: ':' expected.
sveltekit-frontend/src/lib/services/legal-ai-integration.ts(403,41): error TS1109: Expression expected.
sveltekit-frontend/src/lib/services/legal-ai-integration.ts(403,43): error TS1005: ':' expected.
sveltekit-frontend/src/lib/services/legal-ai-integration.ts(407,6): error TS1005: ',' expected.
sveltekit-frontend/src/lib/services/legal-ai-integration.ts(414,5): error TS1005: ',' expected.
sveltekit-frontend/src/lib/services/legal-ai-integration.ts(414,11): error TS1005: ',' expected.
sveltekit-frontend/src/lib/services/legal-ai-integration.ts(414,19): error TS1005: ',' expected.
sveltekit-frontend/src/lib/services/legal-ai-integration.ts(414,45): error TS1005: ',' expected.
sveltekit-frontend/src/lib/services/legal-ai-integration.ts(416,13): error TS1109: Expression expected.
sveltekit-frontend/src/lib/services/legal-ai-integration.ts(418,13): error TS1005: ',' expected.
sveltekit-frontend/src/lib/services/legal-ai-integration.ts(418,27): error TS1005: ',' expected.
sveltekit-frontend/src/lib/services/legal-ai-integration.ts(418,29): error TS1136: Property assignment expected.
sveltekit-frontend/src/lib/services/legal-ai-integration.ts(424,3): error TS1128: Declaration or statement expected.
sveltekit-frontend/src/lib/services/legal-ai-integration.ts(425,1): error TS1128: Declaration or statement expected.
sveltekit-frontend/src/lib/services/legal-document-stream.ts(35,3): error TS1109: Expression expected.
sveltekit-frontend/src/lib/services/legal-document-stream.ts(36,3): error TS1109: Expression expected.
sveltekit-frontend/src/lib/services/legal-document-stream.ts(97,53): error TS1005: '>' expected.
sveltekit-frontend/src/lib/services/legal-document-stream.ts(97,63): error TS1109: Expression expected.
sveltekit-frontend/src/lib/services/legal-document-stream.ts(97,64): error TS1109: Expression expected.
sveltekit-frontend/src/lib/services/legal-document-stream.ts(138,21): error TS1005: ',' expected.
sveltekit-frontend/src/lib/services/legal-document-stream.ts(165,31): error TS1005: ';' expected.
sveltekit-frontend/src/lib/services/legal-document-stream.ts(165,32): error TS1131: Property or signature expected.
sveltekit-frontend/src/lib/services/legal-document-stream.ts(167,3): error TS1068: Unexpected token. A constructor, method, accessor, or property was expected.
sveltekit-frontend/src/lib/services/legal-document-stream.ts(167,4): error TS1068: Unexpected token. A constructor, method, accessor, or property was expected.
sveltekit-frontend/src/lib/services/legal-document-stream.ts(167,14): error TS1139: Type parameter declaration expected.
sveltekit-frontend/src/lib/services/legal-document-stream.ts(167,18): error TS1109: Expression expected.
sveltekit-frontend/src/lib/services/legal-document-stream.ts(168,11): error TS1005: ':' expected.
sveltekit-frontend/src/lib/services/legal-document-stream.ts(168,58): error TS1005: ',' expected.
sveltekit-frontend/src/lib/services/legal-document-stream.ts(169,9): error TS1003: Identifier expected.
sveltekit-frontend/src/lib/services/legal-document-stream.ts(169,21): error TS1138: Parameter declaration expected.
sveltekit-frontend/src/lib/services/legal-document-stream.ts(172,5): error TS1005: ',' expected.
sveltekit-frontend/src/lib/services/legal-document-stream.ts(172,11): error TS1005: ':' expected.
sveltekit-frontend/src/lib/services/legal-document-stream.ts(176,23): error TS1005: ',' expected.
sveltekit-frontend/src/lib/services/legal-document-stream.ts(176,24): error TS1136: Property assignment expected.
sveltekit-frontend/src/lib/services/legal-document-stream.ts(176,26): error TS1005: ',' expected.
sveltekit-frontend/src/lib/services/legal-document-stream.ts(177,13): error TS1003: Identifier expected.
sveltekit-frontend/src/lib/services/legal-document-stream.ts(177,88): error TS1005: ',' expected.
sveltekit-frontend/src/lib/services/legal-document-stream.ts(178,11): error TS1005: ':' expected.
sveltekit-frontend/src/lib/services/legal-document-stream.ts(178,33): error TS1005: ',' expected.
sveltekit-frontend/src/lib/services/legal-document-stream.ts(179,9): error TS1005: ':' expected.
sveltekit-frontend/src/lib/services/legal-document-stream.ts(181,11): error TS1005: ':' expected.
sveltekit-frontend/src/lib/services/legal-document-stream.ts(191,9): error TS1005: ',' expected.
sveltekit-frontend/src/lib/services/legal-document-stream.ts(193,11): error TS1005: ':' expected.
sveltekit-frontend/src/lib/services/legal-document-stream.ts(203,9): error TS1005: ',' expected.
sveltekit-frontend/src/lib/services/legal-document-stream.ts(208,7): error TS1005: ',' expected.
sveltekit-frontend/src/lib/services/legal-document-stream.ts(208,13): error TS1005: ':' expected.
sveltekit-frontend/src/lib/services/legal-document-stream.ts(208,82): error TS1005: ',' expected.
sveltekit-frontend/src/lib/services/legal-document-stream.ts(210,11): error TS1005: ':' expected.
sveltekit-frontend/src/lib/services/legal-document-stream.ts(219,9): error TS1005: ',' expected.
sveltekit-frontend/src/lib/services/legal-document-stream.ts(224,7): error TS1005: ',' expected.
sveltekit-frontend/src/lib/services/legal-document-stream.ts(224,11): error TS1005: ':' expected.
sveltekit-frontend/src/lib/services/legal-document-stream.ts(233,9): error TS1005: ',' expected.
sveltekit-frontend/src/lib/services/legal-document-stream.ts(235,11): error TS1005: ',' expected.
sveltekit-frontend/src/lib/services/legal-document-stream.ts(235,49): error TS1005: ',' expected.
sveltekit-frontend/src/lib/services/legal-document-stream.ts(253,7): error TS1005: ',' expected.
sveltekit-frontend/src/lib/services/legal-document-stream.ts(253,35): error TS1138: Parameter declaration expected.
sveltekit-frontend/src/lib/services/legal-document-stream.ts(253,80): error TS1109: Expression expected.
sveltekit-frontend/src/lib/services/legal-document-stream.ts(253,83): error TS1005: ':' expected.
sveltekit-frontend/src/lib/services/legal-document-stream.ts(253,85): error TS1136: Property assignment expected.
sveltekit-frontend/src/lib/services/legal-document-stream.ts(261,11): error TS1135: Argument expression expected.
sveltekit-frontend/src/lib/services/legal-document-stream.ts(293,5): error TS1128: Declaration or statement expected.
sveltekit-frontend/src/lib/services/legal-document-stream.ts(293,7): error TS1005: 'try' expected.
sveltekit-frontend/src/lib/services/legal-document-stream.ts(307,3): error TS1128: Declaration or statement expected.
sveltekit-frontend/src/lib/services/legal-document-stream.ts(311,3): error TS1434: Unexpected keyword or identifier.
sveltekit-frontend/src/lib/services/legal-document-stream.ts(313,30): error TS1011: An element access expression should take an argument.
sveltekit-frontend/src/lib/services/legal-document-stream.ts(315,17): error TS1109: Expression expected.
sveltekit-frontend/src/lib/services/legal-document-stream.ts(316,26): error TS1109: Expression expected.
sveltekit-frontend/src/lib/services/legal-document-stream.ts(317,21): error TS1109: Expression expected.
sveltekit-frontend/src/lib/services/legal-document-stream.ts(317,53): error TS1005: ';' expected.
sveltekit-frontend/src/lib/services/legal-document-stream.ts(318,7): error TS2809: Declaration or statement expected. This '=' follows a block of statements, so if you intended to write a destructuring assignment, you might need to wrap the whole assignment in parentheses.
sveltekit-frontend/src/lib/services/legal-document-stream.ts(319,3): error TS1128: Declaration or statement expected.
sveltekit-frontend/src/lib/services/legal-document-stream.ts(319,4): error TS1128: Declaration or statement expected.
sveltekit-frontend/src/lib/services/legal-document-stream.ts(319,18): error TS1109: Expression expected.
sveltekit-frontend/src/lib/services/legal-document-stream.ts(320,11): error TS1005: ':' expected.
sveltekit-frontend/src/lib/services/legal-document-stream.ts(320,58): error TS1005: ',' expected.
sveltekit-frontend/src/lib/services/legal-document-stream.ts(321,9): error TS1003: Identifier expected.
sveltekit-frontend/src/lib/services/legal-document-stream.ts(321,21): error TS1138: Parameter declaration expected.
sveltekit-frontend/src/lib/services/legal-document-stream.ts(324,5): error TS1005: ',' expected.
sveltekit-frontend/src/lib/services/legal-document-stream.ts(324,11): error TS1005: ':' expected.
sveltekit-frontend/src/lib/services/legal-document-stream.ts(328,20): error TS1005: ',' expected.
sveltekit-frontend/src/lib/services/legal-document-stream.ts(328,21): error TS1136: Property assignment expected.
sveltekit-frontend/src/lib/services/legal-document-stream.ts(328,23): error TS1005: ',' expected.
sveltekit-frontend/src/lib/services/legal-document-stream.ts(329,11): error TS1005: ':' expected.
sveltekit-frontend/src/lib/services/legal-document-stream.ts(329,86): error TS1005: ',' expected.
sveltekit-frontend/src/lib/services/legal-document-stream.ts(330,13): error TS1003: Identifier expected.
sveltekit-frontend/src/lib/services/legal-document-stream.ts(330,92): error TS1005: ',' expected.
sveltekit-frontend/src/lib/services/legal-document-stream.ts(332,11): error TS1005: ':' expected.
sveltekit-frontend/src/lib/services/legal-document-stream.ts(332,83): error TS1005: ',' expected.
sveltekit-frontend/src/lib/services/legal-document-stream.ts(334,11): error TS1005: ':' expected.
sveltekit-frontend/src/lib/services/legal-document-stream.ts(334,64): error TS1005: ',' expected.
sveltekit-frontend/src/lib/services/legal-document-stream.ts(335,9): error TS1005: ',' expected.
sveltekit-frontend/src/lib/services/legal-document-stream.ts(335,25): error TS1109: Expression expected.
sveltekit-frontend/src/lib/services/legal-document-stream.ts(335,28): error TS1005: ':' expected.
sveltekit-frontend/src/lib/services/legal-document-stream.ts(336,14): error TS1005: ',' expected.
sveltekit-frontend/src/lib/services/legal-document-stream.ts(336,26): error TS1109: Expression expected.
sveltekit-frontend/src/lib/services/legal-document-stream.ts(336,28): error TS1003: Identifier expected.
sveltekit-frontend/src/lib/services/legal-document-stream.ts(336,29): error TS1138: Parameter declaration expected.
sveltekit-frontend/src/lib/services/legal-document-stream.ts(336,43): error TS1005: ',' expected.
sveltekit-frontend/src/lib/services/legal-document-stream.ts(336,53): error TS1005: ',' expected.
sveltekit-frontend/src/lib/services/legal-document-stream.ts(336,61): error TS1005: ',' expected.
sveltekit-frontend/src/lib/services/legal-document-stream.ts(336,75): error TS1005: ',' expected.
sveltekit-frontend/src/lib/services/legal-document-stream.ts(336,77): error TS1005: ';' expected.
sveltekit-frontend/src/lib/services/legal-document-stream.ts(336,80): error TS1109: Expression expected.
sveltekit-frontend/src/lib/services/legal-document-stream.ts(337,7): error TS1109: Expression expected.
sveltekit-frontend/src/lib/services/legal-document-stream.ts(355,96): error TS1109: Expression expected.
sveltekit-frontend/src/lib/services/legal-document-stream.ts(357,9): error TS1109: Expression expected.
sveltekit-frontend/src/lib/services/legal-document-stream.ts(357,47): error TS1109: Expression expected.
sveltekit-frontend/src/lib/services/legal-document-stream.ts(359,13): error TS1128: Declaration or statement expected.
sveltekit-frontend/src/lib/services/legal-document-stream.ts(359,14): error TS1128: Declaration or statement expected.
sveltekit-frontend/src/lib/services/legal-document-stream.ts(359,15): error TS1005: 'try' expected.
sveltekit-frontend/src/lib/services/legal-document-stream.ts(359,26): error TS1005: ')' expected.
sveltekit-frontend/src/lib/services/legal-document-stream.ts(359,28): error TS1128: Declaration or statement expected.
sveltekit-frontend/src/lib/services/legal-document-stream.ts(362,14): error TS1128: Declaration or statement expected.
sveltekit-frontend/src/lib/services/legal-document-stream.ts(363,9): error TS1128: Declaration or statement expected.
sveltekit-frontend/src/lib/services/legal-document-stream.ts(369,88): error TS1136: Property assignment expected.
sveltekit-frontend/src/lib/services/legal-document-stream.ts(369,90): error TS1472: 'catch' or 'finally' expected.
sveltekit-frontend/src/lib/services/legal-document-stream.ts(370,13): error TS1005: 'try' expected.
sveltekit-frontend/src/lib/services/legal-document-stream.ts(389,5): error TS1128: Declaration or statement expected.
sveltekit-frontend/src/lib/services/legal-document-stream.ts(391,3): error TS1128: Declaration or statement expected.
sveltekit-frontend/src/lib/services/legal-document-stream.ts(395,33): error TS1135: Argument expression expected.
sveltekit-frontend/src/lib/services/legal-document-stream.ts(395,52): error TS1005: ',' expected.
sveltekit-frontend/src/lib/services/legal-document-stream.ts(395,85): error TS1005: ';' expected.
sveltekit-frontend/src/lib/services/legal-document-stream.ts(396,9): error TS1003: Identifier expected.
sveltekit-frontend/src/lib/services/legal-document-stream.ts(396,14): error TS1005: ',' expected.
sveltekit-frontend/src/lib/services/legal-document-stream.ts(396,47): error TS1005: ',' expected.
sveltekit-frontend/src/lib/services/legal-document-stream.ts(396,49): error TS1136: Property assignment expected.
sveltekit-frontend/src/lib/services/legal-document-stream.ts(400,3): error TS1128: Declaration or statement expected.
sveltekit-frontend/src/lib/services/legal-document-stream.ts(404,36): error TS1135: Argument expression expected.
sveltekit-frontend/src/lib/services/legal-document-stream.ts(404,55): error TS1005: ',' expected.
sveltekit-frontend/src/lib/services/legal-document-stream.ts(404,88): error TS1005: ';' expected.
sveltekit-frontend/src/lib/services/legal-document-stream.ts(405,11): error TS1005: ':' expected.
sveltekit-frontend/src/lib/services/legal-document-stream.ts(405,60): error TS1005: ',' expected.
sveltekit-frontend/src/lib/services/legal-document-stream.ts(416,3): error TS1434: Unexpected keyword or identifier.
sveltekit-frontend/src/lib/services/legal-document-stream.ts(416,38): error TS1135: Argument expression expected.
sveltekit-frontend/src/lib/services/legal-document-stream.ts(416,47): error TS1005: ';' expected.
sveltekit-frontend/src/lib/services/legal-document-stream.ts(416,61): error TS1109: Expression expected.
sveltekit-frontend/src/lib/services/legal-document-stream.ts(417,11): error TS1005: ':' expected.
sveltekit-frontend/src/lib/services/legal-document-stream.ts(417,58): error TS1005: ',' expected.
sveltekit-frontend/src/lib/services/legal-document-stream.ts(429,19): error TS1109: Expression expected.
sveltekit-frontend/src/lib/services/legal-document-stream.ts(429,21): error TS1434: Unexpected keyword or identifier.
sveltekit-frontend/src/lib/services/legal-document-stream.ts(435,26): error TS1109: Expression expected.
sveltekit-frontend/src/lib/services/legal-document-stream.ts(435,45): error TS1011: An element access expression should take an argument.
sveltekit-frontend/src/lib/services/legal-document-stream.ts(436,12): error TS1005: ':' expected.
sveltekit-frontend/src/lib/services/legal-document-stream.ts(436,79): error TS1005: ',' expected.
sveltekit-frontend/src/lib/services/legal-document-stream.ts(441,3): error TS1434: Unexpected keyword or identifier.
sveltekit-frontend/src/lib/services/legal-document-stream.ts(441,23): error TS1109: Expression expected.
sveltekit-frontend/src/lib/services/legal-document-stream.ts(442,11): error TS1005: ':' expected.
sveltekit-frontend/src/lib/services/legal-document-stream.ts(442,70): error TS1005: ',' expected.
sveltekit-frontend/src/lib/services/legal-document-stream.ts(443,12): error TS1005: ':' expected.
sveltekit-frontend/src/lib/services/legal-document-stream.ts(445,7): error TS1005: ',' expected.
sveltekit-frontend/src/lib/services/legal-document-stream.ts(455,3): error TS1128: Declaration or statement expected.
sveltekit-frontend/src/lib/services/legal-document-stream.ts(455,34): error TS1135: Argument expression expected.
sveltekit-frontend/src/lib/services/legal-document-stream.ts(455,50): error TS1005: ',' expected.
sveltekit-frontend/src/lib/services/legal-document-stream.ts(455,65): error TS1005: ';' expected.
sveltekit-frontend/src/lib/services/legal-document-stream.ts(456,11): error TS1005: ':' expected.
sveltekit-frontend/src/lib/services/legal-document-stream.ts(456,60): error TS1005: ',' expected.
sveltekit-frontend/src/lib/services/legal-document-stream.ts(467,3): error TS1128: Declaration or statement expected.
sveltekit-frontend/src/lib/services/legal-document-stream.ts(467,39): error TS1135: Argument expression expected.
sveltekit-frontend/src/lib/services/legal-document-stream.ts(467,60): error TS1005: ',' expected.
sveltekit-frontend/src/lib/services/legal-document-stream.ts(467,78): error TS1005: ',' expected.
sveltekit-frontend/src/lib/services/legal-document-stream.ts(467,94): error TS1005: ',' expected.
sveltekit-frontend/src/lib/services/legal-document-stream.ts(467,110): error TS1005: ',' expected.
sveltekit-frontend/src/lib/services/legal-document-stream.ts(467,120): error TS1005: ';' expected.
sveltekit-frontend/src/lib/services/legal-document-stream.ts(468,9): error TS1005: ':' expected.
sveltekit-frontend/src/lib/services/legal-document-stream.ts(478,7): error TS1005: ',' expected.
sveltekit-frontend/src/lib/services/legal-document-stream.ts(480,3): error TS1128: Declaration or statement expected.
sveltekit-frontend/src/lib/services/legal-document-stream.ts(480,43): error TS1135: Argument expression expected.
sveltekit-frontend/src/lib/services/legal-document-stream.ts(480,61): error TS1005: ',' expected.
sveltekit-frontend/src/lib/services/legal-document-stream.ts(480,72): error TS1005: ';' expected.
sveltekit-frontend/src/lib/services/legal-document-stream.ts(481,9): error TS1005: ':' expected.
sveltekit-frontend/src/lib/services/legal-document-stream.ts(481,40): error TS1109: Expression expected.
sveltekit-frontend/src/lib/services/legal-document-stream.ts(481,41): error TS1136: Property assignment expected.
sveltekit-frontend/src/lib/services/legal-document-stream.ts(481,42): error TS1109: Expression expected.
sveltekit-frontend/src/lib/services/legal-document-stream.ts(491,5): error TS1128: Declaration or statement expected.
sveltekit-frontend/src/lib/services/legal-document-stream.ts(493,3): error TS1128: Declaration or statement expected.
sveltekit-frontend/src/lib/services/legal-document-stream.ts(494,3): error TS1128: Declaration or statement expected.
sveltekit-frontend/src/lib/services/legal-document-stream.ts(494,45): error TS1135: Argument expression expected.
sveltekit-frontend/src/lib/services/legal-document-stream.ts(494,61): error TS1011: An element access expression should take an argument.
sveltekit-frontend/src/lib/services/legal-document-stream.ts(494,70): error TS1005: ',' expected.
sveltekit-frontend/src/lib/services/legal-document-stream.ts(494,104): error TS1005: ';' expected.
sveltekit-frontend/src/lib/services/legal-document-stream.ts(494,123): error TS1005: ';' expected.
sveltekit-frontend/src/lib/services/legal-document-stream.ts(507,3): error TS1128: Declaration or statement expected.
sveltekit-frontend/src/lib/services/legal-document-stream.ts(507,31): error TS1135: Argument expression expected.
sveltekit-frontend/src/lib/services/legal-document-stream.ts(507,35): error TS1011: An element access expression should take an argument.
sveltekit-frontend/src/lib/services/legal-document-stream.ts(507,43): error TS1005: ',' expected.
sveltekit-frontend/src/lib/services/legal-document-stream.ts(507,53): error TS1005: ';' expected.
sveltekit-frontend/src/lib/services/legal-document-stream.ts(507,57): error TS1011: An element access expression should take an argument.
sveltekit-frontend/src/lib/services/legal-document-stream.ts(507,62): error TS1005: ';' expected.
sveltekit-frontend/src/lib/services/legal-document-stream.ts(509,51): error TS1109: Expression expected.
sveltekit-frontend/src/lib/services/legal-document-stream.ts(510,43): error TS1005: ')' expected.
sveltekit-frontend/src/lib/services/legal-document-stream.ts(514,3): error TS1128: Declaration or statement expected.
sveltekit-frontend/src/lib/services/legal-document-stream.ts(515,12): error TS1005: ':' expected.
sveltekit-frontend/src/lib/services/legal-document-stream.ts(522,3): error TS1128: Declaration or statement expected.
sveltekit-frontend/src/lib/services/legal-document-stream.ts(522,40): error TS1109: Expression expected.
sveltekit-frontend/src/lib/services/legal-document-stream.ts(524,17): error TS1138: Parameter declaration expected.
sveltekit-frontend/src/lib/services/legal-document-stream.ts(524,21): error TS1005: '(' expected.
sveltekit-frontend/src/lib/services/legal-document-stream.ts(530,13): error TS1005: ';' expected.
sveltekit-frontend/src/lib/services/legal-document-stream.ts(531,3): error TS1128: Declaration or statement expected.
sveltekit-frontend/src/lib/services/legal-document-stream.ts(532,1): error TS1128: Declaration or statement expected.
sveltekit-frontend/src/lib/services/legal-document.service.ts(10,1): error TS1128: Declaration or statement expected.
sveltekit-frontend/src/lib/services/legal-document.service.ts(17,1): error TS1128: Declaration or statement expected.
sveltekit-frontend/src/lib/services/legal-document.service.ts(23,1): error TS1128: Declaration or statement expected.
sveltekit-frontend/src/lib/services/legal-document.service.ts(33,3): error TS1068: Unexpected token. A constructor, method, accessor, or property was expected.
sveltekit-frontend/src/lib/services/legal-document.service.ts(33,5): error TS1068: Unexpected token. A constructor, method, accessor, or property was expected.
sveltekit-frontend/src/lib/services/legal-document.service.ts(34,3): error TS1434: Unexpected keyword or identifier.
sveltekit-frontend/src/lib/services/legal-document.service.ts(34,36): error TS1135: Argument expression expected.
sveltekit-frontend/src/lib/services/legal-document.service.ts(34,45): error TS1005: ';' expected.
sveltekit-frontend/src/lib/services/legal-document.service.ts(35,9): error TS1005: ':' expected.
sveltekit-frontend/src/lib/services/legal-document.service.ts(37,13): error TS1005: ':' expected.
sveltekit-frontend/src/lib/services/legal-document.service.ts(37,74): error TS1005: ',' expected.
sveltekit-frontend/src/lib/services/legal-document.service.ts(38,11): error TS1003: Identifier expected.
sveltekit-frontend/src/lib/services/legal-document.service.ts(42,7): error TS1005: ',' expected.
sveltekit-frontend/src/lib/services/legal-document.service.ts(42,13): error TS1005: ':' expected.
sveltekit-frontend/src/lib/services/legal-document.service.ts(42,72): error TS1005: ',' expected.
sveltekit-frontend/src/lib/services/legal-document.service.ts(44,13): error TS1005: ':' expected.
sveltekit-frontend/src/lib/services/legal-document.service.ts(44,31): error TS1109: Expression expected.
sveltekit-frontend/src/lib/services/legal-document.service.ts(45,15): error TS1005: ',' expected.
sveltekit-frontend/src/lib/services/legal-document.service.ts(45,20): error TS1005: ',' expected.
sveltekit-frontend/src/lib/services/legal-document.service.ts(45,70): error TS1005: ',' expected.
sveltekit-frontend/src/lib/services/legal-document.service.ts(47,13): error TS1005: ':' expected.
sveltekit-frontend/src/lib/services/legal-document.service.ts(47,79): error TS1005: ',' expected.
sveltekit-frontend/src/lib/services/legal-document.service.ts(48,14): error TS1005: ':' expected.
sveltekit-frontend/src/lib/services/legal-document.service.ts(59,11): error TS1136: Property assignment expected.
sveltekit-frontend/src/lib/services/legal-document.service.ts(63,7): error TS1005: ',' expected.
sveltekit-frontend/src/lib/services/legal-document.service.ts(68,3): error TS1434: Unexpected keyword or identifier.
sveltekit-frontend/src/lib/services/legal-document.service.ts(68,28): error TS1135: Argument expression expected.
sveltekit-frontend/src/lib/services/legal-document.service.ts(68,37): error TS1005: ';' expected.
sveltekit-frontend/src/lib/services/legal-document.service.ts(68,61): error TS1011: An element access expression should take an argument.
sveltekit-frontend/src/lib/services/legal-document.service.ts(69,11): error TS1005: ':' expected.
sveltekit-frontend/src/lib/services/legal-document.service.ts(69,71): error TS1005: ',' expected.
sveltekit-frontend/src/lib/services/legal-document.service.ts(70,11): error TS1005: ':' expected.
sveltekit-frontend/src/lib/services/legal-document.service.ts(72,6): error TS1005: ',' expected.
sveltekit-frontend/src/lib/services/legal-document.service.ts(73,12): error TS1005: ':' expected.
sveltekit-frontend/src/lib/services/legal-document.service.ts(73,21): error TS1005: ',' expected.
sveltekit-frontend/src/lib/services/legal-document.service.ts(75,3): error TS1128: Declaration or statement expected.
sveltekit-frontend/src/lib/services/legal-document.service.ts(75,30): error TS1135: Argument expression expected.
sveltekit-frontend/src/lib/services/legal-document.service.ts(75,39): error TS1005: ';' expected.
sveltekit-frontend/src/lib/services/legal-document.service.ts(75,81): error TS1005: ';' expected.
sveltekit-frontend/src/lib/services/legal-document.service.ts(81,3): error TS1128: Declaration or statement expected.
sveltekit-frontend/src/lib/services/legal-document.service.ts(83,39): error TS1011: An element access expression should take an argument.
sveltekit-frontend/src/lib/services/legal-document.service.ts(84,3): error TS1128: Declaration or statement expected.
sveltekit-frontend/src/lib/services/legal-document.service.ts(84,4): error TS1128: Declaration or statement expected.
sveltekit-frontend/src/lib/services/legal-document.service.ts(84,17): error TS1011: An element access expression should take an argument.
sveltekit-frontend/src/lib/services/legal-document.service.ts(85,11): error TS1005: ':' expected.
sveltekit-frontend/src/lib/services/legal-document.service.ts(85,18): error TS1005: ',' expected.
sveltekit-frontend/src/lib/services/legal-document.service.ts(85,30): error TS1005: ',' expected.
sveltekit-frontend/src/lib/services/legal-document.service.ts(85,31): error TS1109: Expression expected.
sveltekit-frontend/src/lib/services/legal-document.service.ts(85,33): error TS1005: ':' expected.
sveltekit-frontend/src/lib/services/legal-document.service.ts(85,37): error TS1005: ',' expected.
sveltekit-frontend/src/lib/services/legal-document.service.ts(87,11): error TS1005: ':' expected.
sveltekit-frontend/src/lib/services/legal-document.service.ts(87,75): error TS1005: ',' expected.
sveltekit-frontend/src/lib/services/legal-document.service.ts(88,17): error TS1005: ',' expected.
sveltekit-frontend/src/lib/services/legal-document.service.ts(96,7): error TS1005: ',' expected.
sveltekit-frontend/src/lib/services/legal-document.service.ts(98,19): error TS1005: ',' expected.
sveltekit-frontend/src/lib/services/legal-document.service.ts(98,25): error TS1005: ';' expected.
sveltekit-frontend/src/lib/services/legal-document.service.ts(106,7): error TS1128: Declaration or statement expected.
sveltekit-frontend/src/lib/services/legal-document.service.ts(116,3): error TS1128: Declaration or statement expected.
sveltekit-frontend/src/lib/services/legal-document.service.ts(117,3): error TS1128: Declaration or statement expected.
sveltekit-frontend/src/lib/services/legal-document.service.ts(119,39): error TS1011: An element access expression should take an argument.
sveltekit-frontend/src/lib/services/legal-document.service.ts(120,3): error TS1128: Declaration or statement expected.
sveltekit-frontend/src/lib/services/legal-document.service.ts(120,4): error TS1128: Declaration or statement expected.
sveltekit-frontend/src/lib/services/legal-document.service.ts(120,13): error TS1011: An element access expression should take an argument.
sveltekit-frontend/src/lib/services/legal-document.service.ts(121,11): error TS1005: ':' expected.
sveltekit-frontend/src/lib/services/legal-document.service.ts(121,26): error TS1005: ',' expected.
sveltekit-frontend/src/lib/services/legal-document.service.ts(121,34): error TS1005: ',' expected.
sveltekit-frontend/src/lib/services/legal-document.service.ts(121,35): error TS1109: Expression expected.
sveltekit-frontend/src/lib/services/legal-document.service.ts(121,37): error TS1005: ':' expected.
sveltekit-frontend/src/lib/services/legal-document.service.ts(121,41): error TS1005: ',' expected.
sveltekit-frontend/src/lib/services/legal-document.service.ts(123,19): error TS1005: ',' expected.
sveltekit-frontend/src/lib/services/legal-document.service.ts(123,25): error TS1005: ';' expected.
sveltekit-frontend/src/lib/services/legal-document.service.ts(133,3): error TS1128: Declaration or statement expected.
sveltekit-frontend/src/lib/services/legal-document.service.ts(134,1): error TS1128: Declaration or statement expected.
sveltekit-frontend/src/lib/services/legal-document.service.ts(142,22): error TS1005: ';' expected.
sveltekit-frontend/src/lib/services/legal-document.service.ts(143,4): error TS1128: Declaration or statement expected.
sveltekit-frontend/src/lib/services/legal-document.service.ts(157,3): error TS1128: Declaration or statement expected.
sveltekit-frontend/src/lib/services/legal-document.service.ts(157,11): error TS1434: Unexpected keyword or identifier.
sveltekit-frontend/src/lib/services/legal-document.service.ts(157,31): error TS1109: Expression expected.
sveltekit-frontend/src/lib/services/legal-document.service.ts(158,9): error TS1005: ':' expected.
sveltekit-frontend/src/lib/services/legal-document.service.ts(159,13): error TS1005: ':' expected.
sveltekit-frontend/src/lib/services/legal-document.service.ts(160,7): error TS1005: ',' expected.
sveltekit-frontend/src/lib/services/legal-document.service.ts(160,13): error TS1005: ':' expected.
sveltekit-frontend/src/lib/services/legal-document.service.ts(160,41): error TS1005: ',' expected.
sveltekit-frontend/src/lib/services/legal-document.service.ts(161,14): error TS1005: ':' expected.
sveltekit-frontend/src/lib/services/legal-document.service.ts(161,22): error TS1005: ',' expected.
sveltekit-frontend/src/lib/services/legal-document.service.ts(162,7): error TS1005: ',' expected.
sveltekit-frontend/src/lib/services/legal-document.service.ts(162,12): error TS1005: ':' expected.
sveltekit-frontend/src/lib/services/legal-document.service.ts(162,14): error TS1136: Property assignment expected.
sveltekit-frontend/src/lib/services/legal-document.service.ts(165,3): error TS1128: Declaration or statement expected.
sveltekit-frontend/src/lib/services/legal-document.service.ts(166,1): error TS1128: Declaration or statement expected.
sveltekit-frontend/src/lib/services/legal-platform-client.ts(345,7): error TS1005: '(' expected.
sveltekit-frontend/src/lib/services/legal-precedent-discovery.ts(7,1): error TS1128: Declaration or statement expected.
sveltekit-frontend/src/lib/services/legal-precedent-discovery.ts(58,28): error TS1005: ';' expected.
sveltekit-frontend/src/lib/services/legal-precedent-discovery.ts(60,3): error TS1068: Unexpected token. A constructor, method, accessor, or property was expected.
sveltekit-frontend/src/lib/services/legal-precedent-discovery.ts(60,4): error TS1068: Unexpected token. A constructor, method, accessor, or property was expected.
sveltekit-frontend/src/lib/services/legal-precedent-discovery.ts(60,39): error TS1005: '(' expected.
sveltekit-frontend/src/lib/services/legal-precedent-discovery.ts(60,41): error TS1068: Unexpected token. A constructor, method, accessor, or property was expected.
sveltekit-frontend/src/lib/services/legal-precedent-discovery.ts(80,94): error TS1005: ')' expected.
sveltekit-frontend/src/lib/services/legal-precedent-discovery.ts(102,3): error TS1128: Declaration or statement expected.
sveltekit-frontend/src/lib/services/legal-precedent-discovery.ts(102,11): error TS1434: Unexpected keyword or identifier.
sveltekit-frontend/src/lib/services/legal-precedent-discovery.ts(102,46): error TS1005: ',' expected.
sveltekit-frontend/src/lib/services/legal-precedent-discovery.ts(102,52): error TS1005: ';' expected.
sveltekit-frontend/src/lib/services/legal-precedent-discovery.ts(103,9): error TS1005: ':' expected.
sveltekit-frontend/src/lib/services/legal-precedent-discovery.ts(105,13): error TS1005: ':' expected.
sveltekit-frontend/src/lib/services/legal-precedent-discovery.ts(111,9): error TS1136: Property assignment expected.
sveltekit-frontend/src/lib/services/legal-precedent-discovery.ts(111,10): error TS1136: Property assignment expected.
sveltekit-frontend/src/lib/services/legal-precedent-discovery.ts(112,14): error TS1005: ':' expected.
sveltekit-frontend/src/lib/services/legal-precedent-discovery.ts(112,53): error TS1136: Property assignment expected.
sveltekit-frontend/src/lib/services/legal-precedent-discovery.ts(124,204): error TS1005: ';' expected.
sveltekit-frontend/src/lib/services/legal-precedent-discovery.ts(124,205): error TS1005: ')' expected.
sveltekit-frontend/src/lib/services/legal-precedent-discovery.ts(124,226): error TS1005: ',' expected.
sveltekit-frontend/src/lib/services/legal-precedent-discovery.ts(124,253): error TS1005: ',' expected.
sveltekit-frontend/src/lib/services/legal-precedent-discovery.ts(124,254): error TS1136: Property assignment expected.
sveltekit-frontend/src/lib/services/legal-precedent-discovery.ts(125,199): error TS1005: ';' expected.
sveltekit-frontend/src/lib/services/legal-precedent-discovery.ts(125,200): error TS1005: ')' expected.
sveltekit-frontend/src/lib/services/legal-precedent-discovery.ts(125,221): error TS1005: ',' expected.
sveltekit-frontend/src/lib/services/legal-precedent-discovery.ts(125,222): error TS1003: Identifier expected.
sveltekit-frontend/src/lib/services/legal-precedent-discovery.ts(125,247): error TS1005: ':' expected.
sveltekit-frontend/src/lib/services/legal-precedent-discovery.ts(125,248): error TS1136: Property assignment expected.
sveltekit-frontend/src/lib/services/legal-precedent-discovery.ts(125,251): error TS1003: Identifier expected.
sveltekit-frontend/src/lib/services/legal-precedent-discovery.ts(125,256): error TS1005: ':' expected.
sveltekit-frontend/src/lib/services/legal-precedent-discovery.ts(125,257): error TS1136: Property assignment expected.
sveltekit-frontend/src/lib/services/legal-precedent-discovery.ts(128,7): error TS1128: Declaration or statement expected.
sveltekit-frontend/src/lib/services/legal-precedent-discovery.ts(128,8): error TS1128: Declaration or statement expected.
sveltekit-frontend/src/lib/services/legal-precedent-discovery.ts(129,5): error TS1128: Declaration or statement expected.
sveltekit-frontend/src/lib/services/legal-precedent-discovery.ts(129,7): error TS1005: 'try' expected.
sveltekit-frontend/src/lib/services/legal-precedent-discovery.ts(133,3): error TS1128: Declaration or statement expected.
sveltekit-frontend/src/lib/services/legal-precedent-discovery.ts(137,3): error TS1128: Declaration or statement expected.
sveltekit-frontend/src/lib/services/legal-precedent-discovery.ts(137,11): error TS1434: Unexpected keyword or identifier.
sveltekit-frontend/src/lib/services/legal-precedent-discovery.ts(137,52): error TS1135: Argument expression expected.
sveltekit-frontend/src/lib/services/legal-precedent-discovery.ts(137,58): error TS1005: ';' expected.
sveltekit-frontend/src/lib/services/legal-precedent-discovery.ts(138,9): error TS1005: ':' expected.
sveltekit-frontend/src/lib/services/legal-precedent-discovery.ts(140,13): error TS1005: ':' expected.
sveltekit-frontend/src/lib/services/legal-precedent-discovery.ts(140,88): error TS1005: ',' expected.
sveltekit-frontend/src/lib/services/legal-precedent-discovery.ts(142,13): error TS1005: ':' expected.
sveltekit-frontend/src/lib/services/legal-precedent-discovery.ts(144,8): error TS1005: ')' expected.
sveltekit-frontend/src/lib/services/legal-precedent-discovery.ts(145,14): error TS1005: ':' expected.
sveltekit-frontend/src/lib/services/legal-precedent-discovery.ts(145,71): error TS1136: Property assignment expected.
sveltekit-frontend/src/lib/services/legal-precedent-discovery.ts(161,9): error TS1005: ')' expected.
sveltekit-frontend/src/lib/services/legal-precedent-discovery.ts(162,7): error TS1005: ',' expected.
sveltekit-frontend/src/lib/services/legal-precedent-discovery.ts(170,3): error TS1128: Declaration or statement expected.
sveltekit-frontend/src/lib/services/legal-precedent-discovery.ts(170,11): error TS1434: Unexpected keyword or identifier.
sveltekit-frontend/src/lib/services/legal-precedent-discovery.ts(170,47): error TS1135: Argument expression expected.
sveltekit-frontend/src/lib/services/legal-precedent-discovery.ts(170,53): error TS1005: ';' expected.
sveltekit-frontend/src/lib/services/legal-precedent-discovery.ts(171,9): error TS1005: ':' expected.
sveltekit-frontend/src/lib/services/legal-precedent-discovery.ts(173,13): error TS1005: ':' expected.
sveltekit-frontend/src/lib/services/legal-precedent-discovery.ts(176,31): error TS1136: Property assignment expected.
sveltekit-frontend/src/lib/services/legal-precedent-discovery.ts(184,24): error TS1005: ',' expected.
sveltekit-frontend/src/lib/services/legal-precedent-discovery.ts(186,9): error TS1136: Property assignment expected.
sveltekit-frontend/src/lib/services/legal-precedent-discovery.ts(187,8): error TS1005: ',' expected.
sveltekit-frontend/src/lib/services/legal-precedent-discovery.ts(187,9): error TS1136: Property assignment expected.
sveltekit-frontend/src/lib/services/legal-precedent-discovery.ts(188,13): error TS1005: ':' expected.
sveltekit-frontend/src/lib/services/legal-precedent-discovery.ts(188,61): error TS1005: ',' expected.
sveltekit-frontend/src/lib/services/legal-precedent-discovery.ts(189,13): error TS1005: ':' expected.
sveltekit-frontend/src/lib/services/legal-precedent-discovery.ts(189,88): error TS1005: ',' expected.
sveltekit-frontend/src/lib/services/legal-precedent-discovery.ts(190,14): error TS1005: ':' expected.
sveltekit-frontend/src/lib/services/legal-precedent-discovery.ts(190,55): error TS1136: Property assignment expected.
sveltekit-frontend/src/lib/services/legal-precedent-discovery.ts(206,9): error TS1005: ')' expected.
sveltekit-frontend/src/lib/services/legal-precedent-discovery.ts(207,7): error TS1005: ';' expected.
sveltekit-frontend/src/lib/services/legal-precedent-discovery.ts(211,3): error TS1128: Declaration or statement expected.
sveltekit-frontend/src/lib/services/legal-precedent-discovery.ts(215,3): error TS1128: Declaration or statement expected.
sveltekit-frontend/src/lib/services/legal-precedent-discovery.ts(215,47): error TS1135: Argument expression expected.
sveltekit-frontend/src/lib/services/legal-precedent-discovery.ts(215,79): error TS1011: An element access expression should take an argument.
sveltekit-frontend/src/lib/services/legal-precedent-discovery.ts(215,81): error TS1005: ';' expected.
sveltekit-frontend/src/lib/services/legal-precedent-discovery.ts(215,102): error TS1109: Expression expected.
sveltekit-frontend/src/lib/services/legal-precedent-discovery.ts(215,103): error TS1109: Expression expected.
sveltekit-frontend/src/lib/services/legal-precedent-discovery.ts(215,105): error TS1005: ';' expected.
sveltekit-frontend/src/lib/services/legal-precedent-discovery.ts(219,171): error TS1005: ';' expected.
sveltekit-frontend/src/lib/services/legal-precedent-discovery.ts(219,172): error TS1005: ')' expected.
sveltekit-frontend/src/lib/services/legal-precedent-discovery.ts(219,185): error TS1109: Expression expected.
sveltekit-frontend/src/lib/services/legal-precedent-discovery.ts(219,206): error TS1005: ';' expected.
sveltekit-frontend/src/lib/services/legal-precedent-discovery.ts(225,6): error TS1128: Declaration or statement expected.
sveltekit-frontend/src/lib/services/legal-precedent-discovery.ts(226,45): error TS1005: ')' expected.
sveltekit-frontend/src/lib/services/legal-precedent-discovery.ts(227,7): error TS1128: Declaration or statement expected.
sveltekit-frontend/src/lib/services/legal-precedent-discovery.ts(228,20): error TS1005: ')' expected.
sveltekit-frontend/src/lib/services/legal-precedent-discovery.ts(229,3): error TS1128: Declaration or statement expected.
sveltekit-frontend/src/lib/services/legal-precedent-discovery.ts(233,3): error TS1128: Declaration or statement expected.
sveltekit-frontend/src/lib/services/legal-precedent-discovery.ts(233,11): error TS1434: Unexpected keyword or identifier.
sveltekit-frontend/src/lib/services/legal-precedent-discovery.ts(233,51): error TS1135: Argument expression expected.
sveltekit-frontend/src/lib/services/legal-precedent-discovery.ts(233,72): error TS1011: An element access expression should take an argument.
sveltekit-frontend/src/lib/services/legal-precedent-discovery.ts(233,74): error TS1005: ';' expected.
sveltekit-frontend/src/lib/services/legal-precedent-discovery.ts(233,101): error TS1011: An element access expression should take an argument.
sveltekit-frontend/src/lib/services/legal-precedent-discovery.ts(234,11): error TS1005: ':' expected.
sveltekit-frontend/src/lib/services/legal-precedent-discovery.ts(234,38): error TS1109: Expression expected.
sveltekit-frontend/src/lib/services/legal-precedent-discovery.ts(234,39): error TS1005: ':' expected.
sveltekit-frontend/src/lib/services/legal-precedent-discovery.ts(234,41): error TS1136: Property assignment expected.
sveltekit-frontend/src/lib/services/legal-precedent-discovery.ts(234,44): error TS1109: Expression expected.
sveltekit-frontend/src/lib/services/legal-precedent-discovery.ts(234,45): error TS1005: ':' expected.
sveltekit-frontend/src/lib/services/legal-precedent-discovery.ts(236,14): error TS1005: ',' expected.
sveltekit-frontend/src/lib/services/legal-precedent-discovery.ts(236,17): error TS1109: Expression expected.
sveltekit-frontend/src/lib/services/legal-precedent-discovery.ts(236,19): error TS1003: Identifier expected.
sveltekit-frontend/src/lib/services/legal-precedent-discovery.ts(236,20): error TS1138: Parameter declaration expected.
sveltekit-frontend/src/lib/services/legal-precedent-discovery.ts(236,21): error TS1138: Parameter declaration expected.
sveltekit-frontend/src/lib/services/legal-precedent-discovery.ts(236,25): error TS1005: ',' expected.
sveltekit-frontend/src/lib/services/legal-precedent-discovery.ts(236,38): error TS1005: ',' expected.
sveltekit-frontend/src/lib/services/legal-precedent-discovery.ts(236,48): error TS1005: ',' expected.
sveltekit-frontend/src/lib/services/legal-precedent-discovery.ts(236,51): error TS1005: ',' expected.
sveltekit-frontend/src/lib/services/legal-precedent-discovery.ts(236,53): error TS1005: ';' expected.
sveltekit-frontend/src/lib/services/legal-precedent-discovery.ts(236,56): error TS1109: Expression expected.
sveltekit-frontend/src/lib/services/legal-precedent-discovery.ts(237,7): error TS1109: Expression expected.
sveltekit-frontend/src/lib/services/legal-precedent-discovery.ts(237,56): error TS1109: Expression expected.
sveltekit-frontend/src/lib/services/legal-precedent-discovery.ts(238,9): error TS1109: Expression expected.
sveltekit-frontend/src/lib/services/legal-precedent-discovery.ts(251,3): error TS1128: Declaration or statement expected.
sveltekit-frontend/src/lib/services/legal-precedent-discovery.ts(255,3): error TS1128: Declaration or statement expected.
sveltekit-frontend/src/lib/services/legal-precedent-discovery.ts(255,37): error TS1135: Argument expression expected.
sveltekit-frontend/src/lib/services/legal-precedent-discovery.ts(255,65): error TS1005: ',' expected.
sveltekit-frontend/src/lib/services/legal-precedent-discovery.ts(255,75): error TS1005: ';' expected.
sveltekit-frontend/src/lib/services/legal-precedent-discovery.ts(255,77): error TS1434: Unexpected keyword or identifier.
sveltekit-frontend/src/lib/services/legal-precedent-discovery.ts(271,3): error TS1128: Declaration or statement expected.
sveltekit-frontend/src/lib/services/legal-precedent-discovery.ts(271,11): error TS1434: Unexpected keyword or identifier.
sveltekit-frontend/src/lib/services/legal-precedent-discovery.ts(271,51): error TS1135: Argument expression expected.
sveltekit-frontend/src/lib/services/legal-precedent-discovery.ts(271,60): error TS1005: ';' expected.
sveltekit-frontend/src/lib/services/legal-precedent-discovery.ts(273,11): error TS1005: ':' expected.
sveltekit-frontend/src/lib/services/legal-precedent-discovery.ts(273,97): error TS1005: ':' expected.
sveltekit-frontend/src/lib/services/legal-precedent-discovery.ts(273,98): error TS1136: Property assignment expected.
sveltekit-frontend/src/lib/services/legal-precedent-discovery.ts(274,12): error TS1005: ':' expected.
sveltekit-frontend/src/lib/services/legal-precedent-discovery.ts(276,3): error TS1128: Declaration or statement expected.
sveltekit-frontend/src/lib/services/legal-precedent-discovery.ts(276,35): error TS1135: Argument expression expected.
sveltekit-frontend/src/lib/services/legal-precedent-discovery.ts(276,41): error TS1005: ';' expected.
sveltekit-frontend/src/lib/services/legal-precedent-discovery.ts(276,43): error TS1434: Unexpected keyword or identifier.
sveltekit-frontend/src/lib/services/legal-precedent-discovery.ts(277,374): error TS1005: ';' expected.
sveltekit-frontend/src/lib/services/legal-precedent-discovery.ts(277,375): error TS1005: ')' expected.
sveltekit-frontend/src/lib/services/legal-precedent-discovery.ts(277,388): error TS1109: Expression expected.
sveltekit-frontend/src/lib/services/legal-precedent-discovery.ts(277,395): error TS1128: Declaration or statement expected.
sveltekit-frontend/src/lib/services/legal-precedent-discovery.ts(277,396): error TS1128: Declaration or statement expected.
sveltekit-frontend/src/lib/services/legal-precedent-discovery.ts(277,397): error TS1434: Unexpected keyword or identifier.
sveltekit-frontend/src/lib/services/legal-precedent-discovery.ts(277,407): error TS1128: Declaration or statement expected.
sveltekit-frontend/src/lib/services/legal-precedent-discovery.ts(277,408): error TS1128: Declaration or statement expected.
sveltekit-frontend/src/lib/services/legal-precedent-discovery.ts(277,422): error TS1128: Declaration or statement expected.
sveltekit-frontend/src/lib/services/legal-precedent-discovery.ts(277,423): error TS1128: Declaration or statement expected.
sveltekit-frontend/src/lib/services/legal-precedent-discovery.ts(390,71): error TS1160: Unterminated template literal.
sveltekit-frontend/src/lib/services/live-agent-orchestrator.ts(16,1): error TS1128: Declaration or statement expected.
sveltekit-frontend/src/lib/services/live-agent-orchestrator.ts(25,1): error TS1128: Declaration or statement expected.
sveltekit-frontend/src/lib/services/live-agent-orchestrator.ts(36,1): error TS1128: Declaration or statement expected.
sveltekit-frontend/src/lib/services/live-agent-orchestrator.ts(124,8): error TS1005: ';' expected.
sveltekit-frontend/src/lib/services/live-agent-orchestrator.ts(136,8): error TS1005: ';' expected.
sveltekit-frontend/src/lib/services/live-agent-orchestrator.ts(148,8): error TS1005: ';' expected.
sveltekit-frontend/src/lib/services/live-agent-orchestrator.ts(160,8): error TS1005: ';' expected.
sveltekit-frontend/src/lib/services/live-agent-orchestrator.ts(164,8): error TS1005: ';' expected.
sveltekit-frontend/src/lib/services/live-agent-orchestrator.ts(170,112): error TS1005: ';' expected.
sveltekit-frontend/src/lib/services/live-agent-orchestrator.ts(170,113): error TS1005: ')' expected.
sveltekit-frontend/src/lib/services/live-agent-orchestrator.ts(170,120): error TS1109: Expression expected.
sveltekit-frontend/src/lib/services/live-agent-orchestrator.ts(170,127): error TS1068: Unexpected token. A constructor, method, accessor, or property was expected.
sveltekit-frontend/src/lib/services/live-agent-orchestrator.ts(170,128): error TS1068: Unexpected token. A constructor, method, accessor, or property was expected.
sveltekit-frontend/src/lib/services/live-agent-orchestrator.ts(170,129): error TS1434: Unexpected keyword or identifier.
sveltekit-frontend/src/lib/services/live-agent-orchestrator.ts(170,131): error TS1068: Unexpected token. A constructor, method, accessor, or property was expected.
sveltekit-frontend/src/lib/services/live-agent-orchestrator.ts(173,101): error TS1005: ';' expected.
sveltekit-frontend/src/lib/services/live-agent-orchestrator.ts(173,102): error TS1005: ')' expected.
sveltekit-frontend/src/lib/services/live-agent-orchestrator.ts(173,109): error TS1109: Expression expected.
sveltekit-frontend/src/lib/services/live-agent-orchestrator.ts(173,116): error TS1068: Unexpected token. A constructor, method, accessor, or property was expected.
sveltekit-frontend/src/lib/services/live-agent-orchestrator.ts(173,117): error TS1068: Unexpected token. A constructor, method, accessor, or property was expected.
sveltekit-frontend/src/lib/services/live-agent-orchestrator.ts(173,118): error TS1434: Unexpected keyword or identifier.
sveltekit-frontend/src/lib/services/live-agent-orchestrator.ts(173,120): error TS1068: Unexpected token. A constructor, method, accessor, or property was expected.
sveltekit-frontend/src/lib/services/live-agent-orchestrator.ts(175,3): error TS1128: Declaration or statement expected.
sveltekit-frontend/src/lib/services/live-agent-orchestrator.ts(177,3): error TS1128: Declaration or statement expected.
sveltekit-frontend/src/lib/services/live-agent-orchestrator.ts(177,10): error TS1434: Unexpected keyword or identifier.
sveltekit-frontend/src/lib/services/live-agent-orchestrator.ts(177,42): error TS1135: Argument expression expected.
sveltekit-frontend/src/lib/services/live-agent-orchestrator.ts(177,57): error TS1005: ';' expected.
sveltekit-frontend/src/lib/services/live-agent-orchestrator.ts(178,11): error TS1005: ':' expected.
sveltekit-frontend/src/lib/services/live-agent-orchestrator.ts(178,33): error TS1005: ',' expected.
sveltekit-frontend/src/lib/services/live-agent-orchestrator.ts(179,11): error TS1005: ':' expected.
sveltekit-frontend/src/lib/services/live-agent-orchestrator.ts(179,39): error TS1109: Expression expected.
sveltekit-frontend/src/lib/services/live-agent-orchestrator.ts(179,40): error TS1005: ':' expected.
sveltekit-frontend/src/lib/services/live-agent-orchestrator.ts(179,42): error TS1136: Property assignment expected.
sveltekit-frontend/src/lib/services/live-agent-orchestrator.ts(179,45): error TS1109: Expression expected.
sveltekit-frontend/src/lib/services/live-agent-orchestrator.ts(179,46): error TS1005: ':' expected.
sveltekit-frontend/src/lib/services/live-agent-orchestrator.ts(180,11): error TS1005: ':' expected.
sveltekit-frontend/src/lib/services/live-agent-orchestrator.ts(180,68): error TS1005: ',' expected.
sveltekit-frontend/src/lib/services/live-agent-orchestrator.ts(181,13): error TS1003: Identifier expected.
sveltekit-frontend/src/lib/services/live-agent-orchestrator.ts(181,71): error TS1005: ',' expected.
sveltekit-frontend/src/lib/services/live-agent-orchestrator.ts(183,9): error TS1005: ':' expected.
sveltekit-frontend/src/lib/services/live-agent-orchestrator.ts(183,63): error TS1005: ',' expected.
sveltekit-frontend/src/lib/services/live-agent-orchestrator.ts(184,9): error TS1005: ':' expected.
sveltekit-frontend/src/lib/services/live-agent-orchestrator.ts(186,13): error TS1005: ':' expected.
sveltekit-frontend/src/lib/services/live-agent-orchestrator.ts(186,82): error TS1005: ')' expected.
sveltekit-frontend/src/lib/services/live-agent-orchestrator.ts(187,13): error TS1005: ':' expected.
sveltekit-frontend/src/lib/services/live-agent-orchestrator.ts(187,69): error TS1005: ',' expected.
sveltekit-frontend/src/lib/services/live-agent-orchestrator.ts(189,22): error TS1003: Identifier expected.
sveltekit-frontend/src/lib/services/live-agent-orchestrator.ts(191,96): error TS1005: ';' expected.
sveltekit-frontend/src/lib/services/live-agent-orchestrator.ts(191,97): error TS1005: ')' expected.
sveltekit-frontend/src/lib/services/live-agent-orchestrator.ts(191,108): error TS1109: Expression expected.
sveltekit-frontend/src/lib/services/live-agent-orchestrator.ts(191,115): error TS1128: Declaration or statement expected.
sveltekit-frontend/src/lib/services/live-agent-orchestrator.ts(191,123): error TS1005: ',' expected.
sveltekit-frontend/src/lib/services/live-agent-orchestrator.ts(191,124): error TS1136: Property assignment expected.
sveltekit-frontend/src/lib/services/live-agent-orchestrator.ts(192,16): error TS1005: ':' expected.
sveltekit-frontend/src/lib/services/live-agent-orchestrator.ts(192,18): error TS1136: Property assignment expected.
sveltekit-frontend/src/lib/services/live-agent-orchestrator.ts(193,21): error TS1109: Expression expected.
sveltekit-frontend/src/lib/services/live-agent-orchestrator.ts(197,90): error TS1005: ';' expected.
sveltekit-frontend/src/lib/services/live-agent-orchestrator.ts(197,91): error TS1005: ',' expected.
sveltekit-frontend/src/lib/services/live-agent-orchestrator.ts(198,27): error TS1005: ';' expected.
sveltekit-frontend/src/lib/services/live-agent-orchestrator.ts(199,12): error TS1128: Declaration or statement expected.
sveltekit-frontend/src/lib/services/live-agent-orchestrator.ts(200,9): error TS1128: Declaration or statement expected.
sveltekit-frontend/src/lib/services/live-agent-orchestrator.ts(201,7): error TS1128: Declaration or statement expected.
sveltekit-frontend/src/lib/services/live-agent-orchestrator.ts(201,8): error TS1128: Declaration or statement expected.
sveltekit-frontend/src/lib/services/live-agent-orchestrator.ts(215,5): error TS1128: Declaration or statement expected.
sveltekit-frontend/src/lib/services/live-agent-orchestrator.ts(215,7): error TS1005: 'try' expected.
sveltekit-frontend/src/lib/services/live-agent-orchestrator.ts(217,83): error TS1005: ')' expected.
sveltekit-frontend/src/lib/services/live-agent-orchestrator.ts(219,3): error TS1128: Declaration or statement expected.
sveltekit-frontend/src/lib/services/live-agent-orchestrator.ts(220,3): error TS1128: Declaration or statement expected.
sveltekit-frontend/src/lib/services/live-agent-orchestrator.ts(220,11): error TS1434: Unexpected keyword or identifier.
sveltekit-frontend/src/lib/services/live-agent-orchestrator.ts(220,40): error TS1135: Argument expression expected.
sveltekit-frontend/src/lib/services/live-agent-orchestrator.ts(220,58): error TS1005: ',' expected.
sveltekit-frontend/src/lib/services/live-agent-orchestrator.ts(220,74): error TS1005: ';' expected.
sveltekit-frontend/src/lib/services/live-agent-orchestrator.ts(221,11): error TS1005: ':' expected.
sveltekit-frontend/src/lib/services/live-agent-orchestrator.ts(221,33): error TS1005: ',' expected.
sveltekit-frontend/src/lib/services/live-agent-orchestrator.ts(222,9): error TS1005: ':' expected.
sveltekit-frontend/src/lib/services/live-agent-orchestrator.ts(223,11): error TS1005: ',' expected.
sveltekit-frontend/src/lib/services/live-agent-orchestrator.ts(223,23): error TS1005: ',' expected.
sveltekit-frontend/src/lib/services/live-agent-orchestrator.ts(225,9): error TS1128: Declaration or statement expected.
sveltekit-frontend/src/lib/services/live-agent-orchestrator.ts(225,13): error TS1005: ':' expected.
sveltekit-frontend/src/lib/services/live-agent-orchestrator.ts(226,59): error TS1005: ',' expected.
sveltekit-frontend/src/lib/services/live-agent-orchestrator.ts(227,16): error TS1005: ':' expected.
sveltekit-frontend/src/lib/services/live-agent-orchestrator.ts(228,13): error TS1005: ':' expected.
sveltekit-frontend/src/lib/services/live-agent-orchestrator.ts(229,64): error TS1005: ',' expected.
sveltekit-frontend/src/lib/services/live-agent-orchestrator.ts(230,16): error TS1005: ':' expected.
sveltekit-frontend/src/lib/services/live-agent-orchestrator.ts(231,13): error TS1005: ':' expected.
sveltekit-frontend/src/lib/services/live-agent-orchestrator.ts(232,60): error TS1005: ',' expected.
sveltekit-frontend/src/lib/services/live-agent-orchestrator.ts(233,16): error TS1005: ':' expected.
sveltekit-frontend/src/lib/services/live-agent-orchestrator.ts(234,13): error TS1005: ':' expected.
sveltekit-frontend/src/lib/services/live-agent-orchestrator.ts(235,55): error TS1005: ',' expected.
sveltekit-frontend/src/lib/services/live-agent-orchestrator.ts(236,16): error TS1005: ':' expected.
sveltekit-frontend/src/lib/services/live-agent-orchestrator.ts(238,11): error TS1109: Expression expected.
sveltekit-frontend/src/lib/services/live-agent-orchestrator.ts(238,16): error TS1005: ':' expected.
sveltekit-frontend/src/lib/services/live-agent-orchestrator.ts(238,22): error TS1005: ':' expected.
sveltekit-frontend/src/lib/services/live-agent-orchestrator.ts(238,58): error TS1005: ',' expected.
sveltekit-frontend/src/lib/services/live-agent-orchestrator.ts(240,7): error TS1005: ',' expected.
sveltekit-frontend/src/lib/services/live-agent-orchestrator.ts(240,14): error TS1005: ':' expected.
sveltekit-frontend/src/lib/services/live-agent-orchestrator.ts(248,7): error TS1005: ';' expected.
sveltekit-frontend/src/lib/services/live-agent-orchestrator.ts(257,3): error TS1128: Declaration or statement expected.
sveltekit-frontend/src/lib/services/live-agent-orchestrator.ts(258,3): error TS1128: Declaration or statement expected.
sveltekit-frontend/src/lib/services/live-agent-orchestrator.ts(258,11): error TS1434: Unexpected keyword or identifier.
sveltekit-frontend/src/lib/services/live-agent-orchestrator.ts(258,45): error TS1135: Argument expression expected.
sveltekit-frontend/src/lib/services/live-agent-orchestrator.ts(258,60): error TS1005: ';' expected.
sveltekit-frontend/src/lib/services/live-agent-orchestrator.ts(259,11): error TS1005: ':' expected.
sveltekit-frontend/src/lib/services/live-agent-orchestrator.ts(259,61): error TS1005: ',' expected.
sveltekit-frontend/src/lib/services/live-agent-orchestrator.ts(260,11): error TS1005: ':' expected.
sveltekit-frontend/src/lib/services/live-agent-orchestrator.ts(270,7): error TS1136: Property assignment expected.
sveltekit-frontend/src/lib/services/live-agent-orchestrator.ts(272,6): error TS1005: ';' expected.
sveltekit-frontend/src/lib/services/live-agent-orchestrator.ts(274,109): error TS1005: ';' expected.
sveltekit-frontend/src/lib/services/live-agent-orchestrator.ts(274,110): error TS1005: '}' expected.
sveltekit-frontend/src/lib/services/live-agent-orchestrator.ts(274,117): error TS1109: Expression expected.
sveltekit-frontend/src/lib/services/live-agent-orchestrator.ts(274,124): error TS1128: Declaration or statement expected.
sveltekit-frontend/src/lib/services/live-agent-orchestrator.ts(274,125): error TS1128: Declaration or statement expected.
sveltekit-frontend/src/lib/services/live-agent-orchestrator.ts(274,132): error TS1128: Declaration or statement expected.
sveltekit-frontend/src/lib/services/live-agent-orchestrator.ts(274,134): error TS1434: Unexpected keyword or identifier.
sveltekit-frontend/src/lib/services/live-agent-orchestrator.ts(291,23): error TS1005: ';' expected.
sveltekit-frontend/src/lib/services/live-agent-orchestrator.ts(291,25): error TS1434: Unexpected keyword or identifier.
sveltekit-frontend/src/lib/services/live-agent-orchestrator.ts(291,43): error TS1005: ';' expected.
sveltekit-frontend/src/lib/services/live-agent-orchestrator.ts(291,45): error TS1434: Unexpected keyword or identifier.
sveltekit-frontend/src/lib/services/live-agent-orchestrator.ts(298,28): error TS1005: ';' expected.
sveltekit-frontend/src/lib/services/live-agent-orchestrator.ts(298,30): error TS1434: Unexpected keyword or identifier.
sveltekit-frontend/src/lib/services/live-agent-orchestrator.ts(298,36): error TS1434: Unexpected keyword or identifier.
sveltekit-frontend/src/lib/services/live-agent-orchestrator.ts(298,48): error TS1434: Unexpected keyword or identifier.
sveltekit-frontend/src/lib/services/live-agent-orchestrator.ts(301,37): error TS1005: ';' expected.
sveltekit-frontend/src/lib/services/live-agent-orchestrator.ts(301,60): error TS1434: Unexpected keyword or identifier.
sveltekit-frontend/src/lib/services/live-agent-orchestrator.ts(318,32): error TS1005: ';' expected.
sveltekit-frontend/src/lib/services/live-agent-orchestrator.ts(318,39): error TS1434: Unexpected keyword or identifier.
sveltekit-frontend/src/lib/services/live-agent-orchestrator.ts(318,106): error TS1131: Property or signature expected.
sveltekit-frontend/src/lib/services/live-agent-orchestrator.ts(318,107): error TS1128: Declaration or statement expected.
sveltekit-frontend/src/lib/services/live-agent-orchestrator.ts(318,115): error TS1109: Expression expected.
sveltekit-frontend/src/lib/services/live-agent-orchestrator.ts(318,122): error TS1128: Declaration or statement expected.
sveltekit-frontend/src/lib/services/live-agent-orchestrator.ts(318,123): error TS1128: Declaration or statement expected.
sveltekit-frontend/src/lib/services/live-agent-orchestrator.ts(318,130): error TS1128: Declaration or statement expected.
sveltekit-frontend/src/lib/services/live-agent-orchestrator.ts(318,132): error TS1434: Unexpected keyword or identifier.
sveltekit-frontend/src/lib/services/live-agent-orchestrator.ts(331,28): error TS1005: ';' expected.
sveltekit-frontend/src/lib/services/live-agent-orchestrator.ts(331,41): error TS1005: ';' expected.
sveltekit-frontend/src/lib/services/live-agent-orchestrator.ts(331,43): error TS1434: Unexpected keyword or identifier.
sveltekit-frontend/src/lib/services/live-agent-orchestrator.ts(344,37): error TS1005: ';' expected.
sveltekit-frontend/src/lib/services/live-agent-orchestrator.ts(344,63): error TS1434: Unexpected keyword or identifier.
sveltekit-frontend/src/lib/services/live-agent-orchestrator.ts(371,26): error TS1005: ';' expected.
sveltekit-frontend/src/lib/services/live-agent-orchestrator.ts(371,33): error TS1434: Unexpected keyword or identifier.
sveltekit-frontend/src/lib/services/live-agent-orchestrator.ts(371,44): error TS1005: ';' expected.
sveltekit-frontend/src/lib/services/live-agent-orchestrator.ts(371,46): error TS1434: Unexpected keyword or identifier.
sveltekit-frontend/src/lib/services/live-agent-orchestrator.ts(420,52): error TS1005: ';' expected.
sveltekit-frontend/src/lib/services/live-agent-orchestrator.ts(420,61): error TS1128: Declaration or statement expected.
sveltekit-frontend/src/lib/services/live-agent-orchestrator.ts(420,63): error TS1434: Unexpected keyword or identifier.
sveltekit-frontend/src/lib/services/live-agent-orchestrator.ts(421,18): error TS1005: ';' expected.
sveltekit-frontend/src/lib/services/live-agent-orchestrator.ts(421,62): error TS1005: ';' expected.
sveltekit-frontend/src/lib/services/live-agent-orchestrator.ts(421,64): error TS1434: Unexpected keyword or identifier.
sveltekit-frontend/src/lib/services/live-agent-orchestrator.ts(465,16): error TS1005: ';' expected.
sveltekit-frontend/src/lib/services/live-agent-orchestrator.ts(465,28): error TS1434: Unexpected keyword or identifier.
sveltekit-frontend/src/lib/services/live-agent-orchestrator.ts(488,2): error TS1160: Unterminated template literal.
sveltekit-frontend/src/lib/services/llamacpp-ollama-integration.ts(306,9): error TS1005: ',' expected.
sveltekit-frontend/src/lib/services/llamacpp-ollama-integration.ts(347,79): error TS1005: ')' expected.
sveltekit-frontend/src/lib/services/llamacpp-ollama-integration.ts(349,113): error TS1109: Expression expected.
sveltekit-frontend/src/lib/services/llamacpp-ollama-integration.ts(350,44): error TS1109: Expression expected.
sveltekit-frontend/src/lib/services/llamacpp-ollama-integration.ts(395,7): error TS1005: '}' expected.
sveltekit-frontend/src/lib/services/llamacpp-ollama-integration.ts(398,31): error TS1136: Property assignment expected.
sveltekit-frontend/src/lib/services/llamacpp-ollama-integration.ts(401,24): error TS1005: ',' expected.
sveltekit-frontend/src/lib/services/llamacpp-ollama-integration.ts(412,9): error TS1005: ',' expected.
sveltekit-frontend/src/lib/services/llamacpp-ollama-integration.ts(413,8): error TS1472: 'catch' or 'finally' expected.
sveltekit-frontend/src/lib/services/llamacpp-ollama-integration.ts(420,9): error TS1005: ')' expected.
sveltekit-frontend/src/lib/services/llamacpp-ollama-integration.ts(430,3): error TS1128: Declaration or statement expected.
sveltekit-frontend/src/lib/services/llamacpp-ollama-integration.ts(430,10): error TS1434: Unexpected keyword or identifier.
sveltekit-frontend/src/lib/services/llamacpp-ollama-integration.ts(430,43): error TS1135: Argument expression expected.
sveltekit-frontend/src/lib/services/llamacpp-ollama-integration.ts(430,67): error TS1005: ';' expected.
sveltekit-frontend/src/lib/services/llamacpp-ollama-integration.ts(431,9): error TS1003: Identifier expected.
sveltekit-frontend/src/lib/services/llamacpp-ollama-integration.ts(431,14): error TS1005: ',' expected.
sveltekit-frontend/src/lib/services/llamacpp-ollama-integration.ts(431,29): error TS1005: ',' expected.
sveltekit-frontend/src/lib/services/llamacpp-ollama-integration.ts(431,31): error TS1136: Property assignment expected.
sveltekit-frontend/src/lib/services/llamacpp-ollama-integration.ts(439,39): error TS1109: Expression expected.
sveltekit-frontend/src/lib/services/llamacpp-ollama-integration.ts(440,11): error TS1136: Property assignment expected.
sveltekit-frontend/src/lib/services/llamacpp-ollama-integration.ts(440,76): error TS1005: ',' expected.
sveltekit-frontend/src/lib/services/llamacpp-ollama-integration.ts(441,18): error TS1005: ',' expected.
sveltekit-frontend/src/lib/services/llamacpp-ollama-integration.ts(442,32): error TS1005: ',' expected.
sveltekit-frontend/src/lib/services/llamacpp-ollama-integration.ts(443,16): error TS1005: ';' expected.
sveltekit-frontend/src/lib/services/llamacpp-ollama-integration.ts(445,22): error TS1005: ';' expected.
sveltekit-frontend/src/lib/services/llamacpp-ollama-integration.ts(446,22): error TS1005: ';' expected.
sveltekit-frontend/src/lib/services/llamacpp-ollama-integration.ts(447,16): error TS1005: ';' expected.
sveltekit-frontend/src/lib/services/llamacpp-ollama-integration.ts(448,16): error TS1005: ';' expected.
sveltekit-frontend/src/lib/services/llamacpp-ollama-integration.ts(449,25): error TS1005: ';' expected.
sveltekit-frontend/src/lib/services/llamacpp-ollama-integration.ts(450,15): error TS1005: ';' expected.
sveltekit-frontend/src/lib/services/llamacpp-ollama-integration.ts(451,15): error TS1005: ';' expected.
sveltekit-frontend/src/lib/services/llamacpp-ollama-integration.ts(453,20): error TS1005: ';' expected.
sveltekit-frontend/src/lib/services/llamacpp-ollama-integration.ts(454,18): error TS1005: ';' expected.
sveltekit-frontend/src/lib/services/llamacpp-ollama-integration.ts(455,19): error TS1005: ';' expected.
sveltekit-frontend/src/lib/services/llamacpp-ollama-integration.ts(456,19): error TS1005: ';' expected.
sveltekit-frontend/src/lib/services/llamacpp-ollama-integration.ts(457,20): error TS1005: ';' expected.
sveltekit-frontend/src/lib/services/llamacpp-ollama-integration.ts(458,17): error TS1005: ';' expected.
sveltekit-frontend/src/lib/services/llamacpp-ollama-integration.ts(460,21): error TS1005: ';' expected.
sveltekit-frontend/src/lib/services/llamacpp-ollama-integration.ts(463,7): error TS1472: 'catch' or 'finally' expected.
sveltekit-frontend/src/lib/services/llamacpp-ollama-integration.ts(469,82): error TS1005: ';' expected.
sveltekit-frontend/src/lib/services/llamacpp-ollama-integration.ts(469,83): error TS1005: '}' expected.
sveltekit-frontend/src/lib/services/llamacpp-ollama-integration.ts(469,96): error TS1109: Expression expected.
sveltekit-frontend/src/lib/services/llamacpp-ollama-integration.ts(469,103): error TS1128: Declaration or statement expected.
sveltekit-frontend/src/lib/services/llamacpp-ollama-integration.ts(469,104): error TS1128: Declaration or statement expected.
sveltekit-frontend/src/lib/services/llamacpp-ollama-integration.ts(469,115): error TS1128: Declaration or statement expected.
sveltekit-frontend/src/lib/services/llamacpp-ollama-integration.ts(481,22): error TS1005: ';' expected.
sveltekit-frontend/src/lib/services/llamacpp-ollama-integration.ts(481,34): error TS1434: Unexpected keyword or identifier.
sveltekit-frontend/src/lib/services/llamacpp-ollama-integration.ts(606,23): error TS1005: ';' expected.
sveltekit-frontend/src/lib/services/llamacpp-ollama-integration.ts(606,27): error TS1434: Unexpected keyword or identifier.
sveltekit-frontend/src/lib/services/llamacpp-ollama-integration.ts(606,37): error TS1434: Unexpected keyword or identifier.
sveltekit-frontend/src/lib/services/llamacpp-ollama-integration.ts(606,43): error TS1434: Unexpected keyword or identifier.
sveltekit-frontend/src/lib/services/llamacpp-ollama-integration.ts(606,52): error TS1434: Unexpected keyword or identifier.
sveltekit-frontend/src/lib/services/llamacpp-ollama-integration.ts(606,56): error TS1434: Unexpected keyword or identifier.
sveltekit-frontend/src/lib/services/llamacpp-ollama-integration.ts(606,64): error TS1434: Unexpected keyword or identifier.
sveltekit-frontend/src/lib/services/llamacpp-ollama-integration.ts(606,77): error TS1127: Invalid character.
sveltekit-frontend/src/lib/services/llamacpp-ollama-integration.ts(606,79): error TS1127: Invalid character.
sveltekit-frontend/src/lib/services/llamacpp-ollama-integration.ts(606,80): error TS1434: Unexpected keyword or identifier.
sveltekit-frontend/src/lib/services/llamacpp-ollama-integration.ts(606,88): error TS1127: Invalid character.
sveltekit-frontend/src/lib/services/llamacpp-ollama-integration.ts(606,90): error TS1127: Invalid character.
sveltekit-frontend/src/lib/services/llamacpp-ollama-integration.ts(616,22): error TS1005: ';' expected.
sveltekit-frontend/src/lib/services/llamacpp-ollama-integration.ts(616,37): error TS1005: ';' expected.
sveltekit-frontend/src/lib/services/llamacpp-ollama-integration.ts(616,42): error TS1005: ';' expected.
sveltekit-frontend/src/lib/services/llamacpp-ollama-integration.ts(616,53): error TS1005: ';' expected.
sveltekit-frontend/src/lib/services/llamacpp-ollama-integration.ts(616,66): error TS1005: ';' expected.
sveltekit-frontend/src/lib/services/llamacpp-ollama-integration.ts(616,82): error TS1127: Invalid character.
sveltekit-frontend/src/lib/services/llamacpp-ollama-integration.ts(616,84): error TS1127: Invalid character.
sveltekit-frontend/src/lib/services/llamacpp-ollama-integration.ts(616,85): error TS1434: Unexpected keyword or identifier.
sveltekit-frontend/src/lib/services/llamacpp-ollama-integration.ts(616,101): error TS1127: Invalid character.
sveltekit-frontend/src/lib/services/llamacpp-ollama-integration.ts(616,103): error TS1127: Invalid character.
sveltekit-frontend/src/lib/services/llamacpp-ollama-integration.ts(616,104): error TS1434: Unexpected keyword or identifier.
sveltekit-frontend/src/lib/services/llamacpp-ollama-integration.ts(626,23): error TS1005: ';' expected.
sveltekit-frontend/src/lib/services/llamacpp-ollama-integration.ts(626,37): error TS1434: Unexpected keyword or identifier.
sveltekit-frontend/src/lib/services/llamacpp-ollama-integration.ts(626,43): error TS1434: Unexpected keyword or identifier.
sveltekit-frontend/src/lib/services/llamacpp-ollama-integration.ts(626,56): error TS1434: Unexpected keyword or identifier.
sveltekit-frontend/src/lib/services/llamacpp-ollama-integration.ts(626,64): error TS1127: Invalid character.
sveltekit-frontend/src/lib/services/llamacpp-ollama-integration.ts(626,66): error TS1127: Invalid character.
sveltekit-frontend/src/lib/services/llamacpp-ollama-integration.ts(636,24): error TS1005: ';' expected.
sveltekit-frontend/src/lib/services/llamacpp-ollama-integration.ts(636,26): error TS1434: Unexpected keyword or identifier.
sveltekit-frontend/src/lib/services/llamacpp-ollama-integration.ts(636,39): error TS1128: Declaration or statement expected.
sveltekit-frontend/src/lib/services/llamacpp-ollama-integration.ts(636,50): error TS1127: Invalid character.
sveltekit-frontend/src/lib/services/llamacpp-ollama-integration.ts(636,52): error TS1127: Invalid character.
sveltekit-frontend/src/lib/services/llamacpp-ollama-integration.ts(636,53): error TS1434: Unexpected keyword or identifier.
sveltekit-frontend/src/lib/services/llamacpp-ollama-integration.ts(636,68): error TS1127: Invalid character.
sveltekit-frontend/src/lib/services/llamacpp-ollama-integration.ts(636,70): error TS1127: Invalid character.
sveltekit-frontend/src/lib/services/llamacpp-ollama-integration.ts(636,71): error TS1435: Unknown keyword or identifier. Did you mean 'case'?
sveltekit-frontend/src/lib/services/llamacpp-ollama-integration.ts(645,38): error TS1160: Unterminated template literal.
sveltekit-frontend/src/lib/services/local-llm-manager.ts(131,63): error TS1136: Property assignment expected.
sveltekit-frontend/src/lib/services/local-llm-manager.ts(131,65): error TS1128: Declaration or statement expected.
sveltekit-frontend/src/lib/services/local-llm-manager.ts(134,62): error TS1136: Property assignment expected.
sveltekit-frontend/src/lib/services/local-llm-manager.ts(134,64): error TS1128: Declaration or statement expected.
sveltekit-frontend/src/lib/services/local-llm-manager.ts(136,7): error TS1472: 'catch' or 'finally' expected.
sveltekit-frontend/src/lib/services/local-llm-manager.ts(136,9): error TS1068: Unexpected token. A constructor, method, accessor, or property was expected.
sveltekit-frontend/src/lib/services/local-llm-manager.ts(136,14): error TS1068: Unexpected token. A constructor, method, accessor, or property was expected.
sveltekit-frontend/src/lib/services/local-llm-manager.ts(141,33): error TS1136: Property assignment expected.
sveltekit-frontend/src/lib/services/local-llm-manager.ts(144,11): error TS1136: Property assignment expected.
sveltekit-frontend/src/lib/services/local-llm-manager.ts(145,10): error TS1128: Declaration or statement expected.
sveltekit-frontend/src/lib/services/local-llm-manager.ts(146,7): error TS1128: Declaration or statement expected.
sveltekit-frontend/src/lib/services/local-llm-manager.ts(147,5): error TS1128: Declaration or statement expected.
sveltekit-frontend/src/lib/services/local-llm-manager.ts(147,7): error TS1005: 'try' expected.
sveltekit-frontend/src/lib/services/local-llm-manager.ts(150,3): error TS1128: Declaration or statement expected.
sveltekit-frontend/src/lib/services/local-llm-manager.ts(151,3): error TS1434: Unexpected keyword or identifier.
sveltekit-frontend/src/lib/services/local-llm-manager.ts(151,34): error TS1109: Expression expected.
sveltekit-frontend/src/lib/services/local-llm-manager.ts(152,11): error TS1005: ':' expected.
sveltekit-frontend/src/lib/services/local-llm-manager.ts(154,18): error TS1005: ',' expected.
sveltekit-frontend/src/lib/services/local-llm-manager.ts(157,5): error TS1005: ',' expected.
sveltekit-frontend/src/lib/services/local-llm-manager.ts(157,9): error TS1005: ':' expected.
sveltekit-frontend/src/lib/services/local-llm-manager.ts(158,11): error TS1359: Identifier expected. 'typeof' is a reserved word that cannot be used here.
sveltekit-frontend/src/lib/services/local-llm-manager.ts(158,26): error TS1138: Parameter declaration expected.
sveltekit-frontend/src/lib/services/local-llm-manager.ts(158,62): error TS1005: ',' expected.
sveltekit-frontend/src/lib/services/local-llm-manager.ts(158,64): error TS1136: Property assignment expected.
sveltekit-frontend/src/lib/services/local-llm-manager.ts(164,16): error TS1005: '(' expected.
sveltekit-frontend/src/lib/services/local-llm-manager.ts(165,9): error TS1109: Expression expected.
sveltekit-frontend/src/lib/services/local-llm-manager.ts(166,9): error TS1128: Declaration or statement expected.
sveltekit-frontend/src/lib/services/local-llm-manager.ts(172,5): error TS1128: Declaration or statement expected.
sveltekit-frontend/src/lib/services/local-llm-manager.ts(172,7): error TS1005: 'try' expected.
sveltekit-frontend/src/lib/services/local-llm-manager.ts(176,3): error TS1128: Declaration or statement expected.
sveltekit-frontend/src/lib/services/local-llm-manager.ts(177,3): error TS1434: Unexpected keyword or identifier.
sveltekit-frontend/src/lib/services/local-llm-manager.ts(179,3): error TS1109: Expression expected.
sveltekit-frontend/src/lib/services/local-llm-manager.ts(179,4): error TS1128: Declaration or statement expected.
sveltekit-frontend/src/lib/services/local-llm-manager.ts(180,9): error TS1005: ':' expected.
sveltekit-frontend/src/lib/services/local-llm-manager.ts(181,13): error TS1005: ':' expected.
sveltekit-frontend/src/lib/services/local-llm-manager.ts(181,53): error TS1109: Expression expected.
sveltekit-frontend/src/lib/services/local-llm-manager.ts(181,54): error TS1005: ',' expected.
sveltekit-frontend/src/lib/services/local-llm-manager.ts(182,11): error TS1359: Identifier expected. 'typeof' is a reserved word that cannot be used here.
sveltekit-frontend/src/lib/services/local-llm-manager.ts(182,26): error TS1138: Parameter declaration expected.
sveltekit-frontend/src/lib/services/local-llm-manager.ts(182,62): error TS1005: ',' expected.
sveltekit-frontend/src/lib/services/local-llm-manager.ts(182,64): error TS1136: Property assignment expected.
sveltekit-frontend/src/lib/services/local-llm-manager.ts(185,9): error TS1128: Declaration or statement expected.
sveltekit-frontend/src/lib/services/local-llm-manager.ts(189,5): error TS1128: Declaration or statement expected.
sveltekit-frontend/src/lib/services/local-llm-manager.ts(189,7): error TS1005: 'try' expected.
sveltekit-frontend/src/lib/services/local-llm-manager.ts(193,3): error TS1128: Declaration or statement expected.
sveltekit-frontend/src/lib/services/local-llm-manager.ts(194,3): error TS1128: Declaration or statement expected.
sveltekit-frontend/src/lib/services/local-llm-manager.ts(194,11): error TS1434: Unexpected keyword or identifier.
sveltekit-frontend/src/lib/services/local-llm-manager.ts(194,42): error TS1135: Argument expression expected.
sveltekit-frontend/src/lib/services/local-llm-manager.ts(194,48): error TS1005: ';' expected.
sveltekit-frontend/src/lib/services/local-llm-manager.ts(197,13): error TS1003: Identifier expected.
sveltekit-frontend/src/lib/services/local-llm-manager.ts(197,68): error TS1005: ',' expected.
sveltekit-frontend/src/lib/services/local-llm-manager.ts(198,13): error TS1003: Identifier expected.
sveltekit-frontend/src/lib/services/local-llm-manager.ts(198,80): error TS1005: ',' expected.
sveltekit-frontend/src/lib/services/local-llm-manager.ts(199,12): error TS1005: ':' expected.
sveltekit-frontend/src/lib/services/local-llm-manager.ts(199,18): error TS1005: ',' expected.
sveltekit-frontend/src/lib/services/local-llm-manager.ts(201,3): error TS1128: Declaration or statement expected.
sveltekit-frontend/src/lib/services/local-llm-manager.ts(201,11): error TS1434: Unexpected keyword or identifier.
sveltekit-frontend/src/lib/services/local-llm-manager.ts(201,40): error TS1135: Argument expression expected.
sveltekit-frontend/src/lib/services/local-llm-manager.ts(201,46): error TS1005: ';' expected.
sveltekit-frontend/src/lib/services/local-llm-manager.ts(202,11): error TS1005: ':' expected.
sveltekit-frontend/src/lib/services/local-llm-manager.ts(205,29): error TS1136: Property assignment expected.
sveltekit-frontend/src/lib/services/local-llm-manager.ts(209,7): error TS1136: Property assignment expected.
sveltekit-frontend/src/lib/services/local-llm-manager.ts(210,6): error TS1005: ';' expected.
sveltekit-frontend/src/lib/services/local-llm-manager.ts(212,3): error TS1128: Declaration or statement expected.
sveltekit-frontend/src/lib/services/local-llm-manager.ts(213,3): error TS1434: Unexpected keyword or identifier.
sveltekit-frontend/src/lib/services/local-llm-manager.ts(215,3): error TS1109: Expression expected.
sveltekit-frontend/src/lib/services/local-llm-manager.ts(215,4): error TS1128: Declaration or statement expected.
sveltekit-frontend/src/lib/services/local-llm-manager.ts(216,9): error TS1003: Identifier expected.
sveltekit-frontend/src/lib/services/local-llm-manager.ts(216,25): error TS1138: Parameter declaration expected.
sveltekit-frontend/src/lib/services/local-llm-manager.ts(216,50): error TS1005: ',' expected.
sveltekit-frontend/src/lib/services/local-llm-manager.ts(216,52): error TS1136: Property assignment expected.
sveltekit-frontend/src/lib/services/local-llm-manager.ts(224,3): error TS1128: Declaration or statement expected.
sveltekit-frontend/src/lib/services/local-llm-manager.ts(225,3): error TS1434: Unexpected keyword or identifier.
sveltekit-frontend/src/lib/services/local-llm-manager.ts(225,25): error TS1109: Expression expected.
sveltekit-frontend/src/lib/services/local-llm-manager.ts(226,11): error TS1005: ':' expected.
sveltekit-frontend/src/lib/services/local-llm-manager.ts(232,5): error TS1005: ',' expected.
sveltekit-frontend/src/lib/services/local-llm-manager.ts(232,9): error TS1005: ':' expected.
sveltekit-frontend/src/lib/services/local-llm-manager.ts(233,22): error TS1138: Parameter declaration expected.
sveltekit-frontend/src/lib/services/local-llm-manager.ts(233,33): error TS1005: ',' expected.
sveltekit-frontend/src/lib/services/local-llm-manager.ts(233,35): error TS1136: Property assignment expected.
sveltekit-frontend/src/lib/services/local-llm-manager.ts(239,9): error TS1128: Declaration or statement expected.
sveltekit-frontend/src/lib/services/local-llm-manager.ts(245,5): error TS1128: Declaration or statement expected.
sveltekit-frontend/src/lib/services/local-llm-manager.ts(245,7): error TS1005: 'try' expected.
sveltekit-frontend/src/lib/services/local-llm-manager.ts(249,3): error TS1128: Declaration or statement expected.
sveltekit-frontend/src/lib/services/local-llm-manager.ts(250,1): error TS1128: Declaration or statement expected.
sveltekit-frontend/src/lib/services/localStorage-file-fallback.ts(8,1): error TS1128: Declaration or statement expected.
sveltekit-frontend/src/lib/services/localStorage-file-fallback.ts(20,1): error TS1128: Declaration or statement expected.
sveltekit-frontend/src/lib/services/localStorage-file-fallback.ts(42,63): error TS1005: ')' expected.
sveltekit-frontend/src/lib/services/localStorage-file-fallback.ts(53,64): error TS1005: ')' expected.
sveltekit-frontend/src/lib/services/localStorage-file-fallback.ts(86,64): error TS1005: ')' expected.
sveltekit-frontend/src/lib/services/localStorage-file-fallback.ts(105,32): error TS1109: Expression expected.
sveltekit-frontend/src/lib/services/localStorage-file-fallback.ts(107,5): error TS1128: Declaration or statement expected.
sveltekit-frontend/src/lib/services/localStorage-file-fallback.ts(116,18): error TS1005: ';' expected.
sveltekit-frontend/src/lib/services/localStorage-file-fallback.ts(117,4): error TS1128: Declaration or statement expected.
sveltekit-frontend/src/lib/services/localStorage-file-fallback.ts(117,5): error TS1128: Declaration or statement expected.
sveltekit-frontend/src/lib/services/localStorage-file-fallback.ts(117,18): error TS1011: An element access expression should take an argument.
sveltekit-frontend/src/lib/services/localStorage-file-fallback.ts(118,11): error TS1005: ':' expected.
sveltekit-frontend/src/lib/services/localStorage-file-fallback.ts(118,40): error TS1005: ',' expected.
sveltekit-frontend/src/lib/services/localStorage-file-fallback.ts(119,12): error TS1005: ':' expected.
sveltekit-frontend/src/lib/services/localStorage-file-fallback.ts(125,7): error TS1005: ',' expected.
sveltekit-frontend/src/lib/services/localStorage-file-fallback.ts(130,3): error TS1128: Declaration or statement expected.
sveltekit-frontend/src/lib/services/localStorage-file-fallback.ts(130,26): error TS1109: Expression expected.
sveltekit-frontend/src/lib/services/localStorage-file-fallback.ts(130,35): error TS1005: ',' expected.
sveltekit-frontend/src/lib/services/localStorage-file-fallback.ts(130,45): error TS1005: ';' expected.
sveltekit-frontend/src/lib/services/localStorage-file-fallback.ts(133,57): error TS1109: Expression expected.
sveltekit-frontend/src/lib/services/localStorage-file-fallback.ts(133,66): error TS1005: ',' expected.
sveltekit-frontend/src/lib/services/localStorage-file-fallback.ts(133,67): error TS1136: Property assignment expected.
sveltekit-frontend/src/lib/services/localStorage-file-fallback.ts(134,5): error TS1109: Expression expected.
sveltekit-frontend/src/lib/services/localStorage-file-fallback.ts(142,21): error TS1109: Expression expected.
sveltekit-frontend/src/lib/services/localStorage-file-fallback.ts(142,23): error TS1434: Unexpected keyword or identifier.
sveltekit-frontend/src/lib/services/localStorage-file-fallback.ts(171,19): error TS1109: Expression expected.
sveltekit-frontend/src/lib/services/localStorage-file-fallback.ts(171,21): error TS1434: Unexpected keyword or identifier.
sveltekit-frontend/src/lib/services/localStorage-file-fallback.ts(190,17): error TS1109: Expression expected.
sveltekit-frontend/src/lib/services/localStorage-file-fallback.ts(190,19): error TS1434: Unexpected keyword or identifier.
sveltekit-frontend/src/lib/services/localStorage-file-fallback.ts(197,24): error TS1135: Argument expression expected.
sveltekit-frontend/src/lib/services/localStorage-file-fallback.ts(197,33): error TS1005: ';' expected.
sveltekit-frontend/src/lib/services/localStorage-file-fallback.ts(218,29): error TS1135: Argument expression expected.
sveltekit-frontend/src/lib/services/localStorage-file-fallback.ts(218,38): error TS1005: ';' expected.
sveltekit-frontend/src/lib/services/localStorage-file-fallback.ts(218,55): error TS1005: ';' expected.
sveltekit-frontend/src/lib/services/localStorage-file-fallback.ts(227,52): error TS1109: Expression expected.
sveltekit-frontend/src/lib/services/localStorage-file-fallback.ts(228,24): error TS1109: Expression expected.
sveltekit-frontend/src/lib/services/localStorage-file-fallback.ts(240,25): error TS1109: Expression expected.
sveltekit-frontend/src/lib/services/localStorage-file-fallback.ts(240,27): error TS1434: Unexpected keyword or identifier.
sveltekit-frontend/src/lib/services/localStorage-file-fallback.ts(246,40): error TS1109: Expression expected.
sveltekit-frontend/src/lib/services/localStorage-file-fallback.ts(246,41): error TS1109: Expression expected.
sveltekit-frontend/src/lib/services/localStorage-file-fallback.ts(254,1): error TS1128: Declaration or statement expected.
sveltekit-frontend/src/lib/services/logging-aggregation-service.ts(9,1): error TS1128: Declaration or statement expected.
sveltekit-frontend/src/lib/services/logging-aggregation-service.ts(25,1): error TS1128: Declaration or statement expected.
sveltekit-frontend/src/lib/services/logging-aggregation-service.ts(33,1): error TS1128: Declaration or statement expected.
sveltekit-frontend/src/lib/services/logging-aggregation-service.ts(61,53): error TS1136: Property assignment expected.
sveltekit-frontend/src/lib/services/logging-aggregation-service.ts(64,31): error TS1109: Expression expected.
sveltekit-frontend/src/lib/services/logging-aggregation-service.ts(64,40): error TS1005: ',' expected.
sveltekit-frontend/src/lib/services/logging-aggregation-service.ts(64,41): error TS1136: Property assignment expected.
sveltekit-frontend/src/lib/services/logging-aggregation-service.ts(65,30): error TS1109: Expression expected.
sveltekit-frontend/src/lib/services/logging-aggregation-service.ts(65,39): error TS1005: ',' expected.
sveltekit-frontend/src/lib/services/logging-aggregation-service.ts(65,40): error TS1136: Property assignment expected.
sveltekit-frontend/src/lib/services/logging-aggregation-service.ts(146,37): error TS1136: Property assignment expected.
sveltekit-frontend/src/lib/services/logging-aggregation-service.ts(248,3): error TS1068: Unexpected token. A constructor, method, accessor, or property was expected.
sveltekit-frontend/src/lib/services/logging-aggregation-service.ts(248,5): error TS1068: Unexpected token. A constructor, method, accessor, or property was expected.
sveltekit-frontend/src/lib/services/logging-aggregation-service.ts(263,3): error TS1128: Declaration or statement expected.
sveltekit-frontend/src/lib/services/logging-aggregation-service.ts(263,33): error TS1135: Argument expression expected.
sveltekit-frontend/src/lib/services/logging-aggregation-service.ts(265,9): error TS1005: ':' expected.
sveltekit-frontend/src/lib/services/logging-aggregation-service.ts(265,29): error TS1005: ',' expected.
sveltekit-frontend/src/lib/services/logging-aggregation-service.ts(267,13): error TS1005: ',' expected.
sveltekit-frontend/src/lib/services/logging-aggregation-service.ts(267,46): error TS1005: ',' expected.
sveltekit-frontend/src/lib/services/logging-aggregation-service.ts(267,48): error TS1136: Property assignment expected.
sveltekit-frontend/src/lib/services/logging-aggregation-service.ts(278,3): error TS1128: Declaration or statement expected.
sveltekit-frontend/src/lib/services/logging-aggregation-service.ts(279,3): error TS1128: Declaration or statement expected.
sveltekit-frontend/src/lib/services/logging-aggregation-service.ts(280,9): error TS1005: ':' expected.
sveltekit-frontend/src/lib/services/logging-aggregation-service.ts(280,45): error TS1005: ',' expected.
sveltekit-frontend/src/lib/services/logging-aggregation-service.ts(281,11): error TS1005: ':' expected.
sveltekit-frontend/src/lib/services/logging-aggregation-service.ts(281,40): error TS1005: ',' expected.
sveltekit-frontend/src/lib/services/logging-aggregation-service.ts(282,9): error TS1005: ':' expected.
sveltekit-frontend/src/lib/services/logging-aggregation-service.ts(282,31): error TS1005: ',' expected.
sveltekit-frontend/src/lib/services/logging-aggregation-service.ts(284,3): error TS1128: Declaration or statement expected.
sveltekit-frontend/src/lib/services/logging-aggregation-service.ts(284,28): error TS1109: Expression expected.
sveltekit-frontend/src/lib/services/logging-aggregation-service.ts(284,30): error TS1434: Unexpected keyword or identifier.
sveltekit-frontend/src/lib/services/logging-aggregation-service.ts(296,36): error TS1005: ';' expected.
sveltekit-frontend/src/lib/services/logging-aggregation-service.ts(301,94): error TS1109: Expression expected.
sveltekit-frontend/src/lib/services/logging-aggregation-service.ts(304,6): error TS1128: Declaration or statement expected.
sveltekit-frontend/src/lib/services/logging-aggregation-service.ts(319,3): error TS1128: Declaration or statement expected.
sveltekit-frontend/src/lib/services/logging-aggregation-service.ts(321,3): error TS1128: Declaration or statement expected.
sveltekit-frontend/src/lib/services/logging-aggregation-service.ts(321,33): error TS1135: Argument expression expected.
sveltekit-frontend/src/lib/services/logging-aggregation-service.ts(322,9): error TS1005: ':' expected.
sveltekit-frontend/src/lib/services/logging-aggregation-service.ts(322,51): error TS1005: ',' expected.
sveltekit-frontend/src/lib/services/logging-aggregation-service.ts(324,3): error TS1128: Declaration or statement expected.
sveltekit-frontend/src/lib/services/logging-aggregation-service.ts(324,31): error TS1135: Argument expression expected.
sveltekit-frontend/src/lib/services/logging-aggregation-service.ts(325,9): error TS1005: ':' expected.
sveltekit-frontend/src/lib/services/logging-aggregation-service.ts(325,33): error TS1005: ',' expected.
sveltekit-frontend/src/lib/services/logging-aggregation-service.ts(327,3): error TS1128: Declaration or statement expected.
sveltekit-frontend/src/lib/services/logging-aggregation-service.ts(327,31): error TS1135: Argument expression expected.
sveltekit-frontend/src/lib/services/logging-aggregation-service.ts(328,11): error TS1005: ':' expected.
sveltekit-frontend/src/lib/services/logging-aggregation-service.ts(328,48): error TS1005: ',' expected.
sveltekit-frontend/src/lib/services/logging-aggregation-service.ts(333,3): error TS1128: Declaration or statement expected.
sveltekit-frontend/src/lib/services/logging-aggregation-service.ts(333,32): error TS1135: Argument expression expected.
sveltekit-frontend/src/lib/services/logging-aggregation-service.ts(334,11): error TS1005: ':' expected.
sveltekit-frontend/src/lib/services/logging-aggregation-service.ts(334,48): error TS1005: ',' expected.
sveltekit-frontend/src/lib/services/logging-aggregation-service.ts(340,3): error TS1128: Declaration or statement expected.
sveltekit-frontend/src/lib/services/logging-aggregation-service.ts(341,9): error TS1005: ':' expected.
sveltekit-frontend/src/lib/services/logging-aggregation-service.ts(343,34): error TS1005: ',' expected.
sveltekit-frontend/src/lib/services/logging-aggregation-service.ts(345,3): error TS1128: Declaration or statement expected.
sveltekit-frontend/src/lib/services/logging-aggregation-service.ts(345,11): error TS1434: Unexpected keyword or identifier.
sveltekit-frontend/src/lib/services/logging-aggregation-service.ts(346,13): error TS1005: ',' expected.
sveltekit-frontend/src/lib/services/logging-aggregation-service.ts(346,36): error TS1005: ',' expected.
sveltekit-frontend/src/lib/services/logging-aggregation-service.ts(346,44): error TS1005: ':' expected.
sveltekit-frontend/src/lib/services/logging-aggregation-service.ts(347,11): error TS1005: ':' expected.
sveltekit-frontend/src/lib/services/logging-aggregation-service.ts(347,43): error TS1005: ',' expected.
sveltekit-frontend/src/lib/services/logging-aggregation-service.ts(348,9): error TS1005: ':' expected.
sveltekit-frontend/src/lib/services/logging-aggregation-service.ts(348,24): error TS1005: ',' expected.
sveltekit-frontend/src/lib/services/logging-aggregation-service.ts(350,10): error TS1359: Identifier expected. 'const' is a reserved word that cannot be used here.
sveltekit-frontend/src/lib/services/logging-aggregation-service.ts(350,16): error TS1005: ',' expected.
sveltekit-frontend/src/lib/services/logging-aggregation-service.ts(350,26): error TS1005: ',' expected.
sveltekit-frontend/src/lib/services/logging-aggregation-service.ts(350,29): error TS1005: ',' expected.
sveltekit-frontend/src/lib/services/logging-aggregation-service.ts(350,33): error TS1005: ',' expected.
sveltekit-frontend/src/lib/services/logging-aggregation-service.ts(350,53): error TS1005: ',' expected.
sveltekit-frontend/src/lib/services/logging-aggregation-service.ts(350,55): error TS1136: Property assignment expected.
sveltekit-frontend/src/lib/services/logging-aggregation-service.ts(363,3): error TS1128: Declaration or statement expected.
sveltekit-frontend/src/lib/services/logging-aggregation-service.ts(364,3): error TS1128: Declaration or statement expected.
sveltekit-frontend/src/lib/services/logging-aggregation-service.ts(364,11): error TS1434: Unexpected keyword or identifier.
sveltekit-frontend/src/lib/services/logging-aggregation-service.ts(365,22): error TS1005: ',' expected.
sveltekit-frontend/src/lib/services/logging-aggregation-service.ts(365,34): error TS1005: ',' expected.
sveltekit-frontend/src/lib/services/logging-aggregation-service.ts(365,35): error TS1136: Property assignment expected.
sveltekit-frontend/src/lib/services/logging-aggregation-service.ts(366,11): error TS1005: ',' expected.
sveltekit-frontend/src/lib/services/logging-aggregation-service.ts(366,15): error TS1005: ':' expected.
sveltekit-frontend/src/lib/services/logging-aggregation-service.ts(366,29): error TS1005: ',' expected.
sveltekit-frontend/src/lib/services/logging-aggregation-service.ts(367,9): error TS1005: ':' expected.
sveltekit-frontend/src/lib/services/logging-aggregation-service.ts(367,27): error TS1005: ',' expected.
sveltekit-frontend/src/lib/services/logging-aggregation-service.ts(369,3): error TS1128: Declaration or statement expected.
sveltekit-frontend/src/lib/services/logging-aggregation-service.ts(369,39): error TS1135: Argument expression expected.
sveltekit-frontend/src/lib/services/logging-aggregation-service.ts(369,61): error TS1005: ',' expected.
sveltekit-frontend/src/lib/services/logging-aggregation-service.ts(369,77): error TS1005: ';' expected.
sveltekit-frontend/src/lib/services/logging-aggregation-service.ts(369,79): error TS1434: Unexpected keyword or identifier.
sveltekit-frontend/src/lib/services/logging-aggregation-service.ts(376,3): error TS1128: Declaration or statement expected.
sveltekit-frontend/src/lib/services/logging-aggregation-service.ts(376,23): error TS1135: Argument expression expected.
sveltekit-frontend/src/lib/services/logging-aggregation-service.ts(376,40): error TS1005: ';' expected.
sveltekit-frontend/src/lib/services/logging-aggregation-service.ts(376,51): error TS1109: Expression expected.
sveltekit-frontend/src/lib/services/logging-aggregation-service.ts(376,52): error TS1109: Expression expected.
sveltekit-frontend/src/lib/services/logging-aggregation-service.ts(376,54): error TS1005: ';' expected.
sveltekit-frontend/src/lib/services/logging-aggregation-service.ts(398,3): error TS1128: Declaration or statement expected.
sveltekit-frontend/src/lib/services/logging-aggregation-service.ts(398,23): error TS1135: Argument expression expected.
sveltekit-frontend/src/lib/services/logging-aggregation-service.ts(398,32): error TS1005: ';' expected.
sveltekit-frontend/src/lib/services/logging-aggregation-service.ts(398,43): error TS1109: Expression expected.
sveltekit-frontend/src/lib/services/logging-aggregation-service.ts(398,44): error TS1109: Expression expected.
sveltekit-frontend/src/lib/services/logging-aggregation-service.ts(398,46): error TS1005: ';' expected.
sveltekit-frontend/src/lib/services/logging-aggregation-service.ts(400,73): error TS1109: Expression expected.
sveltekit-frontend/src/lib/services/logging-aggregation-service.ts(404,5): error TS1128: Declaration or statement expected.
sveltekit-frontend/src/lib/services/logging-aggregation-service.ts(407,3): error TS1128: Declaration or statement expected.
sveltekit-frontend/src/lib/services/logging-aggregation-service.ts(407,28): error TS1135: Argument expression expected.
sveltekit-frontend/src/lib/services/logging-aggregation-service.ts(407,55): error TS1135: Argument expression expected.
sveltekit-frontend/src/lib/services/logging-aggregation-service.ts(407,72): error TS1109: Expression expected.
sveltekit-frontend/src/lib/services/logging-aggregation-service.ts(407,85): error TS1005: ';' expected.
sveltekit-frontend/src/lib/services/logging-aggregation-service.ts(407,87): error TS1434: Unexpected keyword or identifier.
sveltekit-frontend/src/lib/services/logging-aggregation-service.ts(421,3): error TS1128: Declaration or statement expected.
sveltekit-frontend/src/lib/services/logging-aggregation-service.ts(421,27): error TS1135: Argument expression expected.
sveltekit-frontend/src/lib/services/logging-aggregation-service.ts(422,9): error TS1005: ':' expected.
sveltekit-frontend/src/lib/services/logging-aggregation-service.ts(422,25): error TS1005: ',' expected.
sveltekit-frontend/src/lib/services/logging-aggregation-service.ts(424,3): error TS1128: Declaration or statement expected.
sveltekit-frontend/src/lib/services/logging-aggregation-service.ts(424,33): error TS1135: Argument expression expected.
sveltekit-frontend/src/lib/services/logging-aggregation-service.ts(425,11): error TS1005: ',' expected.
sveltekit-frontend/src/lib/services/logging-aggregation-service.ts(425,42): error TS1005: ',' expected.
sveltekit-frontend/src/lib/services/logging-aggregation-service.ts(428,3): error TS1128: Declaration or statement expected.
sveltekit-frontend/src/lib/services/logging-aggregation-service.ts(428,31): error TS1109: Expression expected.
sveltekit-frontend/src/lib/services/logging-aggregation-service.ts(428,33): error TS1434: Unexpected keyword or identifier.
sveltekit-frontend/src/lib/services/logging-aggregation-service.ts(431,3): error TS1128: Declaration or statement expected.
sveltekit-frontend/src/lib/services/logging-aggregation-service.ts(431,29): error TS1109: Expression expected.
sveltekit-frontend/src/lib/services/logging-aggregation-service.ts(431,31): error TS1434: Unexpected keyword or identifier.
sveltekit-frontend/src/lib/services/logging-aggregation-service.ts(434,3): error TS1128: Declaration or statement expected.
sveltekit-frontend/src/lib/services/logging-aggregation-service.ts(434,33): error TS1135: Argument expression expected.
sveltekit-frontend/src/lib/services/logging-aggregation-service.ts(434,54): error TS1005: ',' expected.
sveltekit-frontend/src/lib/services/logging-aggregation-service.ts(434,64): error TS1005: ';' expected.
sveltekit-frontend/src/lib/services/logging-aggregation-service.ts(434,66): error TS1434: Unexpected keyword or identifier.
sveltekit-frontend/src/lib/services/logging-aggregation-service.ts(446,3): error TS1128: Declaration or statement expected.
sveltekit-frontend/src/lib/services/logging-aggregation-service.ts(446,38): error TS1135: Argument expression expected.
sveltekit-frontend/src/lib/services/logging-aggregation-service.ts(446,49): error TS1005: ';' expected.
sveltekit-frontend/src/lib/services/logging-aggregation-service.ts(446,51): error TS1434: Unexpected keyword or identifier.
sveltekit-frontend/src/lib/services/logging-aggregation-service.ts(451,3): error TS1128: Declaration or statement expected.
sveltekit-frontend/src/lib/services/logging-aggregation-service.ts(451,29): error TS1135: Argument expression expected.
sveltekit-frontend/src/lib/services/logging-aggregation-service.ts(451,40): error TS1011: An element access expression should take an argument.
sveltekit-frontend/src/lib/services/logging-aggregation-service.ts(451,42): error TS1005: ';' expected.
sveltekit-frontend/src/lib/services/logging-aggregation-service.ts(451,44): error TS1434: Unexpected keyword or identifier.
sveltekit-frontend/src/lib/services/logging-aggregation-service.ts(464,30): error TS1005: ')' expected.
sveltekit-frontend/src/lib/services/logging-aggregation-service.ts(468,3): error TS1128: Declaration or statement expected.
sveltekit-frontend/src/lib/services/logging-aggregation-service.ts(468,30): error TS1135: Argument expression expected.
sveltekit-frontend/src/lib/services/logging-aggregation-service.ts(468,41): error TS1011: An element access expression should take an argument.
sveltekit-frontend/src/lib/services/logging-aggregation-service.ts(468,43): error TS1005: ';' expected.
sveltekit-frontend/src/lib/services/logging-aggregation-service.ts(468,45): error TS1434: Unexpected keyword or identifier.
sveltekit-frontend/src/lib/services/logging-aggregation-service.ts(487,3): error TS1128: Declaration or statement expected.
sveltekit-frontend/src/lib/services/logging-aggregation-service.ts(487,11): error TS1434: Unexpected keyword or identifier.
sveltekit-frontend/src/lib/services/logging-aggregation-service.ts(487,39): error TS1135: Argument expression expected.
sveltekit-frontend/src/lib/services/logging-aggregation-service.ts(489,9): error TS1003: Identifier expected.
sveltekit-frontend/src/lib/services/logging-aggregation-service.ts(489,19): error TS1005: '{' expected.
sveltekit-frontend/src/lib/services/logging-aggregation-service.ts(489,25): error TS1005: ':' expected.
sveltekit-frontend/src/lib/services/logging-aggregation-service.ts(490,12): error TS1005: ':' expected.
sveltekit-frontend/src/lib/services/logging-aggregation-service.ts(500,8): error TS1005: ';' expected.
sveltekit-frontend/src/lib/services/logging-aggregation-service.ts(500,9): error TS1005: ',' expected.
sveltekit-frontend/src/lib/services/logging-aggregation-service.ts(501,14): error TS1005: ',' expected.
sveltekit-frontend/src/lib/services/logging-aggregation-service.ts(508,6): error TS1005: ';' expected.
sveltekit-frontend/src/lib/services/logging-aggregation-service.ts(509,3): error TS1128: Declaration or statement expected.
sveltekit-frontend/src/lib/services/logging-aggregation-service.ts(511,3): error TS1128: Declaration or statement expected.
sveltekit-frontend/src/lib/services/logging-aggregation-service.ts(512,13): error TS1005: ',' expected.
sveltekit-frontend/src/lib/services/logging-aggregation-service.ts(512,24): error TS1005: ',' expected.
sveltekit-frontend/src/lib/services/logging-aggregation-service.ts(512,26): error TS1136: Property assignment expected.
sveltekit-frontend/src/lib/services/logging-aggregation-service.ts(517,3): error TS1128: Declaration or statement expected.
sveltekit-frontend/src/lib/services/logging-aggregation-service.ts(518,1): error TS1128: Declaration or statement expected.
sveltekit-frontend/src/lib/services/loki-client-storage.ts(5,1): error TS1128: Declaration or statement expected.
sveltekit-frontend/src/lib/services/loki-client-storage.ts(23,39): error TS1005: ';' expected.
sveltekit-frontend/src/lib/services/loki-client-storage.ts(30,21): error TS1005: ',' expected.
sveltekit-frontend/src/lib/services/loki-client-storage.ts(162,31): error TS1136: Property assignment expected.
sveltekit-frontend/src/lib/services/loki-client-storage.ts(163,48): error TS1005: ':' expected.
sveltekit-frontend/src/lib/services/loki-client-storage.ts(165,8): error TS1472: 'catch' or 'finally' expected.
sveltekit-frontend/src/lib/services/loki-client-storage.ts(167,78): error TS1005: ';' expected.
sveltekit-frontend/src/lib/services/loki-client-storage.ts(167,79): error TS1005: '}' expected.
sveltekit-frontend/src/lib/services/loki-client-storage.ts(167,86): error TS1109: Expression expected.
sveltekit-frontend/src/lib/services/loki-client-storage.ts(167,93): error TS1128: Declaration or statement expected.
sveltekit-frontend/src/lib/services/loki-client-storage.ts(167,94): error TS1128: Declaration or statement expected.
sveltekit-frontend/src/lib/services/loki-client-storage.ts(167,102): error TS1068: Unexpected token. A constructor, method, accessor, or property was expected.
sveltekit-frontend/src/lib/services/loki-client-storage.ts(390,2): error TS1160: Unterminated template literal.
sveltekit-frontend/src/lib/services/master-service-coordinator.ts(720,48): error TS1128: Declaration or statement expected.
sveltekit-frontend/src/lib/services/master-service-coordinator.ts(721,45): error TS1128: Declaration or statement expected.
sveltekit-frontend/src/lib/services/master-service-coordinator.ts(722,47): error TS1128: Declaration or statement expected.
sveltekit-frontend/src/lib/services/memory-monitoring.service.ts(13,58): error TS1005: ';' expected.
sveltekit-frontend/src/lib/services/memory-monitoring.service.ts(13,59): error TS1005: ')' expected.
sveltekit-frontend/src/lib/services/memory-monitoring.service.ts(13,66): error TS1109: Expression expected.
sveltekit-frontend/src/lib/services/memory-monitoring.service.ts(13,73): error TS1128: Declaration or statement expected.
sveltekit-frontend/src/lib/services/memory-monitoring.service.ts(13,80): error TS1005: ';' expected.
sveltekit-frontend/src/lib/services/memory-monitoring.service.ts(15,9): error TS1005: 'try' expected.
sveltekit-frontend/src/lib/services/memory-monitoring.service.ts(18,5): error TS1128: Declaration or statement expected.
sveltekit-frontend/src/lib/services/memory-monitoring.service.ts(18,6): error TS1128: Declaration or statement expected.
sveltekit-frontend/src/lib/services/memory-monitoring.service.ts(18,8): error TS1434: Unexpected keyword or identifier.
sveltekit-frontend/src/lib/services/memory-monitoring.service.ts(18,18): error TS1128: Declaration or statement expected.
sveltekit-frontend/src/lib/services/memory-monitoring.service.ts(20,3): error TS1128: Declaration or statement expected.
sveltekit-frontend/src/lib/services/memory-monitoring.service.ts(22,13): error TS1005: ',' expected.
sveltekit-frontend/src/lib/services/memory-monitoring.service.ts(22,24): error TS1005: ',' expected.
sveltekit-frontend/src/lib/services/memory-monitoring.service.ts(22,26): error TS1136: Property assignment expected.
sveltekit-frontend/src/lib/services/memory-monitoring.service.ts(27,3): error TS1128: Declaration or statement expected.
sveltekit-frontend/src/lib/services/memory-monitoring.service.ts(28,21): error TS1135: Argument expression expected.
sveltekit-frontend/src/lib/services/memory-monitoring.service.ts(28,42): error TS1109: Expression expected.
sveltekit-frontend/src/lib/services/memory-monitoring.service.ts(29,9): error TS1005: ':' expected.
sveltekit-frontend/src/lib/services/memory-monitoring.service.ts(29,34): error TS1005: ',' expected.
sveltekit-frontend/src/lib/services/memory-monitoring.service.ts(31,3): error TS1128: Declaration or statement expected.
sveltekit-frontend/src/lib/services/memory-monitoring.service.ts(31,32): error TS1135: Argument expression expected.
sveltekit-frontend/src/lib/services/memory-monitoring.service.ts(32,9): error TS1005: ':' expected.
sveltekit-frontend/src/lib/services/memory-monitoring.service.ts(38,7): error TS1005: ',' expected.
sveltekit-frontend/src/lib/services/memory-monitoring.service.ts(40,3): error TS1434: Unexpected keyword or identifier.
sveltekit-frontend/src/lib/services/memory-monitoring.service.ts(50,3): error TS1434: Unexpected keyword or identifier.
sveltekit-frontend/src/lib/services/memory-monitoring.service.ts(50,38): error TS1135: Argument expression expected.
sveltekit-frontend/src/lib/services/memory-monitoring.service.ts(60,1): error TS1109: Expression expected.
sveltekit-frontend/src/lib/services/minio-gpu-cache-integration.ts(8,1): error TS1128: Declaration or statement expected.
sveltekit-frontend/src/lib/services/minio-gpu-cache-integration.ts(17,1): error TS1128: Declaration or statement expected.
sveltekit-frontend/src/lib/services/minio-gpu-cache-integration.ts(28,1): error TS1128: Declaration or statement expected.
sveltekit-frontend/src/lib/services/minio-gpu-cache-integration.ts(54,1): error TS1128: Declaration or statement expected.
sveltekit-frontend/src/lib/services/minio-gpu-cache-integration.ts(149,130): error TS1005: ';' expected.
sveltekit-frontend/src/lib/services/minio-gpu-cache-integration.ts(149,131): error TS1005: ')' expected.
sveltekit-frontend/src/lib/services/minio-gpu-cache-integration.ts(149,143): error TS1109: Expression expected.
sveltekit-frontend/src/lib/services/minio-gpu-cache-integration.ts(149,150): error TS1472: 'catch' or 'finally' expected.
sveltekit-frontend/src/lib/services/minio-gpu-cache-integration.ts(149,151): error TS1128: Declaration or statement expected.
sveltekit-frontend/src/lib/services/minio-gpu-cache-integration.ts(149,269): error TS1131: Property or signature expected.
sveltekit-frontend/src/lib/services/minio-gpu-cache-integration.ts(149,271): error TS1005: ')' expected.
sveltekit-frontend/src/lib/services/minio-gpu-cache-integration.ts(149,283): error TS1109: Expression expected.
sveltekit-frontend/src/lib/services/minio-gpu-cache-integration.ts(149,290): error TS1068: Unexpected token. A constructor, method, accessor, or property was expected.
sveltekit-frontend/src/lib/services/minio-gpu-cache-integration.ts(149,291): error TS1068: Unexpected token. A constructor, method, accessor, or property was expected.
sveltekit-frontend/src/lib/services/minio-gpu-cache-integration.ts(149,292): error TS1434: Unexpected keyword or identifier.
sveltekit-frontend/src/lib/services/minio-gpu-cache-integration.ts(149,299): error TS1068: Unexpected token. A constructor, method, accessor, or property was expected.
sveltekit-frontend/src/lib/services/minio-gpu-cache-integration.ts(149,303): error TS1005: ';' expected.
sveltekit-frontend/src/lib/services/minio-gpu-cache-integration.ts(149,304): error TS1128: Declaration or statement expected.
sveltekit-frontend/src/lib/services/minio-gpu-cache-integration.ts(149,306): error TS1109: Expression expected.
sveltekit-frontend/src/lib/services/minio-gpu-cache-integration.ts(149,309): error TS1005: ';' expected.
sveltekit-frontend/src/lib/services/minio-gpu-cache-integration.ts(174,70): error TS1005: ')' expected.
sveltekit-frontend/src/lib/services/minio-gpu-cache-integration.ts(187,77): error TS1005: ')' expected.
sveltekit-frontend/src/lib/services/minio-gpu-cache-integration.ts(188,72): error TS1005: ')' expected.
sveltekit-frontend/src/lib/services/minio-gpu-cache-integration.ts(201,5): error TS1128: Declaration or statement expected.
sveltekit-frontend/src/lib/services/minio-gpu-cache-integration.ts(201,7): error TS1005: 'try' expected.
sveltekit-frontend/src/lib/services/minio-gpu-cache-integration.ts(205,3): error TS1128: Declaration or statement expected.
sveltekit-frontend/src/lib/services/minio-gpu-cache-integration.ts(209,3): error TS1128: Declaration or statement expected.
sveltekit-frontend/src/lib/services/minio-gpu-cache-integration.ts(209,11): error TS1434: Unexpected keyword or identifier.
sveltekit-frontend/src/lib/services/minio-gpu-cache-integration.ts(209,34): error TS1135: Argument expression expected.
sveltekit-frontend/src/lib/services/minio-gpu-cache-integration.ts(209,47): error TS1005: ';' expected.
sveltekit-frontend/src/lib/services/minio-gpu-cache-integration.ts(211,11): error TS1005: ':' expected.
sveltekit-frontend/src/lib/services/minio-gpu-cache-integration.ts(211,33): error TS1109: Expression expected.
sveltekit-frontend/src/lib/services/minio-gpu-cache-integration.ts(211,34): error TS1005: ':' expected.
sveltekit-frontend/src/lib/services/minio-gpu-cache-integration.ts(211,36): error TS1136: Property assignment expected.
sveltekit-frontend/src/lib/services/minio-gpu-cache-integration.ts(211,39): error TS1109: Expression expected.
sveltekit-frontend/src/lib/services/minio-gpu-cache-integration.ts(211,40): error TS1005: ':' expected.
sveltekit-frontend/src/lib/services/minio-gpu-cache-integration.ts(212,9): error TS1005: ',' expected.
sveltekit-frontend/src/lib/services/minio-gpu-cache-integration.ts(212,12): error TS1109: Expression expected.
sveltekit-frontend/src/lib/services/minio-gpu-cache-integration.ts(212,15): error TS1005: ':' expected.
sveltekit-frontend/src/lib/services/minio-gpu-cache-integration.ts(213,15): error TS1003: Identifier expected.
sveltekit-frontend/src/lib/services/minio-gpu-cache-integration.ts(213,17): error TS1138: Parameter declaration expected.
sveltekit-frontend/src/lib/services/minio-gpu-cache-integration.ts(213,135): error TS1005: ';' expected.
sveltekit-frontend/src/lib/services/minio-gpu-cache-integration.ts(213,138): error TS1109: Expression expected.
sveltekit-frontend/src/lib/services/minio-gpu-cache-integration.ts(214,7): error TS1109: Expression expected.
sveltekit-frontend/src/lib/services/minio-gpu-cache-integration.ts(217,204): error TS1109: Expression expected.
sveltekit-frontend/src/lib/services/minio-gpu-cache-integration.ts(225,46): error TS1109: Expression expected.
sveltekit-frontend/src/lib/services/minio-gpu-cache-integration.ts(239,3): error TS1128: Declaration or statement expected.
sveltekit-frontend/src/lib/services/minio-gpu-cache-integration.ts(243,3): error TS1434: Unexpected keyword or identifier.
sveltekit-frontend/src/lib/services/minio-gpu-cache-integration.ts(243,31): error TS1135: Argument expression expected.
sveltekit-frontend/src/lib/services/minio-gpu-cache-integration.ts(243,55): error TS1005: ',' expected.
sveltekit-frontend/src/lib/services/minio-gpu-cache-integration.ts(243,65): error TS1005: ';' expected.
sveltekit-frontend/src/lib/services/minio-gpu-cache-integration.ts(244,20): error TS1138: Parameter declaration expected.
sveltekit-frontend/src/lib/services/minio-gpu-cache-integration.ts(244,61): error TS1005: ';' expected.
sveltekit-frontend/src/lib/services/minio-gpu-cache-integration.ts(248,3): error TS1128: Declaration or statement expected.
sveltekit-frontend/src/lib/services/minio-gpu-cache-integration.ts(252,3): error TS1128: Declaration or statement expected.
sveltekit-frontend/src/lib/services/minio-gpu-cache-integration.ts(252,36): error TS1135: Argument expression expected.
sveltekit-frontend/src/lib/services/minio-gpu-cache-integration.ts(252,49): error TS1005: ';' expected.
sveltekit-frontend/src/lib/services/minio-gpu-cache-integration.ts(252,51): error TS1434: Unexpected keyword or identifier.
sveltekit-frontend/src/lib/services/minio-gpu-cache-integration.ts(255,36): error TS1109: Expression expected.
sveltekit-frontend/src/lib/services/minio-gpu-cache-integration.ts(256,7): error TS1109: Expression expected.
sveltekit-frontend/src/lib/services/minio-gpu-cache-integration.ts(256,65): error TS1109: Expression expected.
sveltekit-frontend/src/lib/services/minio-gpu-cache-integration.ts(258,9): error TS1109: Expression expected.
sveltekit-frontend/src/lib/services/minio-gpu-cache-integration.ts(260,46): error TS1109: Expression expected.
sveltekit-frontend/src/lib/services/minio-gpu-cache-integration.ts(275,13): error TS1109: Expression expected.
sveltekit-frontend/src/lib/services/minio-gpu-cache-integration.ts(276,9): error TS1005: ':' expected.
sveltekit-frontend/src/lib/services/minio-gpu-cache-integration.ts(276,24): error TS1005: ',' expected.
sveltekit-frontend/src/lib/services/minio-gpu-cache-integration.ts(277,9): error TS1005: ':' expected.
sveltekit-frontend/src/lib/services/minio-gpu-cache-integration.ts(277,37): error TS1005: ',' expected.
sveltekit-frontend/src/lib/services/minio-gpu-cache-integration.ts(278,9): error TS1005: ':' expected.
sveltekit-frontend/src/lib/services/minio-gpu-cache-integration.ts(278,39): error TS1005: ',' expected.
sveltekit-frontend/src/lib/services/minio-gpu-cache-integration.ts(280,1): error TS1128: Declaration or statement expected.
sveltekit-frontend/src/lib/services/minio-gpu-cache-integration.ts(317,20): error TS1005: ';' expected.
sveltekit-frontend/src/lib/services/minio-gpu-cache-integration.ts(318,5): error TS1128: Declaration or statement expected.
sveltekit-frontend/src/lib/services/minio-gpu-cache-integration.ts(318,9): error TS1128: Declaration or statement expected.
sveltekit-frontend/src/lib/services/minio-gpu-cache-integration.ts(318,10): error TS1128: Declaration or statement expected.
sveltekit-frontend/src/lib/services/minio-gpu-cache-integration.ts(318,24): error TS1109: Expression expected.
sveltekit-frontend/src/lib/services/minio-gpu-cache-integration.ts(319,11): error TS1005: ':' expected.
sveltekit-frontend/src/lib/services/minio-gpu-cache-integration.ts(319,40): error TS1005: ',' expected.
sveltekit-frontend/src/lib/services/minio-gpu-cache-integration.ts(320,11): error TS1005: ':' expected.
sveltekit-frontend/src/lib/services/minio-gpu-cache-integration.ts(320,64): error TS1005: ',' expected.
sveltekit-frontend/src/lib/services/minio-gpu-cache-integration.ts(321,9): error TS1005: ':' expected.
sveltekit-frontend/src/lib/services/minio-gpu-cache-integration.ts(323,13): error TS1005: ':' expected.
sveltekit-frontend/src/lib/services/minio-gpu-cache-integration.ts(323,48): error TS1005: ',' expected.
sveltekit-frontend/src/lib/services/minio-gpu-cache-integration.ts(324,11): error TS1005: ',' expected.
sveltekit-frontend/src/lib/services/minio-gpu-cache-integration.ts(324,33): error TS1005: ',' expected.
sveltekit-frontend/src/lib/services/minio-gpu-cache-integration.ts(325,11): error TS1005: ',' expected.
sveltekit-frontend/src/lib/services/minio-gpu-cache-integration.ts(325,30): error TS1005: ',' expected.
sveltekit-frontend/src/lib/services/minio-gpu-cache-integration.ts(326,11): error TS1005: ',' expected.
sveltekit-frontend/src/lib/services/minio-gpu-cache-integration.ts(326,34): error TS1005: ':' expected.
sveltekit-frontend/src/lib/services/minio-gpu-cache-integration.ts(328,15): error TS1005: ',' expected.
sveltekit-frontend/src/lib/services/minio-gpu-cache-integration.ts(328,69): error TS1005: ':' expected.
sveltekit-frontend/src/lib/services/minio-gpu-cache-integration.ts(328,71): error TS1136: Property assignment expected.
sveltekit-frontend/src/lib/services/minio-gpu-cache-integration.ts(360,5): error TS1128: Declaration or statement expected.
sveltekit-frontend/src/lib/services/minio-gpu-cache-integration.ts(360,7): error TS1005: 'try' expected.
sveltekit-frontend/src/lib/services/minio-gpu-cache-integration.ts(366,3): error TS1128: Declaration or statement expected.
sveltekit-frontend/src/lib/services/minio-gpu-cache-integration.ts(370,3): error TS1434: Unexpected keyword or identifier.
sveltekit-frontend/src/lib/services/minio-gpu-cache-integration.ts(370,18): error TS1135: Argument expression expected.
sveltekit-frontend/src/lib/services/minio-gpu-cache-integration.ts(370,35): error TS1005: ',' expected.
sveltekit-frontend/src/lib/services/minio-gpu-cache-integration.ts(370,73): error TS1005: ';' expected.
sveltekit-frontend/src/lib/services/minio-gpu-cache-integration.ts(371,11): error TS1005: ':' expected.
sveltekit-frontend/src/lib/services/minio-gpu-cache-integration.ts(371,40): error TS1005: ',' expected.
sveltekit-frontend/src/lib/services/minio-gpu-cache-integration.ts(372,9): error TS1005: ':' expected.
sveltekit-frontend/src/lib/services/minio-gpu-cache-integration.ts(374,13): error TS1005: ':' expected.
sveltekit-frontend/src/lib/services/minio-gpu-cache-integration.ts(374,41): error TS1005: ',' expected.
sveltekit-frontend/src/lib/services/minio-gpu-cache-integration.ts(375,19): error TS1138: Parameter declaration expected.
sveltekit-frontend/src/lib/services/minio-gpu-cache-integration.ts(375,45): error TS1005: ',' expected.
sveltekit-frontend/src/lib/services/minio-gpu-cache-integration.ts(375,47): error TS1136: Property assignment expected.
sveltekit-frontend/src/lib/services/minio-gpu-cache-integration.ts(382,138): error TS1005: ';' expected.
sveltekit-frontend/src/lib/services/minio-gpu-cache-integration.ts(382,139): error TS1005: ')' expected.
sveltekit-frontend/src/lib/services/minio-gpu-cache-integration.ts(382,151): error TS1109: Expression expected.
sveltekit-frontend/src/lib/services/minio-gpu-cache-integration.ts(382,158): error TS1128: Declaration or statement expected.
sveltekit-frontend/src/lib/services/minio-gpu-cache-integration.ts(382,159): error TS1128: Declaration or statement expected.
sveltekit-frontend/src/lib/services/minio-gpu-cache-integration.ts(382,179): error TS1005: ';' expected.
sveltekit-frontend/src/lib/services/minio-gpu-cache-integration.ts(384,134): error TS1005: ';' expected.
sveltekit-frontend/src/lib/services/minio-gpu-cache-integration.ts(384,135): error TS1005: ')' expected.
sveltekit-frontend/src/lib/services/minio-gpu-cache-integration.ts(384,147): error TS1109: Expression expected.
sveltekit-frontend/src/lib/services/minio-gpu-cache-integration.ts(384,153): error TS1128: Declaration or statement expected.
sveltekit-frontend/src/lib/services/minio-gpu-cache-integration.ts(384,154): error TS1128: Declaration or statement expected.
sveltekit-frontend/src/lib/services/minio-gpu-cache-integration.ts(384,155): error TS1128: Declaration or statement expected.
sveltekit-frontend/src/lib/services/minio-gpu-cache-integration.ts(384,223): error TS1005: ';' expected.
sveltekit-frontend/src/lib/services/minio-gpu-cache-integration.ts(386,7): error TS1128: Declaration or statement expected.
sveltekit-frontend/src/lib/services/minio-gpu-cache-integration.ts(403,136): error TS1005: ';' expected.
sveltekit-frontend/src/lib/services/minio-gpu-cache-integration.ts(403,137): error TS1005: ')' expected.
sveltekit-frontend/src/lib/services/minio-gpu-cache-integration.ts(403,149): error TS1109: Expression expected.
sveltekit-frontend/src/lib/services/minio-gpu-cache-integration.ts(403,155): error TS1128: Declaration or statement expected.
sveltekit-frontend/src/lib/services/minio-gpu-cache-integration.ts(403,156): error TS1128: Declaration or statement expected.
sveltekit-frontend/src/lib/services/minio-gpu-cache-integration.ts(403,157): error TS1128: Declaration or statement expected.
sveltekit-frontend/src/lib/services/minio-gpu-cache-integration.ts(403,171): error TS1005: ';' expected.
sveltekit-frontend/src/lib/services/minio-gpu-cache-integration.ts(405,132): error TS1005: ';' expected.
sveltekit-frontend/src/lib/services/minio-gpu-cache-integration.ts(405,133): error TS1005: ')' expected.
sveltekit-frontend/src/lib/services/minio-gpu-cache-integration.ts(405,145): error TS1109: Expression expected.
sveltekit-frontend/src/lib/services/minio-gpu-cache-integration.ts(405,151): error TS1128: Declaration or statement expected.
sveltekit-frontend/src/lib/services/minio-gpu-cache-integration.ts(405,152): error TS1128: Declaration or statement expected.
sveltekit-frontend/src/lib/services/minio-gpu-cache-integration.ts(405,153): error TS1128: Declaration or statement expected.
sveltekit-frontend/src/lib/services/minio-gpu-cache-integration.ts(405,225): error TS1005: ';' expected.
sveltekit-frontend/src/lib/services/minio-gpu-cache-integration.ts(407,5): error TS1128: Declaration or statement expected.
sveltekit-frontend/src/lib/services/minio-gpu-cache-integration.ts(407,7): error TS1005: 'try' expected.
sveltekit-frontend/src/lib/services/minio-gpu-cache-integration.ts(413,3): error TS1128: Declaration or statement expected.
sveltekit-frontend/src/lib/services/minio-gpu-cache-integration.ts(417,3): error TS1434: Unexpected keyword or identifier.
sveltekit-frontend/src/lib/services/minio-gpu-cache-integration.ts(417,21): error TS1109: Expression expected.
sveltekit-frontend/src/lib/services/minio-gpu-cache-integration.ts(417,38): error TS1005: ';' expected.
sveltekit-frontend/src/lib/services/minio-gpu-cache-integration.ts(417,75): error TS1005: ';' expected.
sveltekit-frontend/src/lib/services/minio-gpu-cache-integration.ts(417,76): error TS1128: Declaration or statement expected.
sveltekit-frontend/src/lib/services/minio-gpu-cache-integration.ts(418,11): error TS1005: ':' expected.
sveltekit-frontend/src/lib/services/minio-gpu-cache-integration.ts(418,40): error TS1005: ',' expected.
sveltekit-frontend/src/lib/services/minio-gpu-cache-integration.ts(419,9): error TS1005: ':' expected.
sveltekit-frontend/src/lib/services/minio-gpu-cache-integration.ts(421,13): error TS1005: ':' expected.
sveltekit-frontend/src/lib/services/minio-gpu-cache-integration.ts(421,45): error TS1005: ',' expected.
sveltekit-frontend/src/lib/services/minio-gpu-cache-integration.ts(423,13): error TS1005: ',' expected.
sveltekit-frontend/src/lib/services/minio-gpu-cache-integration.ts(423,18): error TS1005: ',' expected.
sveltekit-frontend/src/lib/services/minio-gpu-cache-integration.ts(423,48): error TS1005: ',' expected.
sveltekit-frontend/src/lib/services/minio-gpu-cache-integration.ts(424,13): error TS1005: ':' expected.
sveltekit-frontend/src/lib/services/minio-gpu-cache-integration.ts(424,59): error TS1005: ',' expected.
sveltekit-frontend/src/lib/services/minio-gpu-cache-integration.ts(425,11): error TS1005: ':' expected.
sveltekit-frontend/src/lib/services/minio-gpu-cache-integration.ts(425,57): error TS1005: ',' expected.
sveltekit-frontend/src/lib/services/minio-gpu-cache-integration.ts(427,27): error TS1003: Identifier expected.
sveltekit-frontend/src/lib/services/minio-gpu-cache-integration.ts(427,35): error TS1138: Parameter declaration expected.
sveltekit-frontend/src/lib/services/minio-gpu-cache-integration.ts(427,45): error TS1003: Identifier expected.
sveltekit-frontend/src/lib/services/minio-gpu-cache-integration.ts(427,46): error TS1138: Parameter declaration expected.
sveltekit-frontend/src/lib/services/minio-gpu-cache-integration.ts(428,7): error TS1005: ',' expected.
sveltekit-frontend/src/lib/services/minio-gpu-cache-integration.ts(428,14): error TS1005: ':' expected.
sveltekit-frontend/src/lib/services/minio-gpu-cache-integration.ts(428,19): error TS1005: ',' expected.
sveltekit-frontend/src/lib/services/minio-gpu-cache-integration.ts(429,7): error TS1005: ',' expected.
sveltekit-frontend/src/lib/services/minio-gpu-cache-integration.ts(439,3): error TS1434: Unexpected keyword or identifier.
sveltekit-frontend/src/lib/services/minio-gpu-cache-integration.ts(439,21): error TS1135: Argument expression expected.
sveltekit-frontend/src/lib/services/minio-gpu-cache-integration.ts(439,66): error TS1109: Expression expected.
sveltekit-frontend/src/lib/services/minio-gpu-cache-integration.ts(439,75): error TS1005: ';' expected.
sveltekit-frontend/src/lib/services/minio-gpu-cache-integration.ts(439,92): error TS1011: An element access expression should take an argument.
sveltekit-frontend/src/lib/services/minio-gpu-cache-integration.ts(440,11): error TS1005: ':' expected.
sveltekit-frontend/src/lib/services/minio-gpu-cache-integration.ts(440,40): error TS1005: ',' expected.
sveltekit-frontend/src/lib/services/minio-gpu-cache-integration.ts(441,9): error TS1005: ':' expected.
sveltekit-frontend/src/lib/services/minio-gpu-cache-integration.ts(443,13): error TS1005: ':' expected.
sveltekit-frontend/src/lib/services/minio-gpu-cache-integration.ts(443,53): error TS1005: ')' expected.
sveltekit-frontend/src/lib/services/minio-gpu-cache-integration.ts(444,9): error TS1003: Identifier expected.
sveltekit-frontend/src/lib/services/minio-gpu-cache-integration.ts(444,57): error TS1005: ')' expected.
sveltekit-frontend/src/lib/services/minio-gpu-cache-integration.ts(446,13): error TS1005: ':' expected.
sveltekit-frontend/src/lib/services/minio-gpu-cache-integration.ts(446,65): error TS1005: ',' expected.
sveltekit-frontend/src/lib/services/minio-gpu-cache-integration.ts(448,13): error TS1005: ':' expected.
sveltekit-frontend/src/lib/services/minio-gpu-cache-integration.ts(448,71): error TS1005: ')' expected.
sveltekit-frontend/src/lib/services/minio-gpu-cache-integration.ts(449,13): error TS1005: ':' expected.
sveltekit-frontend/src/lib/services/minio-gpu-cache-integration.ts(449,59): error TS1005: ',' expected.
sveltekit-frontend/src/lib/services/minio-gpu-cache-integration.ts(450,11): error TS1005: ':' expected.
sveltekit-frontend/src/lib/services/minio-gpu-cache-integration.ts(450,55): error TS1005: ',' expected.
sveltekit-frontend/src/lib/services/minio-gpu-cache-integration.ts(452,27): error TS1003: Identifier expected.
sveltekit-frontend/src/lib/services/minio-gpu-cache-integration.ts(452,33): error TS1138: Parameter declaration expected.
sveltekit-frontend/src/lib/services/minio-gpu-cache-integration.ts(452,43): error TS1003: Identifier expected.
sveltekit-frontend/src/lib/services/minio-gpu-cache-integration.ts(452,44): error TS1138: Parameter declaration expected.
sveltekit-frontend/src/lib/services/minio-gpu-cache-integration.ts(452,71): error TS1138: Parameter declaration expected.
sveltekit-frontend/src/lib/services/minio-gpu-cache-integration.ts(452,94): error TS1005: ',' expected.
sveltekit-frontend/src/lib/services/minio-gpu-cache-integration.ts(452,95): error TS1136: Property assignment expected.
sveltekit-frontend/src/lib/services/minio-gpu-cache-integration.ts(453,14): error TS1005: ':' expected.
sveltekit-frontend/src/lib/services/minio-gpu-cache-integration.ts(453,22): error TS1005: ',' expected.
sveltekit-frontend/src/lib/services/minio-gpu-cache-integration.ts(454,7): error TS1005: ',' expected.
sveltekit-frontend/src/lib/services/minio-gpu-cache-integration.ts(464,14): error TS1109: Expression expected.
sveltekit-frontend/src/lib/services/minio-gpu-cache-integration.ts(465,22): error TS1005: ',' expected.
sveltekit-frontend/src/lib/services/minio-gpu-cache-integration.ts(466,24): error TS1005: ',' expected.
sveltekit-frontend/src/lib/services/minio-gpu-cache-integration.ts(468,27): error TS1005: ',' expected.
sveltekit-frontend/src/lib/services/minio-gpu-cache-integration.ts(469,27): error TS1005: ',' expected.
sveltekit-frontend/src/lib/services/minio-gpu-cache-integration.ts(470,32): error TS1005: ',' expected.
sveltekit-frontend/src/lib/services/minio-gpu-cache-integration.ts(473,11): error TS1005: ':' expected.
sveltekit-frontend/src/lib/services/minio-gpu-cache-integration.ts(473,55): error TS1005: ')' expected.
sveltekit-frontend/src/lib/services/minio-gpu-cache-integration.ts(474,7): error TS1003: Identifier expected.
sveltekit-frontend/src/lib/services/minio-gpu-cache-integration.ts(474,74): error TS1005: ',' expected.
sveltekit-frontend/src/lib/services/minio-gpu-cache-integration.ts(475,11): error TS1005: ':' expected.
sveltekit-frontend/src/lib/services/minio-gpu-cache-integration.ts(475,61): error TS1005: ')' expected.
sveltekit-frontend/src/lib/services/minio-gpu-cache-integration.ts(476,7): error TS1003: Identifier expected.
sveltekit-frontend/src/lib/services/minio-gpu-cache-integration.ts(476,46): error TS1005: ',' expected.
sveltekit-frontend/src/lib/services/minio-gpu-cache-integration.ts(477,11): error TS1005: ':' expected.
sveltekit-frontend/src/lib/services/minio-gpu-cache-integration.ts(477,54): error TS1005: ',' expected.
sveltekit-frontend/src/lib/services/minio-gpu-cache-integration.ts(478,7): error TS1136: Property assignment expected.
sveltekit-frontend/src/lib/services/minio-gpu-cache-integration.ts(478,26): error TS1005: ',' expected.
sveltekit-frontend/src/lib/services/minio-gpu-cache-integration.ts(478,122): error TS1136: Property assignment expected.
sveltekit-frontend/src/lib/services/minio-gpu-cache-integration.ts(478,127): error TS1005: ':' expected.
sveltekit-frontend/src/lib/services/minio-gpu-cache-integration.ts(479,12): error TS1005: ':' expected.
sveltekit-frontend/src/lib/services/minio-gpu-cache-integration.ts(493,16): error TS1109: Expression expected.
sveltekit-frontend/src/lib/services/minio-gpu-cache-integration.ts(494,9): error TS1005: ':' expected.
sveltekit-frontend/src/lib/services/minio-gpu-cache-integration.ts(494,23): error TS1005: ',' expected.
sveltekit-frontend/src/lib/services/minio-gpu-cache-integration.ts(495,9): error TS1005: ':' expected.
sveltekit-frontend/src/lib/services/minio-gpu-cache-integration.ts(495,22): error TS1109: Expression expected.
sveltekit-frontend/src/lib/services/minio-gpu-cache-integration.ts(495,25): error TS1005: ':' expected.
sveltekit-frontend/src/lib/services/minio-gpu-cache-integration.ts(496,9): error TS1005: ':' expected.
sveltekit-frontend/src/lib/services/minio-gpu-cache-integration.ts(496,24): error TS1109: Expression expected.
sveltekit-frontend/src/lib/services/minio-gpu-cache-integration.ts(496,27): error TS1005: ':' expected.
sveltekit-frontend/src/lib/services/minio-gpu-cache-integration.ts(497,9): error TS1005: ':' expected.
sveltekit-frontend/src/lib/services/minio-gpu-cache-integration.ts(497,33): error TS1109: Expression expected.
sveltekit-frontend/src/lib/services/minio-gpu-cache-integration.ts(497,36): error TS1005: ':' expected.
sveltekit-frontend/src/lib/services/minio-gpu-cache-integration.ts(498,9): error TS1005: ':' expected.
sveltekit-frontend/src/lib/services/minio-gpu-cache-integration.ts(498,25): error TS1109: Expression expected.
sveltekit-frontend/src/lib/services/minio-gpu-cache-integration.ts(498,28): error TS1005: ':' expected.
sveltekit-frontend/src/lib/services/minio-gpu-cache-integration.ts(499,13): error TS1003: Identifier expected.
sveltekit-frontend/src/lib/services/minio-gpu-cache-integration.ts(499,43): error TS1005: ',' expected.
sveltekit-frontend/src/lib/services/minio-gpu-cache-integration.ts(504,3): error TS1128: Declaration or statement expected.
sveltekit-frontend/src/lib/services/minio-gpu-cache-integration.ts(504,29): error TS1135: Argument expression expected.
sveltekit-frontend/src/lib/services/minio-gpu-cache-integration.ts(504,65): error TS1005: ';' expected.
sveltekit-frontend/src/lib/services/minio-gpu-cache-integration.ts(504,67): error TS1434: Unexpected keyword or identifier.
sveltekit-frontend/src/lib/services/minio-gpu-cache-integration.ts(518,3): error TS1128: Declaration or statement expected.
sveltekit-frontend/src/lib/services/minio-gpu-cache-integration.ts(518,11): error TS1434: Unexpected keyword or identifier.
sveltekit-frontend/src/lib/services/minio-gpu-cache-integration.ts(518,40): error TS1135: Argument expression expected.
sveltekit-frontend/src/lib/services/minio-gpu-cache-integration.ts(518,53): error TS1005: ';' expected.
sveltekit-frontend/src/lib/services/minio-gpu-cache-integration.ts(519,11): error TS1005: ':' expected.
sveltekit-frontend/src/lib/services/minio-gpu-cache-integration.ts(519,67): error TS1005: ',' expected.
sveltekit-frontend/src/lib/services/minio-gpu-cache-integration.ts(520,11): error TS1005: ':' expected.
sveltekit-frontend/src/lib/services/minio-gpu-cache-integration.ts(520,60): error TS1005: ')' expected.
sveltekit-frontend/src/lib/services/minio-gpu-cache-integration.ts(521,12): error TS1005: ':' expected.
sveltekit-frontend/src/lib/services/minio-gpu-cache-integration.ts(521,72): error TS1005: ',' expected.
sveltekit-frontend/src/lib/services/minio-gpu-cache-integration.ts(526,3): error TS1128: Declaration or statement expected.
sveltekit-frontend/src/lib/services/minio-gpu-cache-integration.ts(526,25): error TS1135: Argument expression expected.
sveltekit-frontend/src/lib/services/minio-gpu-cache-integration.ts(526,39): error TS1005: ';' expected.
sveltekit-frontend/src/lib/services/minio-gpu-cache-integration.ts(526,41): error TS1434: Unexpected keyword or identifier.
sveltekit-frontend/src/lib/services/minio-gpu-cache-integration.ts(533,3): error TS1128: Declaration or statement expected.
sveltekit-frontend/src/lib/services/minio-gpu-cache-integration.ts(533,33): error TS1135: Argument expression expected.
sveltekit-frontend/src/lib/services/minio-gpu-cache-integration.ts(533,48): error TS1005: ',' expected.
sveltekit-frontend/src/lib/services/minio-gpu-cache-integration.ts(533,64): error TS1005: ',' expected.
sveltekit-frontend/src/lib/services/minio-gpu-cache-integration.ts(533,82): error TS1005: ',' expected.
sveltekit-frontend/src/lib/services/minio-gpu-cache-integration.ts(533,102): error TS1109: Expression expected.
sveltekit-frontend/src/lib/services/minio-gpu-cache-integration.ts(533,113): error TS1005: ';' expected.
sveltekit-frontend/src/lib/services/minio-gpu-cache-integration.ts(534,9): error TS1005: ':' expected.
sveltekit-frontend/src/lib/services/minio-gpu-cache-integration.ts(534,32): error TS1109: Expression expected.
sveltekit-frontend/src/lib/services/minio-gpu-cache-integration.ts(534,33): error TS1136: Property assignment expected.
sveltekit-frontend/src/lib/services/minio-gpu-cache-integration.ts(534,34): error TS1109: Expression expected.
sveltekit-frontend/src/lib/services/minio-gpu-cache-integration.ts(554,3): error TS1128: Declaration or statement expected.
sveltekit-frontend/src/lib/services/minio-gpu-cache-integration.ts(558,3): error TS1128: Declaration or statement expected.
sveltekit-frontend/src/lib/services/minio-gpu-cache-integration.ts(558,31): error TS1109: Expression expected.
sveltekit-frontend/src/lib/services/minio-gpu-cache-integration.ts(559,17): error TS1138: Parameter declaration expected.
sveltekit-frontend/src/lib/services/minio-gpu-cache-integration.ts(559,21): error TS1005: '(' expected.
sveltekit-frontend/src/lib/services/minio-gpu-cache-integration.ts(570,13): error TS1005: ';' expected.
sveltekit-frontend/src/lib/services/minio-gpu-cache-integration.ts(571,3): error TS1128: Declaration or statement expected.
sveltekit-frontend/src/lib/services/minio-gpu-cache-integration.ts(575,3): error TS1128: Declaration or statement expected.
sveltekit-frontend/src/lib/services/minio-gpu-cache-integration.ts(575,11): error TS1434: Unexpected keyword or identifier.
sveltekit-frontend/src/lib/services/minio-gpu-cache-integration.ts(575,37): error TS1135: Argument expression expected.
sveltekit-frontend/src/lib/services/minio-gpu-cache-integration.ts(575,51): error TS1005: ',' expected.
sveltekit-frontend/src/lib/services/minio-gpu-cache-integration.ts(575,66): error TS1005: ',' expected.
sveltekit-frontend/src/lib/services/minio-gpu-cache-integration.ts(575,89): error TS1005: ',' expected.
sveltekit-frontend/src/lib/services/minio-gpu-cache-integration.ts(575,116): error TS1005: ';' expected.
sveltekit-frontend/src/lib/services/minio-gpu-cache-integration.ts(575,130): error TS1109: Expression expected.
sveltekit-frontend/src/lib/services/minio-gpu-cache-integration.ts(577,11): error TS1005: ',' expected.
sveltekit-frontend/src/lib/services/minio-gpu-cache-integration.ts(577,14): error TS1005: ':' expected.
sveltekit-frontend/src/lib/services/minio-gpu-cache-integration.ts(577,32): error TS1005: ',' expected.
sveltekit-frontend/src/lib/services/minio-gpu-cache-integration.ts(577,45): error TS1005: ',' expected.
sveltekit-frontend/src/lib/services/minio-gpu-cache-integration.ts(580,13): error TS1109: Expression expected.
sveltekit-frontend/src/lib/services/minio-gpu-cache-integration.ts(580,155): error TS1131: Property or signature expected.
sveltekit-frontend/src/lib/services/minio-gpu-cache-integration.ts(580,169): error TS1109: Expression expected.
sveltekit-frontend/src/lib/services/minio-gpu-cache-integration.ts(580,176): error TS1109: Expression expected.
sveltekit-frontend/src/lib/services/minio-gpu-cache-integration.ts(580,177): error TS1128: Declaration or statement expected.
sveltekit-frontend/src/lib/services/minio-gpu-cache-integration.ts(580,178): error TS1128: Declaration or statement expected.
sveltekit-frontend/src/lib/services/minio-gpu-cache-integration.ts(580,185): error TS1128: Declaration or statement expected.
sveltekit-frontend/src/lib/services/minio-gpu-cache-integration.ts(580,187): error TS1434: Unexpected keyword or identifier.
sveltekit-frontend/src/lib/services/minio-gpu-cache-integration.ts(580,192): error TS1128: Declaration or statement expected.
sveltekit-frontend/src/lib/services/minio-gpu-cache-integration.ts(641,70): error TS1160: Unterminated template literal.
sveltekit-frontend/src/lib/services/mmr-summary-generator.ts(6,1): error TS1128: Declaration or statement expected.
sveltekit-frontend/src/lib/services/mmr-summary-generator.ts(13,1): error TS1128: Declaration or statement expected.
sveltekit-frontend/src/lib/services/mmr-summary-generator.ts(39,1): error TS1128: Declaration or statement expected.
sveltekit-frontend/src/lib/services/mmr-summary-generator.ts(65,3): error TS1068: Unexpected token. A constructor, method, accessor, or property was expected.
sveltekit-frontend/src/lib/services/mmr-summary-generator.ts(65,4): error TS1068: Unexpected token. A constructor, method, accessor, or property was expected.
sveltekit-frontend/src/lib/services/mmr-summary-generator.ts(65,28): error TS1005: '(' expected.
sveltekit-frontend/src/lib/services/mmr-summary-generator.ts(65,30): error TS1068: Unexpected token. A constructor, method, accessor, or property was expected.
sveltekit-frontend/src/lib/services/mmr-summary-generator.ts(95,3): error TS1128: Declaration or statement expected.
sveltekit-frontend/src/lib/services/mmr-summary-generator.ts(95,11): error TS1434: Unexpected keyword or identifier.
sveltekit-frontend/src/lib/services/mmr-summary-generator.ts(95,43): error TS1005: ',' expected.
sveltekit-frontend/src/lib/services/mmr-summary-generator.ts(95,59): error TS1011: An element access expression should take an argument.
sveltekit-frontend/src/lib/services/mmr-summary-generator.ts(95,61): error TS1005: ';' expected.
sveltekit-frontend/src/lib/services/mmr-summary-generator.ts(95,78): error TS1011: An element access expression should take an argument.
sveltekit-frontend/src/lib/services/mmr-summary-generator.ts(96,11): error TS1005: ':' expected.
sveltekit-frontend/src/lib/services/mmr-summary-generator.ts(96,20): error TS1005: ',' expected.
sveltekit-frontend/src/lib/services/mmr-summary-generator.ts(96,28): error TS1005: ',' expected.
sveltekit-frontend/src/lib/services/mmr-summary-generator.ts(96,29): error TS1109: Expression expected.
sveltekit-frontend/src/lib/services/mmr-summary-generator.ts(96,31): error TS1005: ':' expected.
sveltekit-frontend/src/lib/services/mmr-summary-generator.ts(96,35): error TS1005: ',' expected.
sveltekit-frontend/src/lib/services/mmr-summary-generator.ts(97,10): error TS1359: Identifier expected. 'const' is a reserved word that cannot be used here.
sveltekit-frontend/src/lib/services/mmr-summary-generator.ts(97,16): error TS1005: ',' expected.
sveltekit-frontend/src/lib/services/mmr-summary-generator.ts(97,20): error TS1005: ',' expected.
sveltekit-frontend/src/lib/services/mmr-summary-generator.ts(97,23): error TS1005: ',' expected.
sveltekit-frontend/src/lib/services/mmr-summary-generator.ts(100,93): error TS1128: Declaration or statement expected.
sveltekit-frontend/src/lib/services/mmr-summary-generator.ts(112,13): error TS1128: Declaration or statement expected.
sveltekit-frontend/src/lib/services/mmr-summary-generator.ts(113,13): error TS1003: Identifier expected.
sveltekit-frontend/src/lib/services/mmr-summary-generator.ts(113,49): error TS1005: ',' expected.
sveltekit-frontend/src/lib/services/mmr-summary-generator.ts(114,25): error TS1005: ',' expected.
sveltekit-frontend/src/lib/services/mmr-summary-generator.ts(116,13): error TS1005: ',' expected.
sveltekit-frontend/src/lib/services/mmr-summary-generator.ts(118,7): error TS1128: Declaration or statement expected.
sveltekit-frontend/src/lib/services/mmr-summary-generator.ts(119,5): error TS1128: Declaration or statement expected.
sveltekit-frontend/src/lib/services/mmr-summary-generator.ts(121,3): error TS1128: Declaration or statement expected.
sveltekit-frontend/src/lib/services/mmr-summary-generator.ts(122,3): error TS1128: Declaration or statement expected.
sveltekit-frontend/src/lib/services/mmr-summary-generator.ts(122,11): error TS1434: Unexpected keyword or identifier.
sveltekit-frontend/src/lib/services/mmr-summary-generator.ts(122,41): error TS1005: ',' expected.
sveltekit-frontend/src/lib/services/mmr-summary-generator.ts(122,50): error TS1011: An element access expression should take an argument.
sveltekit-frontend/src/lib/services/mmr-summary-generator.ts(122,58): error TS1005: ',' expected.
sveltekit-frontend/src/lib/services/mmr-summary-generator.ts(122,67): error TS1005: ';' expected.
sveltekit-frontend/src/lib/services/mmr-summary-generator.ts(122,92): error TS1011: An element access expression should take an argument.
sveltekit-frontend/src/lib/services/mmr-summary-generator.ts(123,11): error TS1005: ':' expected.
sveltekit-frontend/src/lib/services/mmr-summary-generator.ts(123,17): error TS1005: ',' expected.
sveltekit-frontend/src/lib/services/mmr-summary-generator.ts(123,33): error TS1005: ',' expected.
sveltekit-frontend/src/lib/services/mmr-summary-generator.ts(123,34): error TS1109: Expression expected.
sveltekit-frontend/src/lib/services/mmr-summary-generator.ts(123,36): error TS1005: ':' expected.
sveltekit-frontend/src/lib/services/mmr-summary-generator.ts(123,40): error TS1005: ',' expected.
sveltekit-frontend/src/lib/services/mmr-summary-generator.ts(124,14): error TS1005: ',' expected.
sveltekit-frontend/src/lib/services/mmr-summary-generator.ts(124,19): error TS1005: ',' expected.
sveltekit-frontend/src/lib/services/mmr-summary-generator.ts(124,23): error TS1005: ',' expected.
sveltekit-frontend/src/lib/services/mmr-summary-generator.ts(124,34): error TS1005: ',' expected.
sveltekit-frontend/src/lib/services/mmr-summary-generator.ts(124,41): error TS1005: ',' expected.
sveltekit-frontend/src/lib/services/mmr-summary-generator.ts(124,44): error TS1005: ',' expected.
sveltekit-frontend/src/lib/services/mmr-summary-generator.ts(124,46): error TS1005: ';' expected.
sveltekit-frontend/src/lib/services/mmr-summary-generator.ts(124,49): error TS1109: Expression expected.
sveltekit-frontend/src/lib/services/mmr-summary-generator.ts(125,7): error TS1109: Expression expected.
sveltekit-frontend/src/lib/services/mmr-summary-generator.ts(140,3): error TS1128: Declaration or statement expected.
sveltekit-frontend/src/lib/services/mmr-summary-generator.ts(141,3): error TS1128: Declaration or statement expected.
sveltekit-frontend/src/lib/services/mmr-summary-generator.ts(141,35): error TS1005: ',' expected.
sveltekit-frontend/src/lib/services/mmr-summary-generator.ts(141,52): error TS1011: An element access expression should take an argument.
sveltekit-frontend/src/lib/services/mmr-summary-generator.ts(141,54): error TS1005: ';' expected.
sveltekit-frontend/src/lib/services/mmr-summary-generator.ts(141,71): error TS1011: An element access expression should take an argument.
sveltekit-frontend/src/lib/services/mmr-summary-generator.ts(141,73): error TS1005: ';' expected.
sveltekit-frontend/src/lib/services/mmr-summary-generator.ts(154,51): error TS1109: Expression expected.
sveltekit-frontend/src/lib/services/mmr-summary-generator.ts(155,9): error TS1109: Expression expected.
sveltekit-frontend/src/lib/services/mmr-summary-generator.ts(159,25): error TS1109: Expression expected.
sveltekit-frontend/src/lib/services/mmr-summary-generator.ts(172,9): error TS1128: Declaration or statement expected.
sveltekit-frontend/src/lib/services/mmr-summary-generator.ts(180,3): error TS1128: Declaration or statement expected.
sveltekit-frontend/src/lib/services/mmr-summary-generator.ts(180,44): error TS1005: ',' expected.
sveltekit-frontend/src/lib/services/mmr-summary-generator.ts(180,70): error TS1005: ',' expected.
sveltekit-frontend/src/lib/services/mmr-summary-generator.ts(180,87): error TS1011: An element access expression should take an argument.
sveltekit-frontend/src/lib/services/mmr-summary-generator.ts(180,89): error TS1005: ';' expected.
sveltekit-frontend/src/lib/services/mmr-summary-generator.ts(180,91): error TS1434: Unexpected keyword or identifier.
sveltekit-frontend/src/lib/services/mmr-summary-generator.ts(190,3): error TS1128: Declaration or statement expected.
sveltekit-frontend/src/lib/services/mmr-summary-generator.ts(190,36): error TS1005: ',' expected.
sveltekit-frontend/src/lib/services/mmr-summary-generator.ts(190,59): error TS1005: ',' expected.
sveltekit-frontend/src/lib/services/mmr-summary-generator.ts(190,76): error TS1005: ';' expected.
sveltekit-frontend/src/lib/services/mmr-summary-generator.ts(190,78): error TS1434: Unexpected keyword or identifier.
sveltekit-frontend/src/lib/services/mmr-summary-generator.ts(198,3): error TS1128: Declaration or statement expected.
sveltekit-frontend/src/lib/services/mmr-summary-generator.ts(198,32): error TS1005: ',' expected.
sveltekit-frontend/src/lib/services/mmr-summary-generator.ts(198,41): error TS1011: An element access expression should take an argument.
sveltekit-frontend/src/lib/services/mmr-summary-generator.ts(198,48): error TS1005: ',' expected.
sveltekit-frontend/src/lib/services/mmr-summary-generator.ts(198,57): error TS1011: An element access expression should take an argument.
sveltekit-frontend/src/lib/services/mmr-summary-generator.ts(198,59): error TS1005: ';' expected.
sveltekit-frontend/src/lib/services/mmr-summary-generator.ts(198,61): error TS1434: Unexpected keyword or identifier.
sveltekit-frontend/src/lib/services/mmr-summary-generator.ts(203,44): error TS1109: Expression expected.
sveltekit-frontend/src/lib/services/mmr-summary-generator.ts(204,19): error TS1109: Expression expected.
sveltekit-frontend/src/lib/services/mmr-summary-generator.ts(209,61): error TS1005: ')' expected.
sveltekit-frontend/src/lib/services/mmr-summary-generator.ts(211,3): error TS1128: Declaration or statement expected.
sveltekit-frontend/src/lib/services/mmr-summary-generator.ts(211,34): error TS1005: ',' expected.
sveltekit-frontend/src/lib/services/mmr-summary-generator.ts(211,49): error TS1005: ',' expected.
sveltekit-frontend/src/lib/services/mmr-summary-generator.ts(211,58): error TS1005: ';' expected.
sveltekit-frontend/src/lib/services/mmr-summary-generator.ts(211,60): error TS1434: Unexpected keyword or identifier.
sveltekit-frontend/src/lib/services/mmr-summary-generator.ts(212,60): error TS1005: ')' expected.
sveltekit-frontend/src/lib/services/mmr-summary-generator.ts(213,60): error TS1005: ')' expected.
sveltekit-frontend/src/lib/services/mmr-summary-generator.ts(214,79): error TS1005: ')' expected.
sveltekit-frontend/src/lib/services/mmr-summary-generator.ts(218,3): error TS1128: Declaration or statement expected.
sveltekit-frontend/src/lib/services/mmr-summary-generator.ts(218,11): error TS1434: Unexpected keyword or identifier.
sveltekit-frontend/src/lib/services/mmr-summary-generator.ts(218,49): error TS1005: ',' expected.
sveltekit-frontend/src/lib/services/mmr-summary-generator.ts(218,64): error TS1005: ',' expected.
sveltekit-frontend/src/lib/services/mmr-summary-generator.ts(218,73): error TS1005: ';' expected.
sveltekit-frontend/src/lib/services/mmr-summary-generator.ts(220,11): error TS1005: ':' expected.
sveltekit-frontend/src/lib/services/mmr-summary-generator.ts(220,56): error TS1005: ',' expected.
sveltekit-frontend/src/lib/services/mmr-summary-generator.ts(221,11): error TS1005: ':' expected.
sveltekit-frontend/src/lib/services/mmr-summary-generator.ts(221,62): error TS1005: ',' expected.
sveltekit-frontend/src/lib/services/mmr-summary-generator.ts(222,9): error TS1005: ',' expected.
sveltekit-frontend/src/lib/services/mmr-summary-generator.ts(222,18): error TS1005: ',' expected.
sveltekit-frontend/src/lib/services/mmr-summary-generator.ts(223,11): error TS1005: ':' expected.
sveltekit-frontend/src/lib/services/mmr-summary-generator.ts(223,48): error TS1005: ',' expected.
sveltekit-frontend/src/lib/services/mmr-summary-generator.ts(224,10): error TS1359: Identifier expected. 'const' is a reserved word that cannot be used here.
sveltekit-frontend/src/lib/services/mmr-summary-generator.ts(224,16): error TS1005: ',' expected.
sveltekit-frontend/src/lib/services/mmr-summary-generator.ts(224,21): error TS1005: ',' expected.
sveltekit-frontend/src/lib/services/mmr-summary-generator.ts(224,24): error TS1005: ',' expected.
sveltekit-frontend/src/lib/services/mmr-summary-generator.ts(234,5): error TS1005: ',' expected.
sveltekit-frontend/src/lib/services/mmr-summary-generator.ts(234,12): error TS1005: ':' expected.
sveltekit-frontend/src/lib/services/mmr-summary-generator.ts(234,37): error TS1005: ',' expected.
sveltekit-frontend/src/lib/services/mmr-summary-generator.ts(236,3): error TS1128: Declaration or statement expected.
sveltekit-frontend/src/lib/services/mmr-summary-generator.ts(236,11): error TS1434: Unexpected keyword or identifier.
sveltekit-frontend/src/lib/services/mmr-summary-generator.ts(236,35): error TS1005: ',' expected.
sveltekit-frontend/src/lib/services/mmr-summary-generator.ts(236,44): error TS1005: ';' expected.
sveltekit-frontend/src/lib/services/mmr-summary-generator.ts(236,61): error TS1011: An element access expression should take an argument.
sveltekit-frontend/src/lib/services/mmr-summary-generator.ts(237,13): error TS1005: ',' expected.
sveltekit-frontend/src/lib/services/mmr-summary-generator.ts(237,38): error TS1005: ',' expected.
sveltekit-frontend/src/lib/services/mmr-summary-generator.ts(237,40): error TS1136: Property assignment expected.
sveltekit-frontend/src/lib/services/mmr-summary-generator.ts(245,31): error TS1136: Property assignment expected.
sveltekit-frontend/src/lib/services/mmr-summary-generator.ts(248,9): error TS1136: Property assignment expected.
sveltekit-frontend/src/lib/services/mmr-summary-generator.ts(249,8): error TS1472: 'catch' or 'finally' expected.
sveltekit-frontend/src/lib/services/mmr-summary-generator.ts(258,5): error TS1109: Expression expected.
sveltekit-frontend/src/lib/services/mmr-summary-generator.ts(258,7): error TS1005: 'try' expected.
sveltekit-frontend/src/lib/services/mmr-summary-generator.ts(262,3): error TS1109: Expression expected.
sveltekit-frontend/src/lib/services/mmr-summary-generator.ts(263,3): error TS1434: Unexpected keyword or identifier.
sveltekit-frontend/src/lib/services/mmr-summary-generator.ts(264,31): error TS1011: An element access expression should take an argument.
sveltekit-frontend/src/lib/services/mmr-summary-generator.ts(266,3): error TS1128: Declaration or statement expected.
sveltekit-frontend/src/lib/services/mmr-summary-generator.ts(266,4): error TS1128: Declaration or statement expected.
sveltekit-frontend/src/lib/services/mmr-summary-generator.ts(294,3): error TS1128: Declaration or statement expected.
sveltekit-frontend/src/lib/services/mmr-summary-generator.ts(295,31): error TS1011: An element access expression should take an argument.
sveltekit-frontend/src/lib/services/mmr-summary-generator.ts(297,3): error TS1128: Declaration or statement expected.
sveltekit-frontend/src/lib/services/mmr-summary-generator.ts(297,4): error TS1128: Declaration or statement expected.
sveltekit-frontend/src/lib/services/mmr-summary-generator.ts(297,6): error TS1434: Unexpected keyword or identifier.
sveltekit-frontend/src/lib/services/mmr-summary-generator.ts(304,3): error TS1128: Declaration or statement expected.
sveltekit-frontend/src/lib/services/mmr-summary-generator.ts(304,36): error TS1135: Argument expression expected.
sveltekit-frontend/src/lib/services/mmr-summary-generator.ts(304,53): error TS1011: An element access expression should take an argument.
sveltekit-frontend/src/lib/services/mmr-summary-generator.ts(304,66): error TS1005: ',' expected.
sveltekit-frontend/src/lib/services/mmr-summary-generator.ts(304,82): error TS1109: Expression expected.
sveltekit-frontend/src/lib/services/mmr-summary-generator.ts(304,83): error TS1109: Expression expected.
sveltekit-frontend/src/lib/services/mmr-summary-generator.ts(304,85): error TS1005: ';' expected.
sveltekit-frontend/src/lib/services/mmr-summary-generator.ts(304,97): error TS1005: ';' expected.
sveltekit-frontend/src/lib/services/mmr-summary-generator.ts(310,3): error TS1128: Declaration or statement expected.
sveltekit-frontend/src/lib/services/mmr-summary-generator.ts(310,41): error TS1135: Argument expression expected.
sveltekit-frontend/src/lib/services/mmr-summary-generator.ts(310,58): error TS1011: An element access expression should take an argument.
sveltekit-frontend/src/lib/services/mmr-summary-generator.ts(310,60): error TS1005: ';' expected.
sveltekit-frontend/src/lib/services/mmr-summary-generator.ts(310,62): error TS1434: Unexpected keyword or identifier.
sveltekit-frontend/src/lib/services/mmr-summary-generator.ts(317,1): error TS1128: Declaration or statement expected.
sveltekit-frontend/src/lib/services/mmr-summary-generator.ts(320,28): error TS1011: An element access expression should take an argument.
sveltekit-frontend/src/lib/services/mmr-summary-generator.ts(323,1): error TS1128: Declaration or statement expected.
sveltekit-frontend/src/lib/services/mmr-summary-generator.ts(323,2): error TS1128: Declaration or statement expected.
sveltekit-frontend/src/lib/services/mmr-summary-generator.ts(324,9): error TS1005: ':' expected.
sveltekit-frontend/src/lib/services/mmr-summary-generator.ts(324,52): error TS1005: ',' expected.
sveltekit-frontend/src/lib/services/mmr-summary-generator.ts(325,9): error TS1005: ':' expected.
sveltekit-frontend/src/lib/services/mmr-summary-generator.ts(330,11): error TS1005: ',' expected.
sveltekit-frontend/src/lib/services/mmr-summary-generator.ts(331,10): error TS1005: ':' expected.
sveltekit-frontend/src/lib/services/mmr-summary-generator.ts(331,62): error TS1005: ',' expected.
sveltekit-frontend/src/lib/services/mmr-summary-generator.ts(359,5): error TS1136: Property assignment expected.
sveltekit-frontend/src/lib/services/mmr-summary-generator.ts(359,7): error TS1472: 'catch' or 'finally' expected.
sveltekit-frontend/src/lib/services/mmr-summary-generator.ts(360,20): error TS1109: Expression expected.
sveltekit-frontend/src/lib/services/mmr-summary-generator.ts(362,77): error TS1109: Expression expected.
sveltekit-frontend/src/lib/services/mmr-summary-generator.ts(363,88): error TS1109: Expression expected.
sveltekit-frontend/src/lib/services/mmr-summary-generator.ts(366,42): error TS1005: ';' expected.
sveltekit-frontend/src/lib/services/mmr-summary-generator.ts(366,43): error TS1005: ',' expected.
sveltekit-frontend/src/lib/services/mmr-summary-generator.ts(367,14): error TS1109: Expression expected.
sveltekit-frontend/src/lib/services/mmr-summary-generator.ts(368,17): error TS1109: Expression expected.
sveltekit-frontend/src/lib/services/mmr-summary-generator.ts(369,6): error TS1128: Declaration or statement expected.
sveltekit-frontend/src/lib/services/mmr-summary-generator.ts(371,3): error TS1128: Declaration or statement expected.
sveltekit-frontend/src/lib/services/mmr-summary-generator.ts(371,5): error TS1005: 'try' expected.
sveltekit-frontend/src/lib/services/mmr-summary-generator.ts(375,1): error TS1128: Declaration or statement expected.
sveltekit-frontend/src/lib/services/multi-agent-orchestrator.ts(11,23): error TS1109: Expression expected.
sveltekit-frontend/src/lib/services/multi-agent-orchestrator.ts(11,32): error TS1005: ',' expected.
sveltekit-frontend/src/lib/services/multi-agent-orchestrator.ts(11,33): error TS1136: Property assignment expected.
sveltekit-frontend/src/lib/services/multi-agent-orchestrator.ts(45,45): error TS1109: Expression expected.
sveltekit-frontend/src/lib/services/multi-agent-orchestrator.ts(45,54): error TS1005: ',' expected.
sveltekit-frontend/src/lib/services/multi-agent-orchestrator.ts(45,55): error TS1136: Property assignment expected.
sveltekit-frontend/src/lib/services/multi-agent-orchestrator.ts(46,3): error TS1109: Expression expected.
sveltekit-frontend/src/lib/services/multi-embedding-vector-service.ts(6,1): error TS1128: Declaration or statement expected.
sveltekit-frontend/src/lib/services/multi-embedding-vector-service.ts(16,1): error TS1128: Declaration or statement expected.
sveltekit-frontend/src/lib/services/multi-embedding-vector-service.ts(25,1): error TS1128: Declaration or statement expected.
sveltekit-frontend/src/lib/services/multi-embedding-vector-service.ts(252,63): error TS1005: ';' expected.
sveltekit-frontend/src/lib/services/multi-embedding-vector-service.ts(252,64): error TS1131: Property or signature expected.
sveltekit-frontend/src/lib/services/multi-embedding-vector-service.ts(254,3): error TS1068: Unexpected token. A constructor, method, accessor, or property was expected.
sveltekit-frontend/src/lib/services/multi-embedding-vector-service.ts(254,4): error TS1068: Unexpected token. A constructor, method, accessor, or property was expected.
sveltekit-frontend/src/lib/services/multi-embedding-vector-service.ts(254,18): error TS1005: '(' expected.
sveltekit-frontend/src/lib/services/multi-embedding-vector-service.ts(254,20): error TS1068: Unexpected token. A constructor, method, accessor, or property was expected.
sveltekit-frontend/src/lib/services/multi-embedding-vector-service.ts(283,31): error TS1005: ',' expected.
sveltekit-frontend/src/lib/services/multi-embedding-vector-service.ts(292,3): error TS1128: Declaration or statement expected.
sveltekit-frontend/src/lib/services/multi-embedding-vector-service.ts(292,11): error TS1434: Unexpected keyword or identifier.
sveltekit-frontend/src/lib/services/multi-embedding-vector-service.ts(295,17): error TS1109: Expression expected.
sveltekit-frontend/src/lib/services/multi-embedding-vector-service.ts(296,3): error TS1128: Declaration or statement expected.
sveltekit-frontend/src/lib/services/multi-embedding-vector-service.ts(296,4): error TS1128: Declaration or statement expected.
sveltekit-frontend/src/lib/services/multi-embedding-vector-service.ts(297,11): error TS1005: ':' expected.
sveltekit-frontend/src/lib/services/multi-embedding-vector-service.ts(309,15): error TS1005: ':' expected.
sveltekit-frontend/src/lib/services/multi-embedding-vector-service.ts(311,9): error TS1005: ':' expected.
sveltekit-frontend/src/lib/services/multi-embedding-vector-service.ts(316,15): error TS1005: ':' expected.
sveltekit-frontend/src/lib/services/multi-embedding-vector-service.ts(318,9): error TS1005: ':' expected.
sveltekit-frontend/src/lib/services/multi-embedding-vector-service.ts(321,5): error TS1005: ',' expected.
sveltekit-frontend/src/lib/services/multi-embedding-vector-service.ts(321,11): error TS1005: ':' expected.
sveltekit-frontend/src/lib/services/multi-embedding-vector-service.ts(322,5): error TS1005: ',' expected.
sveltekit-frontend/src/lib/services/multi-embedding-vector-service.ts(322,11): error TS1005: ':' expected.
sveltekit-frontend/src/lib/services/multi-embedding-vector-service.ts(322,96): error TS1005: ',' expected.
sveltekit-frontend/src/lib/services/multi-embedding-vector-service.ts(323,12): error TS1005: ':' expected.
sveltekit-frontend/src/lib/services/multi-embedding-vector-service.ts(326,3): error TS1434: Unexpected keyword or identifier.
sveltekit-frontend/src/lib/services/multi-embedding-vector-service.ts(326,29): error TS1135: Argument expression expected.
sveltekit-frontend/src/lib/services/multi-embedding-vector-service.ts(326,43): error TS1005: ';' expected.
sveltekit-frontend/src/lib/services/multi-embedding-vector-service.ts(326,53): error TS1109: Expression expected.
sveltekit-frontend/src/lib/services/multi-embedding-vector-service.ts(326,54): error TS1109: Expression expected.
sveltekit-frontend/src/lib/services/multi-embedding-vector-service.ts(326,55): error TS1109: Expression expected.
sveltekit-frontend/src/lib/services/multi-embedding-vector-service.ts(327,19): error TS1109: Expression expected.
sveltekit-frontend/src/lib/services/multi-embedding-vector-service.ts(328,5): error TS1128: Declaration or statement expected.
sveltekit-frontend/src/lib/services/multi-embedding-vector-service.ts(328,6): error TS1109: Expression expected.
sveltekit-frontend/src/lib/services/multi-embedding-vector-service.ts(328,7): error TS1109: Expression expected.
sveltekit-frontend/src/lib/services/multi-embedding-vector-service.ts(332,27): error TS1011: An element access expression should take an argument.
sveltekit-frontend/src/lib/services/multi-embedding-vector-service.ts(335,3): error TS1128: Declaration or statement expected.
sveltekit-frontend/src/lib/services/multi-embedding-vector-service.ts(335,4): error TS1109: Expression expected.
sveltekit-frontend/src/lib/services/multi-embedding-vector-service.ts(336,11): error TS1005: ':' expected.
sveltekit-frontend/src/lib/services/multi-embedding-vector-service.ts(336,40): error TS1005: ',' expected.
sveltekit-frontend/src/lib/services/multi-embedding-vector-service.ts(338,11): error TS1005: ':' expected.
sveltekit-frontend/src/lib/services/multi-embedding-vector-service.ts(339,42): error TS1109: Expression expected.
sveltekit-frontend/src/lib/services/multi-embedding-vector-service.ts(342,5): error TS1136: Property assignment expected.
sveltekit-frontend/src/lib/services/multi-embedding-vector-service.ts(342,6): error TS1136: Property assignment expected.
sveltekit-frontend/src/lib/services/multi-embedding-vector-service.ts(344,11): error TS1005: ':' expected.
sveltekit-frontend/src/lib/services/multi-embedding-vector-service.ts(347,7): error TS1136: Property assignment expected.
sveltekit-frontend/src/lib/services/multi-embedding-vector-service.ts(347,8): error TS1136: Property assignment expected.
sveltekit-frontend/src/lib/services/multi-embedding-vector-service.ts(349,11): error TS1005: ':' expected.
sveltekit-frontend/src/lib/services/multi-embedding-vector-service.ts(349,72): error TS1005: ',' expected.
sveltekit-frontend/src/lib/services/multi-embedding-vector-service.ts(351,11): error TS1005: ':' expected.
sveltekit-frontend/src/lib/services/multi-embedding-vector-service.ts(351,81): error TS1005: ',' expected.
sveltekit-frontend/src/lib/services/multi-embedding-vector-service.ts(352,11): error TS1005: ':' expected.
sveltekit-frontend/src/lib/services/multi-embedding-vector-service.ts(352,54): error TS1005: ',' expected.
sveltekit-frontend/src/lib/services/multi-embedding-vector-service.ts(353,12): error TS1005: ':' expected.
sveltekit-frontend/src/lib/services/multi-embedding-vector-service.ts(364,3): error TS1434: Unexpected keyword or identifier.
sveltekit-frontend/src/lib/services/multi-embedding-vector-service.ts(367,22): error TS1137: Expression or comma expected.
sveltekit-frontend/src/lib/services/multi-embedding-vector-service.ts(367,32): error TS1005: ';' expected.
sveltekit-frontend/src/lib/services/multi-embedding-vector-service.ts(367,39): error TS1128: Declaration or statement expected.
sveltekit-frontend/src/lib/services/multi-embedding-vector-service.ts(369,22): error TS1109: Expression expected.
sveltekit-frontend/src/lib/services/multi-embedding-vector-service.ts(370,19): error TS1109: Expression expected.
sveltekit-frontend/src/lib/services/multi-embedding-vector-service.ts(371,11): error TS1109: Expression expected.
sveltekit-frontend/src/lib/services/multi-embedding-vector-service.ts(371,19): error TS1005: ';' expected.
sveltekit-frontend/src/lib/services/multi-embedding-vector-service.ts(372,7): error TS2809: Declaration or statement expected. This '=' follows a block of statements, so if you intended to write a destructuring assignment, you might need to wrap the whole assignment in parentheses.
sveltekit-frontend/src/lib/services/multi-embedding-vector-service.ts(373,3): error TS1128: Declaration or statement expected.
sveltekit-frontend/src/lib/services/multi-embedding-vector-service.ts(373,4): error TS1128: Declaration or statement expected.
sveltekit-frontend/src/lib/services/multi-embedding-vector-service.ts(374,11): error TS1005: ':' expected.
sveltekit-frontend/src/lib/services/multi-embedding-vector-service.ts(374,56): error TS1005: ',' expected.
sveltekit-frontend/src/lib/services/multi-embedding-vector-service.ts(375,9): error TS1003: Identifier expected.
sveltekit-frontend/src/lib/services/multi-embedding-vector-service.ts(379,5): error TS1005: ',' expected.
sveltekit-frontend/src/lib/services/multi-embedding-vector-service.ts(379,9): error TS1005: ':' expected.
sveltekit-frontend/src/lib/services/multi-embedding-vector-service.ts(379,44): error TS1005: ',' expected.
sveltekit-frontend/src/lib/services/multi-embedding-vector-service.ts(381,11): error TS1005: ':' expected.
sveltekit-frontend/src/lib/services/multi-embedding-vector-service.ts(383,18): error TS1005: ',' expected.
sveltekit-frontend/src/lib/services/multi-embedding-vector-service.ts(384,7): error TS1136: Property assignment expected.
sveltekit-frontend/src/lib/services/multi-embedding-vector-service.ts(386,21): error TS1109: Expression expected.
sveltekit-frontend/src/lib/services/multi-embedding-vector-service.ts(387,21): error TS1109: Expression expected.
sveltekit-frontend/src/lib/services/multi-embedding-vector-service.ts(389,4): error TS1128: Declaration or statement expected.
sveltekit-frontend/src/lib/services/multi-embedding-vector-service.ts(389,6): error TS1128: Declaration or statement expected.
sveltekit-frontend/src/lib/services/multi-embedding-vector-service.ts(403,52): error TS1136: Property assignment expected.
sveltekit-frontend/src/lib/services/multi-embedding-vector-service.ts(422,3): error TS1128: Declaration or statement expected.
sveltekit-frontend/src/lib/services/multi-embedding-vector-service.ts(424,3): error TS1128: Declaration or statement expected.
sveltekit-frontend/src/lib/services/multi-embedding-vector-service.ts(424,41): error TS1135: Argument expression expected.
sveltekit-frontend/src/lib/services/multi-embedding-vector-service.ts(424,59): error TS1005: ',' expected.
sveltekit-frontend/src/lib/services/multi-embedding-vector-service.ts(424,81): error TS1005: ',' expected.
sveltekit-frontend/src/lib/services/multi-embedding-vector-service.ts(424,91): error TS1005: ';' expected.
sveltekit-frontend/src/lib/services/multi-embedding-vector-service.ts(424,93): error TS1434: Unexpected keyword or identifier.
sveltekit-frontend/src/lib/services/multi-embedding-vector-service.ts(426,68): error TS1005: ')' expected.
sveltekit-frontend/src/lib/services/multi-embedding-vector-service.ts(456,3): error TS1128: Declaration or statement expected.
sveltekit-frontend/src/lib/services/multi-embedding-vector-service.ts(456,11): error TS1434: Unexpected keyword or identifier.
sveltekit-frontend/src/lib/services/multi-embedding-vector-service.ts(456,49): error TS1135: Argument expression expected.
sveltekit-frontend/src/lib/services/multi-embedding-vector-service.ts(456,65): error TS1005: ',' expected.
sveltekit-frontend/src/lib/services/multi-embedding-vector-service.ts(456,75): error TS1005: ';' expected.
sveltekit-frontend/src/lib/services/multi-embedding-vector-service.ts(456,92): error TS1011: An element access expression should take an argument.
sveltekit-frontend/src/lib/services/multi-embedding-vector-service.ts(457,11): error TS1005: ':' expected.
sveltekit-frontend/src/lib/services/multi-embedding-vector-service.ts(457,62): error TS1005: ',' expected.
sveltekit-frontend/src/lib/services/multi-embedding-vector-service.ts(459,13): error TS1005: ',' expected.
sveltekit-frontend/src/lib/services/multi-embedding-vector-service.ts(459,42): error TS1005: ',' expected.
sveltekit-frontend/src/lib/services/multi-embedding-vector-service.ts(459,44): error TS1136: Property assignment expected.
sveltekit-frontend/src/lib/services/multi-embedding-vector-service.ts(462,63): error TS1109: Expression expected.
sveltekit-frontend/src/lib/services/multi-embedding-vector-service.ts(463,9): error TS1109: Expression expected.
sveltekit-frontend/src/lib/services/multi-embedding-vector-service.ts(476,33): error TS1136: Property assignment expected.
sveltekit-frontend/src/lib/services/multi-embedding-vector-service.ts(477,26): error TS1005: ',' expected.
sveltekit-frontend/src/lib/services/multi-embedding-vector-service.ts(479,11): error TS1136: Property assignment expected.
sveltekit-frontend/src/lib/services/multi-embedding-vector-service.ts(480,10): error TS1128: Declaration or statement expected.
sveltekit-frontend/src/lib/services/multi-embedding-vector-service.ts(491,28): error TS1005: ',' expected.
sveltekit-frontend/src/lib/services/multi-embedding-vector-service.ts(495,9): error TS1472: 'catch' or 'finally' expected.
sveltekit-frontend/src/lib/services/multi-embedding-vector-service.ts(500,33): error TS1136: Property assignment expected.
sveltekit-frontend/src/lib/services/multi-embedding-vector-service.ts(506,11): error TS1005: ',' expected.
sveltekit-frontend/src/lib/services/multi-embedding-vector-service.ts(507,10): error TS1128: Declaration or statement expected.
sveltekit-frontend/src/lib/services/multi-embedding-vector-service.ts(518,28): error TS1005: ',' expected.
sveltekit-frontend/src/lib/services/multi-embedding-vector-service.ts(522,7): error TS1128: Declaration or statement expected.
sveltekit-frontend/src/lib/services/multi-embedding-vector-service.ts(523,5): error TS1128: Declaration or statement expected.
sveltekit-frontend/src/lib/services/multi-embedding-vector-service.ts(523,7): error TS1005: 'try' expected.
sveltekit-frontend/src/lib/services/multi-embedding-vector-service.ts(532,3): error TS1128: Declaration or statement expected.
sveltekit-frontend/src/lib/services/multi-embedding-vector-service.ts(534,3): error TS1128: Declaration or statement expected.
sveltekit-frontend/src/lib/services/multi-embedding-vector-service.ts(534,38): error TS1135: Argument expression expected.
sveltekit-frontend/src/lib/services/multi-embedding-vector-service.ts(534,60): error TS1109: Expression expected.
sveltekit-frontend/src/lib/services/multi-embedding-vector-service.ts(534,66): error TS1005: ';' expected.
sveltekit-frontend/src/lib/services/multi-embedding-vector-service.ts(534,68): error TS1434: Unexpected keyword or identifier.
sveltekit-frontend/src/lib/services/multi-embedding-vector-service.ts(543,3): error TS1128: Declaration or statement expected.
sveltekit-frontend/src/lib/services/multi-embedding-vector-service.ts(543,39): error TS1135: Argument expression expected.
sveltekit-frontend/src/lib/services/multi-embedding-vector-service.ts(543,61): error TS1109: Expression expected.
sveltekit-frontend/src/lib/services/multi-embedding-vector-service.ts(543,67): error TS1005: ';' expected.
sveltekit-frontend/src/lib/services/multi-embedding-vector-service.ts(543,69): error TS1434: Unexpected keyword or identifier.
sveltekit-frontend/src/lib/services/multi-embedding-vector-service.ts(552,3): error TS1128: Declaration or statement expected.
sveltekit-frontend/src/lib/services/multi-embedding-vector-service.ts(552,33): error TS1135: Argument expression expected.
sveltekit-frontend/src/lib/services/multi-embedding-vector-service.ts(552,49): error TS1005: ',' expected.
sveltekit-frontend/src/lib/services/multi-embedding-vector-service.ts(552,59): error TS1005: ';' expected.
sveltekit-frontend/src/lib/services/multi-embedding-vector-service.ts(552,61): error TS1434: Unexpected keyword or identifier.
sveltekit-frontend/src/lib/services/multi-embedding-vector-service.ts(558,3): error TS1128: Declaration or statement expected.
sveltekit-frontend/src/lib/services/multi-embedding-vector-service.ts(558,37): error TS1135: Argument expression expected.
sveltekit-frontend/src/lib/services/multi-embedding-vector-service.ts(558,61): error TS1005: ',' expected.
sveltekit-frontend/src/lib/services/multi-embedding-vector-service.ts(558,71): error TS1005: ';' expected.
sveltekit-frontend/src/lib/services/multi-embedding-vector-service.ts(558,73): error TS1434: Unexpected keyword or identifier.
sveltekit-frontend/src/lib/services/multi-embedding-vector-service.ts(566,51): error TS1005: ')' expected.
sveltekit-frontend/src/lib/services/multi-embedding-vector-service.ts(568,3): error TS1128: Declaration or statement expected.
sveltekit-frontend/src/lib/services/multi-embedding-vector-service.ts(568,37): error TS1135: Argument expression expected.
sveltekit-frontend/src/lib/services/multi-embedding-vector-service.ts(568,46): error TS1005: ']' expected.
sveltekit-frontend/src/lib/services/multi-embedding-vector-service.ts(568,55): error TS1005: ',' expected.
sveltekit-frontend/src/lib/services/multi-embedding-vector-service.ts(568,56): error TS1136: Property assignment expected.
sveltekit-frontend/src/lib/services/multi-embedding-vector-service.ts(568,72): error TS1005: ',' expected.
sveltekit-frontend/src/lib/services/multi-embedding-vector-service.ts(568,90): error TS1005: ';' expected.
sveltekit-frontend/src/lib/services/multi-embedding-vector-service.ts(569,10): error TS1359: Identifier expected. 'const' is a reserved word that cannot be used here.
sveltekit-frontend/src/lib/services/multi-embedding-vector-service.ts(569,16): error TS1005: ',' expected.
sveltekit-frontend/src/lib/services/multi-embedding-vector-service.ts(569,35): error TS1005: ',' expected.
sveltekit-frontend/src/lib/services/multi-embedding-vector-service.ts(569,42): error TS1005: ',' expected.
sveltekit-frontend/src/lib/services/multi-embedding-vector-service.ts(569,59): error TS1005: ',' expected.
sveltekit-frontend/src/lib/services/multi-embedding-vector-service.ts(569,61): error TS1136: Property assignment expected.
sveltekit-frontend/src/lib/services/multi-embedding-vector-service.ts(574,3): error TS1128: Declaration or statement expected.
sveltekit-frontend/src/lib/services/multi-embedding-vector-service.ts(575,3): error TS1128: Declaration or statement expected.
sveltekit-frontend/src/lib/services/multi-embedding-vector-service.ts(575,31): error TS1135: Argument expression expected.
sveltekit-frontend/src/lib/services/multi-embedding-vector-service.ts(575,40): error TS1005: ';' expected.
sveltekit-frontend/src/lib/services/multi-embedding-vector-service.ts(575,42): error TS1434: Unexpected keyword or identifier.
sveltekit-frontend/src/lib/services/multi-embedding-vector-service.ts(577,47): error TS1109: Expression expected.
sveltekit-frontend/src/lib/services/multi-embedding-vector-service.ts(578,7): error TS1109: Expression expected.
sveltekit-frontend/src/lib/services/multi-embedding-vector-service.ts(579,42): error TS1109: Expression expected.
sveltekit-frontend/src/lib/services/multi-embedding-vector-service.ts(580,13): error TS1109: Expression expected.
sveltekit-frontend/src/lib/services/multi-embedding-vector-service.ts(584,3): error TS1128: Declaration or statement expected.
sveltekit-frontend/src/lib/services/multi-embedding-vector-service.ts(584,42): error TS1135: Argument expression expected.
sveltekit-frontend/src/lib/services/multi-embedding-vector-service.ts(584,60): error TS1005: ',' expected.
sveltekit-frontend/src/lib/services/multi-embedding-vector-service.ts(584,70): error TS1005: ';' expected.
sveltekit-frontend/src/lib/services/multi-embedding-vector-service.ts(585,11): error TS1005: ':' expected.
sveltekit-frontend/src/lib/services/multi-embedding-vector-service.ts(585,55): error TS1005: ',' expected.
sveltekit-frontend/src/lib/services/multi-embedding-vector-service.ts(591,3): error TS1128: Declaration or statement expected.
sveltekit-frontend/src/lib/services/multi-embedding-vector-service.ts(591,40): error TS1109: Expression expected.
sveltekit-frontend/src/lib/services/multi-embedding-vector-service.ts(603,3): error TS1128: Declaration or statement expected.
sveltekit-frontend/src/lib/services/multi-embedding-vector-service.ts(603,11): error TS1434: Unexpected keyword or identifier.
sveltekit-frontend/src/lib/services/multi-embedding-vector-service.ts(603,48): error TS1135: Argument expression expected.
sveltekit-frontend/src/lib/services/multi-embedding-vector-service.ts(603,57): error TS1011: An element access expression should take an argument.
sveltekit-frontend/src/lib/services/multi-embedding-vector-service.ts(603,59): error TS1011: An element access expression should take an argument.
sveltekit-frontend/src/lib/services/multi-embedding-vector-service.ts(603,68): error TS1005: ',' expected.
sveltekit-frontend/src/lib/services/multi-embedding-vector-service.ts(603,83): error TS1005: ';' expected.
sveltekit-frontend/src/lib/services/multi-embedding-vector-service.ts(603,97): error TS1011: An element access expression should take an argument.
sveltekit-frontend/src/lib/services/multi-embedding-vector-service.ts(605,12): error TS1005: ':' expected.
sveltekit-frontend/src/lib/services/multi-embedding-vector-service.ts(605,15): error TS1005: ',' expected.
sveltekit-frontend/src/lib/services/multi-embedding-vector-service.ts(607,3): error TS1128: Declaration or statement expected.
sveltekit-frontend/src/lib/services/multi-embedding-vector-service.ts(607,38): error TS1135: Argument expression expected.
sveltekit-frontend/src/lib/services/multi-embedding-vector-service.ts(607,44): error TS1011: An element access expression should take an argument.
sveltekit-frontend/src/lib/services/multi-embedding-vector-service.ts(607,53): error TS1005: ',' expected.
sveltekit-frontend/src/lib/services/multi-embedding-vector-service.ts(607,68): error TS1005: ';' expected.
sveltekit-frontend/src/lib/services/multi-embedding-vector-service.ts(607,77): error TS1005: ';' expected.
sveltekit-frontend/src/lib/services/multi-embedding-vector-service.ts(611,3): error TS1128: Declaration or statement expected.
sveltekit-frontend/src/lib/services/multi-embedding-vector-service.ts(611,45): error TS1135: Argument expression expected.
sveltekit-frontend/src/lib/services/multi-embedding-vector-service.ts(611,51): error TS1011: An element access expression should take an argument.
sveltekit-frontend/src/lib/services/multi-embedding-vector-service.ts(611,60): error TS1005: ',' expected.
sveltekit-frontend/src/lib/services/multi-embedding-vector-service.ts(611,75): error TS1005: ';' expected.
sveltekit-frontend/src/lib/services/multi-embedding-vector-service.ts(611,84): error TS1005: ';' expected.
sveltekit-frontend/src/lib/services/multi-embedding-vector-service.ts(615,3): error TS1128: Declaration or statement expected.
sveltekit-frontend/src/lib/services/multi-embedding-vector-service.ts(615,11): error TS1434: Unexpected keyword or identifier.
sveltekit-frontend/src/lib/services/multi-embedding-vector-service.ts(615,39): error TS1135: Argument expression expected.
sveltekit-frontend/src/lib/services/multi-embedding-vector-service.ts(615,61): error TS1109: Expression expected.
sveltekit-frontend/src/lib/services/multi-embedding-vector-service.ts(615,70): error TS1005: ';' expected.
sveltekit-frontend/src/lib/services/multi-embedding-vector-service.ts(615,84): error TS1109: Expression expected.
sveltekit-frontend/src/lib/services/multi-embedding-vector-service.ts(617,13): error TS1003: Identifier expected.
sveltekit-frontend/src/lib/services/multi-embedding-vector-service.ts(617,51): error TS1005: ',' expected.
sveltekit-frontend/src/lib/services/multi-embedding-vector-service.ts(620,3): error TS1434: Unexpected keyword or identifier.
sveltekit-frontend/src/lib/services/multi-embedding-vector-service.ts(621,12): error TS1005: ':' expected.
sveltekit-frontend/src/lib/services/multi-embedding-vector-service.ts(628,5): error TS1135: Argument expression expected.
sveltekit-frontend/src/lib/services/multi-embedding-vector-service.ts(630,3): error TS1434: Unexpected keyword or identifier.
sveltekit-frontend/src/lib/services/multi-embedding-vector-service.ts(630,22): error TS1109: Expression expected.
sveltekit-frontend/src/lib/services/multi-embedding-vector-service.ts(630,36): error TS1109: Expression expected.
sveltekit-frontend/src/lib/services/multi-embedding-vector-service.ts(631,9): error TS1005: ':' expected.
sveltekit-frontend/src/lib/services/multi-embedding-vector-service.ts(631,32): error TS1005: ',' expected.
sveltekit-frontend/src/lib/services/multi-embedding-vector-service.ts(633,24): error TS1109: Expression expected.
sveltekit-frontend/src/lib/services/multi-embedding-vector-service.ts(633,42): error TS1011: An element access expression should take an argument.
sveltekit-frontend/src/lib/services/multi-embedding-vector-service.ts(634,12): error TS1005: ':' expected.
sveltekit-frontend/src/lib/services/multi-embedding-vector-service.ts(634,53): error TS1005: ')' expected.
sveltekit-frontend/src/lib/services/multi-embedding-vector-service.ts(636,25): error TS1109: Expression expected.
sveltekit-frontend/src/lib/services/multi-embedding-vector-service.ts(636,42): error TS1011: An element access expression should take an argument.
sveltekit-frontend/src/lib/services/multi-embedding-vector-service.ts(637,12): error TS1005: ':' expected.
sveltekit-frontend/src/lib/services/multi-embedding-vector-service.ts(637,52): error TS1005: ')' expected.
sveltekit-frontend/src/lib/services/multi-embedding-vector-service.ts(639,1): error TS1128: Declaration or statement expected.
sveltekit-frontend/src/lib/services/multi-library-startup.ts(7,1): error TS1128: Declaration or statement expected.
sveltekit-frontend/src/lib/services/multi-library-startup.ts(54,26): error TS1137: Expression or comma expected.
sveltekit-frontend/src/lib/services/multi-library-startup.ts(62,7): error TS1128: Declaration or statement expected.
sveltekit-frontend/src/lib/services/multi-library-startup.ts(62,8): error TS1128: Declaration or statement expected.
sveltekit-frontend/src/lib/services/multi-library-startup.ts(79,56): error TS1128: Declaration or statement expected.
sveltekit-frontend/src/lib/services/multi-library-startup.ts(90,57): error TS1128: Declaration or statement expected.
sveltekit-frontend/src/lib/services/multi-library-startup.ts(115,49): error TS1128: Declaration or statement expected.
sveltekit-frontend/src/lib/services/multi-library-startup.ts(126,69): error TS1128: Declaration or statement expected.
sveltekit-frontend/src/lib/services/multi-library-startup.ts(135,26): error TS1109: Expression expected.
sveltekit-frontend/src/lib/services/multi-library-startup.ts(135,35): error TS1005: ',' expected.
sveltekit-frontend/src/lib/services/multi-library-startup.ts(135,36): error TS1136: Property assignment expected.
sveltekit-frontend/src/lib/services/multi-library-startup.ts(155,58): error TS1128: Declaration or statement expected.
sveltekit-frontend/src/lib/services/multi-library-startup.ts(232,71): error TS1005: ')' expected.
sveltekit-frontend/src/lib/services/multi-library-startup.ts(250,48): error TS1109: Expression expected.
sveltekit-frontend/src/lib/services/multi-library-startup.ts(251,5): error TS1109: Expression expected.
sveltekit-frontend/src/lib/services/multi-library-startup.ts(251,49): error TS1109: Expression expected.
sveltekit-frontend/src/lib/services/multi-library-startup.ts(252,5): error TS1109: Expression expected.
sveltekit-frontend/src/lib/services/multiLayerCache.ts(7,1): error TS1128: Declaration or statement expected.
sveltekit-frontend/src/lib/services/multiLayerCache.ts(46,49): error TS1005: '>' expected.
sveltekit-frontend/src/lib/services/multiLayerCache.ts(87,23): error TS1005: ',' expected.
sveltekit-frontend/src/lib/services/multiLayerCache.ts(109,27): error TS1005: ';' expected.
sveltekit-frontend/src/lib/services/multiLayerCache.ts(109,28): error TS1131: Property or signature expected.
sveltekit-frontend/src/lib/services/multiLayerCache.ts(111,3): error TS1068: Unexpected token. A constructor, method, accessor, or property was expected.
sveltekit-frontend/src/lib/services/multiLayerCache.ts(111,4): error TS1068: Unexpected token. A constructor, method, accessor, or property was expected.
sveltekit-frontend/src/lib/services/multiLayerCache.ts(111,14): error TS1139: Type parameter declaration expected.
sveltekit-frontend/src/lib/services/multiLayerCache.ts(111,18): error TS1109: Expression expected.
sveltekit-frontend/src/lib/services/multiLayerCache.ts(112,11): error TS1005: ':' expected.
sveltekit-frontend/src/lib/services/multiLayerCache.ts(112,33): error TS1005: ',' expected.
sveltekit-frontend/src/lib/services/multiLayerCache.ts(113,9): error TS1005: ':' expected.
sveltekit-frontend/src/lib/services/multiLayerCache.ts(114,13): error TS1005: ':' expected.
sveltekit-frontend/src/lib/services/multiLayerCache.ts(114,45): error TS1005: ',' expected.
sveltekit-frontend/src/lib/services/multiLayerCache.ts(115,13): error TS1005: ':' expected.
sveltekit-frontend/src/lib/services/multiLayerCache.ts(131,7): error TS1005: ',' expected.
sveltekit-frontend/src/lib/services/multiLayerCache.ts(131,13): error TS1005: ',' expected.
sveltekit-frontend/src/lib/services/multiLayerCache.ts(131,18): error TS1005: ',' expected.
sveltekit-frontend/src/lib/services/multiLayerCache.ts(131,42): error TS1005: ',' expected.
sveltekit-frontend/src/lib/services/multiLayerCache.ts(133,11): error TS1005: ':' expected.
sveltekit-frontend/src/lib/services/multiLayerCache.ts(133,41): error TS1005: ',' expected.
sveltekit-frontend/src/lib/services/multiLayerCache.ts(135,19): error TS1138: Parameter declaration expected.
sveltekit-frontend/src/lib/services/multiLayerCache.ts(135,52): error TS1005: ',' expected.
sveltekit-frontend/src/lib/services/multiLayerCache.ts(135,54): error TS1136: Property assignment expected.
sveltekit-frontend/src/lib/services/multiLayerCache.ts(146,5): error TS1128: Declaration or statement expected.
sveltekit-frontend/src/lib/services/multiLayerCache.ts(146,7): error TS1005: 'try' expected.
sveltekit-frontend/src/lib/services/multiLayerCache.ts(150,3): error TS1128: Declaration or statement expected.
sveltekit-frontend/src/lib/services/multiLayerCache.ts(154,3): error TS1434: Unexpected keyword or identifier.
sveltekit-frontend/src/lib/services/multiLayerCache.ts(154,16): error TS1109: Expression expected.
sveltekit-frontend/src/lib/services/multiLayerCache.ts(154,23): error TS1109: Expression expected.
sveltekit-frontend/src/lib/services/multiLayerCache.ts(156,13): error TS1109: Expression expected.
sveltekit-frontend/src/lib/services/multiLayerCache.ts(157,3): error TS1128: Declaration or statement expected.
sveltekit-frontend/src/lib/services/multiLayerCache.ts(157,4): error TS1128: Declaration or statement expected.
sveltekit-frontend/src/lib/services/multiLayerCache.ts(158,11): error TS1005: ':' expected.
sveltekit-frontend/src/lib/services/multiLayerCache.ts(158,33): error TS1005: ',' expected.
sveltekit-frontend/src/lib/services/multiLayerCache.ts(159,9): error TS1005: ':' expected.
sveltekit-frontend/src/lib/services/multiLayerCache.ts(161,11): error TS1005: ',' expected.
sveltekit-frontend/src/lib/services/multiLayerCache.ts(164,9): error TS1005: ',' expected.
sveltekit-frontend/src/lib/services/multiLayerCache.ts(171,7): error TS1005: ',' expected.
sveltekit-frontend/src/lib/services/multiLayerCache.ts(171,15): error TS1005: ',' expected.
sveltekit-frontend/src/lib/services/multiLayerCache.ts(171,29): error TS1005: ',' expected.
sveltekit-frontend/src/lib/services/multiLayerCache.ts(171,31): error TS1136: Property assignment expected.
sveltekit-frontend/src/lib/services/multiLayerCache.ts(190,5): error TS1128: Declaration or statement expected.
sveltekit-frontend/src/lib/services/multiLayerCache.ts(190,7): error TS1005: 'try' expected.
sveltekit-frontend/src/lib/services/multiLayerCache.ts(194,3): error TS1128: Declaration or statement expected.
sveltekit-frontend/src/lib/services/multiLayerCache.ts(198,3): error TS1434: Unexpected keyword or identifier.
sveltekit-frontend/src/lib/services/multiLayerCache.ts(198,24): error TS1109: Expression expected.
sveltekit-frontend/src/lib/services/multiLayerCache.ts(198,31): error TS1109: Expression expected.
sveltekit-frontend/src/lib/services/multiLayerCache.ts(202,3): error TS1128: Declaration or statement expected.
sveltekit-frontend/src/lib/services/multiLayerCache.ts(202,4): error TS1128: Declaration or statement expected.
sveltekit-frontend/src/lib/services/multiLayerCache.ts(204,11): error TS1005: ':' expected.
sveltekit-frontend/src/lib/services/multiLayerCache.ts(204,69): error TS1005: ',' expected.
sveltekit-frontend/src/lib/services/multiLayerCache.ts(205,9): error TS1005: ',' expected.
sveltekit-frontend/src/lib/services/multiLayerCache.ts(205,47): error TS1005: ',' expected.
sveltekit-frontend/src/lib/services/multiLayerCache.ts(206,9): error TS1003: Identifier expected.
sveltekit-frontend/src/lib/services/multiLayerCache.ts(226,5): error TS1005: ',' expected.
sveltekit-frontend/src/lib/services/multiLayerCache.ts(226,11): error TS1005: ':' expected.
sveltekit-frontend/src/lib/services/multiLayerCache.ts(226,69): error TS1005: ',' expected.
sveltekit-frontend/src/lib/services/multiLayerCache.ts(227,12): error TS1005: ':' expected.
sveltekit-frontend/src/lib/services/multiLayerCache.ts(227,43): error TS1136: Property assignment expected.
sveltekit-frontend/src/lib/services/multiLayerCache.ts(230,7): error TS1005: ')' expected.
sveltekit-frontend/src/lib/services/multiLayerCache.ts(235,3): error TS1434: Unexpected keyword or identifier.
sveltekit-frontend/src/lib/services/multiLayerCache.ts(237,13): error TS1109: Expression expected.
sveltekit-frontend/src/lib/services/multiLayerCache.ts(238,20): error TS1005: ',' expected.
sveltekit-frontend/src/lib/services/multiLayerCache.ts(239,22): error TS1005: ',' expected.
sveltekit-frontend/src/lib/services/multiLayerCache.ts(240,21): error TS1011: An element access expression should take an argument.
sveltekit-frontend/src/lib/services/multiLayerCache.ts(240,22): error TS1005: ',' expected.
sveltekit-frontend/src/lib/services/multiLayerCache.ts(241,32): error TS1005: ',' expected.
sveltekit-frontend/src/lib/services/multiLayerCache.ts(241,46): error TS1005: ',' expected.
sveltekit-frontend/src/lib/services/multiLayerCache.ts(241,47): error TS1136: Property assignment expected.
sveltekit-frontend/src/lib/services/multiLayerCache.ts(243,3): error TS1128: Declaration or statement expected.
sveltekit-frontend/src/lib/services/multiLayerCache.ts(243,4): error TS1128: Declaration or statement expected.
sveltekit-frontend/src/lib/services/multiLayerCache.ts(243,27): error TS1011: An element access expression should take an argument.
sveltekit-frontend/src/lib/services/multiLayerCache.ts(245,11): error TS1005: ':' expected.
sveltekit-frontend/src/lib/services/multiLayerCache.ts(246,5): error TS1005: ',' expected.
sveltekit-frontend/src/lib/services/multiLayerCache.ts(246,17): error TS1138: Parameter declaration expected.
sveltekit-frontend/src/lib/services/multiLayerCache.ts(249,5): error TS1005: ',' expected.
sveltekit-frontend/src/lib/services/multiLayerCache.ts(249,17): error TS1138: Parameter declaration expected.
sveltekit-frontend/src/lib/services/multiLayerCache.ts(256,5): error TS1005: ',' expected.
sveltekit-frontend/src/lib/services/multiLayerCache.ts(256,11): error TS1005: ':' expected.
sveltekit-frontend/src/lib/services/multiLayerCache.ts(256,60): error TS1005: ',' expected.
sveltekit-frontend/src/lib/services/multiLayerCache.ts(258,11): error TS1005: ':' expected.
sveltekit-frontend/src/lib/services/multiLayerCache.ts(263,7): error TS1005: ',' expected.
sveltekit-frontend/src/lib/services/multiLayerCache.ts(264,11): error TS1005: ':' expected.
sveltekit-frontend/src/lib/services/multiLayerCache.ts(264,45): error TS1005: ',' expected.
sveltekit-frontend/src/lib/services/multiLayerCache.ts(266,9): error TS1005: ',' expected.
sveltekit-frontend/src/lib/services/multiLayerCache.ts(266,41): error TS1005: ',' expected.
sveltekit-frontend/src/lib/services/multiLayerCache.ts(267,17): error TS1138: Parameter declaration expected.
sveltekit-frontend/src/lib/services/multiLayerCache.ts(267,25): error TS1138: Parameter declaration expected.
sveltekit-frontend/src/lib/services/multiLayerCache.ts(267,49): error TS1109: Expression expected.
sveltekit-frontend/src/lib/services/multiLayerCache.ts(267,52): error TS1005: ';' expected.
sveltekit-frontend/src/lib/services/multiLayerCache.ts(270,70): error TS1005: ')' expected.
sveltekit-frontend/src/lib/services/multiLayerCache.ts(274,51): error TS1136: Property assignment expected.
sveltekit-frontend/src/lib/services/multiLayerCache.ts(279,7): error TS1005: ')' expected.
sveltekit-frontend/src/lib/services/multiLayerCache.ts(280,3): error TS1128: Declaration or statement expected.
sveltekit-frontend/src/lib/services/multiLayerCache.ts(284,3): error TS1434: Unexpected keyword or identifier.
sveltekit-frontend/src/lib/services/multiLayerCache.ts(286,13): error TS1109: Expression expected.
sveltekit-frontend/src/lib/services/multiLayerCache.ts(286,30): error TS1005: ',' expected.
sveltekit-frontend/src/lib/services/multiLayerCache.ts(286,31): error TS1136: Property assignment expected.
sveltekit-frontend/src/lib/services/multiLayerCache.ts(287,3): error TS1109: Expression expected.
sveltekit-frontend/src/lib/services/multiLayerCache.ts(287,4): error TS1128: Declaration or statement expected.
sveltekit-frontend/src/lib/services/multiLayerCache.ts(288,11): error TS1005: ':' expected.
sveltekit-frontend/src/lib/services/multiLayerCache.ts(289,5): error TS1005: ',' expected.
sveltekit-frontend/src/lib/services/multiLayerCache.ts(289,17): error TS1138: Parameter declaration expected.
sveltekit-frontend/src/lib/services/multiLayerCache.ts(292,5): error TS1005: ',' expected.
sveltekit-frontend/src/lib/services/multiLayerCache.ts(292,17): error TS1138: Parameter declaration expected.
sveltekit-frontend/src/lib/services/multiLayerCache.ts(296,5): error TS1005: ',' expected.
sveltekit-frontend/src/lib/services/multiLayerCache.ts(296,11): error TS1005: ':' expected.
sveltekit-frontend/src/lib/services/multiLayerCache.ts(296,53): error TS1005: ',' expected.
sveltekit-frontend/src/lib/services/multiLayerCache.ts(297,9): error TS1005: ',' expected.
sveltekit-frontend/src/lib/services/multiLayerCache.ts(297,27): error TS1109: Expression expected.
sveltekit-frontend/src/lib/services/multiLayerCache.ts(297,30): error TS1005: ':' expected.
sveltekit-frontend/src/lib/services/multiLayerCache.ts(298,10): error TS1359: Identifier expected. 'const' is a reserved word that cannot be used here.
sveltekit-frontend/src/lib/services/multiLayerCache.ts(298,16): error TS1005: ',' expected.
sveltekit-frontend/src/lib/services/multiLayerCache.ts(298,27): error TS1005: ',' expected.
sveltekit-frontend/src/lib/services/multiLayerCache.ts(300,9): error TS1128: Declaration or statement expected.
sveltekit-frontend/src/lib/services/multiLayerCache.ts(301,9): error TS1128: Declaration or statement expected.
sveltekit-frontend/src/lib/services/multiLayerCache.ts(308,5): error TS1005: ',' expected.
sveltekit-frontend/src/lib/services/multiLayerCache.ts(308,13): error TS1005: ',' expected.
sveltekit-frontend/src/lib/services/multiLayerCache.ts(308,44): error TS1005: ',' expected.
sveltekit-frontend/src/lib/services/multiLayerCache.ts(308,46): error TS1136: Property assignment expected.
sveltekit-frontend/src/lib/services/multiLayerCache.ts(313,11): error TS1128: Declaration or statement expected.
sveltekit-frontend/src/lib/services/multiLayerCache.ts(314,11): error TS1128: Declaration or statement expected.
sveltekit-frontend/src/lib/services/multiLayerCache.ts(321,3): error TS1128: Declaration or statement expected.
sveltekit-frontend/src/lib/services/multiLayerCache.ts(325,14): error TS1109: Expression expected.
sveltekit-frontend/src/lib/services/multiLayerCache.ts(325,16): error TS1434: Unexpected keyword or identifier.
sveltekit-frontend/src/lib/services/multiLayerCache.ts(333,7): error TS1128: Declaration or statement expected.
sveltekit-frontend/src/lib/services/multiLayerCache.ts(334,7): error TS1128: Declaration or statement expected.
sveltekit-frontend/src/lib/services/multiLayerCache.ts(336,7): error TS1128: Declaration or statement expected.
sveltekit-frontend/src/lib/services/multiLayerCache.ts(336,61): error TS1109: Expression expected.
sveltekit-frontend/src/lib/services/multiLayerCache.ts(355,33): error TS1005: ',' expected.
sveltekit-frontend/src/lib/services/multiLayerCache.ts(364,3): error TS1434: Unexpected keyword or identifier.
sveltekit-frontend/src/lib/services/multiLayerCache.ts(364,23): error TS1109: Expression expected.
sveltekit-frontend/src/lib/services/multiLayerCache.ts(364,40): error TS1005: ',' expected.
sveltekit-frontend/src/lib/services/multiLayerCache.ts(364,50): error TS1109: Expression expected.
sveltekit-frontend/src/lib/services/multiLayerCache.ts(364,59): error TS1128: Declaration or statement expected.
sveltekit-frontend/src/lib/services/multiLayerCache.ts(364,60): error TS1128: Declaration or statement expected.
sveltekit-frontend/src/lib/services/multiLayerCache.ts(364,61): error TS1128: Declaration or statement expected.
sveltekit-frontend/src/lib/services/multiLayerCache.ts(364,75): error TS1109: Expression expected.
sveltekit-frontend/src/lib/services/multiLayerCache.ts(365,9): error TS1003: Identifier expected.
sveltekit-frontend/src/lib/services/multiLayerCache.ts(378,12): error TS1005: ':' expected.
sveltekit-frontend/src/lib/services/multiLayerCache.ts(378,14): error TS1136: Property assignment expected.
sveltekit-frontend/src/lib/services/multiLayerCache.ts(381,19): error TS1109: Expression expected.
sveltekit-frontend/src/lib/services/multiLayerCache.ts(381,62): error TS1003: Identifier expected.
sveltekit-frontend/src/lib/services/multiLayerCache.ts(382,19): error TS1109: Expression expected.
sveltekit-frontend/src/lib/services/multiLayerCache.ts(384,29): error TS1005: ',' expected.
sveltekit-frontend/src/lib/services/multiLayerCache.ts(384,36): error TS1005: ',' expected.
sveltekit-frontend/src/lib/services/multiLayerCache.ts(385,13): error TS1005: ':' expected.
sveltekit-frontend/src/lib/services/multiLayerCache.ts(385,29): error TS1005: ',' expected.
sveltekit-frontend/src/lib/services/multiLayerCache.ts(385,36): error TS1005: ',' expected.
sveltekit-frontend/src/lib/services/multiLayerCache.ts(386,7): error TS1109: Expression expected.
sveltekit-frontend/src/lib/services/multiLayerCache.ts(389,29): error TS1005: ',' expected.
sveltekit-frontend/src/lib/services/multiLayerCache.ts(389,42): error TS1005: ',' expected.
sveltekit-frontend/src/lib/services/multiLayerCache.ts(390,13): error TS1005: ':' expected.
sveltekit-frontend/src/lib/services/multiLayerCache.ts(390,30): error TS1005: ',' expected.
sveltekit-frontend/src/lib/services/multiLayerCache.ts(390,37): error TS1005: ',' expected.
sveltekit-frontend/src/lib/services/multiLayerCache.ts(391,7): error TS1109: Expression expected.
sveltekit-frontend/src/lib/services/multiLayerCache.ts(392,5): error TS1128: Declaration or statement expected.
sveltekit-frontend/src/lib/services/multiLayerCache.ts(401,3): error TS1128: Declaration or statement expected.
sveltekit-frontend/src/lib/services/multiLayerCache.ts(405,3): error TS1128: Declaration or statement expected.
sveltekit-frontend/src/lib/services/multiLayerCache.ts(405,32): error TS1135: Argument expression expected.
sveltekit-frontend/src/lib/services/multiLayerCache.ts(405,38): error TS1005: ';' expected.
sveltekit-frontend/src/lib/services/multiLayerCache.ts(405,40): error TS1434: Unexpected keyword or identifier.
sveltekit-frontend/src/lib/services/multiLayerCache.ts(414,3): error TS1128: Declaration or statement expected.
sveltekit-frontend/src/lib/services/multiLayerCache.ts(414,11): error TS1434: Unexpected keyword or identifier.
sveltekit-frontend/src/lib/services/multiLayerCache.ts(414,47): error TS1135: Argument expression expected.
sveltekit-frontend/src/lib/services/multiLayerCache.ts(414,56): error TS1005: ';' expected.
sveltekit-frontend/src/lib/services/multiLayerCache.ts(414,70): error TS1109: Expression expected.
sveltekit-frontend/src/lib/services/multiLayerCache.ts(415,11): error TS1005: ':' expected.
sveltekit-frontend/src/lib/services/multiLayerCache.ts(418,6): error TS1005: ',' expected.
sveltekit-frontend/src/lib/services/multiLayerCache.ts(419,22): error TS1138: Parameter declaration expected.
sveltekit-frontend/src/lib/services/multiLayerCache.ts(419,59): error TS1005: ';' expected.
sveltekit-frontend/src/lib/services/multiLayerCache.ts(419,62): error TS1109: Expression expected.
sveltekit-frontend/src/lib/services/multiLayerCache.ts(420,7): error TS1109: Expression expected.
sveltekit-frontend/src/lib/services/multiLayerCache.ts(431,74): error TS1109: Expression expected.
sveltekit-frontend/src/lib/services/multiLayerCache.ts(432,9): error TS1109: Expression expected.
sveltekit-frontend/src/lib/services/multiLayerCache.ts(438,3): error TS1128: Declaration or statement expected.
sveltekit-frontend/src/lib/services/multiLayerCache.ts(442,3): error TS1128: Declaration or statement expected.
sveltekit-frontend/src/lib/services/multiLayerCache.ts(442,38): error TS1135: Argument expression expected.
sveltekit-frontend/src/lib/services/multiLayerCache.ts(442,51): error TS1005: ';' expected.
sveltekit-frontend/src/lib/services/multiLayerCache.ts(443,11): error TS1003: Identifier expected.
sveltekit-frontend/src/lib/services/multiLayerCache.ts(443,46): error TS1005: ',' expected.
sveltekit-frontend/src/lib/services/multiLayerCache.ts(444,11): error TS1003: Identifier expected.
sveltekit-frontend/src/lib/services/multiLayerCache.ts(444,33): error TS1109: Expression expected.
sveltekit-frontend/src/lib/services/multiLayerCache.ts(444,34): error TS1136: Property assignment expected.
sveltekit-frontend/src/lib/services/multiLayerCache.ts(444,35): error TS1109: Expression expected.
sveltekit-frontend/src/lib/services/multiLayerCache.ts(446,3): error TS1128: Declaration or statement expected.
sveltekit-frontend/src/lib/services/multiLayerCache.ts(450,3): error TS1128: Declaration or statement expected.
sveltekit-frontend/src/lib/services/multiLayerCache.ts(450,35): error TS1135: Argument expression expected.
sveltekit-frontend/src/lib/services/multiLayerCache.ts(450,48): error TS1005: ';' expected.
sveltekit-frontend/src/lib/services/multiLayerCache.ts(451,15): error TS1138: Parameter declaration expected.
sveltekit-frontend/src/lib/services/multiLayerCache.ts(451,81): error TS1005: ',' expected.
sveltekit-frontend/src/lib/services/multiLayerCache.ts(451,83): error TS1136: Property assignment expected.
sveltekit-frontend/src/lib/services/multiLayerCache.ts(465,3): error TS1128: Declaration or statement expected.
sveltekit-frontend/src/lib/services/multiLayerCache.ts(469,3): error TS1128: Declaration or statement expected.
sveltekit-frontend/src/lib/services/multiLayerCache.ts(469,40): error TS1135: Argument expression expected.
sveltekit-frontend/src/lib/services/multiLayerCache.ts(469,49): error TS1005: ';' expected.
sveltekit-frontend/src/lib/services/multiLayerCache.ts(469,51): error TS1434: Unexpected keyword or identifier.
sveltekit-frontend/src/lib/services/multiLayerCache.ts(485,3): error TS1128: Declaration or statement expected.
sveltekit-frontend/src/lib/services/multiLayerCache.ts(485,34): error TS1109: Expression expected.
sveltekit-frontend/src/lib/services/multiLayerCache.ts(492,66): error TS1005: ')' expected.
sveltekit-frontend/src/lib/services/multiLayerCache.ts(500,1): error TS1128: Declaration or statement expected.
sveltekit-frontend/src/lib/services/multiLayerCache.ts(512,8): error TS1005: ';' expected.
sveltekit-frontend/src/lib/services/multiLayerCache.ts(515,8): error TS1005: ';' expected.
sveltekit-frontend/src/lib/services/multiLayerCache.ts(528,8): error TS1005: ';' expected.
sveltekit-frontend/src/lib/services/multiLayerCache.ts(532,8): error TS1005: ';' expected.
sveltekit-frontend/src/lib/services/n64-cache-hierarchy.ts(11,1): error TS1128: Declaration or statement expected.
sveltekit-frontend/src/lib/services/n64-cache-hierarchy.ts(28,33): error TS1005: ';' expected.
sveltekit-frontend/src/lib/services/n64-cache-hierarchy.ts(38,3): error TS1068: Unexpected token. A constructor, method, accessor, or property was expected.
sveltekit-frontend/src/lib/services/n64-cache-hierarchy.ts(38,5): error TS1068: Unexpected token. A constructor, method, accessor, or property was expected.
sveltekit-frontend/src/lib/services/n64-cache-hierarchy.ts(41,3): error TS1434: Unexpected keyword or identifier.
sveltekit-frontend/src/lib/services/n64-cache-hierarchy.ts(41,18): error TS1135: Argument expression expected.
sveltekit-frontend/src/lib/services/n64-cache-hierarchy.ts(41,27): error TS1005: ';' expected.
sveltekit-frontend/src/lib/services/n64-cache-hierarchy.ts(42,11): error TS1005: ':' expected.
sveltekit-frontend/src/lib/services/n64-cache-hierarchy.ts(42,38): error TS1005: ',' expected.
sveltekit-frontend/src/lib/services/n64-cache-hierarchy.ts(51,5): error TS1005: ',' expected.
sveltekit-frontend/src/lib/services/n64-cache-hierarchy.ts(51,9): error TS1005: ':' expected.
sveltekit-frontend/src/lib/services/n64-cache-hierarchy.ts(51,17): error TS1109: Expression expected.
sveltekit-frontend/src/lib/services/n64-cache-hierarchy.ts(51,18): error TS1136: Property assignment expected.
sveltekit-frontend/src/lib/services/n64-cache-hierarchy.ts(51,19): error TS1109: Expression expected.
sveltekit-frontend/src/lib/services/n64-cache-hierarchy.ts(52,13): error TS1109: Expression expected.
sveltekit-frontend/src/lib/services/n64-cache-hierarchy.ts(54,3): error TS1128: Declaration or statement expected.
sveltekit-frontend/src/lib/services/n64-cache-hierarchy.ts(55,3): error TS1434: Unexpected keyword or identifier.
sveltekit-frontend/src/lib/services/n64-cache-hierarchy.ts(55,18): error TS1135: Argument expression expected.
sveltekit-frontend/src/lib/services/n64-cache-hierarchy.ts(55,33): error TS1005: ',' expected.
sveltekit-frontend/src/lib/services/n64-cache-hierarchy.ts(55,43): error TS1109: Expression expected.
sveltekit-frontend/src/lib/services/n64-cache-hierarchy.ts(55,53): error TS1005: ';' expected.
sveltekit-frontend/src/lib/services/n64-cache-hierarchy.ts(55,67): error TS1109: Expression expected.
sveltekit-frontend/src/lib/services/n64-cache-hierarchy.ts(56,11): error TS1005: ':' expected.
sveltekit-frontend/src/lib/services/n64-cache-hierarchy.ts(56,54): error TS1005: ',' expected.
sveltekit-frontend/src/lib/services/n64-cache-hierarchy.ts(58,16): error TS1005: ',' expected.
sveltekit-frontend/src/lib/services/n64-cache-hierarchy.ts(58,76): error TS1109: Expression expected.
sveltekit-frontend/src/lib/services/n64-cache-hierarchy.ts(58,79): error TS1005: ':' expected.
sveltekit-frontend/src/lib/services/n64-cache-hierarchy.ts(58,81): error TS1136: Property assignment expected.
sveltekit-frontend/src/lib/services/n64-cache-hierarchy.ts(81,3): error TS1128: Declaration or statement expected.
sveltekit-frontend/src/lib/services/n64-cache-hierarchy.ts(82,3): error TS1434: Unexpected keyword or identifier.
sveltekit-frontend/src/lib/services/n64-cache-hierarchy.ts(82,18): error TS1135: Argument expression expected.
sveltekit-frontend/src/lib/services/n64-cache-hierarchy.ts(82,27): error TS1005: ';' expected.
sveltekit-frontend/src/lib/services/n64-cache-hierarchy.ts(83,12): error TS1005: ':' expected.
sveltekit-frontend/src/lib/services/n64-cache-hierarchy.ts(83,31): error TS1005: ',' expected.
sveltekit-frontend/src/lib/services/n64-cache-hierarchy.ts(85,3): error TS1434: Unexpected keyword or identifier.
sveltekit-frontend/src/lib/services/n64-cache-hierarchy.ts(85,21): error TS1109: Expression expected.
sveltekit-frontend/src/lib/services/n64-cache-hierarchy.ts(85,23): error TS1434: Unexpected keyword or identifier.
sveltekit-frontend/src/lib/services/n64-cache-hierarchy.ts(85,29): error TS1128: Declaration or statement expected.
sveltekit-frontend/src/lib/services/n64-cache-hierarchy.ts(85,30): error TS1128: Declaration or statement expected.
sveltekit-frontend/src/lib/services/n64-cache-hierarchy.ts(86,11): error TS1005: ':' expected.
sveltekit-frontend/src/lib/services/n64-cache-hierarchy.ts(86,38): error TS1005: ',' expected.
sveltekit-frontend/src/lib/services/n64-cache-hierarchy.ts(92,5): error TS1005: ',' expected.
sveltekit-frontend/src/lib/services/n64-cache-hierarchy.ts(92,12): error TS1005: ':' expected.
sveltekit-frontend/src/lib/services/n64-cache-hierarchy.ts(92,18): error TS1005: ',' expected.
sveltekit-frontend/src/lib/services/n64-cache-hierarchy.ts(94,3): error TS1434: Unexpected keyword or identifier.
sveltekit-frontend/src/lib/services/n64-cache-hierarchy.ts(94,17): error TS1109: Expression expected.
sveltekit-frontend/src/lib/services/n64-cache-hierarchy.ts(94,31): error TS1109: Expression expected.
sveltekit-frontend/src/lib/services/n64-cache-hierarchy.ts(95,9): error TS1005: ':' expected.
sveltekit-frontend/src/lib/services/n64-cache-hierarchy.ts(95,23): error TS1005: ',' expected.
sveltekit-frontend/src/lib/services/n64-cache-hierarchy.ts(96,9): error TS1005: ':' expected.
sveltekit-frontend/src/lib/services/n64-cache-hierarchy.ts(96,23): error TS1109: Expression expected.
sveltekit-frontend/src/lib/services/n64-cache-hierarchy.ts(96,26): error TS1005: ':' expected.
sveltekit-frontend/src/lib/services/n64-cache-hierarchy.ts(97,9): error TS1005: ':' expected.
sveltekit-frontend/src/lib/services/n64-cache-hierarchy.ts(97,16): error TS1109: Expression expected.
sveltekit-frontend/src/lib/services/n64-cache-hierarchy.ts(97,19): error TS1005: ':' expected.
sveltekit-frontend/src/lib/services/n64-cache-hierarchy.ts(98,9): error TS1005: ':' expected.
sveltekit-frontend/src/lib/services/n64-cache-hierarchy.ts(98,18): error TS1109: Expression expected.
sveltekit-frontend/src/lib/services/n64-cache-hierarchy.ts(98,21): error TS1005: ':' expected.
sveltekit-frontend/src/lib/services/n64-cache-hierarchy.ts(99,9): error TS1005: ':' expected.
sveltekit-frontend/src/lib/services/n64-cache-hierarchy.ts(99,21): error TS1109: Expression expected.
sveltekit-frontend/src/lib/services/n64-cache-hierarchy.ts(99,24): error TS1005: ':' expected.
sveltekit-frontend/src/lib/services/n64-cache-hierarchy.ts(101,16): error TS1109: Expression expected.
sveltekit-frontend/src/lib/services/n64-cache-hierarchy.ts(101,18): error TS1434: Unexpected keyword or identifier.
sveltekit-frontend/src/lib/services/n64-cache-hierarchy.ts(111,3): error TS1128: Declaration or statement expected.
sveltekit-frontend/src/lib/services/n64-cache-hierarchy.ts(111,11): error TS1434: Unexpected keyword or identifier.
sveltekit-frontend/src/lib/services/n64-cache-hierarchy.ts(111,28): error TS1109: Expression expected.
sveltekit-frontend/src/lib/services/n64-cache-hierarchy.ts(111,42): error TS1109: Expression expected.
sveltekit-frontend/src/lib/services/n64-cache-hierarchy.ts(112,13): error TS1005: ',' expected.
sveltekit-frontend/src/lib/services/n64-cache-hierarchy.ts(112,28): error TS1109: Expression expected.
sveltekit-frontend/src/lib/services/n64-cache-hierarchy.ts(112,31): error TS1005: ':' expected.
sveltekit-frontend/src/lib/services/n64-cache-hierarchy.ts(112,40): error TS1005: ',' expected.
sveltekit-frontend/src/lib/services/n64-cache-hierarchy.ts(113,9): error TS1005: ',' expected.
sveltekit-frontend/src/lib/services/n64-cache-hierarchy.ts(113,28): error TS1005: ',' expected.
sveltekit-frontend/src/lib/services/n64-cache-hierarchy.ts(114,17): error TS1005: ',' expected.
sveltekit-frontend/src/lib/services/n64-cache-hierarchy.ts(114,33): error TS1005: ',' expected.
sveltekit-frontend/src/lib/services/n64-cache-hierarchy.ts(114,35): error TS1136: Property assignment expected.
sveltekit-frontend/src/lib/services/n64-cache-hierarchy.ts(115,7): error TS1128: Declaration or statement expected.
sveltekit-frontend/src/lib/services/n64-cache-hierarchy.ts(115,18): error TS1109: Expression expected.
sveltekit-frontend/src/lib/services/n64-cache-hierarchy.ts(118,7): error TS1128: Declaration or statement expected.
sveltekit-frontend/src/lib/services/n64-cache-hierarchy.ts(118,18): error TS1109: Expression expected.
sveltekit-frontend/src/lib/services/n64-cache-hierarchy.ts(121,7): error TS1128: Declaration or statement expected.
sveltekit-frontend/src/lib/services/n64-cache-hierarchy.ts(121,19): error TS1109: Expression expected.
sveltekit-frontend/src/lib/services/n64-cache-hierarchy.ts(122,7): error TS1128: Declaration or statement expected.
sveltekit-frontend/src/lib/services/n64-cache-hierarchy.ts(122,14): error TS1128: Declaration or statement expected.
sveltekit-frontend/src/lib/services/n64-cache-hierarchy.ts(131,3): error TS1128: Declaration or statement expected.
sveltekit-frontend/src/lib/services/n64-cache-hierarchy.ts(132,3): error TS1128: Declaration or statement expected.
sveltekit-frontend/src/lib/services/n64-cache-hierarchy.ts(132,24): error TS1109: Expression expected.
sveltekit-frontend/src/lib/services/n64-cache-hierarchy.ts(132,26): error TS1434: Unexpected keyword or identifier.
sveltekit-frontend/src/lib/services/n64-cache-hierarchy.ts(136,42): error TS1109: Expression expected.
sveltekit-frontend/src/lib/services/n64-cache-hierarchy.ts(137,21): error TS1109: Expression expected.
sveltekit-frontend/src/lib/services/n64-cache-hierarchy.ts(143,3): error TS1128: Declaration or statement expected.
sveltekit-frontend/src/lib/services/n64-cache-hierarchy.ts(143,24): error TS1109: Expression expected.
sveltekit-frontend/src/lib/services/n64-cache-hierarchy.ts(143,26): error TS1434: Unexpected keyword or identifier.
sveltekit-frontend/src/lib/services/n64-cache-hierarchy.ts(147,44): error TS1109: Expression expected.
sveltekit-frontend/src/lib/services/n64-cache-hierarchy.ts(148,21): error TS1109: Expression expected.
sveltekit-frontend/src/lib/services/n64-cache-hierarchy.ts(154,3): error TS1128: Declaration or statement expected.
sveltekit-frontend/src/lib/services/n64-cache-hierarchy.ts(154,29): error TS1135: Argument expression expected.
sveltekit-frontend/src/lib/services/n64-cache-hierarchy.ts(154,35): error TS1005: ';' expected.
sveltekit-frontend/src/lib/services/n64-cache-hierarchy.ts(154,37): error TS1434: Unexpected keyword or identifier.
sveltekit-frontend/src/lib/services/n64-cache-hierarchy.ts(159,1): error TS1128: Declaration or statement expected.
sveltekit-frontend/src/lib/services/n64-cache-hierarchy.ts(167,20): error TS1005: ';' expected.
sveltekit-frontend/src/lib/services/n64-cache-hierarchy.ts(168,5): error TS1128: Declaration or statement expected.
sveltekit-frontend/src/lib/services/n64-cache-hierarchy.ts(168,9): error TS1128: Declaration or statement expected.
sveltekit-frontend/src/lib/services/n64-cache-hierarchy.ts(178,3): error TS1434: Unexpected keyword or identifier.
sveltekit-frontend/src/lib/services/n64-cache-hierarchy.ts(178,21): error TS1135: Argument expression expected.
sveltekit-frontend/src/lib/services/n64-cache-hierarchy.ts(178,30): error TS1005: ';' expected.
sveltekit-frontend/src/lib/services/n64-cache-hierarchy.ts(180,9): error TS1005: ',' expected.
sveltekit-frontend/src/lib/services/n64-cache-hierarchy.ts(180,41): error TS1005: ',' expected.
sveltekit-frontend/src/lib/services/n64-cache-hierarchy.ts(185,5): error TS1005: ',' expected.
sveltekit-frontend/src/lib/services/n64-cache-hierarchy.ts(185,37): error TS1005: ',' expected.
sveltekit-frontend/src/lib/services/n64-cache-hierarchy.ts(192,5): error TS1005: ',' expected.
sveltekit-frontend/src/lib/services/n64-cache-hierarchy.ts(192,37): error TS1005: ',' expected.
sveltekit-frontend/src/lib/services/n64-cache-hierarchy.ts(199,5): error TS1005: ',' expected.
sveltekit-frontend/src/lib/services/n64-cache-hierarchy.ts(199,12): error TS1005: ':' expected.
sveltekit-frontend/src/lib/services/n64-cache-hierarchy.ts(199,17): error TS1005: ',' expected.
sveltekit-frontend/src/lib/services/n64-cache-hierarchy.ts(204,3): error TS1434: Unexpected keyword or identifier.
sveltekit-frontend/src/lib/services/n64-cache-hierarchy.ts(204,21): error TS1135: Argument expression expected.
sveltekit-frontend/src/lib/services/n64-cache-hierarchy.ts(204,36): error TS1005: ',' expected.
sveltekit-frontend/src/lib/services/n64-cache-hierarchy.ts(204,49): error TS1005: ',' expected.
sveltekit-frontend/src/lib/services/n64-cache-hierarchy.ts(205,41): error TS1005: ',' expected.
sveltekit-frontend/src/lib/services/n64-cache-hierarchy.ts(206,23): error TS1005: ',' expected.
sveltekit-frontend/src/lib/services/n64-cache-hierarchy.ts(207,22): error TS1005: ',' expected.
sveltekit-frontend/src/lib/services/n64-cache-hierarchy.ts(208,11): error TS1109: Expression expected.
sveltekit-frontend/src/lib/services/n64-cache-hierarchy.ts(208,25): error TS1109: Expression expected.
sveltekit-frontend/src/lib/services/n64-cache-hierarchy.ts(209,11): error TS1005: ':' expected.
sveltekit-frontend/src/lib/services/n64-cache-hierarchy.ts(209,79): error TS1005: ',' expected.
sveltekit-frontend/src/lib/services/n64-cache-hierarchy.ts(209,81): error TS1005: ',' expected.
sveltekit-frontend/src/lib/services/n64-cache-hierarchy.ts(211,11): error TS1005: ',' expected.
sveltekit-frontend/src/lib/services/n64-cache-hierarchy.ts(211,16): error TS1005: ',' expected.
sveltekit-frontend/src/lib/services/n64-cache-hierarchy.ts(211,35): error TS1005: ',' expected.
sveltekit-frontend/src/lib/services/n64-cache-hierarchy.ts(213,18): error TS1138: Parameter declaration expected.
sveltekit-frontend/src/lib/services/n64-cache-hierarchy.ts(213,41): error TS1005: ';' expected.
sveltekit-frontend/src/lib/services/n64-cache-hierarchy.ts(221,3): error TS1128: Declaration or statement expected.
sveltekit-frontend/src/lib/services/n64-cache-hierarchy.ts(226,11): error TS1005: ':' expected.
sveltekit-frontend/src/lib/services/n64-cache-hierarchy.ts(226,43): error TS1005: ',' expected.
sveltekit-frontend/src/lib/services/n64-cache-hierarchy.ts(227,11): error TS1005: ':' expected.
sveltekit-frontend/src/lib/services/n64-cache-hierarchy.ts(227,43): error TS1005: ',' expected.
sveltekit-frontend/src/lib/services/n64-cache-hierarchy.ts(228,11): error TS1005: ':' expected.
sveltekit-frontend/src/lib/services/n64-cache-hierarchy.ts(228,43): error TS1005: ',' expected.
sveltekit-frontend/src/lib/services/n64-cache-hierarchy.ts(229,11): error TS1005: ':' expected.
sveltekit-frontend/src/lib/services/n64-cache-hierarchy.ts(229,102): error TS1005: ',' expected.
sveltekit-frontend/src/lib/services/n64-cache-hierarchy.ts(230,11): error TS1005: ':' expected.
sveltekit-frontend/src/lib/services/n64-cache-hierarchy.ts(230,70): error TS1109: Expression expected.
sveltekit-frontend/src/lib/services/n64-cache-hierarchy.ts(231,22): error TS1136: Property assignment expected.
sveltekit-frontend/src/lib/services/n64-cache-hierarchy.ts(247,3): error TS1128: Declaration or statement expected.
sveltekit-frontend/src/lib/services/n64-cache-hierarchy.ts(251,3): error TS1434: Unexpected keyword or identifier.
sveltekit-frontend/src/lib/services/n64-cache-hierarchy.ts(251,20): error TS1109: Expression expected.
sveltekit-frontend/src/lib/services/n64-cache-hierarchy.ts(251,34): error TS1109: Expression expected.
sveltekit-frontend/src/lib/services/n64-cache-hierarchy.ts(252,11): error TS1005: ',' expected.
sveltekit-frontend/src/lib/services/n64-cache-hierarchy.ts(252,19): error TS1005: ',' expected.
sveltekit-frontend/src/lib/services/n64-cache-hierarchy.ts(252,25): error TS1137: Expression or comma expected.
sveltekit-frontend/src/lib/services/n64-cache-hierarchy.ts(253,11): error TS1005: ':' expected.
sveltekit-frontend/src/lib/services/n64-cache-hierarchy.ts(254,11): error TS1005: ':' expected.
sveltekit-frontend/src/lib/services/n64-cache-hierarchy.ts(255,11): error TS1005: ':' expected.
sveltekit-frontend/src/lib/services/n64-cache-hierarchy.ts(256,5): error TS1136: Property assignment expected.
sveltekit-frontend/src/lib/services/n64-cache-hierarchy.ts(256,6): error TS1136: Property assignment expected.
sveltekit-frontend/src/lib/services/n64-cache-hierarchy.ts(256,7): error TS1136: Property assignment expected.
sveltekit-frontend/src/lib/services/n64-cache-hierarchy.ts(261,3): error TS1434: Unexpected keyword or identifier.
sveltekit-frontend/src/lib/services/n64-cache-hierarchy.ts(261,25): error TS1135: Argument expression expected.
sveltekit-frontend/src/lib/services/n64-cache-hierarchy.ts(261,33): error TS1109: Expression expected.
sveltekit-frontend/src/lib/services/n64-cache-hierarchy.ts(261,34): error TS1005: ';' expected.
sveltekit-frontend/src/lib/services/n64-cache-hierarchy.ts(261,48): error TS1109: Expression expected.
sveltekit-frontend/src/lib/services/n64-cache-hierarchy.ts(262,13): error TS1003: Identifier expected.
sveltekit-frontend/src/lib/services/n64-cache-hierarchy.ts(262,57): error TS1005: ',' expected.
sveltekit-frontend/src/lib/services/n64-cache-hierarchy.ts(263,10): error TS1359: Identifier expected. 'const' is a reserved word that cannot be used here.
sveltekit-frontend/src/lib/services/n64-cache-hierarchy.ts(263,16): error TS1005: ',' expected.
sveltekit-frontend/src/lib/services/n64-cache-hierarchy.ts(263,29): error TS1005: ',' expected.
sveltekit-frontend/src/lib/services/n64-cache-hierarchy.ts(267,7): error TS1136: Property assignment expected.
sveltekit-frontend/src/lib/services/n64-cache-hierarchy.ts(267,9): error TS1005: ',' expected.
sveltekit-frontend/src/lib/services/n64-cache-hierarchy.ts(267,10): error TS1136: Property assignment expected.
sveltekit-frontend/src/lib/services/n64-cache-hierarchy.ts(270,3): error TS1128: Declaration or statement expected.
sveltekit-frontend/src/lib/services/n64-cache-hierarchy.ts(271,3): error TS1128: Declaration or statement expected.
sveltekit-frontend/src/lib/services/n64-cache-hierarchy.ts(271,11): error TS1434: Unexpected keyword or identifier.
sveltekit-frontend/src/lib/services/n64-cache-hierarchy.ts(271,38): error TS1135: Argument expression expected.
sveltekit-frontend/src/lib/services/n64-cache-hierarchy.ts(271,42): error TS1005: ';' expected.
sveltekit-frontend/src/lib/services/n64-cache-hierarchy.ts(274,12): error TS1005: ':' expected.
sveltekit-frontend/src/lib/services/n64-cache-hierarchy.ts(280,18): error TS1109: Expression expected.
sveltekit-frontend/src/lib/services/n64-cache-hierarchy.ts(280,20): error TS1434: Unexpected keyword or identifier.
sveltekit-frontend/src/lib/services/n64-cache-hierarchy.ts(288,1): error TS1128: Declaration or statement expected.
sveltekit-frontend/src/lib/services/n64-legal-ai-orchestrator.ts(16,1): error TS1128: Declaration or statement expected.
sveltekit-frontend/src/lib/services/n64-legal-ai-orchestrator.ts(182,5): error TS1136: Property assignment expected.
sveltekit-frontend/src/lib/services/n64-legal-ai-orchestrator.ts(182,7): error TS1068: Unexpected token. A constructor, method, accessor, or property was expected.
sveltekit-frontend/src/lib/services/n64-legal-ai-orchestrator.ts(191,5): error TS1068: Unexpected token. A constructor, method, accessor, or property was expected.
sveltekit-frontend/src/lib/services/n64-legal-ai-orchestrator.ts(193,3): error TS1128: Declaration or statement expected.
sveltekit-frontend/src/lib/services/n64-legal-ai-orchestrator.ts(197,3): error TS1128: Declaration or statement expected.
sveltekit-frontend/src/lib/services/n64-legal-ai-orchestrator.ts(197,11): error TS1434: Unexpected keyword or identifier.
sveltekit-frontend/src/lib/services/n64-legal-ai-orchestrator.ts(197,43): error TS1135: Argument expression expected.
sveltekit-frontend/src/lib/services/n64-legal-ai-orchestrator.ts(197,49): error TS1011: An element access expression should take an argument.
sveltekit-frontend/src/lib/services/n64-legal-ai-orchestrator.ts(198,11): error TS1005: ':' expected.
sveltekit-frontend/src/lib/services/n64-legal-ai-orchestrator.ts(198,40): error TS1005: ',' expected.
sveltekit-frontend/src/lib/services/n64-legal-ai-orchestrator.ts(199,9): error TS1003: Identifier expected.
sveltekit-frontend/src/lib/services/n64-legal-ai-orchestrator.ts(199,14): error TS1005: ',' expected.
sveltekit-frontend/src/lib/services/n64-legal-ai-orchestrator.ts(199,27): error TS1005: ',' expected.
sveltekit-frontend/src/lib/services/n64-legal-ai-orchestrator.ts(199,29): error TS1136: Property assignment expected.
sveltekit-frontend/src/lib/services/n64-legal-ai-orchestrator.ts(215,3): error TS1128: Declaration or statement expected.
sveltekit-frontend/src/lib/services/n64-legal-ai-orchestrator.ts(219,3): error TS1128: Declaration or statement expected.
sveltekit-frontend/src/lib/services/n64-legal-ai-orchestrator.ts(219,11): error TS1434: Unexpected keyword or identifier.
sveltekit-frontend/src/lib/services/n64-legal-ai-orchestrator.ts(219,48): error TS1135: Argument expression expected.
sveltekit-frontend/src/lib/services/n64-legal-ai-orchestrator.ts(219,54): error TS1011: An element access expression should take an argument.
sveltekit-frontend/src/lib/services/n64-legal-ai-orchestrator.ts(220,11): error TS1005: ':' expected.
sveltekit-frontend/src/lib/services/n64-legal-ai-orchestrator.ts(220,40): error TS1005: ',' expected.
sveltekit-frontend/src/lib/services/n64-legal-ai-orchestrator.ts(222,11): error TS1005: ':' expected.
sveltekit-frontend/src/lib/services/n64-legal-ai-orchestrator.ts(226,5): error TS1136: Property assignment expected.
sveltekit-frontend/src/lib/services/n64-legal-ai-orchestrator.ts(226,7): error TS1005: ';' expected.
sveltekit-frontend/src/lib/services/n64-legal-ai-orchestrator.ts(233,3): error TS1128: Declaration or statement expected.
sveltekit-frontend/src/lib/services/n64-legal-ai-orchestrator.ts(237,3): error TS1128: Declaration or statement expected.
sveltekit-frontend/src/lib/services/n64-legal-ai-orchestrator.ts(237,11): error TS1434: Unexpected keyword or identifier.
sveltekit-frontend/src/lib/services/n64-legal-ai-orchestrator.ts(237,47): error TS1135: Argument expression expected.
sveltekit-frontend/src/lib/services/n64-legal-ai-orchestrator.ts(237,53): error TS1011: An element access expression should take an argument.
sveltekit-frontend/src/lib/services/n64-legal-ai-orchestrator.ts(238,11): error TS1005: ':' expected.
sveltekit-frontend/src/lib/services/n64-legal-ai-orchestrator.ts(238,40): error TS1005: ',' expected.
sveltekit-frontend/src/lib/services/n64-legal-ai-orchestrator.ts(239,9): error TS1005: ',' expected.
sveltekit-frontend/src/lib/services/n64-legal-ai-orchestrator.ts(239,27): error TS1005: ',' expected.
sveltekit-frontend/src/lib/services/n64-legal-ai-orchestrator.ts(240,9): error TS1005: ',' expected.
sveltekit-frontend/src/lib/services/n64-legal-ai-orchestrator.ts(240,17): error TS1005: ',' expected.
sveltekit-frontend/src/lib/services/n64-legal-ai-orchestrator.ts(241,10): error TS1359: Identifier expected. 'const' is a reserved word that cannot be used here.
sveltekit-frontend/src/lib/services/n64-legal-ai-orchestrator.ts(241,16): error TS1005: ',' expected.
sveltekit-frontend/src/lib/services/n64-legal-ai-orchestrator.ts(241,24): error TS1005: ',' expected.
sveltekit-frontend/src/lib/services/n64-legal-ai-orchestrator.ts(241,27): error TS1005: ',' expected.
sveltekit-frontend/src/lib/services/n64-legal-ai-orchestrator.ts(251,5): error TS1005: ',' expected.
sveltekit-frontend/src/lib/services/n64-legal-ai-orchestrator.ts(251,12): error TS1005: ':' expected.
sveltekit-frontend/src/lib/services/n64-legal-ai-orchestrator.ts(261,3): error TS1128: Declaration or statement expected.
sveltekit-frontend/src/lib/services/n64-legal-ai-orchestrator.ts(261,11): error TS1434: Unexpected keyword or identifier.
sveltekit-frontend/src/lib/services/n64-legal-ai-orchestrator.ts(261,54): error TS1135: Argument expression expected.
sveltekit-frontend/src/lib/services/n64-legal-ai-orchestrator.ts(261,60): error TS1011: An element access expression should take an argument.
sveltekit-frontend/src/lib/services/n64-legal-ai-orchestrator.ts(262,11): error TS1005: ':' expected.
sveltekit-frontend/src/lib/services/n64-legal-ai-orchestrator.ts(262,40): error TS1005: ',' expected.
sveltekit-frontend/src/lib/services/n64-legal-ai-orchestrator.ts(264,11): error TS1005: ':' expected.
sveltekit-frontend/src/lib/services/n64-legal-ai-orchestrator.ts(269,5): error TS1136: Property assignment expected.
sveltekit-frontend/src/lib/services/n64-legal-ai-orchestrator.ts(269,7): error TS1005: ';' expected.
sveltekit-frontend/src/lib/services/n64-legal-ai-orchestrator.ts(274,3): error TS1128: Declaration or statement expected.
sveltekit-frontend/src/lib/services/n64-legal-ai-orchestrator.ts(278,3): error TS1128: Declaration or statement expected.
sveltekit-frontend/src/lib/services/n64-legal-ai-orchestrator.ts(278,11): error TS1434: Unexpected keyword or identifier.
sveltekit-frontend/src/lib/services/n64-legal-ai-orchestrator.ts(278,36): error TS1109: Expression expected.
sveltekit-frontend/src/lib/services/n64-legal-ai-orchestrator.ts(278,50): error TS1109: Expression expected.
sveltekit-frontend/src/lib/services/n64-legal-ai-orchestrator.ts(279,9): error TS1005: ':' expected.
sveltekit-frontend/src/lib/services/n64-legal-ai-orchestrator.ts(280,13): error TS1005: ':' expected.
sveltekit-frontend/src/lib/services/n64-legal-ai-orchestrator.ts(280,60): error TS1005: ',' expected.
sveltekit-frontend/src/lib/services/n64-legal-ai-orchestrator.ts(281,11): error TS1003: Identifier expected.
sveltekit-frontend/src/lib/services/n64-legal-ai-orchestrator.ts(286,7): error TS1005: ',' expected.
sveltekit-frontend/src/lib/services/n64-legal-ai-orchestrator.ts(286,13): error TS1005: ':' expected.
sveltekit-frontend/src/lib/services/n64-legal-ai-orchestrator.ts(286,51): error TS1005: ',' expected.
sveltekit-frontend/src/lib/services/n64-legal-ai-orchestrator.ts(287,15): error TS1003: Identifier expected.
sveltekit-frontend/src/lib/services/n64-legal-ai-orchestrator.ts(287,58): error TS1005: ',' expected.
sveltekit-frontend/src/lib/services/n64-legal-ai-orchestrator.ts(289,11): error TS1005: ':' expected.
sveltekit-frontend/src/lib/services/n64-legal-ai-orchestrator.ts(289,51): error TS1005: ',' expected.
sveltekit-frontend/src/lib/services/n64-legal-ai-orchestrator.ts(290,13): error TS1005: ',' expected.
sveltekit-frontend/src/lib/services/n64-legal-ai-orchestrator.ts(290,18): error TS1005: ',' expected.
sveltekit-frontend/src/lib/services/n64-legal-ai-orchestrator.ts(290,61): error TS1005: ',' expected.
sveltekit-frontend/src/lib/services/n64-legal-ai-orchestrator.ts(291,7): error TS1005: ',' expected.
sveltekit-frontend/src/lib/services/n64-legal-ai-orchestrator.ts(299,3): error TS1128: Declaration or statement expected.
sveltekit-frontend/src/lib/services/n64-legal-ai-orchestrator.ts(299,38): error TS1109: Expression expected.
sveltekit-frontend/src/lib/services/n64-legal-ai-orchestrator.ts(299,40): error TS1434: Unexpected keyword or identifier.
sveltekit-frontend/src/lib/services/n64-legal-ai-orchestrator.ts(307,3): error TS1128: Declaration or statement expected.
sveltekit-frontend/src/lib/services/n64-legal-ai-orchestrator.ts(307,11): error TS1434: Unexpected keyword or identifier.
sveltekit-frontend/src/lib/services/n64-legal-ai-orchestrator.ts(307,36): error TS1109: Expression expected.
sveltekit-frontend/src/lib/services/n64-legal-ai-orchestrator.ts(307,50): error TS1109: Expression expected.
sveltekit-frontend/src/lib/services/n64-legal-ai-orchestrator.ts(309,13): error TS1003: Identifier expected.
sveltekit-frontend/src/lib/services/n64-legal-ai-orchestrator.ts(309,55): error TS1005: ',' expected.
sveltekit-frontend/src/lib/services/n64-legal-ai-orchestrator.ts(310,13): error TS1003: Identifier expected.
sveltekit-frontend/src/lib/services/n64-legal-ai-orchestrator.ts(310,108): error TS1005: ',' expected.
sveltekit-frontend/src/lib/services/n64-legal-ai-orchestrator.ts(311,13): error TS1003: Identifier expected.
sveltekit-frontend/src/lib/services/n64-legal-ai-orchestrator.ts(311,107): error TS1005: ',' expected.
sveltekit-frontend/src/lib/services/n64-legal-ai-orchestrator.ts(312,13): error TS1003: Identifier expected.
sveltekit-frontend/src/lib/services/n64-legal-ai-orchestrator.ts(312,106): error TS1005: ',' expected.
sveltekit-frontend/src/lib/services/n64-legal-ai-orchestrator.ts(314,3): error TS1128: Declaration or statement expected.
sveltekit-frontend/src/lib/services/n64-legal-ai-orchestrator.ts(314,11): error TS1434: Unexpected keyword or identifier.
sveltekit-frontend/src/lib/services/n64-legal-ai-orchestrator.ts(314,40): error TS1109: Expression expected.
sveltekit-frontend/src/lib/services/n64-legal-ai-orchestrator.ts(314,54): error TS1109: Expression expected.
sveltekit-frontend/src/lib/services/n64-legal-ai-orchestrator.ts(315,13): error TS1003: Identifier expected.
sveltekit-frontend/src/lib/services/n64-legal-ai-orchestrator.ts(315,54): error TS1005: ',' expected.
sveltekit-frontend/src/lib/services/n64-legal-ai-orchestrator.ts(318,3): error TS1128: Declaration or statement expected.
sveltekit-frontend/src/lib/services/n64-legal-ai-orchestrator.ts(318,11): error TS1434: Unexpected keyword or identifier.
sveltekit-frontend/src/lib/services/n64-legal-ai-orchestrator.ts(318,43): error TS1135: Argument expression expected.
sveltekit-frontend/src/lib/services/n64-legal-ai-orchestrator.ts(318,49): error TS1011: An element access expression should take an argument.
sveltekit-frontend/src/lib/services/n64-legal-ai-orchestrator.ts(318,60): error TS1005: ',' expected.
sveltekit-frontend/src/lib/services/n64-legal-ai-orchestrator.ts(318,67): error TS1005: ';' expected.
sveltekit-frontend/src/lib/services/n64-legal-ai-orchestrator.ts(325,7): error TS1005: ')' expected.
sveltekit-frontend/src/lib/services/n64-legal-ai-orchestrator.ts(327,3): error TS1128: Declaration or statement expected.
sveltekit-frontend/src/lib/services/n64-legal-ai-orchestrator.ts(327,11): error TS1434: Unexpected keyword or identifier.
sveltekit-frontend/src/lib/services/n64-legal-ai-orchestrator.ts(327,57): error TS1135: Argument expression expected.
sveltekit-frontend/src/lib/services/n64-legal-ai-orchestrator.ts(327,63): error TS1011: An element access expression should take an argument.
sveltekit-frontend/src/lib/services/n64-legal-ai-orchestrator.ts(327,74): error TS1005: ',' expected.
sveltekit-frontend/src/lib/services/n64-legal-ai-orchestrator.ts(327,81): error TS1005: ';' expected.
sveltekit-frontend/src/lib/services/n64-legal-ai-orchestrator.ts(334,7): error TS1005: ')' expected.
sveltekit-frontend/src/lib/services/n64-legal-ai-orchestrator.ts(336,3): error TS1128: Declaration or statement expected.
sveltekit-frontend/src/lib/services/n64-legal-ai-orchestrator.ts(336,48): error TS1135: Argument expression expected.
sveltekit-frontend/src/lib/services/n64-legal-ai-orchestrator.ts(336,69): error TS1005: ';' expected.
sveltekit-frontend/src/lib/services/n64-legal-ai-orchestrator.ts(336,71): error TS1434: Unexpected keyword or identifier.
sveltekit-frontend/src/lib/services/n64-legal-ai-orchestrator.ts(339,7): error TS1128: Declaration or statement expected.
sveltekit-frontend/src/lib/services/n64-legal-ai-orchestrator.ts(349,12): error TS1005: ':' expected.
sveltekit-frontend/src/lib/services/n64-legal-ai-orchestrator.ts(360,1): error TS1128: Declaration or statement expected.
sveltekit-frontend/src/lib/services/n64-lod-manager.ts(58,55): error TS1109: Expression expected.
sveltekit-frontend/src/lib/services/n64-lod-manager.ts(59,7): error TS1109: Expression expected.
sveltekit-frontend/src/lib/services/n64-lod-manager.ts(59,65): error TS1109: Expression expected.
sveltekit-frontend/src/lib/services/n64-lod-manager.ts(60,9): error TS1109: Expression expected.
sveltekit-frontend/src/lib/services/n64-lod-manager.ts(72,29): error TS1005: ';' expected.
sveltekit-frontend/src/lib/services/n64-lod-manager.ts(73,4): error TS1128: Declaration or statement expected.
sveltekit-frontend/src/lib/services/n64-lod-manager.ts(73,5): error TS1128: Declaration or statement expected.
sveltekit-frontend/src/lib/services/n64-lod-manager.ts(73,7): error TS1434: Unexpected keyword or identifier.
sveltekit-frontend/src/lib/services/n64-lod-manager.ts(94,44): error TS1005: ')' expected.
sveltekit-frontend/src/lib/services/n64-lod-manager.ts(99,3): error TS1434: Unexpected keyword or identifier.
sveltekit-frontend/src/lib/services/n64-lod-manager.ts(102,3): error TS1128: Declaration or statement expected.
sveltekit-frontend/src/lib/services/n64-lod-manager.ts(102,4): error TS1128: Declaration or statement expected.
sveltekit-frontend/src/lib/services/n64-lod-manager.ts(103,11): error TS1005: ':' expected.
sveltekit-frontend/src/lib/services/n64-lod-manager.ts(103,52): error TS1005: ',' expected.
sveltekit-frontend/src/lib/services/n64-lod-manager.ts(104,11): error TS1005: ':' expected.
sveltekit-frontend/src/lib/services/n64-lod-manager.ts(104,41): error TS1136: Property assignment expected.
sveltekit-frontend/src/lib/services/n64-lod-manager.ts(107,22): error TS1109: Expression expected.
sveltekit-frontend/src/lib/services/n64-lod-manager.ts(107,32): error TS1109: Expression expected.
sveltekit-frontend/src/lib/services/n64-lod-manager.ts(137,3): error TS1128: Declaration or statement expected.
sveltekit-frontend/src/lib/services/n64-lod-manager.ts(141,3): error TS1434: Unexpected keyword or identifier.
sveltekit-frontend/src/lib/services/n64-lod-manager.ts(144,43): error TS1109: Expression expected.
sveltekit-frontend/src/lib/services/n64-lod-manager.ts(145,3): error TS1128: Declaration or statement expected.
sveltekit-frontend/src/lib/services/n64-lod-manager.ts(145,4): error TS1128: Declaration or statement expected.
sveltekit-frontend/src/lib/services/n64-lod-manager.ts(147,13): error TS1005: ',' expected.
sveltekit-frontend/src/lib/services/n64-lod-manager.ts(147,39): error TS1005: ',' expected.
sveltekit-frontend/src/lib/services/n64-lod-manager.ts(147,41): error TS1136: Property assignment expected.
sveltekit-frontend/src/lib/services/n64-lod-manager.ts(188,3): error TS1128: Declaration or statement expected.
sveltekit-frontend/src/lib/services/n64-lod-manager.ts(195,3): error TS1128: Declaration or statement expected.
sveltekit-frontend/src/lib/services/n64-lod-manager.ts(195,4): error TS1128: Declaration or statement expected.
sveltekit-frontend/src/lib/services/n64-lod-manager.ts(195,6): error TS1434: Unexpected keyword or identifier.
sveltekit-frontend/src/lib/services/n64-lod-manager.ts(200,9): error TS1434: Unexpected keyword or identifier.
sveltekit-frontend/src/lib/services/n64-lod-manager.ts(207,3): error TS1128: Declaration or statement expected.
sveltekit-frontend/src/lib/services/n64-lod-manager.ts(207,11): error TS1434: Unexpected keyword or identifier.
sveltekit-frontend/src/lib/services/n64-lod-manager.ts(209,26): error TS1434: Unexpected keyword or identifier.
sveltekit-frontend/src/lib/services/n64-lod-manager.ts(209,32): error TS1128: Declaration or statement expected.
sveltekit-frontend/src/lib/services/n64-lod-manager.ts(210,3): error TS1128: Declaration or statement expected.
sveltekit-frontend/src/lib/services/n64-lod-manager.ts(210,4): error TS1128: Declaration or statement expected.
sveltekit-frontend/src/lib/services/n64-lod-manager.ts(211,11): error TS1005: ':' expected.
sveltekit-frontend/src/lib/services/n64-lod-manager.ts(211,52): error TS1005: ',' expected.
sveltekit-frontend/src/lib/services/n64-lod-manager.ts(212,11): error TS1005: ':' expected.
sveltekit-frontend/src/lib/services/n64-lod-manager.ts(212,41): error TS1136: Property assignment expected.
sveltekit-frontend/src/lib/services/n64-lod-manager.ts(215,53): error TS1134: Variable declaration expected.
sveltekit-frontend/src/lib/services/n64-lod-manager.ts(215,54): error TS1109: Expression expected.
sveltekit-frontend/src/lib/services/n64-lod-manager.ts(216,18): error TS1109: Expression expected.
sveltekit-frontend/src/lib/services/n64-lod-manager.ts(217,18): error TS1109: Expression expected.
sveltekit-frontend/src/lib/services/n64-lod-manager.ts(218,15): error TS1109: Expression expected.
sveltekit-frontend/src/lib/services/n64-lod-manager.ts(220,12): error TS1109: Expression expected.
sveltekit-frontend/src/lib/services/n64-lod-manager.ts(221,12): error TS1109: Expression expected.
sveltekit-frontend/src/lib/services/n64-lod-manager.ts(223,20): error TS1109: Expression expected.
sveltekit-frontend/src/lib/services/n64-lod-manager.ts(223,36): error TS1109: Expression expected.
sveltekit-frontend/src/lib/services/n64-lod-manager.ts(225,34): error TS1109: Expression expected.
sveltekit-frontend/src/lib/services/n64-lod-manager.ts(232,3): error TS1128: Declaration or statement expected.
sveltekit-frontend/src/lib/services/n64-lod-manager.ts(236,3): error TS1128: Declaration or statement expected.
sveltekit-frontend/src/lib/services/n64-lod-manager.ts(236,42): error TS1135: Argument expression expected.
sveltekit-frontend/src/lib/services/n64-lod-manager.ts(236,54): error TS1005: ';' expected.
sveltekit-frontend/src/lib/services/n64-lod-manager.ts(236,56): error TS1434: Unexpected keyword or identifier.
sveltekit-frontend/src/lib/services/n64-lod-manager.ts(257,47): error TS1109: Expression expected.
sveltekit-frontend/src/lib/services/n64-lod-manager.ts(258,7): error TS1109: Expression expected.
sveltekit-frontend/src/lib/services/n64-lod-manager.ts(270,38): error TS1109: Expression expected.
sveltekit-frontend/src/lib/services/n64-lod-manager.ts(271,24): error TS1109: Expression expected.
sveltekit-frontend/src/lib/services/n64-lod-manager.ts(285,3): error TS1128: Declaration or statement expected.
sveltekit-frontend/src/lib/services/n64-lod-manager.ts(285,37): error TS1135: Argument expression expected.
sveltekit-frontend/src/lib/services/n64-lod-manager.ts(285,59): error TS1005: ',' expected.
sveltekit-frontend/src/lib/services/n64-lod-manager.ts(285,69): error TS1005: ';' expected.
sveltekit-frontend/src/lib/services/n64-lod-manager.ts(285,71): error TS1434: Unexpected keyword or identifier.
sveltekit-frontend/src/lib/services/n64-lod-manager.ts(297,51): error TS1109: Expression expected.
sveltekit-frontend/src/lib/services/n64-lod-manager.ts(298,7): error TS1109: Expression expected.
sveltekit-frontend/src/lib/services/n64-lod-manager.ts(298,53): error TS1109: Expression expected.
sveltekit-frontend/src/lib/services/n64-lod-manager.ts(300,9): error TS1109: Expression expected.
sveltekit-frontend/src/lib/services/n64-lod-manager.ts(302,47): error TS1109: Expression expected.
sveltekit-frontend/src/lib/services/n64-lod-manager.ts(303,15): error TS1005: ';' expected.
sveltekit-frontend/src/lib/services/n64-lod-manager.ts(305,48): error TS1109: Expression expected.
sveltekit-frontend/src/lib/services/n64-lod-manager.ts(306,13): error TS1109: Expression expected.
sveltekit-frontend/src/lib/services/n64-lod-manager.ts(308,53): error TS1109: Expression expected.
sveltekit-frontend/src/lib/services/n64-lod-manager.ts(309,15): error TS1109: Expression expected.
sveltekit-frontend/src/lib/services/n64-lod-manager.ts(314,54): error TS1109: Expression expected.
sveltekit-frontend/src/lib/services/n64-lod-manager.ts(315,15): error TS1109: Expression expected.
sveltekit-frontend/src/lib/services/n64-lod-manager.ts(334,3): error TS1128: Declaration or statement expected.
sveltekit-frontend/src/lib/services/n64-lod-manager.ts(334,11): error TS1434: Unexpected keyword or identifier.
sveltekit-frontend/src/lib/services/n64-lod-manager.ts(334,40): error TS1135: Argument expression expected.
sveltekit-frontend/src/lib/services/n64-lod-manager.ts(334,62): error TS1005: ',' expected.
sveltekit-frontend/src/lib/services/n64-lod-manager.ts(334,77): error TS1005: ';' expected.
sveltekit-frontend/src/lib/services/n64-lod-manager.ts(334,91): error TS1109: Expression expected.
sveltekit-frontend/src/lib/services/n64-lod-manager.ts(336,16): error TS1005: ',' expected.
sveltekit-frontend/src/lib/services/n64-lod-manager.ts(336,95): error TS1005: ',' expected.
sveltekit-frontend/src/lib/services/n64-lod-manager.ts(336,97): error TS1136: Property assignment expected.
sveltekit-frontend/src/lib/services/n64-lod-manager.ts(347,3): error TS1128: Declaration or statement expected.
sveltekit-frontend/src/lib/services/n64-lod-manager.ts(351,3): error TS1128: Declaration or statement expected.
sveltekit-frontend/src/lib/services/n64-lod-manager.ts(351,37): error TS1109: Expression expected.
sveltekit-frontend/src/lib/services/n64-lod-manager.ts(351,39): error TS1434: Unexpected keyword or identifier.
sveltekit-frontend/src/lib/services/n64-lod-manager.ts(357,3): error TS1128: Declaration or statement expected.
sveltekit-frontend/src/lib/services/n64-lod-manager.ts(357,11): error TS1434: Unexpected keyword or identifier.
sveltekit-frontend/src/lib/services/n64-lod-manager.ts(357,37): error TS1109: Expression expected.
sveltekit-frontend/src/lib/services/n64-lod-manager.ts(357,51): error TS1109: Expression expected.
sveltekit-frontend/src/lib/services/n64-lod-manager.ts(358,13): error TS1003: Identifier expected.
sveltekit-frontend/src/lib/services/n64-lod-manager.ts(358,78): error TS1005: ',' expected.
sveltekit-frontend/src/lib/services/n64-lod-manager.ts(360,9): error TS1005: ':' expected.
sveltekit-frontend/src/lib/services/n64-lod-manager.ts(360,50): error TS1109: Expression expected.
sveltekit-frontend/src/lib/services/n64-lod-manager.ts(360,53): error TS1005: ':' expected.
sveltekit-frontend/src/lib/services/n64-lod-manager.ts(362,11): error TS1005: ':' expected.
sveltekit-frontend/src/lib/services/n64-lod-manager.ts(365,7): error TS1005: ',' expected.
sveltekit-frontend/src/lib/services/n64-lod-manager.ts(366,10): error TS1359: Identifier expected. 'const' is a reserved word that cannot be used here.
sveltekit-frontend/src/lib/services/n64-lod-manager.ts(366,16): error TS1005: ',' expected.
sveltekit-frontend/src/lib/services/n64-lod-manager.ts(366,25): error TS1005: ',' expected.
sveltekit-frontend/src/lib/services/n64-lod-manager.ts(372,5): error TS1005: ',' expected.
sveltekit-frontend/src/lib/services/n64-lod-manager.ts(372,13): error TS1003: Identifier expected.
sveltekit-frontend/src/lib/services/n64-lod-manager.ts(372,79): error TS1005: ',' expected.
sveltekit-frontend/src/lib/services/n64-lod-manager.ts(377,3): error TS1128: Declaration or statement expected.
sveltekit-frontend/src/lib/services/n64-lod-manager.ts(377,11): error TS1434: Unexpected keyword or identifier.
sveltekit-frontend/src/lib/services/n64-lod-manager.ts(377,48): error TS1135: Argument expression expected.
sveltekit-frontend/src/lib/services/n64-lod-manager.ts(377,57): error TS1005: ';' expected.
sveltekit-frontend/src/lib/services/n64-lod-manager.ts(377,71): error TS1109: Expression expected.
sveltekit-frontend/src/lib/services/n64-lod-manager.ts(379,11): error TS1005: ':' expected.
sveltekit-frontend/src/lib/services/n64-lod-manager.ts(379,26): error TS1005: ':' expected.
sveltekit-frontend/src/lib/services/n64-lod-manager.ts(380,11): error TS1005: ':' expected.
sveltekit-frontend/src/lib/services/n64-lod-manager.ts(380,52): error TS1109: Expression expected.
sveltekit-frontend/src/lib/services/n64-lod-manager.ts(380,55): error TS1005: ':' expected.
sveltekit-frontend/src/lib/services/n64-lod-manager.ts(381,11): error TS1005: ':' expected.
sveltekit-frontend/src/lib/services/n64-lod-manager.ts(381,60): error TS1005: ',' expected.
sveltekit-frontend/src/lib/services/n64-lod-manager.ts(382,11): error TS1005: ',' expected.
sveltekit-frontend/src/lib/services/n64-lod-manager.ts(382,14): error TS1005: ':' expected.
sveltekit-frontend/src/lib/services/n64-lod-manager.ts(382,32): error TS1005: ',' expected.
sveltekit-frontend/src/lib/services/n64-lod-manager.ts(382,45): error TS1005: ',' expected.
sveltekit-frontend/src/lib/services/n64-lod-manager.ts(383,3): error TS1128: Declaration or statement expected.
sveltekit-frontend/src/lib/services/n64-lod-manager.ts(387,3): error TS1128: Declaration or statement expected.
sveltekit-frontend/src/lib/services/n64-lod-manager.ts(387,32): error TS1135: Argument expression expected.
sveltekit-frontend/src/lib/services/n64-lod-manager.ts(387,41): error TS1005: ';' expected.
sveltekit-frontend/src/lib/services/n64-lod-manager.ts(388,11): error TS1005: ':' expected.
sveltekit-frontend/src/lib/services/n64-lod-manager.ts(388,55): error TS1005: ',' expected.
sveltekit-frontend/src/lib/services/n64-lod-manager.ts(397,3): error TS1128: Declaration or statement expected.
sveltekit-frontend/src/lib/services/n64-lod-manager.ts(397,11): error TS1434: Unexpected keyword or identifier.
sveltekit-frontend/src/lib/services/n64-lod-manager.ts(397,38): error TS1109: Expression expected.
sveltekit-frontend/src/lib/services/n64-lod-manager.ts(397,52): error TS1109: Expression expected.
sveltekit-frontend/src/lib/services/n64-lod-manager.ts(398,9): error TS1005: ',' expected.
sveltekit-frontend/src/lib/services/n64-lod-manager.ts(398,24): error TS1005: ',' expected.
sveltekit-frontend/src/lib/services/n64-lod-manager.ts(399,9): error TS1005: ',' expected.
sveltekit-frontend/src/lib/services/n64-lod-manager.ts(399,32): error TS1005: ',' expected.
sveltekit-frontend/src/lib/services/n64-lod-manager.ts(400,10): error TS1359: Identifier expected. 'const' is a reserved word that cannot be used here.
sveltekit-frontend/src/lib/services/n64-lod-manager.ts(400,16): error TS1005: ',' expected.
sveltekit-frontend/src/lib/services/n64-lod-manager.ts(400,27): error TS1005: ',' expected.
sveltekit-frontend/src/lib/services/n64-lod-manager.ts(400,32): error TS1005: ',' expected.
sveltekit-frontend/src/lib/services/n64-lod-manager.ts(400,46): error TS1005: ',' expected.
sveltekit-frontend/src/lib/services/n64-lod-manager.ts(400,48): error TS1136: Property assignment expected.
sveltekit-frontend/src/lib/services/n64-lod-manager.ts(402,57): error TS1109: Expression expected.
sveltekit-frontend/src/lib/services/n64-lod-manager.ts(403,21): error TS1109: Expression expected.
sveltekit-frontend/src/lib/services/n64-lod-manager.ts(413,3): error TS1128: Declaration or statement expected.
sveltekit-frontend/src/lib/services/n64-lod-manager.ts(415,3): error TS1128: Declaration or statement expected.
sveltekit-frontend/src/lib/services/n64-lod-manager.ts(415,36): error TS1135: Argument expression expected.
sveltekit-frontend/src/lib/services/n64-lod-manager.ts(415,55): error TS1005: ',' expected.
sveltekit-frontend/src/lib/services/n64-lod-manager.ts(415,62): error TS1005: ';' expected.
sveltekit-frontend/src/lib/services/n64-lod-manager.ts(416,18): error TS1003: Identifier expected.
sveltekit-frontend/src/lib/services/n64-lod-manager.ts(416,74): error TS1005: ')' expected.
sveltekit-frontend/src/lib/services/n64-lod-manager.ts(418,3): error TS1128: Declaration or statement expected.
sveltekit-frontend/src/lib/services/n64-lod-manager.ts(418,34): error TS1135: Argument expression expected.
sveltekit-frontend/src/lib/services/n64-lod-manager.ts(418,43): error TS1005: ';' expected.
sveltekit-frontend/src/lib/services/n64-lod-manager.ts(418,45): error TS1434: Unexpected keyword or identifier.
sveltekit-frontend/src/lib/services/n64-lod-manager.ts(422,3): error TS1128: Declaration or statement expected.
sveltekit-frontend/src/lib/services/n64-lod-manager.ts(422,37): error TS1135: Argument expression expected.
sveltekit-frontend/src/lib/services/n64-lod-manager.ts(422,46): error TS1005: ';' expected.
sveltekit-frontend/src/lib/services/n64-lod-manager.ts(423,18): error TS1003: Identifier expected.
sveltekit-frontend/src/lib/services/n64-lod-manager.ts(423,52): error TS1005: ',' expected.
sveltekit-frontend/src/lib/services/n64-lod-manager.ts(425,3): error TS1128: Declaration or statement expected.
sveltekit-frontend/src/lib/services/n64-lod-manager.ts(425,33): error TS1135: Argument expression expected.
sveltekit-frontend/src/lib/services/n64-lod-manager.ts(425,42): error TS1005: ';' expected.
sveltekit-frontend/src/lib/services/n64-lod-manager.ts(426,11): error TS1005: ':' expected.
sveltekit-frontend/src/lib/services/n64-lod-manager.ts(426,49): error TS1005: ',' expected.
sveltekit-frontend/src/lib/services/n64-lod-manager.ts(432,3): error TS1128: Declaration or statement expected.
sveltekit-frontend/src/lib/services/n64-lod-manager.ts(432,37): error TS1135: Argument expression expected.
sveltekit-frontend/src/lib/services/n64-lod-manager.ts(432,46): error TS1005: ';' expected.
sveltekit-frontend/src/lib/services/n64-lod-manager.ts(432,96): error TS1005: ';' expected.
sveltekit-frontend/src/lib/services/n64-lod-manager.ts(438,3): error TS1128: Declaration or statement expected.
sveltekit-frontend/src/lib/services/n64-lod-manager.ts(438,42): error TS1135: Argument expression expected.
sveltekit-frontend/src/lib/services/n64-lod-manager.ts(438,51): error TS1005: ';' expected.
sveltekit-frontend/src/lib/services/n64-lod-manager.ts(438,53): error TS1434: Unexpected keyword or identifier.
sveltekit-frontend/src/lib/services/n64-lod-manager.ts(448,14): error TS1109: Expression expected.
sveltekit-frontend/src/lib/services/n64-lod-manager.ts(466,13): error TS1109: Expression expected.
sveltekit-frontend/src/lib/services/n64-lod-manager.ts(468,10): error TS1359: Identifier expected. 'const' is a reserved word that cannot be used here.
sveltekit-frontend/src/lib/services/n64-lod-manager.ts(468,16): error TS1005: ',' expected.
sveltekit-frontend/src/lib/services/n64-lod-manager.ts(468,43): error TS1005: ',' expected.
sveltekit-frontend/src/lib/services/n64-lod-manager.ts(468,48): error TS1005: ',' expected.
sveltekit-frontend/src/lib/services/n64-lod-manager.ts(468,63): error TS1005: ',' expected.
sveltekit-frontend/src/lib/services/n64-lod-manager.ts(468,65): error TS1136: Property assignment expected.
sveltekit-frontend/src/lib/services/n64-lod-manager.ts(476,3): error TS1128: Declaration or statement expected.
sveltekit-frontend/src/lib/services/n64-lod-manager.ts(477,1): error TS1128: Declaration or statement expected.
sveltekit-frontend/src/lib/services/N64LODManager.ts(5,1): error TS1128: Declaration or statement expected.
sveltekit-frontend/src/lib/services/N64LODManager.ts(19,1): error TS1128: Declaration or statement expected.
sveltekit-frontend/src/lib/services/N64LODManager.ts(144,43): error TS1109: Expression expected.
sveltekit-frontend/src/lib/services/N64LODManager.ts(145,7): error TS1109: Expression expected.
sveltekit-frontend/src/lib/services/N64LODManager.ts(157,60): error TS1005: ')' expected.
sveltekit-frontend/src/lib/services/N64LODManager.ts(158,7): error TS1128: Declaration or statement expected.
sveltekit-frontend/src/lib/services/N64LODManager.ts(187,47): error TS1109: Expression expected.
sveltekit-frontend/src/lib/services/N64LODManager.ts(188,13): error TS1109: Expression expected.
sveltekit-frontend/src/lib/services/N64LODManager.ts(188,73): error TS1109: Expression expected.
sveltekit-frontend/src/lib/services/N64LODManager.ts(189,5): error TS1109: Expression expected.
sveltekit-frontend/src/lib/services/native-windows-service-manager.ts(3,1): error TS1128: Declaration or statement expected.
sveltekit-frontend/src/lib/services/native-windows-service-manager.ts(14,1): error TS1128: Declaration or statement expected.
sveltekit-frontend/src/lib/services/native-windows-service-manager.ts(177,55): error TS1128: Declaration or statement expected.
sveltekit-frontend/src/lib/services/native-windows-service-manager.ts(180,23): error TS1005: ',' expected.
sveltekit-frontend/src/lib/services/native-windows-service-manager.ts(185,61): error TS1005: ')' expected.
sveltekit-frontend/src/lib/services/native-windows-service-manager.ts(212,63): error TS1005: ')' expected.
sveltekit-frontend/src/lib/services/native-windows-service-manager.ts(234,57): error TS1128: Declaration or statement expected.
sveltekit-frontend/src/lib/services/native-windows-service-manager.ts(276,59): error TS1005: ')' expected.
sveltekit-frontend/src/lib/services/native-windows-service-manager.ts(291,57): error TS1005: ')' expected.
sveltekit-frontend/src/lib/services/native-windows-service-manager.ts(302,9): error TS1005: ')' expected.
sveltekit-frontend/src/lib/services/native-windows-service-manager.ts(315,76): error TS1005: ';' expected.
sveltekit-frontend/src/lib/services/native-windows-service-manager.ts(315,77): error TS1005: '}' expected.
sveltekit-frontend/src/lib/services/native-windows-service-manager.ts(315,91): error TS1109: Expression expected.
sveltekit-frontend/src/lib/services/native-windows-service-manager.ts(315,98): error TS1472: 'catch' or 'finally' expected.
sveltekit-frontend/src/lib/services/native-windows-service-manager.ts(315,99): error TS1128: Declaration or statement expected.
sveltekit-frontend/src/lib/services/native-windows-service-manager.ts(315,108): error TS1068: Unexpected token. A constructor, method, accessor, or property was expected.
sveltekit-frontend/src/lib/services/native-windows-service-manager.ts(316,41): error TS1005: ';' expected.
sveltekit-frontend/src/lib/services/native-windows-service-manager.ts(316,43): error TS1434: Unexpected keyword or identifier.
sveltekit-frontend/src/lib/services/native-windows-service-manager.ts(316,84): error TS1131: Property or signature expected.
sveltekit-frontend/src/lib/services/native-windows-service-manager.ts(316,85): error TS1128: Declaration or statement expected.
sveltekit-frontend/src/lib/services/native-windows-service-manager.ts(316,100): error TS1109: Expression expected.
sveltekit-frontend/src/lib/services/native-windows-service-manager.ts(316,107): error TS1128: Declaration or statement expected.
sveltekit-frontend/src/lib/services/native-windows-service-manager.ts(316,108): error TS1128: Declaration or statement expected.
sveltekit-frontend/src/lib/services/native-windows-service-manager.ts(316,121): error TS1128: Declaration or statement expected.
sveltekit-frontend/src/lib/services/native-windows-service-manager.ts(317,41): error TS1005: ';' expected.
sveltekit-frontend/src/lib/services/native-windows-service-manager.ts(317,43): error TS1434: Unexpected keyword or identifier.
sveltekit-frontend/src/lib/services/native-windows-service-manager.ts(317,84): error TS1131: Property or signature expected.
sveltekit-frontend/src/lib/services/native-windows-service-manager.ts(317,85): error TS1128: Declaration or statement expected.
sveltekit-frontend/src/lib/services/native-windows-service-manager.ts(317,100): error TS1109: Expression expected.
sveltekit-frontend/src/lib/services/native-windows-service-manager.ts(317,107): error TS1128: Declaration or statement expected.
sveltekit-frontend/src/lib/services/native-windows-service-manager.ts(317,108): error TS1128: Declaration or statement expected.
sveltekit-frontend/src/lib/services/native-windows-service-manager.ts(317,150): error TS1128: Declaration or statement expected.
sveltekit-frontend/src/lib/services/native-windows-service-manager.ts(318,41): error TS1005: ';' expected.
sveltekit-frontend/src/lib/services/native-windows-service-manager.ts(318,43): error TS1434: Unexpected keyword or identifier.
sveltekit-frontend/src/lib/services/native-windows-service-manager.ts(318,84): error TS1131: Property or signature expected.
sveltekit-frontend/src/lib/services/native-windows-service-manager.ts(318,85): error TS1128: Declaration or statement expected.
sveltekit-frontend/src/lib/services/native-windows-service-manager.ts(318,100): error TS1109: Expression expected.
sveltekit-frontend/src/lib/services/native-windows-service-manager.ts(318,107): error TS1128: Declaration or statement expected.
sveltekit-frontend/src/lib/services/native-windows-service-manager.ts(318,108): error TS1128: Declaration or statement expected.
sveltekit-frontend/src/lib/services/native-windows-service-manager.ts(318,136): error TS1128: Declaration or statement expected.
sveltekit-frontend/src/lib/services/native-windows-service-manager.ts(318,137): error TS1109: Expression expected.
sveltekit-frontend/src/lib/services/native-windows-service-manager.ts(319,39): error TS1109: Expression expected.
sveltekit-frontend/src/lib/services/native-windows-service-manager.ts(319,41): error TS1434: Unexpected keyword or identifier.
sveltekit-frontend/src/lib/services/native-windows-service-manager.ts(319,82): error TS1131: Property or signature expected.
sveltekit-frontend/src/lib/services/native-windows-service-manager.ts(319,83): error TS1128: Declaration or statement expected.
sveltekit-frontend/src/lib/services/native-windows-service-manager.ts(319,98): error TS1109: Expression expected.
sveltekit-frontend/src/lib/services/native-windows-service-manager.ts(319,105): error TS1128: Declaration or statement expected.
sveltekit-frontend/src/lib/services/native-windows-service-manager.ts(319,106): error TS1128: Declaration or statement expected.
sveltekit-frontend/src/lib/services/native-windows-service-manager.ts(319,147): error TS1128: Declaration or statement expected.
sveltekit-frontend/src/lib/services/native-windows-service-manager.ts(327,24): error TS1109: Expression expected.
sveltekit-frontend/src/lib/services/native-windows-service-manager.ts(327,26): error TS1005: ';' expected.
sveltekit-frontend/src/lib/services/native-windows-service-manager.ts(361,24): error TS1127: Invalid character.
sveltekit-frontend/src/lib/services/native-windows-service-manager.ts(361,26): error TS1434: Unexpected keyword or identifier.
sveltekit-frontend/src/lib/services/native-windows-service-manager.ts(361,37): error TS1434: Unexpected keyword or identifier.
sveltekit-frontend/src/lib/services/native-windows-service-manager.ts(361,47): error TS1005: '(' expected.
sveltekit-frontend/src/lib/services/native-windows-service-manager.ts(361,50): error TS1005: ';' expected.
sveltekit-frontend/src/lib/services/native-windows-service-manager.ts(361,63): error TS1005: ';' expected.
sveltekit-frontend/src/lib/services/native-windows-service-manager.ts(367,18): error TS1127: Invalid character.
sveltekit-frontend/src/lib/services/native-windows-service-manager.ts(367,21): error TS1434: Unexpected keyword or identifier.
sveltekit-frontend/src/lib/services/native-windows-service-manager.ts(367,28): error TS1434: Unexpected keyword or identifier.
sveltekit-frontend/src/lib/services/native-windows-service-manager.ts(367,49): error TS1434: Unexpected keyword or identifier.
sveltekit-frontend/src/lib/services/native-windows-service-manager.ts(367,87): error TS1005: ',' expected.
sveltekit-frontend/src/lib/services/native-windows-service-manager.ts(367,96): error TS1005: ';' expected.
sveltekit-frontend/src/lib/services/native-windows-service-manager.ts(372,6): error TS1146: Declaration expected.
sveltekit-frontend/src/lib/services/native-windows-service-manager.ts(373,1): error TS1434: Unexpected keyword or identifier.
sveltekit-frontend/src/lib/services/native-windows-service-manager.ts(373,5): error TS1434: Unexpected keyword or identifier.
sveltekit-frontend/src/lib/services/native-windows-service-manager.ts(373,11): error TS1434: Unexpected keyword or identifier.
sveltekit-frontend/src/lib/services/native-windows-service-manager.ts(373,14): error TS1434: Unexpected keyword or identifier.
sveltekit-frontend/src/lib/services/native-windows-service-manager.ts(373,21): error TS1434: Unexpected keyword or identifier.
sveltekit-frontend/src/lib/services/native-windows-service-manager.ts(373,29): error TS1434: Unexpected keyword or identifier.
sveltekit-frontend/src/lib/services/native-windows-service-manager.ts(374,1): error TS1434: Unexpected keyword or identifier.
sveltekit-frontend/src/lib/services/native-windows-service-manager.ts(374,16): error TS1434: Unexpected keyword or identifier.
sveltekit-frontend/src/lib/services/native-windows-service-manager.ts(375,6): error TS1127: Invalid character.
sveltekit-frontend/src/lib/services/native-windows-service-manager.ts(375,9): error TS1435: Unknown keyword or identifier. Did you mean 'string'?
sveltekit-frontend/src/lib/services/native-windows-service-manager.ts(375,18): error TS1434: Unexpected keyword or identifier.
sveltekit-frontend/src/lib/services/native-windows-service-manager.ts(375,24): error TS1434: Unexpected keyword or identifier.
sveltekit-frontend/src/lib/services/native-windows-service-manager.ts(375,27): error TS1434: Unexpected keyword or identifier.
sveltekit-frontend/src/lib/services/native-windows-service-manager.ts(375,34): error TS1434: Unexpected keyword or identifier.
sveltekit-frontend/src/lib/services/native-windows-service-manager.ts(375,42): error TS1128: Declaration or statement expected.
sveltekit-frontend/src/lib/services/native-windows-service-manager.ts(376,1): error TS1434: Unexpected keyword or identifier.
sveltekit-frontend/src/lib/services/native-windows-service-manager.ts(376,5): error TS1434: Unexpected keyword or identifier.
sveltekit-frontend/src/lib/services/native-windows-service-manager.ts(376,14): error TS1005: '(' expected.
sveltekit-frontend/src/lib/services/native-windows-service-manager.ts(377,1): error TS1005: ';' expected.
sveltekit-frontend/src/lib/services/native-windows-service-manager.ts(377,6): error TS1127: Invalid character.
sveltekit-frontend/src/lib/services/native-windows-service-manager.ts(377,9): error TS1434: Unexpected keyword or identifier.
sveltekit-frontend/src/lib/services/native-windows-service-manager.ts(377,21): error TS1005: '(' expected.
sveltekit-frontend/src/lib/services/native-windows-service-manager.ts(377,36): error TS1005: ';' expected.
sveltekit-frontend/src/lib/services/native-windows-service-manager.ts(377,45): error TS1005: ';' expected.
sveltekit-frontend/src/lib/services/native-windows-service-manager.ts(378,3): error TS1005: '(' expected.
sveltekit-frontend/src/lib/services/native-windows-service-manager.ts(378,16): error TS1005: ')' expected.
sveltekit-frontend/src/lib/services/native-windows-service-manager.ts(379,10): error TS1127: Invalid character.
sveltekit-frontend/src/lib/services/native-windows-service-manager.ts(379,34): error TS1005: ';' expected.
sveltekit-frontend/src/lib/services/native-windows-service-manager.ts(379,50): error TS1005: ';' expected.
sveltekit-frontend/src/lib/services/native-windows-service-manager.ts(380,9): error TS1003: Identifier expected.
sveltekit-frontend/src/lib/services/native-windows-service-manager.ts(380,10): error TS1127: Invalid character.
sveltekit-frontend/src/lib/services/native-windows-service-manager.ts(380,11): error TS1127: Invalid character.
sveltekit-frontend/src/lib/services/native-windows-service-manager.ts(381,5): error TS1434: Unexpected keyword or identifier.
sveltekit-frontend/src/lib/services/native-windows-service-manager.ts(381,21): error TS1127: Invalid character.
sveltekit-frontend/src/lib/services/native-windows-service-manager.ts(381,22): error TS1127: Invalid character.
sveltekit-frontend/src/lib/services/native-windows-service-manager.ts(381,44): error TS1127: Invalid character.
sveltekit-frontend/src/lib/services/native-windows-service-manager.ts(381,45): error TS1127: Invalid character.
sveltekit-frontend/src/lib/services/native-windows-service-manager.ts(381,58): error TS1127: Invalid character.
sveltekit-frontend/src/lib/services/native-windows-service-manager.ts(381,59): error TS1127: Invalid character.
sveltekit-frontend/src/lib/services/native-windows-service-manager.ts(382,9): error TS1003: Identifier expected.
sveltekit-frontend/src/lib/services/native-windows-service-manager.ts(382,10): error TS1127: Invalid character.
sveltekit-frontend/src/lib/services/native-windows-service-manager.ts(382,11): error TS1127: Invalid character.
sveltekit-frontend/src/lib/services/native-windows-service-manager.ts(383,1): error TS1128: Declaration or statement expected.
sveltekit-frontend/src/lib/services/native-windows-service-manager.ts(384,3): error TS1005: '(' expected.
sveltekit-frontend/src/lib/services/native-windows-service-manager.ts(384,16): error TS1005: ')' expected.
sveltekit-frontend/src/lib/services/native-windows-service-manager.ts(385,10): error TS1127: Invalid character.
sveltekit-frontend/src/lib/services/native-windows-service-manager.ts(385,36): error TS1005: ';' expected.
sveltekit-frontend/src/lib/services/native-windows-service-manager.ts(385,52): error TS1005: ';' expected.
sveltekit-frontend/src/lib/services/native-windows-service-manager.ts(386,9): error TS1003: Identifier expected.
sveltekit-frontend/src/lib/services/native-windows-service-manager.ts(386,10): error TS1127: Invalid character.
sveltekit-frontend/src/lib/services/native-windows-service-manager.ts(386,11): error TS1127: Invalid character.
sveltekit-frontend/src/lib/services/native-windows-service-manager.ts(387,5): error TS1434: Unexpected keyword or identifier.
sveltekit-frontend/src/lib/services/native-windows-service-manager.ts(387,21): error TS1127: Invalid character.
sveltekit-frontend/src/lib/services/native-windows-service-manager.ts(387,22): error TS1127: Invalid character.
sveltekit-frontend/src/lib/services/native-windows-service-manager.ts(387,46): error TS1127: Invalid character.
sveltekit-frontend/src/lib/services/native-windows-service-manager.ts(387,47): error TS1127: Invalid character.
sveltekit-frontend/src/lib/services/native-windows-service-manager.ts(387,62): error TS1127: Invalid character.
sveltekit-frontend/src/lib/services/native-windows-service-manager.ts(387,63): error TS1127: Invalid character.
sveltekit-frontend/src/lib/services/native-windows-service-manager.ts(388,9): error TS1003: Identifier expected.
sveltekit-frontend/src/lib/services/native-windows-service-manager.ts(388,10): error TS1127: Invalid character.
sveltekit-frontend/src/lib/services/native-windows-service-manager.ts(388,11): error TS1127: Invalid character.
sveltekit-frontend/src/lib/services/native-windows-service-manager.ts(389,1): error TS1128: Declaration or statement expected.
sveltekit-frontend/src/lib/services/native-windows-service-manager.ts(390,1): error TS1434: Unexpected keyword or identifier.
sveltekit-frontend/src/lib/services/native-windows-service-manager.ts(390,5): error TS1434: Unexpected keyword or identifier.
sveltekit-frontend/src/lib/services/native-windows-service-manager.ts(390,23): error TS1135: Argument expression expected.
sveltekit-frontend/src/lib/services/native-windows-service-manager.ts(390,25): error TS1005: '(' expected.
sveltekit-frontend/src/lib/services/native-windows-service-manager.ts(391,6): error TS1127: Invalid character.
sveltekit-frontend/src/lib/services/native-windows-service-manager.ts(391,8): error TS1127: Invalid character.
sveltekit-frontend/src/lib/services/native-windows-service-manager.ts(391,10): error TS1435: Unknown keyword or identifier. Did you mean 'string'?
sveltekit-frontend/src/lib/services/native-windows-service-manager.ts(391,19): error TS1434: Unexpected keyword or identifier.
sveltekit-frontend/src/lib/services/native-windows-service-manager.ts(391,29): error TS1128: Declaration or statement expected.
sveltekit-frontend/src/lib/services/native-windows-service-manager.ts(392,1): error TS1434: Unexpected keyword or identifier.
sveltekit-frontend/src/lib/services/native-windows-service-manager.ts(392,5): error TS1434: Unexpected keyword or identifier.
sveltekit-frontend/src/lib/services/native-windows-service-manager.ts(392,44): error TS1127: Invalid character.
sveltekit-frontend/src/lib/services/native-windows-service-manager.ts(392,45): error TS1127: Invalid character.
sveltekit-frontend/src/lib/services/native-windows-service-manager.ts(392,47): error TS1434: Unexpected keyword or identifier.
sveltekit-frontend/src/lib/services/native-windows-service-manager.ts(392,58): error TS1434: Unexpected keyword or identifier.
sveltekit-frontend/src/lib/services/native-windows-service-manager.ts(392,62): error TS1434: Unexpected keyword or identifier.
sveltekit-frontend/src/lib/services/native-windows-service-manager.ts(392,70): error TS1434: Unexpected keyword or identifier.
sveltekit-frontend/src/lib/services/native-windows-service-manager.ts(393,1): error TS1434: Unexpected keyword or identifier.
sveltekit-frontend/src/lib/services/native-windows-service-manager.ts(393,5): error TS1434: Unexpected keyword or identifier.
sveltekit-frontend/src/lib/services/native-windows-service-manager.ts(393,18): error TS1135: Argument expression expected.
sveltekit-frontend/src/lib/services/native-windows-service-manager.ts(393,20): error TS1005: '(' expected.
sveltekit-frontend/src/lib/services/native-windows-service-manager.ts(394,6): error TS1127: Invalid character.
sveltekit-frontend/src/lib/services/native-windows-service-manager.ts(394,9): error TS1435: Unknown keyword or identifier. Did you mean 'string'?
sveltekit-frontend/src/lib/services/native-windows-service-manager.ts(394,18): error TS1434: Unexpected keyword or identifier.
sveltekit-frontend/src/lib/services/native-windows-service-manager.ts(394,23): error TS1128: Declaration or statement expected.
sveltekit-frontend/src/lib/services/native-windows-service-manager.ts(395,1): error TS1434: Unexpected keyword or identifier.
sveltekit-frontend/src/lib/services/native-windows-service-manager.ts(396,1): error TS1434: Unexpected keyword or identifier.
sveltekit-frontend/src/lib/services/native-windows-service-manager.ts(396,5): error TS1434: Unexpected keyword or identifier.
sveltekit-frontend/src/lib/services/native-windows-service-manager.ts(396,11): error TS1434: Unexpected keyword or identifier.
sveltekit-frontend/src/lib/services/native-windows-service-manager.ts(397,6): error TS1127: Invalid character.
sveltekit-frontend/src/lib/services/native-windows-service-manager.ts(397,9): error TS1435: Unknown keyword or identifier. Did you mean 'string'?
sveltekit-frontend/src/lib/services/native-windows-service-manager.ts(397,18): error TS1434: Unexpected keyword or identifier.
sveltekit-frontend/src/lib/services/native-windows-service-manager.ts(397,24): error TS1128: Declaration or statement expected.
sveltekit-frontend/src/lib/services/native-windows-service-manager.ts(398,1): error TS1434: Unexpected keyword or identifier.
sveltekit-frontend/src/lib/services/native-windows-service-manager.ts(398,32): error TS1005: ';' expected.
sveltekit-frontend/src/lib/services/native-windows-service-manager.ts(399,1): error TS1434: Unexpected keyword or identifier.
sveltekit-frontend/src/lib/services/native-windows-service-manager.ts(399,5): error TS1435: Unknown keyword or identifier. Did you mean 'await'?
sveltekit-frontend/src/lib/services/native-windows-service-manager.ts(399,13): error TS1005: '(' expected.
sveltekit-frontend/src/lib/services/native-windows-service-manager.ts(399,29): error TS1005: ';' expected.
sveltekit-frontend/src/lib/services/native-windows-service-manager.ts(400,1): error TS1005: ';' expected.
sveltekit-frontend/src/lib/services/native-windows-service-manager.ts(400,6): error TS1127: Invalid character.
sveltekit-frontend/src/lib/services/native-windows-service-manager.ts(400,8): error TS1434: Unexpected keyword or identifier.
sveltekit-frontend/src/lib/services/native-windows-service-manager.ts(400,19): error TS1005: '(' expected.
sveltekit-frontend/src/lib/services/native-windows-service-manager.ts(400,35): error TS1005: ';' expected.
sveltekit-frontend/src/lib/services/native-windows-service-manager.ts(400,46): error TS1005: ';' expected.
sveltekit-frontend/src/lib/services/native-windows-service-manager.ts(402,1): error TS1434: Unexpected keyword or identifier.
sveltekit-frontend/src/lib/services/native-windows-service-manager.ts(402,5): error TS1434: Unexpected keyword or identifier.
sveltekit-frontend/src/lib/services/native-windows-service-manager.ts(402,11): error TS1434: Unexpected keyword or identifier.
sveltekit-frontend/src/lib/services/native-windows-service-manager.ts(403,6): error TS1127: Invalid character.
sveltekit-frontend/src/lib/services/native-windows-service-manager.ts(403,8): error TS1435: Unknown keyword or identifier. Did you mean 'string'?
sveltekit-frontend/src/lib/services/native-windows-service-manager.ts(403,17): error TS1434: Unexpected keyword or identifier.
sveltekit-frontend/src/lib/services/native-windows-service-manager.ts(403,26): error TS1434: Unexpected keyword or identifier.
sveltekit-frontend/src/lib/services/native-windows-service-manager.ts(403,30): error TS1434: Unexpected keyword or identifier.
sveltekit-frontend/src/lib/services/native-windows-service-manager.ts(403,37): error TS1128: Declaration or statement expected.
sveltekit-frontend/src/lib/services/native-windows-service-manager.ts(404,1): error TS1434: Unexpected keyword or identifier.
sveltekit-frontend/src/lib/services/native-windows-service-manager.ts(405,6): error TS1127: Invalid character.
sveltekit-frontend/src/lib/services/native-windows-service-manager.ts(405,9): error TS1435: Unknown keyword or identifier. Did you mean 'string'?
sveltekit-frontend/src/lib/services/native-windows-service-manager.ts(405,18): error TS1434: Unexpected keyword or identifier.
sveltekit-frontend/src/lib/services/native-windows-service-manager.ts(405,25): error TS1434: Unexpected keyword or identifier.
sveltekit-frontend/src/lib/services/native-windows-service-manager.ts(405,32): error TS1128: Declaration or statement expected.
sveltekit-frontend/src/lib/services/native-windows-service-manager.ts(406,1): error TS1434: Unexpected keyword or identifier.
sveltekit-frontend/src/lib/services/native-windows-service-manager.ts(407,1): error TS1434: Unexpected keyword or identifier.
sveltekit-frontend/src/lib/services/native-windows-service-manager.ts(407,5): error TS1434: Unexpected keyword or identifier.
sveltekit-frontend/src/lib/services/native-windows-service-manager.ts(407,11): error TS1434: Unexpected keyword or identifier.
sveltekit-frontend/src/lib/services/native-windows-service-manager.ts(408,6): error TS1127: Invalid character.
sveltekit-frontend/src/lib/services/native-windows-service-manager.ts(408,9): error TS1435: Unknown keyword or identifier. Did you mean 'string'?
sveltekit-frontend/src/lib/services/native-windows-service-manager.ts(408,18): error TS1434: Unexpected keyword or identifier.
sveltekit-frontend/src/lib/services/native-windows-service-manager.ts(408,28): error TS1434: Unexpected keyword or identifier.
sveltekit-frontend/src/lib/services/native-windows-service-manager.ts(408,36): error TS1128: Declaration or statement expected.
sveltekit-frontend/src/lib/services/native-windows-service-manager.ts(409,1): error TS1434: Unexpected keyword or identifier.
sveltekit-frontend/src/lib/services/native-windows-service-manager.ts(409,32): error TS1005: ';' expected.
sveltekit-frontend/src/lib/services/native-windows-service-manager.ts(410,6): error TS1127: Invalid character.
sveltekit-frontend/src/lib/services/native-windows-service-manager.ts(410,8): error TS1434: Unexpected keyword or identifier.
sveltekit-frontend/src/lib/services/native-windows-service-manager.ts(410,12): error TS1434: Unexpected keyword or identifier.
sveltekit-frontend/src/lib/services/native-windows-service-manager.ts(410,18): error TS1434: Unexpected keyword or identifier.
sveltekit-frontend/src/lib/services/native-windows-service-manager.ts(410,21): error TS1434: Unexpected keyword or identifier.
sveltekit-frontend/src/lib/services/native-windows-service-manager.ts(411,6): error TS1127: Invalid character.
sveltekit-frontend/src/lib/services/native-windows-service-manager.ts(412,6): error TS1127: Invalid character.
sveltekit-frontend/src/lib/services/native-windows-service-manager.ts(413,6): error TS1127: Invalid character.
sveltekit-frontend/src/lib/services/native-windows-service-manager.ts(413,8): error TS1434: Unexpected keyword or identifier.
sveltekit-frontend/src/lib/services/native-windows-service-manager.ts(414,6): error TS1127: Invalid character.
sveltekit-frontend/src/lib/services/native-windows-service-manager.ts(414,9): error TS1434: Unexpected keyword or identifier.
sveltekit-frontend/src/lib/services/native-windows-service-manager.ts(416,1): error TS1443: Module declaration names may only use ' or " quoted strings.
sveltekit-frontend/src/lib/services/native-windows-service-manager.ts(421,20): error TS1127: Invalid character.
sveltekit-frontend/src/lib/services/native-windows-service-manager.ts(421,20): error TS1128: Declaration or statement expected.
sveltekit-frontend/src/lib/services/native-windows-service-manager.ts(421,22): error TS1434: Unexpected keyword or identifier.
sveltekit-frontend/src/lib/services/native-windows-service-manager.ts(421,30): error TS1434: Unexpected keyword or identifier.
sveltekit-frontend/src/lib/services/native-windows-service-manager.ts(421,38): error TS1434: Unexpected keyword or identifier.
sveltekit-frontend/src/lib/services/native-windows-service-manager.ts(421,56): error TS1434: Unexpected keyword or identifier.
sveltekit-frontend/src/lib/services/native-windows-service-manager.ts(439,43): error TS1005: ';' expected.
sveltekit-frontend/src/lib/services/native-windows-service-manager.ts(439,45): error TS1434: Unexpected keyword or identifier.
sveltekit-frontend/src/lib/services/native-windows-service-manager.ts(440,41): error TS1005: ';' expected.
sveltekit-frontend/src/lib/services/native-windows-service-manager.ts(440,43): error TS1434: Unexpected keyword or identifier.
sveltekit-frontend/src/lib/services/native-windows-service-manager.ts(441,41): error TS1005: ';' expected.
sveltekit-frontend/src/lib/services/native-windows-service-manager.ts(441,48): error TS1434: Unexpected keyword or identifier.
sveltekit-frontend/src/lib/services/native-windows-service-manager.ts(442,43): error TS1005: ';' expected.
sveltekit-frontend/src/lib/services/native-windows-service-manager.ts(442,45): error TS1434: Unexpected keyword or identifier.
sveltekit-frontend/src/lib/services/native-windows-service-manager.ts(442,100): error TS1109: Expression expected.
sveltekit-frontend/src/lib/services/native-windows-service-manager.ts(443,40): error TS1005: ';' expected.
sveltekit-frontend/src/lib/services/native-windows-service-manager.ts(443,42): error TS1434: Unexpected keyword or identifier.
sveltekit-frontend/src/lib/services/native-windows-service-manager.ts(443,94): error TS1109: Expression expected.
sveltekit-frontend/src/lib/services/native-windows-service-manager.ts(482,71): error TS1160: Unterminated template literal.
sveltekit-frontend/src/lib/services/nats-messaging-service.ts(16,1): error TS1128: Declaration or statement expected.
sveltekit-frontend/src/lib/services/nats-messaging-service.ts(25,1): error TS1128: Declaration or statement expected.
sveltekit-frontend/src/lib/services/nats-messaging-service.ts(43,1): error TS1128: Declaration or statement expected.
sveltekit-frontend/src/lib/services/nats-messaging-service.ts(51,111): error TS1005: ')' expected.
sveltekit-frontend/src/lib/services/nats-messaging-service.ts(51,147): error TS1109: Expression expected.
sveltekit-frontend/src/lib/services/nats-messaging-service.ts(52,86): error TS1109: Expression expected.
sveltekit-frontend/src/lib/services/nats-messaging-service.ts(52,87): error TS1068: Unexpected token. A constructor, method, accessor, or property was expected.
sveltekit-frontend/src/lib/services/nats-messaging-service.ts(53,113): error TS1109: Expression expected.
sveltekit-frontend/src/lib/services/nats-messaging-service.ts(53,114): error TS1005: ',' expected.
sveltekit-frontend/src/lib/services/nats-messaging-service.ts(53,137): error TS1109: Expression expected.
sveltekit-frontend/src/lib/services/nats-messaging-service.ts(53,138): error TS1068: Unexpected token. A constructor, method, accessor, or property was expected.
sveltekit-frontend/src/lib/services/nats-messaging-service.ts(54,93): error TS1109: Expression expected.
sveltekit-frontend/src/lib/services/nats-messaging-service.ts(54,116): error TS1109: Expression expected.
sveltekit-frontend/src/lib/services/nats-messaging-service.ts(63,61): error TS1005: '>' expected.
sveltekit-frontend/src/lib/services/nats-messaging-service.ts(71,3): error TS1135: Argument expression expected.
sveltekit-frontend/src/lib/services/nats-messaging-service.ts(126,87): error TS1005: ')' expected.
sveltekit-frontend/src/lib/services/nats-messaging-service.ts(128,43): error TS1136: Property assignment expected.
sveltekit-frontend/src/lib/services/nats-messaging-service.ts(136,87): error TS1005: ')' expected.
sveltekit-frontend/src/lib/services/nats-messaging-service.ts(185,70): error TS1005: ')' expected.
sveltekit-frontend/src/lib/services/nats-messaging-service.ts(214,52): error TS1005: ')' expected.
sveltekit-frontend/src/lib/services/nats-messaging-service.ts(285,71): error TS1136: Property assignment expected.
sveltekit-frontend/src/lib/services/nats-messaging-service.ts(285,73): error TS1068: Unexpected token. A constructor, method, accessor, or property was expected.
sveltekit-frontend/src/lib/services/nats-messaging-service.ts(288,3): error TS1434: Unexpected keyword or identifier.
sveltekit-frontend/src/lib/services/nats-messaging-service.ts(288,45): error TS1135: Argument expression expected.
sveltekit-frontend/src/lib/services/nats-messaging-service.ts(288,51): error TS1005: ';' expected.
sveltekit-frontend/src/lib/services/nats-messaging-service.ts(288,65): error TS1109: Expression expected.
sveltekit-frontend/src/lib/services/nats-messaging-service.ts(289,11): error TS1005: ',' expected.
sveltekit-frontend/src/lib/services/nats-messaging-service.ts(289,16): error TS1005: ',' expected.
sveltekit-frontend/src/lib/services/nats-messaging-service.ts(289,72): error TS1005: ',' expected.
sveltekit-frontend/src/lib/services/nats-messaging-service.ts(291,3): error TS1434: Unexpected keyword or identifier.
sveltekit-frontend/src/lib/services/nats-messaging-service.ts(291,44): error TS1135: Argument expression expected.
sveltekit-frontend/src/lib/services/nats-messaging-service.ts(291,62): error TS1005: ',' expected.
sveltekit-frontend/src/lib/services/nats-messaging-service.ts(291,69): error TS1005: ';' expected.
sveltekit-frontend/src/lib/services/nats-messaging-service.ts(291,83): error TS1109: Expression expected.
sveltekit-frontend/src/lib/services/nats-messaging-service.ts(292,11): error TS1005: ',' expected.
sveltekit-frontend/src/lib/services/nats-messaging-service.ts(292,16): error TS1005: ',' expected.
sveltekit-frontend/src/lib/services/nats-messaging-service.ts(292,83): error TS1136: Property assignment expected.
sveltekit-frontend/src/lib/services/nats-messaging-service.ts(292,85): error TS1005: ';' expected.
sveltekit-frontend/src/lib/services/nats-messaging-service.ts(293,3): error TS1128: Declaration or statement expected.
sveltekit-frontend/src/lib/services/nats-messaging-service.ts(295,3): error TS1434: Unexpected keyword or identifier.
sveltekit-frontend/src/lib/services/nats-messaging-service.ts(295,46): error TS1135: Argument expression expected.
sveltekit-frontend/src/lib/services/nats-messaging-service.ts(295,64): error TS1005: ',' expected.
sveltekit-frontend/src/lib/services/nats-messaging-service.ts(295,71): error TS1005: ';' expected.
sveltekit-frontend/src/lib/services/nats-messaging-service.ts(295,85): error TS1109: Expression expected.
sveltekit-frontend/src/lib/services/nats-messaging-service.ts(296,11): error TS1005: ',' expected.
sveltekit-frontend/src/lib/services/nats-messaging-service.ts(296,16): error TS1005: ',' expected.
sveltekit-frontend/src/lib/services/nats-messaging-service.ts(296,86): error TS1136: Property assignment expected.
sveltekit-frontend/src/lib/services/nats-messaging-service.ts(296,88): error TS1005: ';' expected.
sveltekit-frontend/src/lib/services/nats-messaging-service.ts(297,3): error TS1128: Declaration or statement expected.
sveltekit-frontend/src/lib/services/nats-messaging-service.ts(299,3): error TS1434: Unexpected keyword or identifier.
sveltekit-frontend/src/lib/services/nats-messaging-service.ts(299,31): error TS1135: Argument expression expected.
sveltekit-frontend/src/lib/services/nats-messaging-service.ts(299,49): error TS1109: Expression expected.
sveltekit-frontend/src/lib/services/nats-messaging-service.ts(299,59): error TS1005: ';' expected.
sveltekit-frontend/src/lib/services/nats-messaging-service.ts(300,12): error TS1005: ':' expected.
sveltekit-frontend/src/lib/services/nats-messaging-service.ts(300,77): error TS1136: Property assignment expected.
sveltekit-frontend/src/lib/services/nats-messaging-service.ts(300,79): error TS1005: ';' expected.
sveltekit-frontend/src/lib/services/nats-messaging-service.ts(301,3): error TS1128: Declaration or statement expected.
sveltekit-frontend/src/lib/services/nats-messaging-service.ts(303,3): error TS1434: Unexpected keyword or identifier.
sveltekit-frontend/src/lib/services/nats-messaging-service.ts(303,33): error TS1135: Argument expression expected.
sveltekit-frontend/src/lib/services/nats-messaging-service.ts(303,50): error TS1109: Expression expected.
sveltekit-frontend/src/lib/services/nats-messaging-service.ts(303,59): error TS1005: ';' expected.
sveltekit-frontend/src/lib/services/nats-messaging-service.ts(303,73): error TS1109: Expression expected.
sveltekit-frontend/src/lib/services/nats-messaging-service.ts(304,11): error TS1005: ',' expected.
sveltekit-frontend/src/lib/services/nats-messaging-service.ts(304,16): error TS1005: ',' expected.
sveltekit-frontend/src/lib/services/nats-messaging-service.ts(304,73): error TS1136: Property assignment expected.
sveltekit-frontend/src/lib/services/nats-messaging-service.ts(304,75): error TS1005: ';' expected.
sveltekit-frontend/src/lib/services/nats-messaging-service.ts(305,3): error TS1128: Declaration or statement expected.
sveltekit-frontend/src/lib/services/nats-messaging-service.ts(307,3): error TS1434: Unexpected keyword or identifier.
sveltekit-frontend/src/lib/services/nats-messaging-service.ts(307,40): error TS1135: Argument expression expected.
sveltekit-frontend/src/lib/services/nats-messaging-service.ts(307,46): error TS1005: ';' expected.
sveltekit-frontend/src/lib/services/nats-messaging-service.ts(307,60): error TS1109: Expression expected.
sveltekit-frontend/src/lib/services/nats-messaging-service.ts(308,11): error TS1005: ',' expected.
sveltekit-frontend/src/lib/services/nats-messaging-service.ts(308,16): error TS1005: ',' expected.
sveltekit-frontend/src/lib/services/nats-messaging-service.ts(308,66): error TS1005: ',' expected.
sveltekit-frontend/src/lib/services/nats-messaging-service.ts(311,3): error TS1434: Unexpected keyword or identifier.
sveltekit-frontend/src/lib/services/nats-messaging-service.ts(311,32): error TS1135: Argument expression expected.
sveltekit-frontend/src/lib/services/nats-messaging-service.ts(311,50): error TS1005: ',' expected.
sveltekit-frontend/src/lib/services/nats-messaging-service.ts(311,68): error TS1005: ';' expected.
sveltekit-frontend/src/lib/services/nats-messaging-service.ts(311,82): error TS1109: Expression expected.
sveltekit-frontend/src/lib/services/nats-messaging-service.ts(312,11): error TS1005: ',' expected.
sveltekit-frontend/src/lib/services/nats-messaging-service.ts(312,16): error TS1005: ',' expected.
sveltekit-frontend/src/lib/services/nats-messaging-service.ts(312,62): error TS1005: ',' expected.
sveltekit-frontend/src/lib/services/nats-messaging-service.ts(314,3): error TS1434: Unexpected keyword or identifier.
sveltekit-frontend/src/lib/services/nats-messaging-service.ts(314,40): error TS1135: Argument expression expected.
sveltekit-frontend/src/lib/services/nats-messaging-service.ts(314,58): error TS1005: ',' expected.
sveltekit-frontend/src/lib/services/nats-messaging-service.ts(314,76): error TS1005: ';' expected.
sveltekit-frontend/src/lib/services/nats-messaging-service.ts(314,90): error TS1109: Expression expected.
sveltekit-frontend/src/lib/services/nats-messaging-service.ts(315,11): error TS1005: ',' expected.
sveltekit-frontend/src/lib/services/nats-messaging-service.ts(315,16): error TS1005: ',' expected.
sveltekit-frontend/src/lib/services/nats-messaging-service.ts(315,70): error TS1005: ',' expected.
sveltekit-frontend/src/lib/services/nats-messaging-service.ts(317,3): error TS1434: Unexpected keyword or identifier.
sveltekit-frontend/src/lib/services/nats-messaging-service.ts(317,39): error TS1135: Argument expression expected.
sveltekit-frontend/src/lib/services/nats-messaging-service.ts(317,56): error TS1005: ';' expected.
sveltekit-frontend/src/lib/services/nats-messaging-service.ts(317,70): error TS1109: Expression expected.
sveltekit-frontend/src/lib/services/nats-messaging-service.ts(318,11): error TS1005: ',' expected.
sveltekit-frontend/src/lib/services/nats-messaging-service.ts(318,16): error TS1005: ',' expected.
sveltekit-frontend/src/lib/services/nats-messaging-service.ts(318,50): error TS1005: ',' expected.
sveltekit-frontend/src/lib/services/nats-messaging-service.ts(320,3): error TS1434: Unexpected keyword or identifier.
sveltekit-frontend/src/lib/services/nats-messaging-service.ts(320,41): error TS1135: Argument expression expected.
sveltekit-frontend/src/lib/services/nats-messaging-service.ts(320,58): error TS1005: ';' expected.
sveltekit-frontend/src/lib/services/nats-messaging-service.ts(320,72): error TS1109: Expression expected.
sveltekit-frontend/src/lib/services/nats-messaging-service.ts(321,11): error TS1005: ',' expected.
sveltekit-frontend/src/lib/services/nats-messaging-service.ts(321,16): error TS1005: ',' expected.
sveltekit-frontend/src/lib/services/nats-messaging-service.ts(321,48): error TS1005: ',' expected.
sveltekit-frontend/src/lib/services/nats-messaging-service.ts(326,3): error TS1128: Declaration or statement expected.
sveltekit-frontend/src/lib/services/nats-messaging-service.ts(326,35): error TS1109: Expression expected.
sveltekit-frontend/src/lib/services/nats-messaging-service.ts(327,9): error TS1003: Identifier expected.
sveltekit-frontend/src/lib/services/nats-messaging-service.ts(327,14): error TS1005: ',' expected.
sveltekit-frontend/src/lib/services/nats-messaging-service.ts(327,26): error TS1005: ',' expected.
sveltekit-frontend/src/lib/services/nats-messaging-service.ts(327,35): error TS1005: ',' expected.
sveltekit-frontend/src/lib/services/nats-messaging-service.ts(328,9): error TS1005: ':' expected.
sveltekit-frontend/src/lib/services/nats-messaging-service.ts(334,7): error TS1005: ',' expected.
sveltekit-frontend/src/lib/services/nats-messaging-service.ts(338,3): error TS1128: Declaration or statement expected.
sveltekit-frontend/src/lib/services/nats-messaging-service.ts(338,11): error TS1434: Unexpected keyword or identifier.
sveltekit-frontend/src/lib/services/nats-messaging-service.ts(338,46): error TS1135: Argument expression expected.
sveltekit-frontend/src/lib/services/nats-messaging-service.ts(338,74): error TS1005: ',' expected.
sveltekit-frontend/src/lib/services/nats-messaging-service.ts(338,84): error TS1005: ';' expected.
sveltekit-frontend/src/lib/services/nats-messaging-service.ts(338,98): error TS1109: Expression expected.
sveltekit-frontend/src/lib/services/nats-messaging-service.ts(339,8): error TS1005: ':' expected.
sveltekit-frontend/src/lib/services/nats-messaging-service.ts(339,17): error TS1359: Identifier expected. 'const' is a reserved word that cannot be used here.
sveltekit-frontend/src/lib/services/nats-messaging-service.ts(339,23): error TS1005: ',' expected.
sveltekit-frontend/src/lib/services/nats-messaging-service.ts(339,32): error TS1005: ',' expected.
sveltekit-frontend/src/lib/services/nats-messaging-service.ts(342,17): error TS1109: Expression expected.
sveltekit-frontend/src/lib/services/nats-messaging-service.ts(359,3): error TS1128: Declaration or statement expected.
sveltekit-frontend/src/lib/services/nats-messaging-service.ts(359,34): error TS1135: Argument expression expected.
sveltekit-frontend/src/lib/services/nats-messaging-service.ts(359,43): error TS1005: ';' expected.
sveltekit-frontend/src/lib/services/nats-messaging-service.ts(359,67): error TS1109: Expression expected.
sveltekit-frontend/src/lib/services/nats-messaging-service.ts(359,69): error TS1005: ';' expected.
sveltekit-frontend/src/lib/services/nats-messaging-service.ts(368,3): error TS1128: Declaration or statement expected.
sveltekit-frontend/src/lib/services/nats-messaging-service.ts(368,31): error TS1109: Expression expected.
sveltekit-frontend/src/lib/services/nats-messaging-service.ts(368,33): error TS1434: Unexpected keyword or identifier.
sveltekit-frontend/src/lib/services/nats-messaging-service.ts(371,3): error TS1128: Declaration or statement expected.
sveltekit-frontend/src/lib/services/nats-messaging-service.ts(371,33): error TS1135: Argument expression expected.
sveltekit-frontend/src/lib/services/nats-messaging-service.ts(371,51): error TS1005: ',' expected.
sveltekit-frontend/src/lib/services/nats-messaging-service.ts(371,58): error TS1005: ';' expected.
sveltekit-frontend/src/lib/services/nats-messaging-service.ts(375,99): error TS1109: Expression expected.
sveltekit-frontend/src/lib/services/nats-messaging-service.ts(379,3): error TS1128: Declaration or statement expected.
sveltekit-frontend/src/lib/services/nats-messaging-service.ts(379,27): error TS1135: Argument expression expected.
sveltekit-frontend/src/lib/services/nats-messaging-service.ts(379,33): error TS1005: ';' expected.
sveltekit-frontend/src/lib/services/nats-messaging-service.ts(379,35): error TS1434: Unexpected keyword or identifier.
sveltekit-frontend/src/lib/services/nats-messaging-service.ts(380,166): error TS1109: Expression expected.
sveltekit-frontend/src/lib/services/nats-messaging-service.ts(380,191): error TS1109: Expression expected.
sveltekit-frontend/src/lib/services/nats-messaging-service.ts(380,213): error TS1109: Expression expected.
sveltekit-frontend/src/lib/services/nats-messaging-service.ts(380,214): error TS1109: Expression expected.
sveltekit-frontend/src/lib/services/nats-messaging-service.ts(381,3): error TS1109: Expression expected.
sveltekit-frontend/src/lib/services/nats-messaging-service.ts(382,16): error TS1109: Expression expected.
sveltekit-frontend/src/lib/services/nats-messaging-service.ts(382,18): error TS1434: Unexpected keyword or identifier.
sveltekit-frontend/src/lib/services/nats-messaging-service.ts(388,1): error TS1128: Declaration or statement expected.
sveltekit-frontend/src/lib/services/neo4j-transformers-summarization.ts(9,1): error TS1128: Declaration or statement expected.
sveltekit-frontend/src/lib/services/neo4j-transformers-summarization.ts(21,1): error TS1128: Declaration or statement expected.
sveltekit-frontend/src/lib/services/neo4j-transformers-summarization.ts(29,1): error TS1128: Declaration or statement expected.
sveltekit-frontend/src/lib/services/neo4j-transformers-summarization.ts(37,1): error TS1128: Declaration or statement expected.
sveltekit-frontend/src/lib/services/neo4j-transformers-summarization.ts(44,1): error TS1128: Declaration or statement expected.
sveltekit-frontend/src/lib/services/neo4j-transformers-summarization.ts(112,7): error TS1128: Declaration or statement expected.
sveltekit-frontend/src/lib/services/neo4j-transformers-summarization.ts(177,3): error TS1068: Unexpected token. A constructor, method, accessor, or property was expected.
sveltekit-frontend/src/lib/services/neo4j-transformers-summarization.ts(177,4): error TS1068: Unexpected token. A constructor, method, accessor, or property was expected.
sveltekit-frontend/src/lib/services/neo4j-transformers-summarization.ts(177,30): error TS1005: '(' expected.
sveltekit-frontend/src/lib/services/neo4j-transformers-summarization.ts(177,32): error TS1068: Unexpected token. A constructor, method, accessor, or property was expected.
sveltekit-frontend/src/lib/services/neo4j-transformers-summarization.ts(223,3): error TS1128: Declaration or statement expected.
sveltekit-frontend/src/lib/services/neo4j-transformers-summarization.ts(223,11): error TS1434: Unexpected keyword or identifier.
sveltekit-frontend/src/lib/services/neo4j-transformers-summarization.ts(223,48): error TS1005: ',' expected.
sveltekit-frontend/src/lib/services/neo4j-transformers-summarization.ts(223,57): error TS1005: ';' expected.
sveltekit-frontend/src/lib/services/neo4j-transformers-summarization.ts(224,9): error TS1005: ':' expected.
sveltekit-frontend/src/lib/services/neo4j-transformers-summarization.ts(225,13): error TS1005: ':' expected.
sveltekit-frontend/src/lib/services/neo4j-transformers-summarization.ts(235,8): error TS1005: ',' expected.
sveltekit-frontend/src/lib/services/neo4j-transformers-summarization.ts(236,14): error TS1005: ':' expected.
sveltekit-frontend/src/lib/services/neo4j-transformers-summarization.ts(236,70): error TS1005: ',' expected.
sveltekit-frontend/src/lib/services/neo4j-transformers-summarization.ts(237,7): error TS1005: ',' expected.
sveltekit-frontend/src/lib/services/neo4j-transformers-summarization.ts(245,3): error TS1128: Declaration or statement expected.
sveltekit-frontend/src/lib/services/neo4j-transformers-summarization.ts(245,11): error TS1434: Unexpected keyword or identifier.
sveltekit-frontend/src/lib/services/neo4j-transformers-summarization.ts(245,45): error TS1005: ',' expected.
sveltekit-frontend/src/lib/services/neo4j-transformers-summarization.ts(245,54): error TS1005: ';' expected.
sveltekit-frontend/src/lib/services/neo4j-transformers-summarization.ts(245,76): error TS1011: An element access expression should take an argument.
sveltekit-frontend/src/lib/services/neo4j-transformers-summarization.ts(246,11): error TS1005: ':' expected.
sveltekit-frontend/src/lib/services/neo4j-transformers-summarization.ts(246,19): error TS1005: ',' expected.
sveltekit-frontend/src/lib/services/neo4j-transformers-summarization.ts(246,32): error TS1005: ',' expected.
sveltekit-frontend/src/lib/services/neo4j-transformers-summarization.ts(246,33): error TS1109: Expression expected.
sveltekit-frontend/src/lib/services/neo4j-transformers-summarization.ts(246,35): error TS1005: ':' expected.
sveltekit-frontend/src/lib/services/neo4j-transformers-summarization.ts(246,39): error TS1005: ',' expected.
sveltekit-frontend/src/lib/services/neo4j-transformers-summarization.ts(247,9): error TS1005: ':' expected.
sveltekit-frontend/src/lib/services/neo4j-transformers-summarization.ts(249,13): error TS1005: ':' expected.
sveltekit-frontend/src/lib/services/neo4j-transformers-summarization.ts(255,8): error TS1005: ',' expected.
sveltekit-frontend/src/lib/services/neo4j-transformers-summarization.ts(257,11): error TS1005: ':' expected.
sveltekit-frontend/src/lib/services/neo4j-transformers-summarization.ts(258,15): error TS1005: ':' expected.
sveltekit-frontend/src/lib/services/neo4j-transformers-summarization.ts(258,84): error TS1005: ',' expected.
sveltekit-frontend/src/lib/services/neo4j-transformers-summarization.ts(259,18): error TS1005: ',' expected.
sveltekit-frontend/src/lib/services/neo4j-transformers-summarization.ts(259,23): error TS1005: ',' expected.
sveltekit-frontend/src/lib/services/neo4j-transformers-summarization.ts(259,27): error TS1005: ',' expected.
sveltekit-frontend/src/lib/services/neo4j-transformers-summarization.ts(259,46): error TS1005: ',' expected.
sveltekit-frontend/src/lib/services/neo4j-transformers-summarization.ts(259,53): error TS1005: ',' expected.
sveltekit-frontend/src/lib/services/neo4j-transformers-summarization.ts(259,56): error TS1005: ',' expected.
sveltekit-frontend/src/lib/services/neo4j-transformers-summarization.ts(259,58): error TS1005: ',' expected.
sveltekit-frontend/src/lib/services/neo4j-transformers-summarization.ts(259,60): error TS1136: Property assignment expected.
sveltekit-frontend/src/lib/services/neo4j-transformers-summarization.ts(259,61): error TS1109: Expression expected.
sveltekit-frontend/src/lib/services/neo4j-transformers-summarization.ts(260,11): error TS1109: Expression expected.
sveltekit-frontend/src/lib/services/neo4j-transformers-summarization.ts(273,7): error TS1128: Declaration or statement expected.
sveltekit-frontend/src/lib/services/neo4j-transformers-summarization.ts(273,9): error TS1005: 'try' expected.
sveltekit-frontend/src/lib/services/neo4j-transformers-summarization.ts(276,64): error TS1005: ')' expected.
sveltekit-frontend/src/lib/services/neo4j-transformers-summarization.ts(279,62): error TS1005: ')' expected.
sveltekit-frontend/src/lib/services/neo4j-transformers-summarization.ts(281,70): error TS1109: Expression expected.
sveltekit-frontend/src/lib/services/neo4j-transformers-summarization.ts(286,5): error TS1128: Declaration or statement expected.
sveltekit-frontend/src/lib/services/neo4j-transformers-summarization.ts(286,7): error TS1005: 'try' expected.
sveltekit-frontend/src/lib/services/neo4j-transformers-summarization.ts(290,3): error TS1128: Declaration or statement expected.
sveltekit-frontend/src/lib/services/neo4j-transformers-summarization.ts(294,3): error TS1128: Declaration or statement expected.
sveltekit-frontend/src/lib/services/neo4j-transformers-summarization.ts(294,43): error TS1005: ',' expected.
sveltekit-frontend/src/lib/services/neo4j-transformers-summarization.ts(294,52): error TS1005: ';' expected.
sveltekit-frontend/src/lib/services/neo4j-transformers-summarization.ts(294,66): error TS1011: An element access expression should take an argument.
sveltekit-frontend/src/lib/services/neo4j-transformers-summarization.ts(294,68): error TS1005: ';' expected.
sveltekit-frontend/src/lib/services/neo4j-transformers-summarization.ts(334,3): error TS1128: Declaration or statement expected.
sveltekit-frontend/src/lib/services/neo4j-transformers-summarization.ts(334,11): error TS1434: Unexpected keyword or identifier.
sveltekit-frontend/src/lib/services/neo4j-transformers-summarization.ts(334,46): error TS1005: ',' expected.
sveltekit-frontend/src/lib/services/neo4j-transformers-summarization.ts(334,60): error TS1011: An element access expression should take an argument.
sveltekit-frontend/src/lib/services/neo4j-transformers-summarization.ts(334,70): error TS1005: ',' expected.
sveltekit-frontend/src/lib/services/neo4j-transformers-summarization.ts(334,79): error TS1005: ';' expected.
sveltekit-frontend/src/lib/services/neo4j-transformers-summarization.ts(334,102): error TS1011: An element access expression should take an argument.
sveltekit-frontend/src/lib/services/neo4j-transformers-summarization.ts(335,11): error TS1005: ':' expected.
sveltekit-frontend/src/lib/services/neo4j-transformers-summarization.ts(335,24): error TS1005: ',' expected.
sveltekit-frontend/src/lib/services/neo4j-transformers-summarization.ts(335,38): error TS1005: ',' expected.
sveltekit-frontend/src/lib/services/neo4j-transformers-summarization.ts(335,39): error TS1109: Expression expected.
sveltekit-frontend/src/lib/services/neo4j-transformers-summarization.ts(335,41): error TS1005: ':' expected.
sveltekit-frontend/src/lib/services/neo4j-transformers-summarization.ts(335,45): error TS1005: ',' expected.
sveltekit-frontend/src/lib/services/neo4j-transformers-summarization.ts(336,9): error TS1005: ':' expected.
sveltekit-frontend/src/lib/services/neo4j-transformers-summarization.ts(338,13): error TS1005: ':' expected.
sveltekit-frontend/src/lib/services/neo4j-transformers-summarization.ts(345,8): error TS1005: ',' expected.
sveltekit-frontend/src/lib/services/neo4j-transformers-summarization.ts(346,13): error TS1005: ':' expected.
sveltekit-frontend/src/lib/services/neo4j-transformers-summarization.ts(346,101): error TS1005: ',' expected.
sveltekit-frontend/src/lib/services/neo4j-transformers-summarization.ts(347,11): error TS1005: ':' expected.
sveltekit-frontend/src/lib/services/neo4j-transformers-summarization.ts(348,15): error TS1005: ':' expected.
sveltekit-frontend/src/lib/services/neo4j-transformers-summarization.ts(348,85): error TS1005: ',' expected.
sveltekit-frontend/src/lib/services/neo4j-transformers-summarization.ts(349,31): error TS1005: ',' expected.
sveltekit-frontend/src/lib/services/neo4j-transformers-summarization.ts(364,11): error TS1005: ',' expected.
sveltekit-frontend/src/lib/services/neo4j-transformers-summarization.ts(365,9): error TS1005: ',' expected.
sveltekit-frontend/src/lib/services/neo4j-transformers-summarization.ts(367,84): error TS1005: ')' expected.
sveltekit-frontend/src/lib/services/neo4j-transformers-summarization.ts(369,7): error TS1005: ',' expected.
sveltekit-frontend/src/lib/services/neo4j-transformers-summarization.ts(371,82): error TS1005: ')' expected.
sveltekit-frontend/src/lib/services/neo4j-transformers-summarization.ts(373,5): error TS1005: ',' expected.
sveltekit-frontend/src/lib/services/neo4j-transformers-summarization.ts(373,12): error TS1005: ',' expected.
sveltekit-frontend/src/lib/services/neo4j-transformers-summarization.ts(373,70): error TS1005: ',' expected.
sveltekit-frontend/src/lib/services/neo4j-transformers-summarization.ts(374,12): error TS1005: ':' expected.
sveltekit-frontend/src/lib/services/neo4j-transformers-summarization.ts(374,25): error TS1005: ',' expected.
sveltekit-frontend/src/lib/services/neo4j-transformers-summarization.ts(379,3): error TS1128: Declaration or statement expected.
sveltekit-frontend/src/lib/services/neo4j-transformers-summarization.ts(379,49): error TS1005: ',' expected.
sveltekit-frontend/src/lib/services/neo4j-transformers-summarization.ts(379,63): error TS1011: An element access expression should take an argument.
sveltekit-frontend/src/lib/services/neo4j-transformers-summarization.ts(379,73): error TS1005: ',' expected.
sveltekit-frontend/src/lib/services/neo4j-transformers-summarization.ts(379,82): error TS1005: ';' expected.
sveltekit-frontend/src/lib/services/neo4j-transformers-summarization.ts(379,97): error TS1011: An element access expression should take an argument.
sveltekit-frontend/src/lib/services/neo4j-transformers-summarization.ts(379,99): error TS1005: ';' expected.
sveltekit-frontend/src/lib/services/neo4j-transformers-summarization.ts(382,48): error TS1109: Expression expected.
sveltekit-frontend/src/lib/services/neo4j-transformers-summarization.ts(383,7): error TS1109: Expression expected.
sveltekit-frontend/src/lib/services/neo4j-transformers-summarization.ts(383,54): error TS1109: Expression expected.
sveltekit-frontend/src/lib/services/neo4j-transformers-summarization.ts(384,9): error TS1109: Expression expected.
sveltekit-frontend/src/lib/services/neo4j-transformers-summarization.ts(387,75): error TS1005: ')' expected.
sveltekit-frontend/src/lib/services/neo4j-transformers-summarization.ts(388,75): error TS1005: ')' expected.
sveltekit-frontend/src/lib/services/neo4j-transformers-summarization.ts(392,32): error TS1109: Expression expected.
sveltekit-frontend/src/lib/services/neo4j-transformers-summarization.ts(393,17): error TS1005: ';' expected.
sveltekit-frontend/src/lib/services/neo4j-transformers-summarization.ts(394,62): error TS1005: ')' expected.
sveltekit-frontend/src/lib/services/neo4j-transformers-summarization.ts(430,3): error TS1128: Declaration or statement expected.
sveltekit-frontend/src/lib/services/neo4j-transformers-summarization.ts(430,11): error TS1434: Unexpected keyword or identifier.
sveltekit-frontend/src/lib/services/neo4j-transformers-summarization.ts(435,27): error TS1011: An element access expression should take an argument.
sveltekit-frontend/src/lib/services/neo4j-transformers-summarization.ts(436,33): error TS1011: An element access expression should take an argument.
sveltekit-frontend/src/lib/services/neo4j-transformers-summarization.ts(437,23): error TS1011: An element access expression should take an argument.
sveltekit-frontend/src/lib/services/neo4j-transformers-summarization.ts(438,3): error TS1128: Declaration or statement expected.
sveltekit-frontend/src/lib/services/neo4j-transformers-summarization.ts(438,4): error TS1128: Declaration or statement expected.
sveltekit-frontend/src/lib/services/neo4j-transformers-summarization.ts(439,9): error TS1003: Identifier expected.
sveltekit-frontend/src/lib/services/neo4j-transformers-summarization.ts(439,14): error TS1005: ',' expected.
sveltekit-frontend/src/lib/services/neo4j-transformers-summarization.ts(439,23): error TS1005: ',' expected.
sveltekit-frontend/src/lib/services/neo4j-transformers-summarization.ts(439,32): error TS1005: ',' expected.
sveltekit-frontend/src/lib/services/neo4j-transformers-summarization.ts(439,36): error TS1005: ':' expected.
sveltekit-frontend/src/lib/services/neo4j-transformers-summarization.ts(439,75): error TS1005: ',' expected.
sveltekit-frontend/src/lib/services/neo4j-transformers-summarization.ts(440,11): error TS1005: ':' expected.
sveltekit-frontend/src/lib/services/neo4j-transformers-summarization.ts(440,36): error TS1109: Expression expected.
sveltekit-frontend/src/lib/services/neo4j-transformers-summarization.ts(440,37): error TS1005: ':' expected.
sveltekit-frontend/src/lib/services/neo4j-transformers-summarization.ts(440,39): error TS1136: Property assignment expected.
sveltekit-frontend/src/lib/services/neo4j-transformers-summarization.ts(440,42): error TS1109: Expression expected.
sveltekit-frontend/src/lib/services/neo4j-transformers-summarization.ts(440,43): error TS1005: ':' expected.
sveltekit-frontend/src/lib/services/neo4j-transformers-summarization.ts(441,9): error TS1005: ':' expected.
sveltekit-frontend/src/lib/services/neo4j-transformers-summarization.ts(443,13): error TS1005: ':' expected.
sveltekit-frontend/src/lib/services/neo4j-transformers-summarization.ts(453,8): error TS1005: ',' expected.
sveltekit-frontend/src/lib/services/neo4j-transformers-summarization.ts(454,13): error TS1005: ':' expected.
sveltekit-frontend/src/lib/services/neo4j-transformers-summarization.ts(461,9): error TS1005: ',' expected.
sveltekit-frontend/src/lib/services/neo4j-transformers-summarization.ts(462,26): error TS1138: Parameter declaration expected.
sveltekit-frontend/src/lib/services/neo4j-transformers-summarization.ts(462,43): error TS1109: Expression expected.
sveltekit-frontend/src/lib/services/neo4j-transformers-summarization.ts(462,46): error TS1005: ':' expected.
sveltekit-frontend/src/lib/services/neo4j-transformers-summarization.ts(462,48): error TS1136: Property assignment expected.
sveltekit-frontend/src/lib/services/neo4j-transformers-summarization.ts(487,9): error TS1136: Property assignment expected.
sveltekit-frontend/src/lib/services/neo4j-transformers-summarization.ts(487,11): error TS1128: Declaration or statement expected.
sveltekit-frontend/src/lib/services/neo4j-transformers-summarization.ts(505,7): error TS1128: Declaration or statement expected.
sveltekit-frontend/src/lib/services/neo4j-transformers-summarization.ts(523,9): error TS1136: Property assignment expected.
sveltekit-frontend/src/lib/services/neo4j-transformers-summarization.ts(523,11): error TS1128: Declaration or statement expected.
sveltekit-frontend/src/lib/services/neo4j-transformers-summarization.ts(524,7): error TS1128: Declaration or statement expected.
sveltekit-frontend/src/lib/services/neo4j-transformers-summarization.ts(527,5): error TS1128: Declaration or statement expected.
sveltekit-frontend/src/lib/services/neo4j-transformers-summarization.ts(527,7): error TS1005: 'try' expected.
sveltekit-frontend/src/lib/services/neo4j-transformers-summarization.ts(531,3): error TS1128: Declaration or statement expected.
sveltekit-frontend/src/lib/services/neo4j-transformers-summarization.ts(535,3): error TS1128: Declaration or statement expected.
sveltekit-frontend/src/lib/services/neo4j-transformers-summarization.ts(535,11): error TS1434: Unexpected keyword or identifier.
sveltekit-frontend/src/lib/services/neo4j-transformers-summarization.ts(537,31): error TS1011: An element access expression should take an argument.
sveltekit-frontend/src/lib/services/neo4j-transformers-summarization.ts(538,30): error TS1011: An element access expression should take an argument.
sveltekit-frontend/src/lib/services/neo4j-transformers-summarization.ts(540,3): error TS1128: Declaration or statement expected.
sveltekit-frontend/src/lib/services/neo4j-transformers-summarization.ts(540,4): error TS1128: Declaration or statement expected.
sveltekit-frontend/src/lib/services/neo4j-transformers-summarization.ts(540,18): error TS1109: Expression expected.
sveltekit-frontend/src/lib/services/neo4j-transformers-summarization.ts(541,9): error TS1005: ':' expected.
sveltekit-frontend/src/lib/services/neo4j-transformers-summarization.ts(543,13): error TS1005: ',' expected.
sveltekit-frontend/src/lib/services/neo4j-transformers-summarization.ts(543,25): error TS1005: ',' expected.
sveltekit-frontend/src/lib/services/neo4j-transformers-summarization.ts(544,9): error TS1136: Property assignment expected.
sveltekit-frontend/src/lib/services/neo4j-transformers-summarization.ts(546,9): error TS1136: Property assignment expected.
sveltekit-frontend/src/lib/services/neo4j-transformers-summarization.ts(547,11): error TS1128: Declaration or statement expected.
sveltekit-frontend/src/lib/services/neo4j-transformers-summarization.ts(548,16): error TS1109: Expression expected.
sveltekit-frontend/src/lib/services/neo4j-transformers-summarization.ts(549,17): error TS1109: Expression expected.
sveltekit-frontend/src/lib/services/neo4j-transformers-summarization.ts(550,25): error TS1109: Expression expected.
sveltekit-frontend/src/lib/services/neo4j-transformers-summarization.ts(552,6): error TS1128: Declaration or statement expected.
sveltekit-frontend/src/lib/services/neo4j-transformers-summarization.ts(552,8): error TS1128: Declaration or statement expected.
sveltekit-frontend/src/lib/services/neo4j-transformers-summarization.ts(564,6): error TS1128: Declaration or statement expected.
sveltekit-frontend/src/lib/services/neo4j-transformers-summarization.ts(564,8): error TS1128: Declaration or statement expected.
sveltekit-frontend/src/lib/services/neo4j-transformers-summarization.ts(566,5): error TS1128: Declaration or statement expected.
sveltekit-frontend/src/lib/services/neo4j-transformers-summarization.ts(566,7): error TS1005: 'try' expected.
sveltekit-frontend/src/lib/services/neo4j-transformers-summarization.ts(570,3): error TS1128: Declaration or statement expected.
sveltekit-frontend/src/lib/services/neo4j-transformers-summarization.ts(574,3): error TS1128: Declaration or statement expected.
sveltekit-frontend/src/lib/services/neo4j-transformers-summarization.ts(574,36): error TS1135: Argument expression expected.
sveltekit-frontend/src/lib/services/neo4j-transformers-summarization.ts(574,45): error TS1005: ';' expected.
sveltekit-frontend/src/lib/services/neo4j-transformers-summarization.ts(574,54): error TS1109: Expression expected.
sveltekit-frontend/src/lib/services/neo4j-transformers-summarization.ts(574,55): error TS1109: Expression expected.
sveltekit-frontend/src/lib/services/neo4j-transformers-summarization.ts(574,57): error TS1005: ';' expected.
sveltekit-frontend/src/lib/services/neo4j-transformers-summarization.ts(576,79): error TS1005: ',' expected.
sveltekit-frontend/src/lib/services/neo4j-transformers-summarization.ts(578,7): error TS1128: Declaration or statement expected.
sveltekit-frontend/src/lib/services/neo4j-transformers-summarization.ts(580,40): error TS1109: Expression expected.
sveltekit-frontend/src/lib/services/neo4j-transformers-summarization.ts(588,19): error TS1005: ')' expected.
sveltekit-frontend/src/lib/services/neo4j-transformers-summarization.ts(594,3): error TS1434: Unexpected keyword or identifier.
sveltekit-frontend/src/lib/services/neo4j-transformers-summarization.ts(597,23): error TS1109: Expression expected.
sveltekit-frontend/src/lib/services/neo4j-transformers-summarization.ts(598,28): error TS1109: Expression expected.
sveltekit-frontend/src/lib/services/neo4j-transformers-summarization.ts(599,16): error TS1109: Expression expected.
sveltekit-frontend/src/lib/services/neo4j-transformers-summarization.ts(600,23): error TS1109: Expression expected.
sveltekit-frontend/src/lib/services/neo4j-transformers-summarization.ts(601,13): error TS1109: Expression expected.
sveltekit-frontend/src/lib/services/neo4j-transformers-summarization.ts(601,21): error TS1005: ';' expected.
sveltekit-frontend/src/lib/services/neo4j-transformers-summarization.ts(602,7): error TS2809: Declaration or statement expected. This '=' follows a block of statements, so if you intended to write a destructuring assignment, you might need to wrap the whole assignment in parentheses.
sveltekit-frontend/src/lib/services/neo4j-transformers-summarization.ts(603,3): error TS1128: Declaration or statement expected.
sveltekit-frontend/src/lib/services/neo4j-transformers-summarization.ts(603,4): error TS1128: Declaration or statement expected.
sveltekit-frontend/src/lib/services/neo4j-transformers-summarization.ts(603,30): error TS1011: An element access expression should take an argument.
sveltekit-frontend/src/lib/services/neo4j-transformers-summarization.ts(604,11): error TS1005: ',' expected.
sveltekit-frontend/src/lib/services/neo4j-transformers-summarization.ts(604,16): error TS1005: ',' expected.
sveltekit-frontend/src/lib/services/neo4j-transformers-summarization.ts(604,28): error TS1136: Property assignment expected.
sveltekit-frontend/src/lib/services/neo4j-transformers-summarization.ts(613,13): error TS1109: Expression expected.
sveltekit-frontend/src/lib/services/neo4j-transformers-summarization.ts(623,7): error TS1136: Property assignment expected.
sveltekit-frontend/src/lib/services/neo4j-transformers-summarization.ts(623,9): error TS1472: 'catch' or 'finally' expected.
sveltekit-frontend/src/lib/services/neo4j-transformers-summarization.ts(625,50): error TS1109: Expression expected.
sveltekit-frontend/src/lib/services/neo4j-transformers-summarization.ts(626,164): error TS1109: Expression expected.
sveltekit-frontend/src/lib/services/neo4j-transformers-summarization.ts(638,83): error TS1136: Property assignment expected.
sveltekit-frontend/src/lib/services/neo4j-transformers-summarization.ts(638,85): error TS1472: 'catch' or 'finally' expected.
sveltekit-frontend/src/lib/services/neo4j-transformers-summarization.ts(642,71): error TS1136: Property assignment expected.
sveltekit-frontend/src/lib/services/neo4j-transformers-summarization.ts(648,15): error TS1005: ')' expected.
sveltekit-frontend/src/lib/services/neo4j-transformers-summarization.ts(650,15): error TS1128: Declaration or statement expected.
sveltekit-frontend/src/lib/services/neo4j-transformers-summarization.ts(651,15): error TS1128: Declaration or statement expected.
sveltekit-frontend/src/lib/services/neo4j-transformers-summarization.ts(651,34): error TS1136: Property assignment expected.
sveltekit-frontend/src/lib/services/neo4j-transformers-summarization.ts(657,17): error TS1005: ')' expected.
sveltekit-frontend/src/lib/services/neo4j-transformers-summarization.ts(670,11): error TS1005: 'try' expected.
sveltekit-frontend/src/lib/services/neo4j-transformers-summarization.ts(673,7): error TS1128: Declaration or statement expected.
sveltekit-frontend/src/lib/services/neo4j-transformers-summarization.ts(676,5): error TS1128: Declaration or statement expected.
sveltekit-frontend/src/lib/services/neo4j-transformers-summarization.ts(676,7): error TS1005: 'try' expected.
sveltekit-frontend/src/lib/services/neo4j-transformers-summarization.ts(680,3): error TS1128: Declaration or statement expected.
sveltekit-frontend/src/lib/services/neo4j-transformers-summarization.ts(684,3): error TS1434: Unexpected keyword or identifier.
sveltekit-frontend/src/lib/services/neo4j-transformers-summarization.ts(684,43): error TS1135: Argument expression expected.
sveltekit-frontend/src/lib/services/neo4j-transformers-summarization.ts(684,66): error TS1005: ';' expected.
sveltekit-frontend/src/lib/services/neo4j-transformers-summarization.ts(685,11): error TS1005: ',' expected.
sveltekit-frontend/src/lib/services/neo4j-transformers-summarization.ts(685,16): error TS1005: ',' expected.
sveltekit-frontend/src/lib/services/neo4j-transformers-summarization.ts(685,28): error TS1136: Property assignment expected.
sveltekit-frontend/src/lib/services/neo4j-transformers-summarization.ts(695,77): error TS1136: Property assignment expected.
sveltekit-frontend/src/lib/services/neo4j-transformers-summarization.ts(695,79): error TS1472: 'catch' or 'finally' expected.
sveltekit-frontend/src/lib/services/neo4j-transformers-summarization.ts(696,55): error TS1134: Variable declaration expected.
sveltekit-frontend/src/lib/services/neo4j-transformers-summarization.ts(697,30): error TS1005: ',' expected.
sveltekit-frontend/src/lib/services/neo4j-transformers-summarization.ts(697,102): error TS1005: ';' expected.
sveltekit-frontend/src/lib/services/neo4j-transformers-summarization.ts(732,5): error TS1128: Declaration or statement expected.
sveltekit-frontend/src/lib/services/neo4j-transformers-summarization.ts(732,7): error TS1005: 'try' expected.
sveltekit-frontend/src/lib/services/neo4j-transformers-summarization.ts(736,3): error TS1128: Declaration or statement expected.
sveltekit-frontend/src/lib/services/neo4j-transformers-summarization.ts(740,3): error TS1434: Unexpected keyword or identifier.
sveltekit-frontend/src/lib/services/neo4j-transformers-summarization.ts(742,25): error TS1011: An element access expression should take an argument.
sveltekit-frontend/src/lib/services/neo4j-transformers-summarization.ts(743,3): error TS1128: Declaration or statement expected.
sveltekit-frontend/src/lib/services/neo4j-transformers-summarization.ts(743,4): error TS1128: Declaration or statement expected.
sveltekit-frontend/src/lib/services/neo4j-transformers-summarization.ts(744,11): error TS1005: ',' expected.
sveltekit-frontend/src/lib/services/neo4j-transformers-summarization.ts(744,16): error TS1005: ',' expected.
sveltekit-frontend/src/lib/services/neo4j-transformers-summarization.ts(744,28): error TS1136: Property assignment expected.
sveltekit-frontend/src/lib/services/neo4j-transformers-summarization.ts(745,13): error TS1109: Expression expected.
sveltekit-frontend/src/lib/services/neo4j-transformers-summarization.ts(749,23): error TS1109: Expression expected.
sveltekit-frontend/src/lib/services/neo4j-transformers-summarization.ts(749,34): error TS1109: Expression expected.
sveltekit-frontend/src/lib/services/neo4j-transformers-summarization.ts(750,75): error TS1136: Property assignment expected.
sveltekit-frontend/src/lib/services/neo4j-transformers-summarization.ts(750,77): error TS1128: Declaration or statement expected.
sveltekit-frontend/src/lib/services/neo4j-transformers-summarization.ts(751,9): error TS1472: 'catch' or 'finally' expected.
sveltekit-frontend/src/lib/services/neo4j-transformers-summarization.ts(754,78): error TS1136: Property assignment expected.
sveltekit-frontend/src/lib/services/neo4j-transformers-summarization.ts(754,80): error TS1128: Declaration or statement expected.
sveltekit-frontend/src/lib/services/neo4j-transformers-summarization.ts(757,7): error TS1128: Declaration or statement expected.
sveltekit-frontend/src/lib/services/neo4j-transformers-summarization.ts(760,73): error TS1109: Expression expected.
sveltekit-frontend/src/lib/services/neo4j-transformers-summarization.ts(762,7): error TS1128: Declaration or statement expected.
sveltekit-frontend/src/lib/services/neo4j-transformers-summarization.ts(764,56): error TS1109: Expression expected.
sveltekit-frontend/src/lib/services/neo4j-transformers-summarization.ts(766,7): error TS1128: Declaration or statement expected.
sveltekit-frontend/src/lib/services/neo4j-transformers-summarization.ts(766,8): error TS1128: Declaration or statement expected.
sveltekit-frontend/src/lib/services/neo4j-transformers-summarization.ts(793,112): error TS1005: ';' expected.
sveltekit-frontend/src/lib/services/neo4j-transformers-summarization.ts(793,113): error TS1005: '}' expected.
sveltekit-frontend/src/lib/services/neo4j-transformers-summarization.ts(793,126): error TS1109: Expression expected.
sveltekit-frontend/src/lib/services/neo4j-transformers-summarization.ts(793,132): error TS1128: Declaration or statement expected.
sveltekit-frontend/src/lib/services/neo4j-transformers-summarization.ts(793,133): error TS1128: Declaration or statement expected.
sveltekit-frontend/src/lib/services/neo4j-transformers-summarization.ts(793,134): error TS1128: Declaration or statement expected.
sveltekit-frontend/src/lib/services/neo4j-transformers-summarization.ts(793,145): error TS1128: Declaration or statement expected.
sveltekit-frontend/src/lib/services/neo4j-transformers-summarization.ts(793,146): error TS1128: Declaration or statement expected.
sveltekit-frontend/src/lib/services/neo4j-transformers-summarization.ts(808,18): error TS1127: Invalid character.
sveltekit-frontend/src/lib/services/neo4j-transformers-summarization.ts(808,21): error TS1435: Unknown keyword or identifier. Did you mean 'catch'?
sveltekit-frontend/src/lib/services/neo4j-transformers-summarization.ts(808,27): error TS1434: Unexpected keyword or identifier.
sveltekit-frontend/src/lib/services/neo4j-transformers-summarization.ts(808,38): error TS1434: Unexpected keyword or identifier.
sveltekit-frontend/src/lib/services/neo4j-transformers-summarization.ts(808,81): error TS1005: ',' expected.
sveltekit-frontend/src/lib/services/neo4j-transformers-summarization.ts(808,82): error TS1135: Argument expression expected.
sveltekit-frontend/src/lib/services/neo4j-transformers-summarization.ts(808,85): error TS1005: ',' expected.
sveltekit-frontend/src/lib/services/neo4j-transformers-summarization.ts(808,97): error TS1443: Module declaration names may only use ' or " quoted strings.
sveltekit-frontend/src/lib/services/neo4j-transformers-summarization.ts(812,20): error TS1127: Invalid character.
sveltekit-frontend/src/lib/services/neo4j-transformers-summarization.ts(812,20): error TS1128: Declaration or statement expected.
sveltekit-frontend/src/lib/services/neo4j-transformers-summarization.ts(812,22): error TS1434: Unexpected keyword or identifier.
sveltekit-frontend/src/lib/services/neo4j-transformers-summarization.ts(812,33): error TS1435: Unknown keyword or identifier. Did you mean 'catch'?
sveltekit-frontend/src/lib/services/neo4j-transformers-summarization.ts(812,39): error TS1434: Unexpected keyword or identifier.
sveltekit-frontend/src/lib/services/neo4j-transformers-summarization.ts(812,113): error TS1005: ';' expected.
sveltekit-frontend/src/lib/services/neo4j-transformers-summarization.ts(812,114): error TS1128: Declaration or statement expected.
sveltekit-frontend/src/lib/services/neo4j-transformers-summarization.ts(823,18): error TS1127: Invalid character.
sveltekit-frontend/src/lib/services/neo4j-transformers-summarization.ts(823,20): error TS1435: Unknown keyword or identifier. Did you mean 'catch'?
sveltekit-frontend/src/lib/services/neo4j-transformers-summarization.ts(823,26): error TS1434: Unexpected keyword or identifier.
sveltekit-frontend/src/lib/services/neo4j-transformers-summarization.ts(823,47): error TS1434: Unexpected keyword or identifier.
sveltekit-frontend/src/lib/services/neo4j-transformers-summarization.ts(823,65): error TS1434: Unexpected keyword or identifier.
sveltekit-frontend/src/lib/services/neo4j-transformers-summarization.ts(823,84): error TS1443: Module declaration names may only use ' or " quoted strings.
sveltekit-frontend/src/lib/services/neo4j-transformers-summarization.ts(913,18): error TS1127: Invalid character.
sveltekit-frontend/src/lib/services/neo4j-transformers-summarization.ts(913,18): error TS1128: Declaration or statement expected.
sveltekit-frontend/src/lib/services/neo4j-transformers-summarization.ts(913,19): error TS1127: Invalid character.
sveltekit-frontend/src/lib/services/neo4j-transformers-summarization.ts(913,21): error TS1434: Unexpected keyword or identifier.
sveltekit-frontend/src/lib/services/neo4j-transformers-summarization.ts(913,32): error TS1434: Unexpected keyword or identifier.
sveltekit-frontend/src/lib/services/neo4j-transformers-summarization.ts(913,38): error TS1128: Declaration or statement expected.
sveltekit-frontend/src/lib/services/neo4j-transformers-summarization.ts(913,42): error TS1128: Declaration or statement expected.
sveltekit-frontend/src/lib/services/neo4j-transformers-summarization.ts(913,44): error TS1434: Unexpected keyword or identifier.
sveltekit-frontend/src/lib/services/neo4j-transformers-summarization.ts(916,16): error TS1005: ';' expected.
sveltekit-frontend/src/lib/services/neo4j-transformers-summarization.ts(916,29): error TS1109: Expression expected.
sveltekit-frontend/src/lib/services/neo4j-transformers-summarization.ts(916,31): error TS1005: ';' expected.
sveltekit-frontend/src/lib/services/neo4j-transformers-summarization.ts(924,17): error TS1005: ';' expected.
sveltekit-frontend/src/lib/services/neo4j-transformers-summarization.ts(924,19): error TS1434: Unexpected keyword or identifier.
sveltekit-frontend/src/lib/services/neo4j-transformers-summarization.ts(924,33): error TS1434: Unexpected keyword or identifier.
sveltekit-frontend/src/lib/services/neo4j-transformers-summarization.ts(924,39): error TS1434: Unexpected keyword or identifier.
sveltekit-frontend/src/lib/services/neo4j-transformers-summarization.ts(924,51): error TS1005: '(' expected.
sveltekit-frontend/src/lib/services/neo4j-transformers-summarization.ts(924,53): error TS1109: Expression expected.
sveltekit-frontend/src/lib/services/neo4j-transformers-summarization.ts(924,57): error TS1128: Declaration or statement expected.
sveltekit-frontend/src/lib/services/neo4j-transformers-summarization.ts(924,59): error TS1434: Unexpected keyword or identifier.
sveltekit-frontend/src/lib/services/neo4j-transformers-summarization.ts(966,17): error TS1005: ';' expected.
sveltekit-frontend/src/lib/services/neo4j-transformers-summarization.ts(966,21): error TS1434: Unexpected keyword or identifier.
sveltekit-frontend/src/lib/services/neo4j-transformers-summarization.ts(966,27): error TS1434: Unexpected keyword or identifier.
sveltekit-frontend/src/lib/services/neo4j-transformers-summarization.ts(966,38): error TS1434: Unexpected keyword or identifier.
sveltekit-frontend/src/lib/services/neo4j-transformers-summarization.ts(966,69): error TS1005: ';' expected.
sveltekit-frontend/src/lib/services/neo4j-transformers-summarization.ts(966,71): error TS1434: Unexpected keyword or identifier.
sveltekit-frontend/src/lib/services/neo4j-transformers-summarization.ts(980,47): error TS1160: Unterminated template literal.
sveltekit-frontend/src/lib/services/neo4jGraphService.ts(7,1): error TS1128: Declaration or statement expected.
sveltekit-frontend/src/lib/services/neo4jGraphService.ts(14,1): error TS1128: Declaration or statement expected.
sveltekit-frontend/src/lib/services/neo4jGraphService.ts(22,1): error TS1128: Declaration or statement expected.
sveltekit-frontend/src/lib/services/neo4jGraphService.ts(29,1): error TS1128: Declaration or statement expected.
sveltekit-frontend/src/lib/services/neo4jGraphService.ts(125,1): error TS1128: Declaration or statement expected.
sveltekit-frontend/src/lib/services/neo4jGraphService.ts(130,50): error TS1109: Expression expected.
sveltekit-frontend/src/lib/services/neo4jGraphService.ts(131,5): error TS1109: Expression expected.
sveltekit-frontend/src/lib/services/neo4jGraphService.ts(131,53): error TS1109: Expression expected.
sveltekit-frontend/src/lib/services/neo4jGraphService.ts(132,5): error TS1109: Expression expected.
sveltekit-frontend/src/lib/services/neo4jGraphService.ts(134,1): error TS1128: Declaration or statement expected.
sveltekit-frontend/src/lib/services/neo4jGraphService.ts(149,31): error TS1005: ';' expected.
sveltekit-frontend/src/lib/services/neo4jGraphService.ts(150,4): error TS1128: Declaration or statement expected.
sveltekit-frontend/src/lib/services/neo4jGraphService.ts(150,5): error TS1128: Declaration or statement expected.
sveltekit-frontend/src/lib/services/neo4jGraphService.ts(150,15): error TS1109: Expression expected.
sveltekit-frontend/src/lib/services/neo4jGraphService.ts(150,16): error TS1109: Expression expected.
sveltekit-frontend/src/lib/services/neo4jGraphService.ts(151,18): error TS1109: Expression expected.
sveltekit-frontend/src/lib/services/neo4jGraphService.ts(153,23): error TS1011: An element access expression should take an argument.
sveltekit-frontend/src/lib/services/neo4jGraphService.ts(154,3): error TS1128: Declaration or statement expected.
sveltekit-frontend/src/lib/services/neo4jGraphService.ts(154,4): error TS1109: Expression expected.
sveltekit-frontend/src/lib/services/neo4jGraphService.ts(155,11): error TS1005: ':' expected.
sveltekit-frontend/src/lib/services/neo4jGraphService.ts(155,33): error TS1005: ',' expected.
sveltekit-frontend/src/lib/services/neo4jGraphService.ts(156,9): error TS1005: ':' expected.
sveltekit-frontend/src/lib/services/neo4jGraphService.ts(158,13): error TS1005: ':' expected.
sveltekit-frontend/src/lib/services/neo4jGraphService.ts(166,8): error TS1005: ',' expected.
sveltekit-frontend/src/lib/services/neo4jGraphService.ts(168,13): error TS1005: ':' expected.
sveltekit-frontend/src/lib/services/neo4jGraphService.ts(168,65): error TS1005: ',' expected.
sveltekit-frontend/src/lib/services/neo4jGraphService.ts(169,13): error TS1005: ':' expected.
sveltekit-frontend/src/lib/services/neo4jGraphService.ts(176,7): error TS1005: ',' expected.
sveltekit-frontend/src/lib/services/neo4jGraphService.ts(176,9): error TS1005: ',' expected.
sveltekit-frontend/src/lib/services/neo4jGraphService.ts(176,10): error TS1136: Property assignment expected.
sveltekit-frontend/src/lib/services/neo4jGraphService.ts(178,13): error TS1005: ':' expected.
sveltekit-frontend/src/lib/services/neo4jGraphService.ts(178,90): error TS1005: ',' expected.
sveltekit-frontend/src/lib/services/neo4jGraphService.ts(179,13): error TS1005: ':' expected.
sveltekit-frontend/src/lib/services/neo4jGraphService.ts(179,77): error TS1005: ',' expected.
sveltekit-frontend/src/lib/services/neo4jGraphService.ts(181,13): error TS1005: ':' expected.
sveltekit-frontend/src/lib/services/neo4jGraphService.ts(181,75): error TS1005: ',' expected.
sveltekit-frontend/src/lib/services/neo4jGraphService.ts(182,13): error TS1005: ':' expected.
sveltekit-frontend/src/lib/services/neo4jGraphService.ts(182,86): error TS1005: ',' expected.
sveltekit-frontend/src/lib/services/neo4jGraphService.ts(183,14): error TS1005: ':' expected.
sveltekit-frontend/src/lib/services/neo4jGraphService.ts(184,65): error TS1136: Property assignment expected.
sveltekit-frontend/src/lib/services/neo4jGraphService.ts(193,7): error TS1005: ';' expected.
sveltekit-frontend/src/lib/services/neo4jGraphService.ts(197,3): error TS1128: Declaration or statement expected.
sveltekit-frontend/src/lib/services/neo4jGraphService.ts(201,3): error TS1434: Unexpected keyword or identifier.
sveltekit-frontend/src/lib/services/neo4jGraphService.ts(201,36): error TS1135: Argument expression expected.
sveltekit-frontend/src/lib/services/neo4jGraphService.ts(201,54): error TS1005: ',' expected.
sveltekit-frontend/src/lib/services/neo4jGraphService.ts(202,22): error TS1005: ',' expected.
sveltekit-frontend/src/lib/services/neo4jGraphService.ts(203,26): error TS1005: ',' expected.
sveltekit-frontend/src/lib/services/neo4jGraphService.ts(204,22): error TS1005: ',' expected.
sveltekit-frontend/src/lib/services/neo4jGraphService.ts(205,33): error TS1005: ',' expected.
sveltekit-frontend/src/lib/services/neo4jGraphService.ts(206,3): error TS1128: Declaration or statement expected.
sveltekit-frontend/src/lib/services/neo4jGraphService.ts(206,4): error TS1128: Declaration or statement expected.
sveltekit-frontend/src/lib/services/neo4jGraphService.ts(206,5): error TS1128: Declaration or statement expected.
sveltekit-frontend/src/lib/services/neo4jGraphService.ts(207,11): error TS1005: ':' expected.
sveltekit-frontend/src/lib/services/neo4jGraphService.ts(220,6): error TS1005: ',' expected.
sveltekit-frontend/src/lib/services/neo4jGraphService.ts(221,12): error TS1005: ':' expected.
sveltekit-frontend/src/lib/services/neo4jGraphService.ts(230,7): error TS1005: ',' expected.
sveltekit-frontend/src/lib/services/neo4jGraphService.ts(235,3): error TS1434: Unexpected keyword or identifier.
sveltekit-frontend/src/lib/services/neo4jGraphService.ts(235,41): error TS1135: Argument expression expected.
sveltekit-frontend/src/lib/services/neo4jGraphService.ts(235,50): error TS1005: ';' expected.
sveltekit-frontend/src/lib/services/neo4jGraphService.ts(236,11): error TS1005: ':' expected.
sveltekit-frontend/src/lib/services/neo4jGraphService.ts(274,6): error TS1005: ',' expected.
sveltekit-frontend/src/lib/services/neo4jGraphService.ts(275,11): error TS1005: ':' expected.
sveltekit-frontend/src/lib/services/neo4jGraphService.ts(276,89): error TS1136: Property assignment expected.
sveltekit-frontend/src/lib/services/neo4jGraphService.ts(276,90): error TS1005: ',' expected.
sveltekit-frontend/src/lib/services/neo4jGraphService.ts(276,91): error TS1005: ';' expected.
sveltekit-frontend/src/lib/services/neo4jGraphService.ts(276,92): error TS1128: Declaration or statement expected.
sveltekit-frontend/src/lib/services/neo4jGraphService.ts(277,5): error TS1128: Declaration or statement expected.
sveltekit-frontend/src/lib/services/neo4jGraphService.ts(285,3): error TS1128: Declaration or statement expected.
sveltekit-frontend/src/lib/services/neo4jGraphService.ts(289,3): error TS1434: Unexpected keyword or identifier.
sveltekit-frontend/src/lib/services/neo4jGraphService.ts(291,24): error TS1137: Expression or comma expected.
sveltekit-frontend/src/lib/services/neo4jGraphService.ts(291,34): error TS1005: ';' expected.
sveltekit-frontend/src/lib/services/neo4jGraphService.ts(291,41): error TS1128: Declaration or statement expected.
sveltekit-frontend/src/lib/services/neo4jGraphService.ts(293,3): error TS1128: Declaration or statement expected.
sveltekit-frontend/src/lib/services/neo4jGraphService.ts(293,4): error TS1128: Declaration or statement expected.
sveltekit-frontend/src/lib/services/neo4jGraphService.ts(294,9): error TS1005: ':' expected.
sveltekit-frontend/src/lib/services/neo4jGraphService.ts(296,13): error TS1005: ':' expected.
sveltekit-frontend/src/lib/services/neo4jGraphService.ts(296,66): error TS1005: ',' expected.
sveltekit-frontend/src/lib/services/neo4jGraphService.ts(297,13): error TS1005: ':' expected.
sveltekit-frontend/src/lib/services/neo4jGraphService.ts(304,8): error TS1005: ',' expected.
sveltekit-frontend/src/lib/services/neo4jGraphService.ts(305,13): error TS1005: ':' expected.
sveltekit-frontend/src/lib/services/neo4jGraphService.ts(306,22): error TS1005: ',' expected.
sveltekit-frontend/src/lib/services/neo4jGraphService.ts(312,7): error TS1005: ',' expected.
sveltekit-frontend/src/lib/services/neo4jGraphService.ts(312,9): error TS1005: ',' expected.
sveltekit-frontend/src/lib/services/neo4jGraphService.ts(312,10): error TS1136: Property assignment expected.
sveltekit-frontend/src/lib/services/neo4jGraphService.ts(313,35): error TS1005: ',' expected.
sveltekit-frontend/src/lib/services/neo4jGraphService.ts(313,37): error TS1110: Type expected.
sveltekit-frontend/src/lib/services/neo4jGraphService.ts(313,42): error TS1005: ',' expected.
sveltekit-frontend/src/lib/services/neo4jGraphService.ts(313,59): error TS1110: Type expected.
sveltekit-frontend/src/lib/services/neo4jGraphService.ts(313,65): error TS1005: ',' expected.
sveltekit-frontend/src/lib/services/neo4jGraphService.ts(313,66): error TS1005: ';' expected.
sveltekit-frontend/src/lib/services/neo4jGraphService.ts(313,67): error TS1128: Declaration or statement expected.
sveltekit-frontend/src/lib/services/neo4jGraphService.ts(314,5): error TS1128: Declaration or statement expected.
sveltekit-frontend/src/lib/services/neo4jGraphService.ts(314,7): error TS1005: 'try' expected.
sveltekit-frontend/src/lib/services/neo4jGraphService.ts(318,3): error TS1128: Declaration or statement expected.
sveltekit-frontend/src/lib/services/neo4jGraphService.ts(322,3): error TS1434: Unexpected keyword or identifier.
sveltekit-frontend/src/lib/services/neo4jGraphService.ts(322,38): error TS1135: Argument expression expected.
sveltekit-frontend/src/lib/services/neo4jGraphService.ts(322,47): error TS1011: An element access expression should take an argument.
sveltekit-frontend/src/lib/services/neo4jGraphService.ts(322,49): error TS1005: ';' expected.
sveltekit-frontend/src/lib/services/neo4jGraphService.ts(322,63): error TS1109: Expression expected.
sveltekit-frontend/src/lib/services/neo4jGraphService.ts(323,11): error TS1005: ':' expected.
sveltekit-frontend/src/lib/services/neo4jGraphService.ts(323,26): error TS1005: ':' expected.
sveltekit-frontend/src/lib/services/neo4jGraphService.ts(324,14): error TS1005: ',' expected.
sveltekit-frontend/src/lib/services/neo4jGraphService.ts(324,17): error TS1109: Expression expected.
sveltekit-frontend/src/lib/services/neo4jGraphService.ts(324,19): error TS1003: Identifier expected.
sveltekit-frontend/src/lib/services/neo4jGraphService.ts(324,20): error TS1138: Parameter declaration expected.
sveltekit-frontend/src/lib/services/neo4jGraphService.ts(324,21): error TS1138: Parameter declaration expected.
sveltekit-frontend/src/lib/services/neo4jGraphService.ts(324,25): error TS1005: ',' expected.
sveltekit-frontend/src/lib/services/neo4jGraphService.ts(324,35): error TS1005: ',' expected.
sveltekit-frontend/src/lib/services/neo4jGraphService.ts(324,44): error TS1005: ',' expected.
sveltekit-frontend/src/lib/services/neo4jGraphService.ts(324,48): error TS1005: ',' expected.
sveltekit-frontend/src/lib/services/neo4jGraphService.ts(324,61): error TS1005: ',' expected.
sveltekit-frontend/src/lib/services/neo4jGraphService.ts(324,63): error TS1136: Property assignment expected.
sveltekit-frontend/src/lib/services/neo4jGraphService.ts(324,64): error TS1109: Expression expected.
sveltekit-frontend/src/lib/services/neo4jGraphService.ts(325,7): error TS1109: Expression expected.
sveltekit-frontend/src/lib/services/neo4jGraphService.ts(344,25): error TS1005: ',' expected.
sveltekit-frontend/src/lib/services/neo4jGraphService.ts(347,7): error TS1005: ',' expected.
sveltekit-frontend/src/lib/services/neo4jGraphService.ts(347,9): error TS1128: Declaration or statement expected.
sveltekit-frontend/src/lib/services/neo4jGraphService.ts(348,5): error TS1128: Declaration or statement expected.
sveltekit-frontend/src/lib/services/neo4jGraphService.ts(349,3): error TS1128: Declaration or statement expected.
sveltekit-frontend/src/lib/services/neo4jGraphService.ts(353,3): error TS1434: Unexpected keyword or identifier.
sveltekit-frontend/src/lib/services/neo4jGraphService.ts(353,28): error TS1135: Argument expression expected.
sveltekit-frontend/src/lib/services/neo4jGraphService.ts(353,41): error TS1005: ';' expected.
sveltekit-frontend/src/lib/services/neo4jGraphService.ts(354,11): error TS1005: ':' expected.
sveltekit-frontend/src/lib/services/neo4jGraphService.ts(354,33): error TS1005: ',' expected.
sveltekit-frontend/src/lib/services/neo4jGraphService.ts(355,9): error TS1005: ':' expected.
sveltekit-frontend/src/lib/services/neo4jGraphService.ts(356,13): error TS1005: ':' expected.
sveltekit-frontend/src/lib/services/neo4jGraphService.ts(361,7): error TS1136: Property assignment expected.
sveltekit-frontend/src/lib/services/neo4jGraphService.ts(361,9): error TS1005: ',' expected.
sveltekit-frontend/src/lib/services/neo4jGraphService.ts(361,10): error TS1136: Property assignment expected.
sveltekit-frontend/src/lib/services/neo4jGraphService.ts(362,13): error TS1005: ':' expected.
sveltekit-frontend/src/lib/services/neo4jGraphService.ts(362,48): error TS1005: ',' expected.
sveltekit-frontend/src/lib/services/neo4jGraphService.ts(364,23): error TS1003: Identifier expected.
sveltekit-frontend/src/lib/services/neo4jGraphService.ts(368,9): error TS1005: ')' expected.
sveltekit-frontend/src/lib/services/neo4jGraphService.ts(369,14): error TS1005: ':' expected.
sveltekit-frontend/src/lib/services/neo4jGraphService.ts(379,7): error TS1005: ';' expected.
sveltekit-frontend/src/lib/services/neo4jGraphService.ts(383,3): error TS1128: Declaration or statement expected.
sveltekit-frontend/src/lib/services/neo4jGraphService.ts(387,3): error TS1434: Unexpected keyword or identifier.
sveltekit-frontend/src/lib/services/neo4jGraphService.ts(387,40): error TS1135: Argument expression expected.
sveltekit-frontend/src/lib/services/neo4jGraphService.ts(387,53): error TS1011: An element access expression should take an argument.
sveltekit-frontend/src/lib/services/neo4jGraphService.ts(387,55): error TS1005: ';' expected.
sveltekit-frontend/src/lib/services/neo4jGraphService.ts(388,11): error TS1005: ':' expected.
sveltekit-frontend/src/lib/services/neo4jGraphService.ts(390,6): error TS1005: ')' expected.
sveltekit-frontend/src/lib/services/neo4jGraphService.ts(392,11): error TS1005: ':' expected.
sveltekit-frontend/src/lib/services/neo4jGraphService.ts(400,7): error TS1135: Argument expression expected.
sveltekit-frontend/src/lib/services/neo4jGraphService.ts(402,5): error TS1005: ',' expected.
sveltekit-frontend/src/lib/services/neo4jGraphService.ts(402,12): error TS1005: ':' expected.
sveltekit-frontend/src/lib/services/neo4jGraphService.ts(402,25): error TS1005: ',' expected.
sveltekit-frontend/src/lib/services/neo4jGraphService.ts(407,3): error TS1128: Declaration or statement expected.
sveltekit-frontend/src/lib/services/neo4jGraphService.ts(407,11): error TS1434: Unexpected keyword or identifier.
sveltekit-frontend/src/lib/services/neo4jGraphService.ts(407,40): error TS1135: Argument expression expected.
sveltekit-frontend/src/lib/services/neo4jGraphService.ts(407,49): error TS1005: ';' expected.
sveltekit-frontend/src/lib/services/neo4jGraphService.ts(407,66): error TS1011: An element access expression should take an argument.
sveltekit-frontend/src/lib/services/neo4jGraphService.ts(408,9): error TS1005: ':' expected.
sveltekit-frontend/src/lib/services/neo4jGraphService.ts(409,13): error TS1005: ':' expected.
sveltekit-frontend/src/lib/services/neo4jGraphService.ts(413,7): error TS1136: Property assignment expected.
sveltekit-frontend/src/lib/services/neo4jGraphService.ts(413,9): error TS1005: ',' expected.
sveltekit-frontend/src/lib/services/neo4jGraphService.ts(413,10): error TS1136: Property assignment expected.
sveltekit-frontend/src/lib/services/neo4jGraphService.ts(414,37): error TS1005: ',' expected.
sveltekit-frontend/src/lib/services/neo4jGraphService.ts(414,39): error TS1110: Type expected.
sveltekit-frontend/src/lib/services/neo4jGraphService.ts(414,44): error TS1005: ',' expected.
sveltekit-frontend/src/lib/services/neo4jGraphService.ts(414,61): error TS1110: Type expected.
sveltekit-frontend/src/lib/services/neo4jGraphService.ts(414,66): error TS1005: ',' expected.
sveltekit-frontend/src/lib/services/neo4jGraphService.ts(414,75): error TS1138: Parameter declaration expected.
sveltekit-frontend/src/lib/services/neo4jGraphService.ts(414,80): error TS1005: ',' expected.
sveltekit-frontend/src/lib/services/neo4jGraphService.ts(414,91): error TS1003: Identifier expected.
sveltekit-frontend/src/lib/services/neo4jGraphService.ts(414,97): error TS1005: ',' expected.
sveltekit-frontend/src/lib/services/neo4jGraphService.ts(414,115): error TS1005: ',' expected.
sveltekit-frontend/src/lib/services/neo4jGraphService.ts(414,132): error TS1005: ',' expected.
sveltekit-frontend/src/lib/services/neo4jGraphService.ts(414,151): error TS1005: ',' expected.
sveltekit-frontend/src/lib/services/neo4jGraphService.ts(414,152): error TS1005: ';' expected.
sveltekit-frontend/src/lib/services/neo4jGraphService.ts(414,153): error TS1128: Declaration or statement expected.
sveltekit-frontend/src/lib/services/neo4jGraphService.ts(415,5): error TS1128: Declaration or statement expected.
sveltekit-frontend/src/lib/services/neo4jGraphService.ts(415,7): error TS1005: 'try' expected.
sveltekit-frontend/src/lib/services/neo4jGraphService.ts(419,3): error TS1128: Declaration or statement expected.
sveltekit-frontend/src/lib/services/neo4jGraphService.ts(423,3): error TS1128: Declaration or statement expected.
sveltekit-frontend/src/lib/services/neo4jGraphService.ts(423,37): error TS1135: Argument expression expected.
sveltekit-frontend/src/lib/services/neo4jGraphService.ts(423,49): error TS1011: An element access expression should take an argument.
sveltekit-frontend/src/lib/services/neo4jGraphService.ts(423,60): error TS1005: ',' expected.
sveltekit-frontend/src/lib/services/neo4jGraphService.ts(423,67): error TS1005: ';' expected.
sveltekit-frontend/src/lib/services/neo4jGraphService.ts(423,83): error TS1005: ';' expected.
sveltekit-frontend/src/lib/services/neo4jGraphService.ts(453,3): error TS1128: Declaration or statement expected.
sveltekit-frontend/src/lib/services/neo4jGraphService.ts(453,41): error TS1135: Argument expression expected.
sveltekit-frontend/src/lib/services/neo4jGraphService.ts(453,61): error TS1005: ',' expected.
sveltekit-frontend/src/lib/services/neo4jGraphService.ts(453,82): error TS1005: ';' expected.
sveltekit-frontend/src/lib/services/neo4jGraphService.ts(453,84): error TS1434: Unexpected keyword or identifier.
sveltekit-frontend/src/lib/services/neo4jGraphService.ts(475,3): error TS1128: Declaration or statement expected.
sveltekit-frontend/src/lib/services/neo4jGraphService.ts(475,11): error TS1434: Unexpected keyword or identifier.
sveltekit-frontend/src/lib/services/neo4jGraphService.ts(475,48): error TS1135: Argument expression expected.
sveltekit-frontend/src/lib/services/neo4jGraphService.ts(475,66): error TS1005: ',' expected.
sveltekit-frontend/src/lib/services/neo4jGraphService.ts(475,76): error TS1005: ';' expected.
sveltekit-frontend/src/lib/services/neo4jGraphService.ts(476,9): error TS1005: ':' expected.
sveltekit-frontend/src/lib/services/neo4jGraphService.ts(477,13): error TS1005: ':' expected.
sveltekit-frontend/src/lib/services/neo4jGraphService.ts(483,7): error TS1136: Property assignment expected.
sveltekit-frontend/src/lib/services/neo4jGraphService.ts(483,9): error TS1005: ',' expected.
sveltekit-frontend/src/lib/services/neo4jGraphService.ts(483,10): error TS1136: Property assignment expected.
sveltekit-frontend/src/lib/services/neo4jGraphService.ts(484,14): error TS1005: ':' expected.
sveltekit-frontend/src/lib/services/neo4jGraphService.ts(488,7): error TS1005: ';' expected.
sveltekit-frontend/src/lib/services/neo4jGraphService.ts(495,3): error TS1128: Declaration or statement expected.
sveltekit-frontend/src/lib/services/neo4jGraphService.ts(499,3): error TS1128: Declaration or statement expected.
sveltekit-frontend/src/lib/services/neo4jGraphService.ts(499,50): error TS1135: Argument expression expected.
sveltekit-frontend/src/lib/services/neo4jGraphService.ts(499,70): error TS1011: An element access expression should take an argument.
sveltekit-frontend/src/lib/services/neo4jGraphService.ts(499,72): error TS1005: ';' expected.
sveltekit-frontend/src/lib/services/neo4jGraphService.ts(500,11): error TS1005: ':' expected.
sveltekit-frontend/src/lib/services/neo4jGraphService.ts(501,5): error TS1005: ',' expected.
sveltekit-frontend/src/lib/services/neo4jGraphService.ts(501,12): error TS1005: ',' expected.
sveltekit-frontend/src/lib/services/neo4jGraphService.ts(502,31): error TS1005: ';' expected.
sveltekit-frontend/src/lib/services/neo4jGraphService.ts(502,48): error TS1109: Expression expected.
sveltekit-frontend/src/lib/services/neo4jGraphService.ts(503,66): error TS1005: ',' expected.
sveltekit-frontend/src/lib/services/neo4jGraphService.ts(503,67): error TS1005: ',' expected.
sveltekit-frontend/src/lib/services/neo4jGraphService.ts(504,18): error TS1005: ',' expected.
sveltekit-frontend/src/lib/services/neo4jGraphService.ts(504,24): error TS1005: ':' expected.
sveltekit-frontend/src/lib/services/neo4jGraphService.ts(504,51): error TS1005: ',' expected.
sveltekit-frontend/src/lib/services/neo4jGraphService.ts(505,8): error TS1005: ';' expected.
sveltekit-frontend/src/lib/services/neo4jGraphService.ts(506,5): error TS1128: Declaration or statement expected.
sveltekit-frontend/src/lib/services/neo4jGraphService.ts(506,6): error TS1128: Declaration or statement expected.
sveltekit-frontend/src/lib/services/neo4jGraphService.ts(508,3): error TS1128: Declaration or statement expected.
sveltekit-frontend/src/lib/services/neo4jGraphService.ts(512,3): error TS1128: Declaration or statement expected.
sveltekit-frontend/src/lib/services/neo4jGraphService.ts(512,34): error TS1109: Expression expected.
sveltekit-frontend/src/lib/services/neo4jGraphService.ts(513,13): error TS1005: ',' expected.
sveltekit-frontend/src/lib/services/neo4jGraphService.ts(513,34): error TS1005: ',' expected.
sveltekit-frontend/src/lib/services/neo4jGraphService.ts(513,36): error TS1136: Property assignment expected.
sveltekit-frontend/src/lib/services/neo4jGraphService.ts(521,3): error TS1128: Declaration or statement expected.
sveltekit-frontend/src/lib/services/neo4jGraphService.ts(525,3): error TS1128: Declaration or statement expected.
sveltekit-frontend/src/lib/services/neo4jGraphService.ts(525,11): error TS1434: Unexpected keyword or identifier.
sveltekit-frontend/src/lib/services/neo4jGraphService.ts(525,31): error TS1109: Expression expected.
sveltekit-frontend/src/lib/services/neo4jGraphService.ts(525,45): error TS1109: Expression expected.
sveltekit-frontend/src/lib/services/neo4jGraphService.ts(526,9): error TS1005: ':' expected.
sveltekit-frontend/src/lib/services/neo4jGraphService.ts(527,13): error TS1005: ':' expected.
sveltekit-frontend/src/lib/services/neo4jGraphService.ts(533,8): error TS1005: ',' expected.
sveltekit-frontend/src/lib/services/neo4jGraphService.ts(534,13): error TS1005: ':' expected.
sveltekit-frontend/src/lib/services/neo4jGraphService.ts(534,68): error TS1136: Property assignment expected.
sveltekit-frontend/src/lib/services/neo4jGraphService.ts(534,70): error TS1005: ',' expected.
sveltekit-frontend/src/lib/services/neo4jGraphService.ts(534,71): error TS1136: Property assignment expected.
sveltekit-frontend/src/lib/services/neo4jGraphService.ts(535,11): error TS1138: Parameter declaration expected.
sveltekit-frontend/src/lib/services/neo4jGraphService.ts(535,76): error TS1005: ';' expected.
sveltekit-frontend/src/lib/services/neo4jGraphService.ts(542,11): error TS1005: ')' expected.
sveltekit-frontend/src/lib/services/neo4jGraphService.ts(544,5): error TS1128: Declaration or statement expected.
sveltekit-frontend/src/lib/services/neo4jGraphService.ts(544,7): error TS1005: 'try' expected.
sveltekit-frontend/src/lib/services/neo4jGraphService.ts(547,3): error TS1128: Declaration or statement expected.
sveltekit-frontend/src/lib/services/neo4jGraphService.ts(551,13): error TS1109: Expression expected.
sveltekit-frontend/src/lib/services/neo4jGraphService.ts(552,13): error TS1005: ',' expected.
sveltekit-frontend/src/lib/services/neo4jGraphService.ts(552,34): error TS1005: ',' expected.
sveltekit-frontend/src/lib/services/neo4jGraphService.ts(552,36): error TS1136: Property assignment expected.
sveltekit-frontend/src/lib/services/neo4jGraphService.ts(556,3): error TS1128: Declaration or statement expected.
sveltekit-frontend/src/lib/services/neo4jGraphService.ts(557,1): error TS1128: Declaration or statement expected.
sveltekit-frontend/src/lib/services/nes-cache-orchestrator-bridge.ts(5,49): error TS1109: Expression expected.
sveltekit-frontend/src/lib/services/nes-cache-orchestrator-bridge.ts(6,67): error TS1109: Expression expected.
sveltekit-frontend/src/lib/services/nes-cache-orchestrator-bridge.ts(7,70): error TS1005: ';' expected.
sveltekit-frontend/src/lib/services/nes-cache-orchestrator-bridge.ts(7,90): error TS1128: Declaration or statement expected.
sveltekit-frontend/src/lib/services/nes-cache-orchestrator-bridge.ts(11,3): error TS1434: Unexpected keyword or identifier.
sveltekit-frontend/src/lib/services/nes-cache-orchestrator-bridge.ts(11,24): error TS1135: Argument expression expected.
sveltekit-frontend/src/lib/services/nes-cache-orchestrator-bridge.ts(12,12): error TS1005: ':' expected.
sveltekit-frontend/src/lib/services/nes-cache-orchestrator-bridge.ts(12,41): error TS1005: ',' expected.
sveltekit-frontend/src/lib/services/nes-cache-orchestrator-bridge.ts(14,3): error TS1434: Unexpected keyword or identifier.
sveltekit-frontend/src/lib/services/nes-cache-orchestrator-bridge.ts(14,26): error TS1135: Argument expression expected.
sveltekit-frontend/src/lib/services/nes-cache-orchestrator-bridge.ts(15,9): error TS1005: ':' expected.
sveltekit-frontend/src/lib/services/nes-cache-orchestrator-bridge.ts(15,29): error TS1005: ',' expected.
sveltekit-frontend/src/lib/services/nes-cache-orchestrator-bridge.ts(17,3): error TS1434: Unexpected keyword or identifier.
sveltekit-frontend/src/lib/services/nes-cache-orchestrator-bridge.ts(18,12): error TS1005: ':' expected.
sveltekit-frontend/src/lib/services/nes-cache-orchestrator-bridge.ts(18,87): error TS1005: ',' expected.
sveltekit-frontend/src/lib/services/nes-cache-orchestrator-bridge.ts(20,3): error TS1434: Unexpected keyword or identifier.
sveltekit-frontend/src/lib/services/nes-cache-orchestrator-bridge.ts(20,35): error TS1135: Argument expression expected.
sveltekit-frontend/src/lib/services/nes-cache-orchestrator-bridge.ts(21,3): error TS1434: Unexpected keyword or identifier.
sveltekit-frontend/src/lib/services/nes-cache-orchestrator-bridge.ts(21,33): error TS1135: Argument expression expected.
sveltekit-frontend/src/lib/services/nes-cache-orchestrator-bridge.ts(22,3): error TS1434: Unexpected keyword or identifier.
sveltekit-frontend/src/lib/services/nes-cache-orchestrator-bridge.ts(22,27): error TS1005: ':' expected.
sveltekit-frontend/src/lib/services/nes-cache-orchestrator-bridge.ts(23,1): error TS1128: Declaration or statement expected.
sveltekit-frontend/src/lib/services/nes-gpu-bridge.ts(54,7): error TS1128: Declaration or statement expected.
sveltekit-frontend/src/lib/services/nes-gpu-bridge.ts(170,3): error TS1068: Unexpected token. A constructor, method, accessor, or property was expected.
sveltekit-frontend/src/lib/services/nes-gpu-bridge.ts(170,4): error TS1068: Unexpected token. A constructor, method, accessor, or property was expected.
sveltekit-frontend/src/lib/services/nes-gpu-bridge.ts(170,26): error TS1005: '(' expected.
sveltekit-frontend/src/lib/services/nes-gpu-bridge.ts(170,28): error TS1068: Unexpected token. A constructor, method, accessor, or property was expected.
sveltekit-frontend/src/lib/services/nes-gpu-bridge.ts(203,3): error TS1128: Declaration or statement expected.
sveltekit-frontend/src/lib/services/nes-gpu-bridge.ts(203,37): error TS1005: ',' expected.
sveltekit-frontend/src/lib/services/nes-gpu-bridge.ts(203,46): error TS1005: ';' expected.
sveltekit-frontend/src/lib/services/nes-gpu-bridge.ts(203,48): error TS1434: Unexpected keyword or identifier.
sveltekit-frontend/src/lib/services/nes-gpu-bridge.ts(203,54): error TS1434: Unexpected keyword or identifier.
sveltekit-frontend/src/lib/services/nes-gpu-bridge.ts(209,3): error TS1128: Declaration or statement expected.
sveltekit-frontend/src/lib/services/nes-gpu-bridge.ts(209,34): error TS1005: ',' expected.
sveltekit-frontend/src/lib/services/nes-gpu-bridge.ts(209,56): error TS1005: ',' expected.
sveltekit-frontend/src/lib/services/nes-gpu-bridge.ts(209,64): error TS1005: ',' expected.
sveltekit-frontend/src/lib/services/nes-gpu-bridge.ts(209,86): error TS1005: ';' expected.
sveltekit-frontend/src/lib/services/nes-gpu-bridge.ts(210,11): error TS1005: ':' expected.
sveltekit-frontend/src/lib/services/nes-gpu-bridge.ts(210,50): error TS1005: ',' expected.
sveltekit-frontend/src/lib/services/nes-gpu-bridge.ts(211,19): error TS1005: ',' expected.
sveltekit-frontend/src/lib/services/nes-gpu-bridge.ts(211,30): error TS1005: ':' expected.
sveltekit-frontend/src/lib/services/nes-gpu-bridge.ts(211,42): error TS1005: ',' expected.
sveltekit-frontend/src/lib/services/nes-gpu-bridge.ts(211,44): error TS1136: Property assignment expected.
sveltekit-frontend/src/lib/services/nes-gpu-bridge.ts(213,52): error TS1005: ')' expected.
sveltekit-frontend/src/lib/services/nes-gpu-bridge.ts(214,7): error TS1128: Declaration or statement expected.
sveltekit-frontend/src/lib/services/nes-gpu-bridge.ts(217,41): error TS1109: Expression expected.
sveltekit-frontend/src/lib/services/nes-gpu-bridge.ts(218,23): error TS1109: Expression expected.
sveltekit-frontend/src/lib/services/nes-gpu-bridge.ts(222,41): error TS1109: Expression expected.
sveltekit-frontend/src/lib/services/nes-gpu-bridge.ts(223,23): error TS1109: Expression expected.
sveltekit-frontend/src/lib/services/nes-gpu-bridge.ts(227,3): error TS1128: Declaration or statement expected.
sveltekit-frontend/src/lib/services/nes-gpu-bridge.ts(229,3): error TS1128: Declaration or statement expected.
sveltekit-frontend/src/lib/services/nes-gpu-bridge.ts(229,36): error TS1005: ',' expected.
sveltekit-frontend/src/lib/services/nes-gpu-bridge.ts(229,61): error TS1005: ',' expected.
sveltekit-frontend/src/lib/services/nes-gpu-bridge.ts(229,70): error TS1005: ';' expected.
sveltekit-frontend/src/lib/services/nes-gpu-bridge.ts(229,72): error TS1434: Unexpected keyword or identifier.
sveltekit-frontend/src/lib/services/nes-gpu-bridge.ts(233,51): error TS1109: Expression expected.
sveltekit-frontend/src/lib/services/nes-gpu-bridge.ts(234,7): error TS1109: Expression expected.
sveltekit-frontend/src/lib/services/nes-gpu-bridge.ts(236,66): error TS1005: ')' expected.
sveltekit-frontend/src/lib/services/nes-gpu-bridge.ts(239,27): error TS1109: Expression expected.
sveltekit-frontend/src/lib/services/nes-gpu-bridge.ts(241,20): error TS1109: Expression expected.
sveltekit-frontend/src/lib/services/nes-gpu-bridge.ts(242,35): error TS1109: Expression expected.
sveltekit-frontend/src/lib/services/nes-gpu-bridge.ts(244,9): error TS1109: Expression expected.
sveltekit-frontend/src/lib/services/nes-gpu-bridge.ts(255,26): error TS1005: ',' expected.
sveltekit-frontend/src/lib/services/nes-gpu-bridge.ts(260,3): error TS1128: Declaration or statement expected.
sveltekit-frontend/src/lib/services/nes-gpu-bridge.ts(260,40): error TS1005: ',' expected.
sveltekit-frontend/src/lib/services/nes-gpu-bridge.ts(260,46): error TS1011: An element access expression should take an argument.
sveltekit-frontend/src/lib/services/nes-gpu-bridge.ts(260,48): error TS1005: ';' expected.
sveltekit-frontend/src/lib/services/nes-gpu-bridge.ts(260,57): error TS1011: An element access expression should take an argument.
sveltekit-frontend/src/lib/services/nes-gpu-bridge.ts(260,59): error TS1005: ';' expected.
sveltekit-frontend/src/lib/services/nes-gpu-bridge.ts(266,32): error TS1109: Expression expected.
sveltekit-frontend/src/lib/services/nes-gpu-bridge.ts(267,7): error TS1109: Expression expected.
sveltekit-frontend/src/lib/services/nes-gpu-bridge.ts(273,3): error TS1128: Declaration or statement expected.
sveltekit-frontend/src/lib/services/nes-gpu-bridge.ts(273,11): error TS1434: Unexpected keyword or identifier.
sveltekit-frontend/src/lib/services/nes-gpu-bridge.ts(273,44): error TS1005: ',' expected.
sveltekit-frontend/src/lib/services/nes-gpu-bridge.ts(273,50): error TS1011: An element access expression should take an argument.
sveltekit-frontend/src/lib/services/nes-gpu-bridge.ts(273,58): error TS1005: ',' expected.
sveltekit-frontend/src/lib/services/nes-gpu-bridge.ts(273,67): error TS1011: An element access expression should take an argument.
sveltekit-frontend/src/lib/services/nes-gpu-bridge.ts(273,69): error TS1005: ';' expected.
sveltekit-frontend/src/lib/services/nes-gpu-bridge.ts(274,11): error TS1005: ':' expected.
sveltekit-frontend/src/lib/services/nes-gpu-bridge.ts(274,59): error TS1005: ',' expected.
sveltekit-frontend/src/lib/services/nes-gpu-bridge.ts(275,11): error TS1005: ':' expected.
sveltekit-frontend/src/lib/services/nes-gpu-bridge.ts(275,58): error TS1005: ',' expected.
sveltekit-frontend/src/lib/services/nes-gpu-bridge.ts(276,9): error TS1005: ',' expected.
sveltekit-frontend/src/lib/services/nes-gpu-bridge.ts(276,23): error TS1005: ',' expected.
sveltekit-frontend/src/lib/services/nes-gpu-bridge.ts(277,14): error TS1005: ',' expected.
sveltekit-frontend/src/lib/services/nes-gpu-bridge.ts(277,26): error TS1005: ',' expected.
sveltekit-frontend/src/lib/services/nes-gpu-bridge.ts(277,37): error TS1005: ',' expected.
sveltekit-frontend/src/lib/services/nes-gpu-bridge.ts(277,44): error TS1005: ',' expected.
sveltekit-frontend/src/lib/services/nes-gpu-bridge.ts(277,50): error TS1005: ',' expected.
sveltekit-frontend/src/lib/services/nes-gpu-bridge.ts(277,61): error TS1005: ',' expected.
sveltekit-frontend/src/lib/services/nes-gpu-bridge.ts(277,62): error TS1136: Property assignment expected.
sveltekit-frontend/src/lib/services/nes-gpu-bridge.ts(277,72): error TS1005: ',' expected.
sveltekit-frontend/src/lib/services/nes-gpu-bridge.ts(277,74): error TS1005: ';' expected.
sveltekit-frontend/src/lib/services/nes-gpu-bridge.ts(277,77): error TS1109: Expression expected.
sveltekit-frontend/src/lib/services/nes-gpu-bridge.ts(278,7): error TS1109: Expression expected.
sveltekit-frontend/src/lib/services/nes-gpu-bridge.ts(304,82): error TS1109: Expression expected.
sveltekit-frontend/src/lib/services/nes-gpu-bridge.ts(305,9): error TS1109: Expression expected.
sveltekit-frontend/src/lib/services/nes-gpu-bridge.ts(305,87): error TS1109: Expression expected.
sveltekit-frontend/src/lib/services/nes-gpu-bridge.ts(306,11): error TS1109: Expression expected.
sveltekit-frontend/src/lib/services/nes-gpu-bridge.ts(306,44): error TS1109: Expression expected.
sveltekit-frontend/src/lib/services/nes-gpu-bridge.ts(307,13): error TS1109: Expression expected.
sveltekit-frontend/src/lib/services/nes-gpu-bridge.ts(307,85): error TS1109: Expression expected.
sveltekit-frontend/src/lib/services/nes-gpu-bridge.ts(309,13): error TS1109: Expression expected.
sveltekit-frontend/src/lib/services/nes-gpu-bridge.ts(316,3): error TS1128: Declaration or statement expected.
sveltekit-frontend/src/lib/services/nes-gpu-bridge.ts(318,3): error TS1128: Declaration or statement expected.
sveltekit-frontend/src/lib/services/nes-gpu-bridge.ts(318,35): error TS1005: ',' expected.
sveltekit-frontend/src/lib/services/nes-gpu-bridge.ts(318,44): error TS1005: ';' expected.
sveltekit-frontend/src/lib/services/nes-gpu-bridge.ts(318,46): error TS1434: Unexpected keyword or identifier.
sveltekit-frontend/src/lib/services/nes-gpu-bridge.ts(322,3): error TS1128: Declaration or statement expected.
sveltekit-frontend/src/lib/services/nes-gpu-bridge.ts(322,28): error TS1005: ',' expected.
sveltekit-frontend/src/lib/services/nes-gpu-bridge.ts(322,37): error TS1005: ';' expected.
sveltekit-frontend/src/lib/services/nes-gpu-bridge.ts(322,39): error TS1434: Unexpected keyword or identifier.
sveltekit-frontend/src/lib/services/nes-gpu-bridge.ts(325,3): error TS1128: Declaration or statement expected.
sveltekit-frontend/src/lib/services/nes-gpu-bridge.ts(325,30): error TS1005: ',' expected.
sveltekit-frontend/src/lib/services/nes-gpu-bridge.ts(325,39): error TS1005: ';' expected.
sveltekit-frontend/src/lib/services/nes-gpu-bridge.ts(325,41): error TS1434: Unexpected keyword or identifier.
sveltekit-frontend/src/lib/services/nes-gpu-bridge.ts(328,3): error TS1128: Declaration or statement expected.
sveltekit-frontend/src/lib/services/nes-gpu-bridge.ts(328,30): error TS1005: ',' expected.
sveltekit-frontend/src/lib/services/nes-gpu-bridge.ts(328,39): error TS1005: ';' expected.
sveltekit-frontend/src/lib/services/nes-gpu-bridge.ts(328,41): error TS1434: Unexpected keyword or identifier.
sveltekit-frontend/src/lib/services/nes-gpu-bridge.ts(331,3): error TS1128: Declaration or statement expected.
sveltekit-frontend/src/lib/services/nes-gpu-bridge.ts(331,34): error TS1005: ',' expected.
sveltekit-frontend/src/lib/services/nes-gpu-bridge.ts(331,43): error TS1005: ';' expected.
sveltekit-frontend/src/lib/services/nes-gpu-bridge.ts(331,45): error TS1434: Unexpected keyword or identifier.
sveltekit-frontend/src/lib/services/nes-gpu-bridge.ts(334,3): error TS1128: Declaration or statement expected.
sveltekit-frontend/src/lib/services/nes-gpu-bridge.ts(334,28): error TS1005: ',' expected.
sveltekit-frontend/src/lib/services/nes-gpu-bridge.ts(334,37): error TS1005: ';' expected.
sveltekit-frontend/src/lib/services/nes-gpu-bridge.ts(334,39): error TS1434: Unexpected keyword or identifier.
sveltekit-frontend/src/lib/services/nes-gpu-bridge.ts(337,3): error TS1128: Declaration or statement expected.
sveltekit-frontend/src/lib/services/nes-gpu-bridge.ts(337,34): error TS1005: ',' expected.
sveltekit-frontend/src/lib/services/nes-gpu-bridge.ts(337,55): error TS1005: ';' expected.
sveltekit-frontend/src/lib/services/nes-gpu-bridge.ts(337,57): error TS1434: Unexpected keyword or identifier.
sveltekit-frontend/src/lib/services/nes-gpu-bridge.ts(348,3): error TS1128: Declaration or statement expected.
sveltekit-frontend/src/lib/services/nes-gpu-bridge.ts(348,35): error TS1005: ',' expected.
sveltekit-frontend/src/lib/services/nes-gpu-bridge.ts(348,44): error TS1005: ';' expected.
sveltekit-frontend/src/lib/services/nes-gpu-bridge.ts(348,46): error TS1434: Unexpected keyword or identifier.
sveltekit-frontend/src/lib/services/nes-gpu-bridge.ts(359,3): error TS1128: Declaration or statement expected.
sveltekit-frontend/src/lib/services/nes-gpu-bridge.ts(359,36): error TS1005: ',' expected.
sveltekit-frontend/src/lib/services/nes-gpu-bridge.ts(359,45): error TS1005: ';' expected.
sveltekit-frontend/src/lib/services/nes-gpu-bridge.ts(359,47): error TS1434: Unexpected keyword or identifier.
sveltekit-frontend/src/lib/services/nes-gpu-bridge.ts(362,3): error TS1128: Declaration or statement expected.
sveltekit-frontend/src/lib/services/nes-gpu-bridge.ts(362,34): error TS1005: ',' expected.
sveltekit-frontend/src/lib/services/nes-gpu-bridge.ts(362,55): error TS1005: ';' expected.
sveltekit-frontend/src/lib/services/nes-gpu-bridge.ts(362,57): error TS1434: Unexpected keyword or identifier.
sveltekit-frontend/src/lib/services/nes-gpu-bridge.ts(367,3): error TS1128: Declaration or statement expected.
sveltekit-frontend/src/lib/services/nes-gpu-bridge.ts(367,32): error TS1005: ',' expected.
sveltekit-frontend/src/lib/services/nes-gpu-bridge.ts(367,41): error TS1005: ';' expected.
sveltekit-frontend/src/lib/services/nes-gpu-bridge.ts(367,43): error TS1434: Unexpected keyword or identifier.
sveltekit-frontend/src/lib/services/nes-gpu-bridge.ts(370,3): error TS1128: Declaration or statement expected.
sveltekit-frontend/src/lib/services/nes-gpu-bridge.ts(370,36): error TS1005: ',' expected.
sveltekit-frontend/src/lib/services/nes-gpu-bridge.ts(370,45): error TS1005: ';' expected.
sveltekit-frontend/src/lib/services/nes-gpu-bridge.ts(370,47): error TS1434: Unexpected keyword or identifier.
sveltekit-frontend/src/lib/services/nes-gpu-bridge.ts(373,3): error TS1128: Declaration or statement expected.
sveltekit-frontend/src/lib/services/nes-gpu-bridge.ts(373,32): error TS1005: ',' expected.
sveltekit-frontend/src/lib/services/nes-gpu-bridge.ts(373,38): error TS1005: ';' expected.
sveltekit-frontend/src/lib/services/nes-gpu-bridge.ts(373,40): error TS1434: Unexpected keyword or identifier.
sveltekit-frontend/src/lib/services/nes-gpu-bridge.ts(378,3): error TS1128: Declaration or statement expected.
sveltekit-frontend/src/lib/services/nes-gpu-bridge.ts(378,34): error TS1005: ',' expected.
sveltekit-frontend/src/lib/services/nes-gpu-bridge.ts(378,54): error TS1005: ',' expected.
sveltekit-frontend/src/lib/services/nes-gpu-bridge.ts(378,63): error TS1005: ';' expected.
sveltekit-frontend/src/lib/services/nes-gpu-bridge.ts(378,65): error TS1434: Unexpected keyword or identifier.
sveltekit-frontend/src/lib/services/nes-gpu-bridge.ts(389,3): error TS1128: Declaration or statement expected.
sveltekit-frontend/src/lib/services/nes-gpu-bridge.ts(389,33): error TS1005: ',' expected.
sveltekit-frontend/src/lib/services/nes-gpu-bridge.ts(389,42): error TS1005: ';' expected.
sveltekit-frontend/src/lib/services/nes-gpu-bridge.ts(389,64): error TS1005: ';' expected.
sveltekit-frontend/src/lib/services/nes-gpu-bridge.ts(397,3): error TS1128: Declaration or statement expected.
sveltekit-frontend/src/lib/services/nes-gpu-bridge.ts(397,39): error TS1005: ',' expected.
sveltekit-frontend/src/lib/services/nes-gpu-bridge.ts(397,55): error TS1005: ',' expected.
sveltekit-frontend/src/lib/services/nes-gpu-bridge.ts(397,71): error TS1005: ';' expected.
sveltekit-frontend/src/lib/services/nes-gpu-bridge.ts(398,11): error TS1005: ':' expected.
sveltekit-frontend/src/lib/services/nes-gpu-bridge.ts(398,17): error TS1005: ',' expected.
sveltekit-frontend/src/lib/services/nes-gpu-bridge.ts(404,5): error TS1005: ',' expected.
sveltekit-frontend/src/lib/services/nes-gpu-bridge.ts(404,9): error TS1005: ':' expected.
sveltekit-frontend/src/lib/services/nes-gpu-bridge.ts(404,43): error TS1005: ',' expected.
sveltekit-frontend/src/lib/services/nes-gpu-bridge.ts(406,13): error TS1005: ',' expected.
sveltekit-frontend/src/lib/services/nes-gpu-bridge.ts(406,35): error TS1005: ',' expected.
sveltekit-frontend/src/lib/services/nes-gpu-bridge.ts(406,37): error TS1136: Property assignment expected.
sveltekit-frontend/src/lib/services/nes-gpu-bridge.ts(410,3): error TS1128: Declaration or statement expected.
sveltekit-frontend/src/lib/services/nes-gpu-bridge.ts(411,3): error TS1128: Declaration or statement expected.
sveltekit-frontend/src/lib/services/nes-gpu-bridge.ts(411,11): error TS1434: Unexpected keyword or identifier.
sveltekit-frontend/src/lib/services/nes-gpu-bridge.ts(411,44): error TS1005: ',' expected.
sveltekit-frontend/src/lib/services/nes-gpu-bridge.ts(411,60): error TS1005: ';' expected.
sveltekit-frontend/src/lib/services/nes-gpu-bridge.ts(412,12): error TS1005: ':' expected.
sveltekit-frontend/src/lib/services/nes-gpu-bridge.ts(414,53): error TS1005: ')' expected.
sveltekit-frontend/src/lib/services/nes-gpu-bridge.ts(419,51): error TS1005: ')' expected.
sveltekit-frontend/src/lib/services/nes-gpu-bridge.ts(430,36): error TS1005: ')' expected.
sveltekit-frontend/src/lib/services/nes-gpu-bridge.ts(437,22): error TS1005: ',' expected.
sveltekit-frontend/src/lib/services/nes-gpu-bridge.ts(440,7): error TS1005: ',' expected.
sveltekit-frontend/src/lib/services/nes-gpu-bridge.ts(442,3): error TS1128: Declaration or statement expected.
sveltekit-frontend/src/lib/services/nes-gpu-bridge.ts(442,11): error TS1434: Unexpected keyword or identifier.
sveltekit-frontend/src/lib/services/nes-gpu-bridge.ts(445,3): error TS1128: Declaration or statement expected.
sveltekit-frontend/src/lib/services/nes-gpu-bridge.ts(445,4): error TS1128: Declaration or statement expected.
sveltekit-frontend/src/lib/services/nes-gpu-bridge.ts(448,12): error TS1005: ':' expected.
sveltekit-frontend/src/lib/services/nes-gpu-bridge.ts(463,3): error TS1128: Declaration or statement expected.
sveltekit-frontend/src/lib/services/nes-gpu-bridge.ts(463,11): error TS1434: Unexpected keyword or identifier.
sveltekit-frontend/src/lib/services/nes-gpu-bridge.ts(463,57): error TS1005: ',' expected.
sveltekit-frontend/src/lib/services/nes-gpu-bridge.ts(463,71): error TS1005: ';' expected.
sveltekit-frontend/src/lib/services/nes-gpu-bridge.ts(465,12): error TS1005: ',' expected.
sveltekit-frontend/src/lib/services/nes-gpu-bridge.ts(465,62): error TS1005: ',' expected.
sveltekit-frontend/src/lib/services/nes-gpu-bridge.ts(466,11): error TS1005: ':' expected.
sveltekit-frontend/src/lib/services/nes-gpu-bridge.ts(466,57): error TS1005: ',' expected.
sveltekit-frontend/src/lib/services/nes-gpu-bridge.ts(467,11): error TS1005: ':' expected.
sveltekit-frontend/src/lib/services/nes-gpu-bridge.ts(467,57): error TS1005: ',' expected.
sveltekit-frontend/src/lib/services/nes-gpu-bridge.ts(468,12): error TS1005: ':' expected.
sveltekit-frontend/src/lib/services/nes-gpu-bridge.ts(468,54): error TS1005: ',' expected.
sveltekit-frontend/src/lib/services/nes-gpu-bridge.ts(471,3): error TS1128: Declaration or statement expected.
sveltekit-frontend/src/lib/services/nes-gpu-bridge.ts(471,35): error TS1005: ',' expected.
sveltekit-frontend/src/lib/services/nes-gpu-bridge.ts(471,50): error TS1005: ',' expected.
sveltekit-frontend/src/lib/services/nes-gpu-bridge.ts(471,59): error TS1011: An element access expression should take an argument.
sveltekit-frontend/src/lib/services/nes-gpu-bridge.ts(471,61): error TS1005: ';' expected.
sveltekit-frontend/src/lib/services/nes-gpu-bridge.ts(471,63): error TS1434: Unexpected keyword or identifier.
sveltekit-frontend/src/lib/services/nes-gpu-bridge.ts(474,3): error TS1128: Declaration or statement expected.
sveltekit-frontend/src/lib/services/nes-gpu-bridge.ts(474,40): error TS1005: ',' expected.
sveltekit-frontend/src/lib/services/nes-gpu-bridge.ts(474,49): error TS1005: ';' expected.
sveltekit-frontend/src/lib/services/nes-gpu-bridge.ts(474,51): error TS1434: Unexpected keyword or identifier.
sveltekit-frontend/src/lib/services/nes-gpu-bridge.ts(480,3): error TS1128: Declaration or statement expected.
sveltekit-frontend/src/lib/services/nes-gpu-bridge.ts(480,45): error TS1005: ',' expected.
sveltekit-frontend/src/lib/services/nes-gpu-bridge.ts(480,72): error TS1005: ',' expected.
sveltekit-frontend/src/lib/services/nes-gpu-bridge.ts(480,88): error TS1005: ';' expected.
sveltekit-frontend/src/lib/services/nes-gpu-bridge.ts(480,90): error TS1434: Unexpected keyword or identifier.
sveltekit-frontend/src/lib/services/nes-gpu-bridge.ts(485,3): error TS1128: Declaration or statement expected.
sveltekit-frontend/src/lib/services/nes-gpu-bridge.ts(485,41): error TS1005: ',' expected.
sveltekit-frontend/src/lib/services/nes-gpu-bridge.ts(485,56): error TS1005: ';' expected.
sveltekit-frontend/src/lib/services/nes-gpu-bridge.ts(485,58): error TS1434: Unexpected keyword or identifier.
sveltekit-frontend/src/lib/services/nes-gpu-bridge.ts(487,47): error TS1109: Expression expected.
sveltekit-frontend/src/lib/services/nes-gpu-bridge.ts(489,7): error TS1109: Expression expected.
sveltekit-frontend/src/lib/services/nes-gpu-bridge.ts(490,54): error TS1109: Expression expected.
sveltekit-frontend/src/lib/services/nes-gpu-bridge.ts(492,7): error TS1109: Expression expected.
sveltekit-frontend/src/lib/services/nes-gpu-bridge.ts(498,3): error TS1128: Declaration or statement expected.
sveltekit-frontend/src/lib/services/nes-gpu-bridge.ts(498,31): error TS1005: ',' expected.
sveltekit-frontend/src/lib/services/nes-gpu-bridge.ts(498,51): error TS1005: ',' expected.
sveltekit-frontend/src/lib/services/nes-gpu-bridge.ts(498,60): error TS1005: ';' expected.
sveltekit-frontend/src/lib/services/nes-gpu-bridge.ts(498,62): error TS1434: Unexpected keyword or identifier.
sveltekit-frontend/src/lib/services/nes-gpu-bridge.ts(501,44): error TS1109: Expression expected.
sveltekit-frontend/src/lib/services/nes-gpu-bridge.ts(502,7): error TS1109: Expression expected.
sveltekit-frontend/src/lib/services/nes-gpu-bridge.ts(509,13): error TS1005: ';' expected.
sveltekit-frontend/src/lib/services/nes-gpu-bridge.ts(509,15): error TS1434: Unexpected keyword or identifier.
sveltekit-frontend/src/lib/services/nes-gpu-bridge.ts(512,18): error TS1005: ';' expected.
sveltekit-frontend/src/lib/services/nes-gpu-bridge.ts(520,19): error TS1005: ';' expected.
sveltekit-frontend/src/lib/services/nes-gpu-bridge.ts(520,21): error TS1434: Unexpected keyword or identifier.
sveltekit-frontend/src/lib/services/nes-gpu-bridge.ts(523,15): error TS1005: ';' expected.
sveltekit-frontend/src/lib/services/nes-gpu-bridge.ts(524,9): error TS1005: ':' expected.
sveltekit-frontend/src/lib/services/nes-gpu-bridge.ts(524,29): error TS1005: ',' expected.
sveltekit-frontend/src/lib/services/nes-gpu-bridge.ts(525,12): error TS1005: ',' expected.
sveltekit-frontend/src/lib/services/nes-gpu-bridge.ts(525,47): error TS1005: ',' expected.
sveltekit-frontend/src/lib/services/nes-gpu-bridge.ts(527,12): error TS1005: ';' expected.
sveltekit-frontend/src/lib/services/nes-gpu-bridge.ts(528,13): error TS1005: ',' expected.
sveltekit-frontend/src/lib/services/nes-gpu-bridge.ts(528,23): error TS1005: ',' expected.
sveltekit-frontend/src/lib/services/nes-gpu-bridge.ts(528,25): error TS1136: Property assignment expected.
sveltekit-frontend/src/lib/services/nes-gpu-bridge.ts(533,3): error TS1128: Declaration or statement expected.
sveltekit-frontend/src/lib/services/nes-gpu-bridge.ts(534,1): error TS1128: Declaration or statement expected.
sveltekit-frontend/src/lib/services/nes-gpu-bridge.ts(559,1): error TS1128: Declaration or statement expected.
sveltekit-frontend/src/lib/services/nintendo-memory-manager.ts(71,34): error TS1109: Expression expected.
sveltekit-frontend/src/lib/services/nintendo-memory-manager.ts(71,35): error TS1109: Expression expected.
sveltekit-frontend/src/lib/services/nintendo-memory-manager.ts(73,14): error TS1005: ',' expected.
sveltekit-frontend/src/lib/services/nintendo-memory-manager.ts(81,34): error TS1109: Expression expected.
sveltekit-frontend/src/lib/services/nintendo-memory-manager.ts(81,35): error TS1109: Expression expected.
sveltekit-frontend/src/lib/services/nintendo-memory-manager.ts(83,14): error TS1005: ',' expected.
sveltekit-frontend/src/lib/services/nintendo-memory-manager.ts(97,41): error TS1005: ';' expected.
sveltekit-frontend/src/lib/services/nintendo-memory-manager.ts(99,3): error TS1068: Unexpected token. A constructor, method, accessor, or property was expected.
sveltekit-frontend/src/lib/services/nintendo-memory-manager.ts(99,4): error TS1068: Unexpected token. A constructor, method, accessor, or property was expected.
sveltekit-frontend/src/lib/services/nintendo-memory-manager.ts(99,22): error TS1005: '(' expected.
sveltekit-frontend/src/lib/services/nintendo-memory-manager.ts(99,24): error TS1068: Unexpected token. A constructor, method, accessor, or property was expected.
sveltekit-frontend/src/lib/services/nintendo-memory-manager.ts(135,3): error TS1434: Unexpected keyword or identifier.
sveltekit-frontend/src/lib/services/nintendo-memory-manager.ts(135,22): error TS1005: ',' expected.
sveltekit-frontend/src/lib/services/nintendo-memory-manager.ts(135,31): error TS1005: ';' expected.
sveltekit-frontend/src/lib/services/nintendo-memory-manager.ts(137,13): error TS1005: ',' expected.
sveltekit-frontend/src/lib/services/nintendo-memory-manager.ts(137,33): error TS1005: ',' expected.
sveltekit-frontend/src/lib/services/nintendo-memory-manager.ts(137,35): error TS1136: Property assignment expected.
sveltekit-frontend/src/lib/services/nintendo-memory-manager.ts(163,3): error TS1128: Declaration or statement expected.
sveltekit-frontend/src/lib/services/nintendo-memory-manager.ts(167,3): error TS1128: Declaration or statement expected.
sveltekit-frontend/src/lib/services/nintendo-memory-manager.ts(167,11): error TS1434: Unexpected keyword or identifier.
sveltekit-frontend/src/lib/services/nintendo-memory-manager.ts(167,31): error TS1005: ',' expected.
sveltekit-frontend/src/lib/services/nintendo-memory-manager.ts(167,45): error TS1005: ',' expected.
sveltekit-frontend/src/lib/services/nintendo-memory-manager.ts(167,60): error TS1005: ',' expected.
sveltekit-frontend/src/lib/services/nintendo-memory-manager.ts(167,71): error TS1005: ';' expected.
sveltekit-frontend/src/lib/services/nintendo-memory-manager.ts(168,11): error TS1005: ':' expected.
sveltekit-frontend/src/lib/services/nintendo-memory-manager.ts(168,42): error TS1005: ',' expected.
sveltekit-frontend/src/lib/services/nintendo-memory-manager.ts(169,11): error TS1005: ':' expected.
sveltekit-frontend/src/lib/services/nintendo-memory-manager.ts(169,64): error TS1005: ',' expected.
sveltekit-frontend/src/lib/services/nintendo-memory-manager.ts(170,9): error TS1003: Identifier expected.
sveltekit-frontend/src/lib/services/nintendo-memory-manager.ts(170,21): error TS1005: ',' expected.
sveltekit-frontend/src/lib/services/nintendo-memory-manager.ts(170,74): error TS1005: ';' expected.
sveltekit-frontend/src/lib/services/nintendo-memory-manager.ts(183,3): error TS1128: Declaration or statement expected.
sveltekit-frontend/src/lib/services/nintendo-memory-manager.ts(187,3): error TS1128: Declaration or statement expected.
sveltekit-frontend/src/lib/services/nintendo-memory-manager.ts(187,25): error TS1005: ',' expected.
sveltekit-frontend/src/lib/services/nintendo-memory-manager.ts(187,39): error TS1005: ',' expected.
sveltekit-frontend/src/lib/services/nintendo-memory-manager.ts(187,54): error TS1005: ',' expected.
sveltekit-frontend/src/lib/services/nintendo-memory-manager.ts(187,65): error TS1005: ';' expected.
sveltekit-frontend/src/lib/services/nintendo-memory-manager.ts(187,67): error TS1434: Unexpected keyword or identifier.
sveltekit-frontend/src/lib/services/nintendo-memory-manager.ts(207,3): error TS1128: Declaration or statement expected.
sveltekit-frontend/src/lib/services/nintendo-memory-manager.ts(207,11): error TS1434: Unexpected keyword or identifier.
sveltekit-frontend/src/lib/services/nintendo-memory-manager.ts(211,9): error TS1109: Expression expected.
sveltekit-frontend/src/lib/services/nintendo-memory-manager.ts(212,3): error TS1128: Declaration or statement expected.
sveltekit-frontend/src/lib/services/nintendo-memory-manager.ts(212,4): error TS1128: Declaration or statement expected.
sveltekit-frontend/src/lib/services/nintendo-memory-manager.ts(212,18): error TS1109: Expression expected.
sveltekit-frontend/src/lib/services/nintendo-memory-manager.ts(213,11): error TS1005: ':' expected.
sveltekit-frontend/src/lib/services/nintendo-memory-manager.ts(213,42): error TS1005: ',' expected.
sveltekit-frontend/src/lib/services/nintendo-memory-manager.ts(214,11): error TS1005: ':' expected.
sveltekit-frontend/src/lib/services/nintendo-memory-manager.ts(214,44): error TS1005: ',' expected.
sveltekit-frontend/src/lib/services/nintendo-memory-manager.ts(216,11): error TS1005: ':' expected.
sveltekit-frontend/src/lib/services/nintendo-memory-manager.ts(216,52): error TS1005: ',' expected.
sveltekit-frontend/src/lib/services/nintendo-memory-manager.ts(217,17): error TS1138: Parameter declaration expected.
sveltekit-frontend/src/lib/services/nintendo-memory-manager.ts(217,67): error TS1005: ':' expected.
sveltekit-frontend/src/lib/services/nintendo-memory-manager.ts(217,69): error TS1136: Property assignment expected.
sveltekit-frontend/src/lib/services/nintendo-memory-manager.ts(233,7): error TS1005: ')' expected.
sveltekit-frontend/src/lib/services/nintendo-memory-manager.ts(234,3): error TS1128: Declaration or statement expected.
sveltekit-frontend/src/lib/services/nintendo-memory-manager.ts(238,3): error TS1128: Declaration or statement expected.
sveltekit-frontend/src/lib/services/nintendo-memory-manager.ts(238,11): error TS1434: Unexpected keyword or identifier.
sveltekit-frontend/src/lib/services/nintendo-memory-manager.ts(238,40): error TS1109: Expression expected.
sveltekit-frontend/src/lib/services/nintendo-memory-manager.ts(238,54): error TS1109: Expression expected.
sveltekit-frontend/src/lib/services/nintendo-memory-manager.ts(239,13): error TS1003: Identifier expected.
sveltekit-frontend/src/lib/services/nintendo-memory-manager.ts(239,64): error TS1005: ',' expected.
sveltekit-frontend/src/lib/services/nintendo-memory-manager.ts(241,11): error TS1005: ':' expected.
sveltekit-frontend/src/lib/services/nintendo-memory-manager.ts(241,65): error TS1005: ',' expected.
sveltekit-frontend/src/lib/services/nintendo-memory-manager.ts(242,11): error TS1005: ':' expected.
sveltekit-frontend/src/lib/services/nintendo-memory-manager.ts(242,51): error TS1005: ',' expected.
sveltekit-frontend/src/lib/services/nintendo-memory-manager.ts(243,7): error TS1003: Identifier expected.
sveltekit-frontend/src/lib/services/nintendo-memory-manager.ts(247,47): error TS1005: ')' expected.
sveltekit-frontend/src/lib/services/nintendo-memory-manager.ts(248,9): error TS1005: ',' expected.
sveltekit-frontend/src/lib/services/nintendo-memory-manager.ts(248,21): error TS1109: Expression expected.
sveltekit-frontend/src/lib/services/nintendo-memory-manager.ts(248,24): error TS1005: ':' expected.
sveltekit-frontend/src/lib/services/nintendo-memory-manager.ts(249,11): error TS1005: ':' expected.
sveltekit-frontend/src/lib/services/nintendo-memory-manager.ts(249,59): error TS1005: ':' expected.
sveltekit-frontend/src/lib/services/nintendo-memory-manager.ts(250,10): error TS1359: Identifier expected. 'const' is a reserved word that cannot be used here.
sveltekit-frontend/src/lib/services/nintendo-memory-manager.ts(250,16): error TS1005: ',' expected.
sveltekit-frontend/src/lib/services/nintendo-memory-manager.ts(250,26): error TS1005: ',' expected.
sveltekit-frontend/src/lib/services/nintendo-memory-manager.ts(252,76): error TS1005: ';' expected.
sveltekit-frontend/src/lib/services/nintendo-memory-manager.ts(252,77): error TS1005: ')' expected.
sveltekit-frontend/src/lib/services/nintendo-memory-manager.ts(252,89): error TS1109: Expression expected.
sveltekit-frontend/src/lib/services/nintendo-memory-manager.ts(252,96): error TS1109: Expression expected.
sveltekit-frontend/src/lib/services/nintendo-memory-manager.ts(252,98): error TS1005: ',' expected.
sveltekit-frontend/src/lib/services/nintendo-memory-manager.ts(252,99): error TS1003: Identifier expected.
sveltekit-frontend/src/lib/services/nintendo-memory-manager.ts(252,104): error TS1005: ',' expected.
sveltekit-frontend/src/lib/services/nintendo-memory-manager.ts(252,105): error TS1136: Property assignment expected.
sveltekit-frontend/src/lib/services/nintendo-memory-manager.ts(253,13): error TS1005: ',' expected.
sveltekit-frontend/src/lib/services/nintendo-memory-manager.ts(253,18): error TS1005: ',' expected.
sveltekit-frontend/src/lib/services/nintendo-memory-manager.ts(253,93): error TS1131: Property or signature expected.
sveltekit-frontend/src/lib/services/nintendo-memory-manager.ts(253,96): error TS1005: ',' expected.
sveltekit-frontend/src/lib/services/nintendo-memory-manager.ts(253,116): error TS1005: ',' expected.
sveltekit-frontend/src/lib/services/nintendo-memory-manager.ts(253,118): error TS1005: ';' expected.
sveltekit-frontend/src/lib/services/nintendo-memory-manager.ts(253,119): error TS1128: Declaration or statement expected.
sveltekit-frontend/src/lib/services/nintendo-memory-manager.ts(253,120): error TS1434: Unexpected keyword or identifier.
sveltekit-frontend/src/lib/services/nintendo-memory-manager.ts(253,123): error TS1128: Declaration or statement expected.
sveltekit-frontend/src/lib/services/nintendo-memory-manager.ts(257,5): error TS1128: Declaration or statement expected.
sveltekit-frontend/src/lib/services/nintendo-memory-manager.ts(259,3): error TS1128: Declaration or statement expected.
sveltekit-frontend/src/lib/services/nintendo-memory-manager.ts(263,3): error TS1128: Declaration or statement expected.
sveltekit-frontend/src/lib/services/nintendo-memory-manager.ts(263,11): error TS1434: Unexpected keyword or identifier.
sveltekit-frontend/src/lib/services/nintendo-memory-manager.ts(263,38): error TS1109: Expression expected.
sveltekit-frontend/src/lib/services/nintendo-memory-manager.ts(264,9): error TS1005: ':' expected.
sveltekit-frontend/src/lib/services/nintendo-memory-manager.ts(265,13): error TS1005: ':' expected.
sveltekit-frontend/src/lib/services/nintendo-memory-manager.ts(265,52): error TS1005: ',' expected.
sveltekit-frontend/src/lib/services/nintendo-memory-manager.ts(267,13): error TS1005: ':' expected.
sveltekit-frontend/src/lib/services/nintendo-memory-manager.ts(268,7): error TS1005: ',' expected.
sveltekit-frontend/src/lib/services/nintendo-memory-manager.ts(268,12): error TS1359: Identifier expected. 'const' is a reserved word that cannot be used here.
sveltekit-frontend/src/lib/services/nintendo-memory-manager.ts(268,18): error TS1005: ',' expected.
sveltekit-frontend/src/lib/services/nintendo-memory-manager.ts(268,28): error TS1005: ',' expected.
sveltekit-frontend/src/lib/services/nintendo-memory-manager.ts(274,7): error TS1005: ',' expected.
sveltekit-frontend/src/lib/services/nintendo-memory-manager.ts(274,14): error TS1005: ':' expected.
sveltekit-frontend/src/lib/services/nintendo-memory-manager.ts(274,22): error TS1005: ',' expected.
sveltekit-frontend/src/lib/services/nintendo-memory-manager.ts(275,7): error TS1005: ',' expected.
sveltekit-frontend/src/lib/services/nintendo-memory-manager.ts(283,3): error TS1128: Declaration or statement expected.
sveltekit-frontend/src/lib/services/nintendo-memory-manager.ts(283,11): error TS1434: Unexpected keyword or identifier.
sveltekit-frontend/src/lib/services/nintendo-memory-manager.ts(283,40): error TS1109: Expression expected.
sveltekit-frontend/src/lib/services/nintendo-memory-manager.ts(283,54): error TS1109: Expression expected.
sveltekit-frontend/src/lib/services/nintendo-memory-manager.ts(284,11): error TS1005: ':' expected.
sveltekit-frontend/src/lib/services/nintendo-memory-manager.ts(284,65): error TS1005: ',' expected.
sveltekit-frontend/src/lib/services/nintendo-memory-manager.ts(285,11): error TS1005: ':' expected.
sveltekit-frontend/src/lib/services/nintendo-memory-manager.ts(285,56): error TS1005: ',' expected.
sveltekit-frontend/src/lib/services/nintendo-memory-manager.ts(286,7): error TS1003: Identifier expected.
sveltekit-frontend/src/lib/services/nintendo-memory-manager.ts(288,7): error TS1003: Identifier expected.
sveltekit-frontend/src/lib/services/nintendo-memory-manager.ts(288,49): error TS1005: ',' expected.
sveltekit-frontend/src/lib/services/nintendo-memory-manager.ts(289,11): error TS1005: ':' expected.
sveltekit-frontend/src/lib/services/nintendo-memory-manager.ts(289,62): error TS1005: ',' expected.
sveltekit-frontend/src/lib/services/nintendo-memory-manager.ts(290,14): error TS1005: ',' expected.
sveltekit-frontend/src/lib/services/nintendo-memory-manager.ts(290,17): error TS1109: Expression expected.
sveltekit-frontend/src/lib/services/nintendo-memory-manager.ts(290,19): error TS1003: Identifier expected.
sveltekit-frontend/src/lib/services/nintendo-memory-manager.ts(290,20): error TS1138: Parameter declaration expected.
sveltekit-frontend/src/lib/services/nintendo-memory-manager.ts(290,21): error TS1138: Parameter declaration expected.
sveltekit-frontend/src/lib/services/nintendo-memory-manager.ts(290,25): error TS1005: ',' expected.
sveltekit-frontend/src/lib/services/nintendo-memory-manager.ts(290,39): error TS1005: ',' expected.
sveltekit-frontend/src/lib/services/nintendo-memory-manager.ts(290,42): error TS1005: ',' expected.
sveltekit-frontend/src/lib/services/nintendo-memory-manager.ts(290,44): error TS1005: ';' expected.
sveltekit-frontend/src/lib/services/nintendo-memory-manager.ts(290,47): error TS1109: Expression expected.
sveltekit-frontend/src/lib/services/nintendo-memory-manager.ts(291,7): error TS1109: Expression expected.
sveltekit-frontend/src/lib/services/nintendo-memory-manager.ts(292,76): error TS1005: ';' expected.
sveltekit-frontend/src/lib/services/nintendo-memory-manager.ts(292,77): error TS1005: ')' expected.
sveltekit-frontend/src/lib/services/nintendo-memory-manager.ts(292,89): error TS1109: Expression expected.
sveltekit-frontend/src/lib/services/nintendo-memory-manager.ts(292,96): error TS1109: Expression expected.
sveltekit-frontend/src/lib/services/nintendo-memory-manager.ts(292,98): error TS1128: Declaration or statement expected.
sveltekit-frontend/src/lib/services/nintendo-memory-manager.ts(292,99): error TS1128: Declaration or statement expected.
sveltekit-frontend/src/lib/services/nintendo-memory-manager.ts(292,100): error TS1434: Unexpected keyword or identifier.
sveltekit-frontend/src/lib/services/nintendo-memory-manager.ts(292,103): error TS1128: Declaration or statement expected.
sveltekit-frontend/src/lib/services/nintendo-memory-manager.ts(293,93): error TS1005: ';' expected.
sveltekit-frontend/src/lib/services/nintendo-memory-manager.ts(293,94): error TS1005: ')' expected.
sveltekit-frontend/src/lib/services/nintendo-memory-manager.ts(293,106): error TS1109: Expression expected.
sveltekit-frontend/src/lib/services/nintendo-memory-manager.ts(293,113): error TS1109: Expression expected.
sveltekit-frontend/src/lib/services/nintendo-memory-manager.ts(293,114): error TS1128: Declaration or statement expected.
sveltekit-frontend/src/lib/services/nintendo-memory-manager.ts(293,115): error TS1128: Declaration or statement expected.
sveltekit-frontend/src/lib/services/nintendo-memory-manager.ts(293,116): error TS1128: Declaration or statement expected.
sveltekit-frontend/src/lib/services/nintendo-memory-manager.ts(293,117): error TS1434: Unexpected keyword or identifier.
sveltekit-frontend/src/lib/services/nintendo-memory-manager.ts(293,120): error TS1128: Declaration or statement expected.
sveltekit-frontend/src/lib/services/nintendo-memory-manager.ts(296,5): error TS1128: Declaration or statement expected.
sveltekit-frontend/src/lib/services/nintendo-memory-manager.ts(297,3): error TS1128: Declaration or statement expected.
sveltekit-frontend/src/lib/services/nintendo-memory-manager.ts(301,3): error TS1128: Declaration or statement expected.
sveltekit-frontend/src/lib/services/nintendo-memory-manager.ts(301,28): error TS1135: Argument expression expected.
sveltekit-frontend/src/lib/services/nintendo-memory-manager.ts(301,46): error TS1005: ',' expected.
sveltekit-frontend/src/lib/services/nintendo-memory-manager.ts(301,61): error TS1005: ',' expected.
sveltekit-frontend/src/lib/services/nintendo-memory-manager.ts(301,77): error TS1005: ',' expected.
sveltekit-frontend/src/lib/services/nintendo-memory-manager.ts(301,89): error TS1005: ';' expected.
sveltekit-frontend/src/lib/services/nintendo-memory-manager.ts(301,91): error TS1434: Unexpected keyword or identifier.
sveltekit-frontend/src/lib/services/nintendo-memory-manager.ts(317,3): error TS1128: Declaration or statement expected.
sveltekit-frontend/src/lib/services/nintendo-memory-manager.ts(317,36): error TS1135: Argument expression expected.
sveltekit-frontend/src/lib/services/nintendo-memory-manager.ts(317,45): error TS1005: ';' expected.
sveltekit-frontend/src/lib/services/nintendo-memory-manager.ts(318,9): error TS1005: ',' expected.
sveltekit-frontend/src/lib/services/nintendo-memory-manager.ts(318,20): error TS1109: Expression expected.
sveltekit-frontend/src/lib/services/nintendo-memory-manager.ts(318,23): error TS1005: ':' expected.
sveltekit-frontend/src/lib/services/nintendo-memory-manager.ts(319,10): error TS1359: Identifier expected. 'const' is a reserved word that cannot be used here.
sveltekit-frontend/src/lib/services/nintendo-memory-manager.ts(319,16): error TS1005: ',' expected.
sveltekit-frontend/src/lib/services/nintendo-memory-manager.ts(319,26): error TS1005: ',' expected.
sveltekit-frontend/src/lib/services/nintendo-memory-manager.ts(319,31): error TS1005: ',' expected.
sveltekit-frontend/src/lib/services/nintendo-memory-manager.ts(319,40): error TS1005: ',' expected.
sveltekit-frontend/src/lib/services/nintendo-memory-manager.ts(319,42): error TS1136: Property assignment expected.
sveltekit-frontend/src/lib/services/nintendo-memory-manager.ts(321,57): error TS1005: ')' expected.
sveltekit-frontend/src/lib/services/nintendo-memory-manager.ts(322,9): error TS1128: Declaration or statement expected.
sveltekit-frontend/src/lib/services/nintendo-memory-manager.ts(325,75): error TS1005: ';' expected.
sveltekit-frontend/src/lib/services/nintendo-memory-manager.ts(325,76): error TS1005: ')' expected.
sveltekit-frontend/src/lib/services/nintendo-memory-manager.ts(325,88): error TS1109: Expression expected.
sveltekit-frontend/src/lib/services/nintendo-memory-manager.ts(325,95): error TS1128: Declaration or statement expected.
sveltekit-frontend/src/lib/services/nintendo-memory-manager.ts(325,96): error TS1128: Declaration or statement expected.
sveltekit-frontend/src/lib/services/nintendo-memory-manager.ts(325,97): error TS1434: Unexpected keyword or identifier.
sveltekit-frontend/src/lib/services/nintendo-memory-manager.ts(325,100): error TS1128: Declaration or statement expected.
sveltekit-frontend/src/lib/services/nintendo-memory-manager.ts(326,77): error TS1005: ';' expected.
sveltekit-frontend/src/lib/services/nintendo-memory-manager.ts(326,78): error TS1005: ')' expected.
sveltekit-frontend/src/lib/services/nintendo-memory-manager.ts(326,90): error TS1109: Expression expected.
sveltekit-frontend/src/lib/services/nintendo-memory-manager.ts(326,97): error TS1128: Declaration or statement expected.
sveltekit-frontend/src/lib/services/nintendo-memory-manager.ts(326,98): error TS1128: Declaration or statement expected.
sveltekit-frontend/src/lib/services/nintendo-memory-manager.ts(326,99): error TS1434: Unexpected keyword or identifier.
sveltekit-frontend/src/lib/services/nintendo-memory-manager.ts(326,102): error TS1128: Declaration or statement expected.
sveltekit-frontend/src/lib/services/nintendo-memory-manager.ts(330,7): error TS1128: Declaration or statement expected.
sveltekit-frontend/src/lib/services/nintendo-memory-manager.ts(331,5): error TS1128: Declaration or statement expected.
sveltekit-frontend/src/lib/services/nintendo-memory-manager.ts(332,3): error TS1128: Declaration or statement expected.
sveltekit-frontend/src/lib/services/nintendo-memory-manager.ts(336,3): error TS1128: Declaration or statement expected.
sveltekit-frontend/src/lib/services/nintendo-memory-manager.ts(336,30): error TS1135: Argument expression expected.
sveltekit-frontend/src/lib/services/nintendo-memory-manager.ts(336,36): error TS1005: ';' expected.
sveltekit-frontend/src/lib/services/nintendo-memory-manager.ts(336,38): error TS1434: Unexpected keyword or identifier.
sveltekit-frontend/src/lib/services/nintendo-memory-manager.ts(346,3): error TS1128: Declaration or statement expected.
sveltekit-frontend/src/lib/services/nintendo-memory-manager.ts(346,11): error TS1434: Unexpected keyword or identifier.
sveltekit-frontend/src/lib/services/nintendo-memory-manager.ts(346,37): error TS1135: Argument expression expected.
sveltekit-frontend/src/lib/services/nintendo-memory-manager.ts(346,59): error TS1005: ',' expected.
sveltekit-frontend/src/lib/services/nintendo-memory-manager.ts(346,71): error TS1005: ';' expected.
sveltekit-frontend/src/lib/services/nintendo-memory-manager.ts(346,85): error TS1109: Expression expected.
sveltekit-frontend/src/lib/services/nintendo-memory-manager.ts(347,9): error TS1005: ':' expected.
sveltekit-frontend/src/lib/services/nintendo-memory-manager.ts(348,13): error TS1005: ':' expected.
sveltekit-frontend/src/lib/services/nintendo-memory-manager.ts(348,66): error TS1005: ',' expected.
sveltekit-frontend/src/lib/services/nintendo-memory-manager.ts(351,146): error TS1005: ';' expected.
sveltekit-frontend/src/lib/services/nintendo-memory-manager.ts(351,147): error TS1005: ')' expected.
sveltekit-frontend/src/lib/services/nintendo-memory-manager.ts(351,159): error TS1109: Expression expected.
sveltekit-frontend/src/lib/services/nintendo-memory-manager.ts(351,166): error TS1109: Expression expected.
sveltekit-frontend/src/lib/services/nintendo-memory-manager.ts(351,167): error TS1005: ',' expected.
sveltekit-frontend/src/lib/services/nintendo-memory-manager.ts(351,168): error TS1003: Identifier expected.
sveltekit-frontend/src/lib/services/nintendo-memory-manager.ts(351,191): error TS1005: ',' expected.
sveltekit-frontend/src/lib/services/nintendo-memory-manager.ts(351,192): error TS1136: Property assignment expected.
sveltekit-frontend/src/lib/services/nintendo-memory-manager.ts(352,9): error TS1136: Property assignment expected.
sveltekit-frontend/src/lib/services/nintendo-memory-manager.ts(352,100): error TS1005: ',' expected.
sveltekit-frontend/src/lib/services/nintendo-memory-manager.ts(353,15): error TS1005: ',' expected.
sveltekit-frontend/src/lib/services/nintendo-memory-manager.ts(353,20): error TS1005: ',' expected.
sveltekit-frontend/src/lib/services/nintendo-memory-manager.ts(353,74): error TS1005: ')' expected.
sveltekit-frontend/src/lib/services/nintendo-memory-manager.ts(355,5): error TS1128: Declaration or statement expected.
sveltekit-frontend/src/lib/services/nintendo-memory-manager.ts(355,7): error TS1005: 'try' expected.
sveltekit-frontend/src/lib/services/nintendo-memory-manager.ts(358,3): error TS1128: Declaration or statement expected.
sveltekit-frontend/src/lib/services/nintendo-memory-manager.ts(362,3): error TS1128: Declaration or statement expected.
sveltekit-frontend/src/lib/services/nintendo-memory-manager.ts(362,11): error TS1434: Unexpected keyword or identifier.
sveltekit-frontend/src/lib/services/nintendo-memory-manager.ts(362,38): error TS1135: Argument expression expected.
sveltekit-frontend/src/lib/services/nintendo-memory-manager.ts(362,53): error TS1005: ',' expected.
sveltekit-frontend/src/lib/services/nintendo-memory-manager.ts(362,60): error TS1005: ';' expected.
sveltekit-frontend/src/lib/services/nintendo-memory-manager.ts(362,74): error TS1109: Expression expected.
sveltekit-frontend/src/lib/services/nintendo-memory-manager.ts(364,11): error TS1005: ':' expected.
sveltekit-frontend/src/lib/services/nintendo-memory-manager.ts(364,42): error TS1005: ',' expected.
sveltekit-frontend/src/lib/services/nintendo-memory-manager.ts(365,15): error TS1138: Parameter declaration expected.
sveltekit-frontend/src/lib/services/nintendo-memory-manager.ts(365,69): error TS1005: ';' expected.
sveltekit-frontend/src/lib/services/nintendo-memory-manager.ts(365,72): error TS1109: Expression expected.
sveltekit-frontend/src/lib/services/nintendo-memory-manager.ts(368,3): error TS1128: Declaration or statement expected.
sveltekit-frontend/src/lib/services/nintendo-memory-manager.ts(372,3): error TS1128: Declaration or statement expected.
sveltekit-frontend/src/lib/services/nintendo-memory-manager.ts(372,32): error TS1109: Expression expected.
sveltekit-frontend/src/lib/services/nintendo-memory-manager.ts(373,24): error TS1138: Parameter declaration expected.
sveltekit-frontend/src/lib/services/nintendo-memory-manager.ts(373,28): error TS1005: '(' expected.
sveltekit-frontend/src/lib/services/nintendo-memory-manager.ts(381,41): error TS1109: Expression expected.
sveltekit-frontend/src/lib/services/nintendo-memory-manager.ts(387,12): error TS1005: ';' expected.
sveltekit-frontend/src/lib/services/nintendo-memory-manager.ts(388,3): error TS1128: Declaration or statement expected.
sveltekit-frontend/src/lib/services/nintendo-memory-manager.ts(392,14): error TS1109: Expression expected.
sveltekit-frontend/src/lib/services/nintendo-memory-manager.ts(393,12): error TS1005: ':' expected.
sveltekit-frontend/src/lib/services/nintendo-memory-manager.ts(398,3): error TS1434: Unexpected keyword or identifier.
sveltekit-frontend/src/lib/services/nintendo-memory-manager.ts(398,26): error TS1109: Expression expected.
sveltekit-frontend/src/lib/services/nintendo-memory-manager.ts(398,40): error TS1109: Expression expected.
sveltekit-frontend/src/lib/services/nintendo-memory-manager.ts(399,13): error TS1003: Identifier expected.
sveltekit-frontend/src/lib/services/nintendo-memory-manager.ts(399,57): error TS1005: ',' expected.
sveltekit-frontend/src/lib/services/nintendo-memory-manager.ts(401,9): error TS1005: ':' expected.
sveltekit-frontend/src/lib/services/nintendo-memory-manager.ts(401,28): error TS1005: ',' expected.
sveltekit-frontend/src/lib/services/nintendo-memory-manager.ts(402,9): error TS1005: ':' expected.
sveltekit-frontend/src/lib/services/nintendo-memory-manager.ts(402,25): error TS1005: ',' expected.
sveltekit-frontend/src/lib/services/nintendo-memory-manager.ts(403,10): error TS1359: Identifier expected. 'const' is a reserved word that cannot be used here.
sveltekit-frontend/src/lib/services/nintendo-memory-manager.ts(403,16): error TS1005: ',' expected.
sveltekit-frontend/src/lib/services/nintendo-memory-manager.ts(403,26): error TS1005: ',' expected.
sveltekit-frontend/src/lib/services/nintendo-memory-manager.ts(403,35): error TS1005: ',' expected.
sveltekit-frontend/src/lib/services/nintendo-memory-manager.ts(403,61): error TS1005: ',' expected.
sveltekit-frontend/src/lib/services/nintendo-memory-manager.ts(403,62): error TS1136: Property assignment expected.
sveltekit-frontend/src/lib/services/nintendo-memory-manager.ts(403,64): error TS1136: Property assignment expected.
sveltekit-frontend/src/lib/services/nintendo-memory-manager.ts(415,3): error TS1128: Declaration or statement expected.
sveltekit-frontend/src/lib/services/nintendo-memory-manager.ts(416,1): error TS1128: Declaration or statement expected.
sveltekit-frontend/src/lib/services/nlp-metrics.ts(19,118): error TS1005: ')' expected.
sveltekit-frontend/src/lib/services/nlp-metrics.ts(19,137): error TS1109: Expression expected.
sveltekit-frontend/src/lib/services/nlp-metrics.ts(48,118): error TS1005: ')' expected.
sveltekit-frontend/src/lib/services/node-simd-json.ts(21,75): error TS1005: ')' expected.
sveltekit-frontend/src/lib/services/node-simd-json.ts(223,7): error TS1128: Declaration or statement expected.
sveltekit-frontend/src/lib/services/node-simd-json.ts(223,80): error TS1109: Expression expected.
sveltekit-frontend/src/lib/services/node-simd-json.ts(225,7): error TS1128: Declaration or statement expected.
sveltekit-frontend/src/lib/services/node-simd-json.ts(225,88): error TS1109: Expression expected.
sveltekit-frontend/src/lib/services/node-simd-json.ts(282,43): error TS1109: Expression expected.
sveltekit-frontend/src/lib/services/node-simd-json.ts(283,44): error TS1005: ')' expected.
sveltekit-frontend/src/lib/services/node-simd-json.ts(288,43): error TS1109: Expression expected.
sveltekit-frontend/src/lib/services/node-simd-json.ts(289,52): error TS1005: ')' expected.
sveltekit-frontend/src/lib/services/node-simd-json.ts(319,1): error TS1131: Property or signature expected.
sveltekit-frontend/src/lib/services/nodejs-cluster-architecture.ts(26,1): error TS1128: Declaration or statement expected.
sveltekit-frontend/src/lib/services/nodejs-cluster-architecture.ts(39,1): error TS1128: Declaration or statement expected.
sveltekit-frontend/src/lib/services/nodejs-cluster-architecture.ts(90,51): error TS1005: ')' expected.
sveltekit-frontend/src/lib/services/nodejs-cluster-architecture.ts(111,52): error TS1109: Expression expected.
sveltekit-frontend/src/lib/services/nodejs-cluster-architecture.ts(250,73): error TS1109: Expression expected.
sveltekit-frontend/src/lib/services/nodejs-cluster-architecture.ts(251,5): error TS1109: Expression expected.
sveltekit-frontend/src/lib/services/nodejs-cluster-architecture.ts(263,57): error TS1109: Expression expected.
sveltekit-frontend/src/lib/services/nodejs-cluster-architecture.ts(264,5): error TS1109: Expression expected.
sveltekit-frontend/src/lib/services/nodejs-cluster-architecture.ts(287,75): error TS1005: ')' expected.
sveltekit-frontend/src/lib/services/nodejs-cluster-architecture.ts(409,7): error TS1135: Argument expression expected.
sveltekit-frontend/src/lib/services/nodejs-cluster-architecture.ts(421,60): error TS1005: ')' expected.
sveltekit-frontend/src/lib/services/nodejs-cluster-architecture.ts(486,44): error TS1005: ')' expected.
sveltekit-frontend/src/lib/services/nodejs-cluster-architecture.ts(493,53): error TS1005: ')' expected.
sveltekit-frontend/src/lib/services/nodejs-cluster-architecture.ts(498,68): error TS1005: ')' expected.
sveltekit-frontend/src/lib/services/nodejs-cluster-architecture.ts(511,47): error TS1109: Expression expected.
sveltekit-frontend/src/lib/services/nodejs-cluster-architecture.ts(514,49): error TS1109: Expression expected.
sveltekit-frontend/src/lib/services/nodejs-cluster-architecture.ts(516,7): error TS1109: Expression expected.
sveltekit-frontend/src/lib/services/nodejs-cluster-architecture.ts(542,54): error TS1005: ';' expected.
sveltekit-frontend/src/lib/services/nodejs-cluster-architecture.ts(544,4): error TS1005: ';' expected.
sveltekit-frontend/src/lib/services/nodejs-cluster-architecture.ts(561,35): error TS1005: ')' expected.
sveltekit-frontend/src/lib/services/nodejs-orchestrator.ts(393,8): error TS1005: ';' expected.
sveltekit-frontend/src/lib/services/nodejs-orchestrator.ts(788,59): error TS1005: ',' expected.
sveltekit-frontend/src/lib/services/nodejs-orchestrator.ts(795,6): error TS1068: Unexpected token. A constructor, method, accessor, or property was expected.
sveltekit-frontend/src/lib/services/nodejs-orchestrator.ts(819,5): error TS1068: Unexpected token. A constructor, method, accessor, or property was expected.
sveltekit-frontend/src/lib/services/nodejs-orchestrator.ts(824,3): error TS1128: Declaration or statement expected.
sveltekit-frontend/src/lib/services/nodejs-orchestrator.ts(828,3): error TS1128: Declaration or statement expected.
sveltekit-frontend/src/lib/services/nodejs-orchestrator.ts(828,39): error TS1005: ',' expected.
sveltekit-frontend/src/lib/services/nodejs-orchestrator.ts(828,67): error TS1109: Expression expected.
sveltekit-frontend/src/lib/services/nodejs-orchestrator.ts(828,76): error TS1005: ';' expected.
sveltekit-frontend/src/lib/services/nodejs-orchestrator.ts(828,92): error TS1005: ';' expected.
sveltekit-frontend/src/lib/services/nodejs-orchestrator.ts(850,3): error TS1128: Declaration or statement expected.
sveltekit-frontend/src/lib/services/nodejs-orchestrator.ts(850,28): error TS1005: ';' expected.
sveltekit-frontend/src/lib/services/nodejs-orchestrator.ts(851,9): error TS1003: Identifier expected.
sveltekit-frontend/src/lib/services/nodejs-orchestrator.ts(851,19): error TS1005: '{' expected.
sveltekit-frontend/src/lib/services/nodejs-orchestrator.ts(851,25): error TS1005: ':' expected.
sveltekit-frontend/src/lib/services/nodejs-orchestrator.ts(852,17): error TS1138: Parameter declaration expected.
sveltekit-frontend/src/lib/services/nodejs-orchestrator.ts(852,20): error TS1005: ';' expected.
sveltekit-frontend/src/lib/services/nodejs-orchestrator.ts(854,6): error TS1128: Declaration or statement expected.
sveltekit-frontend/src/lib/services/nodejs-orchestrator.ts(854,12): error TS1005: ';' expected.
sveltekit-frontend/src/lib/services/nodejs-orchestrator.ts(855,3): error TS1128: Declaration or statement expected.
sveltekit-frontend/src/lib/services/nodejs-orchestrator.ts(859,3): error TS1128: Declaration or statement expected.
sveltekit-frontend/src/lib/services/nodejs-orchestrator.ts(859,26): error TS1005: ';' expected.
sveltekit-frontend/src/lib/services/nodejs-orchestrator.ts(860,9): error TS1005: ',' expected.
sveltekit-frontend/src/lib/services/nodejs-orchestrator.ts(860,63): error TS1005: ',' expected.
sveltekit-frontend/src/lib/services/nodejs-orchestrator.ts(861,9): error TS1005: ':' expected.
sveltekit-frontend/src/lib/services/nodejs-orchestrator.ts(861,62): error TS1005: ',' expected.
sveltekit-frontend/src/lib/services/nodejs-orchestrator.ts(862,11): error TS1005: ':' expected.
sveltekit-frontend/src/lib/services/nodejs-orchestrator.ts(863,57): error TS1005: ',' expected.
sveltekit-frontend/src/lib/services/nodejs-orchestrator.ts(864,11): error TS1005: ':' expected.
sveltekit-frontend/src/lib/services/nodejs-orchestrator.ts(865,55): error TS1005: ',' expected.
sveltekit-frontend/src/lib/services/nodejs-orchestrator.ts(866,11): error TS1005: ':' expected.
sveltekit-frontend/src/lib/services/nodejs-orchestrator.ts(866,47): error TS1005: ',' expected.
sveltekit-frontend/src/lib/services/nodejs-orchestrator.ts(867,11): error TS1005: ':' expected.
sveltekit-frontend/src/lib/services/nodejs-orchestrator.ts(867,66): error TS1005: ',' expected.
sveltekit-frontend/src/lib/services/nodejs-orchestrator.ts(868,9): error TS1005: ':' expected.
sveltekit-frontend/src/lib/services/nodejs-orchestrator.ts(884,7): error TS1005: ',' expected.
sveltekit-frontend/src/lib/services/nodejs-orchestrator.ts(889,3): error TS1128: Declaration or statement expected.
sveltekit-frontend/src/lib/services/nodejs-orchestrator.ts(889,37): error TS1005: ';' expected.
sveltekit-frontend/src/lib/services/nodejs-orchestrator.ts(889,39): error TS1434: Unexpected keyword or identifier.
sveltekit-frontend/src/lib/services/nodejs-orchestrator.ts(902,3): error TS1128: Declaration or statement expected.
sveltekit-frontend/src/lib/services/nodejs-orchestrator.ts(902,46): error TS1005: ',' expected.
sveltekit-frontend/src/lib/services/nodejs-orchestrator.ts(902,74): error TS1005: ';' expected.
sveltekit-frontend/src/lib/services/nodejs-orchestrator.ts(902,76): error TS1434: Unexpected keyword or identifier.
sveltekit-frontend/src/lib/services/nodejs-orchestrator.ts(910,3): error TS1128: Declaration or statement expected.
sveltekit-frontend/src/lib/services/nodejs-orchestrator.ts(910,43): error TS1005: ',' expected.
sveltekit-frontend/src/lib/services/nodejs-orchestrator.ts(910,71): error TS1005: ';' expected.
sveltekit-frontend/src/lib/services/nodejs-orchestrator.ts(910,73): error TS1434: Unexpected keyword or identifier.
sveltekit-frontend/src/lib/services/nodejs-orchestrator.ts(919,3): error TS1128: Declaration or statement expected.
sveltekit-frontend/src/lib/services/nodejs-orchestrator.ts(919,43): error TS1005: ',' expected.
sveltekit-frontend/src/lib/services/nodejs-orchestrator.ts(919,71): error TS1005: ';' expected.
sveltekit-frontend/src/lib/services/nodejs-orchestrator.ts(919,73): error TS1434: Unexpected keyword or identifier.
sveltekit-frontend/src/lib/services/nodejs-orchestrator.ts(931,3): error TS1128: Declaration or statement expected.
sveltekit-frontend/src/lib/services/nodejs-orchestrator.ts(931,11): error TS1434: Unexpected keyword or identifier.
sveltekit-frontend/src/lib/services/nodejs-orchestrator.ts(931,40): error TS1005: ';' expected.
sveltekit-frontend/src/lib/services/nodejs-orchestrator.ts(931,54): error TS1109: Expression expected.
sveltekit-frontend/src/lib/services/nodejs-orchestrator.ts(932,9): error TS1003: Identifier expected.
sveltekit-frontend/src/lib/services/nodejs-orchestrator.ts(945,3): error TS1128: Declaration or statement expected.
sveltekit-frontend/src/lib/services/nodejs-orchestrator.ts(945,10): error TS1434: Unexpected keyword or identifier.
sveltekit-frontend/src/lib/services/nodejs-orchestrator.ts(945,31): error TS1005: ',' expected.
sveltekit-frontend/src/lib/services/nodejs-orchestrator.ts(945,79): error TS1005: ';' expected.
sveltekit-frontend/src/lib/services/nodejs-orchestrator.ts(947,13): error TS1005: ',' expected.
sveltekit-frontend/src/lib/services/nodejs-orchestrator.ts(947,21): error TS1005: ',' expected.
sveltekit-frontend/src/lib/services/nodejs-orchestrator.ts(947,83): error TS1005: ';' expected.
sveltekit-frontend/src/lib/services/nodejs-orchestrator.ts(959,3): error TS1128: Declaration or statement expected.
sveltekit-frontend/src/lib/services/nodejs-orchestrator.ts(963,3): error TS1128: Declaration or statement expected.
sveltekit-frontend/src/lib/services/nodejs-orchestrator.ts(963,30): error TS1005: ',' expected.
sveltekit-frontend/src/lib/services/nodejs-orchestrator.ts(963,39): error TS1005: ';' expected.
sveltekit-frontend/src/lib/services/nodejs-orchestrator.ts(963,100): error TS1005: ';' expected.
sveltekit-frontend/src/lib/services/nodejs-orchestrator.ts(973,3): error TS1128: Declaration or statement expected.
sveltekit-frontend/src/lib/services/nodejs-orchestrator.ts(973,28): error TS1005: ';' expected.
sveltekit-frontend/src/lib/services/nodejs-orchestrator.ts(1000,3): error TS1128: Declaration or statement expected.
sveltekit-frontend/src/lib/services/nodejs-orchestrator.ts(1000,10): error TS1434: Unexpected keyword or identifier.
sveltekit-frontend/src/lib/services/nodejs-orchestrator.ts(1000,26): error TS1005: ';' expected.
sveltekit-frontend/src/lib/services/nodejs-orchestrator.ts(1000,40): error TS1109: Expression expected.
sveltekit-frontend/src/lib/services/nodejs-orchestrator.ts(1001,12): error TS1005: ',' expected.
sveltekit-frontend/src/lib/services/nodejs-orchestrator.ts(1001,80): error TS1005: ',' expected.
sveltekit-frontend/src/lib/services/nodejs-orchestrator.ts(1003,9): error TS1005: ':' expected.
sveltekit-frontend/src/lib/services/nodejs-orchestrator.ts(1003,55): error TS1005: ',' expected.
sveltekit-frontend/src/lib/services/nodejs-orchestrator.ts(1004,9): error TS1005: ':' expected.
sveltekit-frontend/src/lib/services/nodejs-orchestrator.ts(1004,25): error TS1005: ',' expected.
sveltekit-frontend/src/lib/services/nodejs-orchestrator.ts(1006,13): error TS1005: ',' expected.
sveltekit-frontend/src/lib/services/nodejs-orchestrator.ts(1006,39): error TS1005: ',' expected.
sveltekit-frontend/src/lib/services/nodejs-orchestrator.ts(1006,41): error TS1136: Property assignment expected.
sveltekit-frontend/src/lib/services/nodejs-orchestrator.ts(1012,3): error TS1128: Declaration or statement expected.
sveltekit-frontend/src/lib/services/nodejs-orchestrator.ts(1013,1): error TS1128: Declaration or statement expected.
sveltekit-frontend/src/lib/services/nvidiaLlamaService.ts(8,1): error TS1128: Declaration or statement expected.
sveltekit-frontend/src/lib/services/nvidiaLlamaService.ts(35,1): error TS1128: Declaration or statement expected.
sveltekit-frontend/src/lib/services/nvidiaLlamaService.ts(54,1): error TS1128: Declaration or statement expected.
sveltekit-frontend/src/lib/services/nvidiaLlamaService.ts(67,1): error TS1128: Declaration or statement expected.
sveltekit-frontend/src/lib/services/nvidiaLlamaService.ts(100,25): error TS1005: ',' expected.
sveltekit-frontend/src/lib/services/nvidiaLlamaService.ts(126,1): error TS1128: Declaration or statement expected.
sveltekit-frontend/src/lib/services/nvidiaLlamaService.ts(130,1): error TS1128: Declaration or statement expected.
sveltekit-frontend/src/lib/services/nvidiaLlamaService.ts(134,1): error TS1128: Declaration or statement expected.
sveltekit-frontend/src/lib/services/nvidiaLlamaService.ts(152,7): error TS1136: Property assignment expected.
sveltekit-frontend/src/lib/services/nvidiaLlamaService.ts(152,9): error TS1472: 'catch' or 'finally' expected.
sveltekit-frontend/src/lib/services/nvidiaLlamaService.ts(154,270): error TS1005: ';' expected.
sveltekit-frontend/src/lib/services/nvidiaLlamaService.ts(154,271): error TS1005: '}' expected.
sveltekit-frontend/src/lib/services/nvidiaLlamaService.ts(154,281): error TS1109: Expression expected.
sveltekit-frontend/src/lib/services/nvidiaLlamaService.ts(154,288): error TS1128: Declaration or statement expected.
sveltekit-frontend/src/lib/services/nvidiaLlamaService.ts(154,289): error TS1128: Declaration or statement expected.
sveltekit-frontend/src/lib/services/nvidiaLlamaService.ts(154,296): error TS1068: Unexpected token. A constructor, method, accessor, or property was expected.
sveltekit-frontend/src/lib/services/nvidiaLlamaService.ts(210,36): error TS1005: ';' expected.
sveltekit-frontend/src/lib/services/nvidiaLlamaService.ts(210,44): error TS1434: Unexpected keyword or identifier.
sveltekit-frontend/src/lib/services/nvidiaLlamaService.ts(419,60): error TS1160: Unterminated template literal.
sveltekit-frontend/src/lib/services/observability-persistence.ts(7,1): error TS1128: Declaration or statement expected.
sveltekit-frontend/src/lib/services/observability-persistence.ts(59,49): error TS1136: Property assignment expected.
sveltekit-frontend/src/lib/services/observability-persistence.ts(59,51): error TS1128: Declaration or statement expected.
sveltekit-frontend/src/lib/services/observability-persistence.ts(61,1): error TS1128: Declaration or statement expected.
sveltekit-frontend/src/lib/services/observability-persistence.ts(135,82): error TS1005: ')' expected.
sveltekit-frontend/src/lib/services/ollama-client.ts(3,1): error TS1128: Declaration or statement expected.
sveltekit-frontend/src/lib/services/ollama-client.ts(19,56): error TS1136: Property assignment expected.
sveltekit-frontend/src/lib/services/ollama-client.ts(20,6): error TS1068: Unexpected token. A constructor, method, accessor, or property was expected.
sveltekit-frontend/src/lib/services/ollama-client.ts(21,9): error TS1003: Identifier expected.
sveltekit-frontend/src/lib/services/ollama-client.ts(21,14): error TS1138: Parameter declaration expected.
sveltekit-frontend/src/lib/services/ollama-client.ts(21,19): error TS1144: '{' or ';' expected.
sveltekit-frontend/src/lib/services/ollama-client.ts(23,3): error TS1128: Declaration or statement expected.
sveltekit-frontend/src/lib/services/ollama-client.ts(24,3): error TS1434: Unexpected keyword or identifier.
sveltekit-frontend/src/lib/services/ollama-client.ts(24,33): error TS1135: Argument expression expected.
sveltekit-frontend/src/lib/services/ollama-client.ts(25,11): error TS1005: ':' expected.
sveltekit-frontend/src/lib/services/ollama-client.ts(28,56): error TS1136: Property assignment expected.
sveltekit-frontend/src/lib/services/ollama-client.ts(29,6): error TS1005: ';' expected.
sveltekit-frontend/src/lib/services/ollama-client.ts(32,3): error TS1128: Declaration or statement expected.
sveltekit-frontend/src/lib/services/ollama-client.ts(33,3): error TS1434: Unexpected keyword or identifier.
sveltekit-frontend/src/lib/services/ollama-client.ts(34,11): error TS1005: ':' expected.
sveltekit-frontend/src/lib/services/ollama-client.ts(34,51): error TS1005: ',' expected.
sveltekit-frontend/src/lib/services/ollama-client.ts(35,9): error TS1003: Identifier expected.
sveltekit-frontend/src/lib/services/ollama-client.ts(35,13): error TS1005: ',' expected.
sveltekit-frontend/src/lib/services/ollama-client.ts(35,16): error TS1005: ',' expected.
sveltekit-frontend/src/lib/services/ollama-client.ts(35,24): error TS1005: ':' expected.
sveltekit-frontend/src/lib/services/ollama-client.ts(35,50): error TS1005: ',' expected.
sveltekit-frontend/src/lib/services/ollama-client.ts(36,12): error TS1005: ':' expected.
sveltekit-frontend/src/lib/services/ollama-client.ts(36,22): error TS1005: ',' expected.
sveltekit-frontend/src/lib/services/ollama-client.ts(38,1): error TS1128: Declaration or statement expected.
sveltekit-frontend/src/lib/services/ollama-config-service.ts(5,1): error TS1128: Declaration or statement expected.
sveltekit-frontend/src/lib/services/ollama-config-service.ts(14,1): error TS1128: Declaration or statement expected.
sveltekit-frontend/src/lib/services/ollama-config-service.ts(87,23): error TS1109: Expression expected.
sveltekit-frontend/src/lib/services/ollama-config-service.ts(89,58): error TS1005: ';' expected.
sveltekit-frontend/src/lib/services/ollama-config-service.ts(89,61): error TS1109: Expression expected.
sveltekit-frontend/src/lib/services/ollama-config-service.ts(90,7): error TS1109: Expression expected.
sveltekit-frontend/src/lib/services/ollama-config-service.ts(100,7): error TS1136: Property assignment expected.
sveltekit-frontend/src/lib/services/ollama-config-service.ts(100,9): error TS1472: 'catch' or 'finally' expected.
sveltekit-frontend/src/lib/services/ollama-config-service.ts(119,5): error TS1068: Unexpected token. A constructor, method, accessor, or property was expected.
sveltekit-frontend/src/lib/services/ollama-config-service.ts(121,3): error TS1128: Declaration or statement expected.
sveltekit-frontend/src/lib/services/ollama-config-service.ts(125,3): error TS1434: Unexpected keyword or identifier.
sveltekit-frontend/src/lib/services/ollama-config-service.ts(125,30): error TS1109: Expression expected.
sveltekit-frontend/src/lib/services/ollama-config-service.ts(125,47): error TS1011: An element access expression should take an argument.
sveltekit-frontend/src/lib/services/ollama-config-service.ts(126,9): error TS1005: ':' expected.
sveltekit-frontend/src/lib/services/ollama-config-service.ts(127,13): error TS1005: ':' expected.
sveltekit-frontend/src/lib/services/ollama-config-service.ts(127,50): error TS1005: ',' expected.
sveltekit-frontend/src/lib/services/ollama-config-service.ts(128,14): error TS1005: ':' expected.
sveltekit-frontend/src/lib/services/ollama-config-service.ts(128,28): error TS1005: ',' expected.
sveltekit-frontend/src/lib/services/ollama-config-service.ts(129,7): error TS1005: ',' expected.
sveltekit-frontend/src/lib/services/ollama-config-service.ts(137,3): error TS1434: Unexpected keyword or identifier.
sveltekit-frontend/src/lib/services/ollama-config-service.ts(137,36): error TS1135: Argument expression expected.
sveltekit-frontend/src/lib/services/ollama-config-service.ts(137,45): error TS1005: ';' expected.
sveltekit-frontend/src/lib/services/ollama-config-service.ts(138,11): error TS1005: ':' expected.
sveltekit-frontend/src/lib/services/ollama-config-service.ts(138,51): error TS1005: ',' expected.
sveltekit-frontend/src/lib/services/ollama-config-service.ts(139,12): error TS1005: ':' expected.
sveltekit-frontend/src/lib/services/ollama-config-service.ts(139,80): error TS1005: ',' expected.
sveltekit-frontend/src/lib/services/ollama-config-service.ts(144,3): error TS1434: Unexpected keyword or identifier.
sveltekit-frontend/src/lib/services/ollama-config-service.ts(144,33): error TS1109: Expression expected.
sveltekit-frontend/src/lib/services/ollama-config-service.ts(145,11): error TS1005: ':' expected.
sveltekit-frontend/src/lib/services/ollama-config-service.ts(145,51): error TS1005: ',' expected.
sveltekit-frontend/src/lib/services/ollama-config-service.ts(147,11): error TS1005: ':' expected.
sveltekit-frontend/src/lib/services/ollama-config-service.ts(154,6): error TS1005: ',' expected.
sveltekit-frontend/src/lib/services/ollama-config-service.ts(155,10): error TS1359: Identifier expected. 'const' is a reserved word that cannot be used here.
sveltekit-frontend/src/lib/services/ollama-config-service.ts(155,16): error TS1005: ',' expected.
sveltekit-frontend/src/lib/services/ollama-config-service.ts(155,27): error TS1005: ',' expected.
sveltekit-frontend/src/lib/services/ollama-config-service.ts(160,5): error TS1005: ',' expected.
sveltekit-frontend/src/lib/services/ollama-config-service.ts(160,12): error TS1005: ':' expected.
sveltekit-frontend/src/lib/services/ollama-config-service.ts(160,17): error TS1005: ',' expected.
sveltekit-frontend/src/lib/services/ollama-config-service.ts(165,3): error TS1434: Unexpected keyword or identifier.
sveltekit-frontend/src/lib/services/ollama-config-service.ts(165,29): error TS1109: Expression expected.
sveltekit-frontend/src/lib/services/ollama-config-service.ts(166,11): error TS1005: ':' expected.
sveltekit-frontend/src/lib/services/ollama-config-service.ts(166,51): error TS1005: ',' expected.
sveltekit-frontend/src/lib/services/ollama-config-service.ts(167,11): error TS1005: ':' expected.
sveltekit-frontend/src/lib/services/ollama-config-service.ts(174,6): error TS1005: ',' expected.
sveltekit-frontend/src/lib/services/ollama-config-service.ts(175,10): error TS1359: Identifier expected. 'const' is a reserved word that cannot be used here.
sveltekit-frontend/src/lib/services/ollama-config-service.ts(175,16): error TS1005: ',' expected.
sveltekit-frontend/src/lib/services/ollama-config-service.ts(175,27): error TS1005: ',' expected.
sveltekit-frontend/src/lib/services/ollama-config-service.ts(180,5): error TS1005: ',' expected.
sveltekit-frontend/src/lib/services/ollama-config-service.ts(180,12): error TS1005: ':' expected.
sveltekit-frontend/src/lib/services/ollama-config-service.ts(180,17): error TS1005: ',' expected.
sveltekit-frontend/src/lib/services/ollama-config-service.ts(185,3): error TS1434: Unexpected keyword or identifier.
sveltekit-frontend/src/lib/services/ollama-config-service.ts(185,29): error TS1135: Argument expression expected.
sveltekit-frontend/src/lib/services/ollama-config-service.ts(185,47): error TS1005: ',' expected.
sveltekit-frontend/src/lib/services/ollama-config-service.ts(185,66): error TS1005: ';' expected.
sveltekit-frontend/src/lib/services/ollama-config-service.ts(186,11): error TS1005: ':' expected.
sveltekit-frontend/src/lib/services/ollama-config-service.ts(186,38): error TS1005: ',' expected.
sveltekit-frontend/src/lib/services/ollama-config-service.ts(187,11): error TS1005: ':' expected.
sveltekit-frontend/src/lib/services/ollama-config-service.ts(187,85): error TS1005: ',' expected.
sveltekit-frontend/src/lib/services/ollama-config-service.ts(188,9): error TS1005: ':' expected.
sveltekit-frontend/src/lib/services/ollama-config-service.ts(189,13): error TS1005: ':' expected.
sveltekit-frontend/src/lib/services/ollama-config-service.ts(196,7): error TS1005: ',' expected.
sveltekit-frontend/src/lib/services/ollama-config-service.ts(196,9): error TS1005: ',' expected.
sveltekit-frontend/src/lib/services/ollama-config-service.ts(196,10): error TS1136: Property assignment expected.
sveltekit-frontend/src/lib/services/ollama-config-service.ts(197,11): error TS1003: Identifier expected.
sveltekit-frontend/src/lib/services/ollama-config-service.ts(197,21): error TS1138: Parameter declaration expected.
sveltekit-frontend/src/lib/services/ollama-config-service.ts(197,25): error TS1005: ',' expected.
sveltekit-frontend/src/lib/services/ollama-config-service.ts(197,27): error TS1136: Property assignment expected.
sveltekit-frontend/src/lib/services/ollama-config-service.ts(201,5): error TS1128: Declaration or statement expected.
sveltekit-frontend/src/lib/services/ollama-config-service.ts(201,7): error TS1005: 'try' expected.
sveltekit-frontend/src/lib/services/ollama-config-service.ts(205,3): error TS1128: Declaration or statement expected.
sveltekit-frontend/src/lib/services/ollama-config-service.ts(209,3): error TS1434: Unexpected keyword or identifier.
sveltekit-frontend/src/lib/services/ollama-config-service.ts(209,32): error TS1135: Argument expression expected.
sveltekit-frontend/src/lib/services/ollama-config-service.ts(209,41): error TS1005: ';' expected.
sveltekit-frontend/src/lib/services/ollama-config-service.ts(209,58): error TS1011: An element access expression should take an argument.
sveltekit-frontend/src/lib/services/ollama-config-service.ts(210,11): error TS1005: ':' expected.
sveltekit-frontend/src/lib/services/ollama-config-service.ts(210,53): error TS1005: ',' expected.
sveltekit-frontend/src/lib/services/ollama-config-service.ts(211,9): error TS1003: Identifier expected.
sveltekit-frontend/src/lib/services/ollama-config-service.ts(215,5): error TS1005: ',' expected.
sveltekit-frontend/src/lib/services/ollama-config-service.ts(215,9): error TS1005: ':' expected.
sveltekit-frontend/src/lib/services/ollama-config-service.ts(216,13): error TS1005: ':' expected.
sveltekit-frontend/src/lib/services/ollama-config-service.ts(221,9): error TS1136: Property assignment expected.
sveltekit-frontend/src/lib/services/ollama-config-service.ts(222,8): error TS1005: ',' expected.
sveltekit-frontend/src/lib/services/ollama-config-service.ts(222,9): error TS1136: Property assignment expected.
sveltekit-frontend/src/lib/services/ollama-config-service.ts(223,14): error TS1005: ':' expected.
sveltekit-frontend/src/lib/services/ollama-config-service.ts(223,41): error TS1005: ',' expected.
sveltekit-frontend/src/lib/services/ollama-config-service.ts(224,7): error TS1005: ';' expected.
sveltekit-frontend/src/lib/services/ollama-config-service.ts(228,3): error TS1128: Declaration or statement expected.
sveltekit-frontend/src/lib/services/ollama-config-service.ts(232,3): error TS1434: Unexpected keyword or identifier.
sveltekit-frontend/src/lib/services/ollama-config-service.ts(232,35): error TS1135: Argument expression expected.
sveltekit-frontend/src/lib/services/ollama-config-service.ts(232,53): error TS1005: ',' expected.
sveltekit-frontend/src/lib/services/ollama-config-service.ts(233,19): error TS1005: ',' expected.
sveltekit-frontend/src/lib/services/ollama-config-service.ts(234,25): error TS1005: ',' expected.
sveltekit-frontend/src/lib/services/ollama-config-service.ts(235,23): error TS1005: ',' expected.
sveltekit-frontend/src/lib/services/ollama-config-service.ts(236,3): error TS1128: Declaration or statement expected.
sveltekit-frontend/src/lib/services/ollama-config-service.ts(236,5): error TS1128: Declaration or statement expected.
sveltekit-frontend/src/lib/services/ollama-config-service.ts(236,9): error TS1128: Declaration or statement expected.
sveltekit-frontend/src/lib/services/ollama-config-service.ts(236,10): error TS1128: Declaration or statement expected.
sveltekit-frontend/src/lib/services/ollama-config-service.ts(237,11): error TS1005: ':' expected.
sveltekit-frontend/src/lib/services/ollama-config-service.ts(238,5): error TS1005: ',' expected.
sveltekit-frontend/src/lib/services/ollama-config-service.ts(238,9): error TS1003: Identifier expected.
sveltekit-frontend/src/lib/services/ollama-config-service.ts(242,5): error TS1005: ',' expected.
sveltekit-frontend/src/lib/services/ollama-config-service.ts(242,9): error TS1005: ':' expected.
sveltekit-frontend/src/lib/services/ollama-config-service.ts(243,13): error TS1005: ':' expected.
sveltekit-frontend/src/lib/services/ollama-config-service.ts(253,9): error TS1136: Property assignment expected.
sveltekit-frontend/src/lib/services/ollama-config-service.ts(254,8): error TS1005: ',' expected.
sveltekit-frontend/src/lib/services/ollama-config-service.ts(254,9): error TS1136: Property assignment expected.
sveltekit-frontend/src/lib/services/ollama-config-service.ts(255,14): error TS1005: ':' expected.
sveltekit-frontend/src/lib/services/ollama-config-service.ts(255,40): error TS1005: ',' expected.
sveltekit-frontend/src/lib/services/ollama-config-service.ts(256,7): error TS1005: ';' expected.
sveltekit-frontend/src/lib/services/ollama-config-service.ts(260,3): error TS1128: Declaration or statement expected.
sveltekit-frontend/src/lib/services/ollama-config-service.ts(262,3): error TS1128: Declaration or statement expected.
sveltekit-frontend/src/lib/services/ollama-config-service.ts(262,33): error TS1109: Expression expected.
sveltekit-frontend/src/lib/services/ollama-config-service.ts(263,9): error TS1359: Identifier expected. 'typeof' is a reserved word that cannot be used here.
sveltekit-frontend/src/lib/services/ollama-config-service.ts(263,24): error TS1005: ',' expected.
sveltekit-frontend/src/lib/services/ollama-config-service.ts(263,54): error TS1005: ';' expected.
sveltekit-frontend/src/lib/services/ollama-config-service.ts(267,3): error TS1128: Declaration or statement expected.
sveltekit-frontend/src/lib/services/ollama-config-service.ts(268,3): error TS1128: Declaration or statement expected.
sveltekit-frontend/src/lib/services/ollama-config-service.ts(268,11): error TS1434: Unexpected keyword or identifier.
sveltekit-frontend/src/lib/services/ollama-config-service.ts(268,40): error TS1135: Argument expression expected.
sveltekit-frontend/src/lib/services/ollama-config-service.ts(268,49): error TS1005: ';' expected.
sveltekit-frontend/src/lib/services/ollama-config-service.ts(269,9): error TS1005: ':' expected.
sveltekit-frontend/src/lib/services/ollama-config-service.ts(270,13): error TS1005: ':' expected.
sveltekit-frontend/src/lib/services/ollama-config-service.ts(273,7): error TS1136: Property assignment expected.
sveltekit-frontend/src/lib/services/ollama-config-service.ts(273,9): error TS1005: ',' expected.
sveltekit-frontend/src/lib/services/ollama-config-service.ts(273,10): error TS1136: Property assignment expected.
sveltekit-frontend/src/lib/services/ollama-config-service.ts(274,11): error TS1003: Identifier expected.
sveltekit-frontend/src/lib/services/ollama-config-service.ts(274,21): error TS1138: Parameter declaration expected.
sveltekit-frontend/src/lib/services/ollama-config-service.ts(274,25): error TS1005: ',' expected.
sveltekit-frontend/src/lib/services/ollama-config-service.ts(274,35): error TS1005: ',' expected.
sveltekit-frontend/src/lib/services/ollama-config-service.ts(274,40): error TS1005: ',' expected.
sveltekit-frontend/src/lib/services/ollama-config-service.ts(275,13): error TS1005: ':' expected.
sveltekit-frontend/src/lib/services/ollama-config-service.ts(275,41): error TS1005: ',' expected.
sveltekit-frontend/src/lib/services/ollama-config-service.ts(276,13): error TS1005: ':' expected.
sveltekit-frontend/src/lib/services/ollama-config-service.ts(276,34): error TS1005: ',' expected.
sveltekit-frontend/src/lib/services/ollama-config-service.ts(277,14): error TS1005: ':' expected.
sveltekit-frontend/src/lib/services/ollama-config-service.ts(280,24): error TS1005: ',' expected.
sveltekit-frontend/src/lib/services/ollama-config-service.ts(284,7): error TS1005: ';' expected.
sveltekit-frontend/src/lib/services/ollama-config-service.ts(287,3): error TS1128: Declaration or statement expected.
sveltekit-frontend/src/lib/services/ollama-config-service.ts(288,3): error TS1128: Declaration or statement expected.
sveltekit-frontend/src/lib/services/ollama-config-service.ts(288,33): error TS1109: Expression expected.
sveltekit-frontend/src/lib/services/ollama-config-service.ts(288,35): error TS1434: Unexpected keyword or identifier.
sveltekit-frontend/src/lib/services/ollama-config-service.ts(292,23): error TS1005: ',' expected.
sveltekit-frontend/src/lib/services/ollama-config-service.ts(297,1): error TS1128: Declaration or statement expected.
sveltekit-frontend/src/lib/services/ollama-gemma3-service.ts(3,1): error TS1128: Declaration or statement expected.
sveltekit-frontend/src/lib/services/ollama-gemma3-service.ts(15,1): error TS1128: Declaration or statement expected.
sveltekit-frontend/src/lib/services/ollama-gemma3-service.ts(22,1): error TS1128: Declaration or statement expected.
sveltekit-frontend/src/lib/services/ollama-gemma3-service.ts(45,27): error TS1005: ';' expected.
sveltekit-frontend/src/lib/services/ollama-gemma3-service.ts(46,5): error TS1128: Declaration or statement expected.
sveltekit-frontend/src/lib/services/ollama-gemma3-service.ts(46,9): error TS1128: Declaration or statement expected.
sveltekit-frontend/src/lib/services/ollama-gemma3-service.ts(55,3): error TS1434: Unexpected keyword or identifier.
sveltekit-frontend/src/lib/services/ollama-gemma3-service.ts(55,23): error TS1109: Expression expected.
sveltekit-frontend/src/lib/services/ollama-gemma3-service.ts(56,9): error TS1005: ':' expected.
sveltekit-frontend/src/lib/services/ollama-gemma3-service.ts(57,13): error TS1005: ':' expected.
sveltekit-frontend/src/lib/services/ollama-gemma3-service.ts(60,9): error TS1005: ',' expected.
sveltekit-frontend/src/lib/services/ollama-gemma3-service.ts(61,11): error TS1003: Identifier expected.
sveltekit-frontend/src/lib/services/ollama-gemma3-service.ts(61,21): error TS1138: Parameter declaration expected.
sveltekit-frontend/src/lib/services/ollama-gemma3-service.ts(61,25): error TS1005: ',' expected.
sveltekit-frontend/src/lib/services/ollama-gemma3-service.ts(61,27): error TS1136: Property assignment expected.
sveltekit-frontend/src/lib/services/ollama-gemma3-service.ts(69,59): error TS1109: Expression expected.
sveltekit-frontend/src/lib/services/ollama-gemma3-service.ts(71,7): error TS1128: Declaration or statement expected.
sveltekit-frontend/src/lib/services/ollama-gemma3-service.ts(84,5): error TS1128: Declaration or statement expected.
sveltekit-frontend/src/lib/services/ollama-gemma3-service.ts(84,7): error TS1005: 'try' expected.
sveltekit-frontend/src/lib/services/ollama-gemma3-service.ts(90,3): error TS1128: Declaration or statement expected.
sveltekit-frontend/src/lib/services/ollama-gemma3-service.ts(94,3): error TS1434: Unexpected keyword or identifier.
sveltekit-frontend/src/lib/services/ollama-gemma3-service.ts(97,19): error TS1109: Expression expected.
sveltekit-frontend/src/lib/services/ollama-gemma3-service.ts(98,18): error TS1109: Expression expected.
sveltekit-frontend/src/lib/services/ollama-gemma3-service.ts(99,13): error TS1109: Expression expected.
sveltekit-frontend/src/lib/services/ollama-gemma3-service.ts(100,14): error TS1109: Expression expected.
sveltekit-frontend/src/lib/services/ollama-gemma3-service.ts(101,15): error TS1109: Expression expected.
sveltekit-frontend/src/lib/services/ollama-gemma3-service.ts(102,20): error TS1109: Expression expected.
sveltekit-frontend/src/lib/services/ollama-gemma3-service.ts(102,87): error TS1005: ';' expected.
sveltekit-frontend/src/lib/services/ollama-gemma3-service.ts(103,7): error TS2809: Declaration or statement expected. This '=' follows a block of statements, so if you intended to write a destructuring assignment, you might need to wrap the whole assignment in parentheses.
sveltekit-frontend/src/lib/services/ollama-gemma3-service.ts(104,3): error TS1128: Declaration or statement expected.
sveltekit-frontend/src/lib/services/ollama-gemma3-service.ts(104,4): error TS1128: Declaration or statement expected.
sveltekit-frontend/src/lib/services/ollama-gemma3-service.ts(105,11): error TS1005: ':' expected.
sveltekit-frontend/src/lib/services/ollama-gemma3-service.ts(105,93): error TS1005: ',' expected.
sveltekit-frontend/src/lib/services/ollama-gemma3-service.ts(106,11): error TS1005: ':' expected.
sveltekit-frontend/src/lib/services/ollama-gemma3-service.ts(106,76): error TS1005: ',' expected.
sveltekit-frontend/src/lib/services/ollama-gemma3-service.ts(107,11): error TS1005: ':' expected.
sveltekit-frontend/src/lib/services/ollama-gemma3-service.ts(124,5): error TS1005: ',' expected.
sveltekit-frontend/src/lib/services/ollama-gemma3-service.ts(124,12): error TS1005: ':' expected.
sveltekit-frontend/src/lib/services/ollama-gemma3-service.ts(124,54): error TS1005: ',' expected.
sveltekit-frontend/src/lib/services/ollama-gemma3-service.ts(132,19): error TS1109: Expression expected.
sveltekit-frontend/src/lib/services/ollama-gemma3-service.ts(133,18): error TS1109: Expression expected.
sveltekit-frontend/src/lib/services/ollama-gemma3-service.ts(134,20): error TS1109: Expression expected.
sveltekit-frontend/src/lib/services/ollama-gemma3-service.ts(134,87): error TS1005: ';' expected.
sveltekit-frontend/src/lib/services/ollama-gemma3-service.ts(135,7): error TS2809: Declaration or statement expected. This '=' follows a block of statements, so if you intended to write a destructuring assignment, you might need to wrap the whole assignment in parentheses.
sveltekit-frontend/src/lib/services/ollama-gemma3-service.ts(136,3): error TS1128: Declaration or statement expected.
sveltekit-frontend/src/lib/services/ollama-gemma3-service.ts(136,4): error TS1128: Declaration or statement expected.
sveltekit-frontend/src/lib/services/ollama-gemma3-service.ts(137,11): error TS1005: ':' expected.
sveltekit-frontend/src/lib/services/ollama-gemma3-service.ts(137,93): error TS1005: ',' expected.
sveltekit-frontend/src/lib/services/ollama-gemma3-service.ts(138,11): error TS1005: ':' expected.
sveltekit-frontend/src/lib/services/ollama-gemma3-service.ts(138,76): error TS1005: ',' expected.
sveltekit-frontend/src/lib/services/ollama-gemma3-service.ts(139,11): error TS1005: ':' expected.
sveltekit-frontend/src/lib/services/ollama-gemma3-service.ts(152,5): error TS1005: ',' expected.
sveltekit-frontend/src/lib/services/ollama-gemma3-service.ts(152,11): error TS1005: ':' expected.
sveltekit-frontend/src/lib/services/ollama-gemma3-service.ts(157,7): error TS1005: ',' expected.
sveltekit-frontend/src/lib/services/ollama-gemma3-service.ts(158,9): error TS1003: Identifier expected.
sveltekit-frontend/src/lib/services/ollama-gemma3-service.ts(158,19): error TS1138: Parameter declaration expected.
sveltekit-frontend/src/lib/services/ollama-gemma3-service.ts(158,23): error TS1005: ',' expected.
sveltekit-frontend/src/lib/services/ollama-gemma3-service.ts(158,25): error TS1136: Property assignment expected.
sveltekit-frontend/src/lib/services/ollama-gemma3-service.ts(166,53): error TS1128: Declaration or statement expected.
sveltekit-frontend/src/lib/services/ollama-gemma3-service.ts(182,3): error TS1128: Declaration or statement expected.
sveltekit-frontend/src/lib/services/ollama-gemma3-service.ts(186,3): error TS1434: Unexpected keyword or identifier.
sveltekit-frontend/src/lib/services/ollama-gemma3-service.ts(186,21): error TS1109: Expression expected.
sveltekit-frontend/src/lib/services/ollama-gemma3-service.ts(186,47): error TS1011: An element access expression should take an argument.
sveltekit-frontend/src/lib/services/ollama-gemma3-service.ts(188,12): error TS1005: ':' expected.
sveltekit-frontend/src/lib/services/ollama-gemma3-service.ts(188,34): error TS1005: ',' expected.
sveltekit-frontend/src/lib/services/ollama-gemma3-service.ts(193,3): error TS1434: Unexpected keyword or identifier.
sveltekit-frontend/src/lib/services/ollama-gemma3-service.ts(193,36): error TS1109: Expression expected.
sveltekit-frontend/src/lib/services/ollama-gemma3-service.ts(193,81): error TS1005: ';' expected.
sveltekit-frontend/src/lib/services/ollama-gemma3-service.ts(193,82): error TS1005: '=>' expected.
sveltekit-frontend/src/lib/services/ollama-gemma3-service.ts(193,94): error TS1109: Expression expected.
sveltekit-frontend/src/lib/services/ollama-gemma3-service.ts(193,103): error TS1128: Declaration or statement expected.
sveltekit-frontend/src/lib/services/ollama-gemma3-service.ts(193,104): error TS1128: Declaration or statement expected.
sveltekit-frontend/src/lib/services/ollama-gemma3-service.ts(193,106): error TS1128: Declaration or statement expected.
sveltekit-frontend/src/lib/services/ollama-gemma3-service.ts(193,113): error TS1109: Expression expected.
sveltekit-frontend/src/lib/services/ollama-gemma3-service.ts(193,114): error TS1128: Declaration or statement expected.
sveltekit-frontend/src/lib/services/ollama-gemma3-service.ts(193,128): error TS1109: Expression expected.
sveltekit-frontend/src/lib/services/ollama-gemma3-service.ts(194,11): error TS1005: ':' expected.
sveltekit-frontend/src/lib/services/ollama-gemma3-service.ts(195,5): error TS1005: ',' expected.
sveltekit-frontend/src/lib/services/ollama-gemma3-service.ts(195,11): error TS1005: ':' expected.
sveltekit-frontend/src/lib/services/ollama-gemma3-service.ts(199,7): error TS1005: ',' expected.
sveltekit-frontend/src/lib/services/ollama-gemma3-service.ts(200,9): error TS1003: Identifier expected.
sveltekit-frontend/src/lib/services/ollama-gemma3-service.ts(200,19): error TS1138: Parameter declaration expected.
sveltekit-frontend/src/lib/services/ollama-gemma3-service.ts(200,23): error TS1005: ',' expected.
sveltekit-frontend/src/lib/services/ollama-gemma3-service.ts(200,25): error TS1136: Property assignment expected.
sveltekit-frontend/src/lib/services/ollama-gemma3-service.ts(208,53): error TS1128: Declaration or statement expected.
sveltekit-frontend/src/lib/services/ollama-gemma3-service.ts(225,3): error TS1128: Declaration or statement expected.
sveltekit-frontend/src/lib/services/ollama-gemma3-service.ts(226,3): error TS1128: Declaration or statement expected.
sveltekit-frontend/src/lib/services/ollama-gemma3-service.ts(226,42): error TS1135: Argument expression expected.
sveltekit-frontend/src/lib/services/ollama-gemma3-service.ts(226,51): error TS1005: ';' expected.
sveltekit-frontend/src/lib/services/ollama-gemma3-service.ts(226,53): error TS1434: Unexpected keyword or identifier.
sveltekit-frontend/src/lib/services/ollama-gemma3-service.ts(238,3): error TS1128: Declaration or statement expected.
sveltekit-frontend/src/lib/services/ollama-gemma3-service.ts(238,11): error TS1434: Unexpected keyword or identifier.
sveltekit-frontend/src/lib/services/ollama-gemma3-service.ts(238,38): error TS1135: Argument expression expected.
sveltekit-frontend/src/lib/services/ollama-gemma3-service.ts(238,56): error TS1109: Expression expected.
sveltekit-frontend/src/lib/services/ollama-gemma3-service.ts(238,62): error TS1005: ';' expected.
sveltekit-frontend/src/lib/services/ollama-gemma3-service.ts(239,9): error TS1005: ',' expected.
sveltekit-frontend/src/lib/services/ollama-gemma3-service.ts(239,34): error TS1136: Property assignment expected.
sveltekit-frontend/src/lib/services/ollama-gemma3-service.ts(239,41): error TS1005: ',' expected.
sveltekit-frontend/src/lib/services/ollama-gemma3-service.ts(240,14): error TS1005: ',' expected.
sveltekit-frontend/src/lib/services/ollama-gemma3-service.ts(240,23): error TS1109: Expression expected.
sveltekit-frontend/src/lib/services/ollama-gemma3-service.ts(240,25): error TS1003: Identifier expected.
sveltekit-frontend/src/lib/services/ollama-gemma3-service.ts(240,26): error TS1138: Parameter declaration expected.
sveltekit-frontend/src/lib/services/ollama-gemma3-service.ts(240,37): error TS1005: ',' expected.
sveltekit-frontend/src/lib/services/ollama-gemma3-service.ts(240,70): error TS1005: ';' expected.
sveltekit-frontend/src/lib/services/ollama-gemma3-service.ts(240,73): error TS1109: Expression expected.
sveltekit-frontend/src/lib/services/ollama-gemma3-service.ts(240,74): error TS1109: Expression expected.
sveltekit-frontend/src/lib/services/ollama-gemma3-service.ts(245,62): error TS1005: ',' expected.
sveltekit-frontend/src/lib/services/ollama-gemma3-service.ts(255,44): error TS1109: Expression expected.
sveltekit-frontend/src/lib/services/ollama-gemma3-service.ts(257,88): error TS1005: ')' expected.
sveltekit-frontend/src/lib/services/ollama-gemma3-service.ts(262,3): error TS1128: Declaration or statement expected.
sveltekit-frontend/src/lib/services/ollama-gemma3-service.ts(263,1): error TS1128: Declaration or statement expected.
sveltekit-frontend/src/lib/services/ollama-integration-layer.ts(25,1): error TS1128: Declaration or statement expected.
sveltekit-frontend/src/lib/services/ollama-integration-layer.ts(144,9): error TS1135: Argument expression expected.
sveltekit-frontend/src/lib/services/ollama-integration-layer.ts(216,3): error TS1068: Unexpected token. A constructor, method, accessor, or property was expected.
sveltekit-frontend/src/lib/services/ollama-integration-layer.ts(216,4): error TS1068: Unexpected token. A constructor, method, accessor, or property was expected.
sveltekit-frontend/src/lib/services/ollama-integration-layer.ts(216,28): error TS1005: '(' expected.
sveltekit-frontend/src/lib/services/ollama-integration-layer.ts(216,30): error TS1068: Unexpected token. A constructor, method, accessor, or property was expected.
sveltekit-frontend/src/lib/services/ollama-integration-layer.ts(243,5): error TS1136: Property assignment expected.
sveltekit-frontend/src/lib/services/ollama-integration-layer.ts(243,7): error TS1128: Declaration or statement expected.
sveltekit-frontend/src/lib/services/ollama-integration-layer.ts(248,3): error TS1128: Declaration or statement expected.
sveltekit-frontend/src/lib/services/ollama-integration-layer.ts(249,3): error TS1128: Declaration or statement expected.
sveltekit-frontend/src/lib/services/ollama-integration-layer.ts(249,11): error TS1434: Unexpected keyword or identifier.
sveltekit-frontend/src/lib/services/ollama-integration-layer.ts(249,45): error TS1135: Argument expression expected.
sveltekit-frontend/src/lib/services/ollama-integration-layer.ts(249,61): error TS1005: ';' expected.
sveltekit-frontend/src/lib/services/ollama-integration-layer.ts(250,9): error TS1005: ':' expected.
sveltekit-frontend/src/lib/services/ollama-integration-layer.ts(252,19): error TS1138: Parameter declaration expected.
sveltekit-frontend/src/lib/services/ollama-integration-layer.ts(252,45): error TS1005: ',' expected.
sveltekit-frontend/src/lib/services/ollama-integration-layer.ts(252,47): error TS1136: Property assignment expected.
sveltekit-frontend/src/lib/services/ollama-integration-layer.ts(256,8): error TS1128: Declaration or statement expected.
sveltekit-frontend/src/lib/services/ollama-integration-layer.ts(256,10): error TS1128: Declaration or statement expected.
sveltekit-frontend/src/lib/services/ollama-integration-layer.ts(264,30): error TS1109: Expression expected.
sveltekit-frontend/src/lib/services/ollama-integration-layer.ts(266,6): error TS1128: Declaration or statement expected.
sveltekit-frontend/src/lib/services/ollama-integration-layer.ts(266,8): error TS1128: Declaration or statement expected.
sveltekit-frontend/src/lib/services/ollama-integration-layer.ts(279,5): error TS1128: Declaration or statement expected.
sveltekit-frontend/src/lib/services/ollama-integration-layer.ts(279,7): error TS1005: 'try' expected.
sveltekit-frontend/src/lib/services/ollama-integration-layer.ts(284,3): error TS1128: Declaration or statement expected.
sveltekit-frontend/src/lib/services/ollama-integration-layer.ts(285,3): error TS1128: Declaration or statement expected.
sveltekit-frontend/src/lib/services/ollama-integration-layer.ts(285,11): error TS1434: Unexpected keyword or identifier.
sveltekit-frontend/src/lib/services/ollama-integration-layer.ts(287,3): error TS1128: Declaration or statement expected.
sveltekit-frontend/src/lib/services/ollama-integration-layer.ts(287,4): error TS1128: Declaration or statement expected.
sveltekit-frontend/src/lib/services/ollama-integration-layer.ts(291,14): error TS1003: Identifier expected.
sveltekit-frontend/src/lib/services/ollama-integration-layer.ts(292,22): error TS1005: ',' expected.
sveltekit-frontend/src/lib/services/ollama-integration-layer.ts(295,5): error TS1005: ',' expected.
sveltekit-frontend/src/lib/services/ollama-integration-layer.ts(295,12): error TS1005: ':' expected.
sveltekit-frontend/src/lib/services/ollama-integration-layer.ts(295,21): error TS1005: ',' expected.
sveltekit-frontend/src/lib/services/ollama-integration-layer.ts(297,3): error TS1128: Declaration or statement expected.
sveltekit-frontend/src/lib/services/ollama-integration-layer.ts(297,11): error TS1434: Unexpected keyword or identifier.
sveltekit-frontend/src/lib/services/ollama-integration-layer.ts(297,45): error TS1135: Argument expression expected.
sveltekit-frontend/src/lib/services/ollama-integration-layer.ts(297,61): error TS1005: ';' expected.
sveltekit-frontend/src/lib/services/ollama-integration-layer.ts(298,12): error TS1005: ':' expected.
sveltekit-frontend/src/lib/services/ollama-integration-layer.ts(298,43): error TS1005: ',' expected.
sveltekit-frontend/src/lib/services/ollama-integration-layer.ts(300,3): error TS1128: Declaration or statement expected.
sveltekit-frontend/src/lib/services/ollama-integration-layer.ts(300,11): error TS1434: Unexpected keyword or identifier.
sveltekit-frontend/src/lib/services/ollama-integration-layer.ts(300,37): error TS1135: Argument expression expected.
sveltekit-frontend/src/lib/services/ollama-integration-layer.ts(300,43): error TS1005: ';' expected.
sveltekit-frontend/src/lib/services/ollama-integration-layer.ts(301,11): error TS1005: ':' expected.
sveltekit-frontend/src/lib/services/ollama-integration-layer.ts(305,7): error TS1005: ',' expected.
sveltekit-frontend/src/lib/services/ollama-integration-layer.ts(306,9): error TS1003: Identifier expected.
sveltekit-frontend/src/lib/services/ollama-integration-layer.ts(306,19): error TS1138: Parameter declaration expected.
sveltekit-frontend/src/lib/services/ollama-integration-layer.ts(306,23): error TS1005: ',' expected.
sveltekit-frontend/src/lib/services/ollama-integration-layer.ts(306,25): error TS1136: Property assignment expected.
sveltekit-frontend/src/lib/services/ollama-integration-layer.ts(310,3): error TS1128: Declaration or statement expected.
sveltekit-frontend/src/lib/services/ollama-integration-layer.ts(316,3): error TS1128: Declaration or statement expected.
sveltekit-frontend/src/lib/services/ollama-integration-layer.ts(316,4): error TS1128: Declaration or statement expected.
sveltekit-frontend/src/lib/services/ollama-integration-layer.ts(317,9): error TS1003: Identifier expected.
sveltekit-frontend/src/lib/services/ollama-integration-layer.ts(317,14): error TS1005: ',' expected.
sveltekit-frontend/src/lib/services/ollama-integration-layer.ts(317,28): error TS1005: ',' expected.
sveltekit-frontend/src/lib/services/ollama-integration-layer.ts(317,30): error TS1136: Property assignment expected.
sveltekit-frontend/src/lib/services/ollama-integration-layer.ts(333,9): error TS1434: Unexpected keyword or identifier.
sveltekit-frontend/src/lib/services/ollama-integration-layer.ts(335,19): error TS1109: Expression expected.
sveltekit-frontend/src/lib/services/ollama-integration-layer.ts(335,23): error TS1128: Declaration or statement expected.
sveltekit-frontend/src/lib/services/ollama-integration-layer.ts(335,50): error TS1005: ';' expected.
sveltekit-frontend/src/lib/services/ollama-integration-layer.ts(335,83): error TS1434: Unexpected keyword or identifier.
sveltekit-frontend/src/lib/services/ollama-integration-layer.ts(336,21): error TS1109: Expression expected.
sveltekit-frontend/src/lib/services/ollama-integration-layer.ts(346,3): error TS1128: Declaration or statement expected.
sveltekit-frontend/src/lib/services/ollama-integration-layer.ts(350,3): error TS1128: Declaration or statement expected.
sveltekit-frontend/src/lib/services/ollama-integration-layer.ts(352,13): error TS1109: Expression expected.
sveltekit-frontend/src/lib/services/ollama-integration-layer.ts(353,3): error TS1128: Declaration or statement expected.
sveltekit-frontend/src/lib/services/ollama-integration-layer.ts(353,4): error TS1128: Declaration or statement expected.
sveltekit-frontend/src/lib/services/ollama-integration-layer.ts(353,6): error TS1434: Unexpected keyword or identifier.
sveltekit-frontend/src/lib/services/ollama-integration-layer.ts(362,3): error TS1128: Declaration or statement expected.
sveltekit-frontend/src/lib/services/ollama-integration-layer.ts(362,39): error TS1135: Argument expression expected.
sveltekit-frontend/src/lib/services/ollama-integration-layer.ts(362,48): error TS1005: ';' expected.
sveltekit-frontend/src/lib/services/ollama-integration-layer.ts(362,57): error TS1109: Expression expected.
sveltekit-frontend/src/lib/services/ollama-integration-layer.ts(362,58): error TS1109: Expression expected.
sveltekit-frontend/src/lib/services/ollama-integration-layer.ts(362,60): error TS1005: ';' expected.
sveltekit-frontend/src/lib/services/ollama-integration-layer.ts(364,80): error TS1005: ',' expected.
sveltekit-frontend/src/lib/services/ollama-integration-layer.ts(366,7): error TS1128: Declaration or statement expected.
sveltekit-frontend/src/lib/services/ollama-integration-layer.ts(368,25): error TS1005: ')' expected.
sveltekit-frontend/src/lib/services/ollama-integration-layer.ts(370,3): error TS1128: Declaration or statement expected.
sveltekit-frontend/src/lib/services/ollama-integration-layer.ts(370,36): error TS1135: Argument expression expected.
sveltekit-frontend/src/lib/services/ollama-integration-layer.ts(370,45): error TS1005: ';' expected.
sveltekit-frontend/src/lib/services/ollama-integration-layer.ts(370,54): error TS1109: Expression expected.
sveltekit-frontend/src/lib/services/ollama-integration-layer.ts(370,55): error TS1109: Expression expected.
sveltekit-frontend/src/lib/services/ollama-integration-layer.ts(370,57): error TS1005: ';' expected.
sveltekit-frontend/src/lib/services/ollama-integration-layer.ts(382,3): error TS1434: Unexpected keyword or identifier.
sveltekit-frontend/src/lib/services/ollama-integration-layer.ts(382,28): error TS1109: Expression expected.
sveltekit-frontend/src/lib/services/ollama-integration-layer.ts(383,11): error TS1005: ',' expected.
sveltekit-frontend/src/lib/services/ollama-integration-layer.ts(383,16): error TS1005: ',' expected.
sveltekit-frontend/src/lib/services/ollama-integration-layer.ts(383,37): error TS1136: Property assignment expected.
sveltekit-frontend/src/lib/services/ollama-integration-layer.ts(387,3): error TS1128: Declaration or statement expected.
sveltekit-frontend/src/lib/services/ollama-integration-layer.ts(388,3): error TS1434: Unexpected keyword or identifier.
sveltekit-frontend/src/lib/services/ollama-integration-layer.ts(388,24): error TS1109: Expression expected.
sveltekit-frontend/src/lib/services/ollama-integration-layer.ts(388,38): error TS1109: Expression expected.
sveltekit-frontend/src/lib/services/ollama-integration-layer.ts(389,13): error TS1005: ',' expected.
sveltekit-frontend/src/lib/services/ollama-integration-layer.ts(389,27): error TS1005: ',' expected.
sveltekit-frontend/src/lib/services/ollama-integration-layer.ts(389,29): error TS1136: Property assignment expected.
sveltekit-frontend/src/lib/services/ollama-integration-layer.ts(394,3): error TS1128: Declaration or statement expected.
sveltekit-frontend/src/lib/services/ollama-integration-layer.ts(395,3): error TS1434: Unexpected keyword or identifier.
sveltekit-frontend/src/lib/services/ollama-integration-layer.ts(395,26): error TS1109: Expression expected.
sveltekit-frontend/src/lib/services/ollama-integration-layer.ts(395,40): error TS1109: Expression expected.
sveltekit-frontend/src/lib/services/ollama-integration-layer.ts(396,9): error TS1003: Identifier expected.
sveltekit-frontend/src/lib/services/ollama-integration-layer.ts(396,14): error TS1005: ',' expected.
sveltekit-frontend/src/lib/services/ollama-integration-layer.ts(396,28): error TS1005: ',' expected.
sveltekit-frontend/src/lib/services/ollama-integration-layer.ts(396,30): error TS1136: Property assignment expected.
sveltekit-frontend/src/lib/services/ollama-integration-layer.ts(402,3): error TS1128: Declaration or statement expected.
sveltekit-frontend/src/lib/services/ollama-integration-layer.ts(404,3): error TS1434: Unexpected keyword or identifier.
sveltekit-frontend/src/lib/services/ollama-integration-layer.ts(404,29): error TS1135: Argument expression expected.
sveltekit-frontend/src/lib/services/ollama-integration-layer.ts(404,45): error TS1005: ';' expected.
sveltekit-frontend/src/lib/services/ollama-integration-layer.ts(405,12): error TS1005: ':' expected.
sveltekit-frontend/src/lib/services/ollama-integration-layer.ts(405,53): error TS1005: ',' expected.
sveltekit-frontend/src/lib/services/ollama-integration-layer.ts(410,3): error TS1128: Declaration or statement expected.
sveltekit-frontend/src/lib/services/ollama-integration-layer.ts(410,4): error TS1128: Declaration or statement expected.
sveltekit-frontend/src/lib/services/ollama-integration-layer.ts(411,12): error TS1005: ':' expected.
sveltekit-frontend/src/lib/services/ollama-integration-layer.ts(411,46): error TS1005: ',' expected.
sveltekit-frontend/src/lib/services/ollama-integration-layer.ts(414,28): error TS1109: Expression expected.
sveltekit-frontend/src/lib/services/ollama-integration-layer.ts(414,30): error TS1434: Unexpected keyword or identifier.
sveltekit-frontend/src/lib/services/ollama-integration-layer.ts(417,1): error TS1128: Declaration or statement expected.
sveltekit-frontend/src/lib/services/ollamaChatStream.ts(28,1): error TS1128: Declaration or statement expected.
sveltekit-frontend/src/lib/services/ollamaChatStream.ts(43,1): error TS1128: Declaration or statement expected.
sveltekit-frontend/src/lib/services/ollamaChatStream.ts(69,3): error TS1068: Unexpected token. A constructor, method, accessor, or property was expected.
sveltekit-frontend/src/lib/services/ollamaChatStream.ts(69,4): error TS1068: Unexpected token. A constructor, method, accessor, or property was expected.
sveltekit-frontend/src/lib/services/ollamaChatStream.ts(69,34): error TS1139: Type parameter declaration expected.
sveltekit-frontend/src/lib/services/ollamaChatStream.ts(69,38): error TS1109: Expression expected.
sveltekit-frontend/src/lib/services/ollamaChatStream.ts(70,9): error TS1005: ':' expected.
sveltekit-frontend/src/lib/services/ollamaChatStream.ts(72,11): error TS1005: ',' expected.
sveltekit-frontend/src/lib/services/ollamaChatStream.ts(72,45): error TS1011: An element access expression should take an argument.
sveltekit-frontend/src/lib/services/ollamaChatStream.ts(72,52): error TS1005: ',' expected.
sveltekit-frontend/src/lib/services/ollamaChatStream.ts(73,19): error TS1138: Parameter declaration expected.
sveltekit-frontend/src/lib/services/ollamaChatStream.ts(73,36): error TS1005: ',' expected.
sveltekit-frontend/src/lib/services/ollamaChatStream.ts(73,38): error TS1136: Property assignment expected.
sveltekit-frontend/src/lib/services/ollamaChatStream.ts(78,8): error TS1128: Declaration or statement expected.
sveltekit-frontend/src/lib/services/ollamaChatStream.ts(78,10): error TS1128: Declaration or statement expected.
sveltekit-frontend/src/lib/services/ollamaChatStream.ts(80,11): error TS1434: Unexpected keyword or identifier.
sveltekit-frontend/src/lib/services/ollamaChatStream.ts(82,22): error TS1109: Expression expected.
sveltekit-frontend/src/lib/services/ollamaChatStream.ts(84,23): error TS1109: Expression expected.
sveltekit-frontend/src/lib/services/ollamaChatStream.ts(97,8): error TS1128: Declaration or statement expected.
sveltekit-frontend/src/lib/services/ollamaChatStream.ts(97,10): error TS1128: Declaration or statement expected.
sveltekit-frontend/src/lib/services/ollamaChatStream.ts(99,11): error TS1434: Unexpected keyword or identifier.
sveltekit-frontend/src/lib/services/ollamaChatStream.ts(101,22): error TS1109: Expression expected.
sveltekit-frontend/src/lib/services/ollamaChatStream.ts(103,31): error TS1109: Expression expected.
sveltekit-frontend/src/lib/services/ollamaChatStream.ts(134,9): error TS1434: Unexpected keyword or identifier.
sveltekit-frontend/src/lib/services/ollamaChatStream.ts(138,24): error TS1109: Expression expected.
sveltekit-frontend/src/lib/services/ollamaChatStream.ts(159,10): error TS1005: ',' expected.
sveltekit-frontend/src/lib/services/ollamaChatStream.ts(169,8): error TS1128: Declaration or statement expected.
sveltekit-frontend/src/lib/services/ollamaChatStream.ts(169,10): error TS1128: Declaration or statement expected.
sveltekit-frontend/src/lib/services/ollamaChatStream.ts(172,7): error TS1434: Unexpected keyword or identifier.
sveltekit-frontend/src/lib/services/ollamaChatStream.ts(174,18): error TS1109: Expression expected.
sveltekit-frontend/src/lib/services/ollamaChatStream.ts(176,22): error TS1109: Expression expected.
sveltekit-frontend/src/lib/services/ollamaChatStream.ts(179,5): error TS1128: Declaration or statement expected.
sveltekit-frontend/src/lib/services/ollamaChatStream.ts(179,7): error TS1005: 'try' expected.
sveltekit-frontend/src/lib/services/ollamaChatStream.ts(181,7): error TS1434: Unexpected keyword or identifier.
sveltekit-frontend/src/lib/services/ollamaChatStream.ts(183,18): error TS1109: Expression expected.
sveltekit-frontend/src/lib/services/ollamaChatStream.ts(185,22): error TS1109: Expression expected.
sveltekit-frontend/src/lib/services/ollamaChatStream.ts(189,3): error TS1128: Declaration or statement expected.
sveltekit-frontend/src/lib/services/ollamaChatStream.ts(190,3): error TS1128: Declaration or statement expected.
sveltekit-frontend/src/lib/services/ollamaChatStream.ts(190,11): error TS1434: Unexpected keyword or identifier.
sveltekit-frontend/src/lib/services/ollamaChatStream.ts(193,27): error TS1109: Expression expected.
sveltekit-frontend/src/lib/services/ollamaChatStream.ts(194,3): error TS1128: Declaration or statement expected.
sveltekit-frontend/src/lib/services/ollamaChatStream.ts(194,4): error TS1128: Declaration or statement expected.
sveltekit-frontend/src/lib/services/ollamaChatStream.ts(194,33): error TS1011: An element access expression should take an argument.
sveltekit-frontend/src/lib/services/ollamaChatStream.ts(195,9): error TS1005: ':' expected.
sveltekit-frontend/src/lib/services/ollamaChatStream.ts(197,13): error TS1005: ':' expected.
sveltekit-frontend/src/lib/services/ollamaChatStream.ts(201,9): error TS1136: Property assignment expected.
sveltekit-frontend/src/lib/services/ollamaChatStream.ts(201,10): error TS1136: Property assignment expected.
sveltekit-frontend/src/lib/services/ollamaChatStream.ts(203,26): error TS1138: Parameter declaration expected.
sveltekit-frontend/src/lib/services/ollamaChatStream.ts(203,35): error TS1109: Expression expected.
sveltekit-frontend/src/lib/services/ollamaChatStream.ts(203,38): error TS1005: ':' expected.
sveltekit-frontend/src/lib/services/ollamaChatStream.ts(203,40): error TS1136: Property assignment expected.
sveltekit-frontend/src/lib/services/ollamaChatStream.ts(211,55): error TS1109: Expression expected.
sveltekit-frontend/src/lib/services/ollamaChatStream.ts(216,9): error TS1128: Declaration or statement expected.
sveltekit-frontend/src/lib/services/ollamaChatStream.ts(217,7): error TS1128: Declaration or statement expected.
sveltekit-frontend/src/lib/services/ollamaChatStream.ts(217,8): error TS1128: Declaration or statement expected.
sveltekit-frontend/src/lib/services/ollamaChatStream.ts(219,5): error TS1128: Declaration or statement expected.
sveltekit-frontend/src/lib/services/ollamaChatStream.ts(219,7): error TS1005: 'try' expected.
sveltekit-frontend/src/lib/services/ollamaChatStream.ts(223,3): error TS1128: Declaration or statement expected.
sveltekit-frontend/src/lib/services/ollamaChatStream.ts(224,3): error TS1128: Declaration or statement expected.
sveltekit-frontend/src/lib/services/ollamaChatStream.ts(226,24): error TS1011: An element access expression should take an argument.
sveltekit-frontend/src/lib/services/ollamaChatStream.ts(227,17): error TS1109: Expression expected.
sveltekit-frontend/src/lib/services/ollamaChatStream.ts(227,27): error TS1011: An element access expression should take an argument.
sveltekit-frontend/src/lib/services/ollamaChatStream.ts(228,18): error TS1109: Expression expected.
sveltekit-frontend/src/lib/services/ollamaChatStream.ts(229,25): error TS1109: Expression expected.
sveltekit-frontend/src/lib/services/ollamaChatStream.ts(229,50): error TS1011: An element access expression should take an argument.
sveltekit-frontend/src/lib/services/ollamaChatStream.ts(230,3): error TS1128: Declaration or statement expected.
sveltekit-frontend/src/lib/services/ollamaChatStream.ts(230,4): error TS1128: Declaration or statement expected.
sveltekit-frontend/src/lib/services/ollamaChatStream.ts(230,6): error TS1434: Unexpected keyword or identifier.
sveltekit-frontend/src/lib/services/ollamaChatStream.ts(231,29): error TS1109: Expression expected.
sveltekit-frontend/src/lib/services/ollamaChatStream.ts(260,3): error TS1128: Declaration or statement expected.
sveltekit-frontend/src/lib/services/ollamaChatStream.ts(261,39): error TS1011: An element access expression should take an argument.
sveltekit-frontend/src/lib/services/ollamaChatStream.ts(262,17): error TS1109: Expression expected.
sveltekit-frontend/src/lib/services/ollamaChatStream.ts(262,27): error TS1011: An element access expression should take an argument.
sveltekit-frontend/src/lib/services/ollamaChatStream.ts(263,25): error TS1109: Expression expected.
sveltekit-frontend/src/lib/services/ollamaChatStream.ts(263,50): error TS1011: An element access expression should take an argument.
sveltekit-frontend/src/lib/services/ollamaChatStream.ts(264,3): error TS1128: Declaration or statement expected.
sveltekit-frontend/src/lib/services/ollamaChatStream.ts(264,4): error TS1128: Declaration or statement expected.
sveltekit-frontend/src/lib/services/ollamaChatStream.ts(264,6): error TS1434: Unexpected keyword or identifier.
sveltekit-frontend/src/lib/services/ollamaChatStream.ts(295,3): error TS1128: Declaration or statement expected.
sveltekit-frontend/src/lib/services/ollamaChatStream.ts(295,11): error TS1434: Unexpected keyword or identifier.
sveltekit-frontend/src/lib/services/ollamaChatStream.ts(297,20): error TS1109: Expression expected.
sveltekit-frontend/src/lib/services/ollamaChatStream.ts(299,3): error TS1128: Declaration or statement expected.
sveltekit-frontend/src/lib/services/ollamaChatStream.ts(299,4): error TS1128: Declaration or statement expected.
sveltekit-frontend/src/lib/services/ollamaChatStream.ts(299,37): error TS1011: An element access expression should take an argument.
sveltekit-frontend/src/lib/services/ollamaChatStream.ts(300,9): error TS1005: ':' expected.
sveltekit-frontend/src/lib/services/ollamaChatStream.ts(301,15): error TS1003: Identifier expected.
sveltekit-frontend/src/lib/services/ollamaChatStream.ts(301,63): error TS1005: ',' expected.
sveltekit-frontend/src/lib/services/ollamaChatStream.ts(302,13): error TS1005: ':' expected.
sveltekit-frontend/src/lib/services/ollamaChatStream.ts(311,9): error TS1005: ',' expected.
sveltekit-frontend/src/lib/services/ollamaChatStream.ts(312,15): error TS1003: Identifier expected.
sveltekit-frontend/src/lib/services/ollamaChatStream.ts(312,76): error TS1005: ',' expected.
sveltekit-frontend/src/lib/services/ollamaChatStream.ts(313,14): error TS1005: ':' expected.
sveltekit-frontend/src/lib/services/ollamaChatStream.ts(313,30): error TS1005: ',' expected.
sveltekit-frontend/src/lib/services/ollamaChatStream.ts(314,7): error TS1005: ',' expected.
sveltekit-frontend/src/lib/services/ollamaChatStream.ts(320,3): error TS1128: Declaration or statement expected.
sveltekit-frontend/src/lib/services/ollamaChatStream.ts(320,44): error TS1135: Argument expression expected.
sveltekit-frontend/src/lib/services/ollamaChatStream.ts(320,53): error TS1005: ';' expected.
sveltekit-frontend/src/lib/services/ollamaChatStream.ts(320,55): error TS1434: Unexpected keyword or identifier.
sveltekit-frontend/src/lib/services/ollamaChatStream.ts(340,88): error TS1005: ')' expected.
sveltekit-frontend/src/lib/services/ollamaChatStream.ts(346,3): error TS1128: Declaration or statement expected.
sveltekit-frontend/src/lib/services/ollamaChatStream.ts(346,11): error TS1434: Unexpected keyword or identifier.
sveltekit-frontend/src/lib/services/ollamaChatStream.ts(351,11): error TS1109: Expression expected.
sveltekit-frontend/src/lib/services/ollamaChatStream.ts(352,3): error TS1128: Declaration or statement expected.
sveltekit-frontend/src/lib/services/ollamaChatStream.ts(352,4): error TS1128: Declaration or statement expected.
sveltekit-frontend/src/lib/services/ollamaChatStream.ts(352,18): error TS1109: Expression expected.
sveltekit-frontend/src/lib/services/ollamaChatStream.ts(353,9): error TS1005: ':' expected.
sveltekit-frontend/src/lib/services/ollamaChatStream.ts(354,15): error TS1003: Identifier expected.
sveltekit-frontend/src/lib/services/ollamaChatStream.ts(354,123): error TS1005: ',' expected.
sveltekit-frontend/src/lib/services/ollamaChatStream.ts(356,13): error TS1005: ':' expected.
sveltekit-frontend/src/lib/services/ollamaChatStream.ts(356,87): error TS1005: ':' expected.
sveltekit-frontend/src/lib/services/ollamaChatStream.ts(356,88): error TS1136: Property assignment expected.
sveltekit-frontend/src/lib/services/ollamaChatStream.ts(357,13): error TS1005: ':' expected.
sveltekit-frontend/src/lib/services/ollamaChatStream.ts(357,70): error TS1005: ',' expected.
sveltekit-frontend/src/lib/services/ollamaChatStream.ts(359,13): error TS1005: ':' expected.
sveltekit-frontend/src/lib/services/ollamaChatStream.ts(361,67): error TS1109: Expression expected.
sveltekit-frontend/src/lib/services/ollamaChatStream.ts(365,21): error TS1005: ',' expected.
sveltekit-frontend/src/lib/services/ollamaChatStream.ts(367,13): error TS1005: ':' expected.
sveltekit-frontend/src/lib/services/ollamaChatStream.ts(367,72): error TS1005: ',' expected.
sveltekit-frontend/src/lib/services/ollamaChatStream.ts(368,13): error TS1005: ':' expected.
sveltekit-frontend/src/lib/services/ollamaChatStream.ts(368,72): error TS1005: ',' expected.
sveltekit-frontend/src/lib/services/ollamaChatStream.ts(370,13): error TS1005: ':' expected.
sveltekit-frontend/src/lib/services/ollamaChatStream.ts(370,100): error TS1005: ',' expected.
sveltekit-frontend/src/lib/services/ollamaChatStream.ts(371,13): error TS1005: ':' expected.
sveltekit-frontend/src/lib/services/ollamaChatStream.ts(390,7): error TS1005: ',' expected.
sveltekit-frontend/src/lib/services/ollamaChatStream.ts(390,13): error TS1005: ',' expected.
sveltekit-frontend/src/lib/services/ollamaChatStream.ts(391,7): error TS1005: ',' expected.
sveltekit-frontend/src/lib/services/ollamaChatStream.ts(391,15): error TS1003: Identifier expected.
sveltekit-frontend/src/lib/services/ollamaChatStream.ts(391,67): error TS1005: ',' expected.
sveltekit-frontend/src/lib/services/ollamaChatStream.ts(392,7): error TS1005: ',' expected.
sveltekit-frontend/src/lib/services/ollamaChatStream.ts(398,3): error TS1128: Declaration or statement expected.
sveltekit-frontend/src/lib/services/ollamaChatStream.ts(398,39): error TS1135: Argument expression expected.
sveltekit-frontend/src/lib/services/ollamaChatStream.ts(398,48): error TS1005: ';' expected.
sveltekit-frontend/src/lib/services/ollamaChatStream.ts(398,57): error TS1109: Expression expected.
sveltekit-frontend/src/lib/services/ollamaChatStream.ts(398,58): error TS1109: Expression expected.
sveltekit-frontend/src/lib/services/ollamaChatStream.ts(398,60): error TS1005: ';' expected.
sveltekit-frontend/src/lib/services/ollamaChatStream.ts(413,53): error TS1005: ')' expected.
sveltekit-frontend/src/lib/services/ollamaChatStream.ts(419,3): error TS1128: Declaration or statement expected.
sveltekit-frontend/src/lib/services/ollamaChatStream.ts(419,41): error TS1135: Argument expression expected.
sveltekit-frontend/src/lib/services/ollamaChatStream.ts(419,50): error TS1005: ';' expected.
sveltekit-frontend/src/lib/services/ollamaChatStream.ts(419,59): error TS1109: Expression expected.
sveltekit-frontend/src/lib/services/ollamaChatStream.ts(419,60): error TS1109: Expression expected.
sveltekit-frontend/src/lib/services/ollamaChatStream.ts(419,62): error TS1005: ';' expected.
sveltekit-frontend/src/lib/services/ollamaChatStream.ts(432,52): error TS1005: ')' expected.
sveltekit-frontend/src/lib/services/ollamaChatStream.ts(438,3): error TS1128: Declaration or statement expected.
sveltekit-frontend/src/lib/services/ollamaChatStream.ts(438,48): error TS1135: Argument expression expected.
sveltekit-frontend/src/lib/services/ollamaChatStream.ts(438,78): error TS1005: ',' expected.
sveltekit-frontend/src/lib/services/ollamaChatStream.ts(438,88): error TS1005: ';' expected.
sveltekit-frontend/src/lib/services/ollamaChatStream.ts(438,90): error TS1434: Unexpected keyword or identifier.
sveltekit-frontend/src/lib/services/ollamaChatStream.ts(441,91): error TS1005: ';' expected.
sveltekit-frontend/src/lib/services/ollamaChatStream.ts(441,92): error TS1005: ')' expected.
sveltekit-frontend/src/lib/services/ollamaChatStream.ts(441,100): error TS1109: Expression expected.
sveltekit-frontend/src/lib/services/ollamaChatStream.ts(441,107): error TS1128: Declaration or statement expected.
sveltekit-frontend/src/lib/services/ollamaChatStream.ts(441,108): error TS1128: Declaration or statement expected.
sveltekit-frontend/src/lib/services/ollamaChatStream.ts(441,125): error TS1005: ';' expected.
sveltekit-frontend/src/lib/services/ollamaChatStream.ts(441,127): error TS1109: Expression expected.
sveltekit-frontend/src/lib/services/ollamaChatStream.ts(454,3): error TS1128: Declaration or statement expected.
sveltekit-frontend/src/lib/services/ollamaChatStream.ts(456,3): error TS1128: Declaration or statement expected.
sveltekit-frontend/src/lib/services/ollamaChatStream.ts(456,40): error TS1135: Argument expression expected.
sveltekit-frontend/src/lib/services/ollamaChatStream.ts(456,49): error TS1005: ';' expected.
sveltekit-frontend/src/lib/services/ollamaChatStream.ts(456,78): error TS1005: ';' expected.
sveltekit-frontend/src/lib/services/ollamaChatStream.ts(463,28): error TS1109: Expression expected.
sveltekit-frontend/src/lib/services/ollamaChatStream.ts(472,1): error TS1128: Declaration or statement expected.
sveltekit-frontend/src/lib/services/ollamaChatStream.ts(476,1): error TS1128: Declaration or statement expected.
sveltekit-frontend/src/lib/services/ollamaChatStream.ts(476,2): error TS1128: Declaration or statement expected.
sveltekit-frontend/src/lib/services/ollamaChatStream.ts(476,36): error TS1109: Expression expected.
sveltekit-frontend/src/lib/services/ollamaChatStream.ts(477,9): error TS1005: ':' expected.
sveltekit-frontend/src/lib/services/ollamaChatStream.ts(477,48): error TS1005: ',' expected.
sveltekit-frontend/src/lib/services/ollamaChatStream.ts(478,17): error TS1005: '(' expected.
sveltekit-frontend/src/lib/services/ollamaChatStream.ts(478,19): error TS1005: ',' expected.
sveltekit-frontend/src/lib/services/ollamaChatStream.ts(478,40): error TS1005: ',' expected.
sveltekit-frontend/src/lib/services/optimized-qdrant-service.ts(18,1): error TS1131: Property or signature expected.
sveltekit-frontend/src/lib/services/optimized-qdrant-service.ts(25,1): error TS1131: Property or signature expected.
sveltekit-frontend/src/lib/services/optimized-qdrant-service.ts(34,1): error TS1131: Property or signature expected.
sveltekit-frontend/src/lib/services/optimized-qdrant-service.ts(76,42): error TS1442: Expected '=' for property initializer.
sveltekit-frontend/src/lib/services/optimized-qdrant-service.ts(133,13): error TS1005: ',' expected.
sveltekit-frontend/src/lib/services/optimized-qdrant-service.ts(153,9): error TS1005: ',' expected.
sveltekit-frontend/src/lib/services/optimized-qdrant-service.ts(153,11): error TS1128: Declaration or statement expected.
sveltekit-frontend/src/lib/services/optimized-qdrant-service.ts(156,5): error TS1472: 'catch' or 'finally' expected.
sveltekit-frontend/src/lib/services/optimized-qdrant-service.ts(164,3): error TS1434: Unexpected keyword or identifier.
sveltekit-frontend/src/lib/services/optimized-qdrant-service.ts(164,34): error TS1005: ',' expected.
sveltekit-frontend/src/lib/services/optimized-qdrant-service.ts(164,43): error TS1011: An element access expression should take an argument.
sveltekit-frontend/src/lib/services/optimized-qdrant-service.ts(165,5): error TS1005: ',' expected.
sveltekit-frontend/src/lib/services/optimized-qdrant-service.ts(165,12): error TS1005: ',' expected.
sveltekit-frontend/src/lib/services/optimized-qdrant-service.ts(170,26): error TS1005: ',' expected.
sveltekit-frontend/src/lib/services/optimized-qdrant-service.ts(171,5): error TS1128: Declaration or statement expected.
sveltekit-frontend/src/lib/services/optimized-qdrant-service.ts(171,7): error TS1128: Declaration or statement expected.
sveltekit-frontend/src/lib/services/optimized-qdrant-service.ts(172,3): error TS1128: Declaration or statement expected.
sveltekit-frontend/src/lib/services/optimized-qdrant-service.ts(172,4): error TS1128: Declaration or statement expected.
sveltekit-frontend/src/lib/services/optimized-qdrant-service.ts(173,11): error TS1005: ':' expected.
sveltekit-frontend/src/lib/services/optimized-qdrant-service.ts(173,33): error TS1005: ',' expected.
sveltekit-frontend/src/lib/services/optimized-qdrant-service.ts(174,11): error TS1005: ':' expected.
sveltekit-frontend/src/lib/services/optimized-qdrant-service.ts(174,39): error TS1005: ':' expected.
sveltekit-frontend/src/lib/services/optimized-qdrant-service.ts(175,11): error TS1005: ':' expected.
sveltekit-frontend/src/lib/services/optimized-qdrant-service.ts(175,47): error TS1005: ',' expected.
sveltekit-frontend/src/lib/services/optimized-qdrant-service.ts(176,11): error TS1005: ':' expected.
sveltekit-frontend/src/lib/services/optimized-qdrant-service.ts(176,47): error TS1005: ',' expected.
sveltekit-frontend/src/lib/services/optimized-qdrant-service.ts(177,11): error TS1005: ':' expected.
sveltekit-frontend/src/lib/services/optimized-qdrant-service.ts(177,76): error TS1005: ',' expected.
sveltekit-frontend/src/lib/services/optimized-qdrant-service.ts(179,11): error TS1005: ':' expected.
sveltekit-frontend/src/lib/services/optimized-qdrant-service.ts(179,65): error TS1005: ',' expected.
sveltekit-frontend/src/lib/services/optimized-qdrant-service.ts(181,18): error TS1005: ',' expected.
sveltekit-frontend/src/lib/services/optimized-qdrant-service.ts(181,51): error TS1005: ';' expected.
sveltekit-frontend/src/lib/services/optimized-qdrant-service.ts(203,42): error TS1109: Expression expected.
sveltekit-frontend/src/lib/services/optimized-qdrant-service.ts(203,43): error TS1109: Expression expected.
sveltekit-frontend/src/lib/services/optimized-qdrant-service.ts(237,3): error TS1128: Declaration or statement expected.
sveltekit-frontend/src/lib/services/optimized-qdrant-service.ts(241,3): error TS1434: Unexpected keyword or identifier.
sveltekit-frontend/src/lib/services/optimized-qdrant-service.ts(241,30): error TS1005: ',' expected.
sveltekit-frontend/src/lib/services/optimized-qdrant-service.ts(241,39): error TS1005: ')' expected.
sveltekit-frontend/src/lib/services/optimized-qdrant-service.ts(242,3): error TS1128: Declaration or statement expected.
sveltekit-frontend/src/lib/services/optimized-qdrant-service.ts(242,4): error TS1128: Declaration or statement expected.
sveltekit-frontend/src/lib/services/optimized-qdrant-service.ts(243,13): error TS1005: ',' expected.
sveltekit-frontend/src/lib/services/optimized-qdrant-service.ts(243,36): error TS1005: ',' expected.
sveltekit-frontend/src/lib/services/optimized-qdrant-service.ts(243,38): error TS1136: Property assignment expected.
sveltekit-frontend/src/lib/services/optimized-qdrant-service.ts(251,7): error TS1128: Declaration or statement expected.
sveltekit-frontend/src/lib/services/optimized-qdrant-service.ts(255,3): error TS1128: Declaration or statement expected.
sveltekit-frontend/src/lib/services/optimized-qdrant-service.ts(259,3): error TS1434: Unexpected keyword or identifier.
sveltekit-frontend/src/lib/services/optimized-qdrant-service.ts(259,36): error TS1005: ',' expected.
sveltekit-frontend/src/lib/services/optimized-qdrant-service.ts(262,26): error TS1005: ',' expected.
sveltekit-frontend/src/lib/services/optimized-qdrant-service.ts(263,3): error TS1128: Declaration or statement expected.
sveltekit-frontend/src/lib/services/optimized-qdrant-service.ts(263,5): error TS1128: Declaration or statement expected.
sveltekit-frontend/src/lib/services/optimized-qdrant-service.ts(263,9): error TS1128: Declaration or statement expected.
sveltekit-frontend/src/lib/services/optimized-qdrant-service.ts(263,10): error TS1128: Declaration or statement expected.
sveltekit-frontend/src/lib/services/optimized-qdrant-service.ts(264,11): error TS1005: ':' expected.
sveltekit-frontend/src/lib/services/optimized-qdrant-service.ts(264,33): error TS1005: ',' expected.
sveltekit-frontend/src/lib/services/optimized-qdrant-service.ts(265,11): error TS1005: ':' expected.
sveltekit-frontend/src/lib/services/optimized-qdrant-service.ts(265,55): error TS1005: ',' expected.
sveltekit-frontend/src/lib/services/optimized-qdrant-service.ts(266,9): error TS1005: ',' expected.
sveltekit-frontend/src/lib/services/optimized-qdrant-service.ts(266,17): error TS1109: Expression expected.
sveltekit-frontend/src/lib/services/optimized-qdrant-service.ts(266,20): error TS1005: ':' expected.
sveltekit-frontend/src/lib/services/optimized-qdrant-service.ts(267,9): error TS1005: ',' expected.
sveltekit-frontend/src/lib/services/optimized-qdrant-service.ts(267,17): error TS1109: Expression expected.
sveltekit-frontend/src/lib/services/optimized-qdrant-service.ts(267,20): error TS1005: ':' expected.
sveltekit-frontend/src/lib/services/optimized-qdrant-service.ts(268,9): error TS1005: ':' expected.
sveltekit-frontend/src/lib/services/optimized-qdrant-service.ts(269,13): error TS1005: ',' expected.
sveltekit-frontend/src/lib/services/optimized-qdrant-service.ts(269,18): error TS1005: ',' expected.
sveltekit-frontend/src/lib/services/optimized-qdrant-service.ts(269,36): error TS1136: Property assignment expected.
sveltekit-frontend/src/lib/services/optimized-qdrant-service.ts(269,38): error TS1005: ',' expected.
sveltekit-frontend/src/lib/services/optimized-qdrant-service.ts(271,13): error TS1005: ':' expected.
sveltekit-frontend/src/lib/services/optimized-qdrant-service.ts(271,97): error TS1005: ',' expected.
sveltekit-frontend/src/lib/services/optimized-qdrant-service.ts(272,13): error TS1005: ':' expected.
sveltekit-frontend/src/lib/services/optimized-qdrant-service.ts(272,89): error TS1005: ',' expected.
sveltekit-frontend/src/lib/services/optimized-qdrant-service.ts(273,14): error TS1005: ',' expected.
sveltekit-frontend/src/lib/services/optimized-qdrant-service.ts(273,32): error TS1005: ',' expected.
sveltekit-frontend/src/lib/services/optimized-qdrant-service.ts(273,40): error TS1005: ',' expected.
sveltekit-frontend/src/lib/services/optimized-qdrant-service.ts(274,14): error TS1005: ',' expected.
sveltekit-frontend/src/lib/services/optimized-qdrant-service.ts(274,32): error TS1005: ',' expected.
sveltekit-frontend/src/lib/services/optimized-qdrant-service.ts(274,40): error TS1005: ',' expected.
sveltekit-frontend/src/lib/services/optimized-qdrant-service.ts(276,13): error TS1005: ':' expected.
sveltekit-frontend/src/lib/services/optimized-qdrant-service.ts(276,89): error TS1005: ',' expected.
sveltekit-frontend/src/lib/services/optimized-qdrant-service.ts(277,13): error TS1005: ':' expected.
sveltekit-frontend/src/lib/services/optimized-qdrant-service.ts(277,77): error TS1005: ',' expected.
sveltekit-frontend/src/lib/services/optimized-qdrant-service.ts(278,14): error TS1005: ',' expected.
sveltekit-frontend/src/lib/services/optimized-qdrant-service.ts(278,28): error TS1005: ',' expected.
sveltekit-frontend/src/lib/services/optimized-qdrant-service.ts(278,36): error TS1005: ',' expected.
sveltekit-frontend/src/lib/services/optimized-qdrant-service.ts(279,14): error TS1005: ',' expected.
sveltekit-frontend/src/lib/services/optimized-qdrant-service.ts(279,28): error TS1005: ',' expected.
sveltekit-frontend/src/lib/services/optimized-qdrant-service.ts(279,36): error TS1005: ',' expected.
sveltekit-frontend/src/lib/services/optimized-qdrant-service.ts(281,13): error TS1005: ':' expected.
sveltekit-frontend/src/lib/services/optimized-qdrant-service.ts(281,103): error TS1005: ',' expected.
sveltekit-frontend/src/lib/services/optimized-qdrant-service.ts(282,13): error TS1005: ':' expected.
sveltekit-frontend/src/lib/services/optimized-qdrant-service.ts(282,97): error TS1005: ',' expected.
sveltekit-frontend/src/lib/services/optimized-qdrant-service.ts(283,14): error TS1005: ',' expected.
sveltekit-frontend/src/lib/services/optimized-qdrant-service.ts(283,33): error TS1005: ',' expected.
sveltekit-frontend/src/lib/services/optimized-qdrant-service.ts(283,41): error TS1005: ',' expected.
sveltekit-frontend/src/lib/services/optimized-qdrant-service.ts(284,14): error TS1005: ',' expected.
sveltekit-frontend/src/lib/services/optimized-qdrant-service.ts(284,33): error TS1005: ',' expected.
sveltekit-frontend/src/lib/services/optimized-qdrant-service.ts(284,41): error TS1005: ',' expected.
sveltekit-frontend/src/lib/services/optimized-qdrant-service.ts(285,13): error TS1005: ':' expected.
sveltekit-frontend/src/lib/services/optimized-qdrant-service.ts(285,47): error TS1005: ',' expected.
sveltekit-frontend/src/lib/services/optimized-qdrant-service.ts(286,15): error TS1003: Identifier expected.
sveltekit-frontend/src/lib/services/optimized-qdrant-service.ts(286,103): error TS1005: ',' expected.
sveltekit-frontend/src/lib/services/optimized-qdrant-service.ts(287,14): error TS1005: ':' expected.
sveltekit-frontend/src/lib/services/optimized-qdrant-service.ts(288,7): error TS1005: ';' expected.
sveltekit-frontend/src/lib/services/optimized-qdrant-service.ts(292,3): error TS1128: Declaration or statement expected.
sveltekit-frontend/src/lib/services/optimized-qdrant-service.ts(294,3): error TS1128: Declaration or statement expected.
sveltekit-frontend/src/lib/services/optimized-qdrant-service.ts(294,11): error TS1434: Unexpected keyword or identifier.
sveltekit-frontend/src/lib/services/optimized-qdrant-service.ts(294,44): error TS1005: ',' expected.
sveltekit-frontend/src/lib/services/optimized-qdrant-service.ts(294,53): error TS1011: An element access expression should take an argument.
sveltekit-frontend/src/lib/services/optimized-qdrant-service.ts(295,5): error TS1005: ',' expected.
sveltekit-frontend/src/lib/services/optimized-qdrant-service.ts(295,18): error TS1005: ',' expected.
sveltekit-frontend/src/lib/services/optimized-qdrant-service.ts(295,31): error TS1005: ',' expected.
sveltekit-frontend/src/lib/services/optimized-qdrant-service.ts(295,42): error TS1005: ',' expected.
sveltekit-frontend/src/lib/services/optimized-qdrant-service.ts(295,64): error TS1128: Declaration or statement expected.
sveltekit-frontend/src/lib/services/optimized-qdrant-service.ts(295,65): error TS1128: Declaration or statement expected.
sveltekit-frontend/src/lib/services/optimized-qdrant-service.ts(297,12): error TS1109: Expression expected.
sveltekit-frontend/src/lib/services/optimized-qdrant-service.ts(297,17): error TS1005: ';' expected.
sveltekit-frontend/src/lib/services/optimized-qdrant-service.ts(297,18): error TS1128: Declaration or statement expected.
sveltekit-frontend/src/lib/services/optimized-qdrant-service.ts(297,46): error TS1011: An element access expression should take an argument.
sveltekit-frontend/src/lib/services/optimized-qdrant-service.ts(300,11): error TS1005: ':' expected.
sveltekit-frontend/src/lib/services/optimized-qdrant-service.ts(303,7): error TS1005: ',' expected.
sveltekit-frontend/src/lib/services/optimized-qdrant-service.ts(315,5): error TS1005: ',' expected.
sveltekit-frontend/src/lib/services/optimized-qdrant-service.ts(315,9): error TS1005: ':' expected.
sveltekit-frontend/src/lib/services/optimized-qdrant-service.ts(316,14): error TS1005: ':' expected.
sveltekit-frontend/src/lib/services/optimized-qdrant-service.ts(316,80): error TS1005: ',' expected.
sveltekit-frontend/src/lib/services/optimized-qdrant-service.ts(317,7): error TS1005: ',' expected.
sveltekit-frontend/src/lib/services/optimized-qdrant-service.ts(322,3): error TS1128: Declaration or statement expected.
sveltekit-frontend/src/lib/services/optimized-qdrant-service.ts(322,11): error TS1434: Unexpected keyword or identifier.
sveltekit-frontend/src/lib/services/optimized-qdrant-service.ts(322,50): error TS1005: ',' expected.
sveltekit-frontend/src/lib/services/optimized-qdrant-service.ts(322,70): error TS1011: An element access expression should take an argument.
sveltekit-frontend/src/lib/services/optimized-qdrant-service.ts(322,72): error TS1005: ';' expected.
sveltekit-frontend/src/lib/services/optimized-qdrant-service.ts(322,101): error TS1011: An element access expression should take an argument.
sveltekit-frontend/src/lib/services/optimized-qdrant-service.ts(323,11): error TS1005: ':' expected.
sveltekit-frontend/src/lib/services/optimized-qdrant-service.ts(323,42): error TS1109: Expression expected.
sveltekit-frontend/src/lib/services/optimized-qdrant-service.ts(323,43): error TS1005: ':' expected.
sveltekit-frontend/src/lib/services/optimized-qdrant-service.ts(323,45): error TS1136: Property assignment expected.
sveltekit-frontend/src/lib/services/optimized-qdrant-service.ts(323,48): error TS1109: Expression expected.
sveltekit-frontend/src/lib/services/optimized-qdrant-service.ts(323,49): error TS1005: ':' expected.
sveltekit-frontend/src/lib/services/optimized-qdrant-service.ts(325,11): error TS1005: ':' expected.
sveltekit-frontend/src/lib/services/optimized-qdrant-service.ts(325,34): error TS1109: Expression expected.
sveltekit-frontend/src/lib/services/optimized-qdrant-service.ts(325,35): error TS1005: ':' expected.
sveltekit-frontend/src/lib/services/optimized-qdrant-service.ts(325,37): error TS1136: Property assignment expected.
sveltekit-frontend/src/lib/services/optimized-qdrant-service.ts(325,40): error TS1109: Expression expected.
sveltekit-frontend/src/lib/services/optimized-qdrant-service.ts(325,41): error TS1005: ':' expected.
sveltekit-frontend/src/lib/services/optimized-qdrant-service.ts(326,11): error TS1005: ':' expected.
sveltekit-frontend/src/lib/services/optimized-qdrant-service.ts(326,30): error TS1109: Expression expected.
sveltekit-frontend/src/lib/services/optimized-qdrant-service.ts(326,31): error TS1005: ':' expected.
sveltekit-frontend/src/lib/services/optimized-qdrant-service.ts(326,33): error TS1136: Property assignment expected.
sveltekit-frontend/src/lib/services/optimized-qdrant-service.ts(326,36): error TS1109: Expression expected.
sveltekit-frontend/src/lib/services/optimized-qdrant-service.ts(326,37): error TS1005: ':' expected.
sveltekit-frontend/src/lib/services/optimized-qdrant-service.ts(327,11): error TS1005: ':' expected.
sveltekit-frontend/src/lib/services/optimized-qdrant-service.ts(327,34): error TS1109: Expression expected.
sveltekit-frontend/src/lib/services/optimized-qdrant-service.ts(327,35): error TS1005: ':' expected.
sveltekit-frontend/src/lib/services/optimized-qdrant-service.ts(327,37): error TS1136: Property assignment expected.
sveltekit-frontend/src/lib/services/optimized-qdrant-service.ts(327,40): error TS1109: Expression expected.
sveltekit-frontend/src/lib/services/optimized-qdrant-service.ts(327,41): error TS1005: ':' expected.
sveltekit-frontend/src/lib/services/optimized-qdrant-service.ts(328,10): error TS1359: Identifier expected. 'const' is a reserved word that cannot be used here.
sveltekit-frontend/src/lib/services/optimized-qdrant-service.ts(328,16): error TS1005: ',' expected.
sveltekit-frontend/src/lib/services/optimized-qdrant-service.ts(328,28): error TS1005: ',' expected.
sveltekit-frontend/src/lib/services/optimized-qdrant-service.ts(331,120): error TS1005: ';' expected.
sveltekit-frontend/src/lib/services/optimized-qdrant-service.ts(331,121): error TS1005: ')' expected.
sveltekit-frontend/src/lib/services/optimized-qdrant-service.ts(331,130): error TS1109: Expression expected.
sveltekit-frontend/src/lib/services/optimized-qdrant-service.ts(331,137): error TS1109: Expression expected.
sveltekit-frontend/src/lib/services/optimized-qdrant-service.ts(331,138): error TS1005: ',' expected.
sveltekit-frontend/src/lib/services/optimized-qdrant-service.ts(331,139): error TS1003: Identifier expected.
sveltekit-frontend/src/lib/services/optimized-qdrant-service.ts(331,142): error TS1005: ',' expected.
sveltekit-frontend/src/lib/services/optimized-qdrant-service.ts(331,143): error TS1136: Property assignment expected.
sveltekit-frontend/src/lib/services/optimized-qdrant-service.ts(332,11): error TS1005: ':' expected.
sveltekit-frontend/src/lib/services/optimized-qdrant-service.ts(332,22): error TS1005: ',' expected.
sveltekit-frontend/src/lib/services/optimized-qdrant-service.ts(332,33): error TS1005: ';' expected.
sveltekit-frontend/src/lib/services/optimized-qdrant-service.ts(332,115): error TS1110: Type expected.
sveltekit-frontend/src/lib/services/optimized-qdrant-service.ts(332,117): error TS1131: Property or signature expected.
sveltekit-frontend/src/lib/services/optimized-qdrant-service.ts(332,121): error TS1005: ')' expected.
sveltekit-frontend/src/lib/services/optimized-qdrant-service.ts(332,130): error TS1109: Expression expected.
sveltekit-frontend/src/lib/services/optimized-qdrant-service.ts(332,136): error TS1128: Declaration or statement expected.
sveltekit-frontend/src/lib/services/optimized-qdrant-service.ts(332,137): error TS1128: Declaration or statement expected.
sveltekit-frontend/src/lib/services/optimized-qdrant-service.ts(332,138): error TS1128: Declaration or statement expected.
sveltekit-frontend/src/lib/services/optimized-qdrant-service.ts(332,139): error TS1434: Unexpected keyword or identifier.
sveltekit-frontend/src/lib/services/optimized-qdrant-service.ts(332,141): error TS1128: Declaration or statement expected.
sveltekit-frontend/src/lib/services/optimized-qdrant-service.ts(332,142): error TS1128: Declaration or statement expected.
sveltekit-frontend/src/lib/services/optimized-qdrant-service.ts(333,7): error TS1128: Declaration or statement expected.
sveltekit-frontend/src/lib/services/optimized-qdrant-service.ts(333,131): error TS1005: ';' expected.
sveltekit-frontend/src/lib/services/optimized-qdrant-service.ts(333,132): error TS1005: ')' expected.
sveltekit-frontend/src/lib/services/optimized-qdrant-service.ts(333,141): error TS1109: Expression expected.
sveltekit-frontend/src/lib/services/optimized-qdrant-service.ts(333,147): error TS1128: Declaration or statement expected.
sveltekit-frontend/src/lib/services/optimized-qdrant-service.ts(333,148): error TS1128: Declaration or statement expected.
sveltekit-frontend/src/lib/services/optimized-qdrant-service.ts(333,149): error TS1128: Declaration or statement expected.
sveltekit-frontend/src/lib/services/optimized-qdrant-service.ts(333,150): error TS1434: Unexpected keyword or identifier.
sveltekit-frontend/src/lib/services/optimized-qdrant-service.ts(333,152): error TS1128: Declaration or statement expected.
sveltekit-frontend/src/lib/services/optimized-qdrant-service.ts(333,153): error TS1128: Declaration or statement expected.
sveltekit-frontend/src/lib/services/optimized-qdrant-service.ts(334,5): error TS1128: Declaration or statement expected.
sveltekit-frontend/src/lib/services/optimized-qdrant-service.ts(342,74): error TS1005: ')' expected.
sveltekit-frontend/src/lib/services/optimized-qdrant-service.ts(343,66): error TS1005: ')' expected.
sveltekit-frontend/src/lib/services/optimized-qdrant-service.ts(344,74): error TS1005: ')' expected.
sveltekit-frontend/src/lib/services/optimized-qdrant-service.ts(351,116): error TS1005: ';' expected.
sveltekit-frontend/src/lib/services/optimized-qdrant-service.ts(351,117): error TS1005: ')' expected.
sveltekit-frontend/src/lib/services/optimized-qdrant-service.ts(351,126): error TS1109: Expression expected.
sveltekit-frontend/src/lib/services/optimized-qdrant-service.ts(351,133): error TS1128: Declaration or statement expected.
sveltekit-frontend/src/lib/services/optimized-qdrant-service.ts(351,134): error TS1128: Declaration or statement expected.
sveltekit-frontend/src/lib/services/optimized-qdrant-service.ts(351,135): error TS1434: Unexpected keyword or identifier.
sveltekit-frontend/src/lib/services/optimized-qdrant-service.ts(351,137): error TS1128: Declaration or statement expected.
sveltekit-frontend/src/lib/services/optimized-qdrant-service.ts(360,9): error TS1128: Declaration or statement expected.
sveltekit-frontend/src/lib/services/optimized-qdrant-service.ts(361,108): error TS1005: ';' expected.
sveltekit-frontend/src/lib/services/optimized-qdrant-service.ts(361,109): error TS1005: ')' expected.
sveltekit-frontend/src/lib/services/optimized-qdrant-service.ts(361,118): error TS1109: Expression expected.
sveltekit-frontend/src/lib/services/optimized-qdrant-service.ts(361,125): error TS1128: Declaration or statement expected.
sveltekit-frontend/src/lib/services/optimized-qdrant-service.ts(361,126): error TS1128: Declaration or statement expected.
sveltekit-frontend/src/lib/services/optimized-qdrant-service.ts(361,127): error TS1434: Unexpected keyword or identifier.
sveltekit-frontend/src/lib/services/optimized-qdrant-service.ts(361,129): error TS1128: Declaration or statement expected.
sveltekit-frontend/src/lib/services/optimized-qdrant-service.ts(370,7): error TS1128: Declaration or statement expected.
sveltekit-frontend/src/lib/services/optimized-qdrant-service.ts(370,9): error TS1128: Declaration or statement expected.
sveltekit-frontend/src/lib/services/optimized-qdrant-service.ts(371,113): error TS1005: ';' expected.
sveltekit-frontend/src/lib/services/optimized-qdrant-service.ts(371,114): error TS1005: ')' expected.
sveltekit-frontend/src/lib/services/optimized-qdrant-service.ts(371,123): error TS1109: Expression expected.
sveltekit-frontend/src/lib/services/optimized-qdrant-service.ts(371,130): error TS1128: Declaration or statement expected.
sveltekit-frontend/src/lib/services/optimized-qdrant-service.ts(371,131): error TS1128: Declaration or statement expected.
sveltekit-frontend/src/lib/services/optimized-qdrant-service.ts(371,132): error TS1434: Unexpected keyword or identifier.
sveltekit-frontend/src/lib/services/optimized-qdrant-service.ts(371,134): error TS1128: Declaration or statement expected.
sveltekit-frontend/src/lib/services/optimized-qdrant-service.ts(380,7): error TS1128: Declaration or statement expected.
sveltekit-frontend/src/lib/services/optimized-qdrant-service.ts(382,84): error TS1005: ';' expected.
sveltekit-frontend/src/lib/services/optimized-qdrant-service.ts(382,85): error TS1005: ')' expected.
sveltekit-frontend/src/lib/services/optimized-qdrant-service.ts(382,106): error TS1005: ';' expected.
sveltekit-frontend/src/lib/services/optimized-qdrant-service.ts(382,107): error TS1128: Declaration or statement expected.
sveltekit-frontend/src/lib/services/optimized-qdrant-service.ts(386,7): error TS1128: Declaration or statement expected.
sveltekit-frontend/src/lib/services/optimized-qdrant-service.ts(386,8): error TS1128: Declaration or statement expected.
sveltekit-frontend/src/lib/services/optimized-qdrant-service.ts(387,5): error TS1128: Declaration or statement expected.
sveltekit-frontend/src/lib/services/optimized-qdrant-service.ts(389,3): error TS1128: Declaration or statement expected.
sveltekit-frontend/src/lib/services/optimized-qdrant-service.ts(390,3): error TS1128: Declaration or statement expected.
sveltekit-frontend/src/lib/services/optimized-qdrant-service.ts(390,11): error TS1434: Unexpected keyword or identifier.
sveltekit-frontend/src/lib/services/optimized-qdrant-service.ts(390,48): error TS1005: ',' expected.
sveltekit-frontend/src/lib/services/optimized-qdrant-service.ts(390,73): error TS1109: Expression expected.
sveltekit-frontend/src/lib/services/optimized-qdrant-service.ts(390,80): error TS1005: ';' expected.
sveltekit-frontend/src/lib/services/optimized-qdrant-service.ts(390,109): error TS1109: Expression expected.
sveltekit-frontend/src/lib/services/optimized-qdrant-service.ts(390,111): error TS1109: Expression expected.
sveltekit-frontend/src/lib/services/optimized-qdrant-service.ts(391,11): error TS1005: ':' expected.
sveltekit-frontend/src/lib/services/optimized-qdrant-service.ts(391,34): error TS1005: ',' expected.
sveltekit-frontend/src/lib/services/optimized-qdrant-service.ts(392,7): error TS1136: Property assignment expected.
sveltekit-frontend/src/lib/services/optimized-qdrant-service.ts(392,12): error TS1003: Identifier expected.
sveltekit-frontend/src/lib/services/optimized-qdrant-service.ts(395,7): error TS1135: Argument expression expected.
sveltekit-frontend/src/lib/services/optimized-qdrant-service.ts(396,11): error TS1135: Argument expression expected.
sveltekit-frontend/src/lib/services/optimized-qdrant-service.ts(397,44): error TS1005: ')' expected.
sveltekit-frontend/src/lib/services/optimized-qdrant-service.ts(398,12): error TS1005: ':' expected.
sveltekit-frontend/src/lib/services/optimized-qdrant-service.ts(398,52): error TS1005: ',' expected.
sveltekit-frontend/src/lib/services/optimized-qdrant-service.ts(400,3): error TS1128: Declaration or statement expected.
sveltekit-frontend/src/lib/services/optimized-qdrant-service.ts(400,11): error TS1434: Unexpected keyword or identifier.
sveltekit-frontend/src/lib/services/optimized-qdrant-service.ts(400,44): error TS1005: ',' expected.
sveltekit-frontend/src/lib/services/optimized-qdrant-service.ts(400,69): error TS1109: Expression expected.
sveltekit-frontend/src/lib/services/optimized-qdrant-service.ts(400,76): error TS1005: ';' expected.
sveltekit-frontend/src/lib/services/optimized-qdrant-service.ts(400,105): error TS1109: Expression expected.
sveltekit-frontend/src/lib/services/optimized-qdrant-service.ts(400,107): error TS1109: Expression expected.
sveltekit-frontend/src/lib/services/optimized-qdrant-service.ts(401,11): error TS1005: ':' expected.
sveltekit-frontend/src/lib/services/optimized-qdrant-service.ts(401,34): error TS1005: ',' expected.
sveltekit-frontend/src/lib/services/optimized-qdrant-service.ts(402,7): error TS1136: Property assignment expected.
sveltekit-frontend/src/lib/services/optimized-qdrant-service.ts(402,12): error TS1003: Identifier expected.
sveltekit-frontend/src/lib/services/optimized-qdrant-service.ts(405,7): error TS1135: Argument expression expected.
sveltekit-frontend/src/lib/services/optimized-qdrant-service.ts(406,11): error TS1135: Argument expression expected.
sveltekit-frontend/src/lib/services/optimized-qdrant-service.ts(407,41): error TS1005: ')' expected.
sveltekit-frontend/src/lib/services/optimized-qdrant-service.ts(408,12): error TS1005: ':' expected.
sveltekit-frontend/src/lib/services/optimized-qdrant-service.ts(408,52): error TS1005: ',' expected.
sveltekit-frontend/src/lib/services/optimized-qdrant-service.ts(410,3): error TS1128: Declaration or statement expected.
sveltekit-frontend/src/lib/services/optimized-qdrant-service.ts(410,11): error TS1434: Unexpected keyword or identifier.
sveltekit-frontend/src/lib/services/optimized-qdrant-service.ts(410,53): error TS1005: ',' expected.
sveltekit-frontend/src/lib/services/optimized-qdrant-service.ts(410,78): error TS1109: Expression expected.
sveltekit-frontend/src/lib/services/optimized-qdrant-service.ts(410,85): error TS1005: ';' expected.
sveltekit-frontend/src/lib/services/optimized-qdrant-service.ts(410,114): error TS1109: Expression expected.
sveltekit-frontend/src/lib/services/optimized-qdrant-service.ts(410,116): error TS1109: Expression expected.
sveltekit-frontend/src/lib/services/optimized-qdrant-service.ts(411,11): error TS1005: ':' expected.
sveltekit-frontend/src/lib/services/optimized-qdrant-service.ts(411,34): error TS1005: ',' expected.
sveltekit-frontend/src/lib/services/optimized-qdrant-service.ts(412,7): error TS1136: Property assignment expected.
sveltekit-frontend/src/lib/services/optimized-qdrant-service.ts(412,12): error TS1003: Identifier expected.
sveltekit-frontend/src/lib/services/optimized-qdrant-service.ts(415,7): error TS1135: Argument expression expected.
sveltekit-frontend/src/lib/services/optimized-qdrant-service.ts(416,11): error TS1135: Argument expression expected.
sveltekit-frontend/src/lib/services/optimized-qdrant-service.ts(417,50): error TS1005: ')' expected.
sveltekit-frontend/src/lib/services/optimized-qdrant-service.ts(418,12): error TS1005: ':' expected.
sveltekit-frontend/src/lib/services/optimized-qdrant-service.ts(418,52): error TS1005: ',' expected.
sveltekit-frontend/src/lib/services/optimized-qdrant-service.ts(420,3): error TS1128: Declaration or statement expected.
sveltekit-frontend/src/lib/services/optimized-qdrant-service.ts(420,44): error TS1005: ',' expected.
sveltekit-frontend/src/lib/services/optimized-qdrant-service.ts(420,61): error TS1005: ',' expected.
sveltekit-frontend/src/lib/services/optimized-qdrant-service.ts(420,71): error TS1005: ';' expected.
sveltekit-frontend/src/lib/services/optimized-qdrant-service.ts(420,89): error TS1011: An element access expression should take an argument.
sveltekit-frontend/src/lib/services/optimized-qdrant-service.ts(421,9): error TS1005: ',' expected.
sveltekit-frontend/src/lib/services/optimized-qdrant-service.ts(421,17): error TS1109: Expression expected.
sveltekit-frontend/src/lib/services/optimized-qdrant-service.ts(421,20): error TS1005: ':' expected.
sveltekit-frontend/src/lib/services/optimized-qdrant-service.ts(422,9): error TS1005: ',' expected.
sveltekit-frontend/src/lib/services/optimized-qdrant-service.ts(422,18): error TS1011: An element access expression should take an argument.
sveltekit-frontend/src/lib/services/optimized-qdrant-service.ts(422,24): error TS1005: ',' expected.
sveltekit-frontend/src/lib/services/optimized-qdrant-service.ts(423,7): error TS1005: ':' expected.
sveltekit-frontend/src/lib/services/optimized-qdrant-service.ts(423,9): error TS1136: Property assignment expected.
sveltekit-frontend/src/lib/services/optimized-qdrant-service.ts(425,17): error TS1109: Expression expected.
sveltekit-frontend/src/lib/services/optimized-qdrant-service.ts(425,26): error TS1109: Expression expected.
sveltekit-frontend/src/lib/services/optimized-qdrant-service.ts(430,3): error TS1128: Declaration or statement expected.
sveltekit-frontend/src/lib/services/optimized-qdrant-service.ts(431,3): error TS1128: Declaration or statement expected.
sveltekit-frontend/src/lib/services/optimized-qdrant-service.ts(431,11): error TS1434: Unexpected keyword or identifier.
sveltekit-frontend/src/lib/services/optimized-qdrant-service.ts(431,43): error TS1005: ',' expected.
sveltekit-frontend/src/lib/services/optimized-qdrant-service.ts(431,65): error TS1005: ')' expected.
sveltekit-frontend/src/lib/services/optimized-qdrant-service.ts(433,3): error TS1128: Declaration or statement expected.
sveltekit-frontend/src/lib/services/optimized-qdrant-service.ts(433,4): error TS1128: Declaration or statement expected.
sveltekit-frontend/src/lib/services/optimized-qdrant-service.ts(434,9): error TS1005: ',' expected.
sveltekit-frontend/src/lib/services/optimized-qdrant-service.ts(434,17): error TS1109: Expression expected.
sveltekit-frontend/src/lib/services/optimized-qdrant-service.ts(434,20): error TS1005: ':' expected.
sveltekit-frontend/src/lib/services/optimized-qdrant-service.ts(435,9): error TS1005: ',' expected.
sveltekit-frontend/src/lib/services/optimized-qdrant-service.ts(435,17): error TS1109: Expression expected.
sveltekit-frontend/src/lib/services/optimized-qdrant-service.ts(435,20): error TS1005: ':' expected.
sveltekit-frontend/src/lib/services/optimized-qdrant-service.ts(436,8): error TS1005: ':' expected.
sveltekit-frontend/src/lib/services/optimized-qdrant-service.ts(436,17): error TS1359: Identifier expected. 'const' is a reserved word that cannot be used here.
sveltekit-frontend/src/lib/services/optimized-qdrant-service.ts(436,23): error TS1005: ',' expected.
sveltekit-frontend/src/lib/services/optimized-qdrant-service.ts(436,34): error TS1005: ',' expected.
sveltekit-frontend/src/lib/services/optimized-qdrant-service.ts(438,9): error TS1128: Declaration or statement expected.
sveltekit-frontend/src/lib/services/optimized-qdrant-service.ts(438,45): error TS1005: ',' expected.
sveltekit-frontend/src/lib/services/optimized-qdrant-service.ts(439,9): error TS1003: Identifier expected.
sveltekit-frontend/src/lib/services/optimized-qdrant-service.ts(440,152): error TS1005: ';' expected.
sveltekit-frontend/src/lib/services/optimized-qdrant-service.ts(440,153): error TS1005: ',' expected.
sveltekit-frontend/src/lib/services/optimized-qdrant-service.ts(441,17): error TS1005: ',' expected.
sveltekit-frontend/src/lib/services/optimized-qdrant-service.ts(442,18): error TS1005: ',' expected.
sveltekit-frontend/src/lib/services/optimized-qdrant-service.ts(450,9): error TS1005: ',' expected.
sveltekit-frontend/src/lib/services/optimized-qdrant-service.ts(450,10): error TS1005: ';' expected.
sveltekit-frontend/src/lib/services/optimized-qdrant-service.ts(460,5): error TS1128: Declaration or statement expected.
sveltekit-frontend/src/lib/services/optimized-qdrant-service.ts(462,3): error TS1128: Declaration or statement expected.
sveltekit-frontend/src/lib/services/optimized-qdrant-service.ts(463,3): error TS1128: Declaration or statement expected.
sveltekit-frontend/src/lib/services/optimized-qdrant-service.ts(463,11): error TS1434: Unexpected keyword or identifier.
sveltekit-frontend/src/lib/services/optimized-qdrant-service.ts(463,36): error TS1005: ',' expected.
sveltekit-frontend/src/lib/services/optimized-qdrant-service.ts(463,45): error TS1005: ')' expected.
sveltekit-frontend/src/lib/services/optimized-qdrant-service.ts(464,3): error TS1128: Declaration or statement expected.
sveltekit-frontend/src/lib/services/optimized-qdrant-service.ts(464,4): error TS1128: Declaration or statement expected.
sveltekit-frontend/src/lib/services/optimized-qdrant-service.ts(465,9): error TS1005: ':' expected.
sveltekit-frontend/src/lib/services/optimized-qdrant-service.ts(466,13): error TS1005: ':' expected.
sveltekit-frontend/src/lib/services/optimized-qdrant-service.ts(466,36): error TS1109: Expression expected.
sveltekit-frontend/src/lib/services/optimized-qdrant-service.ts(466,38): error TS1005: ':' expected.
sveltekit-frontend/src/lib/services/optimized-qdrant-service.ts(466,59): error TS1136: Property assignment expected.
sveltekit-frontend/src/lib/services/optimized-qdrant-service.ts(470,9): error TS1005: ')' expected.
sveltekit-frontend/src/lib/services/optimized-qdrant-service.ts(471,13): error TS1005: ',' expected.
sveltekit-frontend/src/lib/services/optimized-qdrant-service.ts(471,18): error TS1005: ',' expected.
sveltekit-frontend/src/lib/services/optimized-qdrant-service.ts(474,7): error TS1005: ',' expected.
sveltekit-frontend/src/lib/services/optimized-qdrant-service.ts(474,9): error TS1005: ',' expected.
sveltekit-frontend/src/lib/services/optimized-qdrant-service.ts(474,10): error TS1136: Property assignment expected.
sveltekit-frontend/src/lib/services/optimized-qdrant-service.ts(475,14): error TS1005: ':' expected.
sveltekit-frontend/src/lib/services/optimized-qdrant-service.ts(476,7): error TS1005: ';' expected.
sveltekit-frontend/src/lib/services/optimized-qdrant-service.ts(480,3): error TS1128: Declaration or statement expected.
sveltekit-frontend/src/lib/services/optimized-qdrant-service.ts(481,3): error TS1128: Declaration or statement expected.
sveltekit-frontend/src/lib/services/optimized-qdrant-service.ts(481,11): error TS1434: Unexpected keyword or identifier.
sveltekit-frontend/src/lib/services/optimized-qdrant-service.ts(481,31): error TS1005: ';' expected.
sveltekit-frontend/src/lib/services/optimized-qdrant-service.ts(482,13): error TS1005: ',' expected.
sveltekit-frontend/src/lib/services/optimized-qdrant-service.ts(482,59): error TS1109: Expression expected.
sveltekit-frontend/src/lib/services/optimized-qdrant-service.ts(482,62): error TS1005: ':' expected.
sveltekit-frontend/src/lib/services/optimized-qdrant-service.ts(482,64): error TS1136: Property assignment expected.
sveltekit-frontend/src/lib/services/optimized-qdrant-service.ts(493,3): error TS1128: Declaration or statement expected.
sveltekit-frontend/src/lib/services/optimized-qdrant-service.ts(494,3): error TS1128: Declaration or statement expected.
sveltekit-frontend/src/lib/services/optimized-qdrant-service.ts(494,39): error TS1005: ',' expected.
sveltekit-frontend/src/lib/services/optimized-qdrant-service.ts(494,48): error TS1011: An element access expression should take an argument.
sveltekit-frontend/src/lib/services/optimized-qdrant-service.ts(494,59): error TS1005: ',' expected.
sveltekit-frontend/src/lib/services/optimized-qdrant-service.ts(494,66): error TS1005: ';' expected.
sveltekit-frontend/src/lib/services/optimized-qdrant-service.ts(494,68): error TS1434: Unexpected keyword or identifier.
sveltekit-frontend/src/lib/services/optimized-qdrant-service.ts(497,7): error TS1005: ',' expected.
sveltekit-frontend/src/lib/services/optimized-qdrant-service.ts(505,42): error TS1109: Expression expected.
sveltekit-frontend/src/lib/services/optimized-qdrant-service.ts(506,13): error TS1109: Expression expected.
sveltekit-frontend/src/lib/services/optimized-qdrant-service.ts(510,3): error TS1128: Declaration or statement expected.
sveltekit-frontend/src/lib/services/optimized-qdrant-service.ts(510,39): error TS1005: ',' expected.
sveltekit-frontend/src/lib/services/optimized-qdrant-service.ts(510,60): error TS1011: An element access expression should take an argument.
sveltekit-frontend/src/lib/services/optimized-qdrant-service.ts(510,62): error TS1005: ';' expected.
sveltekit-frontend/src/lib/services/optimized-qdrant-service.ts(510,64): error TS1434: Unexpected keyword or identifier.
sveltekit-frontend/src/lib/services/optimized-qdrant-service.ts(513,3): error TS1128: Declaration or statement expected.
sveltekit-frontend/src/lib/services/optimized-qdrant-service.ts(513,11): error TS1434: Unexpected keyword or identifier.
sveltekit-frontend/src/lib/services/optimized-qdrant-service.ts(513,32): error TS1005: ';' expected.
sveltekit-frontend/src/lib/services/optimized-qdrant-service.ts(513,46): error TS1109: Expression expected.
sveltekit-frontend/src/lib/services/optimized-qdrant-service.ts(515,11): error TS1005: ':' expected.
sveltekit-frontend/src/lib/services/optimized-qdrant-service.ts(515,27): error TS1005: ',' expected.
sveltekit-frontend/src/lib/services/optimized-qdrant-service.ts(516,11): error TS1005: ':' expected.
sveltekit-frontend/src/lib/services/optimized-qdrant-service.ts(516,32): error TS1005: ':' expected.
sveltekit-frontend/src/lib/services/optimized-qdrant-service.ts(517,10): error TS1359: Identifier expected. 'const' is a reserved word that cannot be used here.
sveltekit-frontend/src/lib/services/optimized-qdrant-service.ts(517,16): error TS1005: ',' expected.
sveltekit-frontend/src/lib/services/optimized-qdrant-service.ts(517,35): error TS1005: ',' expected.
sveltekit-frontend/src/lib/services/optimized-qdrant-service.ts(517,40): error TS1005: ',' expected.
sveltekit-frontend/src/lib/services/optimized-qdrant-service.ts(517,63): error TS1005: '{' expected.
sveltekit-frontend/src/lib/services/optimized-qdrant-service.ts(517,65): error TS1136: Property assignment expected.
sveltekit-frontend/src/lib/services/optimized-qdrant-service.ts(531,3): error TS1434: Unexpected keyword or identifier.
sveltekit-frontend/src/lib/services/optimized-qdrant-service.ts(531,22): error TS1005: ';' expected.
sveltekit-frontend/src/lib/services/optimized-qdrant-service.ts(532,9): error TS1005: ':' expected.
sveltekit-frontend/src/lib/services/optimized-qdrant-service.ts(533,13): error TS1005: ':' expected.
sveltekit-frontend/src/lib/services/optimized-qdrant-service.ts(533,61): error TS1005: ',' expected.
sveltekit-frontend/src/lib/services/optimized-qdrant-service.ts(534,13): error TS1005: ':' expected.
sveltekit-frontend/src/lib/services/optimized-qdrant-service.ts(534,105): error TS1005: ',' expected.
sveltekit-frontend/src/lib/services/optimized-qdrant-service.ts(535,14): error TS1005: ':' expected.
sveltekit-frontend/src/lib/services/optimized-qdrant-service.ts(542,7): error TS1005: ',' expected.
sveltekit-frontend/src/lib/services/optimized-redis-pipeline.ts(57,75): error TS1005: ';' expected.
sveltekit-frontend/src/lib/services/optimized-redis-pipeline.ts(57,76): error TS1005: '}' expected.
sveltekit-frontend/src/lib/services/optimized-redis-pipeline.ts(57,86): error TS1109: Expression expected.
sveltekit-frontend/src/lib/services/optimized-redis-pipeline.ts(57,93): error TS1068: Unexpected token. A constructor, method, accessor, or property was expected.
sveltekit-frontend/src/lib/services/optimized-redis-pipeline.ts(57,94): error TS1068: Unexpected token. A constructor, method, accessor, or property was expected.
sveltekit-frontend/src/lib/services/optimized-redis-pipeline.ts(57,111): error TS1109: Expression expected.
sveltekit-frontend/src/lib/services/optimized-redis-pipeline.ts(57,114): error TS1005: ';' expected.
sveltekit-frontend/src/lib/services/optimized-redis-pipeline.ts(57,138): error TS1443: Module declaration names may only use ' or " quoted strings.
sveltekit-frontend/src/lib/services/optimized-redis-pipeline.ts(299,18): error TS1127: Invalid character.
sveltekit-frontend/src/lib/services/optimized-redis-pipeline.ts(299,18): error TS1128: Declaration or statement expected.
sveltekit-frontend/src/lib/services/optimized-redis-pipeline.ts(299,21): error TS1434: Unexpected keyword or identifier.
sveltekit-frontend/src/lib/services/optimized-redis-pipeline.ts(299,34): error TS1434: Unexpected keyword or identifier.
sveltekit-frontend/src/lib/services/optimized-redis-pipeline.ts(299,62): error TS1434: Unexpected keyword or identifier.
sveltekit-frontend/src/lib/services/optimized-redis-pipeline.ts(299,76): error TS1443: Module declaration names may only use ' or " quoted strings.
sveltekit-frontend/src/lib/services/optimized-redis-pipeline.ts(306,24): error TS1127: Invalid character.
sveltekit-frontend/src/lib/services/optimized-redis-pipeline.ts(306,24): error TS1128: Declaration or statement expected.
sveltekit-frontend/src/lib/services/optimized-redis-pipeline.ts(306,26): error TS1434: Unexpected keyword or identifier.
sveltekit-frontend/src/lib/services/optimized-redis-pipeline.ts(306,33): error TS1434: Unexpected keyword or identifier.
sveltekit-frontend/src/lib/services/optimized-redis-pipeline.ts(315,22): error TS1127: Invalid character.
sveltekit-frontend/src/lib/services/optimized-redis-pipeline.ts(315,24): error TS1434: Unexpected keyword or identifier.
sveltekit-frontend/src/lib/services/optimized-redis-pipeline.ts(354,18): error TS1127: Invalid character.
sveltekit-frontend/src/lib/services/optimized-redis-pipeline.ts(354,21): error TS1434: Unexpected keyword or identifier.
sveltekit-frontend/src/lib/services/optimized-redis-pipeline.ts(354,32): error TS1434: Unexpected keyword or identifier.
sveltekit-frontend/src/lib/services/optimized-redis-pipeline.ts(354,49): error TS1434: Unexpected keyword or identifier.
sveltekit-frontend/src/lib/services/optimized-redis-pipeline.ts(354,56): error TS1434: Unexpected keyword or identifier.
sveltekit-frontend/src/lib/services/optimized-redis-pipeline.ts(354,63): error TS1434: Unexpected keyword or identifier.
sveltekit-frontend/src/lib/services/optimized-redis-pipeline.ts(354,96): error TS1443: Module declaration names may only use ' or " quoted strings.
sveltekit-frontend/src/lib/services/optimized-redis-pipeline.ts(367,18): error TS1127: Invalid character.
sveltekit-frontend/src/lib/services/optimized-redis-pipeline.ts(367,18): error TS1128: Declaration or statement expected.
sveltekit-frontend/src/lib/services/optimized-redis-pipeline.ts(367,20): error TS1434: Unexpected keyword or identifier.
sveltekit-frontend/src/lib/services/optimized-redis-pipeline.ts(367,29): error TS1434: Unexpected keyword or identifier.
sveltekit-frontend/src/lib/services/optimized-redis-pipeline.ts(367,50): error TS1434: Unexpected keyword or identifier.
sveltekit-frontend/src/lib/services/optimized-redis-pipeline.ts(367,78): error TS1443: Module declaration names may only use ' or " quoted strings.
sveltekit-frontend/src/lib/services/optimized-redis-pipeline.ts(372,26): error TS1434: Unexpected keyword or identifier.
sveltekit-frontend/src/lib/services/optimized-redis-pipeline.ts(372,45): error TS1434: Unexpected keyword or identifier.
sveltekit-frontend/src/lib/services/optimized-redis-pipeline.ts(379,35): error TS1005: ';' expected.
sveltekit-frontend/src/lib/services/optimized-redis-pipeline.ts(379,46): error TS1005: '(' expected.
sveltekit-frontend/src/lib/services/optimized-redis-pipeline.ts(379,55): error TS1005: ';' expected.
sveltekit-frontend/src/lib/services/optimized-redis-pipeline.ts(379,56): error TS1005: ';' expected.
sveltekit-frontend/src/lib/services/optimized-redis-pipeline.ts(401,18): error TS1127: Invalid character.
sveltekit-frontend/src/lib/services/optimized-redis-pipeline.ts(401,21): error TS1434: Unexpected keyword or identifier.
sveltekit-frontend/src/lib/services/optimized-redis-pipeline.ts(401,32): error TS1434: Unexpected keyword or identifier.
sveltekit-frontend/src/lib/services/optimized-redis-pipeline.ts(401,50): error TS1434: Unexpected keyword or identifier.
sveltekit-frontend/src/lib/services/optimized-redis-pipeline.ts(401,58): error TS1434: Unexpected keyword or identifier.
sveltekit-frontend/src/lib/services/optimized-redis-pipeline.ts(401,66): error TS1434: Unexpected keyword or identifier.
sveltekit-frontend/src/lib/services/optimized-redis-pipeline.ts(401,70): error TS1434: Unexpected keyword or identifier.
sveltekit-frontend/src/lib/services/optimized-redis-pipeline.ts(401,87): error TS1443: Module declaration names may only use ' or " quoted strings.
sveltekit-frontend/src/lib/services/optimized-redis-pipeline.ts(447,18): error TS1127: Invalid character.
sveltekit-frontend/src/lib/services/optimized-redis-pipeline.ts(447,18): error TS1128: Declaration or statement expected.
sveltekit-frontend/src/lib/services/optimized-redis-pipeline.ts(447,21): error TS1435: Unknown keyword or identifier. Did you mean 'string'?
sveltekit-frontend/src/lib/services/optimized-redis-pipeline.ts(447,31): error TS1434: Unexpected keyword or identifier.
sveltekit-frontend/src/lib/services/optimized-redis-pipeline.ts(447,49): error TS1434: Unexpected keyword or identifier.
sveltekit-frontend/src/lib/services/optimized-redis-pipeline.ts(447,57): error TS1434: Unexpected keyword or identifier.
sveltekit-frontend/src/lib/services/optimized-redis-pipeline.ts(447,65): error TS1434: Unexpected keyword or identifier.
sveltekit-frontend/src/lib/services/optimized-redis-pipeline.ts(447,76): error TS1434: Unexpected keyword or identifier.
sveltekit-frontend/src/lib/services/optimized-redis-pipeline.ts(447,86): error TS1443: Module declaration names may only use ' or " quoted strings.
sveltekit-frontend/src/lib/services/optimized-redis-pipeline.ts(458,195): error TS1434: Unexpected keyword or identifier.
sveltekit-frontend/src/lib/services/optimized-redis-pipeline.ts(458,205): error TS1434: Unexpected keyword or identifier.
sveltekit-frontend/src/lib/services/optimized-redis-pipeline.ts(458,212): error TS1434: Unexpected keyword or identifier.
sveltekit-frontend/src/lib/services/optimized-redis-pipeline.ts(478,26): error TS1127: Invalid character.
sveltekit-frontend/src/lib/services/optimized-redis-pipeline.ts(478,28): error TS1435: Unknown keyword or identifier. Did you mean 'string'?
sveltekit-frontend/src/lib/services/optimized-redis-pipeline.ts(478,38): error TS1434: Unexpected keyword or identifier.
sveltekit-frontend/src/lib/services/optimized-redis-pipeline.ts(478,47): error TS1005: '(' expected.
sveltekit-frontend/src/lib/services/optimized-redis-pipeline.ts(478,50): error TS1005: ';' expected.
sveltekit-frontend/src/lib/services/optimized-redis-pipeline.ts(478,51): error TS1136: Property assignment expected.
sveltekit-frontend/src/lib/services/optimized-redis-pipeline.ts(478,191): error TS1131: Property or signature expected.
sveltekit-frontend/src/lib/services/optimized-redis-pipeline.ts(478,200): error TS1109: Expression expected.
sveltekit-frontend/src/lib/services/optimized-redis-pipeline.ts(478,207): error TS1005: ')' expected.
sveltekit-frontend/src/lib/services/optimized-redis-pipeline.ts(478,208): error TS1128: Declaration or statement expected.
sveltekit-frontend/src/lib/services/optimized-redis-pipeline.ts(478,209): error TS1128: Declaration or statement expected.
sveltekit-frontend/src/lib/services/optimized-redis-pipeline.ts(478,212): error TS1128: Declaration or statement expected.
sveltekit-frontend/src/lib/services/optimized-redis-pipeline.ts(478,213): error TS1128: Declaration or statement expected.
sveltekit-frontend/src/lib/services/optimized-redis-pipeline.ts(499,22): error TS1127: Invalid character.
sveltekit-frontend/src/lib/services/optimized-redis-pipeline.ts(499,24): error TS1434: Unexpected keyword or identifier.
sveltekit-frontend/src/lib/services/optimized-redis-pipeline.ts(499,35): error TS1434: Unexpected keyword or identifier.
sveltekit-frontend/src/lib/services/optimized-redis-pipeline.ts(499,43): error TS1434: Unexpected keyword or identifier.
sveltekit-frontend/src/lib/services/optimized-redis-pipeline.ts(499,53): error TS1005: '(' expected.
sveltekit-frontend/src/lib/services/optimized-redis-pipeline.ts(499,56): error TS1005: ';' expected.
sveltekit-frontend/src/lib/services/optimized-redis-pipeline.ts(499,57): error TS1136: Property assignment expected.
sveltekit-frontend/src/lib/services/optimized-redis-pipeline.ts(499,197): error TS1131: Property or signature expected.
sveltekit-frontend/src/lib/services/optimized-redis-pipeline.ts(499,206): error TS1109: Expression expected.
sveltekit-frontend/src/lib/services/optimized-redis-pipeline.ts(499,213): error TS1005: ')' expected.
sveltekit-frontend/src/lib/services/optimized-redis-pipeline.ts(499,214): error TS1128: Declaration or statement expected.
sveltekit-frontend/src/lib/services/optimized-redis-pipeline.ts(499,215): error TS1128: Declaration or statement expected.
sveltekit-frontend/src/lib/services/optimized-redis-pipeline.ts(499,218): error TS1128: Declaration or statement expected.
sveltekit-frontend/src/lib/services/optimized-redis-pipeline.ts(499,219): error TS1128: Declaration or statement expected.
sveltekit-frontend/src/lib/services/optimized-redis-pipeline.ts(540,202): error TS1005: ';' expected.
sveltekit-frontend/src/lib/services/optimized-redis-pipeline.ts(540,208): error TS1443: Module declaration names may only use ' or " quoted strings.
sveltekit-frontend/src/lib/services/optimized-redis-pipeline.ts(558,22): error TS1127: Invalid character.
sveltekit-frontend/src/lib/services/optimized-redis-pipeline.ts(558,22): error TS1128: Declaration or statement expected.
sveltekit-frontend/src/lib/services/optimized-redis-pipeline.ts(558,33): error TS1434: Unexpected keyword or identifier.
sveltekit-frontend/src/lib/services/optimized-redis-pipeline.ts(611,22): error TS1005: ';' expected.
sveltekit-frontend/src/lib/services/optimized-redis-pipeline.ts(611,25): error TS1434: Unexpected keyword or identifier.
sveltekit-frontend/src/lib/services/optimized-redis-pipeline.ts(622,21): error TS1005: ';' expected.
sveltekit-frontend/src/lib/services/optimized-redis-pipeline.ts(623,25): error TS1005: ';' expected.
sveltekit-frontend/src/lib/services/optimized-redis-pipeline.ts(623,31): error TS1434: Unexpected keyword or identifier.
sveltekit-frontend/src/lib/services/optimized-redis-pipeline.ts(623,40): error TS1434: Unexpected keyword or identifier.
sveltekit-frontend/src/lib/services/optimized-redis-pipeline.ts(623,49): error TS1005: '(' expected.
sveltekit-frontend/src/lib/services/optimized-redis-pipeline.ts(623,61): error TS1005: ')' expected.
sveltekit-frontend/src/lib/services/optimized-redis-pipeline.ts(623,70): error TS1434: Unexpected keyword or identifier.
sveltekit-frontend/src/lib/services/optimized-redis-pipeline.ts(623,74): error TS1128: Declaration or statement expected.
sveltekit-frontend/src/lib/services/optimized-redis-pipeline.ts(623,79): error TS1434: Unexpected keyword or identifier.
sveltekit-frontend/src/lib/services/optimized-redis-pipeline.ts(623,93): error TS1443: Module declaration names may only use ' or " quoted strings.
sveltekit-frontend/src/lib/services/optimized-redis-pipeline.ts(626,17): error TS1434: Unexpected keyword or identifier.
sveltekit-frontend/src/lib/services/optimized-redis-pipeline.ts(626,23): error TS1434: Unexpected keyword or identifier.
sveltekit-frontend/src/lib/services/optimized-redis-pipeline.ts(626,32): error TS1434: Unexpected keyword or identifier.
sveltekit-frontend/src/lib/services/optimized-redis-pipeline.ts(635,18): error TS1127: Invalid character.
sveltekit-frontend/src/lib/services/optimized-redis-pipeline.ts(635,19): error TS1127: Invalid character.
sveltekit-frontend/src/lib/services/optimized-redis-pipeline.ts(635,22): error TS1434: Unexpected keyword or identifier.
sveltekit-frontend/src/lib/services/optimized-redis-pipeline.ts(635,39): error TS1434: Unexpected keyword or identifier.
sveltekit-frontend/src/lib/services/optimized-redis-pipeline.ts(635,66): error TS1443: Module declaration names may only use ' or " quoted strings.
sveltekit-frontend/src/lib/services/optimized-redis-pipeline.ts(636,18): error TS1127: Invalid character.
sveltekit-frontend/src/lib/services/optimized-redis-pipeline.ts(636,18): error TS1128: Declaration or statement expected.
sveltekit-frontend/src/lib/services/optimized-redis-pipeline.ts(636,21): error TS1434: Unexpected keyword or identifier.
sveltekit-frontend/src/lib/services/optimized-redis-pipeline.ts(636,39): error TS1434: Unexpected keyword or identifier.
sveltekit-frontend/src/lib/services/optimized-redis-pipeline.ts(637,18): error TS1127: Invalid character.
sveltekit-frontend/src/lib/services/optimized-redis-pipeline.ts(637,21): error TS1434: Unexpected keyword or identifier.
sveltekit-frontend/src/lib/services/optimized-redis-pipeline.ts(637,36): error TS1434: Unexpected keyword or identifier.
sveltekit-frontend/src/lib/services/optimized-redis-pipeline.ts(638,18): error TS1127: Invalid character.
sveltekit-frontend/src/lib/services/optimized-redis-pipeline.ts(638,20): error TS1435: Unknown keyword or identifier. Did you mean 'catch'?
sveltekit-frontend/src/lib/services/optimized-redis-pipeline.ts(638,32): error TS1434: Unexpected keyword or identifier.
sveltekit-frontend/src/lib/services/optimized-redis-pipeline.ts(639,18): error TS1127: Invalid character.
sveltekit-frontend/src/lib/services/optimized-redis-pipeline.ts(639,21): error TS1434: Unexpected keyword or identifier.
sveltekit-frontend/src/lib/services/optimized-redis-pipeline.ts(639,37): error TS1434: Unexpected keyword or identifier.
sveltekit-frontend/src/lib/services/optimized-redis-pipeline.ts(640,18): error TS1127: Invalid character.
sveltekit-frontend/src/lib/services/optimized-redis-pipeline.ts(640,21): error TS1434: Unexpected keyword or identifier.
sveltekit-frontend/src/lib/services/optimized-redis-pipeline.ts(640,36): error TS1434: Unexpected keyword or identifier.
sveltekit-frontend/src/lib/services/optimized-redis-pipeline.ts(641,18): error TS1127: Invalid character.
sveltekit-frontend/src/lib/services/optimized-redis-pipeline.ts(641,21): error TS1434: Unexpected keyword or identifier.
sveltekit-frontend/src/lib/services/optimized-redis-pipeline.ts(641,39): error TS1127: Invalid character.
sveltekit-frontend/src/lib/services/optimized-redis-pipeline.ts(642,18): error TS1127: Invalid character.
sveltekit-frontend/src/lib/services/optimized-redis-pipeline.ts(642,21): error TS1434: Unexpected keyword or identifier.
sveltekit-frontend/src/lib/services/optimized-redis-pipeline.ts(642,39): error TS1127: Invalid character.
sveltekit-frontend/src/lib/services/optimized-redis-pipeline.ts(663,22): error TS1005: ';' expected.
sveltekit-frontend/src/lib/services/optimized-redis-pipeline.ts(663,32): error TS1434: Unexpected keyword or identifier.
sveltekit-frontend/src/lib/services/optimized-redis-pipeline.ts(716,4): error TS1160: Unterminated template literal.
sveltekit-frontend/src/lib/services/parallel-error-analyzer.ts(7,1): error TS1128: Declaration or statement expected.
sveltekit-frontend/src/lib/services/parallel-error-analyzer.ts(14,1): error TS1128: Declaration or statement expected.
sveltekit-frontend/src/lib/services/parallel-error-analyzer.ts(21,1): error TS1128: Declaration or statement expected.
sveltekit-frontend/src/lib/services/parallel-error-analyzer.ts(126,12): error TS1005: ',' expected.
sveltekit-frontend/src/lib/services/parallel-error-analyzer.ts(129,24): error TS1109: Expression expected.
sveltekit-frontend/src/lib/services/parallel-error-analyzer.ts(130,20): error TS1109: Expression expected.
sveltekit-frontend/src/lib/services/parallel-error-analyzer.ts(132,9): error TS1128: Declaration or statement expected.
sveltekit-frontend/src/lib/services/parallel-error-analyzer.ts(133,8): error TS1472: 'catch' or 'finally' expected.
sveltekit-frontend/src/lib/services/parallel-error-analyzer.ts(135,46): error TS1136: Property assignment expected.
sveltekit-frontend/src/lib/services/parallel-error-analyzer.ts(149,3): error TS1128: Declaration or statement expected.
sveltekit-frontend/src/lib/services/parallel-error-analyzer.ts(149,11): error TS1434: Unexpected keyword or identifier.
sveltekit-frontend/src/lib/services/parallel-error-analyzer.ts(151,14): error TS1005: ',' expected.
sveltekit-frontend/src/lib/services/parallel-error-analyzer.ts(151,19): error TS1005: ',' expected.
sveltekit-frontend/src/lib/services/parallel-error-analyzer.ts(151,23): error TS1005: ',' expected.
sveltekit-frontend/src/lib/services/parallel-error-analyzer.ts(151,29): error TS1005: ',' expected.
sveltekit-frontend/src/lib/services/parallel-error-analyzer.ts(151,47): error TS1005: ',' expected.
sveltekit-frontend/src/lib/services/parallel-error-analyzer.ts(151,50): error TS1005: ',' expected.
sveltekit-frontend/src/lib/services/parallel-error-analyzer.ts(151,52): error TS1005: ';' expected.
sveltekit-frontend/src/lib/services/parallel-error-analyzer.ts(151,55): error TS1109: Expression expected.
sveltekit-frontend/src/lib/services/parallel-error-analyzer.ts(151,56): error TS1109: Expression expected.
sveltekit-frontend/src/lib/services/parallel-error-analyzer.ts(179,3): error TS1128: Declaration or statement expected.
sveltekit-frontend/src/lib/services/parallel-error-analyzer.ts(180,3): error TS1434: Unexpected keyword or identifier.
sveltekit-frontend/src/lib/services/parallel-error-analyzer.ts(180,38): error TS1135: Argument expression expected.
sveltekit-frontend/src/lib/services/parallel-error-analyzer.ts(180,44): error TS1011: An element access expression should take an argument.
sveltekit-frontend/src/lib/services/parallel-error-analyzer.ts(180,46): error TS1005: ';' expected.
sveltekit-frontend/src/lib/services/parallel-error-analyzer.ts(180,60): error TS1011: An element access expression should take an argument.
sveltekit-frontend/src/lib/services/parallel-error-analyzer.ts(181,9): error TS1003: Identifier expected.
sveltekit-frontend/src/lib/services/parallel-error-analyzer.ts(181,17): error TS1138: Parameter declaration expected.
sveltekit-frontend/src/lib/services/parallel-error-analyzer.ts(181,25): error TS1005: ',' expected.
sveltekit-frontend/src/lib/services/parallel-error-analyzer.ts(181,37): error TS1109: Expression expected.
sveltekit-frontend/src/lib/services/parallel-error-analyzer.ts(181,38): error TS1005: ':' expected.
sveltekit-frontend/src/lib/services/parallel-error-analyzer.ts(182,13): error TS1003: Identifier expected.
sveltekit-frontend/src/lib/services/parallel-error-analyzer.ts(182,71): error TS1005: ',' expected.
sveltekit-frontend/src/lib/services/parallel-error-analyzer.ts(183,11): error TS1005: ':' expected.
sveltekit-frontend/src/lib/services/parallel-error-analyzer.ts(183,40): error TS1005: ',' expected.
sveltekit-frontend/src/lib/services/parallel-error-analyzer.ts(184,9): error TS1005: ',' expected.
sveltekit-frontend/src/lib/services/parallel-error-analyzer.ts(184,22): error TS1011: An element access expression should take an argument.
sveltekit-frontend/src/lib/services/parallel-error-analyzer.ts(184,29): error TS1005: ',' expected.
sveltekit-frontend/src/lib/services/parallel-error-analyzer.ts(186,13): error TS1005: ',' expected.
sveltekit-frontend/src/lib/services/parallel-error-analyzer.ts(186,50): error TS1005: ':' expected.
sveltekit-frontend/src/lib/services/parallel-error-analyzer.ts(186,52): error TS1136: Property assignment expected.
sveltekit-frontend/src/lib/services/parallel-error-analyzer.ts(188,7): error TS1128: Declaration or statement expected.
sveltekit-frontend/src/lib/services/parallel-error-analyzer.ts(194,3): error TS1128: Declaration or statement expected.
sveltekit-frontend/src/lib/services/parallel-error-analyzer.ts(195,3): error TS1128: Declaration or statement expected.
sveltekit-frontend/src/lib/services/parallel-error-analyzer.ts(195,11): error TS1434: Unexpected keyword or identifier.
sveltekit-frontend/src/lib/services/parallel-error-analyzer.ts(195,39): error TS1135: Argument expression expected.
sveltekit-frontend/src/lib/services/parallel-error-analyzer.ts(195,45): error TS1011: An element access expression should take an argument.
sveltekit-frontend/src/lib/services/parallel-error-analyzer.ts(195,47): error TS1005: ';' expected.
sveltekit-frontend/src/lib/services/parallel-error-analyzer.ts(195,61): error TS1011: An element access expression should take an argument.
sveltekit-frontend/src/lib/services/parallel-error-analyzer.ts(196,9): error TS1003: Identifier expected.
sveltekit-frontend/src/lib/services/parallel-error-analyzer.ts(196,14): error TS1005: ',' expected.
sveltekit-frontend/src/lib/services/parallel-error-analyzer.ts(196,27): error TS1005: ',' expected.
sveltekit-frontend/src/lib/services/parallel-error-analyzer.ts(196,39): error TS1109: Expression expected.
sveltekit-frontend/src/lib/services/parallel-error-analyzer.ts(196,40): error TS1005: ':' expected.
sveltekit-frontend/src/lib/services/parallel-error-analyzer.ts(197,13): error TS1003: Identifier expected.
sveltekit-frontend/src/lib/services/parallel-error-analyzer.ts(197,63): error TS1005: ',' expected.
sveltekit-frontend/src/lib/services/parallel-error-analyzer.ts(199,11): error TS1005: ':' expected.
sveltekit-frontend/src/lib/services/parallel-error-analyzer.ts(199,57): error TS1005: ',' expected.
sveltekit-frontend/src/lib/services/parallel-error-analyzer.ts(200,11): error TS1005: ':' expected.
sveltekit-frontend/src/lib/services/parallel-error-analyzer.ts(200,59): error TS1005: ',' expected.
sveltekit-frontend/src/lib/services/parallel-error-analyzer.ts(201,14): error TS1005: ',' expected.
sveltekit-frontend/src/lib/services/parallel-error-analyzer.ts(201,17): error TS1109: Expression expected.
sveltekit-frontend/src/lib/services/parallel-error-analyzer.ts(201,19): error TS1003: Identifier expected.
sveltekit-frontend/src/lib/services/parallel-error-analyzer.ts(201,20): error TS1138: Parameter declaration expected.
sveltekit-frontend/src/lib/services/parallel-error-analyzer.ts(201,21): error TS1138: Parameter declaration expected.
sveltekit-frontend/src/lib/services/parallel-error-analyzer.ts(201,25): error TS1005: ',' expected.
sveltekit-frontend/src/lib/services/parallel-error-analyzer.ts(201,34): error TS1005: ',' expected.
sveltekit-frontend/src/lib/services/parallel-error-analyzer.ts(201,44): error TS1005: ',' expected.
sveltekit-frontend/src/lib/services/parallel-error-analyzer.ts(201,47): error TS1005: ',' expected.
sveltekit-frontend/src/lib/services/parallel-error-analyzer.ts(201,49): error TS1005: ';' expected.
sveltekit-frontend/src/lib/services/parallel-error-analyzer.ts(201,52): error TS1109: Expression expected.
sveltekit-frontend/src/lib/services/parallel-error-analyzer.ts(202,7): error TS1109: Expression expected.
sveltekit-frontend/src/lib/services/parallel-error-analyzer.ts(246,68): error TS1005: ')' expected.
sveltekit-frontend/src/lib/services/parallel-error-analyzer.ts(249,46): error TS1109: Expression expected.
sveltekit-frontend/src/lib/services/parallel-error-analyzer.ts(250,7): error TS1109: Expression expected.
sveltekit-frontend/src/lib/services/parallel-error-analyzer.ts(266,3): error TS1128: Declaration or statement expected.
sveltekit-frontend/src/lib/services/parallel-error-analyzer.ts(267,3): error TS1128: Declaration or statement expected.
sveltekit-frontend/src/lib/services/parallel-error-analyzer.ts(267,36): error TS1135: Argument expression expected.
sveltekit-frontend/src/lib/services/parallel-error-analyzer.ts(267,45): error TS1005: ';' expected.
sveltekit-frontend/src/lib/services/parallel-error-analyzer.ts(267,47): error TS1434: Unexpected keyword or identifier.
sveltekit-frontend/src/lib/services/parallel-error-analyzer.ts(276,3): error TS1128: Declaration or statement expected.
sveltekit-frontend/src/lib/services/parallel-error-analyzer.ts(276,11): error TS1434: Unexpected keyword or identifier.
sveltekit-frontend/src/lib/services/parallel-error-analyzer.ts(276,43): error TS1135: Argument expression expected.
sveltekit-frontend/src/lib/services/parallel-error-analyzer.ts(276,49): error TS1011: An element access expression should take an argument.
sveltekit-frontend/src/lib/services/parallel-error-analyzer.ts(276,51): error TS1005: ';' expected.
sveltekit-frontend/src/lib/services/parallel-error-analyzer.ts(276,65): error TS1011: An element access expression should take an argument.
sveltekit-frontend/src/lib/services/parallel-error-analyzer.ts(277,13): error TS1003: Identifier expected.
sveltekit-frontend/src/lib/services/parallel-error-analyzer.ts(277,66): error TS1005: ',' expected.
sveltekit-frontend/src/lib/services/parallel-error-analyzer.ts(278,11): error TS1005: ':' expected.
sveltekit-frontend/src/lib/services/parallel-error-analyzer.ts(278,70): error TS1005: ',' expected.
sveltekit-frontend/src/lib/services/parallel-error-analyzer.ts(279,11): error TS1005: ':' expected.
sveltekit-frontend/src/lib/services/parallel-error-analyzer.ts(279,27): error TS1109: Expression expected.
sveltekit-frontend/src/lib/services/parallel-error-analyzer.ts(279,28): error TS1005: ':' expected.
sveltekit-frontend/src/lib/services/parallel-error-analyzer.ts(279,30): error TS1136: Property assignment expected.
sveltekit-frontend/src/lib/services/parallel-error-analyzer.ts(279,33): error TS1109: Expression expected.
sveltekit-frontend/src/lib/services/parallel-error-analyzer.ts(279,34): error TS1005: ':' expected.
sveltekit-frontend/src/lib/services/parallel-error-analyzer.ts(280,11): error TS1005: ':' expected.
sveltekit-frontend/src/lib/services/parallel-error-analyzer.ts(285,55): error TS1005: ')' expected.
sveltekit-frontend/src/lib/services/parallel-error-analyzer.ts(291,55): error TS1005: ')' expected.
sveltekit-frontend/src/lib/services/parallel-error-analyzer.ts(309,5): error TS1005: ',' expected.
sveltekit-frontend/src/lib/services/parallel-error-analyzer.ts(309,11): error TS1005: ':' expected.
sveltekit-frontend/src/lib/services/parallel-error-analyzer.ts(309,67): error TS1005: ')' expected.
sveltekit-frontend/src/lib/services/parallel-error-analyzer.ts(310,11): error TS1005: ':' expected.
sveltekit-frontend/src/lib/services/parallel-error-analyzer.ts(310,58): error TS1005: ',' expected.
sveltekit-frontend/src/lib/services/parallel-error-analyzer.ts(312,10): error TS1359: Identifier expected. 'const' is a reserved word that cannot be used here.
sveltekit-frontend/src/lib/services/parallel-error-analyzer.ts(312,16): error TS1005: ',' expected.
sveltekit-frontend/src/lib/services/parallel-error-analyzer.ts(312,33): error TS1005: ',' expected.
sveltekit-frontend/src/lib/services/parallel-error-analyzer.ts(315,5): error TS1005: ',' expected.
sveltekit-frontend/src/lib/services/parallel-error-analyzer.ts(315,12): error TS1005: ':' expected.
sveltekit-frontend/src/lib/services/parallel-error-analyzer.ts(315,20): error TS1005: ',' expected.
sveltekit-frontend/src/lib/services/parallel-error-analyzer.ts(317,3): error TS1128: Declaration or statement expected.
sveltekit-frontend/src/lib/services/parallel-error-analyzer.ts(317,32): error TS1135: Argument expression expected.
sveltekit-frontend/src/lib/services/parallel-error-analyzer.ts(317,38): error TS1011: An element access expression should take an argument.
sveltekit-frontend/src/lib/services/parallel-error-analyzer.ts(317,51): error TS1005: ',' expected.
sveltekit-frontend/src/lib/services/parallel-error-analyzer.ts(317,61): error TS1005: ';' expected.
sveltekit-frontend/src/lib/services/parallel-error-analyzer.ts(317,71): error TS1011: An element access expression should take an argument.
sveltekit-frontend/src/lib/services/parallel-error-analyzer.ts(317,76): error TS1005: ';' expected.
sveltekit-frontend/src/lib/services/parallel-error-analyzer.ts(319,57): error TS1109: Expression expected.
sveltekit-frontend/src/lib/services/parallel-error-analyzer.ts(320,50): error TS1005: ')' expected.
sveltekit-frontend/src/lib/services/parallel-error-analyzer.ts(324,3): error TS1128: Declaration or statement expected.
sveltekit-frontend/src/lib/services/parallel-error-analyzer.ts(324,32): error TS1109: Expression expected.
sveltekit-frontend/src/lib/services/parallel-error-analyzer.ts(325,12): error TS1005: ':' expected.
sveltekit-frontend/src/lib/services/parallel-error-analyzer.ts(325,61): error TS1005: ',' expected.
sveltekit-frontend/src/lib/services/parallel-error-analyzer.ts(327,3): error TS1128: Declaration or statement expected.
sveltekit-frontend/src/lib/services/parallel-error-analyzer.ts(327,39): error TS1135: Argument expression expected.
sveltekit-frontend/src/lib/services/parallel-error-analyzer.ts(327,56): error TS1005: ',' expected.
sveltekit-frontend/src/lib/services/parallel-error-analyzer.ts(327,63): error TS1005: ';' expected.
sveltekit-frontend/src/lib/services/parallel-error-analyzer.ts(331,3): error TS1128: Declaration or statement expected.
sveltekit-frontend/src/lib/services/parallel-error-analyzer.ts(331,43): error TS1135: Argument expression expected.
sveltekit-frontend/src/lib/services/parallel-error-analyzer.ts(331,49): error TS1011: An element access expression should take an argument.
sveltekit-frontend/src/lib/services/parallel-error-analyzer.ts(331,51): error TS1005: ';' expected.
sveltekit-frontend/src/lib/services/parallel-error-analyzer.ts(331,61): error TS1109: Expression expected.
sveltekit-frontend/src/lib/services/parallel-error-analyzer.ts(331,62): error TS1109: Expression expected.
sveltekit-frontend/src/lib/services/parallel-error-analyzer.ts(331,64): error TS1005: ';' expected.
sveltekit-frontend/src/lib/services/parallel-error-analyzer.ts(340,7): error TS1005: ')' expected.
sveltekit-frontend/src/lib/services/parallel-error-analyzer.ts(342,3): error TS1128: Declaration or statement expected.
sveltekit-frontend/src/lib/services/parallel-error-analyzer.ts(342,31): error TS1135: Argument expression expected.
sveltekit-frontend/src/lib/services/parallel-error-analyzer.ts(342,40): error TS1005: ';' expected.
sveltekit-frontend/src/lib/services/parallel-error-analyzer.ts(342,42): error TS1434: Unexpected keyword or identifier.
sveltekit-frontend/src/lib/services/parallel-error-analyzer.ts(344,56): error TS1005: ')' expected.
sveltekit-frontend/src/lib/services/parallel-error-analyzer.ts(346,3): error TS1128: Declaration or statement expected.
sveltekit-frontend/src/lib/services/parallel-error-analyzer.ts(346,36): error TS1135: Argument expression expected.
sveltekit-frontend/src/lib/services/parallel-error-analyzer.ts(346,42): error TS1005: ';' expected.
sveltekit-frontend/src/lib/services/parallel-error-analyzer.ts(346,44): error TS1434: Unexpected keyword or identifier.
sveltekit-frontend/src/lib/services/parallel-error-analyzer.ts(353,3): error TS1128: Declaration or statement expected.
sveltekit-frontend/src/lib/services/parallel-error-analyzer.ts(353,35): error TS1135: Argument expression expected.
sveltekit-frontend/src/lib/services/parallel-error-analyzer.ts(353,44): error TS1005: ';' expected.
sveltekit-frontend/src/lib/services/parallel-error-analyzer.ts(353,46): error TS1434: Unexpected keyword or identifier.
sveltekit-frontend/src/lib/services/parallel-error-analyzer.ts(354,52): error TS1005: ')' expected.
sveltekit-frontend/src/lib/services/parallel-error-analyzer.ts(358,12): error TS1005: ':' expected.
sveltekit-frontend/src/lib/services/parallel-error-analyzer.ts(367,10): error TS1359: Identifier expected. 'const' is a reserved word that cannot be used here.
sveltekit-frontend/src/lib/services/parallel-error-analyzer.ts(367,16): error TS1005: ',' expected.
sveltekit-frontend/src/lib/services/parallel-error-analyzer.ts(367,23): error TS1005: ',' expected.
sveltekit-frontend/src/lib/services/parallel-error-analyzer.ts(367,26): error TS1005: ',' expected.
sveltekit-frontend/src/lib/services/parallel-error-analyzer.ts(367,30): error TS1005: ',' expected.
sveltekit-frontend/src/lib/services/parallel-error-analyzer.ts(367,38): error TS1005: ',' expected.
sveltekit-frontend/src/lib/services/parallel-error-analyzer.ts(367,40): error TS1136: Property assignment expected.
sveltekit-frontend/src/lib/services/parallel-error-analyzer.ts(371,3): error TS1128: Declaration or statement expected.
sveltekit-frontend/src/lib/services/parallel-error-analyzer.ts(372,1): error TS1128: Declaration or statement expected.
sveltekit-frontend/src/lib/services/pattern-analyzer.ts(740,9): error TS1005: '(' expected.
sveltekit-frontend/src/lib/services/performance-optimization-service.ts(9,1): error TS1128: Declaration or statement expected.
sveltekit-frontend/src/lib/services/performance-optimization-service.ts(97,53): error TS1005: ')' expected.
sveltekit-frontend/src/lib/services/performance-optimization-service.ts(121,7): error TS1005: ',' expected.
sveltekit-frontend/src/lib/services/performance-optimization-service.ts(125,7): error TS1005: ',' expected.
sveltekit-frontend/src/lib/services/performance-optimization-service.ts(220,51): error TS1005: ')' expected.
sveltekit-frontend/src/lib/services/performance-optimization-service.ts(225,64): error TS1109: Expression expected.
sveltekit-frontend/src/lib/services/performance-optimization-service.ts(226,7): error TS1109: Expression expected.
sveltekit-frontend/src/lib/services/performance-optimization-service.ts(258,71): error TS1005: ')' expected.
sveltekit-frontend/src/lib/services/performance-optimization-service.ts(286,3): error TS1068: Unexpected token. A constructor, method, accessor, or property was expected.
sveltekit-frontend/src/lib/services/performance-optimization-service.ts(286,4): error TS1068: Unexpected token. A constructor, method, accessor, or property was expected.
sveltekit-frontend/src/lib/services/performance-optimization-service.ts(286,16): error TS1005: '(' expected.
sveltekit-frontend/src/lib/services/performance-optimization-service.ts(286,18): error TS1068: Unexpected token. A constructor, method, accessor, or property was expected.
sveltekit-frontend/src/lib/services/performance-optimization-service.ts(298,56): error TS1005: ')' expected.
sveltekit-frontend/src/lib/services/performance-optimization-service.ts(305,3): error TS1128: Declaration or statement expected.
sveltekit-frontend/src/lib/services/performance-optimization-service.ts(305,35): error TS1005: ',' expected.
sveltekit-frontend/src/lib/services/performance-optimization-service.ts(305,44): error TS1005: ';' expected.
sveltekit-frontend/src/lib/services/performance-optimization-service.ts(306,11): error TS1005: ':' expected.
sveltekit-frontend/src/lib/services/performance-optimization-service.ts(326,5): error TS1005: ',' expected.
sveltekit-frontend/src/lib/services/performance-optimization-service.ts(328,3): error TS1128: Declaration or statement expected.
sveltekit-frontend/src/lib/services/performance-optimization-service.ts(328,11): error TS1434: Unexpected keyword or identifier.
sveltekit-frontend/src/lib/services/performance-optimization-service.ts(328,42): error TS1005: ',' expected.
sveltekit-frontend/src/lib/services/performance-optimization-service.ts(328,60): error TS1005: ',' expected.
sveltekit-frontend/src/lib/services/performance-optimization-service.ts(328,75): error TS1011: An element access expression should take an argument.
sveltekit-frontend/src/lib/services/performance-optimization-service.ts(328,77): error TS1005: ';' expected.
sveltekit-frontend/src/lib/services/performance-optimization-service.ts(328,91): error TS1011: An element access expression should take an argument.
sveltekit-frontend/src/lib/services/performance-optimization-service.ts(331,7): error TS1128: Declaration or statement expected.
sveltekit-frontend/src/lib/services/performance-optimization-service.ts(331,12): error TS1005: ':' expected.
sveltekit-frontend/src/lib/services/performance-optimization-service.ts(331,24): error TS1005: ',' expected.
sveltekit-frontend/src/lib/services/performance-optimization-service.ts(332,16): error TS1005: ':' expected.
sveltekit-frontend/src/lib/services/performance-optimization-service.ts(332,53): error TS1005: ',' expected.
sveltekit-frontend/src/lib/services/performance-optimization-service.ts(333,12): error TS1005: ':' expected.
sveltekit-frontend/src/lib/services/performance-optimization-service.ts(333,25): error TS1005: ',' expected.
sveltekit-frontend/src/lib/services/performance-optimization-service.ts(334,16): error TS1005: ':' expected.
sveltekit-frontend/src/lib/services/performance-optimization-service.ts(334,54): error TS1005: ',' expected.
sveltekit-frontend/src/lib/services/performance-optimization-service.ts(335,12): error TS1005: ':' expected.
sveltekit-frontend/src/lib/services/performance-optimization-service.ts(335,24): error TS1005: ',' expected.
sveltekit-frontend/src/lib/services/performance-optimization-service.ts(336,16): error TS1005: ':' expected.
sveltekit-frontend/src/lib/services/performance-optimization-service.ts(336,53): error TS1005: ',' expected.
sveltekit-frontend/src/lib/services/performance-optimization-service.ts(338,9): error TS1109: Expression expected.
sveltekit-frontend/src/lib/services/performance-optimization-service.ts(338,15): error TS1005: ':' expected.
sveltekit-frontend/src/lib/services/performance-optimization-service.ts(338,55): error TS1005: ',' expected.
sveltekit-frontend/src/lib/services/performance-optimization-service.ts(340,3): error TS1128: Declaration or statement expected.
sveltekit-frontend/src/lib/services/performance-optimization-service.ts(341,3): error TS1128: Declaration or statement expected.
sveltekit-frontend/src/lib/services/performance-optimization-service.ts(341,11): error TS1434: Unexpected keyword or identifier.
sveltekit-frontend/src/lib/services/performance-optimization-service.ts(341,48): error TS1005: ',' expected.
sveltekit-frontend/src/lib/services/performance-optimization-service.ts(341,63): error TS1011: An element access expression should take an argument.
sveltekit-frontend/src/lib/services/performance-optimization-service.ts(341,65): error TS1005: ';' expected.
sveltekit-frontend/src/lib/services/performance-optimization-service.ts(341,79): error TS1011: An element access expression should take an argument.
sveltekit-frontend/src/lib/services/performance-optimization-service.ts(343,11): error TS1005: ':' expected.
sveltekit-frontend/src/lib/services/performance-optimization-service.ts(343,65): error TS1005: ',' expected.
sveltekit-frontend/src/lib/services/performance-optimization-service.ts(345,11): error TS1005: ':' expected.
sveltekit-frontend/src/lib/services/performance-optimization-service.ts(351,7): error TS1005: ')' expected.
sveltekit-frontend/src/lib/services/performance-optimization-service.ts(352,12): error TS1005: ':' expected.
sveltekit-frontend/src/lib/services/performance-optimization-service.ts(352,19): error TS1005: ',' expected.
sveltekit-frontend/src/lib/services/performance-optimization-service.ts(354,3): error TS1128: Declaration or statement expected.
sveltekit-frontend/src/lib/services/performance-optimization-service.ts(354,11): error TS1434: Unexpected keyword or identifier.
sveltekit-frontend/src/lib/services/performance-optimization-service.ts(354,49): error TS1005: ',' expected.
sveltekit-frontend/src/lib/services/performance-optimization-service.ts(354,64): error TS1011: An element access expression should take an argument.
sveltekit-frontend/src/lib/services/performance-optimization-service.ts(354,66): error TS1005: ';' expected.
sveltekit-frontend/src/lib/services/performance-optimization-service.ts(354,80): error TS1011: An element access expression should take an argument.
sveltekit-frontend/src/lib/services/performance-optimization-service.ts(356,12): error TS1005: ':' expected.
sveltekit-frontend/src/lib/services/performance-optimization-service.ts(356,41): error TS1136: Property assignment expected.
sveltekit-frontend/src/lib/services/performance-optimization-service.ts(362,7): error TS1005: ')' expected.
sveltekit-frontend/src/lib/services/performance-optimization-service.ts(364,3): error TS1128: Declaration or statement expected.
sveltekit-frontend/src/lib/services/performance-optimization-service.ts(364,11): error TS1434: Unexpected keyword or identifier.
sveltekit-frontend/src/lib/services/performance-optimization-service.ts(364,48): error TS1005: ',' expected.
sveltekit-frontend/src/lib/services/performance-optimization-service.ts(364,63): error TS1011: An element access expression should take an argument.
sveltekit-frontend/src/lib/services/performance-optimization-service.ts(364,65): error TS1005: ';' expected.
sveltekit-frontend/src/lib/services/performance-optimization-service.ts(364,79): error TS1011: An element access expression should take an argument.
sveltekit-frontend/src/lib/services/performance-optimization-service.ts(366,12): error TS1005: ':' expected.
sveltekit-frontend/src/lib/services/performance-optimization-service.ts(366,41): error TS1136: Property assignment expected.
sveltekit-frontend/src/lib/services/performance-optimization-service.ts(371,7): error TS1005: ')' expected.
sveltekit-frontend/src/lib/services/performance-optimization-service.ts(376,3): error TS1128: Declaration or statement expected.
sveltekit-frontend/src/lib/services/performance-optimization-service.ts(376,39): error TS1005: ';' expected.
sveltekit-frontend/src/lib/services/performance-optimization-service.ts(377,9): error TS1003: Identifier expected.
sveltekit-frontend/src/lib/services/performance-optimization-service.ts(384,3): error TS1128: Declaration or statement expected.
sveltekit-frontend/src/lib/services/performance-optimization-service.ts(384,32): error TS1005: ';' expected.
sveltekit-frontend/src/lib/services/performance-optimization-service.ts(385,18): error TS1005: '{' expected.
sveltekit-frontend/src/lib/services/performance-optimization-service.ts(385,24): error TS1005: ':' expected.
sveltekit-frontend/src/lib/services/performance-optimization-service.ts(386,11): error TS1005: ':' expected.
sveltekit-frontend/src/lib/services/performance-optimization-service.ts(386,43): error TS1005: ',' expected.
sveltekit-frontend/src/lib/services/performance-optimization-service.ts(387,9): error TS1005: ':' expected.
sveltekit-frontend/src/lib/services/performance-optimization-service.ts(395,7): error TS1005: ')' expected.
sveltekit-frontend/src/lib/services/performance-optimization-service.ts(397,3): error TS1128: Declaration or statement expected.
sveltekit-frontend/src/lib/services/performance-optimization-service.ts(397,34): error TS1005: ';' expected.
sveltekit-frontend/src/lib/services/performance-optimization-service.ts(398,18): error TS1005: '{' expected.
sveltekit-frontend/src/lib/services/performance-optimization-service.ts(398,24): error TS1005: ':' expected.
sveltekit-frontend/src/lib/services/performance-optimization-service.ts(399,11): error TS1005: ':' expected.
sveltekit-frontend/src/lib/services/performance-optimization-service.ts(399,43): error TS1005: ',' expected.
sveltekit-frontend/src/lib/services/performance-optimization-service.ts(400,11): error TS1005: ':' expected.
sveltekit-frontend/src/lib/services/performance-optimization-service.ts(400,68): error TS1005: ',' expected.
sveltekit-frontend/src/lib/services/performance-optimization-service.ts(401,26): error TS1005: ',' expected.
sveltekit-frontend/src/lib/services/performance-optimization-service.ts(401,51): error TS1005: ';' expected.
sveltekit-frontend/src/lib/services/performance-optimization-service.ts(411,3): error TS1128: Declaration or statement expected.
sveltekit-frontend/src/lib/services/performance-optimization-service.ts(415,3): error TS1128: Declaration or statement expected.
sveltekit-frontend/src/lib/services/performance-optimization-service.ts(415,44): error TS1005: ';' expected.
sveltekit-frontend/src/lib/services/performance-optimization-service.ts(416,17): error TS1005: ',' expected.
sveltekit-frontend/src/lib/services/performance-optimization-service.ts(416,51): error TS1005: ';' expected.
sveltekit-frontend/src/lib/services/performance-optimization-service.ts(429,3): error TS1128: Declaration or statement expected.
sveltekit-frontend/src/lib/services/performance-optimization-service.ts(430,3): error TS1128: Declaration or statement expected.
sveltekit-frontend/src/lib/services/performance-optimization-service.ts(430,44): error TS1005: ',' expected.
sveltekit-frontend/src/lib/services/performance-optimization-service.ts(430,63): error TS1011: An element access expression should take an argument.
sveltekit-frontend/src/lib/services/performance-optimization-service.ts(430,65): error TS1005: ';' expected.
sveltekit-frontend/src/lib/services/performance-optimization-service.ts(431,12): error TS1005: ',' expected.
sveltekit-frontend/src/lib/services/performance-optimization-service.ts(437,7): error TS1005: ',' expected.
sveltekit-frontend/src/lib/services/performance-optimization-service.ts(439,3): error TS1128: Declaration or statement expected.
sveltekit-frontend/src/lib/services/performance-optimization-service.ts(439,40): error TS1005: ',' expected.
sveltekit-frontend/src/lib/services/performance-optimization-service.ts(439,49): error TS1005: ';' expected.
sveltekit-frontend/src/lib/services/performance-optimization-service.ts(440,9): error TS1005: ':' expected.
sveltekit-frontend/src/lib/services/performance-optimization-service.ts(452,7): error TS1005: ',' expected.
sveltekit-frontend/src/lib/services/performance-optimization-service.ts(454,3): error TS1128: Declaration or statement expected.
sveltekit-frontend/src/lib/services/performance-optimization-service.ts(454,40): error TS1005: ',' expected.
sveltekit-frontend/src/lib/services/performance-optimization-service.ts(454,59): error TS1005: ';' expected.
sveltekit-frontend/src/lib/services/performance-optimization-service.ts(456,9): error TS1005: ':' expected.
sveltekit-frontend/src/lib/services/performance-optimization-service.ts(462,7): error TS1005: ')' expected.
sveltekit-frontend/src/lib/services/performance-optimization-service.ts(464,3): error TS1128: Declaration or statement expected.
sveltekit-frontend/src/lib/services/performance-optimization-service.ts(464,32): error TS1005: ',' expected.
sveltekit-frontend/src/lib/services/performance-optimization-service.ts(464,41): error TS1005: ';' expected.
sveltekit-frontend/src/lib/services/performance-optimization-service.ts(464,43): error TS1434: Unexpected keyword or identifier.
sveltekit-frontend/src/lib/services/performance-optimization-service.ts(468,3): error TS1128: Declaration or statement expected.
sveltekit-frontend/src/lib/services/performance-optimization-service.ts(468,11): error TS1434: Unexpected keyword or identifier.
sveltekit-frontend/src/lib/services/performance-optimization-service.ts(468,33): error TS1005: ';' expected.
sveltekit-frontend/src/lib/services/performance-optimization-service.ts(468,47): error TS1109: Expression expected.
sveltekit-frontend/src/lib/services/performance-optimization-service.ts(469,9): error TS1005: ':' expected.
sveltekit-frontend/src/lib/services/performance-optimization-service.ts(471,15): error TS1005: ',' expected.
sveltekit-frontend/src/lib/services/performance-optimization-service.ts(471,42): error TS1005: ',' expected.
sveltekit-frontend/src/lib/services/performance-optimization-service.ts(471,44): error TS1136: Property assignment expected.
sveltekit-frontend/src/lib/services/performance-optimization-service.ts(476,5): error TS1128: Declaration or statement expected.
sveltekit-frontend/src/lib/services/performance-optimization-service.ts(476,7): error TS1005: 'try' expected.
sveltekit-frontend/src/lib/services/performance-optimization-service.ts(479,3): error TS1128: Declaration or statement expected.
sveltekit-frontend/src/lib/services/performance-optimization-service.ts(480,3): error TS1128: Declaration or statement expected.
sveltekit-frontend/src/lib/services/performance-optimization-service.ts(480,11): error TS1434: Unexpected keyword or identifier.
sveltekit-frontend/src/lib/services/performance-optimization-service.ts(480,35): error TS1005: ';' expected.
sveltekit-frontend/src/lib/services/performance-optimization-service.ts(480,49): error TS1109: Expression expected.
sveltekit-frontend/src/lib/services/performance-optimization-service.ts(482,9): error TS1005: ':' expected.
sveltekit-frontend/src/lib/services/performance-optimization-service.ts(490,7): error TS1005: ')' expected.
sveltekit-frontend/src/lib/services/performance-optimization-service.ts(492,3): error TS1128: Declaration or statement expected.
sveltekit-frontend/src/lib/services/performance-optimization-service.ts(492,31): error TS1005: ';' expected.
sveltekit-frontend/src/lib/services/performance-optimization-service.ts(494,9): error TS1005: ':' expected.
sveltekit-frontend/src/lib/services/performance-optimization-service.ts(502,7): error TS1005: ')' expected.
sveltekit-frontend/src/lib/services/performance-optimization-service.ts(507,3): error TS1128: Declaration or statement expected.
sveltekit-frontend/src/lib/services/performance-optimization-service.ts(507,28): error TS1005: ',' expected.
sveltekit-frontend/src/lib/services/performance-optimization-service.ts(507,43): error TS1005: ',' expected.
sveltekit-frontend/src/lib/services/performance-optimization-service.ts(507,52): error TS1005: ';' expected.
sveltekit-frontend/src/lib/services/performance-optimization-service.ts(508,11): error TS1005: ':' expected.
sveltekit-frontend/src/lib/services/performance-optimization-service.ts(515,5): error TS1005: ',' expected.
sveltekit-frontend/src/lib/services/performance-optimization-service.ts(515,12): error TS1005: ',' expected.
sveltekit-frontend/src/lib/services/performance-optimization-service.ts(515,49): error TS1005: ',' expected.
sveltekit-frontend/src/lib/services/performance-optimization-service.ts(518,83): error TS1005: ')' expected.
sveltekit-frontend/src/lib/services/performance-optimization-service.ts(524,3): error TS1128: Declaration or statement expected.
sveltekit-frontend/src/lib/services/performance-optimization-service.ts(524,10): error TS1434: Unexpected keyword or identifier.
sveltekit-frontend/src/lib/services/performance-optimization-service.ts(524,44): error TS1005: ',' expected.
sveltekit-frontend/src/lib/services/performance-optimization-service.ts(524,89): error TS1005: ';' expected.
sveltekit-frontend/src/lib/services/performance-optimization-service.ts(524,103): error TS1109: Expression expected.
sveltekit-frontend/src/lib/services/performance-optimization-service.ts(525,11): error TS1005: ':' expected.
sveltekit-frontend/src/lib/services/performance-optimization-service.ts(547,5): error TS1005: ',' expected.
sveltekit-frontend/src/lib/services/performance-optimization-service.ts(547,11): error TS1005: ':' expected.
sveltekit-frontend/src/lib/services/performance-optimization-service.ts(547,49): error TS1005: ',' expected.
sveltekit-frontend/src/lib/services/performance-optimization-service.ts(548,9): error TS1005: ':' expected.
sveltekit-frontend/src/lib/services/performance-optimization-service.ts(549,12): error TS1005: ',' expected.
sveltekit-frontend/src/lib/services/performance-optimization-service.ts(549,56): error TS1005: ',' expected.
sveltekit-frontend/src/lib/services/performance-optimization-service.ts(551,3): error TS1128: Declaration or statement expected.
sveltekit-frontend/src/lib/services/performance-optimization-service.ts(551,10): error TS1434: Unexpected keyword or identifier.
sveltekit-frontend/src/lib/services/performance-optimization-service.ts(551,35): error TS1005: ';' expected.
sveltekit-frontend/src/lib/services/performance-optimization-service.ts(551,49): error TS1109: Expression expected.
sveltekit-frontend/src/lib/services/performance-optimization-service.ts(552,11): error TS1005: ':' expected.
sveltekit-frontend/src/lib/services/performance-optimization-service.ts(552,59): error TS1005: ')' expected.
sveltekit-frontend/src/lib/services/performance-optimization-service.ts(553,10): error TS1359: Identifier expected. 'const' is a reserved word that cannot be used here.
sveltekit-frontend/src/lib/services/performance-optimization-service.ts(553,16): error TS1005: ',' expected.
sveltekit-frontend/src/lib/services/performance-optimization-service.ts(553,24): error TS1005: ',' expected.
sveltekit-frontend/src/lib/services/performance-optimization-service.ts(553,27): error TS1005: ',' expected.
sveltekit-frontend/src/lib/services/performance-optimization-service.ts(554,74): error TS1109: Expression expected.
sveltekit-frontend/src/lib/services/performance-optimization-service.ts(558,5): error TS1005: ',' expected.
sveltekit-frontend/src/lib/services/performance-optimization-service.ts(558,12): error TS1005: ',' expected.
sveltekit-frontend/src/lib/services/performance-optimization-service.ts(558,48): error TS1005: ',' expected.
sveltekit-frontend/src/lib/services/performance-optimization-service.ts(560,3): error TS1128: Declaration or statement expected.
sveltekit-frontend/src/lib/services/performance-optimization-service.ts(560,35): error TS1005: ';' expected.
sveltekit-frontend/src/lib/services/performance-optimization-service.ts(561,11): error TS1005: ':' expected.
sveltekit-frontend/src/lib/services/performance-optimization-service.ts(561,17): error TS1005: ',' expected.
sveltekit-frontend/src/lib/services/performance-optimization-service.ts(561,50): error TS1005: '(' expected.
sveltekit-frontend/src/lib/services/performance-optimization-service.ts(561,52): error TS1136: Property assignment expected.
sveltekit-frontend/src/lib/services/performance-optimization-service.ts(571,3): error TS1128: Declaration or statement expected.
sveltekit-frontend/src/lib/services/performance-optimization-service.ts(572,3): error TS1128: Declaration or statement expected.
sveltekit-frontend/src/lib/services/performance-optimization-service.ts(572,31): error TS1005: ';' expected.
sveltekit-frontend/src/lib/services/performance-optimization-service.ts(573,11): error TS1005: ':' expected.
sveltekit-frontend/src/lib/services/performance-optimization-service.ts(573,17): error TS1005: ',' expected.
sveltekit-frontend/src/lib/services/performance-optimization-service.ts(573,42): error TS1005: '(' expected.
sveltekit-frontend/src/lib/services/performance-optimization-service.ts(573,44): error TS1136: Property assignment expected.
sveltekit-frontend/src/lib/services/performance-optimization-service.ts(578,3): error TS1128: Declaration or statement expected.
sveltekit-frontend/src/lib/services/performance-optimization-service.ts(580,3): error TS1128: Declaration or statement expected.
sveltekit-frontend/src/lib/services/performance-optimization-service.ts(580,10): error TS1434: Unexpected keyword or identifier.
sveltekit-frontend/src/lib/services/performance-optimization-service.ts(580,28): error TS1005: ';' expected.
sveltekit-frontend/src/lib/services/performance-optimization-service.ts(581,12): error TS1005: ':' expected.
sveltekit-frontend/src/lib/services/performance-optimization-service.ts(581,24): error TS1005: ',' expected.
sveltekit-frontend/src/lib/services/performance-optimization-service.ts(583,3): error TS1128: Declaration or statement expected.
sveltekit-frontend/src/lib/services/performance-optimization-service.ts(583,10): error TS1434: Unexpected keyword or identifier.
sveltekit-frontend/src/lib/services/performance-optimization-service.ts(583,29): error TS1005: ';' expected.
sveltekit-frontend/src/lib/services/performance-optimization-service.ts(583,31): error TS1434: Unexpected keyword or identifier.
sveltekit-frontend/src/lib/services/performance-optimization-service.ts(586,3): error TS1128: Declaration or statement expected.
sveltekit-frontend/src/lib/services/performance-optimization-service.ts(586,10): error TS1434: Unexpected keyword or identifier.
sveltekit-frontend/src/lib/services/performance-optimization-service.ts(586,29): error TS1005: ';' expected.
sveltekit-frontend/src/lib/services/performance-optimization-service.ts(586,31): error TS1434: Unexpected keyword or identifier.
sveltekit-frontend/src/lib/services/performance-optimization-service.ts(592,3): error TS1128: Declaration or statement expected.
sveltekit-frontend/src/lib/services/performance-optimization-service.ts(592,10): error TS1434: Unexpected keyword or identifier.
sveltekit-frontend/src/lib/services/performance-optimization-service.ts(592,25): error TS1005: ';' expected.
sveltekit-frontend/src/lib/services/performance-optimization-service.ts(592,39): error TS1109: Expression expected.
sveltekit-frontend/src/lib/services/performance-optimization-service.ts(593,13): error TS1005: ',' expected.
sveltekit-frontend/src/lib/services/performance-optimization-service.ts(593,27): error TS1005: ',' expected.
sveltekit-frontend/src/lib/services/performance-optimization-service.ts(593,29): error TS1136: Property assignment expected.
sveltekit-frontend/src/lib/services/performance-optimization-service.ts(604,3): error TS1128: Declaration or statement expected.
sveltekit-frontend/src/lib/services/performance-optimization-service.ts(605,1): error TS1128: Declaration or statement expected.
sveltekit-frontend/src/lib/services/performance/TextureStreamingEvaluator.ts(7,1): error TS1128: Declaration or statement expected.
sveltekit-frontend/src/lib/services/performance/TextureStreamingEvaluator.ts(28,1): error TS1128: Declaration or statement expected.
sveltekit-frontend/src/lib/services/performance/TextureStreamingEvaluator.ts(39,1): error TS1128: Declaration or statement expected.
sveltekit-frontend/src/lib/services/performance/TextureStreamingEvaluator.ts(47,1): error TS1128: Declaration or statement expected.
sveltekit-frontend/src/lib/services/performance/TextureStreamingEvaluator.ts(57,1): error TS1128: Declaration or statement expected.
sveltekit-frontend/src/lib/services/performance/TextureStreamingEvaluator.ts(189,7): error TS1128: Declaration or statement expected.
sveltekit-frontend/src/lib/services/performance/TextureStreamingEvaluator.ts(190,7): error TS1128: Declaration or statement expected.
sveltekit-frontend/src/lib/services/performance/TextureStreamingEvaluator.ts(190,32): error TS1109: Expression expected.
sveltekit-frontend/src/lib/services/performance/TextureStreamingEvaluator.ts(190,45): error TS1005: ';' expected.
sveltekit-frontend/src/lib/services/performance/TextureStreamingEvaluator.ts(222,54): error TS1109: Expression expected.
sveltekit-frontend/src/lib/services/performance/TextureStreamingEvaluator.ts(223,7): error TS1109: Expression expected.
sveltekit-frontend/src/lib/services/performance/TextureStreamingEvaluator.ts(223,84): error TS1109: Expression expected.
sveltekit-frontend/src/lib/services/performance/TextureStreamingEvaluator.ts(224,9): error TS1109: Expression expected.
sveltekit-frontend/src/lib/services/performance/TextureStreamingEvaluator.ts(280,69): error TS1109: Expression expected.
sveltekit-frontend/src/lib/services/performance/TextureStreamingEvaluator.ts(281,9): error TS1109: Expression expected.
sveltekit-frontend/src/lib/services/performance/TextureStreamingEvaluator.ts(282,51): error TS1109: Expression expected.
sveltekit-frontend/src/lib/services/performance/TextureStreamingEvaluator.ts(283,11): error TS1109: Expression expected.
sveltekit-frontend/src/lib/services/performance/TextureStreamingEvaluator.ts(321,73): error TS1005: ')' expected.
sveltekit-frontend/src/lib/services/performance/TextureStreamingEvaluator.ts(366,7): error TS1128: Declaration or statement expected.
sveltekit-frontend/src/lib/services/performance/TextureStreamingEvaluator.ts(366,73): error TS1109: Expression expected.
sveltekit-frontend/src/lib/services/performance/TextureStreamingEvaluator.ts(368,7): error TS1128: Declaration or statement expected.
sveltekit-frontend/src/lib/services/performance/TextureStreamingEvaluator.ts(368,75): error TS1109: Expression expected.
sveltekit-frontend/src/lib/services/performance/TextureStreamingEvaluator.ts(383,91): error TS1109: Expression expected.
sveltekit-frontend/src/lib/services/performance/TextureStreamingEvaluator.ts(405,32): error TS1128: Declaration or statement expected.
sveltekit-frontend/src/lib/services/performance/TextureStreamingEvaluator.ts(409,7): error TS1128: Declaration or statement expected.
sveltekit-frontend/src/lib/services/performance/TextureStreamingEvaluator.ts(451,83): error TS1109: Expression expected.
sveltekit-frontend/src/lib/services/performance/TextureStreamingEvaluator.ts(452,7): error TS1109: Expression expected.
sveltekit-frontend/src/lib/services/performance/TextureStreamingEvaluator.ts(471,7): error TS1128: Declaration or statement expected.
sveltekit-frontend/src/lib/services/performance/TextureStreamingEvaluator.ts(471,86): error TS1109: Expression expected.
sveltekit-frontend/src/lib/services/performance/TextureStreamingEvaluator.ts(493,70): error TS1005: ')' expected.
sveltekit-frontend/src/lib/services/performance/TextureStreamingEvaluator.ts(505,7): error TS1128: Declaration or statement expected.
sveltekit-frontend/src/lib/services/performance/TextureStreamingEvaluator.ts(505,82): error TS1109: Expression expected.
sveltekit-frontend/src/lib/services/performance/TextureStreamingEvaluator.ts(516,40): error TS1005: ')' expected.
sveltekit-frontend/src/lib/services/performance/TextureStreamingEvaluator.ts(537,58): error TS1005: ')' expected.
sveltekit-frontend/src/lib/services/performance/TextureStreamingEvaluator.ts(547,31): error TS1005: ',' expected.
sveltekit-frontend/src/lib/services/performance/TextureStreamingEvaluator.ts(562,5): error TS1135: Argument expression expected.
sveltekit-frontend/src/lib/services/performance/TextureStreamingEvaluator.ts(590,49): error TS1005: ';' expected.
sveltekit-frontend/src/lib/services/performance/TextureStreamingEvaluator.ts(590,61): error TS1109: Expression expected.
sveltekit-frontend/src/lib/services/performance/TextureStreamingEvaluator.ts(592,59): error TS1005: ';' expected.
sveltekit-frontend/src/lib/services/performance/TextureStreamingEvaluator.ts(592,60): error TS1005: '}' expected.
sveltekit-frontend/src/lib/services/performance/TextureStreamingEvaluator.ts(592,71): error TS1109: Expression expected.
sveltekit-frontend/src/lib/services/performance/TextureStreamingEvaluator.ts(592,78): error TS1128: Declaration or statement expected.
sveltekit-frontend/src/lib/services/performance/TextureStreamingEvaluator.ts(592,79): error TS1128: Declaration or statement expected.
sveltekit-frontend/src/lib/services/performance/TextureStreamingEvaluator.ts(592,94): error TS1068: Unexpected token. A constructor, method, accessor, or property was expected.
sveltekit-frontend/src/lib/services/performance/TextureStreamingEvaluator.ts(592,96): error TS1434: Unexpected keyword or identifier.
sveltekit-frontend/src/lib/services/performance/TextureStreamingEvaluator.ts(592,105): error TS1434: Unexpected keyword or identifier.
sveltekit-frontend/src/lib/services/performance/TextureStreamingEvaluator.ts(592,114): error TS1434: Unexpected keyword or identifier.
sveltekit-frontend/src/lib/services/performance/TextureStreamingEvaluator.ts(592,125): error TS1434: Unexpected keyword or identifier.
sveltekit-frontend/src/lib/services/performance/TextureStreamingEvaluator.ts(592,128): error TS1434: Unexpected keyword or identifier.
sveltekit-frontend/src/lib/services/performance/TextureStreamingEvaluator.ts(592,135): error TS1434: Unexpected keyword or identifier.
sveltekit-frontend/src/lib/services/performance/TextureStreamingEvaluator.ts(592,143): error TS1434: Unexpected keyword or identifier.
sveltekit-frontend/src/lib/services/performance/TextureStreamingEvaluator.ts(592,154): error TS1138: Parameter declaration expected.
sveltekit-frontend/src/lib/services/performance/TextureStreamingEvaluator.ts(592,156): error TS1005: ',' expected.
sveltekit-frontend/src/lib/services/performance/TextureStreamingEvaluator.ts(592,165): error TS1005: ',' expected.
sveltekit-frontend/src/lib/services/performance/TextureStreamingEvaluator.ts(592,182): error TS1005: ',' expected.
sveltekit-frontend/src/lib/services/performance/TextureStreamingEvaluator.ts(592,191): error TS1005: ',' expected.
sveltekit-frontend/src/lib/services/performance/TextureStreamingEvaluator.ts(592,194): error TS1128: Declaration or statement expected.
sveltekit-frontend/src/lib/services/performance/TextureStreamingEvaluator.ts(592,195): error TS1434: Unexpected keyword or identifier.
sveltekit-frontend/src/lib/services/performance/TextureStreamingEvaluator.ts(592,197): error TS1128: Declaration or statement expected.
sveltekit-frontend/src/lib/services/performance/TextureStreamingEvaluator.ts(595,33): error TS1005: ';' expected.
sveltekit-frontend/src/lib/services/performance/TextureStreamingEvaluator.ts(595,60): error TS1131: Property or signature expected.
sveltekit-frontend/src/lib/services/performance/TextureStreamingEvaluator.ts(595,61): error TS1128: Declaration or statement expected.
sveltekit-frontend/src/lib/services/performance/TextureStreamingEvaluator.ts(595,73): error TS1109: Expression expected.
sveltekit-frontend/src/lib/services/performance/TextureStreamingEvaluator.ts(595,80): error TS1128: Declaration or statement expected.
sveltekit-frontend/src/lib/services/performance/TextureStreamingEvaluator.ts(595,81): error TS1128: Declaration or statement expected.
sveltekit-frontend/src/lib/services/performance/TextureStreamingEvaluator.ts(595,95): error TS1128: Declaration or statement expected.
sveltekit-frontend/src/lib/services/performance/TextureStreamingEvaluator.ts(595,96): error TS1128: Declaration or statement expected.
sveltekit-frontend/src/lib/services/performance/TextureStreamingEvaluator.ts(595,98): error TS1435: Unknown keyword or identifier. Did you mean 'catch'?
sveltekit-frontend/src/lib/services/performance/TextureStreamingEvaluator.ts(595,104): error TS1434: Unexpected keyword or identifier.
sveltekit-frontend/src/lib/services/performance/TextureStreamingEvaluator.ts(595,108): error TS1434: Unexpected keyword or identifier.
sveltekit-frontend/src/lib/services/performance/TextureStreamingEvaluator.ts(595,113): error TS1228: A type predicate is only allowed in return type position for functions and methods.
sveltekit-frontend/src/lib/services/performance/TextureStreamingEvaluator.ts(595,123): error TS1005: ')' expected.
sveltekit-frontend/src/lib/services/performance/TextureStreamingEvaluator.ts(595,165): error TS1109: Expression expected.
sveltekit-frontend/src/lib/services/performance/TextureStreamingEvaluator.ts(595,166): error TS1109: Expression expected.
sveltekit-frontend/src/lib/services/performance/TextureStreamingEvaluator.ts(595,167): error TS1128: Declaration or statement expected.
sveltekit-frontend/src/lib/services/performance/TextureStreamingEvaluator.ts(595,179): error TS1005: ';' expected.
sveltekit-frontend/src/lib/services/performance/TextureStreamingEvaluator.ts(595,186): error TS1435: Unknown keyword or identifier. Did you mean 'catch'?
sveltekit-frontend/src/lib/services/performance/TextureStreamingEvaluator.ts(595,200): error TS1443: Module declaration names may only use ' or " quoted strings.
sveltekit-frontend/src/lib/services/performance/TextureStreamingEvaluator.ts(598,31): error TS1434: Unexpected keyword or identifier.
sveltekit-frontend/src/lib/services/performance/TextureStreamingEvaluator.ts(598,59): error TS1005: ';' expected.
sveltekit-frontend/src/lib/services/performance/TextureStreamingEvaluator.ts(598,60): error TS1131: Property or signature expected.
sveltekit-frontend/src/lib/services/performance/TextureStreamingEvaluator.ts(598,94): error TS1128: Declaration or statement expected.
sveltekit-frontend/src/lib/services/performance/TextureStreamingEvaluator.ts(598,96): error TS1434: Unexpected keyword or identifier.
sveltekit-frontend/src/lib/services/performance/TextureStreamingEvaluator.ts(598,101): error TS1434: Unexpected keyword or identifier.
sveltekit-frontend/src/lib/services/performance/TextureStreamingEvaluator.ts(598,114): error TS1135: Argument expression expected.
sveltekit-frontend/src/lib/services/performance/TextureStreamingEvaluator.ts(598,116): error TS1005: ',' expected.
sveltekit-frontend/src/lib/services/performance/TextureStreamingEvaluator.ts(598,125): error TS1005: ',' expected.
sveltekit-frontend/src/lib/services/performance/TextureStreamingEvaluator.ts(598,150): error TS1005: ';' expected.
sveltekit-frontend/src/lib/services/performance/TextureStreamingEvaluator.ts(598,159): error TS1434: Unexpected keyword or identifier.
sveltekit-frontend/src/lib/services/performance/TextureStreamingEvaluator.ts(598,167): error TS1434: Unexpected keyword or identifier.
sveltekit-frontend/src/lib/services/performance/TextureStreamingEvaluator.ts(598,178): error TS1434: Unexpected keyword or identifier.
sveltekit-frontend/src/lib/services/performance/TextureStreamingEvaluator.ts(598,181): error TS1434: Unexpected keyword or identifier.
sveltekit-frontend/src/lib/services/performance/TextureStreamingEvaluator.ts(598,192): error TS1434: Unexpected keyword or identifier.
sveltekit-frontend/src/lib/services/performance/TextureStreamingEvaluator.ts(598,206): error TS1443: Module declaration names may only use ' or " quoted strings.
sveltekit-frontend/src/lib/services/performance/TextureStreamingEvaluator.ts(601,31): error TS1434: Unexpected keyword or identifier.
sveltekit-frontend/src/lib/services/performance/TextureStreamingEvaluator.ts(601,59): error TS1005: ';' expected.
sveltekit-frontend/src/lib/services/performance/TextureStreamingEvaluator.ts(601,60): error TS1131: Property or signature expected.
sveltekit-frontend/src/lib/services/performance/TextureStreamingEvaluator.ts(601,94): error TS1128: Declaration or statement expected.
sveltekit-frontend/src/lib/services/performance/TextureStreamingEvaluator.ts(601,96): error TS1434: Unexpected keyword or identifier.
sveltekit-frontend/src/lib/services/performance/TextureStreamingEvaluator.ts(601,103): error TS1434: Unexpected keyword or identifier.
sveltekit-frontend/src/lib/services/performance/TextureStreamingEvaluator.ts(601,109): error TS1434: Unexpected keyword or identifier.
sveltekit-frontend/src/lib/services/performance/TextureStreamingEvaluator.ts(601,128): error TS1135: Argument expression expected.
sveltekit-frontend/src/lib/services/performance/TextureStreamingEvaluator.ts(601,130): error TS1005: ',' expected.
sveltekit-frontend/src/lib/services/performance/TextureStreamingEvaluator.ts(601,139): error TS1005: ',' expected.
sveltekit-frontend/src/lib/services/performance/TextureStreamingEvaluator.ts(601,160): error TS1135: Argument expression expected.
sveltekit-frontend/src/lib/services/performance/TextureStreamingEvaluator.ts(601,169): error TS1005: ',' expected.
sveltekit-frontend/src/lib/services/performance/TextureStreamingEvaluator.ts(601,170): error TS1136: Property assignment expected.
sveltekit-frontend/src/lib/services/performance/TextureStreamingEvaluator.ts(601,242): error TS1005: ',' expected.
sveltekit-frontend/src/lib/services/performance/TextureStreamingEvaluator.ts(601,259): error TS1005: ';' expected.
sveltekit-frontend/src/lib/services/performance/TextureStreamingEvaluator.ts(601,264): error TS1434: Unexpected keyword or identifier.
sveltekit-frontend/src/lib/services/performance/TextureStreamingEvaluator.ts(601,275): error TS1434: Unexpected keyword or identifier.
sveltekit-frontend/src/lib/services/performance/TextureStreamingEvaluator.ts(645,84): error TS1160: Unterminated template literal.
sveltekit-frontend/src/lib/services/pgvector-semantic-search.ts(23,23): error TS1005: ';' expected.
sveltekit-frontend/src/lib/services/pgvector-semantic-search.ts(24,5): error TS1128: Declaration or statement expected.
sveltekit-frontend/src/lib/services/pgvector-semantic-search.ts(24,9): error TS1128: Declaration or statement expected.
sveltekit-frontend/src/lib/services/pgvector-semantic-search.ts(33,3): error TS1434: Unexpected keyword or identifier.
sveltekit-frontend/src/lib/services/pgvector-semantic-search.ts(33,32): error TS1135: Argument expression expected.
sveltekit-frontend/src/lib/services/pgvector-semantic-search.ts(33,41): error TS1005: ';' expected.
sveltekit-frontend/src/lib/services/pgvector-semantic-search.ts(33,58): error TS1011: An element access expression should take an argument.
sveltekit-frontend/src/lib/services/pgvector-semantic-search.ts(35,11): error TS1005: ':' expected.
sveltekit-frontend/src/lib/services/pgvector-semantic-search.ts(35,41): error TS1005: ',' expected.
sveltekit-frontend/src/lib/services/pgvector-semantic-search.ts(36,13): error TS1005: ',' expected.
sveltekit-frontend/src/lib/services/pgvector-semantic-search.ts(36,43): error TS1005: ',' expected.
sveltekit-frontend/src/lib/services/pgvector-semantic-search.ts(36,45): error TS1136: Property assignment expected.
sveltekit-frontend/src/lib/services/pgvector-semantic-search.ts(48,9): error TS1136: Property assignment expected.
sveltekit-frontend/src/lib/services/pgvector-semantic-search.ts(49,8): error TS1472: 'catch' or 'finally' expected.
sveltekit-frontend/src/lib/services/pgvector-semantic-search.ts(51,98): error TS1005: ';' expected.
sveltekit-frontend/src/lib/services/pgvector-semantic-search.ts(51,99): error TS1005: '}' expected.
sveltekit-frontend/src/lib/services/pgvector-semantic-search.ts(51,106): error TS1109: Expression expected.
sveltekit-frontend/src/lib/services/pgvector-semantic-search.ts(51,113): error TS1128: Declaration or statement expected.
sveltekit-frontend/src/lib/services/pgvector-semantic-search.ts(51,114): error TS1128: Declaration or statement expected.
sveltekit-frontend/src/lib/services/pgvector-semantic-search.ts(51,125): error TS1128: Declaration or statement expected.
sveltekit-frontend/src/lib/services/pgvector-semantic-search.ts(83,26): error TS1005: ';' expected.
sveltekit-frontend/src/lib/services/pgvector-semantic-search.ts(83,53): error TS1128: Declaration or statement expected.
sveltekit-frontend/src/lib/services/pgvector-semantic-search.ts(83,61): error TS1443: Module declaration names may only use ' or " quoted strings.
sveltekit-frontend/src/lib/services/pgvector-semantic-search.ts(91,26): error TS1434: Unexpected keyword or identifier.
sveltekit-frontend/src/lib/services/pgvector-semantic-search.ts(91,54): error TS1128: Declaration or statement expected.
sveltekit-frontend/src/lib/services/pgvector-semantic-search.ts(91,62): error TS1443: Module declaration names may only use ' or " quoted strings.
sveltekit-frontend/src/lib/services/pgvector-semantic-search.ts(96,20): error TS1127: Invalid character.
sveltekit-frontend/src/lib/services/pgvector-semantic-search.ts(96,20): error TS1128: Declaration or statement expected.
sveltekit-frontend/src/lib/services/pgvector-semantic-search.ts(96,23): error TS1434: Unexpected keyword or identifier.
sveltekit-frontend/src/lib/services/pgvector-semantic-search.ts(96,30): error TS1434: Unexpected keyword or identifier.
sveltekit-frontend/src/lib/services/pgvector-semantic-search.ts(96,43): error TS1005: '(' expected.
sveltekit-frontend/src/lib/services/pgvector-semantic-search.ts(96,55): error TS1005: ';' expected.
sveltekit-frontend/src/lib/services/pgvector-semantic-search.ts(96,64): error TS1005: ',' expected.
sveltekit-frontend/src/lib/services/pgvector-semantic-search.ts(114,28): error TS1005: ';' expected.
sveltekit-frontend/src/lib/services/pgvector-semantic-search.ts(114,33): error TS1005: ',' expected.
sveltekit-frontend/src/lib/services/pgvector-semantic-search.ts(114,55): error TS1005: ')' expected.
sveltekit-frontend/src/lib/services/pgvector-semantic-search.ts(114,63): error TS1443: Module declaration names may only use ' or " quoted strings.
sveltekit-frontend/src/lib/services/pgvector-semantic-search.ts(123,22): error TS1127: Invalid character.
sveltekit-frontend/src/lib/services/pgvector-semantic-search.ts(123,22): error TS1128: Declaration or statement expected.
sveltekit-frontend/src/lib/services/pgvector-semantic-search.ts(123,25): error TS1435: Unknown keyword or identifier. Did you mean 'catch'?
sveltekit-frontend/src/lib/services/pgvector-semantic-search.ts(123,31): error TS1434: Unexpected keyword or identifier.
sveltekit-frontend/src/lib/services/pgvector-semantic-search.ts(123,38): error TS1434: Unexpected keyword or identifier.
sveltekit-frontend/src/lib/services/pgvector-semantic-search.ts(123,54): error TS1434: Unexpected keyword or identifier.
sveltekit-frontend/src/lib/services/pgvector-semantic-search.ts(150,29): error TS1109: Expression expected.
sveltekit-frontend/src/lib/services/pgvector-semantic-search.ts(150,38): error TS1005: ',' expected.
sveltekit-frontend/src/lib/services/pgvector-semantic-search.ts(150,65): error TS1005: ')' expected.
sveltekit-frontend/src/lib/services/pgvector-semantic-search.ts(150,67): error TS1434: Unexpected keyword or identifier.
sveltekit-frontend/src/lib/services/pgvector-semantic-search.ts(150,73): error TS1128: Declaration or statement expected.
sveltekit-frontend/src/lib/services/pgvector-semantic-search.ts(150,74): error TS1128: Declaration or statement expected.
sveltekit-frontend/src/lib/services/pgvector-semantic-search.ts(150,76): error TS1434: Unexpected keyword or identifier.
sveltekit-frontend/src/lib/services/pgvector-semantic-search.ts(151,14): error TS1005: ';' expected.
sveltekit-frontend/src/lib/services/pgvector-semantic-search.ts(152,33): error TS1109: Expression expected.
sveltekit-frontend/src/lib/services/pgvector-semantic-search.ts(152,43): error TS1005: ',' expected.
sveltekit-frontend/src/lib/services/pgvector-semantic-search.ts(152,70): error TS1005: ')' expected.
sveltekit-frontend/src/lib/services/pgvector-semantic-search.ts(152,80): error TS1005: ';' expected.
sveltekit-frontend/src/lib/services/pgvector-semantic-search.ts(152,81): error TS1128: Declaration or statement expected.
sveltekit-frontend/src/lib/services/pgvector-semantic-search.ts(152,83): error TS1109: Expression expected.
sveltekit-frontend/src/lib/services/pgvector-semantic-search.ts(152,86): error TS1005: ';' expected.
sveltekit-frontend/src/lib/services/pgvector-semantic-search.ts(152,97): error TS1128: Declaration or statement expected.
sveltekit-frontend/src/lib/services/pgvector-semantic-search.ts(156,26): error TS1005: ';' expected.
sveltekit-frontend/src/lib/services/pgvector-semantic-search.ts(156,37): error TS1434: Unexpected keyword or identifier.
sveltekit-frontend/src/lib/services/pgvector-semantic-search.ts(156,53): error TS1109: Expression expected.
sveltekit-frontend/src/lib/services/pgvector-semantic-search.ts(156,56): error TS1005: ';' expected.
sveltekit-frontend/src/lib/services/pgvector-semantic-search.ts(159,26): error TS1005: ';' expected.
sveltekit-frontend/src/lib/services/pgvector-semantic-search.ts(159,37): error TS1434: Unexpected keyword or identifier.
sveltekit-frontend/src/lib/services/pgvector-semantic-search.ts(159,55): error TS1109: Expression expected.
sveltekit-frontend/src/lib/services/pgvector-semantic-search.ts(159,58): error TS1005: ';' expected.
sveltekit-frontend/src/lib/services/pgvector-semantic-search.ts(163,26): error TS1005: ';' expected.
sveltekit-frontend/src/lib/services/pgvector-semantic-search.ts(163,37): error TS1434: Unexpected keyword or identifier.
sveltekit-frontend/src/lib/services/pgvector-semantic-search.ts(163,41): error TS1434: Unexpected keyword or identifier.
sveltekit-frontend/src/lib/services/pgvector-semantic-search.ts(163,51): error TS1434: Unexpected keyword or identifier.
sveltekit-frontend/src/lib/services/pgvector-semantic-search.ts(163,59): error TS1434: Unexpected keyword or identifier.
sveltekit-frontend/src/lib/services/pgvector-semantic-search.ts(163,82): error TS1434: Unexpected keyword or identifier.
sveltekit-frontend/src/lib/services/pgvector-semantic-search.ts(163,86): error TS1434: Unexpected keyword or identifier.
sveltekit-frontend/src/lib/services/pgvector-semantic-search.ts(165,24): error TS1005: ';' expected.
sveltekit-frontend/src/lib/services/pgvector-semantic-search.ts(165,35): error TS1434: Unexpected keyword or identifier.
sveltekit-frontend/src/lib/services/pgvector-semantic-search.ts(165,41): error TS1434: Unexpected keyword or identifier.
sveltekit-frontend/src/lib/services/pgvector-semantic-search.ts(165,44): error TS1434: Unexpected keyword or identifier.
sveltekit-frontend/src/lib/services/pgvector-semantic-search.ts(165,55): error TS1434: Unexpected keyword or identifier.
sveltekit-frontend/src/lib/services/pgvector-semantic-search.ts(165,60): error TS1434: Unexpected keyword or identifier.
sveltekit-frontend/src/lib/services/pgvector-semantic-search.ts(165,66): error TS1434: Unexpected keyword or identifier.
sveltekit-frontend/src/lib/services/pgvector-semantic-search.ts(173,21): error TS1005: ';' expected.
sveltekit-frontend/src/lib/services/pgvector-semantic-search.ts(173,32): error TS1434: Unexpected keyword or identifier.
sveltekit-frontend/src/lib/services/pgvector-semantic-search.ts(173,40): error TS1434: Unexpected keyword or identifier.
sveltekit-frontend/src/lib/services/pgvector-semantic-search.ts(173,45): error TS1434: Unexpected keyword or identifier.
sveltekit-frontend/src/lib/services/pgvector-semantic-search.ts(173,53): error TS1434: Unexpected keyword or identifier.
sveltekit-frontend/src/lib/services/pgvector-semantic-search.ts(191,9): error TS1434: Unexpected keyword or identifier.
sveltekit-frontend/src/lib/services/pgvector-semantic-search.ts(192,9): error TS1435: Unknown keyword or identifier. Did you mean 'from'?
sveltekit-frontend/src/lib/services/pgvector-semantic-search.ts(193,9): error TS1434: Unexpected keyword or identifier.
sveltekit-frontend/src/lib/services/pgvector-semantic-search.ts(193,42): error TS1005: ';' expected.
sveltekit-frontend/src/lib/services/pgvector-semantic-search.ts(202,32): error TS1109: Expression expected.
sveltekit-frontend/src/lib/services/pgvector-semantic-search.ts(202,50): error TS1005: ')' expected.
sveltekit-frontend/src/lib/services/pgvector-semantic-search.ts(202,60): error TS1005: ';' expected.
sveltekit-frontend/src/lib/services/pgvector-semantic-search.ts(202,62): error TS1434: Unexpected keyword or identifier.
sveltekit-frontend/src/lib/services/pgvector-semantic-search.ts(203,42): error TS1005: ',' expected.
sveltekit-frontend/src/lib/services/pgvector-semantic-search.ts(203,53): error TS1005: ',' expected.
sveltekit-frontend/src/lib/services/pgvector-semantic-search.ts(204,9): error TS1435: Unknown keyword or identifier. Did you mean 'from'?
sveltekit-frontend/src/lib/services/pgvector-semantic-search.ts(205,9): error TS1434: Unexpected keyword or identifier.
sveltekit-frontend/src/lib/services/pgvector-semantic-search.ts(205,43): error TS1005: ';' expected.
sveltekit-frontend/src/lib/services/pgvector-semantic-search.ts(206,9): error TS1434: Unexpected keyword or identifier.
sveltekit-frontend/src/lib/services/pgvector-semantic-search.ts(206,15): error TS1434: Unexpected keyword or identifier.
sveltekit-frontend/src/lib/services/pgvector-semantic-search.ts(207,9): error TS1434: Unexpected keyword or identifier.
sveltekit-frontend/src/lib/services/pgvector-semantic-search.ts(207,37): error TS1109: Expression expected.
sveltekit-frontend/src/lib/services/pgvector-semantic-search.ts(207,55): error TS1005: ')' expected.
sveltekit-frontend/src/lib/services/pgvector-semantic-search.ts(207,65): error TS1005: ';' expected.
sveltekit-frontend/src/lib/services/pgvector-semantic-search.ts(207,66): error TS1128: Declaration or statement expected.
sveltekit-frontend/src/lib/services/pgvector-semantic-search.ts(207,68): error TS1109: Expression expected.
sveltekit-frontend/src/lib/services/pgvector-semantic-search.ts(207,71): error TS1005: ';' expected.
sveltekit-frontend/src/lib/services/pgvector-semantic-search.ts(208,9): error TS1434: Unexpected keyword or identifier.
sveltekit-frontend/src/lib/services/pgvector-semantic-search.ts(208,15): error TS1434: Unexpected keyword or identifier.
sveltekit-frontend/src/lib/services/pgvector-semantic-search.ts(208,18): error TS1434: Unexpected keyword or identifier.
sveltekit-frontend/src/lib/services/pgvector-semantic-search.ts(209,9): error TS1434: Unexpected keyword or identifier.
sveltekit-frontend/src/lib/services/pgvector-semantic-search.ts(209,15): error TS1434: Unexpected keyword or identifier.
sveltekit-frontend/src/lib/services/pgvector-semantic-search.ts(228,9): error TS1435: Unknown keyword or identifier. Did you mean 'with'?
sveltekit-frontend/src/lib/services/pgvector-semantic-search.ts(228,14): error TS1434: Unexpected keyword or identifier.
sveltekit-frontend/src/lib/services/pgvector-semantic-search.ts(232,19): error TS1109: Expression expected.
sveltekit-frontend/src/lib/services/pgvector-semantic-search.ts(232,20): error TS1109: Expression expected.
sveltekit-frontend/src/lib/services/pgvector-semantic-search.ts(234,11): error TS1435: Unknown keyword or identifier. Did you mean 'from'?
sveltekit-frontend/src/lib/services/pgvector-semantic-search.ts(235,11): error TS1434: Unexpected keyword or identifier.
sveltekit-frontend/src/lib/services/pgvector-semantic-search.ts(236,11): error TS1434: Unexpected keyword or identifier.
sveltekit-frontend/src/lib/services/pgvector-semantic-search.ts(236,17): error TS1434: Unexpected keyword or identifier.
sveltekit-frontend/src/lib/services/pgvector-semantic-search.ts(237,11): error TS1434: Unexpected keyword or identifier.
sveltekit-frontend/src/lib/services/pgvector-semantic-search.ts(237,24): error TS1109: Expression expected.
sveltekit-frontend/src/lib/services/pgvector-semantic-search.ts(237,25): error TS1109: Expression expected.
sveltekit-frontend/src/lib/services/pgvector-semantic-search.ts(238,9): error TS1128: Declaration or statement expected.
sveltekit-frontend/src/lib/services/pgvector-semantic-search.ts(238,10): error TS1128: Declaration or statement expected.
sveltekit-frontend/src/lib/services/pgvector-semantic-search.ts(239,9): error TS1434: Unexpected keyword or identifier.
sveltekit-frontend/src/lib/services/pgvector-semantic-search.ts(243,33): error TS1109: Expression expected.
sveltekit-frontend/src/lib/services/pgvector-semantic-search.ts(244,11): error TS1435: Unknown keyword or identifier. Did you mean 'from'?
sveltekit-frontend/src/lib/services/pgvector-semantic-search.ts(244,16): error TS1434: Unexpected keyword or identifier.
sveltekit-frontend/src/lib/services/pgvector-semantic-search.ts(245,11): error TS1434: Unexpected keyword or identifier.
sveltekit-frontend/src/lib/services/pgvector-semantic-search.ts(245,17): error TS1434: Unexpected keyword or identifier.
sveltekit-frontend/src/lib/services/pgvector-semantic-search.ts(245,22): error TS1434: Unexpected keyword or identifier.
sveltekit-frontend/src/lib/services/pgvector-semantic-search.ts(246,11): error TS1434: Unexpected keyword or identifier.
sveltekit-frontend/src/lib/services/pgvector-semantic-search.ts(247,35): error TS1109: Expression expected.
sveltekit-frontend/src/lib/services/pgvector-semantic-search.ts(248,9): error TS1128: Declaration or statement expected.
sveltekit-frontend/src/lib/services/pgvector-semantic-search.ts(250,9): error TS1434: Unexpected keyword or identifier.
sveltekit-frontend/src/lib/services/pgvector-semantic-search.ts(250,15): error TS1434: Unexpected keyword or identifier.
sveltekit-frontend/src/lib/services/pgvector-semantic-search.ts(250,18): error TS1434: Unexpected keyword or identifier.
sveltekit-frontend/src/lib/services/pgvector-semantic-search.ts(282,13): error TS1434: Unexpected keyword or identifier.
sveltekit-frontend/src/lib/services/pgvector-semantic-search.ts(283,13): error TS1435: Unknown keyword or identifier. Did you mean 'from'?
sveltekit-frontend/src/lib/services/pgvector-semantic-search.ts(284,13): error TS1434: Unexpected keyword or identifier.
sveltekit-frontend/src/lib/services/pgvector-semantic-search.ts(284,58): error TS1005: ';' expected.
sveltekit-frontend/src/lib/services/pgvector-semantic-search.ts(287,13): error TS1434: Unexpected keyword or identifier.
sveltekit-frontend/src/lib/services/pgvector-semantic-search.ts(287,42): error TS1109: Expression expected.
sveltekit-frontend/src/lib/services/pgvector-semantic-search.ts(287,44): error TS1434: Unexpected keyword or identifier.
sveltekit-frontend/src/lib/services/pgvector-semantic-search.ts(288,13): error TS1435: Unknown keyword or identifier. Did you mean 'from'?
sveltekit-frontend/src/lib/services/pgvector-semantic-search.ts(289,13): error TS1434: Unexpected keyword or identifier.
sveltekit-frontend/src/lib/services/pgvector-semantic-search.ts(289,58): error TS1005: ';' expected.
sveltekit-frontend/src/lib/services/pgvector-semantic-search.ts(289,71): error TS1434: Unexpected keyword or identifier.
sveltekit-frontend/src/lib/services/pgvector-semantic-search.ts(289,74): error TS1434: Unexpected keyword or identifier.
sveltekit-frontend/src/lib/services/pgvector-semantic-search.ts(290,13): error TS1434: Unexpected keyword or identifier.
sveltekit-frontend/src/lib/services/pgvector-semantic-search.ts(290,19): error TS1434: Unexpected keyword or identifier.
sveltekit-frontend/src/lib/services/pgvector-semantic-search.ts(291,13): error TS1434: Unexpected keyword or identifier.
sveltekit-frontend/src/lib/services/pgvector-semantic-search.ts(291,19): error TS1434: Unexpected keyword or identifier.
sveltekit-frontend/src/lib/services/pgvector-semantic-search.ts(291,22): error TS1434: Unexpected keyword or identifier.
sveltekit-frontend/src/lib/services/pgvector-semantic-search.ts(292,13): error TS1434: Unexpected keyword or identifier.
sveltekit-frontend/src/lib/services/pgvector-semantic-search.ts(293,11): error TS1443: Module declaration names may only use ' or " quoted strings.
sveltekit-frontend/src/lib/services/pgvector-semantic-search.ts(315,15): error TS1434: Unexpected keyword or identifier.
sveltekit-frontend/src/lib/services/pgvector-semantic-search.ts(316,22): error TS1005: ';' expected.
sveltekit-frontend/src/lib/services/pgvector-semantic-search.ts(316,26): error TS1443: Module declaration names may only use ' or " quoted strings.
sveltekit-frontend/src/lib/services/pgvector-semantic-search.ts(319,24): error TS1128: Declaration or statement expected.
sveltekit-frontend/src/lib/services/pgvector-semantic-search.ts(321,21): error TS1109: Expression expected.
sveltekit-frontend/src/lib/services/pgvector-semantic-search.ts(321,23): error TS1434: Unexpected keyword or identifier.
sveltekit-frontend/src/lib/services/pgvector-semantic-search.ts(323,23): error TS1109: Expression expected.
sveltekit-frontend/src/lib/services/pgvector-semantic-search.ts(323,24): error TS1109: Expression expected.
sveltekit-frontend/src/lib/services/pgvector-semantic-search.ts(324,11): error TS1435: Unknown keyword or identifier. Did you mean 'from'?
sveltekit-frontend/src/lib/services/pgvector-semantic-search.ts(325,11): error TS1434: Unexpected keyword or identifier.
sveltekit-frontend/src/lib/services/pgvector-semantic-search.ts(328,24): error TS1005: ';' expected.
sveltekit-frontend/src/lib/services/pgvector-semantic-search.ts(331,19): error TS1109: Expression expected.
sveltekit-frontend/src/lib/services/pgvector-semantic-search.ts(331,20): error TS1109: Expression expected.
sveltekit-frontend/src/lib/services/pgvector-semantic-search.ts(332,11): error TS1435: Unknown keyword or identifier. Did you mean 'from'?
sveltekit-frontend/src/lib/services/pgvector-semantic-search.ts(333,11): error TS1434: Unexpected keyword or identifier.
sveltekit-frontend/src/lib/services/pgvector-semantic-search.ts(333,24): error TS1434: Unexpected keyword or identifier.
sveltekit-frontend/src/lib/services/pgvector-semantic-search.ts(333,28): error TS1434: Unexpected keyword or identifier.
sveltekit-frontend/src/lib/services/pgvector-semantic-search.ts(333,41): error TS1434: Unexpected keyword or identifier.
sveltekit-frontend/src/lib/services/pgvector-semantic-search.ts(333,44): error TS1434: Unexpected keyword or identifier.
sveltekit-frontend/src/lib/services/pgvector-semantic-search.ts(334,11): error TS1434: Unexpected keyword or identifier.
sveltekit-frontend/src/lib/services/pgvector-semantic-search.ts(334,17): error TS1434: Unexpected keyword or identifier.
sveltekit-frontend/src/lib/services/pgvector-semantic-search.ts(335,11): error TS1434: Unexpected keyword or identifier.
sveltekit-frontend/src/lib/services/pgvector-semantic-search.ts(335,17): error TS1434: Unexpected keyword or identifier.
sveltekit-frontend/src/lib/services/pgvector-semantic-search.ts(335,20): error TS1435: Unknown keyword or identifier. Did you mean 'const'?
sveltekit-frontend/src/lib/services/pgvector-semantic-search.ts(336,11): error TS1434: Unexpected keyword or identifier.
sveltekit-frontend/src/lib/services/pgvector-semantic-search.ts(337,9): error TS1443: Module declaration names may only use ' or " quoted strings.
sveltekit-frontend/src/lib/services/pgvector-semantic-search.ts(339,24): error TS1128: Declaration or statement expected.
sveltekit-frontend/src/lib/services/pgvector-semantic-search.ts(342,19): error TS1109: Expression expected.
sveltekit-frontend/src/lib/services/pgvector-semantic-search.ts(342,20): error TS1109: Expression expected.
sveltekit-frontend/src/lib/services/pgvector-semantic-search.ts(343,11): error TS1435: Unknown keyword or identifier. Did you mean 'from'?
sveltekit-frontend/src/lib/services/pgvector-semantic-search.ts(344,11): error TS1434: Unexpected keyword or identifier.
sveltekit-frontend/src/lib/services/pgvector-semantic-search.ts(344,24): error TS1434: Unexpected keyword or identifier.
sveltekit-frontend/src/lib/services/pgvector-semantic-search.ts(345,11): error TS1434: Unexpected keyword or identifier.
sveltekit-frontend/src/lib/services/pgvector-semantic-search.ts(345,17): error TS1434: Unexpected keyword or identifier.
sveltekit-frontend/src/lib/services/pgvector-semantic-search.ts(346,11): error TS1434: Unexpected keyword or identifier.
sveltekit-frontend/src/lib/services/pgvector-semantic-search.ts(346,17): error TS1434: Unexpected keyword or identifier.
sveltekit-frontend/src/lib/services/pgvector-semantic-search.ts(346,20): error TS1434: Unexpected keyword or identifier.
sveltekit-frontend/src/lib/services/pgvector-semantic-search.ts(383,9): error TS1435: Unknown keyword or identifier. Did you mean 'delete'?
sveltekit-frontend/src/lib/services/pgvector-semantic-search.ts(383,16): error TS1435: Unknown keyword or identifier. Did you mean 'from'?
sveltekit-frontend/src/lib/services/pgvector-semantic-search.ts(384,9): error TS1434: Unexpected keyword or identifier.
sveltekit-frontend/src/lib/services/pgvector-semantic-search.ts(385,25): error TS1005: ';' expected.
sveltekit-frontend/src/lib/services/pgvector-semantic-search.ts(386,11): error TS1434: Unexpected keyword or identifier.
sveltekit-frontend/src/lib/services/pgvector-semantic-search.ts(386,18): error TS1434: Unexpected keyword or identifier.
sveltekit-frontend/src/lib/services/pgvector-semantic-search.ts(387,11): error TS1435: Unknown keyword or identifier. Did you mean 'from'?
sveltekit-frontend/src/lib/services/pgvector-semantic-search.ts(388,11): error TS1434: Unexpected keyword or identifier.
sveltekit-frontend/src/lib/services/pgvector-semantic-search.ts(389,8): error TS1128: Declaration or statement expected.
sveltekit-frontend/src/lib/services/pgvector-semantic-search.ts(389,10): error TS1128: Declaration or statement expected.
sveltekit-frontend/src/lib/services/pgvector-semantic-search.ts(392,20): error TS1127: Invalid character.
sveltekit-frontend/src/lib/services/pgvector-semantic-search.ts(392,23): error TS1434: Unexpected keyword or identifier.
sveltekit-frontend/src/lib/services/pgvector-semantic-search.ts(392,31): error TS1434: Unexpected keyword or identifier.
sveltekit-frontend/src/lib/services/pgvector-semantic-search.ts(392,34): error TS1434: Unexpected keyword or identifier.
sveltekit-frontend/src/lib/services/pgvector-semantic-search.ts(392,50): error TS1434: Unexpected keyword or identifier.
sveltekit-frontend/src/lib/services/pgvector-semantic-search.ts(392,54): error TS1434: Unexpected keyword or identifier.
sveltekit-frontend/src/lib/services/pgvector-semantic-search.ts(392,69): error TS1443: Module declaration names may only use ' or " quoted strings.
sveltekit-frontend/src/lib/services/pgvector-semantic-search.ts(405,28): error TS1128: Declaration or statement expected.
sveltekit-frontend/src/lib/services/pgvector-semantic-search.ts(406,9): error TS1434: Unexpected keyword or identifier.
sveltekit-frontend/src/lib/services/pgvector-semantic-search.ts(406,16): error TS1434: Unexpected keyword or identifier.
sveltekit-frontend/src/lib/services/pgvector-semantic-search.ts(406,22): error TS1434: Unexpected keyword or identifier.
sveltekit-frontend/src/lib/services/pgvector-semantic-search.ts(406,35): error TS1434: Unexpected keyword or identifier.
sveltekit-frontend/src/lib/services/pgvector-semantic-search.ts(406,38): error TS1434: Unexpected keyword or identifier.
sveltekit-frontend/src/lib/services/pgvector-semantic-search.ts(406,42): error TS1434: Unexpected keyword or identifier.
sveltekit-frontend/src/lib/services/pgvector-semantic-search.ts(407,9): error TS1434: Unexpected keyword or identifier.
sveltekit-frontend/src/lib/services/pgvector-semantic-search.ts(407,12): error TS1434: Unexpected keyword or identifier.
sveltekit-frontend/src/lib/services/pgvector-semantic-search.ts(407,28): error TS1435: Unknown keyword or identifier. Did you mean 'using'?
sveltekit-frontend/src/lib/services/pgvector-semantic-search.ts(409,7): error TS1443: Module declaration names may only use ' or " quoted strings.
sveltekit-frontend/src/lib/services/pgvector-semantic-search.ts(411,28): error TS1128: Declaration or statement expected.
sveltekit-frontend/src/lib/services/pgvector-semantic-search.ts(412,9): error TS1434: Unexpected keyword or identifier.
sveltekit-frontend/src/lib/services/pgvector-semantic-search.ts(412,16): error TS1434: Unexpected keyword or identifier.
sveltekit-frontend/src/lib/services/pgvector-semantic-search.ts(412,22): error TS1434: Unexpected keyword or identifier.
sveltekit-frontend/src/lib/services/pgvector-semantic-search.ts(412,35): error TS1434: Unexpected keyword or identifier.
sveltekit-frontend/src/lib/services/pgvector-semantic-search.ts(412,38): error TS1434: Unexpected keyword or identifier.
sveltekit-frontend/src/lib/services/pgvector-semantic-search.ts(412,42): error TS1434: Unexpected keyword or identifier.
sveltekit-frontend/src/lib/services/pgvector-semantic-search.ts(413,9): error TS1434: Unexpected keyword or identifier.
sveltekit-frontend/src/lib/services/pgvector-semantic-search.ts(414,7): error TS1443: Module declaration names may only use ' or " quoted strings.
sveltekit-frontend/src/lib/services/pgvector-semantic-search.ts(415,28): error TS1128: Declaration or statement expected.
sveltekit-frontend/src/lib/services/pgvector-semantic-search.ts(416,9): error TS1434: Unexpected keyword or identifier.
sveltekit-frontend/src/lib/services/pgvector-semantic-search.ts(416,16): error TS1434: Unexpected keyword or identifier.
sveltekit-frontend/src/lib/services/pgvector-semantic-search.ts(416,22): error TS1434: Unexpected keyword or identifier.
sveltekit-frontend/src/lib/services/pgvector-semantic-search.ts(416,35): error TS1434: Unexpected keyword or identifier.
sveltekit-frontend/src/lib/services/pgvector-semantic-search.ts(416,38): error TS1434: Unexpected keyword or identifier.
sveltekit-frontend/src/lib/services/pgvector-semantic-search.ts(416,42): error TS1434: Unexpected keyword or identifier.
sveltekit-frontend/src/lib/services/pgvector-semantic-search.ts(417,9): error TS1434: Unexpected keyword or identifier.
sveltekit-frontend/src/lib/services/pgvector-semantic-search.ts(417,50): error TS1005: ';' expected.
sveltekit-frontend/src/lib/services/pgvector-semantic-search.ts(417,63): error TS1434: Unexpected keyword or identifier.
sveltekit-frontend/src/lib/services/pgvector-semantic-search.ts(417,66): error TS1434: Unexpected keyword or identifier.
sveltekit-frontend/src/lib/services/pgvector-semantic-search.ts(446,60): error TS1160: Unterminated template literal.
sveltekit-frontend/src/lib/services/pipeline-metrics.ts(4,1): error TS1128: Declaration or statement expected.
sveltekit-frontend/src/lib/services/pipeline-metrics.ts(7,161): error TS1005: ';' expected.
sveltekit-frontend/src/lib/services/pipeline-metrics.ts(7,176): error TS1109: Expression expected.
sveltekit-frontend/src/lib/services/pipeline-metrics.ts(7,177): error TS1128: Declaration or statement expected.
sveltekit-frontend/src/lib/services/pipeline-metrics.ts(7,182): error TS1434: Unexpected keyword or identifier.
sveltekit-frontend/src/lib/services/pipeline-metrics.ts(7,185): error TS1434: Unexpected keyword or identifier.
sveltekit-frontend/src/lib/services/pipeline-metrics.ts(7,188): error TS1128: Declaration or statement expected.
sveltekit-frontend/src/lib/services/pipeline-metrics.ts(15,64): error TS1109: Expression expected.
sveltekit-frontend/src/lib/services/pipeline-metrics.ts(16,76): error TS1109: Expression expected.
sveltekit-frontend/src/lib/services/pipeline-metrics.ts(18,100): error TS1109: Expression expected.
sveltekit-frontend/src/lib/services/pipeline-metrics.ts(23,45): error TS1005: ';' expected.
sveltekit-frontend/src/lib/services/pipeline-metrics.ts(26,43): error TS1005: ',' expected.
sveltekit-frontend/src/lib/services/pipeline-metrics.ts(28,6): error TS1005: ',' expected.
sveltekit-frontend/src/lib/services/pipeline-metrics.ts(29,42): error TS1109: Expression expected.
sveltekit-frontend/src/lib/services/pipeline-metrics.ts(30,5): error TS1109: Expression expected.
sveltekit-frontend/src/lib/services/pipeline-metrics.ts(32,67): error TS1109: Expression expected.
sveltekit-frontend/src/lib/services/pipeline-metrics.ts(37,96): error TS1109: Expression expected.
sveltekit-frontend/src/lib/services/pipeline-metrics.ts(38,141): error TS1109: Expression expected.
sveltekit-frontend/src/lib/services/pipeline-metrics.ts(39,90): error TS1005: ';' expected.
sveltekit-frontend/src/lib/services/pipeline-metrics.ts(39,107): error TS1109: Expression expected.
sveltekit-frontend/src/lib/services/pipeline-metrics.ts(39,117): error TS1128: Declaration or statement expected.
sveltekit-frontend/src/lib/services/pipeline-metrics.ts(39,118): error TS1128: Declaration or statement expected.
sveltekit-frontend/src/lib/services/pipeline-metrics.ts(53,96): error TS1005: ')' expected.
sveltekit-frontend/src/lib/services/pipeline-metrics.ts(59,67): error TS1005: ']' expected.
sveltekit-frontend/src/lib/services/pipeline-metrics.ts(59,68): error TS1128: Declaration or statement expected.
sveltekit-frontend/src/lib/services/pipeline-metrics.ts(59,69): error TS1128: Declaration or statement expected.
sveltekit-frontend/src/lib/services/pipeline-metrics.ts(60,76): error TS1005: ')' expected.
sveltekit-frontend/src/lib/services/pipeline-metrics.ts(63,6): error TS1128: Declaration or statement expected.
sveltekit-frontend/src/lib/services/pipeline-metrics.ts(64,1): error TS1128: Declaration or statement expected.
sveltekit-frontend/src/lib/services/pipeline-metrics.ts(87,35): error TS1005: ',' expected.
sveltekit-frontend/src/lib/services/pipeline-metrics.ts(89,114): error TS1005: ',' expected.
sveltekit-frontend/src/lib/services/pipeline-metrics.ts(90,110): error TS1005: ';' expected.
sveltekit-frontend/src/lib/services/pipeline-metrics.ts(91,6): error TS1128: Declaration or statement expected.
sveltekit-frontend/src/lib/services/pipeline-metrics.ts(92,1): error TS1128: Declaration or statement expected.
sveltekit-frontend/src/lib/services/postgresql-qdrant-sync.ts(14,1): error TS1128: Declaration or statement expected.
sveltekit-frontend/src/lib/services/postgresql-qdrant-sync.ts(26,1): error TS1128: Declaration or statement expected.
sveltekit-frontend/src/lib/services/postgresql-qdrant-sync.ts(219,9): error TS1128: Declaration or statement expected.
sveltekit-frontend/src/lib/services/postgresql-qdrant-sync.ts(231,9): error TS1136: Property assignment expected.
sveltekit-frontend/src/lib/services/postgresql-qdrant-sync.ts(231,11): error TS1128: Declaration or statement expected.
sveltekit-frontend/src/lib/services/postgresql-qdrant-sync.ts(231,12): error TS1128: Declaration or statement expected.
sveltekit-frontend/src/lib/services/postgresql-qdrant-sync.ts(232,9): error TS1128: Declaration or statement expected.
sveltekit-frontend/src/lib/services/postgresql-qdrant-sync.ts(237,11): error TS1128: Declaration or statement expected.
sveltekit-frontend/src/lib/services/postgresql-qdrant-sync.ts(238,9): error TS1128: Declaration or statement expected.
sveltekit-frontend/src/lib/services/postgresql-qdrant-sync.ts(239,9): error TS1128: Declaration or statement expected.
sveltekit-frontend/src/lib/services/postgresql-qdrant-sync.ts(241,24): error TS1005: ')' expected.
sveltekit-frontend/src/lib/services/postgresql-qdrant-sync.ts(258,3): error TS1128: Declaration or statement expected.
sveltekit-frontend/src/lib/services/postgresql-qdrant-sync.ts(258,11): error TS1434: Unexpected keyword or identifier.
sveltekit-frontend/src/lib/services/postgresql-qdrant-sync.ts(258,44): error TS1005: ';' expected.
sveltekit-frontend/src/lib/services/postgresql-qdrant-sync.ts(258,58): error TS1109: Expression expected.
sveltekit-frontend/src/lib/services/postgresql-qdrant-sync.ts(259,9): error TS1005: ',' expected.
sveltekit-frontend/src/lib/services/postgresql-qdrant-sync.ts(259,17): error TS1109: Expression expected.
sveltekit-frontend/src/lib/services/postgresql-qdrant-sync.ts(259,20): error TS1005: ':' expected.
sveltekit-frontend/src/lib/services/postgresql-qdrant-sync.ts(260,9): error TS1005: ',' expected.
sveltekit-frontend/src/lib/services/postgresql-qdrant-sync.ts(260,24): error TS1005: ',' expected.
sveltekit-frontend/src/lib/services/postgresql-qdrant-sync.ts(263,9): error TS1128: Declaration or statement expected.
sveltekit-frontend/src/lib/services/postgresql-qdrant-sync.ts(264,40): error TS1005: ',' expected.
sveltekit-frontend/src/lib/services/postgresql-qdrant-sync.ts(266,9): error TS1136: Property assignment expected.
sveltekit-frontend/src/lib/services/postgresql-qdrant-sync.ts(266,11): error TS1005: ';' expected.
sveltekit-frontend/src/lib/services/postgresql-qdrant-sync.ts(266,12): error TS1128: Declaration or statement expected.
sveltekit-frontend/src/lib/services/postgresql-qdrant-sync.ts(267,9): error TS1128: Declaration or statement expected.
sveltekit-frontend/src/lib/services/postgresql-qdrant-sync.ts(272,24): error TS1005: ')' expected.
sveltekit-frontend/src/lib/services/postgresql-qdrant-sync.ts(284,5): error TS1128: Declaration or statement expected.
sveltekit-frontend/src/lib/services/postgresql-qdrant-sync.ts(285,3): error TS1128: Declaration or statement expected.
sveltekit-frontend/src/lib/services/postgresql-qdrant-sync.ts(289,3): error TS1128: Declaration or statement expected.
sveltekit-frontend/src/lib/services/postgresql-qdrant-sync.ts(289,11): error TS1434: Unexpected keyword or identifier.
sveltekit-frontend/src/lib/services/postgresql-qdrant-sync.ts(289,41): error TS1005: ',' expected.
sveltekit-frontend/src/lib/services/postgresql-qdrant-sync.ts(289,48): error TS1005: ';' expected.
sveltekit-frontend/src/lib/services/postgresql-qdrant-sync.ts(289,62): error TS1109: Expression expected.
sveltekit-frontend/src/lib/services/postgresql-qdrant-sync.ts(290,11): error TS1005: ':' expected.
sveltekit-frontend/src/lib/services/postgresql-qdrant-sync.ts(290,36): error TS1005: ',' expected.
sveltekit-frontend/src/lib/services/postgresql-qdrant-sync.ts(291,7): error TS1003: Identifier expected.
sveltekit-frontend/src/lib/services/postgresql-qdrant-sync.ts(304,7): error TS1136: Property assignment expected.
sveltekit-frontend/src/lib/services/postgresql-qdrant-sync.ts(304,9): error TS1005: ';' expected.
sveltekit-frontend/src/lib/services/postgresql-qdrant-sync.ts(304,10): error TS1128: Declaration or statement expected.
sveltekit-frontend/src/lib/services/postgresql-qdrant-sync.ts(305,7): error TS1128: Declaration or statement expected.
sveltekit-frontend/src/lib/services/postgresql-qdrant-sync.ts(311,9): error TS1128: Declaration or statement expected.
sveltekit-frontend/src/lib/services/postgresql-qdrant-sync.ts(312,7): error TS1128: Declaration or statement expected.
sveltekit-frontend/src/lib/services/postgresql-qdrant-sync.ts(313,7): error TS1128: Declaration or statement expected.
sveltekit-frontend/src/lib/services/postgresql-qdrant-sync.ts(313,40): error TS1005: ')' expected.
sveltekit-frontend/src/lib/services/postgresql-qdrant-sync.ts(318,3): error TS1128: Declaration or statement expected.
sveltekit-frontend/src/lib/services/postgresql-qdrant-sync.ts(322,3): error TS1128: Declaration or statement expected.
sveltekit-frontend/src/lib/services/postgresql-qdrant-sync.ts(322,11): error TS1434: Unexpected keyword or identifier.
sveltekit-frontend/src/lib/services/postgresql-qdrant-sync.ts(322,51): error TS1005: ',' expected.
sveltekit-frontend/src/lib/services/postgresql-qdrant-sync.ts(322,58): error TS1005: ';' expected.
sveltekit-frontend/src/lib/services/postgresql-qdrant-sync.ts(322,72): error TS1109: Expression expected.
sveltekit-frontend/src/lib/services/postgresql-qdrant-sync.ts(323,11): error TS1005: ':' expected.
sveltekit-frontend/src/lib/services/postgresql-qdrant-sync.ts(323,32): error TS1005: ',' expected.
sveltekit-frontend/src/lib/services/postgresql-qdrant-sync.ts(324,7): error TS1003: Identifier expected.
sveltekit-frontend/src/lib/services/postgresql-qdrant-sync.ts(325,38): error TS1005: ',' expected.
sveltekit-frontend/src/lib/services/postgresql-qdrant-sync.ts(327,7): error TS1136: Property assignment expected.
sveltekit-frontend/src/lib/services/postgresql-qdrant-sync.ts(327,9): error TS1005: ';' expected.
sveltekit-frontend/src/lib/services/postgresql-qdrant-sync.ts(327,10): error TS1128: Declaration or statement expected.
sveltekit-frontend/src/lib/services/postgresql-qdrant-sync.ts(328,7): error TS1128: Declaration or statement expected.
sveltekit-frontend/src/lib/services/postgresql-qdrant-sync.ts(335,7): error TS1128: Declaration or statement expected.
sveltekit-frontend/src/lib/services/postgresql-qdrant-sync.ts(336,7): error TS1128: Declaration or statement expected.
sveltekit-frontend/src/lib/services/postgresql-qdrant-sync.ts(336,50): error TS1005: ')' expected.
sveltekit-frontend/src/lib/services/postgresql-qdrant-sync.ts(341,3): error TS1128: Declaration or statement expected.
sveltekit-frontend/src/lib/services/postgresql-qdrant-sync.ts(345,3): error TS1128: Declaration or statement expected.
sveltekit-frontend/src/lib/services/postgresql-qdrant-sync.ts(345,11): error TS1434: Unexpected keyword or identifier.
sveltekit-frontend/src/lib/services/postgresql-qdrant-sync.ts(345,52): error TS1005: ',' expected.
sveltekit-frontend/src/lib/services/postgresql-qdrant-sync.ts(346,11): error TS1005: ':' expected.
sveltekit-frontend/src/lib/services/postgresql-qdrant-sync.ts(346,30): error TS1005: ',' expected.
sveltekit-frontend/src/lib/services/postgresql-qdrant-sync.ts(347,7): error TS1003: Identifier expected.
sveltekit-frontend/src/lib/services/postgresql-qdrant-sync.ts(359,7): error TS1136: Property assignment expected.
sveltekit-frontend/src/lib/services/postgresql-qdrant-sync.ts(359,9): error TS1005: ';' expected.
sveltekit-frontend/src/lib/services/postgresql-qdrant-sync.ts(359,10): error TS1128: Declaration or statement expected.
sveltekit-frontend/src/lib/services/postgresql-qdrant-sync.ts(360,7): error TS1128: Declaration or statement expected.
sveltekit-frontend/src/lib/services/postgresql-qdrant-sync.ts(362,16): error TS1005: ')' expected.
sveltekit-frontend/src/lib/services/postgresql-qdrant-sync.ts(364,3): error TS1128: Declaration or statement expected.
sveltekit-frontend/src/lib/services/postgresql-qdrant-sync.ts(368,3): error TS1128: Declaration or statement expected.
sveltekit-frontend/src/lib/services/postgresql-qdrant-sync.ts(368,11): error TS1434: Unexpected keyword or identifier.
sveltekit-frontend/src/lib/services/postgresql-qdrant-sync.ts(368,52): error TS1005: ',' expected.
sveltekit-frontend/src/lib/services/postgresql-qdrant-sync.ts(369,11): error TS1005: ':' expected.
sveltekit-frontend/src/lib/services/postgresql-qdrant-sync.ts(369,30): error TS1005: ',' expected.
sveltekit-frontend/src/lib/services/postgresql-qdrant-sync.ts(370,7): error TS1003: Identifier expected.
sveltekit-frontend/src/lib/services/postgresql-qdrant-sync.ts(371,38): error TS1005: ',' expected.
sveltekit-frontend/src/lib/services/postgresql-qdrant-sync.ts(373,7): error TS1136: Property assignment expected.
sveltekit-frontend/src/lib/services/postgresql-qdrant-sync.ts(373,9): error TS1005: ';' expected.
sveltekit-frontend/src/lib/services/postgresql-qdrant-sync.ts(373,10): error TS1128: Declaration or statement expected.
sveltekit-frontend/src/lib/services/postgresql-qdrant-sync.ts(374,7): error TS1128: Declaration or statement expected.
sveltekit-frontend/src/lib/services/postgresql-qdrant-sync.ts(377,16): error TS1005: ')' expected.
sveltekit-frontend/src/lib/services/postgresql-qdrant-sync.ts(379,3): error TS1128: Declaration or statement expected.
sveltekit-frontend/src/lib/services/postgresql-qdrant-sync.ts(383,3): error TS1128: Declaration or statement expected.
sveltekit-frontend/src/lib/services/postgresql-qdrant-sync.ts(383,11): error TS1434: Unexpected keyword or identifier.
sveltekit-frontend/src/lib/services/postgresql-qdrant-sync.ts(383,48): error TS1005: ',' expected.
sveltekit-frontend/src/lib/services/postgresql-qdrant-sync.ts(383,54): error TS1005: ';' expected.
sveltekit-frontend/src/lib/services/postgresql-qdrant-sync.ts(384,9): error TS1005: ':' expected.
sveltekit-frontend/src/lib/services/postgresql-qdrant-sync.ts(386,13): error TS1005: ':' expected.
sveltekit-frontend/src/lib/services/postgresql-qdrant-sync.ts(386,86): error TS1005: ',' expected.
sveltekit-frontend/src/lib/services/postgresql-qdrant-sync.ts(387,13): error TS1005: ':' expected.
sveltekit-frontend/src/lib/services/postgresql-qdrant-sync.ts(387,70): error TS1005: ',' expected.
sveltekit-frontend/src/lib/services/postgresql-qdrant-sync.ts(388,11): error TS1003: Identifier expected.
sveltekit-frontend/src/lib/services/postgresql-qdrant-sync.ts(392,7): error TS1005: ',' expected.
sveltekit-frontend/src/lib/services/postgresql-qdrant-sync.ts(392,13): error TS1005: ',' expected.
sveltekit-frontend/src/lib/services/postgresql-qdrant-sync.ts(392,18): error TS1005: ',' expected.
sveltekit-frontend/src/lib/services/postgresql-qdrant-sync.ts(394,19): error TS1136: Property assignment expected.
sveltekit-frontend/src/lib/services/postgresql-qdrant-sync.ts(395,13): error TS1005: ',' expected.
sveltekit-frontend/src/lib/services/postgresql-qdrant-sync.ts(396,17): error TS1005: ',' expected.
sveltekit-frontend/src/lib/services/postgresql-qdrant-sync.ts(397,18): error TS1005: ',' expected.
sveltekit-frontend/src/lib/services/postgresql-qdrant-sync.ts(412,9): error TS1005: ',' expected.
sveltekit-frontend/src/lib/services/postgresql-qdrant-sync.ts(412,11): error TS1135: Argument expression expected.
sveltekit-frontend/src/lib/services/postgresql-qdrant-sync.ts(412,12): error TS1135: Argument expression expected.
sveltekit-frontend/src/lib/services/postgresql-qdrant-sync.ts(413,7): error TS1135: Argument expression expected.
sveltekit-frontend/src/lib/services/postgresql-qdrant-sync.ts(413,8): error TS1005: ',' expected.
sveltekit-frontend/src/lib/services/postgresql-qdrant-sync.ts(413,9): error TS1136: Property assignment expected.
sveltekit-frontend/src/lib/services/postgresql-qdrant-sync.ts(414,11): error TS1005: ':' expected.
sveltekit-frontend/src/lib/services/postgresql-qdrant-sync.ts(414,33): error TS1109: Expression expected.
sveltekit-frontend/src/lib/services/postgresql-qdrant-sync.ts(414,34): error TS1136: Property assignment expected.
sveltekit-frontend/src/lib/services/postgresql-qdrant-sync.ts(414,35): error TS1109: Expression expected.
sveltekit-frontend/src/lib/services/postgresql-qdrant-sync.ts(416,5): error TS1128: Declaration or statement expected.
sveltekit-frontend/src/lib/services/postgresql-qdrant-sync.ts(416,7): error TS1005: 'try' expected.
sveltekit-frontend/src/lib/services/postgresql-qdrant-sync.ts(421,3): error TS1128: Declaration or statement expected.
sveltekit-frontend/src/lib/services/postgresql-qdrant-sync.ts(425,3): error TS1128: Declaration or statement expected.
sveltekit-frontend/src/lib/services/postgresql-qdrant-sync.ts(425,11): error TS1434: Unexpected keyword or identifier.
sveltekit-frontend/src/lib/services/postgresql-qdrant-sync.ts(425,43): error TS1005: ',' expected.
sveltekit-frontend/src/lib/services/postgresql-qdrant-sync.ts(425,49): error TS1005: ';' expected.
sveltekit-frontend/src/lib/services/postgresql-qdrant-sync.ts(426,9): error TS1005: ':' expected.
sveltekit-frontend/src/lib/services/postgresql-qdrant-sync.ts(427,13): error TS1005: ':' expected.
sveltekit-frontend/src/lib/services/postgresql-qdrant-sync.ts(427,46): error TS1005: ',' expected.
sveltekit-frontend/src/lib/services/postgresql-qdrant-sync.ts(427,48): error TS1005: ',' expected.
sveltekit-frontend/src/lib/services/postgresql-qdrant-sync.ts(428,11): error TS1003: Identifier expected.
sveltekit-frontend/src/lib/services/postgresql-qdrant-sync.ts(428,22): error TS1138: Parameter declaration expected.
sveltekit-frontend/src/lib/services/postgresql-qdrant-sync.ts(432,7): error TS1005: ',' expected.
sveltekit-frontend/src/lib/services/postgresql-qdrant-sync.ts(432,13): error TS1005: ',' expected.
sveltekit-frontend/src/lib/services/postgresql-qdrant-sync.ts(432,18): error TS1005: ',' expected.
sveltekit-frontend/src/lib/services/postgresql-qdrant-sync.ts(434,19): error TS1136: Property assignment expected.
sveltekit-frontend/src/lib/services/postgresql-qdrant-sync.ts(435,13): error TS1005: ',' expected.
sveltekit-frontend/src/lib/services/postgresql-qdrant-sync.ts(436,17): error TS1005: ',' expected.
sveltekit-frontend/src/lib/services/postgresql-qdrant-sync.ts(437,18): error TS1005: ',' expected.
sveltekit-frontend/src/lib/services/postgresql-qdrant-sync.ts(452,9): error TS1005: ',' expected.
sveltekit-frontend/src/lib/services/postgresql-qdrant-sync.ts(452,11): error TS1135: Argument expression expected.
sveltekit-frontend/src/lib/services/postgresql-qdrant-sync.ts(452,12): error TS1135: Argument expression expected.
sveltekit-frontend/src/lib/services/postgresql-qdrant-sync.ts(453,7): error TS1135: Argument expression expected.
sveltekit-frontend/src/lib/services/postgresql-qdrant-sync.ts(453,8): error TS1005: ',' expected.
sveltekit-frontend/src/lib/services/postgresql-qdrant-sync.ts(453,9): error TS1136: Property assignment expected.
sveltekit-frontend/src/lib/services/postgresql-qdrant-sync.ts(454,11): error TS1005: ':' expected.
sveltekit-frontend/src/lib/services/postgresql-qdrant-sync.ts(454,33): error TS1109: Expression expected.
sveltekit-frontend/src/lib/services/postgresql-qdrant-sync.ts(454,34): error TS1136: Property assignment expected.
sveltekit-frontend/src/lib/services/postgresql-qdrant-sync.ts(454,35): error TS1109: Expression expected.
sveltekit-frontend/src/lib/services/postgresql-qdrant-sync.ts(456,5): error TS1128: Declaration or statement expected.
sveltekit-frontend/src/lib/services/postgresql-qdrant-sync.ts(456,7): error TS1005: 'try' expected.
sveltekit-frontend/src/lib/services/postgresql-qdrant-sync.ts(461,3): error TS1128: Declaration or statement expected.
sveltekit-frontend/src/lib/services/postgresql-qdrant-sync.ts(465,13): error TS1005: ';' expected.
sveltekit-frontend/src/lib/services/postgresql-qdrant-sync.ts(465,15): error TS1434: Unexpected keyword or identifier.
sveltekit-frontend/src/lib/services/postgresql-qdrant-sync.ts(471,3): error TS1434: Unexpected keyword or identifier.
sveltekit-frontend/src/lib/services/postgresql-qdrant-sync.ts(471,22): error TS1005: ';' expected.
sveltekit-frontend/src/lib/services/postgresql-qdrant-sync.ts(472,11): error TS1005: ':' expected.
sveltekit-frontend/src/lib/services/postgresql-qdrant-sync.ts(475,24): error TS1005: ',' expected.
sveltekit-frontend/src/lib/services/postgresql-qdrant-sync.ts(478,5): error TS1005: ',' expected.
sveltekit-frontend/src/lib/services/postgresql-qdrant-sync.ts(478,9): error TS1005: ':' expected.
sveltekit-frontend/src/lib/services/postgresql-qdrant-sync.ts(480,13): error TS1005: ',' expected.
sveltekit-frontend/src/lib/services/postgresql-qdrant-sync.ts(480,16): error TS1005: ',' expected.
sveltekit-frontend/src/lib/services/postgresql-qdrant-sync.ts(480,41): error TS1005: ',' expected.
sveltekit-frontend/src/lib/services/postgresql-qdrant-sync.ts(481,14): error TS1003: Identifier expected.
sveltekit-frontend/src/lib/services/postgresql-qdrant-sync.ts(481,33): error TS1005: ',' expected.
sveltekit-frontend/src/lib/services/postgresql-qdrant-sync.ts(482,7): error TS1005: ',' expected.
sveltekit-frontend/src/lib/services/postgresql-qdrant-sync.ts(485,5): error TS1005: ',' expected.
sveltekit-frontend/src/lib/services/postgresql-qdrant-sync.ts(485,9): error TS1005: ':' expected.
sveltekit-frontend/src/lib/services/postgresql-qdrant-sync.ts(487,13): error TS1005: ',' expected.
sveltekit-frontend/src/lib/services/postgresql-qdrant-sync.ts(487,18): error TS1005: ',' expected.
sveltekit-frontend/src/lib/services/postgresql-qdrant-sync.ts(487,41): error TS1136: Property assignment expected.
sveltekit-frontend/src/lib/services/postgresql-qdrant-sync.ts(487,43): error TS1005: ',' expected.
sveltekit-frontend/src/lib/services/postgresql-qdrant-sync.ts(488,14): error TS1003: Identifier expected.
sveltekit-frontend/src/lib/services/postgresql-qdrant-sync.ts(488,29): error TS1005: ',' expected.
sveltekit-frontend/src/lib/services/postgresql-qdrant-sync.ts(490,13): error TS1005: ':' expected.
sveltekit-frontend/src/lib/services/postgresql-qdrant-sync.ts(490,61): error TS1005: ',' expected.
sveltekit-frontend/src/lib/services/postgresql-qdrant-sync.ts(491,14): error TS1003: Identifier expected.
sveltekit-frontend/src/lib/services/postgresql-qdrant-sync.ts(491,100): error TS1005: ',' expected.
sveltekit-frontend/src/lib/services/postgresql-qdrant-sync.ts(492,7): error TS1005: ';' expected.
sveltekit-frontend/src/lib/services/postgresql-qdrant-sync.ts(496,16): error TS1109: Expression expected.
sveltekit-frontend/src/lib/services/postgresql-qdrant-sync.ts(502,3): error TS1128: Declaration or statement expected.
sveltekit-frontend/src/lib/services/postgresql-qdrant-sync.ts(507,3): error TS1434: Unexpected keyword or identifier.
sveltekit-frontend/src/lib/services/postgresql-qdrant-sync.ts(508,28): error TS1011: An element access expression should take an argument.
sveltekit-frontend/src/lib/services/postgresql-qdrant-sync.ts(510,19): error TS1005: ';' expected.
sveltekit-frontend/src/lib/services/postgresql-qdrant-sync.ts(511,13): error TS1109: Expression expected.
sveltekit-frontend/src/lib/services/postgresql-qdrant-sync.ts(511,21): error TS1005: ']' expected.
sveltekit-frontend/src/lib/services/postgresql-qdrant-sync.ts(511,30): error TS1005: ',' expected.
sveltekit-frontend/src/lib/services/postgresql-qdrant-sync.ts(511,31): error TS1136: Property assignment expected.
sveltekit-frontend/src/lib/services/postgresql-qdrant-sync.ts(512,3): error TS1109: Expression expected.
sveltekit-frontend/src/lib/services/postgresql-qdrant-sync.ts(512,4): error TS1128: Declaration or statement expected.
sveltekit-frontend/src/lib/services/postgresql-qdrant-sync.ts(513,11): error TS1005: ':' expected.
sveltekit-frontend/src/lib/services/postgresql-qdrant-sync.ts(513,33): error TS1005: ',' expected.
sveltekit-frontend/src/lib/services/postgresql-qdrant-sync.ts(514,9): error TS1005: ':' expected.
sveltekit-frontend/src/lib/services/postgresql-qdrant-sync.ts(515,11): error TS1005: ':' expected.
sveltekit-frontend/src/lib/services/postgresql-qdrant-sync.ts(515,109): error TS1005: ',' expected.
sveltekit-frontend/src/lib/services/postgresql-qdrant-sync.ts(517,13): error TS1005: ':' expected.
sveltekit-frontend/src/lib/services/postgresql-qdrant-sync.ts(517,77): error TS1005: ',' expected.
sveltekit-frontend/src/lib/services/postgresql-qdrant-sync.ts(518,15): error TS1005: ',' expected.
sveltekit-frontend/src/lib/services/postgresql-qdrant-sync.ts(518,86): error TS1005: ',' expected.
sveltekit-frontend/src/lib/services/postgresql-qdrant-sync.ts(518,88): error TS1136: Property assignment expected.
sveltekit-frontend/src/lib/services/postgresql-qdrant-sync.ts(522,40): error TS1109: Expression expected.
sveltekit-frontend/src/lib/services/postgresql-qdrant-sync.ts(523,37): error TS1109: Expression expected.
sveltekit-frontend/src/lib/services/postgresql-qdrant-sync.ts(530,31): error TS1005: ',' expected.
sveltekit-frontend/src/lib/services/postgresql-qdrant-sync.ts(539,9): error TS1128: Declaration or statement expected.
sveltekit-frontend/src/lib/services/postgresql-qdrant-sync.ts(541,9): error TS1128: Declaration or statement expected.
sveltekit-frontend/src/lib/services/postgresql-qdrant-sync.ts(556,11): error TS1005: ')' expected.
sveltekit-frontend/src/lib/services/postgresql-qdrant-sync.ts(561,28): error TS1005: ',' expected.
sveltekit-frontend/src/lib/services/postgresql-qdrant-sync.ts(572,5): error TS1128: Declaration or statement expected.
sveltekit-frontend/src/lib/services/postgresql-qdrant-sync.ts(572,7): error TS1005: 'try' expected.
sveltekit-frontend/src/lib/services/postgresql-qdrant-sync.ts(576,3): error TS1128: Declaration or statement expected.
sveltekit-frontend/src/lib/services/postgresql-qdrant-sync.ts(580,3): error TS1434: Unexpected keyword or identifier.
sveltekit-frontend/src/lib/services/postgresql-qdrant-sync.ts(583,3): error TS1128: Declaration or statement expected.
sveltekit-frontend/src/lib/services/postgresql-qdrant-sync.ts(583,4): error TS1128: Declaration or statement expected.
sveltekit-frontend/src/lib/services/postgresql-qdrant-sync.ts(583,44): error TS1109: Expression expected.
sveltekit-frontend/src/lib/services/postgresql-qdrant-sync.ts(584,11): error TS1005: ':' expected.
sveltekit-frontend/src/lib/services/postgresql-qdrant-sync.ts(584,33): error TS1005: ',' expected.
sveltekit-frontend/src/lib/services/postgresql-qdrant-sync.ts(585,11): error TS1005: ':' expected.
sveltekit-frontend/src/lib/services/postgresql-qdrant-sync.ts(586,5): error TS1005: ',' expected.
sveltekit-frontend/src/lib/services/postgresql-qdrant-sync.ts(586,9): error TS1005: ':' expected.
sveltekit-frontend/src/lib/services/postgresql-qdrant-sync.ts(587,11): error TS1005: ':' expected.
sveltekit-frontend/src/lib/services/postgresql-qdrant-sync.ts(587,80): error TS1005: ',' expected.
sveltekit-frontend/src/lib/services/postgresql-qdrant-sync.ts(589,13): error TS1005: ':' expected.
sveltekit-frontend/src/lib/services/postgresql-qdrant-sync.ts(595,11): error TS1134: Variable declaration expected.
sveltekit-frontend/src/lib/services/postgresql-qdrant-sync.ts(595,12): error TS1005: ',' expected.
sveltekit-frontend/src/lib/services/postgresql-qdrant-sync.ts(596,16): error TS1005: ':' expected.
sveltekit-frontend/src/lib/services/postgresql-qdrant-sync.ts(596,55): error TS1005: ',' expected.
sveltekit-frontend/src/lib/services/postgresql-qdrant-sync.ts(596,56): error TS1136: Property assignment expected.
sveltekit-frontend/src/lib/services/postgresql-qdrant-sync.ts(597,8): error TS1005: ',' expected.
sveltekit-frontend/src/lib/services/postgresql-qdrant-sync.ts(597,9): error TS1136: Property assignment expected.
sveltekit-frontend/src/lib/services/postgresql-qdrant-sync.ts(598,13): error TS1005: ':' expected.
sveltekit-frontend/src/lib/services/postgresql-qdrant-sync.ts(598,59): error TS1005: ',' expected.
sveltekit-frontend/src/lib/services/postgresql-qdrant-sync.ts(600,17): error TS1005: ',' expected.
sveltekit-frontend/src/lib/services/postgresql-qdrant-sync.ts(602,9): error TS1005: ',' expected.
sveltekit-frontend/src/lib/services/postgresql-qdrant-sync.ts(603,13): error TS1005: ':' expected.
sveltekit-frontend/src/lib/services/postgresql-qdrant-sync.ts(603,47): error TS1005: ',' expected.
sveltekit-frontend/src/lib/services/postgresql-qdrant-sync.ts(604,11): error TS1005: ':' expected.
sveltekit-frontend/src/lib/services/postgresql-qdrant-sync.ts(604,93): error TS1005: ',' expected.
sveltekit-frontend/src/lib/services/postgresql-qdrant-sync.ts(605,14): error TS1005: ':' expected.
sveltekit-frontend/src/lib/services/postgresql-qdrant-sync.ts(605,21): error TS1005: ',' expected.
sveltekit-frontend/src/lib/services/postgresql-qdrant-sync.ts(606,7): error TS1005: ';' expected.
sveltekit-frontend/src/lib/services/postgresql-qdrant-sync.ts(610,3): error TS1128: Declaration or statement expected.
sveltekit-frontend/src/lib/services/postgresql-qdrant-sync.ts(614,3): error TS1434: Unexpected keyword or identifier.
sveltekit-frontend/src/lib/services/postgresql-qdrant-sync.ts(615,28): error TS1011: An element access expression should take an argument.
sveltekit-frontend/src/lib/services/postgresql-qdrant-sync.ts(616,32): error TS1011: An element access expression should take an argument.
sveltekit-frontend/src/lib/services/postgresql-qdrant-sync.ts(622,18): error TS1109: Expression expected.
sveltekit-frontend/src/lib/services/postgresql-qdrant-sync.ts(622,23): error TS1005: ';' expected.
sveltekit-frontend/src/lib/services/postgresql-qdrant-sync.ts(624,3): error TS1128: Declaration or statement expected.
sveltekit-frontend/src/lib/services/postgresql-qdrant-sync.ts(624,4): error TS1128: Declaration or statement expected.
sveltekit-frontend/src/lib/services/postgresql-qdrant-sync.ts(624,18): error TS1109: Expression expected.
sveltekit-frontend/src/lib/services/postgresql-qdrant-sync.ts(625,9): error TS1005: ':' expected.
sveltekit-frontend/src/lib/services/postgresql-qdrant-sync.ts(627,13): error TS1005: ':' expected.
sveltekit-frontend/src/lib/services/postgresql-qdrant-sync.ts(627,65): error TS1005: ',' expected.
sveltekit-frontend/src/lib/services/postgresql-qdrant-sync.ts(628,13): error TS1005: ',' expected.
sveltekit-frontend/src/lib/services/postgresql-qdrant-sync.ts(628,18): error TS1005: ',' expected.
sveltekit-frontend/src/lib/services/postgresql-qdrant-sync.ts(630,19): error TS1136: Property assignment expected.
sveltekit-frontend/src/lib/services/postgresql-qdrant-sync.ts(631,13): error TS1005: ',' expected.
sveltekit-frontend/src/lib/services/postgresql-qdrant-sync.ts(632,17): error TS1005: ',' expected.
sveltekit-frontend/src/lib/services/postgresql-qdrant-sync.ts(633,18): error TS1005: ',' expected.
sveltekit-frontend/src/lib/services/postgresql-qdrant-sync.ts(647,9): error TS1005: ',' expected.
sveltekit-frontend/src/lib/services/postgresql-qdrant-sync.ts(647,11): error TS1135: Argument expression expected.
sveltekit-frontend/src/lib/services/postgresql-qdrant-sync.ts(647,12): error TS1135: Argument expression expected.
sveltekit-frontend/src/lib/services/postgresql-qdrant-sync.ts(648,7): error TS1135: Argument expression expected.
sveltekit-frontend/src/lib/services/postgresql-qdrant-sync.ts(648,8): error TS1005: ',' expected.
sveltekit-frontend/src/lib/services/postgresql-qdrant-sync.ts(648,9): error TS1136: Property assignment expected.
sveltekit-frontend/src/lib/services/postgresql-qdrant-sync.ts(649,11): error TS1005: ':' expected.
sveltekit-frontend/src/lib/services/postgresql-qdrant-sync.ts(649,75): error TS1005: ',' expected.
sveltekit-frontend/src/lib/services/postgresql-qdrant-sync.ts(650,7): error TS1005: ';' expected.
sveltekit-frontend/src/lib/services/postgresql-qdrant-sync.ts(653,3): error TS1128: Declaration or statement expected.
sveltekit-frontend/src/lib/services/postgresql-qdrant-sync.ts(657,3): error TS1128: Declaration or statement expected.
sveltekit-frontend/src/lib/services/postgresql-qdrant-sync.ts(657,29): error TS1005: ';' expected.
sveltekit-frontend/src/lib/services/postgresql-qdrant-sync.ts(658,11): error TS1005: ':' expected.
sveltekit-frontend/src/lib/services/postgresql-qdrant-sync.ts(658,35): error TS1005: ':' expected.
sveltekit-frontend/src/lib/services/postgresql-qdrant-sync.ts(659,11): error TS1005: ':' expected.
sveltekit-frontend/src/lib/services/postgresql-qdrant-sync.ts(659,27): error TS1005: ',' expected.
sveltekit-frontend/src/lib/services/postgresql-qdrant-sync.ts(660,9): error TS1005: ',' expected.
sveltekit-frontend/src/lib/services/postgresql-qdrant-sync.ts(660,23): error TS1109: Expression expected.
sveltekit-frontend/src/lib/services/postgresql-qdrant-sync.ts(660,26): error TS1005: ':' expected.
sveltekit-frontend/src/lib/services/postgresql-qdrant-sync.ts(661,10): error TS1359: Identifier expected. 'const' is a reserved word that cannot be used here.
sveltekit-frontend/src/lib/services/postgresql-qdrant-sync.ts(661,16): error TS1005: ',' expected.
sveltekit-frontend/src/lib/services/postgresql-qdrant-sync.ts(661,34): error TS1005: ',' expected.
sveltekit-frontend/src/lib/services/postgresql-qdrant-sync.ts(661,39): error TS1005: ',' expected.
sveltekit-frontend/src/lib/services/postgresql-qdrant-sync.ts(661,69): error TS1005: '{' expected.
sveltekit-frontend/src/lib/services/postgresql-qdrant-sync.ts(661,71): error TS1136: Property assignment expected.
sveltekit-frontend/src/lib/services/postgresql-qdrant-sync.ts(670,67): error TS1005: ')' expected.
sveltekit-frontend/src/lib/services/postgresql-qdrant-sync.ts(671,9): error TS1128: Declaration or statement expected.
sveltekit-frontend/src/lib/services/postgresql-qdrant-sync.ts(673,70): error TS1005: ')' expected.
sveltekit-frontend/src/lib/services/postgresql-qdrant-sync.ts(679,3): error TS1128: Declaration or statement expected.
sveltekit-frontend/src/lib/services/postgresql-qdrant-sync.ts(683,3): error TS1128: Declaration or statement expected.
sveltekit-frontend/src/lib/services/postgresql-qdrant-sync.ts(684,23): error TS1011: An element access expression should take an argument.
sveltekit-frontend/src/lib/services/postgresql-qdrant-sync.ts(686,13): error TS1109: Expression expected.
sveltekit-frontend/src/lib/services/postgresql-qdrant-sync.ts(686,21): error TS1005: ']' expected.
sveltekit-frontend/src/lib/services/postgresql-qdrant-sync.ts(686,30): error TS1005: ',' expected.
sveltekit-frontend/src/lib/services/postgresql-qdrant-sync.ts(686,31): error TS1136: Property assignment expected.
sveltekit-frontend/src/lib/services/postgresql-qdrant-sync.ts(687,3): error TS1109: Expression expected.
sveltekit-frontend/src/lib/services/postgresql-qdrant-sync.ts(687,4): error TS1128: Declaration or statement expected.
sveltekit-frontend/src/lib/services/postgresql-qdrant-sync.ts(687,6): error TS1434: Unexpected keyword or identifier.
sveltekit-frontend/src/lib/services/postgresql-qdrant-sync.ts(696,3): error TS1128: Declaration or statement expected.
sveltekit-frontend/src/lib/services/postgresql-qdrant-sync.ts(696,36): error TS1005: ',' expected.
sveltekit-frontend/src/lib/services/postgresql-qdrant-sync.ts(696,45): error TS1005: ']' expected.
sveltekit-frontend/src/lib/services/postgresql-qdrant-sync.ts(696,54): error TS1005: ',' expected.
sveltekit-frontend/src/lib/services/postgresql-qdrant-sync.ts(696,55): error TS1136: Property assignment expected.
sveltekit-frontend/src/lib/services/postgresql-qdrant-sync.ts(696,64): error TS1005: ';' expected.
sveltekit-frontend/src/lib/services/postgresql-qdrant-sync.ts(696,66): error TS1434: Unexpected keyword or identifier.
sveltekit-frontend/src/lib/services/postgresql-qdrant-sync.ts(718,3): error TS1128: Declaration or statement expected.
sveltekit-frontend/src/lib/services/postgresql-qdrant-sync.ts(718,45): error TS1005: ',' expected.
sveltekit-frontend/src/lib/services/postgresql-qdrant-sync.ts(718,54): error TS1005: ';' expected.
sveltekit-frontend/src/lib/services/postgresql-qdrant-sync.ts(718,56): error TS1434: Unexpected keyword or identifier.
sveltekit-frontend/src/lib/services/postgresql-qdrant-sync.ts(721,29): error TS1109: Expression expected.
sveltekit-frontend/src/lib/services/postgresql-qdrant-sync.ts(722,7): error TS1109: Expression expected.
sveltekit-frontend/src/lib/services/postgresql-qdrant-sync.ts(729,17): error TS1005: ';' expected.
sveltekit-frontend/src/lib/services/postgresql-qdrant-sync.ts(750,19): error TS1005: ';' expected.
sveltekit-frontend/src/lib/services/postgresql-qdrant-sync.ts(751,9): error TS1005: ':' expected.
sveltekit-frontend/src/lib/services/postgresql-qdrant-sync.ts(751,36): error TS1005: ',' expected.
sveltekit-frontend/src/lib/services/postgresql-qdrant-sync.ts(752,9): error TS1005: ':' expected.
sveltekit-frontend/src/lib/services/postgresql-qdrant-sync.ts(752,48): error TS1005: ',' expected.
sveltekit-frontend/src/lib/services/postgresql-qdrant-sync.ts(754,1): error TS1128: Declaration or statement expected.
sveltekit-frontend/src/lib/services/postgresql-vector-service.ts(72,45): error TS1109: Expression expected.
sveltekit-frontend/src/lib/services/postgresql-vector-service.ts(73,7): error TS1109: Expression expected.
sveltekit-frontend/src/lib/services/postgresql-vector-service.ts(85,41): error TS1109: Expression expected.
sveltekit-frontend/src/lib/services/postgresql-vector-service.ts(86,19): error TS1109: Expression expected.
sveltekit-frontend/src/lib/services/postgresql-vector-service.ts(96,43): error TS1109: Expression expected.
sveltekit-frontend/src/lib/services/postgresql-vector-service.ts(97,7): error TS1109: Expression expected.
sveltekit-frontend/src/lib/services/postgresql-vector-service.ts(98,42): error TS1109: Expression expected.
sveltekit-frontend/src/lib/services/postgresql-vector-service.ts(99,13): error TS1109: Expression expected.
sveltekit-frontend/src/lib/services/precedent-analysis-engine.ts(107,1): error TS1131: Property or signature expected.
sveltekit-frontend/src/lib/services/precedent-analysis-engine.ts(160,41): error TS1005: ';' expected.
sveltekit-frontend/src/lib/services/precedent-analysis-engine.ts(160,42): error TS1131: Property or signature expected.
sveltekit-frontend/src/lib/services/precedent-analysis-engine.ts(162,3): error TS1068: Unexpected token. A constructor, method, accessor, or property was expected.
sveltekit-frontend/src/lib/services/precedent-analysis-engine.ts(162,4): error TS1068: Unexpected token. A constructor, method, accessor, or property was expected.
sveltekit-frontend/src/lib/services/precedent-analysis-engine.ts(162,32): error TS1005: '(' expected.
sveltekit-frontend/src/lib/services/precedent-analysis-engine.ts(162,34): error TS1068: Unexpected token. A constructor, method, accessor, or property was expected.
sveltekit-frontend/src/lib/services/precedent-analysis-engine.ts(178,51): error TS1109: Expression expected.
sveltekit-frontend/src/lib/services/precedent-analysis-engine.ts(179,6): error TS1128: Declaration or statement expected.
sveltekit-frontend/src/lib/services/precedent-analysis-engine.ts(179,8): error TS1128: Declaration or statement expected.
sveltekit-frontend/src/lib/services/precedent-analysis-engine.ts(185,9): error TS1134: Variable declaration expected.
sveltekit-frontend/src/lib/services/precedent-analysis-engine.ts(190,9): error TS1134: Variable declaration expected.
sveltekit-frontend/src/lib/services/precedent-analysis-engine.ts(195,9): error TS1134: Variable declaration expected.
sveltekit-frontend/src/lib/services/precedent-analysis-engine.ts(201,9): error TS1134: Variable declaration expected.
sveltekit-frontend/src/lib/services/precedent-analysis-engine.ts(219,8): error TS1128: Declaration or statement expected.
sveltekit-frontend/src/lib/services/precedent-analysis-engine.ts(219,10): error TS1128: Declaration or statement expected.
sveltekit-frontend/src/lib/services/precedent-analysis-engine.ts(260,3): error TS1434: Unexpected keyword or identifier.
sveltekit-frontend/src/lib/services/precedent-analysis-engine.ts(263,13): error TS1109: Expression expected.
sveltekit-frontend/src/lib/services/precedent-analysis-engine.ts(264,27): error TS1109: Expression expected.
sveltekit-frontend/src/lib/services/precedent-analysis-engine.ts(265,21): error TS1109: Expression expected.
sveltekit-frontend/src/lib/services/precedent-analysis-engine.ts(265,30): error TS1011: An element access expression should take an argument.
sveltekit-frontend/src/lib/services/precedent-analysis-engine.ts(265,31): error TS1005: ';' expected.
sveltekit-frontend/src/lib/services/precedent-analysis-engine.ts(266,7): error TS2809: Declaration or statement expected. This '=' follows a block of statements, so if you intended to write a destructuring assignment, you might need to wrap the whole assignment in parentheses.
sveltekit-frontend/src/lib/services/precedent-analysis-engine.ts(267,3): error TS1128: Declaration or statement expected.
sveltekit-frontend/src/lib/services/precedent-analysis-engine.ts(267,4): error TS1128: Declaration or statement expected.
sveltekit-frontend/src/lib/services/precedent-analysis-engine.ts(268,11): error TS1005: ':' expected.
sveltekit-frontend/src/lib/services/precedent-analysis-engine.ts(272,15): error TS1005: ',' expected.
sveltekit-frontend/src/lib/services/precedent-analysis-engine.ts(272,16): error TS1136: Property assignment expected.
sveltekit-frontend/src/lib/services/precedent-analysis-engine.ts(272,18): error TS1005: ',' expected.
sveltekit-frontend/src/lib/services/precedent-analysis-engine.ts(273,13): error TS1003: Identifier expected.
sveltekit-frontend/src/lib/services/precedent-analysis-engine.ts(273,87): error TS1005: ',' expected.
sveltekit-frontend/src/lib/services/precedent-analysis-engine.ts(274,9): error TS1005: ':' expected.
sveltekit-frontend/src/lib/services/precedent-analysis-engine.ts(275,13): error TS1005: ':' expected.
sveltekit-frontend/src/lib/services/precedent-analysis-engine.ts(275,73): error TS1005: ',' expected.
sveltekit-frontend/src/lib/services/precedent-analysis-engine.ts(276,13): error TS1005: ':' expected.
sveltekit-frontend/src/lib/services/precedent-analysis-engine.ts(276,94): error TS1136: Property assignment expected.
sveltekit-frontend/src/lib/services/precedent-analysis-engine.ts(276,96): error TS1005: ',' expected.
sveltekit-frontend/src/lib/services/precedent-analysis-engine.ts(276,97): error TS1136: Property assignment expected.
sveltekit-frontend/src/lib/services/precedent-analysis-engine.ts(278,13): error TS1005: ':' expected.
sveltekit-frontend/src/lib/services/precedent-analysis-engine.ts(278,96): error TS1005: ',' expected.
sveltekit-frontend/src/lib/services/precedent-analysis-engine.ts(280,13): error TS1005: ':' expected.
sveltekit-frontend/src/lib/services/precedent-analysis-engine.ts(281,79): error TS1005: ',' expected.
sveltekit-frontend/src/lib/services/precedent-analysis-engine.ts(281,80): error TS1005: ',' expected.
sveltekit-frontend/src/lib/services/precedent-analysis-engine.ts(282,15): error TS1005: ':' expected.
sveltekit-frontend/src/lib/services/precedent-analysis-engine.ts(282,64): error TS1109: Expression expected.
sveltekit-frontend/src/lib/services/precedent-analysis-engine.ts(283,25): error TS1003: Identifier expected.
sveltekit-frontend/src/lib/services/precedent-analysis-engine.ts(283,59): error TS1005: ',' expected.
sveltekit-frontend/src/lib/services/precedent-analysis-engine.ts(284,16): error TS1005: ':' expected.
sveltekit-frontend/src/lib/services/precedent-analysis-engine.ts(284,52): error TS1005: ',' expected.
sveltekit-frontend/src/lib/services/precedent-analysis-engine.ts(285,8): error TS1005: ';' expected.
sveltekit-frontend/src/lib/services/precedent-analysis-engine.ts(288,9): error TS1128: Declaration or statement expected.
sveltekit-frontend/src/lib/services/precedent-analysis-engine.ts(292,5): error TS1128: Declaration or statement expected.
sveltekit-frontend/src/lib/services/precedent-analysis-engine.ts(292,7): error TS1005: 'try' expected.
sveltekit-frontend/src/lib/services/precedent-analysis-engine.ts(296,3): error TS1128: Declaration or statement expected.
sveltekit-frontend/src/lib/services/precedent-analysis-engine.ts(302,52): error TS1109: Expression expected.
sveltekit-frontend/src/lib/services/precedent-analysis-engine.ts(303,3): error TS1128: Declaration or statement expected.
sveltekit-frontend/src/lib/services/precedent-analysis-engine.ts(303,4): error TS1128: Declaration or statement expected.
sveltekit-frontend/src/lib/services/precedent-analysis-engine.ts(303,6): error TS1434: Unexpected keyword or identifier.
sveltekit-frontend/src/lib/services/precedent-analysis-engine.ts(321,3): error TS1434: Unexpected keyword or identifier.
sveltekit-frontend/src/lib/services/precedent-analysis-engine.ts(324,13): error TS1109: Expression expected.
sveltekit-frontend/src/lib/services/precedent-analysis-engine.ts(325,23): error TS1109: Expression expected.
sveltekit-frontend/src/lib/services/precedent-analysis-engine.ts(326,21): error TS1109: Expression expected.
sveltekit-frontend/src/lib/services/precedent-analysis-engine.ts(326,61): error TS1005: ';' expected.
sveltekit-frontend/src/lib/services/precedent-analysis-engine.ts(327,7): error TS2809: Declaration or statement expected. This '=' follows a block of statements, so if you intended to write a destructuring assignment, you might need to wrap the whole assignment in parentheses.
sveltekit-frontend/src/lib/services/precedent-analysis-engine.ts(328,3): error TS1128: Declaration or statement expected.
sveltekit-frontend/src/lib/services/precedent-analysis-engine.ts(328,4): error TS1128: Declaration or statement expected.
sveltekit-frontend/src/lib/services/precedent-analysis-engine.ts(329,11): error TS1005: ':' expected.
sveltekit-frontend/src/lib/services/precedent-analysis-engine.ts(329,76): error TS1005: ',' expected.
sveltekit-frontend/src/lib/services/precedent-analysis-engine.ts(329,78): error TS1005: ',' expected.
sveltekit-frontend/src/lib/services/precedent-analysis-engine.ts(331,7): error TS1128: Declaration or statement expected.
sveltekit-frontend/src/lib/services/precedent-analysis-engine.ts(331,11): error TS1005: ':' expected.
sveltekit-frontend/src/lib/services/precedent-analysis-engine.ts(332,9): error TS1109: Expression expected.
sveltekit-frontend/src/lib/services/precedent-analysis-engine.ts(332,16): error TS1005: ':' expected.
sveltekit-frontend/src/lib/services/precedent-analysis-engine.ts(332,49): error TS1005: ',' expected.
sveltekit-frontend/src/lib/services/precedent-analysis-engine.ts(333,11): error TS1005: ':' expected.
sveltekit-frontend/src/lib/services/precedent-analysis-engine.ts(334,9): error TS1109: Expression expected.
sveltekit-frontend/src/lib/services/precedent-analysis-engine.ts(334,16): error TS1005: ':' expected.
sveltekit-frontend/src/lib/services/precedent-analysis-engine.ts(334,79): error TS1005: ',' expected.
sveltekit-frontend/src/lib/services/precedent-analysis-engine.ts(335,11): error TS1005: ':' expected.
sveltekit-frontend/src/lib/services/precedent-analysis-engine.ts(336,9): error TS1109: Expression expected.
sveltekit-frontend/src/lib/services/precedent-analysis-engine.ts(336,16): error TS1005: ':' expected.
sveltekit-frontend/src/lib/services/precedent-analysis-engine.ts(336,59): error TS1005: ',' expected.
sveltekit-frontend/src/lib/services/precedent-analysis-engine.ts(337,11): error TS1005: ':' expected.
sveltekit-frontend/src/lib/services/precedent-analysis-engine.ts(339,9): error TS1109: Expression expected.
sveltekit-frontend/src/lib/services/precedent-analysis-engine.ts(339,16): error TS1005: ':' expected.
sveltekit-frontend/src/lib/services/precedent-analysis-engine.ts(339,79): error TS1005: ',' expected.
sveltekit-frontend/src/lib/services/precedent-analysis-engine.ts(341,9): error TS1109: Expression expected.
sveltekit-frontend/src/lib/services/precedent-analysis-engine.ts(341,14): error TS1005: ':' expected.
sveltekit-frontend/src/lib/services/precedent-analysis-engine.ts(341,20): error TS1005: ':' expected.
sveltekit-frontend/src/lib/services/precedent-analysis-engine.ts(341,65): error TS1005: ',' expected.
sveltekit-frontend/src/lib/services/precedent-analysis-engine.ts(343,3): error TS1128: Declaration or statement expected.
sveltekit-frontend/src/lib/services/precedent-analysis-engine.ts(345,3): error TS1128: Declaration or statement expected.
sveltekit-frontend/src/lib/services/precedent-analysis-engine.ts(345,11): error TS1434: Unexpected keyword or identifier.
sveltekit-frontend/src/lib/services/precedent-analysis-engine.ts(345,51): error TS1135: Argument expression expected.
sveltekit-frontend/src/lib/services/precedent-analysis-engine.ts(345,77): error TS1005: ';' expected.
sveltekit-frontend/src/lib/services/precedent-analysis-engine.ts(346,9): error TS1005: ',' expected.
sveltekit-frontend/src/lib/services/precedent-analysis-engine.ts(346,25): error TS1005: ',' expected.
sveltekit-frontend/src/lib/services/precedent-analysis-engine.ts(347,9): error TS1005: ',' expected.
sveltekit-frontend/src/lib/services/precedent-analysis-engine.ts(347,23): error TS1005: ',' expected.
sveltekit-frontend/src/lib/services/precedent-analysis-engine.ts(348,9): error TS1003: Identifier expected.
sveltekit-frontend/src/lib/services/precedent-analysis-engine.ts(352,12): error TS1005: ':' expected.
sveltekit-frontend/src/lib/services/precedent-analysis-engine.ts(352,14): error TS1136: Property assignment expected.
sveltekit-frontend/src/lib/services/precedent-analysis-engine.ts(379,3): error TS1128: Declaration or statement expected.
sveltekit-frontend/src/lib/services/precedent-analysis-engine.ts(380,3): error TS1128: Declaration or statement expected.
sveltekit-frontend/src/lib/services/precedent-analysis-engine.ts(380,11): error TS1434: Unexpected keyword or identifier.
sveltekit-frontend/src/lib/services/precedent-analysis-engine.ts(382,34): error TS1109: Expression expected.
sveltekit-frontend/src/lib/services/precedent-analysis-engine.ts(382,43): error TS1011: An element access expression should take an argument.
sveltekit-frontend/src/lib/services/precedent-analysis-engine.ts(382,60): error TS1109: Expression expected.
sveltekit-frontend/src/lib/services/precedent-analysis-engine.ts(382,73): error TS1109: Expression expected.
sveltekit-frontend/src/lib/services/precedent-analysis-engine.ts(382,81): error TS1005: ';' expected.
sveltekit-frontend/src/lib/services/precedent-analysis-engine.ts(382,90): error TS1109: Expression expected.
sveltekit-frontend/src/lib/services/precedent-analysis-engine.ts(383,3): error TS1128: Declaration or statement expected.
sveltekit-frontend/src/lib/services/precedent-analysis-engine.ts(383,4): error TS1128: Declaration or statement expected.
sveltekit-frontend/src/lib/services/precedent-analysis-engine.ts(383,22): error TS1011: An element access expression should take an argument.
sveltekit-frontend/src/lib/services/precedent-analysis-engine.ts(386,11): error TS1005: ':' expected.
sveltekit-frontend/src/lib/services/precedent-analysis-engine.ts(386,59): error TS1005: ')' expected.
sveltekit-frontend/src/lib/services/precedent-analysis-engine.ts(388,9): error TS1005: ',' expected.
sveltekit-frontend/src/lib/services/precedent-analysis-engine.ts(388,34): error TS1005: ',' expected.
sveltekit-frontend/src/lib/services/precedent-analysis-engine.ts(389,17): error TS1138: Parameter declaration expected.
sveltekit-frontend/src/lib/services/precedent-analysis-engine.ts(389,73): error TS1109: Expression expected.
sveltekit-frontend/src/lib/services/precedent-analysis-engine.ts(389,76): error TS1005: ':' expected.
sveltekit-frontend/src/lib/services/precedent-analysis-engine.ts(389,78): error TS1136: Property assignment expected.
sveltekit-frontend/src/lib/services/precedent-analysis-engine.ts(390,43): error TS1109: Expression expected.
sveltekit-frontend/src/lib/services/precedent-analysis-engine.ts(392,7): error TS1128: Declaration or statement expected.
sveltekit-frontend/src/lib/services/precedent-analysis-engine.ts(397,48): error TS1109: Expression expected.
sveltekit-frontend/src/lib/services/precedent-analysis-engine.ts(399,7): error TS1128: Declaration or statement expected.
sveltekit-frontend/src/lib/services/precedent-analysis-engine.ts(405,7): error TS1005: ')' expected.
sveltekit-frontend/src/lib/services/precedent-analysis-engine.ts(409,7): error TS1128: Declaration or statement expected.
sveltekit-frontend/src/lib/services/precedent-analysis-engine.ts(412,3): error TS1128: Declaration or statement expected.
sveltekit-frontend/src/lib/services/precedent-analysis-engine.ts(413,3): error TS1128: Declaration or statement expected.
sveltekit-frontend/src/lib/services/precedent-analysis-engine.ts(413,11): error TS1434: Unexpected keyword or identifier.
sveltekit-frontend/src/lib/services/precedent-analysis-engine.ts(415,25): error TS1011: An element access expression should take an argument.
sveltekit-frontend/src/lib/services/precedent-analysis-engine.ts(417,3): error TS1128: Declaration or statement expected.
sveltekit-frontend/src/lib/services/precedent-analysis-engine.ts(417,4): error TS1128: Declaration or statement expected.
sveltekit-frontend/src/lib/services/precedent-analysis-engine.ts(417,29): error TS1011: An element access expression should take an argument.
sveltekit-frontend/src/lib/services/precedent-analysis-engine.ts(418,11): error TS1005: ':' expected.
sveltekit-frontend/src/lib/services/precedent-analysis-engine.ts(418,38): error TS1109: Expression expected.
sveltekit-frontend/src/lib/services/precedent-analysis-engine.ts(418,39): error TS1005: ':' expected.
sveltekit-frontend/src/lib/services/precedent-analysis-engine.ts(418,41): error TS1136: Property assignment expected.
sveltekit-frontend/src/lib/services/precedent-analysis-engine.ts(418,44): error TS1109: Expression expected.
sveltekit-frontend/src/lib/services/precedent-analysis-engine.ts(418,45): error TS1005: ':' expected.
sveltekit-frontend/src/lib/services/precedent-analysis-engine.ts(419,10): error TS1359: Identifier expected. 'const' is a reserved word that cannot be used here.
sveltekit-frontend/src/lib/services/precedent-analysis-engine.ts(419,16): error TS1005: ',' expected.
sveltekit-frontend/src/lib/services/precedent-analysis-engine.ts(419,31): error TS1005: ',' expected.
sveltekit-frontend/src/lib/services/precedent-analysis-engine.ts(435,56): error TS1109: Expression expected.
sveltekit-frontend/src/lib/services/precedent-analysis-engine.ts(451,5): error TS1005: ',' expected.
sveltekit-frontend/src/lib/services/precedent-analysis-engine.ts(451,12): error TS1005: ':' expected.
sveltekit-frontend/src/lib/services/precedent-analysis-engine.ts(451,71): error TS1005: ',' expected.
sveltekit-frontend/src/lib/services/precedent-analysis-engine.ts(453,3): error TS1128: Declaration or statement expected.
sveltekit-frontend/src/lib/services/precedent-analysis-engine.ts(453,11): error TS1434: Unexpected keyword or identifier.
sveltekit-frontend/src/lib/services/precedent-analysis-engine.ts(455,32): error TS1011: An element access expression should take an argument.
sveltekit-frontend/src/lib/services/precedent-analysis-engine.ts(456,3): error TS1128: Declaration or statement expected.
sveltekit-frontend/src/lib/services/precedent-analysis-engine.ts(456,4): error TS1128: Declaration or statement expected.
sveltekit-frontend/src/lib/services/precedent-analysis-engine.ts(456,36): error TS1011: An element access expression should take an argument.
sveltekit-frontend/src/lib/services/precedent-analysis-engine.ts(457,11): error TS1005: ':' expected.
sveltekit-frontend/src/lib/services/precedent-analysis-engine.ts(457,50): error TS1109: Expression expected.
sveltekit-frontend/src/lib/services/precedent-analysis-engine.ts(457,51): error TS1005: ':' expected.
sveltekit-frontend/src/lib/services/precedent-analysis-engine.ts(457,53): error TS1136: Property assignment expected.
sveltekit-frontend/src/lib/services/precedent-analysis-engine.ts(457,56): error TS1109: Expression expected.
sveltekit-frontend/src/lib/services/precedent-analysis-engine.ts(457,57): error TS1005: ':' expected.
sveltekit-frontend/src/lib/services/precedent-analysis-engine.ts(459,11): error TS1005: ':' expected.
sveltekit-frontend/src/lib/services/precedent-analysis-engine.ts(459,56): error TS1005: ',' expected.
sveltekit-frontend/src/lib/services/precedent-analysis-engine.ts(460,16): error TS1003: Identifier expected.
sveltekit-frontend/src/lib/services/precedent-analysis-engine.ts(467,7): error TS1005: ',' expected.
sveltekit-frontend/src/lib/services/precedent-analysis-engine.ts(469,21): error TS1003: Identifier expected.
sveltekit-frontend/src/lib/services/precedent-analysis-engine.ts(483,7): error TS1005: ',' expected.
sveltekit-frontend/src/lib/services/precedent-analysis-engine.ts(484,12): error TS1005: ':' expected.
sveltekit-frontend/src/lib/services/precedent-analysis-engine.ts(484,25): error TS1005: ',' expected.
sveltekit-frontend/src/lib/services/precedent-analysis-engine.ts(486,3): error TS1128: Declaration or statement expected.
sveltekit-frontend/src/lib/services/precedent-analysis-engine.ts(486,11): error TS1434: Unexpected keyword or identifier.
sveltekit-frontend/src/lib/services/precedent-analysis-engine.ts(487,32): error TS1011: An element access expression should take an argument.
sveltekit-frontend/src/lib/services/precedent-analysis-engine.ts(488,25): error TS1011: An element access expression should take an argument.
sveltekit-frontend/src/lib/services/precedent-analysis-engine.ts(489,3): error TS1128: Declaration or statement expected.
sveltekit-frontend/src/lib/services/precedent-analysis-engine.ts(489,4): error TS1128: Declaration or statement expected.
sveltekit-frontend/src/lib/services/precedent-analysis-engine.ts(490,11): error TS1005: ':' expected.
sveltekit-frontend/src/lib/services/precedent-analysis-engine.ts(490,57): error TS1005: ',' expected.
sveltekit-frontend/src/lib/services/precedent-analysis-engine.ts(491,16): error TS1003: Identifier expected.
sveltekit-frontend/src/lib/services/precedent-analysis-engine.ts(494,7): error TS1005: ',' expected.
sveltekit-frontend/src/lib/services/precedent-analysis-engine.ts(495,11): error TS1005: ':' expected.
sveltekit-frontend/src/lib/services/precedent-analysis-engine.ts(495,76): error TS1005: ')' expected.
sveltekit-frontend/src/lib/services/precedent-analysis-engine.ts(496,7): error TS1003: Identifier expected.
sveltekit-frontend/src/lib/services/precedent-analysis-engine.ts(503,49): error TS1005: ')' expected.
sveltekit-frontend/src/lib/services/precedent-analysis-engine.ts(504,12): error TS1005: ':' expected.
sveltekit-frontend/src/lib/services/precedent-analysis-engine.ts(511,3): error TS1128: Declaration or statement expected.
sveltekit-frontend/src/lib/services/precedent-analysis-engine.ts(511,11): error TS1434: Unexpected keyword or identifier.
sveltekit-frontend/src/lib/services/precedent-analysis-engine.ts(512,20): error TS1011: An element access expression should take an argument.
sveltekit-frontend/src/lib/services/precedent-analysis-engine.ts(513,32): error TS1011: An element access expression should take an argument.
sveltekit-frontend/src/lib/services/precedent-analysis-engine.ts(514,19): error TS1109: Expression expected.
sveltekit-frontend/src/lib/services/precedent-analysis-engine.ts(515,3): error TS1128: Declaration or statement expected.
sveltekit-frontend/src/lib/services/precedent-analysis-engine.ts(515,4): error TS1128: Declaration or statement expected.
sveltekit-frontend/src/lib/services/precedent-analysis-engine.ts(515,28): error TS1011: An element access expression should take an argument.
sveltekit-frontend/src/lib/services/precedent-analysis-engine.ts(516,12): error TS1005: ':' expected.
sveltekit-frontend/src/lib/services/precedent-analysis-engine.ts(536,7): error TS1005: ')' expected.
sveltekit-frontend/src/lib/services/precedent-analysis-engine.ts(538,3): error TS1128: Declaration or statement expected.
sveltekit-frontend/src/lib/services/precedent-analysis-engine.ts(538,11): error TS1434: Unexpected keyword or identifier.
sveltekit-frontend/src/lib/services/precedent-analysis-engine.ts(538,49): error TS1135: Argument expression expected.
sveltekit-frontend/src/lib/services/precedent-analysis-engine.ts(538,66): error TS1011: An element access expression should take an argument.
sveltekit-frontend/src/lib/services/precedent-analysis-engine.ts(538,68): error TS1005: ';' expected.
sveltekit-frontend/src/lib/services/precedent-analysis-engine.ts(540,11): error TS1005: ':' expected.
sveltekit-frontend/src/lib/services/precedent-analysis-engine.ts(540,37): error TS1005: ',' expected.
sveltekit-frontend/src/lib/services/precedent-analysis-engine.ts(541,7): error TS1003: Identifier expected.
sveltekit-frontend/src/lib/services/precedent-analysis-engine.ts(543,7): error TS1003: Identifier expected.
sveltekit-frontend/src/lib/services/precedent-analysis-engine.ts(543,27): error TS1005: ',' expected.
sveltekit-frontend/src/lib/services/precedent-analysis-engine.ts(544,12): error TS1005: ':' expected.
sveltekit-frontend/src/lib/services/precedent-analysis-engine.ts(561,3): error TS1128: Declaration or statement expected.
sveltekit-frontend/src/lib/services/precedent-analysis-engine.ts(561,11): error TS1434: Unexpected keyword or identifier.
sveltekit-frontend/src/lib/services/precedent-analysis-engine.ts(563,32): error TS1011: An element access expression should take an argument.
sveltekit-frontend/src/lib/services/precedent-analysis-engine.ts(564,39): error TS1011: An element access expression should take an argument.
sveltekit-frontend/src/lib/services/precedent-analysis-engine.ts(565,3): error TS1128: Declaration or statement expected.
sveltekit-frontend/src/lib/services/precedent-analysis-engine.ts(565,4): error TS1128: Declaration or statement expected.
sveltekit-frontend/src/lib/services/precedent-analysis-engine.ts(565,30): error TS1011: An element access expression should take an argument.
sveltekit-frontend/src/lib/services/precedent-analysis-engine.ts(566,11): error TS1005: ':' expected.
sveltekit-frontend/src/lib/services/precedent-analysis-engine.ts(566,49): error TS1005: ',' expected.
sveltekit-frontend/src/lib/services/precedent-analysis-engine.ts(567,12): error TS1005: ':' expected.
sveltekit-frontend/src/lib/services/precedent-analysis-engine.ts(576,6): error TS1005: ',' expected.
sveltekit-frontend/src/lib/services/precedent-analysis-engine.ts(578,3): error TS1128: Declaration or statement expected.
sveltekit-frontend/src/lib/services/precedent-analysis-engine.ts(579,32): error TS1011: An element access expression should take an argument.
sveltekit-frontend/src/lib/services/precedent-analysis-engine.ts(580,39): error TS1011: An element access expression should take an argument.
sveltekit-frontend/src/lib/services/precedent-analysis-engine.ts(582,3): error TS1128: Declaration or statement expected.
sveltekit-frontend/src/lib/services/precedent-analysis-engine.ts(582,4): error TS1128: Declaration or statement expected.
sveltekit-frontend/src/lib/services/precedent-analysis-engine.ts(582,6): error TS1434: Unexpected keyword or identifier.
sveltekit-frontend/src/lib/services/precedent-analysis-engine.ts(583,54): error TS1109: Expression expected.
sveltekit-frontend/src/lib/services/precedent-analysis-engine.ts(584,84): error TS1109: Expression expected.
sveltekit-frontend/src/lib/services/precedent-analysis-engine.ts(585,54): error TS1109: Expression expected.
sveltekit-frontend/src/lib/services/precedent-analysis-engine.ts(586,78): error TS1109: Expression expected.
sveltekit-frontend/src/lib/services/precedent-analysis-engine.ts(587,84): error TS1109: Expression expected.
sveltekit-frontend/src/lib/services/precedent-analysis-engine.ts(588,58): error TS1109: Expression expected.
sveltekit-frontend/src/lib/services/precedent-analysis-engine.ts(591,3): error TS1128: Declaration or statement expected.
sveltekit-frontend/src/lib/services/precedent-analysis-engine.ts(591,52): error TS1135: Argument expression expected.
sveltekit-frontend/src/lib/services/precedent-analysis-engine.ts(591,69): error TS1005: ',' expected.
sveltekit-frontend/src/lib/services/precedent-analysis-engine.ts(591,80): error TS1005: ';' expected.
sveltekit-frontend/src/lib/services/precedent-analysis-engine.ts(591,92): error TS1005: ';' expected.
sveltekit-frontend/src/lib/services/precedent-analysis-engine.ts(598,3): error TS1128: Declaration or statement expected.
sveltekit-frontend/src/lib/services/precedent-analysis-engine.ts(598,48): error TS1135: Argument expression expected.
sveltekit-frontend/src/lib/services/precedent-analysis-engine.ts(598,65): error TS1005: ',' expected.
sveltekit-frontend/src/lib/services/precedent-analysis-engine.ts(598,76): error TS1005: ';' expected.
sveltekit-frontend/src/lib/services/precedent-analysis-engine.ts(598,88): error TS1005: ';' expected.
sveltekit-frontend/src/lib/services/precedent-analysis-engine.ts(605,3): error TS1128: Declaration or statement expected.
sveltekit-frontend/src/lib/services/precedent-analysis-engine.ts(605,37): error TS1135: Argument expression expected.
sveltekit-frontend/src/lib/services/precedent-analysis-engine.ts(605,72): error TS1005: ',' expected.
sveltekit-frontend/src/lib/services/precedent-analysis-engine.ts(605,98): error TS1005: ',' expected.
sveltekit-frontend/src/lib/services/precedent-analysis-engine.ts(605,109): error TS1005: ';' expected.
sveltekit-frontend/src/lib/services/precedent-analysis-engine.ts(605,111): error TS1434: Unexpected keyword or identifier.
sveltekit-frontend/src/lib/services/precedent-analysis-engine.ts(627,3): error TS1128: Declaration or statement expected.
sveltekit-frontend/src/lib/services/precedent-analysis-engine.ts(627,34): error TS1135: Argument expression expected.
sveltekit-frontend/src/lib/services/precedent-analysis-engine.ts(627,69): error TS1005: ',' expected.
sveltekit-frontend/src/lib/services/precedent-analysis-engine.ts(627,79): error TS1005: ';' expected.
sveltekit-frontend/src/lib/services/precedent-analysis-engine.ts(627,81): error TS1434: Unexpected keyword or identifier.
sveltekit-frontend/src/lib/services/precedent-analysis-engine.ts(631,3): error TS1128: Declaration or statement expected.
sveltekit-frontend/src/lib/services/precedent-analysis-engine.ts(631,39): error TS1109: Expression expected.
sveltekit-frontend/src/lib/services/precedent-analysis-engine.ts(633,11): error TS1005: ':' expected.
sveltekit-frontend/src/lib/services/precedent-analysis-engine.ts(633,35): error TS1109: Expression expected.
sveltekit-frontend/src/lib/services/precedent-analysis-engine.ts(633,37): error TS1005: ':' expected.
sveltekit-frontend/src/lib/services/precedent-analysis-engine.ts(670,6): error TS1005: ',' expected.
sveltekit-frontend/src/lib/services/precedent-analysis-engine.ts(671,17): error TS1003: Identifier expected.
sveltekit-frontend/src/lib/services/precedent-analysis-engine.ts(673,7): error TS1005: ',' expected.
sveltekit-frontend/src/lib/services/precedent-analysis-engine.ts(674,13): error TS1003: Identifier expected.
sveltekit-frontend/src/lib/services/precedent-analysis-engine.ts(674,86): error TS1005: ',' expected.
sveltekit-frontend/src/lib/services/precedent-analysis-engine.ts(676,1): error TS1128: Declaration or statement expected.
sveltekit-frontend/src/lib/services/predictive-analytics-service.ts(7,1): error TS1128: Declaration or statement expected.
sveltekit-frontend/src/lib/services/predictive-analytics-service.ts(31,1): error TS1128: Declaration or statement expected.
sveltekit-frontend/src/lib/services/predictive-analytics-service.ts(80,49): error TS1005: ',' expected.
sveltekit-frontend/src/lib/services/predictive-analytics-service.ts(83,5): error TS1135: Argument expression expected.
sveltekit-frontend/src/lib/services/predictive-analytics-service.ts(86,32): error TS1005: ',' expected.
sveltekit-frontend/src/lib/services/predictive-analytics-service.ts(99,31): error TS1136: Property assignment expected.
sveltekit-frontend/src/lib/services/predictive-analytics-service.ts(103,9): error TS1136: Property assignment expected.
sveltekit-frontend/src/lib/services/predictive-analytics-service.ts(104,8): error TS1472: 'catch' or 'finally' expected.
sveltekit-frontend/src/lib/services/predictive-analytics-service.ts(106,51): error TS1136: Property assignment expected.
sveltekit-frontend/src/lib/services/predictive-analytics-service.ts(121,3): error TS1128: Declaration or statement expected.
sveltekit-frontend/src/lib/services/predictive-analytics-service.ts(121,11): error TS1434: Unexpected keyword or identifier.
sveltekit-frontend/src/lib/services/predictive-analytics-service.ts(121,48): error TS1135: Argument expression expected.
sveltekit-frontend/src/lib/services/predictive-analytics-service.ts(121,54): error TS1005: ';' expected.
sveltekit-frontend/src/lib/services/predictive-analytics-service.ts(121,79): error TS1011: An element access expression should take an argument.
sveltekit-frontend/src/lib/services/predictive-analytics-service.ts(122,11): error TS1005: ':' expected.
sveltekit-frontend/src/lib/services/predictive-analytics-service.ts(122,38): error TS1109: Expression expected.
sveltekit-frontend/src/lib/services/predictive-analytics-service.ts(122,39): error TS1005: ':' expected.
sveltekit-frontend/src/lib/services/predictive-analytics-service.ts(122,41): error TS1136: Property assignment expected.
sveltekit-frontend/src/lib/services/predictive-analytics-service.ts(122,44): error TS1109: Expression expected.
sveltekit-frontend/src/lib/services/predictive-analytics-service.ts(122,45): error TS1005: ':' expected.
sveltekit-frontend/src/lib/services/predictive-analytics-service.ts(124,18): error TS1138: Parameter declaration expected.
sveltekit-frontend/src/lib/services/predictive-analytics-service.ts(124,37): error TS1109: Expression expected.
sveltekit-frontend/src/lib/services/predictive-analytics-service.ts(124,40): error TS1005: ':' expected.
sveltekit-frontend/src/lib/services/predictive-analytics-service.ts(124,42): error TS1136: Property assignment expected.
sveltekit-frontend/src/lib/services/predictive-analytics-service.ts(125,81): error TS1109: Expression expected.
sveltekit-frontend/src/lib/services/predictive-analytics-service.ts(126,43): error TS1005: ';' expected.
sveltekit-frontend/src/lib/services/predictive-analytics-service.ts(126,45): error TS1161: Unterminated regular expression literal.
sveltekit-frontend/src/lib/services/predictive-analytics-service.ts(137,68): error TS1109: Expression expected.
sveltekit-frontend/src/lib/services/predictive-analytics-service.ts(138,44): error TS1005: ';' expected.
sveltekit-frontend/src/lib/services/predictive-analytics-service.ts(138,45): error TS1128: Declaration or statement expected.
sveltekit-frontend/src/lib/services/predictive-analytics-service.ts(147,64): error TS1005: ')' expected.
sveltekit-frontend/src/lib/services/predictive-analytics-service.ts(149,3): error TS1128: Declaration or statement expected.
sveltekit-frontend/src/lib/services/predictive-analytics-service.ts(153,3): error TS1128: Declaration or statement expected.
sveltekit-frontend/src/lib/services/predictive-analytics-service.ts(153,11): error TS1434: Unexpected keyword or identifier.
sveltekit-frontend/src/lib/services/predictive-analytics-service.ts(153,54): error TS1135: Argument expression expected.
sveltekit-frontend/src/lib/services/predictive-analytics-service.ts(153,68): error TS1011: An element access expression should take an argument.
sveltekit-frontend/src/lib/services/predictive-analytics-service.ts(153,79): error TS1005: ',' expected.
sveltekit-frontend/src/lib/services/predictive-analytics-service.ts(153,96): error TS1109: Expression expected.
sveltekit-frontend/src/lib/services/predictive-analytics-service.ts(153,97): error TS1109: Expression expected.
sveltekit-frontend/src/lib/services/predictive-analytics-service.ts(153,99): error TS1005: ';' expected.
sveltekit-frontend/src/lib/services/predictive-analytics-service.ts(155,11): error TS1005: ':' expected.
sveltekit-frontend/src/lib/services/predictive-analytics-service.ts(155,55): error TS1109: Expression expected.
sveltekit-frontend/src/lib/services/predictive-analytics-service.ts(156,20): error TS1003: Identifier expected.
sveltekit-frontend/src/lib/services/predictive-analytics-service.ts(157,30): error TS1136: Property assignment expected.
sveltekit-frontend/src/lib/services/predictive-analytics-service.ts(157,31): error TS1136: Property assignment expected.
sveltekit-frontend/src/lib/services/predictive-analytics-service.ts(157,34): error TS1005: ':' expected.
sveltekit-frontend/src/lib/services/predictive-analytics-service.ts(159,11): error TS1005: ':' expected.
sveltekit-frontend/src/lib/services/predictive-analytics-service.ts(159,106): error TS1005: ',' expected.
sveltekit-frontend/src/lib/services/predictive-analytics-service.ts(161,11): error TS1005: ':' expected.
sveltekit-frontend/src/lib/services/predictive-analytics-service.ts(161,53): error TS1005: ',' expected.
sveltekit-frontend/src/lib/services/predictive-analytics-service.ts(163,11): error TS1005: ':' expected.
sveltekit-frontend/src/lib/services/predictive-analytics-service.ts(163,95): error TS1005: ',' expected.
sveltekit-frontend/src/lib/services/predictive-analytics-service.ts(165,12): error TS1005: ':' expected.
sveltekit-frontend/src/lib/services/predictive-analytics-service.ts(165,72): error TS1005: ')' expected.
sveltekit-frontend/src/lib/services/predictive-analytics-service.ts(170,3): error TS1128: Declaration or statement expected.
sveltekit-frontend/src/lib/services/predictive-analytics-service.ts(170,11): error TS1434: Unexpected keyword or identifier.
sveltekit-frontend/src/lib/services/predictive-analytics-service.ts(170,37): error TS1135: Argument expression expected.
sveltekit-frontend/src/lib/services/predictive-analytics-service.ts(170,54): error TS1011: An element access expression should take an argument.
sveltekit-frontend/src/lib/services/predictive-analytics-service.ts(170,56): error TS1005: ';' expected.
sveltekit-frontend/src/lib/services/predictive-analytics-service.ts(171,9): error TS1005: ':' expected.
sveltekit-frontend/src/lib/services/predictive-analytics-service.ts(173,13): error TS1005: ':' expected.
sveltekit-frontend/src/lib/services/predictive-analytics-service.ts(176,31): error TS1136: Property assignment expected.
sveltekit-frontend/src/lib/services/predictive-analytics-service.ts(182,9): error TS1005: ',' expected.
sveltekit-frontend/src/lib/services/predictive-analytics-service.ts(183,13): error TS1005: ':' expected.
sveltekit-frontend/src/lib/services/predictive-analytics-service.ts(183,41): error TS1005: ',' expected.
sveltekit-frontend/src/lib/services/predictive-analytics-service.ts(184,13): error TS1005: ':' expected.
sveltekit-frontend/src/lib/services/predictive-analytics-service.ts(184,82): error TS1005: ',' expected.
sveltekit-frontend/src/lib/services/predictive-analytics-service.ts(185,14): error TS1005: ':' expected.
sveltekit-frontend/src/lib/services/predictive-analytics-service.ts(185,51): error TS1005: ',' expected.
sveltekit-frontend/src/lib/services/predictive-analytics-service.ts(186,7): error TS1005: ',' expected.
sveltekit-frontend/src/lib/services/predictive-analytics-service.ts(193,3): error TS1128: Declaration or statement expected.
sveltekit-frontend/src/lib/services/predictive-analytics-service.ts(193,43): error TS1135: Argument expression expected.
sveltekit-frontend/src/lib/services/predictive-analytics-service.ts(193,59): error TS1005: ',' expected.
sveltekit-frontend/src/lib/services/predictive-analytics-service.ts(193,69): error TS1005: ';' expected.
sveltekit-frontend/src/lib/services/predictive-analytics-service.ts(193,107): error TS1005: ';' expected.
sveltekit-frontend/src/lib/services/predictive-analytics-service.ts(219,3): error TS1128: Declaration or statement expected.
sveltekit-frontend/src/lib/services/predictive-analytics-service.ts(219,43): error TS1135: Argument expression expected.
sveltekit-frontend/src/lib/services/predictive-analytics-service.ts(219,65): error TS1005: ',' expected.
sveltekit-frontend/src/lib/services/predictive-analytics-service.ts(219,75): error TS1005: ';' expected.
sveltekit-frontend/src/lib/services/predictive-analytics-service.ts(219,119): error TS1005: ';' expected.
sveltekit-frontend/src/lib/services/predictive-analytics-service.ts(226,3): error TS1128: Declaration or statement expected.
sveltekit-frontend/src/lib/services/predictive-analytics-service.ts(226,35): error TS1135: Argument expression expected.
sveltekit-frontend/src/lib/services/predictive-analytics-service.ts(226,52): error TS1011: An element access expression should take an argument.
sveltekit-frontend/src/lib/services/predictive-analytics-service.ts(226,54): error TS1005: ';' expected.
sveltekit-frontend/src/lib/services/predictive-analytics-service.ts(226,95): error TS1109: Expression expected.
sveltekit-frontend/src/lib/services/predictive-analytics-service.ts(226,97): error TS1005: ';' expected.
sveltekit-frontend/src/lib/services/predictive-analytics-service.ts(233,3): error TS1128: Declaration or statement expected.
sveltekit-frontend/src/lib/services/predictive-analytics-service.ts(233,11): error TS1434: Unexpected keyword or identifier.
sveltekit-frontend/src/lib/services/predictive-analytics-service.ts(233,52): error TS1135: Argument expression expected.
sveltekit-frontend/src/lib/services/predictive-analytics-service.ts(233,58): error TS1005: ';' expected.
sveltekit-frontend/src/lib/services/predictive-analytics-service.ts(235,12): error TS1005: ':' expected.
sveltekit-frontend/src/lib/services/predictive-analytics-service.ts(242,3): error TS1128: Declaration or statement expected.
sveltekit-frontend/src/lib/services/predictive-analytics-service.ts(242,11): error TS1434: Unexpected keyword or identifier.
sveltekit-frontend/src/lib/services/predictive-analytics-service.ts(242,40): error TS1109: Expression expected.
sveltekit-frontend/src/lib/services/predictive-analytics-service.ts(242,62): error TS1011: An element access expression should take an argument.
sveltekit-frontend/src/lib/services/predictive-analytics-service.ts(243,12): error TS1005: ':' expected.
sveltekit-frontend/src/lib/services/predictive-analytics-service.ts(251,6): error TS1005: ',' expected.
sveltekit-frontend/src/lib/services/predictive-analytics-service.ts(253,3): error TS1128: Declaration or statement expected.
sveltekit-frontend/src/lib/services/predictive-analytics-service.ts(253,45): error TS1135: Argument expression expected.
sveltekit-frontend/src/lib/services/predictive-analytics-service.ts(253,61): error TS1005: ',' expected.
sveltekit-frontend/src/lib/services/predictive-analytics-service.ts(253,71): error TS1005: ';' expected.
sveltekit-frontend/src/lib/services/predictive-analytics-service.ts(253,73): error TS1434: Unexpected keyword or identifier.
sveltekit-frontend/src/lib/services/predictive-analytics-service.ts(265,1): error TS1128: Declaration or statement expected.
sveltekit-frontend/src/lib/services/predictive-asset-engine.ts(11,1): error TS1128: Declaration or statement expected.
sveltekit-frontend/src/lib/services/predictive-asset-engine.ts(17,1): error TS1128: Declaration or statement expected.
sveltekit-frontend/src/lib/services/predictive-asset-engine.ts(24,1): error TS1128: Declaration or statement expected.
sveltekit-frontend/src/lib/services/predictive-asset-engine.ts(32,19): error TS1110: Type expected.
sveltekit-frontend/src/lib/services/predictive-asset-engine.ts(37,42): error TS1005: ';' expected.
sveltekit-frontend/src/lib/services/predictive-asset-engine.ts(48,64): error TS1134: Variable declaration expected.
sveltekit-frontend/src/lib/services/predictive-asset-engine.ts(48,70): error TS1005: '>' expected.
sveltekit-frontend/src/lib/services/predictive-asset-engine.ts(70,57): error TS1005: '>' expected.
sveltekit-frontend/src/lib/services/predictive-asset-engine.ts(131,32): error TS1138: Parameter declaration expected.
sveltekit-frontend/src/lib/services/predictive-asset-engine.ts(131,171): error TS1144: '{' or ';' expected.
sveltekit-frontend/src/lib/services/predictive-asset-engine.ts(131,175): error TS1005: ';' expected.
sveltekit-frontend/src/lib/services/predictive-asset-engine.ts(142,3): error TS1128: Declaration or statement expected.
sveltekit-frontend/src/lib/services/predictive-asset-engine.ts(142,32): error TS1135: Argument expression expected.
sveltekit-frontend/src/lib/services/predictive-asset-engine.ts(142,49): error TS1005: ',' expected.
sveltekit-frontend/src/lib/services/predictive-asset-engine.ts(142,78): error TS1005: ',' expected.
sveltekit-frontend/src/lib/services/predictive-asset-engine.ts(142,172): error TS1005: ';' expected.
sveltekit-frontend/src/lib/services/predictive-asset-engine.ts(142,190): error TS1011: An element access expression should take an argument.
sveltekit-frontend/src/lib/services/predictive-asset-engine.ts(142,192): error TS1005: ';' expected.
sveltekit-frontend/src/lib/services/predictive-asset-engine.ts(145,97): error TS1109: Expression expected.
sveltekit-frontend/src/lib/services/predictive-asset-engine.ts(149,131): error TS1005: ')' expected.
sveltekit-frontend/src/lib/services/predictive-asset-engine.ts(154,3): error TS1128: Declaration or statement expected.
sveltekit-frontend/src/lib/services/predictive-asset-engine.ts(154,18): error TS1135: Argument expression expected.
sveltekit-frontend/src/lib/services/predictive-asset-engine.ts(154,27): error TS1005: ';' expected.
sveltekit-frontend/src/lib/services/predictive-asset-engine.ts(154,29): error TS1434: Unexpected keyword or identifier.
sveltekit-frontend/src/lib/services/predictive-asset-engine.ts(156,76): error TS1109: Expression expected.
sveltekit-frontend/src/lib/services/predictive-asset-engine.ts(157,5): error TS1109: Expression expected.
sveltekit-frontend/src/lib/services/predictive-asset-engine.ts(160,3): error TS1128: Declaration or statement expected.
sveltekit-frontend/src/lib/services/predictive-asset-engine.ts(162,3): error TS1128: Declaration or statement expected.
sveltekit-frontend/src/lib/services/predictive-asset-engine.ts(162,11): error TS1434: Unexpected keyword or identifier.
sveltekit-frontend/src/lib/services/predictive-asset-engine.ts(162,30): error TS1109: Expression expected.
sveltekit-frontend/src/lib/services/predictive-asset-engine.ts(163,12): error TS1005: ':' expected.
sveltekit-frontend/src/lib/services/predictive-asset-engine.ts(163,30): error TS1005: ',' expected.
sveltekit-frontend/src/lib/services/predictive-asset-engine.ts(166,27): error TS1135: Argument expression expected.
sveltekit-frontend/src/lib/services/predictive-asset-engine.ts(166,120): error TS1005: ';' expected.
sveltekit-frontend/src/lib/services/predictive-asset-engine.ts(167,9): error TS1005: ':' expected.
sveltekit-frontend/src/lib/services/predictive-asset-engine.ts(167,33): error TS1005: ',' expected.
sveltekit-frontend/src/lib/services/predictive-asset-engine.ts(169,1): error TS1128: Declaration or statement expected.
sveltekit-frontend/src/lib/services/predictive-asset-engine.ts(188,54): error TS1109: Expression expected.
sveltekit-frontend/src/lib/services/predictive-asset-engine.ts(260,70): error TS1005: '>' expected.
sveltekit-frontend/src/lib/services/predictive-asset-engine.ts(314,70): error TS1005: ')' expected.
sveltekit-frontend/src/lib/services/predictive-asset-engine.ts(324,39): error TS1109: Expression expected.
sveltekit-frontend/src/lib/services/predictive-asset-engine.ts(331,71): error TS1005: ')' expected.
sveltekit-frontend/src/lib/services/predictive-asset-engine.ts(558,57): error TS1005: ')' expected.
sveltekit-frontend/src/lib/services/predictive-asset-engine.ts(596,3): error TS1068: Unexpected token. A constructor, method, accessor, or property was expected.
sveltekit-frontend/src/lib/services/predictive-asset-engine.ts(596,4): error TS1068: Unexpected token. A constructor, method, accessor, or property was expected.
sveltekit-frontend/src/lib/services/predictive-asset-engine.ts(596,30): error TS1005: '(' expected.
sveltekit-frontend/src/lib/services/predictive-asset-engine.ts(596,32): error TS1068: Unexpected token. A constructor, method, accessor, or property was expected.
sveltekit-frontend/src/lib/services/predictive-asset-engine.ts(632,3): error TS1128: Declaration or statement expected.
sveltekit-frontend/src/lib/services/predictive-asset-engine.ts(632,11): error TS1434: Unexpected keyword or identifier.
sveltekit-frontend/src/lib/services/predictive-asset-engine.ts(632,47): error TS1005: ',' expected.
sveltekit-frontend/src/lib/services/predictive-asset-engine.ts(632,63): error TS1005: ',' expected.
sveltekit-frontend/src/lib/services/predictive-asset-engine.ts(632,80): error TS1005: ',' expected.
sveltekit-frontend/src/lib/services/predictive-asset-engine.ts(632,86): error TS1005: ';' expected.
sveltekit-frontend/src/lib/services/predictive-asset-engine.ts(633,11): error TS1005: ':' expected.
sveltekit-frontend/src/lib/services/predictive-asset-engine.ts(633,66): error TS1005: ',' expected.
sveltekit-frontend/src/lib/services/predictive-asset-engine.ts(634,9): error TS1003: Identifier expected.
sveltekit-frontend/src/lib/services/predictive-asset-engine.ts(634,23): error TS1005: '{' expected.
sveltekit-frontend/src/lib/services/predictive-asset-engine.ts(634,30): error TS1005: ':' expected.
sveltekit-frontend/src/lib/services/predictive-asset-engine.ts(634,43): error TS1005: ',' expected.
sveltekit-frontend/src/lib/services/predictive-asset-engine.ts(635,9): error TS1005: ',' expected.
sveltekit-frontend/src/lib/services/predictive-asset-engine.ts(635,35): error TS1005: ',' expected.
sveltekit-frontend/src/lib/services/predictive-asset-engine.ts(636,9): error TS1005: ',' expected.
sveltekit-frontend/src/lib/services/predictive-asset-engine.ts(636,29): error TS1005: ',' expected.
sveltekit-frontend/src/lib/services/predictive-asset-engine.ts(637,10): error TS1359: Identifier expected. 'const' is a reserved word that cannot be used here.
sveltekit-frontend/src/lib/services/predictive-asset-engine.ts(637,16): error TS1005: ',' expected.
sveltekit-frontend/src/lib/services/predictive-asset-engine.ts(637,41): error TS1005: ',' expected.
sveltekit-frontend/src/lib/services/predictive-asset-engine.ts(637,44): error TS1005: ',' expected.
sveltekit-frontend/src/lib/services/predictive-asset-engine.ts(637,55): error TS1005: ',' expected.
sveltekit-frontend/src/lib/services/predictive-asset-engine.ts(637,65): error TS1005: ',' expected.
sveltekit-frontend/src/lib/services/predictive-asset-engine.ts(637,67): error TS1136: Property assignment expected.
sveltekit-frontend/src/lib/services/predictive-asset-engine.ts(648,32): error TS1109: Expression expected.
sveltekit-frontend/src/lib/services/predictive-asset-engine.ts(659,3): error TS1128: Declaration or statement expected.
sveltekit-frontend/src/lib/services/predictive-asset-engine.ts(663,3): error TS1128: Declaration or statement expected.
sveltekit-frontend/src/lib/services/predictive-asset-engine.ts(663,11): error TS1434: Unexpected keyword or identifier.
sveltekit-frontend/src/lib/services/predictive-asset-engine.ts(663,48): error TS1005: ',' expected.
sveltekit-frontend/src/lib/services/predictive-asset-engine.ts(663,54): error TS1005: ';' expected.
sveltekit-frontend/src/lib/services/predictive-asset-engine.ts(663,71): error TS1011: An element access expression should take an argument.
sveltekit-frontend/src/lib/services/predictive-asset-engine.ts(664,9): error TS1005: ':' expected.
sveltekit-frontend/src/lib/services/predictive-asset-engine.ts(666,13): error TS1005: ':' expected.
sveltekit-frontend/src/lib/services/predictive-asset-engine.ts(666,112): error TS1005: ',' expected.
sveltekit-frontend/src/lib/services/predictive-asset-engine.ts(667,13): error TS1005: ':' expected.
sveltekit-frontend/src/lib/services/predictive-asset-engine.ts(667,74): error TS1005: ',' expected.
sveltekit-frontend/src/lib/services/predictive-asset-engine.ts(669,13): error TS1005: ':' expected.
sveltekit-frontend/src/lib/services/predictive-asset-engine.ts(669,66): error TS1005: ',' expected.
sveltekit-frontend/src/lib/services/predictive-asset-engine.ts(671,14): error TS1005: ':' expected.
sveltekit-frontend/src/lib/services/predictive-asset-engine.ts(671,42): error TS1005: ',' expected.
sveltekit-frontend/src/lib/services/predictive-asset-engine.ts(672,7): error TS1005: ',' expected.
sveltekit-frontend/src/lib/services/predictive-asset-engine.ts(680,3): error TS1128: Declaration or statement expected.
sveltekit-frontend/src/lib/services/predictive-asset-engine.ts(680,11): error TS1434: Unexpected keyword or identifier.
sveltekit-frontend/src/lib/services/predictive-asset-engine.ts(680,46): error TS1005: ',' expected.
sveltekit-frontend/src/lib/services/predictive-asset-engine.ts(680,55): error TS1005: ';' expected.
sveltekit-frontend/src/lib/services/predictive-asset-engine.ts(680,72): error TS1011: An element access expression should take an argument.
sveltekit-frontend/src/lib/services/predictive-asset-engine.ts(682,11): error TS1005: ':' expected.
sveltekit-frontend/src/lib/services/predictive-asset-engine.ts(682,45): error TS1005: ',' expected.
sveltekit-frontend/src/lib/services/predictive-asset-engine.ts(683,11): error TS1005: ':' expected.
sveltekit-frontend/src/lib/services/predictive-asset-engine.ts(683,48): error TS1005: ',' expected.
sveltekit-frontend/src/lib/services/predictive-asset-engine.ts(684,10): error TS1005: ',' expected.
sveltekit-frontend/src/lib/services/predictive-asset-engine.ts(688,7): error TS1005: ',' expected.
sveltekit-frontend/src/lib/services/predictive-asset-engine.ts(690,11): error TS1005: ':' expected.
sveltekit-frontend/src/lib/services/predictive-asset-engine.ts(690,83): error TS1005: ')' expected.
sveltekit-frontend/src/lib/services/predictive-asset-engine.ts(691,12): error TS1005: ':' expected.
sveltekit-frontend/src/lib/services/predictive-asset-engine.ts(691,77): error TS1005: ',' expected.
sveltekit-frontend/src/lib/services/predictive-asset-engine.ts(697,3): error TS1128: Declaration or statement expected.
sveltekit-frontend/src/lib/services/predictive-asset-engine.ts(697,36): error TS1005: ',' expected.
sveltekit-frontend/src/lib/services/predictive-asset-engine.ts(697,58): error TS1005: ',' expected.
sveltekit-frontend/src/lib/services/predictive-asset-engine.ts(697,67): error TS1011: An element access expression should take an argument.
sveltekit-frontend/src/lib/services/predictive-asset-engine.ts(697,77): error TS1005: ',' expected.
sveltekit-frontend/src/lib/services/predictive-asset-engine.ts(697,83): error TS1005: ';' expected.
sveltekit-frontend/src/lib/services/predictive-asset-engine.ts(697,85): error TS1434: Unexpected keyword or identifier.
sveltekit-frontend/src/lib/services/predictive-asset-engine.ts(700,57): error TS1005: ')' expected.
sveltekit-frontend/src/lib/services/predictive-asset-engine.ts(704,64): error TS1005: ')' expected.
sveltekit-frontend/src/lib/services/predictive-asset-engine.ts(705,64): error TS1005: ')' expected.
sveltekit-frontend/src/lib/services/predictive-asset-engine.ts(715,7): error TS1005: ',' expected.
sveltekit-frontend/src/lib/services/predictive-asset-engine.ts(721,35): error TS1109: Expression expected.
sveltekit-frontend/src/lib/services/predictive-asset-engine.ts(722,7): error TS1109: Expression expected.
sveltekit-frontend/src/lib/services/predictive-asset-engine.ts(727,77): error TS1005: ')' expected.
sveltekit-frontend/src/lib/services/predictive-asset-engine.ts(729,78): error TS1005: ')' expected.
sveltekit-frontend/src/lib/services/predictive-asset-engine.ts(735,3): error TS1128: Declaration or statement expected.
sveltekit-frontend/src/lib/services/predictive-asset-engine.ts(735,27): error TS1005: ',' expected.
sveltekit-frontend/src/lib/services/predictive-asset-engine.ts(735,42): error TS1005: ',' expected.
sveltekit-frontend/src/lib/services/predictive-asset-engine.ts(735,55): error TS1005: ';' expected.
sveltekit-frontend/src/lib/services/predictive-asset-engine.ts(735,57): error TS1434: Unexpected keyword or identifier.
sveltekit-frontend/src/lib/services/predictive-asset-engine.ts(740,39): error TS1109: Expression expected.
sveltekit-frontend/src/lib/services/predictive-asset-engine.ts(741,7): error TS1109: Expression expected.
sveltekit-frontend/src/lib/services/predictive-asset-engine.ts(741,63): error TS1005: ')' expected.
sveltekit-frontend/src/lib/services/predictive-asset-engine.ts(742,63): error TS1005: ')' expected.
sveltekit-frontend/src/lib/services/predictive-asset-engine.ts(755,3): error TS1128: Declaration or statement expected.
sveltekit-frontend/src/lib/services/predictive-asset-engine.ts(755,21): error TS1005: ',' expected.
sveltekit-frontend/src/lib/services/predictive-asset-engine.ts(755,30): error TS1005: ';' expected.
sveltekit-frontend/src/lib/services/predictive-asset-engine.ts(755,32): error TS1434: Unexpected keyword or identifier.
sveltekit-frontend/src/lib/services/predictive-asset-engine.ts(763,3): error TS1128: Declaration or statement expected.
sveltekit-frontend/src/lib/services/predictive-asset-engine.ts(763,11): error TS1434: Unexpected keyword or identifier.
sveltekit-frontend/src/lib/services/predictive-asset-engine.ts(763,51): error TS1005: ',' expected.
sveltekit-frontend/src/lib/services/predictive-asset-engine.ts(763,69): error TS1005: ';' expected.
sveltekit-frontend/src/lib/services/predictive-asset-engine.ts(763,83): error TS1109: Expression expected.
sveltekit-frontend/src/lib/services/predictive-asset-engine.ts(764,11): error TS1005: ':' expected.
sveltekit-frontend/src/lib/services/predictive-asset-engine.ts(764,22): error TS1005: ',' expected.
sveltekit-frontend/src/lib/services/predictive-asset-engine.ts(764,39): error TS1005: ',' expected.
sveltekit-frontend/src/lib/services/predictive-asset-engine.ts(764,40): error TS1109: Expression expected.
sveltekit-frontend/src/lib/services/predictive-asset-engine.ts(764,42): error TS1005: ':' expected.
sveltekit-frontend/src/lib/services/predictive-asset-engine.ts(764,46): error TS1005: ',' expected.
sveltekit-frontend/src/lib/services/predictive-asset-engine.ts(766,11): error TS1005: ':' expected.
sveltekit-frontend/src/lib/services/predictive-asset-engine.ts(766,50): error TS1005: ',' expected.
sveltekit-frontend/src/lib/services/predictive-asset-engine.ts(767,11): error TS1005: ':' expected.
sveltekit-frontend/src/lib/services/predictive-asset-engine.ts(767,58): error TS1005: ',' expected.
sveltekit-frontend/src/lib/services/predictive-asset-engine.ts(793,5): error TS1005: ',' expected.
sveltekit-frontend/src/lib/services/predictive-asset-engine.ts(793,11): error TS1005: ':' expected.
sveltekit-frontend/src/lib/services/predictive-asset-engine.ts(793,82): error TS1005: ',' expected.
sveltekit-frontend/src/lib/services/predictive-asset-engine.ts(794,16): error TS1005: ',' expected.
sveltekit-frontend/src/lib/services/predictive-asset-engine.ts(794,48): error TS1005: ',' expected.
sveltekit-frontend/src/lib/services/predictive-asset-engine.ts(796,11): error TS1005: ':' expected.
sveltekit-frontend/src/lib/services/predictive-asset-engine.ts(796,45): error TS1005: ',' expected.
sveltekit-frontend/src/lib/services/predictive-asset-engine.ts(797,7): error TS1003: Identifier expected.
sveltekit-frontend/src/lib/services/predictive-asset-engine.ts(799,7): error TS1003: Identifier expected.
sveltekit-frontend/src/lib/services/predictive-asset-engine.ts(799,20): error TS1005: ',' expected.
sveltekit-frontend/src/lib/services/predictive-asset-engine.ts(801,10): error TS1359: Identifier expected. 'const' is a reserved word that cannot be used here.
sveltekit-frontend/src/lib/services/predictive-asset-engine.ts(801,16): error TS1005: ',' expected.
sveltekit-frontend/src/lib/services/predictive-asset-engine.ts(801,27): error TS1005: ',' expected.
sveltekit-frontend/src/lib/services/predictive-asset-engine.ts(801,30): error TS1005: ',' expected.
sveltekit-frontend/src/lib/services/predictive-asset-engine.ts(806,5): error TS1005: ',' expected.
sveltekit-frontend/src/lib/services/predictive-asset-engine.ts(806,11): error TS1005: ',' expected.
sveltekit-frontend/src/lib/services/predictive-asset-engine.ts(806,15): error TS1005: ':' expected.
sveltekit-frontend/src/lib/services/predictive-asset-engine.ts(806,59): error TS1005: ',' expected.
sveltekit-frontend/src/lib/services/predictive-asset-engine.ts(807,12): error TS1005: ',' expected.
sveltekit-frontend/src/lib/services/predictive-asset-engine.ts(807,109): error TS1005: ',' expected.
sveltekit-frontend/src/lib/services/predictive-asset-engine.ts(812,3): error TS1128: Declaration or statement expected.
sveltekit-frontend/src/lib/services/predictive-asset-engine.ts(812,11): error TS1434: Unexpected keyword or identifier.
sveltekit-frontend/src/lib/services/predictive-asset-engine.ts(812,51): error TS1005: ',' expected.
sveltekit-frontend/src/lib/services/predictive-asset-engine.ts(812,69): error TS1005: ';' expected.
sveltekit-frontend/src/lib/services/predictive-asset-engine.ts(812,95): error TS1011: An element access expression should take an argument.
sveltekit-frontend/src/lib/services/predictive-asset-engine.ts(813,11): error TS1005: ':' expected.
sveltekit-frontend/src/lib/services/predictive-asset-engine.ts(813,22): error TS1005: ',' expected.
sveltekit-frontend/src/lib/services/predictive-asset-engine.ts(813,39): error TS1005: ',' expected.
sveltekit-frontend/src/lib/services/predictive-asset-engine.ts(813,40): error TS1109: Expression expected.
sveltekit-frontend/src/lib/services/predictive-asset-engine.ts(813,42): error TS1005: ':' expected.
sveltekit-frontend/src/lib/services/predictive-asset-engine.ts(813,46): error TS1005: ',' expected.
sveltekit-frontend/src/lib/services/predictive-asset-engine.ts(814,11): error TS1005: ':' expected.
sveltekit-frontend/src/lib/services/predictive-asset-engine.ts(814,84): error TS1005: ',' expected.
sveltekit-frontend/src/lib/services/predictive-asset-engine.ts(815,9): error TS1003: Identifier expected.
sveltekit-frontend/src/lib/services/predictive-asset-engine.ts(815,31): error TS1005: '{' expected.
sveltekit-frontend/src/lib/services/predictive-asset-engine.ts(815,38): error TS1005: ':' expected.
sveltekit-frontend/src/lib/services/predictive-asset-engine.ts(815,49): error TS1005: ',' expected.
sveltekit-frontend/src/lib/services/predictive-asset-engine.ts(816,10): error TS1359: Identifier expected. 'const' is a reserved word that cannot be used here.
sveltekit-frontend/src/lib/services/predictive-asset-engine.ts(816,16): error TS1005: ',' expected.
sveltekit-frontend/src/lib/services/predictive-asset-engine.ts(816,41): error TS1005: ',' expected.
sveltekit-frontend/src/lib/services/predictive-asset-engine.ts(816,44): error TS1005: ',' expected.
sveltekit-frontend/src/lib/services/predictive-asset-engine.ts(816,63): error TS1005: ',' expected.
sveltekit-frontend/src/lib/services/predictive-asset-engine.ts(816,73): error TS1005: ',' expected.
sveltekit-frontend/src/lib/services/predictive-asset-engine.ts(816,75): error TS1136: Property assignment expected.
sveltekit-frontend/src/lib/services/predictive-asset-engine.ts(844,3): error TS1128: Declaration or statement expected.
sveltekit-frontend/src/lib/services/predictive-asset-engine.ts(848,3): error TS1128: Declaration or statement expected.
sveltekit-frontend/src/lib/services/predictive-asset-engine.ts(848,11): error TS1434: Unexpected keyword or identifier.
sveltekit-frontend/src/lib/services/predictive-asset-engine.ts(848,50): error TS1005: ',' expected.
sveltekit-frontend/src/lib/services/predictive-asset-engine.ts(848,68): error TS1011: An element access expression should take an argument.
sveltekit-frontend/src/lib/services/predictive-asset-engine.ts(848,70): error TS1005: ';' expected.
sveltekit-frontend/src/lib/services/predictive-asset-engine.ts(848,84): error TS1109: Expression expected.
sveltekit-frontend/src/lib/services/predictive-asset-engine.ts(849,11): error TS1005: ':' expected.
sveltekit-frontend/src/lib/services/predictive-asset-engine.ts(849,50): error TS1109: Expression expected.
sveltekit-frontend/src/lib/services/predictive-asset-engine.ts(850,8): error TS1005: ',' expected.
sveltekit-frontend/src/lib/services/predictive-asset-engine.ts(853,5): error TS1005: ',' expected.
sveltekit-frontend/src/lib/services/predictive-asset-engine.ts(853,6): error TS1136: Property assignment expected.
sveltekit-frontend/src/lib/services/predictive-asset-engine.ts(854,10): error TS1359: Identifier expected. 'const' is a reserved word that cannot be used here.
sveltekit-frontend/src/lib/services/predictive-asset-engine.ts(854,16): error TS1005: ',' expected.
sveltekit-frontend/src/lib/services/predictive-asset-engine.ts(854,27): error TS1005: ',' expected.
sveltekit-frontend/src/lib/services/predictive-asset-engine.ts(854,30): error TS1005: ',' expected.
sveltekit-frontend/src/lib/services/predictive-asset-engine.ts(882,9): error TS1136: Property assignment expected.
sveltekit-frontend/src/lib/services/predictive-asset-engine.ts(882,11): error TS1472: 'catch' or 'finally' expected.
sveltekit-frontend/src/lib/services/predictive-asset-engine.ts(884,9): error TS1005: ',' expected.
sveltekit-frontend/src/lib/services/predictive-asset-engine.ts(888,3): error TS1128: Declaration or statement expected.
sveltekit-frontend/src/lib/services/predictive-asset-engine.ts(892,3): error TS1128: Declaration or statement expected.
sveltekit-frontend/src/lib/services/predictive-asset-engine.ts(892,11): error TS1434: Unexpected keyword or identifier.
sveltekit-frontend/src/lib/services/predictive-asset-engine.ts(892,41): error TS1109: Expression expected.
sveltekit-frontend/src/lib/services/predictive-asset-engine.ts(893,11): error TS1005: ':' expected.
sveltekit-frontend/src/lib/services/predictive-asset-engine.ts(893,84): error TS1005: ',' expected.
sveltekit-frontend/src/lib/services/predictive-asset-engine.ts(894,11): error TS1005: ':' expected.
sveltekit-frontend/src/lib/services/predictive-asset-engine.ts(894,67): error TS1005: ',' expected.
sveltekit-frontend/src/lib/services/predictive-asset-engine.ts(895,12): error TS1005: ':' expected.
sveltekit-frontend/src/lib/services/predictive-asset-engine.ts(906,3): error TS1128: Declaration or statement expected.
sveltekit-frontend/src/lib/services/predictive-asset-engine.ts(906,53): error TS1135: Argument expression expected.
sveltekit-frontend/src/lib/services/predictive-asset-engine.ts(906,81): error TS1005: ',' expected.
sveltekit-frontend/src/lib/services/predictive-asset-engine.ts(906,91): error TS1005: ';' expected.
sveltekit-frontend/src/lib/services/predictive-asset-engine.ts(906,93): error TS1434: Unexpected keyword or identifier.
sveltekit-frontend/src/lib/services/predictive-asset-engine.ts(910,7): error TS1128: Declaration or statement expected.
sveltekit-frontend/src/lib/services/predictive-asset-engine.ts(910,108): error TS1109: Expression expected.
sveltekit-frontend/src/lib/services/predictive-asset-engine.ts(923,24): error TS1109: Expression expected.
sveltekit-frontend/src/lib/services/predictive-asset-engine.ts(934,7): error TS1128: Declaration or statement expected.
sveltekit-frontend/src/lib/services/predictive-asset-engine.ts(934,78): error TS1109: Expression expected.
sveltekit-frontend/src/lib/services/predictive-asset-engine.ts(951,3): error TS1128: Declaration or statement expected.
sveltekit-frontend/src/lib/services/predictive-asset-engine.ts(951,39): error TS1135: Argument expression expected.
sveltekit-frontend/src/lib/services/predictive-asset-engine.ts(951,48): error TS1005: ';' expected.
sveltekit-frontend/src/lib/services/predictive-asset-engine.ts(951,79): error TS1109: Expression expected.
sveltekit-frontend/src/lib/services/predictive-asset-engine.ts(951,81): error TS1005: ';' expected.
sveltekit-frontend/src/lib/services/predictive-asset-engine.ts(958,3): error TS1128: Declaration or statement expected.
sveltekit-frontend/src/lib/services/predictive-asset-engine.ts(958,43): error TS1135: Argument expression expected.
sveltekit-frontend/src/lib/services/predictive-asset-engine.ts(958,65): error TS1005: ',' expected.
sveltekit-frontend/src/lib/services/predictive-asset-engine.ts(958,84): error TS1005: ';' expected.
sveltekit-frontend/src/lib/services/predictive-asset-engine.ts(958,86): error TS1434: Unexpected keyword or identifier.
sveltekit-frontend/src/lib/services/predictive-asset-engine.ts(963,85): error TS1109: Expression expected.
sveltekit-frontend/src/lib/services/predictive-asset-engine.ts(964,5): error TS1109: Expression expected.
sveltekit-frontend/src/lib/services/predictive-asset-engine.ts(967,3): error TS1128: Declaration or statement expected.
sveltekit-frontend/src/lib/services/predictive-asset-engine.ts(967,43): error TS1135: Argument expression expected.
sveltekit-frontend/src/lib/services/predictive-asset-engine.ts(967,52): error TS1005: ';' expected.
sveltekit-frontend/src/lib/services/predictive-asset-engine.ts(967,54): error TS1434: Unexpected keyword or identifier.
sveltekit-frontend/src/lib/services/predictive-asset-engine.ts(979,3): error TS1128: Declaration or statement expected.
sveltekit-frontend/src/lib/services/predictive-asset-engine.ts(979,43): error TS1135: Argument expression expected.
sveltekit-frontend/src/lib/services/predictive-asset-engine.ts(979,65): error TS1005: ',' expected.
sveltekit-frontend/src/lib/services/predictive-asset-engine.ts(979,84): error TS1005: ';' expected.
sveltekit-frontend/src/lib/services/predictive-asset-engine.ts(979,121): error TS1005: ';' expected.
sveltekit-frontend/src/lib/services/predictive-asset-engine.ts(980,72): error TS1109: Expression expected.
sveltekit-frontend/src/lib/services/predictive-asset-engine.ts(981,7): error TS1109: Expression expected.
sveltekit-frontend/src/lib/services/predictive-asset-engine.ts(988,3): error TS1128: Declaration or statement expected.
sveltekit-frontend/src/lib/services/predictive-asset-engine.ts(988,43): error TS1135: Argument expression expected.
sveltekit-frontend/src/lib/services/predictive-asset-engine.ts(988,61): error TS1005: ';' expected.
sveltekit-frontend/src/lib/services/predictive-asset-engine.ts(988,63): error TS1434: Unexpected keyword or identifier.
sveltekit-frontend/src/lib/services/predictive-asset-engine.ts(1001,3): error TS1128: Declaration or statement expected.
sveltekit-frontend/src/lib/services/predictive-asset-engine.ts(1001,51): error TS1135: Argument expression expected.
sveltekit-frontend/src/lib/services/predictive-asset-engine.ts(1001,79): error TS1005: ',' expected.
sveltekit-frontend/src/lib/services/predictive-asset-engine.ts(1001,89): error TS1005: ';' expected.
sveltekit-frontend/src/lib/services/predictive-asset-engine.ts(1001,91): error TS1434: Unexpected keyword or identifier.
sveltekit-frontend/src/lib/services/predictive-asset-engine.ts(1007,3): error TS1128: Declaration or statement expected.
sveltekit-frontend/src/lib/services/predictive-asset-engine.ts(1007,45): error TS1135: Argument expression expected.
sveltekit-frontend/src/lib/services/predictive-asset-engine.ts(1007,54): error TS1005: ';' expected.
sveltekit-frontend/src/lib/services/predictive-asset-engine.ts(1007,63): error TS1109: Expression expected.
sveltekit-frontend/src/lib/services/predictive-asset-engine.ts(1007,64): error TS1109: Expression expected.
sveltekit-frontend/src/lib/services/predictive-asset-engine.ts(1007,66): error TS1005: ';' expected.
sveltekit-frontend/src/lib/services/predictive-asset-engine.ts(1014,3): error TS1128: Declaration or statement expected.
sveltekit-frontend/src/lib/services/predictive-asset-engine.ts(1014,51): error TS1135: Argument expression expected.
sveltekit-frontend/src/lib/services/predictive-asset-engine.ts(1014,69): error TS1005: ';' expected.
sveltekit-frontend/src/lib/services/predictive-asset-engine.ts(1014,71): error TS1434: Unexpected keyword or identifier.
sveltekit-frontend/src/lib/services/predictive-asset-engine.ts(1016,47): error TS1109: Expression expected.
sveltekit-frontend/src/lib/services/predictive-asset-engine.ts(1018,5): error TS1109: Expression expected.
sveltekit-frontend/src/lib/services/predictive-asset-engine.ts(1022,63): error TS1005: ')' expected.
sveltekit-frontend/src/lib/services/predictive-asset-engine.ts(1025,3): error TS1128: Declaration or statement expected.
sveltekit-frontend/src/lib/services/predictive-asset-engine.ts(1025,26): error TS1135: Argument expression expected.
sveltekit-frontend/src/lib/services/predictive-asset-engine.ts(1025,35): error TS1005: ';' expected.
sveltekit-frontend/src/lib/services/predictive-asset-engine.ts(1025,37): error TS1434: Unexpected keyword or identifier.
sveltekit-frontend/src/lib/services/predictive-asset-engine.ts(1027,43): error TS1109: Expression expected.
sveltekit-frontend/src/lib/services/predictive-asset-engine.ts(1028,7): error TS1109: Expression expected.
sveltekit-frontend/src/lib/services/predictive-asset-engine.ts(1029,42): error TS1109: Expression expected.
sveltekit-frontend/src/lib/services/predictive-asset-engine.ts(1030,13): error TS1109: Expression expected.
sveltekit-frontend/src/lib/services/predictive-asset-engine.ts(1035,3): error TS1128: Declaration or statement expected.
sveltekit-frontend/src/lib/services/predictive-asset-engine.ts(1035,11): error TS1434: Unexpected keyword or identifier.
sveltekit-frontend/src/lib/services/predictive-asset-engine.ts(1035,50): error TS1135: Argument expression expected.
sveltekit-frontend/src/lib/services/predictive-asset-engine.ts(1035,68): error TS1005: ';' expected.
sveltekit-frontend/src/lib/services/predictive-asset-engine.ts(1036,12): error TS1005: ':' expected.
sveltekit-frontend/src/lib/services/predictive-asset-engine.ts(1043,3): error TS1128: Declaration or statement expected.
sveltekit-frontend/src/lib/services/predictive-asset-engine.ts(1043,11): error TS1434: Unexpected keyword or identifier.
sveltekit-frontend/src/lib/services/predictive-asset-engine.ts(1043,50): error TS1135: Argument expression expected.
sveltekit-frontend/src/lib/services/predictive-asset-engine.ts(1043,68): error TS1005: ';' expected.
sveltekit-frontend/src/lib/services/predictive-asset-engine.ts(1044,12): error TS1005: ':' expected.
sveltekit-frontend/src/lib/services/predictive-asset-engine.ts(1051,3): error TS1128: Declaration or statement expected.
sveltekit-frontend/src/lib/services/predictive-asset-engine.ts(1051,11): error TS1434: Unexpected keyword or identifier.
sveltekit-frontend/src/lib/services/predictive-asset-engine.ts(1051,49): error TS1135: Argument expression expected.
sveltekit-frontend/src/lib/services/predictive-asset-engine.ts(1051,67): error TS1005: ';' expected.
sveltekit-frontend/src/lib/services/predictive-asset-engine.ts(1052,12): error TS1005: ':' expected.
sveltekit-frontend/src/lib/services/predictive-asset-engine.ts(1059,3): error TS1128: Declaration or statement expected.
sveltekit-frontend/src/lib/services/predictive-asset-engine.ts(1059,11): error TS1434: Unexpected keyword or identifier.
sveltekit-frontend/src/lib/services/predictive-asset-engine.ts(1059,47): error TS1135: Argument expression expected.
sveltekit-frontend/src/lib/services/predictive-asset-engine.ts(1059,65): error TS1005: ';' expected.
sveltekit-frontend/src/lib/services/predictive-asset-engine.ts(1060,12): error TS1005: ':' expected.
sveltekit-frontend/src/lib/services/predictive-asset-engine.ts(1070,13): error TS1109: Expression expected.
sveltekit-frontend/src/lib/services/predictive-asset-engine.ts(1072,13): error TS1005: ',' expected.
sveltekit-frontend/src/lib/services/predictive-asset-engine.ts(1072,27): error TS1005: ',' expected.
sveltekit-frontend/src/lib/services/predictive-asset-engine.ts(1072,29): error TS1136: Property assignment expected.
sveltekit-frontend/src/lib/services/predictive-asset-engine.ts(1086,3): error TS1128: Declaration or statement expected.
sveltekit-frontend/src/lib/services/predictive-asset-engine.ts(1087,1): error TS1128: Declaration or statement expected.
sveltekit-frontend/src/lib/services/predictive-hmm-som.ts(2,21): error TS1110: Type expected.
sveltekit-frontend/src/lib/services/predictive-hmm-som.ts(5,24): error TS1011: An element access expression should take an argument.
sveltekit-frontend/src/lib/services/predictive-hmm-som.ts(9,1): error TS1128: Declaration or statement expected.
sveltekit-frontend/src/lib/services/predictive-hmm-som.ts(21,1): error TS1128: Declaration or statement expected.
sveltekit-frontend/src/lib/services/predictive-hmm-som.ts(28,19): error TS1110: Type expected.
sveltekit-frontend/src/lib/services/predictive-hmm-som.ts(33,42): error TS1005: ';' expected.
sveltekit-frontend/src/lib/services/predictive-hmm-som.ts(43,64): error TS1134: Variable declaration expected.
sveltekit-frontend/src/lib/services/predictive-hmm-som.ts(43,70): error TS1005: '>' expected.
sveltekit-frontend/src/lib/services/predictive-hmm-som.ts(64,57): error TS1005: '>' expected.
sveltekit-frontend/src/lib/services/predictive-hmm-som.ts(72,42): error TS1131: Property or signature expected.
sveltekit-frontend/src/lib/services/predictive-hmm-som.ts(74,9): error TS1003: Identifier expected.
sveltekit-frontend/src/lib/services/predictive-hmm-som.ts(74,13): error TS1138: Parameter declaration expected.
sveltekit-frontend/src/lib/services/predictive-hmm-som.ts(74,26): error TS1109: Expression expected.
sveltekit-frontend/src/lib/services/predictive-hmm-som.ts(74,29): error TS1005: ';' expected.
sveltekit-frontend/src/lib/services/predictive-hmm-som.ts(77,3): error TS1128: Declaration or statement expected.
sveltekit-frontend/src/lib/services/predictive-hmm-som.ts(78,1): error TS1128: Declaration or statement expected.
sveltekit-frontend/src/lib/services/predictive-hmm-som.ts(82,72): error TS1005: ')' expected.
sveltekit-frontend/src/lib/services/predictive-hmm-som.ts(83,81): error TS1005: ')' expected.
sveltekit-frontend/src/lib/services/predictive-hmm-som.ts(85,57): error TS1005: ')' expected.
sveltekit-frontend/src/lib/services/predictive-hmm-som.ts(86,58): error TS1005: ')' expected.
sveltekit-frontend/src/lib/services/predictive-hmm-som.ts(124,123): error TS1005: ')' expected.
sveltekit-frontend/src/lib/services/production-integration-validator.ts(16,1): error TS1128: Declaration or statement expected.
sveltekit-frontend/src/lib/services/production-integration-validator.ts(67,24): error TS1137: Expression or comma expected.
sveltekit-frontend/src/lib/services/production-integration-validator.ts(75,5): error TS1128: Declaration or statement expected.
sveltekit-frontend/src/lib/services/production-integration-validator.ts(75,6): error TS1128: Declaration or statement expected.
sveltekit-frontend/src/lib/services/production-integration-validator.ts(140,106): error TS1005: ';' expected.
sveltekit-frontend/src/lib/services/production-integration-validator.ts(140,107): error TS1005: '}' expected.
sveltekit-frontend/src/lib/services/production-integration-validator.ts(140,114): error TS1109: Expression expected.
sveltekit-frontend/src/lib/services/production-integration-validator.ts(140,121): error TS1128: Declaration or statement expected.
sveltekit-frontend/src/lib/services/production-integration-validator.ts(140,122): error TS1128: Declaration or statement expected.
sveltekit-frontend/src/lib/services/production-integration-validator.ts(140,130): error TS1472: 'catch' or 'finally' expected.
sveltekit-frontend/src/lib/services/production-integration-validator.ts(140,132): error TS1434: Unexpected keyword or identifier.
sveltekit-frontend/src/lib/services/production-integration-validator.ts(160,28): error TS1005: ';' expected.
sveltekit-frontend/src/lib/services/production-integration-validator.ts(160,35): error TS1434: Unexpected keyword or identifier.
sveltekit-frontend/src/lib/services/production-integration-validator.ts(160,39): error TS1434: Unexpected keyword or identifier.
sveltekit-frontend/src/lib/services/production-integration-validator.ts(160,58): error TS1434: Unexpected keyword or identifier.
sveltekit-frontend/src/lib/services/production-integration-validator.ts(191,30): error TS1005: ';' expected.
sveltekit-frontend/src/lib/services/production-integration-validator.ts(191,34): error TS1435: Unknown keyword or identifier. Did you mean 'return'?
sveltekit-frontend/src/lib/services/production-integration-validator.ts(191,43): error TS1434: Unexpected keyword or identifier.
sveltekit-frontend/src/lib/services/production-integration-validator.ts(191,100): error TS1131: Property or signature expected.
sveltekit-frontend/src/lib/services/production-integration-validator.ts(191,101): error TS1128: Declaration or statement expected.
sveltekit-frontend/src/lib/services/production-integration-validator.ts(191,109): error TS1109: Expression expected.
sveltekit-frontend/src/lib/services/production-integration-validator.ts(191,116): error TS1128: Declaration or statement expected.
sveltekit-frontend/src/lib/services/production-integration-validator.ts(191,117): error TS1128: Declaration or statement expected.
sveltekit-frontend/src/lib/services/production-integration-validator.ts(191,125): error TS1068: Unexpected token. A constructor, method, accessor, or property was expected.
sveltekit-frontend/src/lib/services/production-integration-validator.ts(191,127): error TS1434: Unexpected keyword or identifier.
sveltekit-frontend/src/lib/services/production-integration-validator.ts(191,128): error TS1068: Unexpected token. A constructor, method, accessor, or property was expected.
sveltekit-frontend/src/lib/services/production-integration-validator.ts(203,30): error TS1005: ';' expected.
sveltekit-frontend/src/lib/services/production-integration-validator.ts(203,41): error TS1434: Unexpected keyword or identifier.
sveltekit-frontend/src/lib/services/production-integration-validator.ts(203,54): error TS1434: Unexpected keyword or identifier.
sveltekit-frontend/src/lib/services/production-integration-validator.ts(209,28): error TS1005: ';' expected.
sveltekit-frontend/src/lib/services/production-integration-validator.ts(209,47): error TS1434: Unexpected keyword or identifier.
sveltekit-frontend/src/lib/services/production-integration-validator.ts(242,31): error TS1005: ';' expected.
sveltekit-frontend/src/lib/services/production-integration-validator.ts(242,39): error TS1434: Unexpected keyword or identifier.
sveltekit-frontend/src/lib/services/production-integration-validator.ts(242,46): error TS1434: Unexpected keyword or identifier.
sveltekit-frontend/src/lib/services/production-integration-validator.ts(242,61): error TS1434: Unexpected keyword or identifier.
sveltekit-frontend/src/lib/services/production-integration-validator.ts(242,83): error TS1443: Module declaration names may only use ' or " quoted strings.
sveltekit-frontend/src/lib/services/production-integration-validator.ts(248,20): error TS1434: Unexpected keyword or identifier.
sveltekit-frontend/src/lib/services/production-integration-validator.ts(248,24): error TS1435: Unknown keyword or identifier. Did you mean 'catch'?
sveltekit-frontend/src/lib/services/production-integration-validator.ts(248,30): error TS1434: Unexpected keyword or identifier.
sveltekit-frontend/src/lib/services/production-integration-validator.ts(248,49): error TS1434: Unexpected keyword or identifier.
sveltekit-frontend/src/lib/services/production-integration-validator.ts(275,30): error TS1005: ';' expected.
sveltekit-frontend/src/lib/services/production-integration-validator.ts(275,42): error TS1434: Unexpected keyword or identifier.
sveltekit-frontend/src/lib/services/production-integration-validator.ts(275,58): error TS1434: Unexpected keyword or identifier.
sveltekit-frontend/src/lib/services/production-integration-validator.ts(286,28): error TS1005: ';' expected.
sveltekit-frontend/src/lib/services/production-integration-validator.ts(286,40): error TS1434: Unexpected keyword or identifier.
sveltekit-frontend/src/lib/services/production-integration-validator.ts(286,59): error TS1434: Unexpected keyword or identifier.
sveltekit-frontend/src/lib/services/production-integration-validator.ts(328,32): error TS1005: ';' expected.
sveltekit-frontend/src/lib/services/production-integration-validator.ts(328,39): error TS1434: Unexpected keyword or identifier.
sveltekit-frontend/src/lib/services/production-integration-validator.ts(328,58): error TS1434: Unexpected keyword or identifier.
sveltekit-frontend/src/lib/services/production-integration-validator.ts(372,44): error TS1005: ';' expected.
sveltekit-frontend/src/lib/services/production-integration-validator.ts(372,51): error TS1434: Unexpected keyword or identifier.
sveltekit-frontend/src/lib/services/production-integration-validator.ts(372,66): error TS1434: Unexpected keyword or identifier.
sveltekit-frontend/src/lib/services/production-integration-validator.ts(372,85): error TS1443: Module declaration names may only use ' or " quoted strings.
sveltekit-frontend/src/lib/services/production-integration-validator.ts(377,22): error TS1434: Unexpected keyword or identifier.
sveltekit-frontend/src/lib/services/production-integration-validator.ts(377,30): error TS1434: Unexpected keyword or identifier.
sveltekit-frontend/src/lib/services/production-integration-validator.ts(377,43): error TS1434: Unexpected keyword or identifier.
sveltekit-frontend/src/lib/services/production-integration-validator.ts(377,62): error TS1434: Unexpected keyword or identifier.
sveltekit-frontend/src/lib/services/production-integration-validator.ts(404,47): error TS1005: ';' expected.
sveltekit-frontend/src/lib/services/production-integration-validator.ts(404,55): error TS1434: Unexpected keyword or identifier.
sveltekit-frontend/src/lib/services/production-integration-validator.ts(414,29): error TS1005: ';' expected.
sveltekit-frontend/src/lib/services/production-integration-validator.ts(414,41): error TS1434: Unexpected keyword or identifier.
sveltekit-frontend/src/lib/services/production-integration-validator.ts(414,60): error TS1434: Unexpected keyword or identifier.
sveltekit-frontend/src/lib/services/production-integration-validator.ts(440,32): error TS1005: ';' expected.
sveltekit-frontend/src/lib/services/production-integration-validator.ts(440,39): error TS1434: Unexpected keyword or identifier.
sveltekit-frontend/src/lib/services/production-integration-validator.ts(440,46): error TS1434: Unexpected keyword or identifier.
sveltekit-frontend/src/lib/services/production-integration-validator.ts(440,59): error TS1434: Unexpected keyword or identifier.
sveltekit-frontend/src/lib/services/production-integration-validator.ts(440,94): error TS1443: Module declaration names may only use ' or " quoted strings.
sveltekit-frontend/src/lib/services/production-integration-validator.ts(446,24): error TS1434: Unexpected keyword or identifier.
sveltekit-frontend/src/lib/services/production-integration-validator.ts(446,27): error TS1435: Unknown keyword or identifier. Did you mean 'infer ence'?
sveltekit-frontend/src/lib/services/production-integration-validator.ts(446,37): error TS1434: Unexpected keyword or identifier.
sveltekit-frontend/src/lib/services/production-integration-validator.ts(446,44): error TS1434: Unexpected keyword or identifier.
sveltekit-frontend/src/lib/services/production-integration-validator.ts(446,57): error TS1434: Unexpected keyword or identifier.
sveltekit-frontend/src/lib/services/production-integration-validator.ts(452,30): error TS1005: ';' expected.
sveltekit-frontend/src/lib/services/production-integration-validator.ts(452,37): error TS1434: Unexpected keyword or identifier.
sveltekit-frontend/src/lib/services/production-integration-validator.ts(452,53): error TS1434: Unexpected keyword or identifier.
sveltekit-frontend/src/lib/services/production-integration-validator.ts(452,85): error TS1443: Module declaration names may only use ' or " quoted strings.
sveltekit-frontend/src/lib/services/production-integration-validator.ts(456,20): error TS1434: Unexpected keyword or identifier.
sveltekit-frontend/src/lib/services/production-integration-validator.ts(456,32): error TS1434: Unexpected keyword or identifier.
sveltekit-frontend/src/lib/services/production-integration-validator.ts(456,53): error TS1434: Unexpected keyword or identifier.
sveltekit-frontend/src/lib/services/production-integration-validator.ts(603,38): error TS1005: ';' expected.
sveltekit-frontend/src/lib/services/production-integration-validator.ts(603,53): error TS1434: Unexpected keyword or identifier.
sveltekit-frontend/src/lib/services/production-integration-validator.ts(606,29): error TS1005: ';' expected.
sveltekit-frontend/src/lib/services/production-integration-validator.ts(606,37): error TS1434: Unexpected keyword or identifier.
sveltekit-frontend/src/lib/services/production-integration-validator.ts(606,41): error TS1434: Unexpected keyword or identifier.
sveltekit-frontend/src/lib/services/production-integration-validator.ts(606,50): error TS1434: Unexpected keyword or identifier.
sveltekit-frontend/src/lib/services/production-integration-validator.ts(606,67): error TS1434: Unexpected keyword or identifier.
sveltekit-frontend/src/lib/services/production-integration-validator.ts(671,42): error TS1160: Unterminated template literal.
sveltekit-frontend/src/lib/services/production-service-registry.ts(6,1): error TS1128: Declaration or statement expected.
sveltekit-frontend/src/lib/services/production-service-registry.ts(19,1): error TS1128: Declaration or statement expected.
sveltekit-frontend/src/lib/services/production-service-registry.ts(27,118): error TS1136: Property assignment expected.
sveltekit-frontend/src/lib/services/production-service-registry.ts(28,13): error TS1134: Variable declaration expected.
sveltekit-frontend/src/lib/services/production-service-registry.ts(28,23): error TS1003: Identifier expected.
sveltekit-frontend/src/lib/services/production-service-registry.ts(28,35): error TS1005: ':' expected.
sveltekit-frontend/src/lib/services/production-service-registry.ts(28,47): error TS1003: Identifier expected.
sveltekit-frontend/src/lib/services/production-service-registry.ts(28,54): error TS1005: ':' expected.
sveltekit-frontend/src/lib/services/production-service-registry.ts(28,71): error TS1003: Identifier expected.
sveltekit-frontend/src/lib/services/production-service-registry.ts(28,80): error TS1005: ':' expected.
sveltekit-frontend/src/lib/services/production-service-registry.ts(28,91): error TS1003: Identifier expected.
sveltekit-frontend/src/lib/services/production-service-registry.ts(28,125): error TS1005: ':' expected.
sveltekit-frontend/src/lib/services/production-service-registry.ts(28,127): error TS1134: Variable declaration expected.
sveltekit-frontend/src/lib/services/production-service-registry.ts(29,12): error TS1109: Expression expected.
sveltekit-frontend/src/lib/services/production-service-registry.ts(29,43): error TS1005: ';' expected.
sveltekit-frontend/src/lib/services/production-service-registry.ts(29,67): error TS1005: ';' expected.
sveltekit-frontend/src/lib/services/production-service-registry.ts(29,87): error TS1005: ';' expected.
sveltekit-frontend/src/lib/services/production-service-registry.ts(29,119): error TS1128: Declaration or statement expected.
sveltekit-frontend/src/lib/services/production-service-registry.ts(29,120): error TS1109: Expression expected.
sveltekit-frontend/src/lib/services/production-service-registry.ts(30,12): error TS1109: Expression expected.
sveltekit-frontend/src/lib/services/production-service-registry.ts(30,43): error TS1005: ';' expected.
sveltekit-frontend/src/lib/services/production-service-registry.ts(30,72): error TS1005: ';' expected.
sveltekit-frontend/src/lib/services/production-service-registry.ts(30,91): error TS1005: ';' expected.
sveltekit-frontend/src/lib/services/production-service-registry.ts(30,119): error TS1109: Expression expected.
sveltekit-frontend/src/lib/services/production-service-registry.ts(31,1): error TS1109: Expression expected.
sveltekit-frontend/src/lib/services/production-service-registry.ts(568,45): error TS1005: ')' expected.
sveltekit-frontend/src/lib/services/production-service-registry.ts(569,7): error TS1128: Declaration or statement expected.
sveltekit-frontend/src/lib/services/production-service-registry.ts(573,45): error TS1005: ')' expected.
sveltekit-frontend/src/lib/services/production-service-registry.ts(574,7): error TS1128: Declaration or statement expected.
sveltekit-frontend/src/lib/services/production-service-registry.ts(586,7): error TS1128: Declaration or statement expected.
sveltekit-frontend/src/lib/services/production-service-registry.ts(587,52): error TS1005: ')' expected.
sveltekit-frontend/src/lib/services/production-service-registry.ts(598,77): error TS1109: Expression expected.
sveltekit-frontend/src/lib/services/production-service-registry.ts(599,7): error TS1109: Expression expected.
sveltekit-frontend/src/lib/services/production-service-registry.ts(635,78): error TS1005: ';' expected.
sveltekit-frontend/src/lib/services/production-service-registry.ts(636,6): error TS1068: Unexpected token. A constructor, method, accessor, or property was expected.
sveltekit-frontend/src/lib/services/production-service-registry.ts(637,5): error TS1068: Unexpected token. A constructor, method, accessor, or property was expected.
sveltekit-frontend/src/lib/services/production-service-registry.ts(642,3): error TS1128: Declaration or statement expected.
sveltekit-frontend/src/lib/services/production-service-registry.ts(643,29): error TS1109: Expression expected.
sveltekit-frontend/src/lib/services/production-service-registry.ts(644,11): error TS1005: ':' expected.
sveltekit-frontend/src/lib/services/production-service-registry.ts(645,5): error TS1005: ',' expected.
sveltekit-frontend/src/lib/services/production-service-registry.ts(645,11): error TS1005: ',' expected.
sveltekit-frontend/src/lib/services/production-service-registry.ts(651,7): error TS1005: ',' expected.
sveltekit-frontend/src/lib/services/production-service-registry.ts(653,16): error TS1005: ',' expected.
sveltekit-frontend/src/lib/services/production-service-registry.ts(653,32): error TS1005: ':' expected.
sveltekit-frontend/src/lib/services/production-service-registry.ts(654,5): error TS1005: ',' expected.
sveltekit-frontend/src/lib/services/production-service-registry.ts(654,16): error TS1005: ',' expected.
sveltekit-frontend/src/lib/services/production-service-registry.ts(654,31): error TS1005: ':' expected.
sveltekit-frontend/src/lib/services/production-service-registry.ts(655,5): error TS1005: ',' expected.
sveltekit-frontend/src/lib/services/production-service-registry.ts(655,16): error TS1005: ',' expected.
sveltekit-frontend/src/lib/services/production-service-registry.ts(655,31): error TS1005: ':' expected.
sveltekit-frontend/src/lib/services/production-service-registry.ts(656,5): error TS1005: ',' expected.
sveltekit-frontend/src/lib/services/production-service-registry.ts(656,16): error TS1005: ',' expected.
sveltekit-frontend/src/lib/services/production-service-registry.ts(656,32): error TS1005: ':' expected.
sveltekit-frontend/src/lib/services/production-service-registry.ts(657,5): error TS1005: ',' expected.
sveltekit-frontend/src/lib/services/production-service-registry.ts(657,12): error TS1005: ':' expected.
sveltekit-frontend/src/lib/services/production-service-registry.ts(657,23): error TS1005: ',' expected.
sveltekit-frontend/src/lib/services/production-service-registry.ts(659,1): error TS1128: Declaration or statement expected.
sveltekit-frontend/src/lib/services/productionServiceClient.ts(162,88): error TS1005: ';' expected.
sveltekit-frontend/src/lib/services/productionServiceClient.ts(162,89): error TS1005: '}' expected.
sveltekit-frontend/src/lib/services/productionServiceClient.ts(162,96): error TS1109: Expression expected.
sveltekit-frontend/src/lib/services/productionServiceClient.ts(162,103): error TS1128: Declaration or statement expected.
sveltekit-frontend/src/lib/services/productionServiceClient.ts(162,104): error TS1128: Declaration or statement expected.
sveltekit-frontend/src/lib/services/productionServiceClient.ts(162,112): error TS1472: 'catch' or 'finally' expected.
sveltekit-frontend/src/lib/services/productionServiceClient.ts(162,114): error TS1434: Unexpected keyword or identifier.
sveltekit-frontend/src/lib/services/productionServiceClient.ts(175,40): error TS1005: ';' expected.
sveltekit-frontend/src/lib/services/productionServiceClient.ts(177,15): error TS1109: Expression expected.
sveltekit-frontend/src/lib/services/productionServiceClient.ts(178,24): error TS1109: Expression expected.
sveltekit-frontend/src/lib/services/productionServiceClient.ts(179,20): error TS1109: Expression expected.
sveltekit-frontend/src/lib/services/productionServiceClient.ts(180,8): error TS1128: Declaration or statement expected.
sveltekit-frontend/src/lib/services/productionServiceClient.ts(182,14): error TS1109: Expression expected.
sveltekit-frontend/src/lib/services/productionServiceClient.ts(183,6): error TS1068: Unexpected token. A constructor, method, accessor, or property was expected.
sveltekit-frontend/src/lib/services/productionServiceClient.ts(184,9): error TS1003: Identifier expected.
sveltekit-frontend/src/lib/services/productionServiceClient.ts(184,10): error TS1138: Parameter declaration expected.
sveltekit-frontend/src/lib/services/productionServiceClient.ts(184,83): error TS1005: ';' expected.
sveltekit-frontend/src/lib/services/productionServiceClient.ts(185,86): error TS1005: ';' expected.
sveltekit-frontend/src/lib/services/productionServiceClient.ts(185,87): error TS1005: '}' expected.
sveltekit-frontend/src/lib/services/productionServiceClient.ts(185,94): error TS1109: Expression expected.
sveltekit-frontend/src/lib/services/productionServiceClient.ts(185,101): error TS1128: Declaration or statement expected.
sveltekit-frontend/src/lib/services/productionServiceClient.ts(185,102): error TS1128: Declaration or statement expected.
sveltekit-frontend/src/lib/services/productionServiceClient.ts(185,109): error TS1128: Declaration or statement expected.
sveltekit-frontend/src/lib/services/productionServiceClient.ts(185,110): error TS1128: Declaration or statement expected.
sveltekit-frontend/src/lib/services/productionServiceClient.ts(185,112): error TS1434: Unexpected keyword or identifier.
sveltekit-frontend/src/lib/services/productionServiceClient.ts(195,40): error TS1005: ';' expected.
sveltekit-frontend/src/lib/services/productionServiceClient.ts(197,15): error TS1109: Expression expected.
sveltekit-frontend/src/lib/services/productionServiceClient.ts(198,24): error TS1109: Expression expected.
sveltekit-frontend/src/lib/services/productionServiceClient.ts(199,20): error TS1109: Expression expected.
sveltekit-frontend/src/lib/services/productionServiceClient.ts(200,22): error TS1109: Expression expected.
sveltekit-frontend/src/lib/services/productionServiceClient.ts(201,8): error TS1128: Declaration or statement expected.
sveltekit-frontend/src/lib/services/productionServiceClient.ts(203,14): error TS1109: Expression expected.
sveltekit-frontend/src/lib/services/productionServiceClient.ts(204,5): error TS1128: Declaration or statement expected.
sveltekit-frontend/src/lib/services/productionServiceClient.ts(204,6): error TS1128: Declaration or statement expected.
sveltekit-frontend/src/lib/services/productionServiceClient.ts(206,86): error TS1005: ';' expected.
sveltekit-frontend/src/lib/services/productionServiceClient.ts(206,87): error TS1005: '}' expected.
sveltekit-frontend/src/lib/services/productionServiceClient.ts(206,94): error TS1109: Expression expected.
sveltekit-frontend/src/lib/services/productionServiceClient.ts(206,101): error TS1128: Declaration or statement expected.
sveltekit-frontend/src/lib/services/productionServiceClient.ts(206,102): error TS1128: Declaration or statement expected.
sveltekit-frontend/src/lib/services/productionServiceClient.ts(206,109): error TS1128: Declaration or statement expected.
sveltekit-frontend/src/lib/services/productionServiceClient.ts(206,110): error TS1128: Declaration or statement expected.
sveltekit-frontend/src/lib/services/productionServiceClient.ts(206,112): error TS1434: Unexpected keyword or identifier.
sveltekit-frontend/src/lib/services/productionServiceClient.ts(245,39): error TS1005: ';' expected.
sveltekit-frontend/src/lib/services/productionServiceClient.ts(245,72): error TS1161: Unterminated regular expression literal.
sveltekit-frontend/src/lib/services/productionServiceClient.ts(245,81): error TS1128: Declaration or statement expected.
sveltekit-frontend/src/lib/services/productionServiceClient.ts(245,82): error TS1128: Declaration or statement expected.
sveltekit-frontend/src/lib/services/productionServiceClient.ts(246,37): error TS1109: Expression expected.
sveltekit-frontend/src/lib/services/productionServiceClient.ts(246,86): error TS1128: Declaration or statement expected.
sveltekit-frontend/src/lib/services/productionServiceClient.ts(248,33): error TS1109: Expression expected.
sveltekit-frontend/src/lib/services/productionServiceClient.ts(248,78): error TS1128: Declaration or statement expected.
sveltekit-frontend/src/lib/services/productionServiceClient.ts(249,38): error TS1109: Expression expected.
sveltekit-frontend/src/lib/services/productionServiceClient.ts(249,88): error TS1128: Declaration or statement expected.
sveltekit-frontend/src/lib/services/productionServiceClient.ts(251,31): error TS1109: Expression expected.
sveltekit-frontend/src/lib/services/productionServiceClient.ts(251,74): error TS1128: Declaration or statement expected.
sveltekit-frontend/src/lib/services/productionServiceClient.ts(252,37): error TS1109: Expression expected.
sveltekit-frontend/src/lib/services/productionServiceClient.ts(253,5): error TS1128: Declaration or statement expected.
sveltekit-frontend/src/lib/services/productionServiceClient.ts(254,83): error TS1136: Property assignment expected.
sveltekit-frontend/src/lib/services/productionServiceClient.ts(254,84): error TS1005: ',' expected.
sveltekit-frontend/src/lib/services/productionServiceClient.ts(254,85): error TS1128: Declaration or statement expected.
sveltekit-frontend/src/lib/services/productionServiceClient.ts(254,87): error TS1128: Declaration or statement expected.
sveltekit-frontend/src/lib/services/productionServiceClient.ts(263,8): error TS1128: Declaration or statement expected.
sveltekit-frontend/src/lib/services/productionServiceClient.ts(264,5): error TS1128: Declaration or statement expected.
sveltekit-frontend/src/lib/services/productionServiceClient.ts(272,3): error TS1128: Declaration or statement expected.
sveltekit-frontend/src/lib/services/productionServiceClient.ts(276,3): error TS1434: Unexpected keyword or identifier.
sveltekit-frontend/src/lib/services/productionServiceClient.ts(276,33): error TS1109: Expression expected.
sveltekit-frontend/src/lib/services/productionServiceClient.ts(278,12): error TS1005: ':' expected.
sveltekit-frontend/src/lib/services/productionServiceClient.ts(283,6): error TS1005: ',' expected.
sveltekit-frontend/src/lib/services/productionServiceClient.ts(288,3): error TS1434: Unexpected keyword or identifier.
sveltekit-frontend/src/lib/services/productionServiceClient.ts(288,28): error TS1109: Expression expected.
sveltekit-frontend/src/lib/services/productionServiceClient.ts(288,42): error TS1109: Expression expected.
sveltekit-frontend/src/lib/services/productionServiceClient.ts(289,13): error TS1003: Identifier expected.
sveltekit-frontend/src/lib/services/productionServiceClient.ts(289,61): error TS1005: ',' expected.
sveltekit-frontend/src/lib/services/productionServiceClient.ts(292,11): error TS1005: ':' expected.
sveltekit-frontend/src/lib/services/productionServiceClient.ts(292,55): error TS1005: ',' expected.
sveltekit-frontend/src/lib/services/productionServiceClient.ts(293,11): error TS1005: ':' expected.
sveltekit-frontend/src/lib/services/productionServiceClient.ts(293,78): error TS1005: ',' expected.
sveltekit-frontend/src/lib/services/productionServiceClient.ts(294,11): error TS1005: ':' expected.
sveltekit-frontend/src/lib/services/productionServiceClient.ts(294,54): error TS1005: ',' expected.
sveltekit-frontend/src/lib/services/productionServiceClient.ts(295,13): error TS1003: Identifier expected.
sveltekit-frontend/src/lib/services/productionServiceClient.ts(295,75): error TS1005: ',' expected.
sveltekit-frontend/src/lib/services/productionServiceClient.ts(297,1): error TS1128: Declaration or statement expected.
sveltekit-frontend/src/lib/services/q-lora-trainer.ts(8,18): error TS1110: Type expected.
sveltekit-frontend/src/lib/services/q-lora-trainer.ts(12,18): error TS1128: Declaration or statement expected.
sveltekit-frontend/src/lib/services/q-lora-trainer.ts(13,11): error TS1109: Expression expected.
sveltekit-frontend/src/lib/services/q-lora-trainer.ts(13,20): error TS1109: Expression expected.
sveltekit-frontend/src/lib/services/q-lora-trainer.ts(13,29): error TS1005: ',' expected.
sveltekit-frontend/src/lib/services/q-lora-trainer.ts(13,30): error TS1136: Property assignment expected.
sveltekit-frontend/src/lib/services/q-lora-trainer.ts(14,5): error TS1005: ';' expected.
sveltekit-frontend/src/lib/services/q-lora-trainer.ts(31,7): error TS1005: ')' expected.
sveltekit-frontend/src/lib/services/q-lora-trainer.ts(33,49): error TS1005: ';' expected.
sveltekit-frontend/src/lib/services/q-lora-trainer.ts(33,75): error TS1128: Declaration or statement expected.
sveltekit-frontend/src/lib/services/q-lora-trainer.ts(39,1): error TS1128: Declaration or statement expected.
sveltekit-frontend/src/lib/services/q-lora-training.ts(8,1): error TS1128: Declaration or statement expected.
sveltekit-frontend/src/lib/services/q-lora-training.ts(22,1): error TS1128: Declaration or statement expected.
sveltekit-frontend/src/lib/services/q-lora-training.ts(48,1): error TS1128: Declaration or statement expected.
sveltekit-frontend/src/lib/services/q-lora-training.ts(58,52): error TS1005: '>' expected.
sveltekit-frontend/src/lib/services/q-lora-training.ts(61,59): error TS1005: '>' expected.
sveltekit-frontend/src/lib/services/q-lora-training.ts(122,46): error TS1109: Expression expected.
sveltekit-frontend/src/lib/services/q-lora-training.ts(123,18): error TS1109: Expression expected.
sveltekit-frontend/src/lib/services/q-lora-training.ts(140,3): error TS1068: Unexpected token. A constructor, method, accessor, or property was expected.
sveltekit-frontend/src/lib/services/q-lora-training.ts(140,4): error TS1068: Unexpected token. A constructor, method, accessor, or property was expected.
sveltekit-frontend/src/lib/services/q-lora-training.ts(140,6): error TS1434: Unexpected keyword or identifier.
sveltekit-frontend/src/lib/services/q-lora-training.ts(140,13): error TS1068: Unexpected token. A constructor, method, accessor, or property was expected.
sveltekit-frontend/src/lib/services/q-lora-training.ts(148,60): error TS1109: Expression expected.
sveltekit-frontend/src/lib/services/q-lora-training.ts(149,7): error TS1109: Expression expected.
sveltekit-frontend/src/lib/services/q-lora-training.ts(182,3): error TS1128: Declaration or statement expected.
sveltekit-frontend/src/lib/services/q-lora-training.ts(182,33): error TS1135: Argument expression expected.
sveltekit-frontend/src/lib/services/q-lora-training.ts(182,55): error TS1005: ',' expected.
sveltekit-frontend/src/lib/services/q-lora-training.ts(182,74): error TS1005: ';' expected.
sveltekit-frontend/src/lib/services/q-lora-training.ts(182,76): error TS1434: Unexpected keyword or identifier.
sveltekit-frontend/src/lib/services/q-lora-training.ts(186,70): error TS1109: Expression expected.
sveltekit-frontend/src/lib/services/q-lora-training.ts(188,23): error TS1109: Expression expected.
sveltekit-frontend/src/lib/services/q-lora-training.ts(209,3): error TS1128: Declaration or statement expected.
sveltekit-frontend/src/lib/services/q-lora-training.ts(209,37): error TS1135: Argument expression expected.
sveltekit-frontend/src/lib/services/q-lora-training.ts(209,46): error TS1005: ';' expected.
sveltekit-frontend/src/lib/services/q-lora-training.ts(209,56): error TS1109: Expression expected.
sveltekit-frontend/src/lib/services/q-lora-training.ts(209,57): error TS1109: Expression expected.
sveltekit-frontend/src/lib/services/q-lora-training.ts(209,59): error TS1005: ';' expected.
sveltekit-frontend/src/lib/services/q-lora-training.ts(259,3): error TS1128: Declaration or statement expected.
sveltekit-frontend/src/lib/services/q-lora-training.ts(264,3): error TS1128: Declaration or statement expected.
sveltekit-frontend/src/lib/services/q-lora-training.ts(264,4): error TS1128: Declaration or statement expected.
sveltekit-frontend/src/lib/services/q-lora-training.ts(264,6): error TS1434: Unexpected keyword or identifier.
sveltekit-frontend/src/lib/services/q-lora-training.ts(306,49): error TS1005: ')' expected.
sveltekit-frontend/src/lib/services/q-lora-training.ts(311,3): error TS1128: Declaration or statement expected.
sveltekit-frontend/src/lib/services/q-lora-training.ts(311,43): error TS1135: Argument expression expected.
sveltekit-frontend/src/lib/services/q-lora-training.ts(311,60): error TS1005: ',' expected.
sveltekit-frontend/src/lib/services/q-lora-training.ts(311,71): error TS1005: ';' expected.
sveltekit-frontend/src/lib/services/q-lora-training.ts(311,73): error TS1434: Unexpected keyword or identifier.
sveltekit-frontend/src/lib/services/q-lora-training.ts(322,62): error TS1109: Expression expected.
sveltekit-frontend/src/lib/services/q-lora-training.ts(323,57): error TS1005: ';' expected.
sveltekit-frontend/src/lib/services/q-lora-training.ts(332,3): error TS1128: Declaration or statement expected.
sveltekit-frontend/src/lib/services/q-lora-training.ts(333,43): error TS1128: Declaration or statement expected.
sveltekit-frontend/src/lib/services/q-lora-training.ts(334,22): error TS1434: Unexpected keyword or identifier.
sveltekit-frontend/src/lib/services/q-lora-training.ts(334,28): error TS1128: Declaration or statement expected.
sveltekit-frontend/src/lib/services/q-lora-training.ts(335,3): error TS1128: Declaration or statement expected.
sveltekit-frontend/src/lib/services/q-lora-training.ts(335,4): error TS1128: Declaration or statement expected.
sveltekit-frontend/src/lib/services/q-lora-training.ts(335,6): error TS1434: Unexpected keyword or identifier.
sveltekit-frontend/src/lib/services/q-lora-training.ts(347,3): error TS1434: Unexpected keyword or identifier.
sveltekit-frontend/src/lib/services/q-lora-training.ts(350,21): error TS1109: Expression expected.
sveltekit-frontend/src/lib/services/q-lora-training.ts(351,3): error TS1128: Declaration or statement expected.
sveltekit-frontend/src/lib/services/q-lora-training.ts(351,4): error TS1128: Declaration or statement expected.
sveltekit-frontend/src/lib/services/q-lora-training.ts(352,13): error TS1003: Identifier expected.
sveltekit-frontend/src/lib/services/q-lora-training.ts(352,59): error TS1005: ',' expected.
sveltekit-frontend/src/lib/services/q-lora-training.ts(353,9): error TS1005: ',' expected.
sveltekit-frontend/src/lib/services/q-lora-training.ts(353,91): error TS1005: ',' expected.
sveltekit-frontend/src/lib/services/q-lora-training.ts(354,9): error TS1005: ',' expected.
sveltekit-frontend/src/lib/services/q-lora-training.ts(354,22): error TS1109: Expression expected.
sveltekit-frontend/src/lib/services/q-lora-training.ts(354,25): error TS1005: ':' expected.
sveltekit-frontend/src/lib/services/q-lora-training.ts(355,9): error TS1005: ',' expected.
sveltekit-frontend/src/lib/services/q-lora-training.ts(355,16): error TS1109: Expression expected.
sveltekit-frontend/src/lib/services/q-lora-training.ts(355,19): error TS1005: ':' expected.
sveltekit-frontend/src/lib/services/q-lora-training.ts(356,9): error TS1005: ',' expected.
sveltekit-frontend/src/lib/services/q-lora-training.ts(356,19): error TS1109: Expression expected.
sveltekit-frontend/src/lib/services/q-lora-training.ts(356,22): error TS1005: ':' expected.
sveltekit-frontend/src/lib/services/q-lora-training.ts(357,9): error TS1005: ',' expected.
sveltekit-frontend/src/lib/services/q-lora-training.ts(357,22): error TS1109: Expression expected.
sveltekit-frontend/src/lib/services/q-lora-training.ts(357,25): error TS1005: ':' expected.
sveltekit-frontend/src/lib/services/q-lora-training.ts(359,11): error TS1005: ':' expected.
sveltekit-frontend/src/lib/services/q-lora-training.ts(359,25): error TS1005: ':' expected.
sveltekit-frontend/src/lib/services/q-lora-training.ts(360,14): error TS1005: ',' expected.
sveltekit-frontend/src/lib/services/q-lora-training.ts(360,20): error TS1109: Expression expected.
sveltekit-frontend/src/lib/services/q-lora-training.ts(360,22): error TS1003: Identifier expected.
sveltekit-frontend/src/lib/services/q-lora-training.ts(360,23): error TS1138: Parameter declaration expected.
sveltekit-frontend/src/lib/services/q-lora-training.ts(360,31): error TS1005: ',' expected.
sveltekit-frontend/src/lib/services/q-lora-training.ts(360,42): error TS1005: ',' expected.
sveltekit-frontend/src/lib/services/q-lora-training.ts(360,43): error TS1138: Parameter declaration expected.
sveltekit-frontend/src/lib/services/q-lora-training.ts(360,50): error TS1005: ',' expected.
sveltekit-frontend/src/lib/services/q-lora-training.ts(360,52): error TS1005: ';' expected.
sveltekit-frontend/src/lib/services/q-lora-training.ts(360,55): error TS1109: Expression expected.
sveltekit-frontend/src/lib/services/q-lora-training.ts(362,7): error TS1109: Expression expected.
sveltekit-frontend/src/lib/services/q-lora-training.ts(400,3): error TS1128: Declaration or statement expected.
sveltekit-frontend/src/lib/services/q-lora-training.ts(404,3): error TS1128: Declaration or statement expected.
sveltekit-frontend/src/lib/services/q-lora-training.ts(404,11): error TS1434: Unexpected keyword or identifier.
sveltekit-frontend/src/lib/services/q-lora-training.ts(404,37): error TS1135: Argument expression expected.
sveltekit-frontend/src/lib/services/q-lora-training.ts(404,54): error TS1005: ',' expected.
sveltekit-frontend/src/lib/services/q-lora-training.ts(404,65): error TS1005: ';' expected.
sveltekit-frontend/src/lib/services/q-lora-training.ts(405,11): error TS1005: ':' expected.
sveltekit-frontend/src/lib/services/q-lora-training.ts(405,40): error TS1005: ',' expected.
sveltekit-frontend/src/lib/services/q-lora-training.ts(406,9): error TS1005: ':' expected.
sveltekit-frontend/src/lib/services/q-lora-training.ts(407,11): error TS1005: ',' expected.
sveltekit-frontend/src/lib/services/q-lora-training.ts(408,7): error TS1005: ',' expected.
sveltekit-frontend/src/lib/services/q-lora-training.ts(408,22): error TS1138: Parameter declaration expected.
sveltekit-frontend/src/lib/services/q-lora-training.ts(408,28): error TS1005: ',' expected.
sveltekit-frontend/src/lib/services/q-lora-training.ts(408,30): error TS1136: Property assignment expected.
sveltekit-frontend/src/lib/services/q-lora-training.ts(409,9): error TS1128: Declaration or statement expected.
sveltekit-frontend/src/lib/services/q-lora-training.ts(409,24): error TS1109: Expression expected.
sveltekit-frontend/src/lib/services/q-lora-training.ts(412,9): error TS1128: Declaration or statement expected.
sveltekit-frontend/src/lib/services/q-lora-training.ts(412,23): error TS1109: Expression expected.
sveltekit-frontend/src/lib/services/q-lora-training.ts(415,9): error TS1128: Declaration or statement expected.
sveltekit-frontend/src/lib/services/q-lora-training.ts(415,25): error TS1109: Expression expected.
sveltekit-frontend/src/lib/services/q-lora-training.ts(418,9): error TS1128: Declaration or statement expected.
sveltekit-frontend/src/lib/services/q-lora-training.ts(418,25): error TS1109: Expression expected.
sveltekit-frontend/src/lib/services/q-lora-training.ts(421,9): error TS1128: Declaration or statement expected.
sveltekit-frontend/src/lib/services/q-lora-training.ts(421,16): error TS1128: Declaration or statement expected.
sveltekit-frontend/src/lib/services/q-lora-training.ts(426,5): error TS1128: Declaration or statement expected.
sveltekit-frontend/src/lib/services/q-lora-training.ts(426,7): error TS1005: 'try' expected.
sveltekit-frontend/src/lib/services/q-lora-training.ts(428,23): error TS1005: ',' expected.
sveltekit-frontend/src/lib/services/q-lora-training.ts(433,3): error TS1128: Declaration or statement expected.
sveltekit-frontend/src/lib/services/q-lora-training.ts(437,3): error TS1128: Declaration or statement expected.
sveltekit-frontend/src/lib/services/q-lora-training.ts(437,11): error TS1434: Unexpected keyword or identifier.
sveltekit-frontend/src/lib/services/q-lora-training.ts(437,44): error TS1135: Argument expression expected.
sveltekit-frontend/src/lib/services/q-lora-training.ts(437,61): error TS1005: ',' expected.
sveltekit-frontend/src/lib/services/q-lora-training.ts(437,72): error TS1005: ';' expected.
sveltekit-frontend/src/lib/services/q-lora-training.ts(439,11): error TS1005: ':' expected.
sveltekit-frontend/src/lib/services/q-lora-training.ts(442,6): error TS1005: ',' expected.
sveltekit-frontend/src/lib/services/q-lora-training.ts(443,12): error TS1005: ':' expected.
sveltekit-frontend/src/lib/services/q-lora-training.ts(445,28): error TS1005: ',' expected.
sveltekit-frontend/src/lib/services/q-lora-training.ts(454,3): error TS1128: Declaration or statement expected.
sveltekit-frontend/src/lib/services/q-lora-training.ts(454,11): error TS1434: Unexpected keyword or identifier.
sveltekit-frontend/src/lib/services/q-lora-training.ts(454,43): error TS1135: Argument expression expected.
sveltekit-frontend/src/lib/services/q-lora-training.ts(454,60): error TS1005: ',' expected.
sveltekit-frontend/src/lib/services/q-lora-training.ts(454,71): error TS1005: ';' expected.
sveltekit-frontend/src/lib/services/q-lora-training.ts(456,11): error TS1005: ':' expected.
sveltekit-frontend/src/lib/services/q-lora-training.ts(456,53): error TS1109: Expression expected.
sveltekit-frontend/src/lib/services/q-lora-training.ts(456,56): error TS1005: ':' expected.
sveltekit-frontend/src/lib/services/q-lora-training.ts(457,12): error TS1005: ':' expected.
sveltekit-frontend/src/lib/services/q-lora-training.ts(459,27): error TS1005: ',' expected.
sveltekit-frontend/src/lib/services/q-lora-training.ts(467,3): error TS1128: Declaration or statement expected.
sveltekit-frontend/src/lib/services/q-lora-training.ts(467,11): error TS1434: Unexpected keyword or identifier.
sveltekit-frontend/src/lib/services/q-lora-training.ts(467,45): error TS1135: Argument expression expected.
sveltekit-frontend/src/lib/services/q-lora-training.ts(467,62): error TS1005: ',' expected.
sveltekit-frontend/src/lib/services/q-lora-training.ts(467,73): error TS1005: ';' expected.
sveltekit-frontend/src/lib/services/q-lora-training.ts(468,11): error TS1005: ':' expected.
sveltekit-frontend/src/lib/services/q-lora-training.ts(468,59): error TS1005: ',' expected.
sveltekit-frontend/src/lib/services/q-lora-training.ts(469,11): error TS1005: ':' expected.
sveltekit-frontend/src/lib/services/q-lora-training.ts(469,80): error TS1109: Expression expected.
sveltekit-frontend/src/lib/services/q-lora-training.ts(469,81): error TS1005: ',' expected.
sveltekit-frontend/src/lib/services/q-lora-training.ts(470,12): error TS1005: ':' expected.
sveltekit-frontend/src/lib/services/q-lora-training.ts(472,35): error TS1005: ',' expected.
sveltekit-frontend/src/lib/services/q-lora-training.ts(480,3): error TS1128: Declaration or statement expected.
sveltekit-frontend/src/lib/services/q-lora-training.ts(480,11): error TS1434: Unexpected keyword or identifier.
sveltekit-frontend/src/lib/services/q-lora-training.ts(480,45): error TS1135: Argument expression expected.
sveltekit-frontend/src/lib/services/q-lora-training.ts(480,62): error TS1005: ',' expected.
sveltekit-frontend/src/lib/services/q-lora-training.ts(480,73): error TS1005: ';' expected.
sveltekit-frontend/src/lib/services/q-lora-training.ts(481,11): error TS1005: ':' expected.
sveltekit-frontend/src/lib/services/q-lora-training.ts(481,55): error TS1005: ':' expected.
sveltekit-frontend/src/lib/services/q-lora-training.ts(482,11): error TS1005: ':' expected.
sveltekit-frontend/src/lib/services/q-lora-training.ts(482,85): error TS1005: ':' expected.
sveltekit-frontend/src/lib/services/q-lora-training.ts(483,12): error TS1005: ':' expected.
sveltekit-frontend/src/lib/services/q-lora-training.ts(493,3): error TS1128: Declaration or statement expected.
sveltekit-frontend/src/lib/services/q-lora-training.ts(493,36): error TS1135: Argument expression expected.
sveltekit-frontend/src/lib/services/q-lora-training.ts(493,50): error TS1005: ';' expected.
sveltekit-frontend/src/lib/services/q-lora-training.ts(494,9): error TS1005: ':' expected.
sveltekit-frontend/src/lib/services/q-lora-training.ts(494,43): error TS1005: ',' expected.
sveltekit-frontend/src/lib/services/q-lora-training.ts(496,13): error TS1005: ',' expected.
sveltekit-frontend/src/lib/services/q-lora-training.ts(496,73): error TS1005: ',' expected.
sveltekit-frontend/src/lib/services/q-lora-training.ts(496,75): error TS1136: Property assignment expected.
sveltekit-frontend/src/lib/services/q-lora-training.ts(499,3): error TS1128: Declaration or statement expected.
sveltekit-frontend/src/lib/services/q-lora-training.ts(503,3): error TS1128: Declaration or statement expected.
sveltekit-frontend/src/lib/services/q-lora-training.ts(503,11): error TS1434: Unexpected keyword or identifier.
sveltekit-frontend/src/lib/services/q-lora-training.ts(503,33): error TS1109: Expression expected.
sveltekit-frontend/src/lib/services/q-lora-training.ts(504,13): error TS1005: ',' expected.
sveltekit-frontend/src/lib/services/q-lora-training.ts(504,62): error TS1005: ',' expected.
sveltekit-frontend/src/lib/services/q-lora-training.ts(504,72): error TS1005: ',' expected.
sveltekit-frontend/src/lib/services/q-lora-training.ts(504,73): error TS1005: ':' expected.
sveltekit-frontend/src/lib/services/q-lora-training.ts(504,74): error TS1136: Property assignment expected.
sveltekit-frontend/src/lib/services/q-lora-training.ts(506,5): error TS1109: Expression expected.
sveltekit-frontend/src/lib/services/q-lora-training.ts(519,10): error TS1005: ')' expected.
sveltekit-frontend/src/lib/services/q-lora-training.ts(528,3): error TS1128: Declaration or statement expected.
sveltekit-frontend/src/lib/services/q-lora-training.ts(532,3): error TS1128: Declaration or statement expected.
sveltekit-frontend/src/lib/services/q-lora-training.ts(532,11): error TS1434: Unexpected keyword or identifier.
sveltekit-frontend/src/lib/services/q-lora-training.ts(532,38): error TS1109: Expression expected.
sveltekit-frontend/src/lib/services/q-lora-training.ts(533,9): error TS1005: ',' expected.
sveltekit-frontend/src/lib/services/q-lora-training.ts(533,18): error TS1109: Expression expected.
sveltekit-frontend/src/lib/services/q-lora-training.ts(533,21): error TS1005: ':' expected.
sveltekit-frontend/src/lib/services/q-lora-training.ts(535,11): error TS1005: ':' expected.
sveltekit-frontend/src/lib/services/q-lora-training.ts(535,57): error TS1005: ',' expected.
sveltekit-frontend/src/lib/services/q-lora-training.ts(536,7): error TS1003: Identifier expected.
sveltekit-frontend/src/lib/services/q-lora-training.ts(537,7): error TS1003: Identifier expected.
sveltekit-frontend/src/lib/services/q-lora-training.ts(537,37): error TS1005: ',' expected.
sveltekit-frontend/src/lib/services/q-lora-training.ts(538,31): error TS1138: Parameter declaration expected.
sveltekit-frontend/src/lib/services/q-lora-training.ts(538,42): error TS1109: Expression expected.
sveltekit-frontend/src/lib/services/q-lora-training.ts(538,45): error TS1005: ':' expected.
sveltekit-frontend/src/lib/services/q-lora-training.ts(538,55): error TS1005: ',' expected.
sveltekit-frontend/src/lib/services/q-lora-training.ts(538,56): error TS1005: ':' expected.
sveltekit-frontend/src/lib/services/q-lora-training.ts(539,10): error TS1359: Identifier expected. 'const' is a reserved word that cannot be used here.
sveltekit-frontend/src/lib/services/q-lora-training.ts(539,16): error TS1005: ',' expected.
sveltekit-frontend/src/lib/services/q-lora-training.ts(539,40): error TS1005: ',' expected.
sveltekit-frontend/src/lib/services/q-lora-training.ts(539,45): error TS1005: ',' expected.
sveltekit-frontend/src/lib/services/q-lora-training.ts(539,69): error TS1005: '{' expected.
sveltekit-frontend/src/lib/services/q-lora-training.ts(539,71): error TS1136: Property assignment expected.
sveltekit-frontend/src/lib/services/q-lora-training.ts(541,90): error TS1109: Expression expected.
sveltekit-frontend/src/lib/services/q-lora-training.ts(546,59): error TS1109: Expression expected.
sveltekit-frontend/src/lib/services/q-lora-training.ts(547,31): error TS1109: Expression expected.
sveltekit-frontend/src/lib/services/q-lora-training.ts(549,59): error TS1109: Expression expected.
sveltekit-frontend/src/lib/services/q-lora-training.ts(550,31): error TS1109: Expression expected.
sveltekit-frontend/src/lib/services/q-lora-training.ts(559,3): error TS1128: Declaration or statement expected.
sveltekit-frontend/src/lib/services/q-lora-training.ts(563,3): error TS1128: Declaration or statement expected.
sveltekit-frontend/src/lib/services/q-lora-training.ts(563,33): error TS1135: Argument expression expected.
sveltekit-frontend/src/lib/services/q-lora-training.ts(563,42): error TS1005: ';' expected.
sveltekit-frontend/src/lib/services/q-lora-training.ts(563,56): error TS1109: Expression expected.
sveltekit-frontend/src/lib/services/q-lora-training.ts(563,57): error TS1109: Expression expected.
sveltekit-frontend/src/lib/services/q-lora-training.ts(563,59): error TS1005: ';' expected.
sveltekit-frontend/src/lib/services/q-lora-training.ts(566,72): error TS1109: Expression expected.
sveltekit-frontend/src/lib/services/q-lora-training.ts(567,7): error TS1109: Expression expected.
sveltekit-frontend/src/lib/services/q-lora-training.ts(575,3): error TS1128: Declaration or statement expected.
sveltekit-frontend/src/lib/services/q-lora-training.ts(575,33): error TS1109: Expression expected.
sveltekit-frontend/src/lib/services/q-lora-training.ts(576,9): error TS1005: ':' expected.
sveltekit-frontend/src/lib/services/q-lora-training.ts(576,31): error TS1005: ',' expected.
sveltekit-frontend/src/lib/services/q-lora-training.ts(577,10): error TS1359: Identifier expected. 'const' is a reserved word that cannot be used here.
sveltekit-frontend/src/lib/services/q-lora-training.ts(577,16): error TS1005: ',' expected.
sveltekit-frontend/src/lib/services/q-lora-training.ts(577,43): error TS1005: ',' expected.
sveltekit-frontend/src/lib/services/q-lora-training.ts(577,48): error TS1005: ',' expected.
sveltekit-frontend/src/lib/services/q-lora-training.ts(577,66): error TS1005: '{' expected.
sveltekit-frontend/src/lib/services/q-lora-training.ts(577,68): error TS1136: Property assignment expected.
sveltekit-frontend/src/lib/services/q-lora-training.ts(585,3): error TS1128: Declaration or statement expected.
sveltekit-frontend/src/lib/services/q-lora-training.ts(589,3): error TS1128: Declaration or statement expected.
sveltekit-frontend/src/lib/services/q-lora-training.ts(589,28): error TS1135: Argument expression expected.
sveltekit-frontend/src/lib/services/q-lora-training.ts(589,37): error TS1005: ';' expected.
sveltekit-frontend/src/lib/services/q-lora-training.ts(589,39): error TS1434: Unexpected keyword or identifier.
sveltekit-frontend/src/lib/services/q-lora-training.ts(592,63): error TS1005: ')' expected.
sveltekit-frontend/src/lib/services/q-lora-training.ts(593,7): error TS1128: Declaration or statement expected.
sveltekit-frontend/src/lib/services/q-lora-training.ts(594,17): error TS1005: ')' expected.
sveltekit-frontend/src/lib/services/q-lora-training.ts(600,3): error TS1128: Declaration or statement expected.
sveltekit-frontend/src/lib/services/q-lora-training.ts(600,30): error TS1135: Argument expression expected.
sveltekit-frontend/src/lib/services/q-lora-training.ts(600,49): error TS1005: ',' expected.
sveltekit-frontend/src/lib/services/q-lora-training.ts(600,59): error TS1005: ';' expected.
sveltekit-frontend/src/lib/services/q-lora-training.ts(600,61): error TS1434: Unexpected keyword or identifier.
sveltekit-frontend/src/lib/services/q-lora-training.ts(606,3): error TS1128: Declaration or statement expected.
sveltekit-frontend/src/lib/services/q-lora-training.ts(606,30): error TS1135: Argument expression expected.
sveltekit-frontend/src/lib/services/q-lora-training.ts(606,49): error TS1005: ',' expected.
sveltekit-frontend/src/lib/services/q-lora-training.ts(606,65): error TS1005: ',' expected.
sveltekit-frontend/src/lib/services/q-lora-training.ts(606,75): error TS1005: ';' expected.
sveltekit-frontend/src/lib/services/q-lora-training.ts(607,9): error TS1003: Identifier expected.
sveltekit-frontend/src/lib/services/q-lora-training.ts(607,14): error TS1005: ',' expected.
sveltekit-frontend/src/lib/services/q-lora-training.ts(607,35): error TS1005: ',' expected.
sveltekit-frontend/src/lib/services/q-lora-training.ts(607,37): error TS1136: Property assignment expected.
sveltekit-frontend/src/lib/services/q-lora-training.ts(608,42): error TS1005: ')' expected.
sveltekit-frontend/src/lib/services/q-lora-training.ts(611,3): error TS1128: Declaration or statement expected.
sveltekit-frontend/src/lib/services/q-lora-training.ts(615,3): error TS1434: Unexpected keyword or identifier.
sveltekit-frontend/src/lib/services/q-lora-training.ts(615,27): error TS1135: Argument expression expected.
sveltekit-frontend/src/lib/services/q-lora-training.ts(615,36): error TS1005: ';' expected.
sveltekit-frontend/src/lib/services/q-lora-training.ts(615,50): error TS1109: Expression expected.
sveltekit-frontend/src/lib/services/q-lora-training.ts(616,11): error TS1005: ':' expected.
sveltekit-frontend/src/lib/services/q-lora-training.ts(619,15): error TS1003: Identifier expected.
sveltekit-frontend/src/lib/services/q-lora-training.ts(622,9): error TS1135: Argument expression expected.
sveltekit-frontend/src/lib/services/q-lora-training.ts(623,7): error TS1136: Property assignment expected.
sveltekit-frontend/src/lib/services/q-lora-training.ts(623,8): error TS1136: Property assignment expected.
sveltekit-frontend/src/lib/services/q-lora-training.ts(625,15): error TS1003: Identifier expected.
sveltekit-frontend/src/lib/services/q-lora-training.ts(635,7): error TS1136: Property assignment expected.
sveltekit-frontend/src/lib/services/q-lora-training.ts(635,8): error TS1136: Property assignment expected.
sveltekit-frontend/src/lib/services/q-lora-training.ts(639,5): error TS1005: ',' expected.
sveltekit-frontend/src/lib/services/q-lora-training.ts(639,11): error TS1005: ',' expected.
sveltekit-frontend/src/lib/services/q-lora-training.ts(639,38): error TS1005: ',' expected.
sveltekit-frontend/src/lib/services/q-lora-training.ts(639,81): error TS1005: ',' expected.
sveltekit-frontend/src/lib/services/q-lora-training.ts(640,13): error TS1003: Identifier expected.
sveltekit-frontend/src/lib/services/q-lora-training.ts(640,54): error TS1005: ',' expected.
sveltekit-frontend/src/lib/services/q-lora-training.ts(645,3): error TS1434: Unexpected keyword or identifier.
sveltekit-frontend/src/lib/services/q-lora-training.ts(645,27): error TS1135: Argument expression expected.
sveltekit-frontend/src/lib/services/q-lora-training.ts(645,36): error TS1005: ';' expected.
sveltekit-frontend/src/lib/services/q-lora-training.ts(646,11): error TS1005: ':' expected.
sveltekit-frontend/src/lib/services/q-lora-training.ts(646,87): error TS1005: ',' expected.
sveltekit-frontend/src/lib/services/q-lora-training.ts(647,9): error TS1003: Identifier expected.
sveltekit-frontend/src/lib/services/q-lora-training.ts(651,5): error TS1005: ',' expected.
sveltekit-frontend/src/lib/services/q-lora-training.ts(651,9): error TS1005: ':' expected.
sveltekit-frontend/src/lib/services/q-lora-training.ts(651,36): error TS1005: ',' expected.
sveltekit-frontend/src/lib/services/q-lora-training.ts(652,9): error TS1005: ':' expected.
sveltekit-frontend/src/lib/services/q-lora-training.ts(652,50): error TS1109: Expression expected.
sveltekit-frontend/src/lib/services/q-lora-training.ts(652,53): error TS1005: ':' expected.
sveltekit-frontend/src/lib/services/q-lora-training.ts(654,9): error TS1005: ':' expected.
sveltekit-frontend/src/lib/services/q-lora-training.ts(654,24): error TS1005: ',' expected.
sveltekit-frontend/src/lib/services/q-lora-training.ts(655,10): error TS1359: Identifier expected. 'const' is a reserved word that cannot be used here.
sveltekit-frontend/src/lib/services/q-lora-training.ts(655,16): error TS1005: ',' expected.
sveltekit-frontend/src/lib/services/q-lora-training.ts(655,43): error TS1005: ',' expected.
sveltekit-frontend/src/lib/services/q-lora-training.ts(655,50): error TS1005: ',' expected.
sveltekit-frontend/src/lib/services/q-lora-training.ts(655,77): error TS1005: ',' expected.
sveltekit-frontend/src/lib/services/q-lora-training.ts(655,79): error TS1136: Property assignment expected.
sveltekit-frontend/src/lib/services/q-lora-training.ts(656,73): error TS1005: ')' expected.
sveltekit-frontend/src/lib/services/q-lora-training.ts(672,3): error TS1128: Declaration or statement expected.
sveltekit-frontend/src/lib/services/q-lora-training.ts(676,22): error TS1109: Expression expected.
sveltekit-frontend/src/lib/services/q-lora-training.ts(701,1): error TS1128: Declaration or statement expected.
sveltekit-frontend/src/lib/services/qlora-reinforcement-learning-trainer.ts(122,3): error TS1068: Unexpected token. A constructor, method, accessor, or property was expected.
sveltekit-frontend/src/lib/services/qlora-reinforcement-learning-trainer.ts(122,4): error TS1068: Unexpected token. A constructor, method, accessor, or property was expected.
sveltekit-frontend/src/lib/services/qlora-reinforcement-learning-trainer.ts(122,14): error TS1139: Type parameter declaration expected.
sveltekit-frontend/src/lib/services/qlora-reinforcement-learning-trainer.ts(122,18): error TS1109: Expression expected.
sveltekit-frontend/src/lib/services/qlora-reinforcement-learning-trainer.ts(123,11): error TS1005: ':' expected.
sveltekit-frontend/src/lib/services/qlora-reinforcement-learning-trainer.ts(133,5): error TS1005: ',' expected.
sveltekit-frontend/src/lib/services/qlora-reinforcement-learning-trainer.ts(133,9): error TS1005: ':' expected.
sveltekit-frontend/src/lib/services/qlora-reinforcement-learning-trainer.ts(133,47): error TS1005: ',' expected.
sveltekit-frontend/src/lib/services/qlora-reinforcement-learning-trainer.ts(134,9): error TS1005: ':' expected.
sveltekit-frontend/src/lib/services/qlora-reinforcement-learning-trainer.ts(134,37): error TS1005: ',' expected.
sveltekit-frontend/src/lib/services/qlora-reinforcement-learning-trainer.ts(136,9): error TS1005: ':' expected.
sveltekit-frontend/src/lib/services/qlora-reinforcement-learning-trainer.ts(136,32): error TS1005: ',' expected.
sveltekit-frontend/src/lib/services/qlora-reinforcement-learning-trainer.ts(138,11): error TS1005: ',' expected.
sveltekit-frontend/src/lib/services/qlora-reinforcement-learning-trainer.ts(138,16): error TS1005: ',' expected.
sveltekit-frontend/src/lib/services/qlora-reinforcement-learning-trainer.ts(138,37): error TS1136: Property assignment expected.
sveltekit-frontend/src/lib/services/qlora-reinforcement-learning-trainer.ts(139,13): error TS1109: Expression expected.
sveltekit-frontend/src/lib/services/qlora-reinforcement-learning-trainer.ts(145,3): error TS1128: Declaration or statement expected.
sveltekit-frontend/src/lib/services/qlora-reinforcement-learning-trainer.ts(149,3): error TS1434: Unexpected keyword or identifier.
sveltekit-frontend/src/lib/services/qlora-reinforcement-learning-trainer.ts(149,25): error TS1109: Expression expected.
sveltekit-frontend/src/lib/services/qlora-reinforcement-learning-trainer.ts(149,39): error TS1109: Expression expected.
sveltekit-frontend/src/lib/services/qlora-reinforcement-learning-trainer.ts(150,13): error TS1005: ',' expected.
sveltekit-frontend/src/lib/services/qlora-reinforcement-learning-trainer.ts(150,25): error TS1005: ',' expected.
sveltekit-frontend/src/lib/services/qlora-reinforcement-learning-trainer.ts(150,27): error TS1136: Property assignment expected.
sveltekit-frontend/src/lib/services/qlora-reinforcement-learning-trainer.ts(154,42): error TS1109: Expression expected.
sveltekit-frontend/src/lib/services/qlora-reinforcement-learning-trainer.ts(189,3): error TS1128: Declaration or statement expected.
sveltekit-frontend/src/lib/services/qlora-reinforcement-learning-trainer.ts(193,3): error TS1128: Declaration or statement expected.
sveltekit-frontend/src/lib/services/qlora-reinforcement-learning-trainer.ts(193,30): error TS1109: Expression expected.
sveltekit-frontend/src/lib/services/qlora-reinforcement-learning-trainer.ts(194,16): error TS1138: Parameter declaration expected.
sveltekit-frontend/src/lib/services/qlora-reinforcement-learning-trainer.ts(194,20): error TS1005: '(' expected.
sveltekit-frontend/src/lib/services/qlora-reinforcement-learning-trainer.ts(196,12): error TS1005: ';' expected.
sveltekit-frontend/src/lib/services/qlora-reinforcement-learning-trainer.ts(197,3): error TS1128: Declaration or statement expected.
sveltekit-frontend/src/lib/services/qlora-reinforcement-learning-trainer.ts(201,3): error TS1128: Declaration or statement expected.
sveltekit-frontend/src/lib/services/qlora-reinforcement-learning-trainer.ts(201,49): error TS1135: Argument expression expected.
sveltekit-frontend/src/lib/services/qlora-reinforcement-learning-trainer.ts(201,68): error TS1005: ',' expected.
sveltekit-frontend/src/lib/services/qlora-reinforcement-learning-trainer.ts(201,84): error TS1005: ';' expected.
sveltekit-frontend/src/lib/services/qlora-reinforcement-learning-trainer.ts(201,86): error TS1434: Unexpected keyword or identifier.
sveltekit-frontend/src/lib/services/qlora-reinforcement-learning-trainer.ts(232,3): error TS1128: Declaration or statement expected.
sveltekit-frontend/src/lib/services/qlora-reinforcement-learning-trainer.ts(232,11): error TS1434: Unexpected keyword or identifier.
sveltekit-frontend/src/lib/services/qlora-reinforcement-learning-trainer.ts(232,49): error TS1135: Argument expression expected.
sveltekit-frontend/src/lib/services/qlora-reinforcement-learning-trainer.ts(232,67): error TS1011: An element access expression should take an argument.
sveltekit-frontend/src/lib/services/qlora-reinforcement-learning-trainer.ts(232,69): error TS1005: ';' expected.
sveltekit-frontend/src/lib/services/qlora-reinforcement-learning-trainer.ts(233,11): error TS1005: ':' expected.
sveltekit-frontend/src/lib/services/qlora-reinforcement-learning-trainer.ts(234,40): error TS1136: Property assignment expected.
sveltekit-frontend/src/lib/services/qlora-reinforcement-learning-trainer.ts(247,9): error TS1135: Argument expression expected.
sveltekit-frontend/src/lib/services/qlora-reinforcement-learning-trainer.ts(251,5): error TS1005: ',' expected.
sveltekit-frontend/src/lib/services/qlora-reinforcement-learning-trainer.ts(251,11): error TS1005: ',' expected.
sveltekit-frontend/src/lib/services/qlora-reinforcement-learning-trainer.ts(251,38): error TS1005: ',' expected.
sveltekit-frontend/src/lib/services/qlora-reinforcement-learning-trainer.ts(251,83): error TS1005: ',' expected.
sveltekit-frontend/src/lib/services/qlora-reinforcement-learning-trainer.ts(252,12): error TS1005: ':' expected.
sveltekit-frontend/src/lib/services/qlora-reinforcement-learning-trainer.ts(252,20): error TS1005: ',' expected.
sveltekit-frontend/src/lib/services/qlora-reinforcement-learning-trainer.ts(257,3): error TS1128: Declaration or statement expected.
sveltekit-frontend/src/lib/services/qlora-reinforcement-learning-trainer.ts(257,11): error TS1434: Unexpected keyword or identifier.
sveltekit-frontend/src/lib/services/qlora-reinforcement-learning-trainer.ts(257,48): error TS1135: Argument expression expected.
sveltekit-frontend/src/lib/services/qlora-reinforcement-learning-trainer.ts(257,54): error TS1005: ';' expected.
sveltekit-frontend/src/lib/services/qlora-reinforcement-learning-trainer.ts(258,12): error TS1005: ':' expected.
sveltekit-frontend/src/lib/services/qlora-reinforcement-learning-trainer.ts(291,3): error TS1128: Declaration or statement expected.
sveltekit-frontend/src/lib/services/qlora-reinforcement-learning-trainer.ts(291,11): error TS1434: Unexpected keyword or identifier.
sveltekit-frontend/src/lib/services/qlora-reinforcement-learning-trainer.ts(291,45): error TS1135: Argument expression expected.
sveltekit-frontend/src/lib/services/qlora-reinforcement-learning-trainer.ts(291,51): error TS1005: ';' expected.
sveltekit-frontend/src/lib/services/qlora-reinforcement-learning-trainer.ts(292,13): error TS1003: Identifier expected.
sveltekit-frontend/src/lib/services/qlora-reinforcement-learning-trainer.ts(292,54): error TS1005: ',' expected.
sveltekit-frontend/src/lib/services/qlora-reinforcement-learning-trainer.ts(293,13): error TS1003: Identifier expected.
sveltekit-frontend/src/lib/services/qlora-reinforcement-learning-trainer.ts(293,53): error TS1005: ',' expected.
sveltekit-frontend/src/lib/services/qlora-reinforcement-learning-trainer.ts(294,13): error TS1003: Identifier expected.
sveltekit-frontend/src/lib/services/qlora-reinforcement-learning-trainer.ts(294,66): error TS1005: ',' expected.
sveltekit-frontend/src/lib/services/qlora-reinforcement-learning-trainer.ts(295,13): error TS1003: Identifier expected.
sveltekit-frontend/src/lib/services/qlora-reinforcement-learning-trainer.ts(295,80): error TS1005: ',' expected.
sveltekit-frontend/src/lib/services/qlora-reinforcement-learning-trainer.ts(296,13): error TS1003: Identifier expected.
sveltekit-frontend/src/lib/services/qlora-reinforcement-learning-trainer.ts(296,69): error TS1005: ',' expected.
sveltekit-frontend/src/lib/services/qlora-reinforcement-learning-trainer.ts(298,11): error TS1005: ':' expected.
sveltekit-frontend/src/lib/services/qlora-reinforcement-learning-trainer.ts(298,76): error TS1005: ',' expected.
sveltekit-frontend/src/lib/services/qlora-reinforcement-learning-trainer.ts(299,13): error TS1003: Identifier expected.
sveltekit-frontend/src/lib/services/qlora-reinforcement-learning-trainer.ts(299,85): error TS1005: ',' expected.
sveltekit-frontend/src/lib/services/qlora-reinforcement-learning-trainer.ts(300,11): error TS1005: ',' expected.
sveltekit-frontend/src/lib/services/qlora-reinforcement-learning-trainer.ts(300,14): error TS1005: ':' expected.
sveltekit-frontend/src/lib/services/qlora-reinforcement-learning-trainer.ts(300,32): error TS1005: ',' expected.
sveltekit-frontend/src/lib/services/qlora-reinforcement-learning-trainer.ts(300,45): error TS1005: ',' expected.
sveltekit-frontend/src/lib/services/qlora-reinforcement-learning-trainer.ts(300,86): error TS1005: ')' expected.
sveltekit-frontend/src/lib/services/qlora-reinforcement-learning-trainer.ts(303,13): error TS1109: Expression expected.
sveltekit-frontend/src/lib/services/qlora-reinforcement-learning-trainer.ts(307,3): error TS1128: Declaration or statement expected.
sveltekit-frontend/src/lib/services/qlora-reinforcement-learning-trainer.ts(311,3): error TS1128: Declaration or statement expected.
sveltekit-frontend/src/lib/services/qlora-reinforcement-learning-trainer.ts(311,11): error TS1434: Unexpected keyword or identifier.
sveltekit-frontend/src/lib/services/qlora-reinforcement-learning-trainer.ts(311,53): error TS1135: Argument expression expected.
sveltekit-frontend/src/lib/services/qlora-reinforcement-learning-trainer.ts(311,62): error TS1005: ';' expected.
sveltekit-frontend/src/lib/services/qlora-reinforcement-learning-trainer.ts(312,13): error TS1003: Identifier expected.
sveltekit-frontend/src/lib/services/qlora-reinforcement-learning-trainer.ts(312,51): error TS1005: ',' expected.
sveltekit-frontend/src/lib/services/qlora-reinforcement-learning-trainer.ts(314,11): error TS1005: ':' expected.
sveltekit-frontend/src/lib/services/qlora-reinforcement-learning-trainer.ts(314,81): error TS1005: ',' expected.
sveltekit-frontend/src/lib/services/qlora-reinforcement-learning-trainer.ts(315,9): error TS1005: ',' expected.
sveltekit-frontend/src/lib/services/qlora-reinforcement-learning-trainer.ts(315,21): error TS1109: Expression expected.
sveltekit-frontend/src/lib/services/qlora-reinforcement-learning-trainer.ts(315,24): error TS1005: ':' expected.
sveltekit-frontend/src/lib/services/qlora-reinforcement-learning-trainer.ts(316,9): error TS1005: ',' expected.
sveltekit-frontend/src/lib/services/qlora-reinforcement-learning-trainer.ts(316,24): error TS1109: Expression expected.
sveltekit-frontend/src/lib/services/qlora-reinforcement-learning-trainer.ts(316,27): error TS1005: ':' expected.
sveltekit-frontend/src/lib/services/qlora-reinforcement-learning-trainer.ts(317,10): error TS1359: Identifier expected. 'const' is a reserved word that cannot be used here.
sveltekit-frontend/src/lib/services/qlora-reinforcement-learning-trainer.ts(317,16): error TS1005: ',' expected.
sveltekit-frontend/src/lib/services/qlora-reinforcement-learning-trainer.ts(317,29): error TS1005: ',' expected.
sveltekit-frontend/src/lib/services/qlora-reinforcement-learning-trainer.ts(324,5): error TS1005: ',' expected.
sveltekit-frontend/src/lib/services/qlora-reinforcement-learning-trainer.ts(324,11): error TS1005: ':' expected.
sveltekit-frontend/src/lib/services/qlora-reinforcement-learning-trainer.ts(324,64): error TS1005: ',' expected.
sveltekit-frontend/src/lib/services/qlora-reinforcement-learning-trainer.ts(325,11): error TS1005: ':' expected.
sveltekit-frontend/src/lib/services/qlora-reinforcement-learning-trainer.ts(325,72): error TS1005: ',' expected.
sveltekit-frontend/src/lib/services/qlora-reinforcement-learning-trainer.ts(326,11): error TS1005: ':' expected.
sveltekit-frontend/src/lib/services/qlora-reinforcement-learning-trainer.ts(326,77): error TS1005: ',' expected.
sveltekit-frontend/src/lib/services/qlora-reinforcement-learning-trainer.ts(327,11): error TS1005: ':' expected.
sveltekit-frontend/src/lib/services/qlora-reinforcement-learning-trainer.ts(335,5): error TS1005: ',' expected.
sveltekit-frontend/src/lib/services/qlora-reinforcement-learning-trainer.ts(335,13): error TS1003: Identifier expected.
sveltekit-frontend/src/lib/services/qlora-reinforcement-learning-trainer.ts(335,43): error TS1005: ',' expected.
sveltekit-frontend/src/lib/services/qlora-reinforcement-learning-trainer.ts(336,13): error TS1003: Identifier expected.
sveltekit-frontend/src/lib/services/qlora-reinforcement-learning-trainer.ts(336,68): error TS1005: ',' expected.
sveltekit-frontend/src/lib/services/qlora-reinforcement-learning-trainer.ts(337,13): error TS1003: Identifier expected.
sveltekit-frontend/src/lib/services/qlora-reinforcement-learning-trainer.ts(337,72): error TS1005: ',' expected.
sveltekit-frontend/src/lib/services/qlora-reinforcement-learning-trainer.ts(338,13): error TS1003: Identifier expected.
sveltekit-frontend/src/lib/services/qlora-reinforcement-learning-trainer.ts(338,73): error TS1005: ',' expected.
sveltekit-frontend/src/lib/services/qlora-reinforcement-learning-trainer.ts(339,12): error TS1005: ':' expected.
sveltekit-frontend/src/lib/services/qlora-reinforcement-learning-trainer.ts(339,20): error TS1005: ',' expected.
sveltekit-frontend/src/lib/services/qlora-reinforcement-learning-trainer.ts(344,3): error TS1128: Declaration or statement expected.
sveltekit-frontend/src/lib/services/qlora-reinforcement-learning-trainer.ts(344,11): error TS1434: Unexpected keyword or identifier.
sveltekit-frontend/src/lib/services/qlora-reinforcement-learning-trainer.ts(344,44): error TS1135: Argument expression expected.
sveltekit-frontend/src/lib/services/qlora-reinforcement-learning-trainer.ts(344,62): error TS1005: ',' expected.
sveltekit-frontend/src/lib/services/qlora-reinforcement-learning-trainer.ts(344,72): error TS1005: ';' expected.
sveltekit-frontend/src/lib/services/qlora-reinforcement-learning-trainer.ts(344,86): error TS1109: Expression expected.
sveltekit-frontend/src/lib/services/qlora-reinforcement-learning-trainer.ts(345,13): error TS1003: Identifier expected.
sveltekit-frontend/src/lib/services/qlora-reinforcement-learning-trainer.ts(345,59): error TS1005: ',' expected.
sveltekit-frontend/src/lib/services/qlora-reinforcement-learning-trainer.ts(352,11): error TS1005: ',' expected.
sveltekit-frontend/src/lib/services/qlora-reinforcement-learning-trainer.ts(352,38): error TS1005: ',' expected.
sveltekit-frontend/src/lib/services/qlora-reinforcement-learning-trainer.ts(352,77): error TS1005: ',' expected.
sveltekit-frontend/src/lib/services/qlora-reinforcement-learning-trainer.ts(353,11): error TS1005: ',' expected.
sveltekit-frontend/src/lib/services/qlora-reinforcement-learning-trainer.ts(353,38): error TS1005: ',' expected.
sveltekit-frontend/src/lib/services/qlora-reinforcement-learning-trainer.ts(353,90): error TS1005: ',' expected.
sveltekit-frontend/src/lib/services/qlora-reinforcement-learning-trainer.ts(354,13): error TS1003: Identifier expected.
sveltekit-frontend/src/lib/services/qlora-reinforcement-learning-trainer.ts(354,61): error TS1005: ',' expected.
sveltekit-frontend/src/lib/services/qlora-reinforcement-learning-trainer.ts(359,22): error TS1109: Expression expected.
sveltekit-frontend/src/lib/services/qlora-reinforcement-learning-trainer.ts(360,33): error TS1005: ',' expected.
sveltekit-frontend/src/lib/services/qlora-reinforcement-learning-trainer.ts(361,32): error TS1005: ',' expected.
sveltekit-frontend/src/lib/services/qlora-reinforcement-learning-trainer.ts(362,27): error TS1005: ',' expected.
sveltekit-frontend/src/lib/services/qlora-reinforcement-learning-trainer.ts(363,37): error TS1005: ',' expected.
sveltekit-frontend/src/lib/services/qlora-reinforcement-learning-trainer.ts(365,11): error TS1005: ':' expected.
sveltekit-frontend/src/lib/services/qlora-reinforcement-learning-trainer.ts(365,66): error TS1109: Expression expected.
sveltekit-frontend/src/lib/services/qlora-reinforcement-learning-trainer.ts(366,32): error TS1005: ':' expected.
sveltekit-frontend/src/lib/services/qlora-reinforcement-learning-trainer.ts(367,32): error TS1005: ',' expected.
sveltekit-frontend/src/lib/services/qlora-reinforcement-learning-trainer.ts(368,12): error TS1005: ':' expected.
sveltekit-frontend/src/lib/services/qlora-reinforcement-learning-trainer.ts(381,3): error TS1434: Unexpected keyword or identifier.
sveltekit-frontend/src/lib/services/qlora-reinforcement-learning-trainer.ts(381,25): error TS1109: Expression expected.
sveltekit-frontend/src/lib/services/qlora-reinforcement-learning-trainer.ts(381,39): error TS1109: Expression expected.
sveltekit-frontend/src/lib/services/qlora-reinforcement-learning-trainer.ts(382,13): error TS1005: ',' expected.
sveltekit-frontend/src/lib/services/qlora-reinforcement-learning-trainer.ts(382,38): error TS1109: Expression expected.
sveltekit-frontend/src/lib/services/qlora-reinforcement-learning-trainer.ts(382,41): error TS1005: ':' expected.
sveltekit-frontend/src/lib/services/qlora-reinforcement-learning-trainer.ts(382,43): error TS1136: Property assignment expected.
sveltekit-frontend/src/lib/services/qlora-reinforcement-learning-trainer.ts(387,3): error TS1128: Declaration or statement expected.
sveltekit-frontend/src/lib/services/qlora-reinforcement-learning-trainer.ts(391,3): error TS1128: Declaration or statement expected.
sveltekit-frontend/src/lib/services/qlora-reinforcement-learning-trainer.ts(391,33): error TS1135: Argument expression expected.
sveltekit-frontend/src/lib/services/qlora-reinforcement-learning-trainer.ts(391,51): error TS1005: ';' expected.
sveltekit-frontend/src/lib/services/qlora-reinforcement-learning-trainer.ts(392,9): error TS1005: ':' expected.
sveltekit-frontend/src/lib/services/qlora-reinforcement-learning-trainer.ts(392,33): error TS1109: Expression expected.
sveltekit-frontend/src/lib/services/qlora-reinforcement-learning-trainer.ts(392,34): error TS1136: Property assignment expected.
sveltekit-frontend/src/lib/services/qlora-reinforcement-learning-trainer.ts(392,35): error TS1109: Expression expected.
sveltekit-frontend/src/lib/services/qlora-reinforcement-learning-trainer.ts(398,78): error TS1109: Expression expected.
sveltekit-frontend/src/lib/services/qlora-reinforcement-learning-trainer.ts(398,80): error TS1134: Variable declaration expected.
sveltekit-frontend/src/lib/services/qlora-reinforcement-learning-trainer.ts(399,69): error TS1005: ')' expected.
sveltekit-frontend/src/lib/services/qlora-reinforcement-learning-trainer.ts(400,7): error TS1128: Declaration or statement expected.
sveltekit-frontend/src/lib/services/qlora-reinforcement-learning-trainer.ts(403,3): error TS1128: Declaration or statement expected.
sveltekit-frontend/src/lib/services/qlora-reinforcement-learning-trainer.ts(404,3): error TS1128: Declaration or statement expected.
sveltekit-frontend/src/lib/services/qlora-reinforcement-learning-trainer.ts(404,11): error TS1434: Unexpected keyword or identifier.
sveltekit-frontend/src/lib/services/qlora-reinforcement-learning-trainer.ts(404,39): error TS1109: Expression expected.
sveltekit-frontend/src/lib/services/qlora-reinforcement-learning-trainer.ts(404,53): error TS1109: Expression expected.
sveltekit-frontend/src/lib/services/qlora-reinforcement-learning-trainer.ts(405,11): error TS1005: ',' expected.
sveltekit-frontend/src/lib/services/qlora-reinforcement-learning-trainer.ts(405,38): error TS1005: ',' expected.
sveltekit-frontend/src/lib/services/qlora-reinforcement-learning-trainer.ts(405,104): error TS1109: Expression expected.
sveltekit-frontend/src/lib/services/qlora-reinforcement-learning-trainer.ts(405,105): error TS1005: ')' expected.
sveltekit-frontend/src/lib/services/qlora-reinforcement-learning-trainer.ts(406,11): error TS1005: ',' expected.
sveltekit-frontend/src/lib/services/qlora-reinforcement-learning-trainer.ts(406,38): error TS1005: ',' expected.
sveltekit-frontend/src/lib/services/qlora-reinforcement-learning-trainer.ts(406,74): error TS1005: ',' expected.
sveltekit-frontend/src/lib/services/qlora-reinforcement-learning-trainer.ts(408,3): error TS1128: Declaration or statement expected.
sveltekit-frontend/src/lib/services/qlora-reinforcement-learning-trainer.ts(408,36): error TS1109: Expression expected.
sveltekit-frontend/src/lib/services/qlora-reinforcement-learning-trainer.ts(408,38): error TS1434: Unexpected keyword or identifier.
sveltekit-frontend/src/lib/services/qlora-reinforcement-learning-trainer.ts(411,3): error TS1128: Declaration or statement expected.
sveltekit-frontend/src/lib/services/qlora-reinforcement-learning-trainer.ts(411,33): error TS1109: Expression expected.
sveltekit-frontend/src/lib/services/qlora-reinforcement-learning-trainer.ts(411,35): error TS1434: Unexpected keyword or identifier.
sveltekit-frontend/src/lib/services/qlora-reinforcement-learning-trainer.ts(415,3): error TS1128: Declaration or statement expected.
sveltekit-frontend/src/lib/services/qlora-reinforcement-learning-trainer.ts(415,45): error TS1135: Argument expression expected.
sveltekit-frontend/src/lib/services/qlora-reinforcement-learning-trainer.ts(415,60): error TS1005: ';' expected.
sveltekit-frontend/src/lib/services/qlora-reinforcement-learning-trainer.ts(415,62): error TS1434: Unexpected keyword or identifier.
sveltekit-frontend/src/lib/services/qlora-reinforcement-learning-trainer.ts(416,95): error TS1109: Expression expected.
sveltekit-frontend/src/lib/services/qlora-reinforcement-learning-trainer.ts(420,3): error TS1128: Declaration or statement expected.
sveltekit-frontend/src/lib/services/qlora-reinforcement-learning-trainer.ts(420,43): error TS1135: Argument expression expected.
sveltekit-frontend/src/lib/services/qlora-reinforcement-learning-trainer.ts(420,58): error TS1005: ';' expected.
sveltekit-frontend/src/lib/services/qlora-reinforcement-learning-trainer.ts(420,60): error TS1434: Unexpected keyword or identifier.
sveltekit-frontend/src/lib/services/qlora-reinforcement-learning-trainer.ts(427,3): error TS1128: Declaration or statement expected.
sveltekit-frontend/src/lib/services/qlora-reinforcement-learning-trainer.ts(427,44): error TS1135: Argument expression expected.
sveltekit-frontend/src/lib/services/qlora-reinforcement-learning-trainer.ts(427,73): error TS1005: ',' expected.
sveltekit-frontend/src/lib/services/qlora-reinforcement-learning-trainer.ts(427,95): error TS1005: ';' expected.
sveltekit-frontend/src/lib/services/qlora-reinforcement-learning-trainer.ts(427,97): error TS1434: Unexpected keyword or identifier.
sveltekit-frontend/src/lib/services/qlora-reinforcement-learning-trainer.ts(431,77): error TS1109: Expression expected.
sveltekit-frontend/src/lib/services/qlora-reinforcement-learning-trainer.ts(434,91): error TS1005: ')' expected.
sveltekit-frontend/src/lib/services/qlora-reinforcement-learning-trainer.ts(436,3): error TS1128: Declaration or statement expected.
sveltekit-frontend/src/lib/services/qlora-reinforcement-learning-trainer.ts(436,34): error TS1135: Argument expression expected.
sveltekit-frontend/src/lib/services/qlora-reinforcement-learning-trainer.ts(436,43): error TS1005: ';' expected.
sveltekit-frontend/src/lib/services/qlora-reinforcement-learning-trainer.ts(436,45): error TS1434: Unexpected keyword or identifier.
sveltekit-frontend/src/lib/services/qlora-reinforcement-learning-trainer.ts(439,3): error TS1128: Declaration or statement expected.
sveltekit-frontend/src/lib/services/qlora-reinforcement-learning-trainer.ts(439,38): error TS1135: Argument expression expected.
sveltekit-frontend/src/lib/services/qlora-reinforcement-learning-trainer.ts(439,47): error TS1005: ';' expected.
sveltekit-frontend/src/lib/services/qlora-reinforcement-learning-trainer.ts(439,49): error TS1434: Unexpected keyword or identifier.
sveltekit-frontend/src/lib/services/qlora-reinforcement-learning-trainer.ts(442,3): error TS1128: Declaration or statement expected.
sveltekit-frontend/src/lib/services/qlora-reinforcement-learning-trainer.ts(442,33): error TS1135: Argument expression expected.
sveltekit-frontend/src/lib/services/qlora-reinforcement-learning-trainer.ts(442,42): error TS1005: ';' expected.
sveltekit-frontend/src/lib/services/qlora-reinforcement-learning-trainer.ts(442,44): error TS1434: Unexpected keyword or identifier.
sveltekit-frontend/src/lib/services/qlora-reinforcement-learning-trainer.ts(445,3): error TS1128: Declaration or statement expected.
sveltekit-frontend/src/lib/services/qlora-reinforcement-learning-trainer.ts(445,35): error TS1135: Argument expression expected.
sveltekit-frontend/src/lib/services/qlora-reinforcement-learning-trainer.ts(445,44): error TS1005: ';' expected.
sveltekit-frontend/src/lib/services/qlora-reinforcement-learning-trainer.ts(445,46): error TS1434: Unexpected keyword or identifier.
sveltekit-frontend/src/lib/services/qlora-reinforcement-learning-trainer.ts(448,1): error TS1128: Declaration or statement expected.
sveltekit-frontend/src/lib/services/qlora-rl-langextract-integration.ts(232,29): error TS1136: Property assignment expected.
sveltekit-frontend/src/lib/services/qlora-rl-langextract-integration.ts(417,61): error TS1136: Property assignment expected.
sveltekit-frontend/src/lib/services/qlora-rl-langextract-integration.ts(608,31): error TS1005: ',' expected.
sveltekit-frontend/src/lib/services/qlora-rl-training-service.ts(109,54): error TS1442: Expected '=' for property initializer.
sveltekit-frontend/src/lib/services/qlora-rl-training-service.ts(111,3): error TS1068: Unexpected token. A constructor, method, accessor, or property was expected.
sveltekit-frontend/src/lib/services/qlora-rl-training-service.ts(111,4): error TS1068: Unexpected token. A constructor, method, accessor, or property was expected.
sveltekit-frontend/src/lib/services/qlora-rl-training-service.ts(111,30): error TS1005: '(' expected.
sveltekit-frontend/src/lib/services/qlora-rl-training-service.ts(111,32): error TS1068: Unexpected token. A constructor, method, accessor, or property was expected.
sveltekit-frontend/src/lib/services/qlora-rl-training-service.ts(139,3): error TS1128: Declaration or statement expected.
sveltekit-frontend/src/lib/services/qlora-rl-training-service.ts(139,11): error TS1434: Unexpected keyword or identifier.
sveltekit-frontend/src/lib/services/qlora-rl-training-service.ts(139,42): error TS1005: ',' expected.
sveltekit-frontend/src/lib/services/qlora-rl-training-service.ts(139,60): error TS1005: ';' expected.
sveltekit-frontend/src/lib/services/qlora-rl-training-service.ts(139,74): error TS1109: Expression expected.
sveltekit-frontend/src/lib/services/qlora-rl-training-service.ts(140,11): error TS1005: ':' expected.
sveltekit-frontend/src/lib/services/qlora-rl-training-service.ts(140,53): error TS1005: ',' expected.
sveltekit-frontend/src/lib/services/qlora-rl-training-service.ts(141,9): error TS1003: Identifier expected.
sveltekit-frontend/src/lib/services/qlora-rl-training-service.ts(141,14): error TS1005: ',' expected.
sveltekit-frontend/src/lib/services/qlora-rl-training-service.ts(141,41): error TS1005: ',' expected.
sveltekit-frontend/src/lib/services/qlora-rl-training-service.ts(141,43): error TS1136: Property assignment expected.
sveltekit-frontend/src/lib/services/qlora-rl-training-service.ts(149,69): error TS1005: ')' expected.
sveltekit-frontend/src/lib/services/qlora-rl-training-service.ts(156,5): error TS1128: Declaration or statement expected.
sveltekit-frontend/src/lib/services/qlora-rl-training-service.ts(157,3): error TS1128: Declaration or statement expected.
sveltekit-frontend/src/lib/services/qlora-rl-training-service.ts(161,3): error TS1128: Declaration or statement expected.
sveltekit-frontend/src/lib/services/qlora-rl-training-service.ts(161,11): error TS1434: Unexpected keyword or identifier.
sveltekit-frontend/src/lib/services/qlora-rl-training-service.ts(165,3): error TS1128: Declaration or statement expected.
sveltekit-frontend/src/lib/services/qlora-rl-training-service.ts(165,4): error TS1128: Declaration or statement expected.
sveltekit-frontend/src/lib/services/qlora-rl-training-service.ts(166,18): error TS1005: ',' expected.
sveltekit-frontend/src/lib/services/qlora-rl-training-service.ts(166,32): error TS1005: ';' expected.
sveltekit-frontend/src/lib/services/qlora-rl-training-service.ts(176,3): error TS1128: Declaration or statement expected.
sveltekit-frontend/src/lib/services/qlora-rl-training-service.ts(180,3): error TS1128: Declaration or statement expected.
sveltekit-frontend/src/lib/services/qlora-rl-training-service.ts(180,11): error TS1434: Unexpected keyword or identifier.
sveltekit-frontend/src/lib/services/qlora-rl-training-service.ts(180,47): error TS1005: ',' expected.
sveltekit-frontend/src/lib/services/qlora-rl-training-service.ts(180,69): error TS1005: ',' expected.
sveltekit-frontend/src/lib/services/qlora-rl-training-service.ts(180,78): error TS1005: ';' expected.
sveltekit-frontend/src/lib/services/qlora-rl-training-service.ts(182,11): error TS1005: ':' expected.
sveltekit-frontend/src/lib/services/qlora-rl-training-service.ts(188,6): error TS1005: ',' expected.
sveltekit-frontend/src/lib/services/qlora-rl-training-service.ts(189,11): error TS1005: ':' expected.
sveltekit-frontend/src/lib/services/qlora-rl-training-service.ts(189,83): error TS1005: ',' expected.
sveltekit-frontend/src/lib/services/qlora-rl-training-service.ts(190,12): error TS1005: ':' expected.
sveltekit-frontend/src/lib/services/qlora-rl-training-service.ts(190,67): error TS1005: ',' expected.
sveltekit-frontend/src/lib/services/qlora-rl-training-service.ts(195,3): error TS1128: Declaration or statement expected.
sveltekit-frontend/src/lib/services/qlora-rl-training-service.ts(195,39): error TS1005: ',' expected.
sveltekit-frontend/src/lib/services/qlora-rl-training-service.ts(195,77): error TS1005: ';' expected.
sveltekit-frontend/src/lib/services/qlora-rl-training-service.ts(195,79): error TS1434: Unexpected keyword or identifier.
sveltekit-frontend/src/lib/services/qlora-rl-training-service.ts(205,3): error TS1128: Declaration or statement expected.
sveltekit-frontend/src/lib/services/qlora-rl-training-service.ts(205,35): error TS1005: ',' expected.
sveltekit-frontend/src/lib/services/qlora-rl-training-service.ts(205,73): error TS1005: ';' expected.
sveltekit-frontend/src/lib/services/qlora-rl-training-service.ts(205,75): error TS1434: Unexpected keyword or identifier.
sveltekit-frontend/src/lib/services/qlora-rl-training-service.ts(215,3): error TS1128: Declaration or statement expected.
sveltekit-frontend/src/lib/services/qlora-rl-training-service.ts(215,36): error TS1005: ',' expected.
sveltekit-frontend/src/lib/services/qlora-rl-training-service.ts(215,54): error TS1005: ';' expected.
sveltekit-frontend/src/lib/services/qlora-rl-training-service.ts(215,56): error TS1434: Unexpected keyword or identifier.
sveltekit-frontend/src/lib/services/qlora-rl-training-service.ts(227,3): error TS1128: Declaration or statement expected.
sveltekit-frontend/src/lib/services/qlora-rl-training-service.ts(227,36): error TS1005: ';' expected.
sveltekit-frontend/src/lib/services/qlora-rl-training-service.ts(228,23): error TS1005: ',' expected.
sveltekit-frontend/src/lib/services/qlora-rl-training-service.ts(228,26): error TS1005: ';' expected.
sveltekit-frontend/src/lib/services/qlora-rl-training-service.ts(232,6): error TS1128: Declaration or statement expected.
sveltekit-frontend/src/lib/services/qlora-rl-training-service.ts(232,13): error TS1005: ';' expected.
sveltekit-frontend/src/lib/services/qlora-rl-training-service.ts(233,3): error TS1128: Declaration or statement expected.
sveltekit-frontend/src/lib/services/qlora-rl-training-service.ts(237,3): error TS1434: Unexpected keyword or identifier.
sveltekit-frontend/src/lib/services/qlora-rl-training-service.ts(237,31): error TS1005: ';' expected.
sveltekit-frontend/src/lib/services/qlora-rl-training-service.ts(237,45): error TS1109: Expression expected.
sveltekit-frontend/src/lib/services/qlora-rl-training-service.ts(238,13): error TS1005: ',' expected.
sveltekit-frontend/src/lib/services/qlora-rl-training-service.ts(238,59): error TS1005: ',' expected.
sveltekit-frontend/src/lib/services/qlora-rl-training-service.ts(238,67): error TS1005: ':' expected.
sveltekit-frontend/src/lib/services/qlora-rl-training-service.ts(239,9): error TS1005: ':' expected.
sveltekit-frontend/src/lib/services/qlora-rl-training-service.ts(239,27): error TS1005: ',' expected.
sveltekit-frontend/src/lib/services/qlora-rl-training-service.ts(240,12): error TS1005: ',' expected.
sveltekit-frontend/src/lib/services/qlora-rl-training-service.ts(240,52): error TS1005: ',' expected.
sveltekit-frontend/src/lib/services/qlora-rl-training-service.ts(241,9): error TS1005: ':' expected.
sveltekit-frontend/src/lib/services/qlora-rl-training-service.ts(243,13): error TS1005: ':' expected.
sveltekit-frontend/src/lib/services/qlora-rl-training-service.ts(243,77): error TS1005: ',' expected.
sveltekit-frontend/src/lib/services/qlora-rl-training-service.ts(245,13): error TS1005: ':' expected.
sveltekit-frontend/src/lib/services/qlora-rl-training-service.ts(245,70): error TS1005: ',' expected.
sveltekit-frontend/src/lib/services/qlora-rl-training-service.ts(247,13): error TS1005: ',' expected.
sveltekit-frontend/src/lib/services/qlora-rl-training-service.ts(247,17): error TS1005: ':' expected.
sveltekit-frontend/src/lib/services/qlora-rl-training-service.ts(247,57): error TS1005: ',' expected.
sveltekit-frontend/src/lib/services/qlora-rl-training-service.ts(249,12): error TS1359: Identifier expected. 'const' is a reserved word that cannot be used here.
sveltekit-frontend/src/lib/services/qlora-rl-training-service.ts(249,18): error TS1005: ',' expected.
sveltekit-frontend/src/lib/services/qlora-rl-training-service.ts(249,26): error TS1005: ',' expected.
sveltekit-frontend/src/lib/services/qlora-rl-training-service.ts(249,29): error TS1005: ',' expected.
sveltekit-frontend/src/lib/services/qlora-rl-training-service.ts(254,7): error TS1005: ',' expected.
sveltekit-frontend/src/lib/services/qlora-rl-training-service.ts(254,14): error TS1005: ',' expected.
sveltekit-frontend/src/lib/services/qlora-rl-training-service.ts(254,109): error TS1005: ',' expected.
sveltekit-frontend/src/lib/services/qlora-rl-training-service.ts(255,7): error TS1005: ',' expected.
sveltekit-frontend/src/lib/services/qlora-rl-training-service.ts(257,7): error TS1005: ',' expected.
sveltekit-frontend/src/lib/services/qlora-rl-training-service.ts(257,15): error TS1005: ':' expected.
sveltekit-frontend/src/lib/services/qlora-rl-training-service.ts(258,11): error TS1005: ':' expected.
sveltekit-frontend/src/lib/services/qlora-rl-training-service.ts(258,30): error TS1005: ',' expected.
sveltekit-frontend/src/lib/services/qlora-rl-training-service.ts(264,3): error TS1128: Declaration or statement expected.
sveltekit-frontend/src/lib/services/qlora-rl-training-service.ts(264,11): error TS1434: Unexpected keyword or identifier.
sveltekit-frontend/src/lib/services/qlora-rl-training-service.ts(264,44): error TS1005: ',' expected.
sveltekit-frontend/src/lib/services/qlora-rl-training-service.ts(264,62): error TS1011: An element access expression should take an argument.
sveltekit-frontend/src/lib/services/qlora-rl-training-service.ts(264,64): error TS1005: ';' expected.
sveltekit-frontend/src/lib/services/qlora-rl-training-service.ts(266,11): error TS1005: ',' expected.
sveltekit-frontend/src/lib/services/qlora-rl-training-service.ts(266,15): error TS1005: ':' expected.
sveltekit-frontend/src/lib/services/qlora-rl-training-service.ts(266,59): error TS1005: ')' expected.
sveltekit-frontend/src/lib/services/qlora-rl-training-service.ts(268,11): error TS1005: ':' expected.
sveltekit-frontend/src/lib/services/qlora-rl-training-service.ts(268,63): error TS1005: ',' expected.
sveltekit-frontend/src/lib/services/qlora-rl-training-service.ts(269,11): error TS1005: ':' expected.
sveltekit-frontend/src/lib/services/qlora-rl-training-service.ts(269,68): error TS1005: ',' expected.
sveltekit-frontend/src/lib/services/qlora-rl-training-service.ts(270,11): error TS1005: ':' expected.
sveltekit-frontend/src/lib/services/qlora-rl-training-service.ts(270,70): error TS1005: ',' expected.
sveltekit-frontend/src/lib/services/qlora-rl-training-service.ts(271,11): error TS1005: ':' expected.
sveltekit-frontend/src/lib/services/qlora-rl-training-service.ts(271,53): error TS1005: ',' expected.
sveltekit-frontend/src/lib/services/qlora-rl-training-service.ts(272,11): error TS1005: ':' expected.
sveltekit-frontend/src/lib/services/qlora-rl-training-service.ts(272,46): error TS1005: ',' expected.
sveltekit-frontend/src/lib/services/qlora-rl-training-service.ts(273,12): error TS1005: ':' expected.
sveltekit-frontend/src/lib/services/qlora-rl-training-service.ts(282,3): error TS1128: Declaration or statement expected.
sveltekit-frontend/src/lib/services/qlora-rl-training-service.ts(282,11): error TS1434: Unexpected keyword or identifier.
sveltekit-frontend/src/lib/services/qlora-rl-training-service.ts(282,47): error TS1005: ',' expected.
sveltekit-frontend/src/lib/services/qlora-rl-training-service.ts(283,32): error TS1005: ',' expected.
sveltekit-frontend/src/lib/services/qlora-rl-training-service.ts(284,26): error TS1005: ',' expected.
sveltekit-frontend/src/lib/services/qlora-rl-training-service.ts(285,26): error TS1005: ',' expected.
sveltekit-frontend/src/lib/services/qlora-rl-training-service.ts(286,3): error TS1128: Declaration or statement expected.
sveltekit-frontend/src/lib/services/qlora-rl-training-service.ts(286,4): error TS1128: Declaration or statement expected.
sveltekit-frontend/src/lib/services/qlora-rl-training-service.ts(286,5): error TS1128: Declaration or statement expected.
sveltekit-frontend/src/lib/services/qlora-rl-training-service.ts(286,19): error TS1109: Expression expected.
sveltekit-frontend/src/lib/services/qlora-rl-training-service.ts(288,11): error TS1005: ':' expected.
sveltekit-frontend/src/lib/services/qlora-rl-training-service.ts(288,23): error TS1005: ':' expected.
sveltekit-frontend/src/lib/services/qlora-rl-training-service.ts(289,9): error TS1005: ':' expected.
sveltekit-frontend/src/lib/services/qlora-rl-training-service.ts(290,11): error TS1005: ':' expected.
sveltekit-frontend/src/lib/services/qlora-rl-training-service.ts(291,5): error TS1005: ',' expected.
sveltekit-frontend/src/lib/services/qlora-rl-training-service.ts(291,6): error TS1136: Property assignment expected.
sveltekit-frontend/src/lib/services/qlora-rl-training-service.ts(292,9): error TS1005: ':' expected.
sveltekit-frontend/src/lib/services/qlora-rl-training-service.ts(293,88): error TS1005: ',' expected.
sveltekit-frontend/src/lib/services/qlora-rl-training-service.ts(294,9): error TS1005: ':' expected.
sveltekit-frontend/src/lib/services/qlora-rl-training-service.ts(294,71): error TS1005: ',' expected.
sveltekit-frontend/src/lib/services/qlora-rl-training-service.ts(295,9): error TS1005: ':' expected.
sveltekit-frontend/src/lib/services/qlora-rl-training-service.ts(295,73): error TS1005: ',' expected.
sveltekit-frontend/src/lib/services/qlora-rl-training-service.ts(296,9): error TS1005: ':' expected.
sveltekit-frontend/src/lib/services/qlora-rl-training-service.ts(296,56): error TS1005: ',' expected.
sveltekit-frontend/src/lib/services/qlora-rl-training-service.ts(298,11): error TS1005: ':' expected.
sveltekit-frontend/src/lib/services/qlora-rl-training-service.ts(298,66): error TS1005: ',' expected.
sveltekit-frontend/src/lib/services/qlora-rl-training-service.ts(299,11): error TS1005: ':' expected.
sveltekit-frontend/src/lib/services/qlora-rl-training-service.ts(299,46): error TS1109: Expression expected.
sveltekit-frontend/src/lib/services/qlora-rl-training-service.ts(299,49): error TS1005: ':' expected.
sveltekit-frontend/src/lib/services/qlora-rl-training-service.ts(300,9): error TS1005: ':' expected.
sveltekit-frontend/src/lib/services/qlora-rl-training-service.ts(300,86): error TS1005: ',' expected.
sveltekit-frontend/src/lib/services/qlora-rl-training-service.ts(302,11): error TS1005: ',' expected.
sveltekit-frontend/src/lib/services/qlora-rl-training-service.ts(302,16): error TS1005: ',' expected.
sveltekit-frontend/src/lib/services/qlora-rl-training-service.ts(303,32): error TS1005: ':' expected.
sveltekit-frontend/src/lib/services/qlora-rl-training-service.ts(304,12): error TS1005: ':' expected.
sveltekit-frontend/src/lib/services/qlora-rl-training-service.ts(305,12): error TS1003: Identifier expected.
sveltekit-frontend/src/lib/services/qlora-rl-training-service.ts(306,5): error TS1136: Property assignment expected.
sveltekit-frontend/src/lib/services/qlora-rl-training-service.ts(306,6): error TS1136: Property assignment expected.
sveltekit-frontend/src/lib/services/qlora-rl-training-service.ts(311,3): error TS1434: Unexpected keyword or identifier.
sveltekit-frontend/src/lib/services/qlora-rl-training-service.ts(311,34): error TS1109: Expression expected.
sveltekit-frontend/src/lib/services/qlora-rl-training-service.ts(312,11): error TS1005: ':' expected.
sveltekit-frontend/src/lib/services/qlora-rl-training-service.ts(312,64): error TS1005: ')' expected.
sveltekit-frontend/src/lib/services/qlora-rl-training-service.ts(313,7): error TS1003: Identifier expected.
sveltekit-frontend/src/lib/services/qlora-rl-training-service.ts(313,59): error TS1005: ',' expected.
sveltekit-frontend/src/lib/services/qlora-rl-training-service.ts(315,11): error TS1005: ':' expected.
sveltekit-frontend/src/lib/services/qlora-rl-training-service.ts(315,70): error TS1005: ',' expected.
sveltekit-frontend/src/lib/services/qlora-rl-training-service.ts(316,11): error TS1005: ':' expected.
sveltekit-frontend/src/lib/services/qlora-rl-training-service.ts(316,46): error TS1109: Expression expected.
sveltekit-frontend/src/lib/services/qlora-rl-training-service.ts(316,49): error TS1005: ':' expected.
sveltekit-frontend/src/lib/services/qlora-rl-training-service.ts(317,7): error TS1136: Property assignment expected.
sveltekit-frontend/src/lib/services/qlora-rl-training-service.ts(317,9): error TS1136: Property assignment expected.
sveltekit-frontend/src/lib/services/qlora-rl-training-service.ts(318,7): error TS1128: Declaration or statement expected.
sveltekit-frontend/src/lib/services/qlora-rl-training-service.ts(323,7): error TS1128: Declaration or statement expected.
sveltekit-frontend/src/lib/services/qlora-rl-training-service.ts(327,7): error TS1128: Declaration or statement expected.
sveltekit-frontend/src/lib/services/qlora-rl-training-service.ts(328,7): error TS1128: Declaration or statement expected.
sveltekit-frontend/src/lib/services/qlora-rl-training-service.ts(337,3): error TS1128: Declaration or statement expected.
sveltekit-frontend/src/lib/services/qlora-rl-training-service.ts(341,3): error TS1128: Declaration or statement expected.
sveltekit-frontend/src/lib/services/qlora-rl-training-service.ts(341,35): error TS1109: Expression expected.
sveltekit-frontend/src/lib/services/qlora-rl-training-service.ts(341,44): error TS1011: An element access expression should take an argument.
sveltekit-frontend/src/lib/services/qlora-rl-training-service.ts(342,11): error TS1005: ':' expected.
sveltekit-frontend/src/lib/services/qlora-rl-training-service.ts(342,21): error TS1005: ',' expected.
sveltekit-frontend/src/lib/services/qlora-rl-training-service.ts(343,11): error TS1005: ':' expected.
sveltekit-frontend/src/lib/services/qlora-rl-training-service.ts(343,27): error TS1005: ',' expected.
sveltekit-frontend/src/lib/services/qlora-rl-training-service.ts(344,11): error TS1005: ':' expected.
sveltekit-frontend/src/lib/services/qlora-rl-training-service.ts(344,27): error TS1005: ',' expected.
sveltekit-frontend/src/lib/services/qlora-rl-training-service.ts(345,14): error TS1005: ',' expected.
sveltekit-frontend/src/lib/services/qlora-rl-training-service.ts(345,20): error TS1005: ',' expected.
sveltekit-frontend/src/lib/services/qlora-rl-training-service.ts(345,24): error TS1005: ',' expected.
sveltekit-frontend/src/lib/services/qlora-rl-training-service.ts(345,33): error TS1005: ';' expected.
sveltekit-frontend/src/lib/services/qlora-rl-training-service.ts(348,65): error TS1005: ')' expected.
sveltekit-frontend/src/lib/services/qlora-rl-training-service.ts(349,9): error TS1128: Declaration or statement expected.
sveltekit-frontend/src/lib/services/qlora-rl-training-service.ts(352,9): error TS1128: Declaration or statement expected.
sveltekit-frontend/src/lib/services/qlora-rl-training-service.ts(353,9): error TS1128: Declaration or statement expected.
sveltekit-frontend/src/lib/services/qlora-rl-training-service.ts(357,3): error TS1128: Declaration or statement expected.
sveltekit-frontend/src/lib/services/qlora-rl-training-service.ts(361,29): error TS1109: Expression expected.
sveltekit-frontend/src/lib/services/qlora-rl-training-service.ts(363,28): error TS1011: An element access expression should take an argument.
sveltekit-frontend/src/lib/services/qlora-rl-training-service.ts(382,3): error TS1128: Declaration or statement expected.
sveltekit-frontend/src/lib/services/qlora-rl-training-service.ts(382,11): error TS1434: Unexpected keyword or identifier.
sveltekit-frontend/src/lib/services/qlora-rl-training-service.ts(382,34): error TS1109: Expression expected.
sveltekit-frontend/src/lib/services/qlora-rl-training-service.ts(382,48): error TS1109: Expression expected.
sveltekit-frontend/src/lib/services/qlora-rl-training-service.ts(383,9): error TS1005: ':' expected.
sveltekit-frontend/src/lib/services/qlora-rl-training-service.ts(384,13): error TS1005: ':' expected.
sveltekit-frontend/src/lib/services/qlora-rl-training-service.ts(384,72): error TS1005: ',' expected.
sveltekit-frontend/src/lib/services/qlora-rl-training-service.ts(390,7): error TS1005: ',' expected.
sveltekit-frontend/src/lib/services/qlora-rl-training-service.ts(390,13): error TS1005: ':' expected.
sveltekit-frontend/src/lib/services/qlora-rl-training-service.ts(390,125): error TS1005: ',' expected.
sveltekit-frontend/src/lib/services/qlora-rl-training-service.ts(391,12): error TS1359: Identifier expected. 'const' is a reserved word that cannot be used here.
sveltekit-frontend/src/lib/services/qlora-rl-training-service.ts(391,18): error TS1005: ',' expected.
sveltekit-frontend/src/lib/services/qlora-rl-training-service.ts(391,32): error TS1005: ',' expected.
sveltekit-frontend/src/lib/services/qlora-rl-training-service.ts(394,59): error TS1005: ')' expected.
sveltekit-frontend/src/lib/services/qlora-rl-training-service.ts(397,7): error TS1005: ',' expected.
sveltekit-frontend/src/lib/services/qlora-rl-training-service.ts(407,25): error TS1109: Expression expected.
sveltekit-frontend/src/lib/services/qlora-rl-training-service.ts(407,27): error TS1434: Unexpected keyword or identifier.
sveltekit-frontend/src/lib/services/qlora-rl-training-service.ts(413,20): error TS1109: Expression expected.
sveltekit-frontend/src/lib/services/qlora-rl-training-service.ts(413,22): error TS1434: Unexpected keyword or identifier.
sveltekit-frontend/src/lib/services/qlora-rl-training-service.ts(419,28): error TS1135: Argument expression expected.
sveltekit-frontend/src/lib/services/qlora-rl-training-service.ts(419,51): error TS1005: ';' expected.
sveltekit-frontend/src/lib/services/qlora-rl-training-service.ts(420,9): error TS1005: ':' expected.
sveltekit-frontend/src/lib/services/qlora-rl-training-service.ts(425,23): error TS1109: Expression expected.
sveltekit-frontend/src/lib/services/qlora-rl-training-service.ts(431,64): error TS1005: ')' expected.
sveltekit-frontend/src/lib/services/qlora-rl-training-service.ts(432,7): error TS1128: Declaration or statement expected.
sveltekit-frontend/src/lib/services/qlora-rl-training-service.ts(443,3): error TS1434: Unexpected keyword or identifier.
sveltekit-frontend/src/lib/services/qlora-rl-training-service.ts(443,25): error TS1109: Expression expected.
sveltekit-frontend/src/lib/services/qlora-rl-training-service.ts(443,39): error TS1109: Expression expected.
sveltekit-frontend/src/lib/services/qlora-rl-training-service.ts(444,13): error TS1005: ',' expected.
sveltekit-frontend/src/lib/services/qlora-rl-training-service.ts(444,36): error TS1109: Expression expected.
sveltekit-frontend/src/lib/services/qlora-rl-training-service.ts(444,39): error TS1005: ':' expected.
sveltekit-frontend/src/lib/services/qlora-rl-training-service.ts(444,41): error TS1136: Property assignment expected.
sveltekit-frontend/src/lib/services/qlora-rl-training-service.ts(447,3): error TS1128: Declaration or statement expected.
sveltekit-frontend/src/lib/services/qlora-rl-training-service.ts(451,3): error TS1434: Unexpected keyword or identifier.
sveltekit-frontend/src/lib/services/qlora-rl-training-service.ts(451,28): error TS1109: Expression expected.
sveltekit-frontend/src/lib/services/qlora-rl-training-service.ts(452,12): error TS1005: ':' expected.
sveltekit-frontend/src/lib/services/qlora-rl-training-service.ts(460,1): error TS1128: Declaration or statement expected.
sveltekit-frontend/src/lib/services/qlora-training-service.ts(15,1): error TS1128: Declaration or statement expected.
sveltekit-frontend/src/lib/services/qlora-training-service.ts(222,31): error TS1109: Expression expected.
sveltekit-frontend/src/lib/services/qlora-training-service.ts(222,40): error TS1005: ',' expected.
sveltekit-frontend/src/lib/services/qlora-training-service.ts(222,41): error TS1136: Property assignment expected.
sveltekit-frontend/src/lib/services/qlora-training-service.ts(223,30): error TS1109: Expression expected.
sveltekit-frontend/src/lib/services/qlora-training-service.ts(223,39): error TS1005: ',' expected.
sveltekit-frontend/src/lib/services/qlora-training-service.ts(223,40): error TS1136: Property assignment expected.
sveltekit-frontend/src/lib/services/qlora-training-service.ts(233,35): error TS1109: Expression expected.
sveltekit-frontend/src/lib/services/qlora-training-service.ts(233,44): error TS1005: ',' expected.
sveltekit-frontend/src/lib/services/qlora-training-service.ts(233,45): error TS1136: Property assignment expected.
sveltekit-frontend/src/lib/services/qlora-training-service.ts(267,52): error TS1109: Expression expected.
sveltekit-frontend/src/lib/services/qlora-training-service.ts(269,5): error TS1128: Declaration or statement expected.
sveltekit-frontend/src/lib/services/qlora-training-service.ts(319,9): error TS1135: Argument expression expected.
sveltekit-frontend/src/lib/services/qlora-training-service.ts(342,11): error TS1128: Declaration or statement expected.
sveltekit-frontend/src/lib/services/qlora-training-service.ts(343,11): error TS1128: Declaration or statement expected.
sveltekit-frontend/src/lib/services/qlora-training-service.ts(344,47): error TS1109: Expression expected.
sveltekit-frontend/src/lib/services/qlora-training-service.ts(379,56): error TS1109: Expression expected.
sveltekit-frontend/src/lib/services/qlora-training-service.ts(380,48): error TS1005: ')' expected.
sveltekit-frontend/src/lib/services/qlora-training-service.ts(402,59): error TS1131: Property or signature expected.
sveltekit-frontend/src/lib/services/qlora-training-service.ts(405,18): error TS1138: Parameter declaration expected.
sveltekit-frontend/src/lib/services/qlora-training-service.ts(412,18): error TS1138: Parameter declaration expected.
sveltekit-frontend/src/lib/services/qlora-training-service.ts(412,32): error TS1138: Parameter declaration expected.
sveltekit-frontend/src/lib/services/qlora-training-service.ts(412,71): error TS1005: ';' expected.
sveltekit-frontend/src/lib/services/qlora-training-service.ts(437,3): error TS1128: Declaration or statement expected.
sveltekit-frontend/src/lib/services/qlora-training-service.ts(441,3): error TS1128: Declaration or statement expected.
sveltekit-frontend/src/lib/services/qlora-training-service.ts(441,38): error TS1135: Argument expression expected.
sveltekit-frontend/src/lib/services/qlora-training-service.ts(441,59): error TS1005: ',' expected.
sveltekit-frontend/src/lib/services/qlora-training-service.ts(441,69): error TS1005: ';' expected.
sveltekit-frontend/src/lib/services/qlora-training-service.ts(441,71): error TS1434: Unexpected keyword or identifier.
sveltekit-frontend/src/lib/services/qlora-training-service.ts(454,74): error TS1005: ',' expected.
sveltekit-frontend/src/lib/services/qlora-training-service.ts(454,75): error TS1134: Variable declaration expected.
sveltekit-frontend/src/lib/services/qlora-training-service.ts(461,3): error TS1128: Declaration or statement expected.
sveltekit-frontend/src/lib/services/qlora-training-service.ts(461,11): error TS1434: Unexpected keyword or identifier.
sveltekit-frontend/src/lib/services/qlora-training-service.ts(461,40): error TS1135: Argument expression expected.
sveltekit-frontend/src/lib/services/qlora-training-service.ts(461,49): error TS1005: ';' expected.
sveltekit-frontend/src/lib/services/qlora-training-service.ts(462,9): error TS1005: ':' expected.
sveltekit-frontend/src/lib/services/qlora-training-service.ts(464,13): error TS1005: ':' expected.
sveltekit-frontend/src/lib/services/qlora-training-service.ts(464,68): error TS1005: ',' expected.
sveltekit-frontend/src/lib/services/qlora-training-service.ts(465,14): error TS1005: ':' expected.
sveltekit-frontend/src/lib/services/qlora-training-service.ts(465,41): error TS1005: ',' expected.
sveltekit-frontend/src/lib/services/qlora-training-service.ts(466,7): error TS1005: ',' expected.
sveltekit-frontend/src/lib/services/qlora-training-service.ts(475,3): error TS1128: Declaration or statement expected.
sveltekit-frontend/src/lib/services/qlora-training-service.ts(475,39): error TS1135: Argument expression expected.
sveltekit-frontend/src/lib/services/qlora-training-service.ts(476,9): error TS1005: ':' expected.
sveltekit-frontend/src/lib/services/qlora-training-service.ts(477,27): error TS1005: ';' expected.
sveltekit-frontend/src/lib/services/qlora-training-service.ts(477,28): error TS1005: ',' expected.
sveltekit-frontend/src/lib/services/qlora-training-service.ts(478,10): error TS1005: ',' expected.
sveltekit-frontend/src/lib/services/qlora-training-service.ts(481,8): error TS1005: ',' expected.
sveltekit-frontend/src/lib/services/qlora-training-service.ts(481,9): error TS1136: Property assignment expected.
sveltekit-frontend/src/lib/services/qlora-training-service.ts(482,10): error TS1005: ',' expected.
sveltekit-frontend/src/lib/services/qlora-training-service.ts(486,7): error TS1005: ',' expected.
sveltekit-frontend/src/lib/services/qlora-training-service.ts(486,15): error TS1005: ',' expected.
sveltekit-frontend/src/lib/services/qlora-training-service.ts(486,37): error TS1005: ',' expected.
sveltekit-frontend/src/lib/services/qlora-training-service.ts(486,39): error TS1136: Property assignment expected.
sveltekit-frontend/src/lib/services/qlora-training-service.ts(493,5): error TS1128: Declaration or statement expected.
sveltekit-frontend/src/lib/services/qlora-training-service.ts(493,6): error TS1128: Declaration or statement expected.
sveltekit-frontend/src/lib/services/qlora-training-service.ts(496,3): error TS1128: Declaration or statement expected.
sveltekit-frontend/src/lib/services/qlora-training-service.ts(500,3): error TS1128: Declaration or statement expected.
sveltekit-frontend/src/lib/services/qlora-training-service.ts(500,40): error TS1135: Argument expression expected.
sveltekit-frontend/src/lib/services/qlora-training-service.ts(501,9): error TS1005: ':' expected.
sveltekit-frontend/src/lib/services/qlora-training-service.ts(507,7): error TS1005: ',' expected.
sveltekit-frontend/src/lib/services/qlora-training-service.ts(508,9): error TS1005: ':' expected.
sveltekit-frontend/src/lib/services/qlora-training-service.ts(508,28): error TS1005: ',' expected.
sveltekit-frontend/src/lib/services/qlora-training-service.ts(510,31): error TS1005: ',' expected.
sveltekit-frontend/src/lib/services/qlora-training-service.ts(520,7): error TS1005: ',' expected.
sveltekit-frontend/src/lib/services/qlora-training-service.ts(522,9): error TS1005: ':' expected.
sveltekit-frontend/src/lib/services/qlora-training-service.ts(522,57): error TS1005: ',' expected.
sveltekit-frontend/src/lib/services/qlora-training-service.ts(527,3): error TS1128: Declaration or statement expected.
sveltekit-frontend/src/lib/services/qlora-training-service.ts(527,36): error TS1135: Argument expression expected.
sveltekit-frontend/src/lib/services/qlora-training-service.ts(528,9): error TS1005: ':' expected.
sveltekit-frontend/src/lib/services/qlora-training-service.ts(534,7): error TS1005: ',' expected.
sveltekit-frontend/src/lib/services/qlora-training-service.ts(535,9): error TS1005: ':' expected.
sveltekit-frontend/src/lib/services/qlora-training-service.ts(535,28): error TS1005: ',' expected.
sveltekit-frontend/src/lib/services/qlora-training-service.ts(537,31): error TS1005: ',' expected.
sveltekit-frontend/src/lib/services/qlora-training-service.ts(546,7): error TS1005: ',' expected.
sveltekit-frontend/src/lib/services/qlora-training-service.ts(551,3): error TS1128: Declaration or statement expected.
sveltekit-frontend/src/lib/services/qlora-training-service.ts(551,42): error TS1135: Argument expression expected.
sveltekit-frontend/src/lib/services/qlora-training-service.ts(553,9): error TS1005: ':' expected.
sveltekit-frontend/src/lib/services/qlora-training-service.ts(564,7): error TS1005: ',' expected.
sveltekit-frontend/src/lib/services/qlora-training-service.ts(566,13): error TS1005: ',' expected.
sveltekit-frontend/src/lib/services/qlora-training-service.ts(566,20): error TS1005: ',' expected.
sveltekit-frontend/src/lib/services/qlora-training-service.ts(566,22): error TS1136: Property assignment expected.
sveltekit-frontend/src/lib/services/qlora-training-service.ts(575,3): error TS1128: Declaration or statement expected.
sveltekit-frontend/src/lib/services/qlora-training-service.ts(579,3): error TS1128: Declaration or statement expected.
sveltekit-frontend/src/lib/services/qlora-training-service.ts(579,11): error TS1434: Unexpected keyword or identifier.
sveltekit-frontend/src/lib/services/qlora-training-service.ts(579,53): error TS1135: Argument expression expected.
sveltekit-frontend/src/lib/services/qlora-training-service.ts(580,11): error TS1005: ':' expected.
sveltekit-frontend/src/lib/services/qlora-training-service.ts(580,31): error TS1005: ',' expected.
sveltekit-frontend/src/lib/services/qlora-training-service.ts(582,12): error TS1005: ',' expected.
sveltekit-frontend/src/lib/services/qlora-training-service.ts(582,36): error TS1005: ',' expected.
sveltekit-frontend/src/lib/services/qlora-training-service.ts(582,38): error TS1136: Property assignment expected.
sveltekit-frontend/src/lib/services/qlora-training-service.ts(582,39): error TS1109: Expression expected.
sveltekit-frontend/src/lib/services/qlora-training-service.ts(582,40): error TS1109: Expression expected.
sveltekit-frontend/src/lib/services/qlora-training-service.ts(597,31): error TS1109: Expression expected.
sveltekit-frontend/src/lib/services/qlora-training-service.ts(597,32): error TS1109: Expression expected.
sveltekit-frontend/src/lib/services/qlora-training-service.ts(613,3): error TS1128: Declaration or statement expected.
sveltekit-frontend/src/lib/services/qlora-training-service.ts(617,3): error TS1128: Declaration or statement expected.
sveltekit-frontend/src/lib/services/qlora-training-service.ts(617,38): error TS1135: Argument expression expected.
sveltekit-frontend/src/lib/services/qlora-training-service.ts(617,53): error TS1005: ',' expected.
sveltekit-frontend/src/lib/services/qlora-training-service.ts(617,60): error TS1005: ';' expected.
sveltekit-frontend/src/lib/services/qlora-training-service.ts(625,22): error TS1005: ',' expected.
sveltekit-frontend/src/lib/services/qlora-training-service.ts(638,3): error TS1128: Declaration or statement expected.
sveltekit-frontend/src/lib/services/qlora-training-service.ts(639,9): error TS1005: ':' expected.
sveltekit-frontend/src/lib/services/qlora-training-service.ts(640,39): error TS1005: ';' expected.
sveltekit-frontend/src/lib/services/qlora-training-service.ts(640,40): error TS1005: ',' expected.
sveltekit-frontend/src/lib/services/qlora-training-service.ts(641,13): error TS1005: ':' expected.
sveltekit-frontend/src/lib/services/qlora-training-service.ts(641,67): error TS1005: ',' expected.
sveltekit-frontend/src/lib/services/qlora-training-service.ts(642,13): error TS1005: ':' expected.
sveltekit-frontend/src/lib/services/qlora-training-service.ts(642,114): error TS1005: ',' expected.
sveltekit-frontend/src/lib/services/qlora-training-service.ts(643,13): error TS1005: ':' expected.
sveltekit-frontend/src/lib/services/qlora-training-service.ts(643,126): error TS1005: ',' expected.
sveltekit-frontend/src/lib/services/qlora-training-service.ts(644,16): error TS1005: ',' expected.
sveltekit-frontend/src/lib/services/qlora-training-service.ts(649,8): error TS1005: ',' expected.
sveltekit-frontend/src/lib/services/qlora-training-service.ts(649,9): error TS1136: Property assignment expected.
sveltekit-frontend/src/lib/services/qlora-training-service.ts(650,14): error TS1005: ':' expected.
sveltekit-frontend/src/lib/services/qlora-training-service.ts(650,23): error TS1005: ',' expected.
sveltekit-frontend/src/lib/services/qlora-training-service.ts(651,6): error TS1005: ';' expected.
sveltekit-frontend/src/lib/services/qlora-training-service.ts(652,3): error TS1128: Declaration or statement expected.
sveltekit-frontend/src/lib/services/qlora-training-service.ts(656,3): error TS1128: Declaration or statement expected.
sveltekit-frontend/src/lib/services/qlora-training-service.ts(656,50): error TS1135: Argument expression expected.
sveltekit-frontend/src/lib/services/qlora-training-service.ts(656,56): error TS1011: An element access expression should take an argument.
sveltekit-frontend/src/lib/services/qlora-training-service.ts(656,58): error TS1005: ';' expected.
sveltekit-frontend/src/lib/services/qlora-training-service.ts(656,60): error TS1434: Unexpected keyword or identifier.
sveltekit-frontend/src/lib/services/qlora-training-service.ts(657,46): error TS1109: Expression expected.
sveltekit-frontend/src/lib/services/qlora-training-service.ts(658,5): error TS1109: Expression expected.
sveltekit-frontend/src/lib/services/qlora-training-service.ts(663,80): error TS1005: ')' expected.
sveltekit-frontend/src/lib/services/qlora-training-service.ts(666,3): error TS1128: Declaration or statement expected.
sveltekit-frontend/src/lib/services/qlora-training-service.ts(666,28): error TS1109: Expression expected.
sveltekit-frontend/src/lib/services/qlora-training-service.ts(666,30): error TS1434: Unexpected keyword or identifier.
sveltekit-frontend/src/lib/services/qlora-training-service.ts(669,3): error TS1128: Declaration or statement expected.
sveltekit-frontend/src/lib/services/qlora-training-service.ts(669,31): error TS1109: Expression expected.
sveltekit-frontend/src/lib/services/qlora-training-service.ts(669,33): error TS1434: Unexpected keyword or identifier.
sveltekit-frontend/src/lib/services/qlora-training-service.ts(672,3): error TS1128: Declaration or statement expected.
sveltekit-frontend/src/lib/services/qlora-training-service.ts(672,23): error TS1109: Expression expected.
sveltekit-frontend/src/lib/services/qlora-training-service.ts(672,25): error TS1434: Unexpected keyword or identifier.
sveltekit-frontend/src/lib/services/qlora-training-service.ts(676,3): error TS1128: Declaration or statement expected.
sveltekit-frontend/src/lib/services/qlora-training-service.ts(676,23): error TS1109: Expression expected.
sveltekit-frontend/src/lib/services/qlora-training-service.ts(676,25): error TS1434: Unexpected keyword or identifier.
sveltekit-frontend/src/lib/services/qlora-training-service.ts(678,57): error TS1005: ')' expected.
sveltekit-frontend/src/lib/services/qlora-training-service.ts(681,3): error TS1128: Declaration or statement expected.
sveltekit-frontend/src/lib/services/qlora-training-service.ts(681,11): error TS1434: Unexpected keyword or identifier.
sveltekit-frontend/src/lib/services/qlora-training-service.ts(683,9): error TS1005: ':' expected.
sveltekit-frontend/src/lib/services/qlora-training-service.ts(684,13): error TS1005: ':' expected.
sveltekit-frontend/src/lib/services/qlora-training-service.ts(684,69): error TS1005: ',' expected.
sveltekit-frontend/src/lib/services/qlora-training-service.ts(686,53): error TS1005: ')' expected.
sveltekit-frontend/src/lib/services/qlora-training-service.ts(688,7): error TS1005: ',' expected.
sveltekit-frontend/src/lib/services/qlora-training-service.ts(692,3): error TS1128: Declaration or statement expected.
sveltekit-frontend/src/lib/services/qlora-training-service.ts(693,11): error TS1005: ',' expected.
sveltekit-frontend/src/lib/services/qlora-training-service.ts(693,60): error TS1005: ',' expected.
sveltekit-frontend/src/lib/services/qlora-training-service.ts(695,3): error TS1128: Declaration or statement expected.
sveltekit-frontend/src/lib/services/qlora-training-service.ts(695,40): error TS1135: Argument expression expected.
sveltekit-frontend/src/lib/services/qlora-training-service.ts(696,12): error TS1005: ',' expected.
sveltekit-frontend/src/lib/services/qlora-training-service.ts(696,55): error TS1005: ',' expected.
sveltekit-frontend/src/lib/services/qlora-training-service.ts(700,3): error TS1128: Declaration or statement expected.
sveltekit-frontend/src/lib/services/qlora-training-service.ts(700,22): error TS1109: Expression expected.
sveltekit-frontend/src/lib/services/qlora-training-service.ts(701,12): error TS1005: ':' expected.
sveltekit-frontend/src/lib/services/qlora-training-service.ts(701,24): error TS1005: ',' expected.
sveltekit-frontend/src/lib/services/qlora-training-service.ts(703,3): error TS1128: Declaration or statement expected.
sveltekit-frontend/src/lib/services/qlora-training-service.ts(703,26): error TS1109: Expression expected.
sveltekit-frontend/src/lib/services/qlora-training-service.ts(704,12): error TS1005: ':' expected.
sveltekit-frontend/src/lib/services/qlora-training-service.ts(704,28): error TS1005: ',' expected.
sveltekit-frontend/src/lib/services/qlora-training-service.ts(706,3): error TS1128: Declaration or statement expected.
sveltekit-frontend/src/lib/services/qlora-training-service.ts(706,31): error TS1109: Expression expected.
sveltekit-frontend/src/lib/services/qlora-training-service.ts(706,54): error TS1011: An element access expression should take an argument.
sveltekit-frontend/src/lib/services/qlora-training-service.ts(707,12): error TS1005: ':' expected.
sveltekit-frontend/src/lib/services/qlora-training-service.ts(707,33): error TS1005: ',' expected.
sveltekit-frontend/src/lib/services/qlora-training-service.ts(709,3): error TS1128: Declaration or statement expected.
sveltekit-frontend/src/lib/services/qlora-training-service.ts(709,29): error TS1109: Expression expected.
sveltekit-frontend/src/lib/services/qlora-training-service.ts(710,12): error TS1005: ':' expected.
sveltekit-frontend/src/lib/services/qlora-training-service.ts(710,31): error TS1005: ',' expected.
sveltekit-frontend/src/lib/services/qlora-training-service.ts(712,3): error TS1128: Declaration or statement expected.
sveltekit-frontend/src/lib/services/qlora-training-service.ts(712,31): error TS1135: Argument expression expected.
sveltekit-frontend/src/lib/services/qlora-training-service.ts(713,9): error TS1005: ':' expected.
sveltekit-frontend/src/lib/services/qlora-training-service.ts(713,61): error TS1005: ')' expected.
sveltekit-frontend/src/lib/services/qlora-training-service.ts(715,3): error TS1128: Declaration or statement expected.
sveltekit-frontend/src/lib/services/qlora-training-service.ts(715,10): error TS1434: Unexpected keyword or identifier.
sveltekit-frontend/src/lib/services/qlora-training-service.ts(715,32): error TS1109: Expression expected.
sveltekit-frontend/src/lib/services/qlora-training-service.ts(716,9): error TS1003: Identifier expected.
sveltekit-frontend/src/lib/services/qlora-training-service.ts(716,14): error TS1005: ',' expected.
sveltekit-frontend/src/lib/services/qlora-training-service.ts(716,42): error TS1005: ',' expected.
sveltekit-frontend/src/lib/services/qlora-training-service.ts(716,52): error TS1005: ',' expected.
sveltekit-frontend/src/lib/services/qlora-training-service.ts(716,58): error TS1005: ',' expected.
sveltekit-frontend/src/lib/services/qlora-training-service.ts(717,9): error TS1005: ':' expected.
sveltekit-frontend/src/lib/services/qlora-training-service.ts(717,56): error TS1005: ',' expected.
sveltekit-frontend/src/lib/services/qlora-training-service.ts(718,9): error TS1005: ':' expected.
sveltekit-frontend/src/lib/services/qlora-training-service.ts(721,7): error TS1005: ',' expected.
sveltekit-frontend/src/lib/services/qlora-training-service.ts(722,12): error TS1005: ':' expected.
sveltekit-frontend/src/lib/services/qlora-training-service.ts(722,17): error TS1005: ',' expected.
sveltekit-frontend/src/lib/services/qlora-training-service.ts(724,3): error TS1128: Declaration or statement expected.
sveltekit-frontend/src/lib/services/qlora-training-service.ts(724,10): error TS1434: Unexpected keyword or identifier.
sveltekit-frontend/src/lib/services/qlora-training-service.ts(724,33): error TS1109: Expression expected.
sveltekit-frontend/src/lib/services/qlora-training-service.ts(725,13): error TS1005: ',' expected.
sveltekit-frontend/src/lib/services/qlora-training-service.ts(725,41): error TS1005: ',' expected.
sveltekit-frontend/src/lib/services/qlora-training-service.ts(725,51): error TS1005: ',' expected.
sveltekit-frontend/src/lib/services/qlora-training-service.ts(725,57): error TS1005: ',' expected.
sveltekit-frontend/src/lib/services/qlora-training-service.ts(726,9): error TS1005: ':' expected.
sveltekit-frontend/src/lib/services/qlora-training-service.ts(726,57): error TS1005: ',' expected.
sveltekit-frontend/src/lib/services/qlora-training-service.ts(727,9): error TS1005: ':' expected.
sveltekit-frontend/src/lib/services/qlora-training-service.ts(730,7): error TS1005: ',' expected.
sveltekit-frontend/src/lib/services/qlora-training-service.ts(731,9): error TS1005: ':' expected.
sveltekit-frontend/src/lib/services/qlora-training-service.ts(731,28): error TS1005: ',' expected.
sveltekit-frontend/src/lib/services/qlora-training-service.ts(732,12): error TS1005: ':' expected.
sveltekit-frontend/src/lib/services/qlora-training-service.ts(732,17): error TS1005: ',' expected.
sveltekit-frontend/src/lib/services/qlora-training-service.ts(734,3): error TS1128: Declaration or statement expected.
sveltekit-frontend/src/lib/services/qlora-training-service.ts(734,10): error TS1434: Unexpected keyword or identifier.
sveltekit-frontend/src/lib/services/qlora-training-service.ts(734,31): error TS1109: Expression expected.
sveltekit-frontend/src/lib/services/qlora-training-service.ts(735,9): error TS1003: Identifier expected.
sveltekit-frontend/src/lib/services/qlora-training-service.ts(735,14): error TS1005: ',' expected.
sveltekit-frontend/src/lib/services/qlora-training-service.ts(735,22): error TS1005: ',' expected.
sveltekit-frontend/src/lib/services/qlora-training-service.ts(735,32): error TS1005: ',' expected.
sveltekit-frontend/src/lib/services/qlora-training-service.ts(735,38): error TS1005: ',' expected.
sveltekit-frontend/src/lib/services/qlora-training-service.ts(736,9): error TS1005: ':' expected.
sveltekit-frontend/src/lib/services/qlora-training-service.ts(736,55): error TS1005: ',' expected.
sveltekit-frontend/src/lib/services/qlora-training-service.ts(737,9): error TS1005: ':' expected.
sveltekit-frontend/src/lib/services/qlora-training-service.ts(744,7): error TS1005: ',' expected.
sveltekit-frontend/src/lib/services/qlora-training-service.ts(745,9): error TS1005: ':' expected.
sveltekit-frontend/src/lib/services/qlora-training-service.ts(745,29): error TS1005: ',' expected.
sveltekit-frontend/src/lib/services/qlora-training-service.ts(746,12): error TS1005: ':' expected.
sveltekit-frontend/src/lib/services/qlora-training-service.ts(746,17): error TS1005: ',' expected.
sveltekit-frontend/src/lib/services/qlora-training-service.ts(748,3): error TS1128: Declaration or statement expected.
sveltekit-frontend/src/lib/services/qlora-training-service.ts(749,13): error TS1005: ',' expected.
sveltekit-frontend/src/lib/services/qlora-training-service.ts(749,20): error TS1005: ',' expected.
sveltekit-frontend/src/lib/services/qlora-training-service.ts(749,22): error TS1136: Property assignment expected.
sveltekit-frontend/src/lib/services/qlora-training-service.ts(757,3): error TS1128: Declaration or statement expected.
sveltekit-frontend/src/lib/services/qlora-training-service.ts(758,1): error TS1128: Declaration or statement expected.
sveltekit-frontend/src/lib/services/quic-neo4j-recommendations.ts(5,1): error TS1128: Declaration or statement expected.
sveltekit-frontend/src/lib/services/quic-neo4j-recommendations.ts(16,1): error TS1128: Declaration or statement expected.
sveltekit-frontend/src/lib/services/quic-neo4j-recommendations.ts(49,1): error TS1128: Declaration or statement expected.
sveltekit-frontend/src/lib/services/quic-neo4j-recommendations.ts(56,1): error TS1128: Declaration or statement expected.
sveltekit-frontend/src/lib/services/quic-neo4j-recommendations.ts(65,1): error TS1128: Declaration or statement expected.
sveltekit-frontend/src/lib/services/quic-neo4j-recommendations.ts(73,1): error TS1128: Declaration or statement expected.
sveltekit-frontend/src/lib/services/quic-neo4j-recommendations.ts(116,72): error TS1109: Expression expected.
sveltekit-frontend/src/lib/services/quic-neo4j-recommendations.ts(139,6): error TS1134: Variable declaration expected.
sveltekit-frontend/src/lib/services/quic-neo4j-recommendations.ts(145,6): error TS1134: Variable declaration expected.
sveltekit-frontend/src/lib/services/quic-neo4j-recommendations.ts(174,2): error TS1068: Unexpected token. A constructor, method, accessor, or property was expected.
sveltekit-frontend/src/lib/services/quic-neo4j-recommendations.ts(174,3): error TS1068: Unexpected token. A constructor, method, accessor, or property was expected.
sveltekit-frontend/src/lib/services/quic-neo4j-recommendations.ts(174,17): error TS1005: '(' expected.
sveltekit-frontend/src/lib/services/quic-neo4j-recommendations.ts(174,19): error TS1068: Unexpected token. A constructor, method, accessor, or property was expected.
sveltekit-frontend/src/lib/services/quic-neo4j-recommendations.ts(194,80): error TS1005: ';' expected.
sveltekit-frontend/src/lib/services/quic-neo4j-recommendations.ts(194,81): error TS1005: '}' expected.
sveltekit-frontend/src/lib/services/quic-neo4j-recommendations.ts(194,88): error TS1109: Expression expected.
sveltekit-frontend/src/lib/services/quic-neo4j-recommendations.ts(194,95): error TS1128: Declaration or statement expected.
sveltekit-frontend/src/lib/services/quic-neo4j-recommendations.ts(194,96): error TS1128: Declaration or statement expected.
sveltekit-frontend/src/lib/services/quic-neo4j-recommendations.ts(194,104): error TS1472: 'catch' or 'finally' expected.
sveltekit-frontend/src/lib/services/quic-neo4j-recommendations.ts(202,25): error TS1005: ';' expected.
sveltekit-frontend/src/lib/services/quic-neo4j-recommendations.ts(215,262): error TS1005: ';' expected.
sveltekit-frontend/src/lib/services/quic-neo4j-recommendations.ts(216,269): error TS1005: ';' expected.
sveltekit-frontend/src/lib/services/quic-neo4j-recommendations.ts(216,284): error TS1434: Unexpected keyword or identifier.
sveltekit-frontend/src/lib/services/quic-neo4j-recommendations.ts(221,275): error TS1005: ';' expected.
sveltekit-frontend/src/lib/services/quic-neo4j-recommendations.ts(221,278): error TS1005: '(' expected.
sveltekit-frontend/src/lib/services/quic-neo4j-recommendations.ts(221,281): error TS1005: ';' expected.
sveltekit-frontend/src/lib/services/quic-neo4j-recommendations.ts(221,282): error TS1136: Property assignment expected.
sveltekit-frontend/src/lib/services/quic-neo4j-recommendations.ts(221,547): error TS1005: ';' expected.
sveltekit-frontend/src/lib/services/quic-neo4j-recommendations.ts(259,18): error TS1005: ';' expected.
sveltekit-frontend/src/lib/services/quic-neo4j-recommendations.ts(259,30): error TS1434: Unexpected keyword or identifier.
sveltekit-frontend/src/lib/services/quic-neo4j-recommendations.ts(260,15): error TS1005: ';' expected.
sveltekit-frontend/src/lib/services/quic-neo4j-recommendations.ts(260,41): error TS1109: Expression expected.
sveltekit-frontend/src/lib/services/quic-neo4j-recommendations.ts(260,44): error TS1005: ';' expected.
sveltekit-frontend/src/lib/services/quic-neo4j-recommendations.ts(260,52): error TS1434: Unexpected keyword or identifier.
sveltekit-frontend/src/lib/services/quic-neo4j-recommendations.ts(260,67): error TS1434: Unexpected keyword or identifier.
sveltekit-frontend/src/lib/services/quic-neo4j-recommendations.ts(265,45): error TS1005: ';' expected.
sveltekit-frontend/src/lib/services/quic-neo4j-recommendations.ts(265,50): error TS1005: ';' expected.
sveltekit-frontend/src/lib/services/quic-neo4j-recommendations.ts(265,63): error TS1005: ';' expected.
sveltekit-frontend/src/lib/services/quic-neo4j-recommendations.ts(268,24): error TS1005: ';' expected.
sveltekit-frontend/src/lib/services/quic-neo4j-recommendations.ts(268,29): error TS1443: Module declaration names may only use ' or " quoted strings.
sveltekit-frontend/src/lib/services/quic-neo4j-recommendations.ts(269,18): error TS1434: Unexpected keyword or identifier.
sveltekit-frontend/src/lib/services/quic-neo4j-recommendations.ts(269,24): error TS1434: Unexpected keyword or identifier.
sveltekit-frontend/src/lib/services/quic-neo4j-recommendations.ts(269,33): error TS1434: Unexpected keyword or identifier.
sveltekit-frontend/src/lib/services/quic-neo4j-recommendations.ts(276,27): error TS1005: ';' expected.
sveltekit-frontend/src/lib/services/quic-neo4j-recommendations.ts(276,32): error TS1443: Module declaration names may only use ' or " quoted strings.
sveltekit-frontend/src/lib/services/quic-neo4j-recommendations.ts(277,15): error TS1434: Unexpected keyword or identifier.
sveltekit-frontend/src/lib/services/quic-neo4j-recommendations.ts(277,23): error TS1435: Unknown keyword or identifier. Did you mean 'case'?
sveltekit-frontend/src/lib/services/quic-neo4j-recommendations.ts(277,28): error TS1434: Unexpected keyword or identifier.
sveltekit-frontend/src/lib/services/quic-neo4j-recommendations.ts(294,44): error TS1005: ';' expected.
sveltekit-frontend/src/lib/services/quic-neo4j-recommendations.ts(294,79): error TS1109: Expression expected.
sveltekit-frontend/src/lib/services/quic-neo4j-recommendations.ts(294,81): error TS1005: ';' expected.
sveltekit-frontend/src/lib/services/quic-neo4j-recommendations.ts(319,26): error TS1005: ';' expected.
sveltekit-frontend/src/lib/services/quic-neo4j-recommendations.ts(319,68): error TS1109: Expression expected.
sveltekit-frontend/src/lib/services/quic-neo4j-recommendations.ts(319,71): error TS1005: ';' expected.
sveltekit-frontend/src/lib/services/quic-neo4j-recommendations.ts(350,16): error TS1127: Invalid character.
sveltekit-frontend/src/lib/services/quic-neo4j-recommendations.ts(350,19): error TS1434: Unexpected keyword or identifier.
sveltekit-frontend/src/lib/services/quic-neo4j-recommendations.ts(350,32): error TS1434: Unexpected keyword or identifier.
sveltekit-frontend/src/lib/services/quic-neo4j-recommendations.ts(350,37): error TS1434: Unexpected keyword or identifier.
sveltekit-frontend/src/lib/services/quic-neo4j-recommendations.ts(350,82): error TS1005: ';' expected.
sveltekit-frontend/src/lib/services/quic-neo4j-recommendations.ts(354,16): error TS1005: ';' expected.
sveltekit-frontend/src/lib/services/quic-neo4j-recommendations.ts(354,28): error TS1434: Unexpected keyword or identifier.
sveltekit-frontend/src/lib/services/quic-neo4j-recommendations.ts(362,24): error TS1005: ';' expected.
sveltekit-frontend/src/lib/services/quic-neo4j-recommendations.ts(362,32): error TS1128: Declaration or statement expected.
sveltekit-frontend/src/lib/services/quic-neo4j-recommendations.ts(362,34): error TS1434: Unexpected keyword or identifier.
sveltekit-frontend/src/lib/services/quic-neo4j-recommendations.ts(362,257): error TS1131: Property or signature expected.
sveltekit-frontend/src/lib/services/quic-neo4j-recommendations.ts(362,258): error TS1128: Declaration or statement expected.
sveltekit-frontend/src/lib/services/quic-neo4j-recommendations.ts(362,270): error TS1109: Expression expected.
sveltekit-frontend/src/lib/services/quic-neo4j-recommendations.ts(362,277): error TS1128: Declaration or statement expected.
sveltekit-frontend/src/lib/services/quic-neo4j-recommendations.ts(362,278): error TS1128: Declaration or statement expected.
sveltekit-frontend/src/lib/services/quic-neo4j-recommendations.ts(362,304): error TS1128: Declaration or statement expected.
sveltekit-frontend/src/lib/services/quic-neo4j-recommendations.ts(362,311): error TS1005: ')' expected.
sveltekit-frontend/src/lib/services/quic-neo4j-recommendations.ts(362,563): error TS1128: Declaration or statement expected.
sveltekit-frontend/src/lib/services/quic-neo4j-recommendations.ts(364,19): error TS1005: ';' expected.
sveltekit-frontend/src/lib/services/quic-neo4j-recommendations.ts(364,24): error TS1434: Unexpected keyword or identifier.
sveltekit-frontend/src/lib/services/quic-neo4j-recommendations.ts(377,26): error TS1005: ';' expected.
sveltekit-frontend/src/lib/services/quic-neo4j-recommendations.ts(377,65): error TS1443: Module declaration names may only use ' or " quoted strings.
sveltekit-frontend/src/lib/services/quic-neo4j-recommendations.ts(378,20): error TS1434: Unexpected keyword or identifier.
sveltekit-frontend/src/lib/services/quic-neo4j-recommendations.ts(378,56): error TS1443: Module declaration names may only use ' or " quoted strings.
sveltekit-frontend/src/lib/services/quic-neo4j-recommendations.ts(379,20): error TS1434: Unexpected keyword or identifier.
sveltekit-frontend/src/lib/services/quic-neo4j-recommendations.ts(379,56): error TS1443: Module declaration names may only use ' or " quoted strings.
sveltekit-frontend/src/lib/services/quic-neo4j-recommendations.ts(380,21): error TS1434: Unexpected keyword or identifier.
sveltekit-frontend/src/lib/services/quic-neo4j-recommendations.ts(380,64): error TS1109: Expression expected.
sveltekit-frontend/src/lib/services/quic-neo4j-recommendations.ts(396,2): error TS1160: Unterminated template literal.
sveltekit-frontend/src/lib/services/quic-tensor-client.ts(3,1): error TS1128: Declaration or statement expected.
sveltekit-frontend/src/lib/services/rag-pipeline-integrator.ts(6,1): error TS1128: Declaration or statement expected.
sveltekit-frontend/src/lib/services/rag-pipeline-integrator.ts(67,18): error TS1005: ',' expected.
sveltekit-frontend/src/lib/services/rag-pipeline-integrator.ts(69,38): error TS1005: ',' expected.
sveltekit-frontend/src/lib/services/rag-pipeline-integrator.ts(100,9): error TS1005: ')' expected.
sveltekit-frontend/src/lib/services/rag-pipeline-integrator.ts(153,22): error TS1109: Expression expected.
sveltekit-frontend/src/lib/services/rag-pipeline-integrator.ts(154,13): error TS1136: Property assignment expected.
sveltekit-frontend/src/lib/services/rag-pipeline-integrator.ts(165,9): error TS1128: Declaration or statement expected.
sveltekit-frontend/src/lib/services/rag-pipeline-integrator.ts(165,10): error TS1128: Declaration or statement expected.
sveltekit-frontend/src/lib/services/rag-pipeline-integrator.ts(167,18): error TS1109: Expression expected.
sveltekit-frontend/src/lib/services/rag-pipeline-integrator.ts(169,30): error TS1109: Expression expected.
sveltekit-frontend/src/lib/services/rag-pipeline-integrator.ts(170,30): error TS1109: Expression expected.
sveltekit-frontend/src/lib/services/rag-pipeline-integrator.ts(171,28): error TS1109: Expression expected.
sveltekit-frontend/src/lib/services/rag-pipeline-integrator.ts(174,10): error TS1128: Declaration or statement expected.
sveltekit-frontend/src/lib/services/rag-pipeline-integrator.ts(179,3): error TS1434: Unexpected keyword or identifier.
sveltekit-frontend/src/lib/services/rag-pipeline-integrator.ts(180,11): error TS1135: Argument expression expected.
sveltekit-frontend/src/lib/services/rag-pipeline-integrator.ts(180,20): error TS1005: ')' expected.
sveltekit-frontend/src/lib/services/rag-pipeline-integrator.ts(181,30): error TS1011: An element access expression should take an argument.
sveltekit-frontend/src/lib/services/rag-pipeline-integrator.ts(182,13): error TS1109: Expression expected.
sveltekit-frontend/src/lib/services/rag-pipeline-integrator.ts(183,3): error TS1128: Declaration or statement expected.
sveltekit-frontend/src/lib/services/rag-pipeline-integrator.ts(183,4): error TS1128: Declaration or statement expected.
sveltekit-frontend/src/lib/services/rag-pipeline-integrator.ts(184,9): error TS1003: Identifier expected.
sveltekit-frontend/src/lib/services/rag-pipeline-integrator.ts(184,14): error TS1005: ',' expected.
sveltekit-frontend/src/lib/services/rag-pipeline-integrator.ts(184,38): error TS1005: ',' expected.
sveltekit-frontend/src/lib/services/rag-pipeline-integrator.ts(184,40): error TS1136: Property assignment expected.
sveltekit-frontend/src/lib/services/rag-pipeline-integrator.ts(189,80): error TS1005: ')' expected.
sveltekit-frontend/src/lib/services/rag-pipeline-integrator.ts(217,29): error TS1005: ',' expected.
sveltekit-frontend/src/lib/services/rag-pipeline-integrator.ts(227,31): error TS1005: ',' expected.
sveltekit-frontend/src/lib/services/rag-pipeline-integrator.ts(239,29): error TS1005: ',' expected.
sveltekit-frontend/src/lib/services/rag-pipeline-integrator.ts(253,13): error TS1005: ')' expected.
sveltekit-frontend/src/lib/services/rag-pipeline-integrator.ts(260,31): error TS1005: ',' expected.
sveltekit-frontend/src/lib/services/rag-pipeline-integrator.ts(275,31): error TS1005: ',' expected.
sveltekit-frontend/src/lib/services/rag-pipeline-integrator.ts(296,29): error TS1005: ',' expected.
sveltekit-frontend/src/lib/services/rag-pipeline-integrator.ts(306,3): error TS1128: Declaration or statement expected.
sveltekit-frontend/src/lib/services/rag-pipeline-integrator.ts(307,3): error TS1128: Declaration or statement expected.
sveltekit-frontend/src/lib/services/rag-pipeline-integrator.ts(307,11): error TS1434: Unexpected keyword or identifier.
sveltekit-frontend/src/lib/services/rag-pipeline-integrator.ts(307,50): error TS1135: Argument expression expected.
sveltekit-frontend/src/lib/services/rag-pipeline-integrator.ts(307,66): error TS1011: An element access expression should take an argument.
sveltekit-frontend/src/lib/services/rag-pipeline-integrator.ts(307,68): error TS1005: ';' expected.
sveltekit-frontend/src/lib/services/rag-pipeline-integrator.ts(307,92): error TS1011: An element access expression should take an argument.
sveltekit-frontend/src/lib/services/rag-pipeline-integrator.ts(308,9): error TS1005: ':' expected.
sveltekit-frontend/src/lib/services/rag-pipeline-integrator.ts(309,9): error TS1005: ':' expected.
sveltekit-frontend/src/lib/services/rag-pipeline-integrator.ts(309,94): error TS1005: ',' expected.
sveltekit-frontend/src/lib/services/rag-pipeline-integrator.ts(310,14): error TS1005: ':' expected.
sveltekit-frontend/src/lib/services/rag-pipeline-integrator.ts(318,9): error TS1005: ')' expected.
sveltekit-frontend/src/lib/services/rag-pipeline-integrator.ts(319,7): error TS1005: ',' expected.
sveltekit-frontend/src/lib/services/rag-pipeline-integrator.ts(324,3): error TS1128: Declaration or statement expected.
sveltekit-frontend/src/lib/services/rag-pipeline-integrator.ts(324,11): error TS1434: Unexpected keyword or identifier.
sveltekit-frontend/src/lib/services/rag-pipeline-integrator.ts(325,11): error TS1135: Argument expression expected.
sveltekit-frontend/src/lib/services/rag-pipeline-integrator.ts(326,5): error TS1005: ',' expected.
sveltekit-frontend/src/lib/services/rag-pipeline-integrator.ts(326,19): error TS1135: Argument expression expected.
sveltekit-frontend/src/lib/services/rag-pipeline-integrator.ts(326,34): error TS1109: Expression expected.
sveltekit-frontend/src/lib/services/rag-pipeline-integrator.ts(326,35): error TS1109: Expression expected.
sveltekit-frontend/src/lib/services/rag-pipeline-integrator.ts(326,36): error TS1005: ')' expected.
sveltekit-frontend/src/lib/services/rag-pipeline-integrator.ts(327,3): error TS1128: Declaration or statement expected.
sveltekit-frontend/src/lib/services/rag-pipeline-integrator.ts(327,4): error TS1128: Declaration or statement expected.
sveltekit-frontend/src/lib/services/rag-pipeline-integrator.ts(327,27): error TS1011: An element access expression should take an argument.
sveltekit-frontend/src/lib/services/rag-pipeline-integrator.ts(328,9): error TS1005: ':' expected.
sveltekit-frontend/src/lib/services/rag-pipeline-integrator.ts(329,13): error TS1005: ':' expected.
sveltekit-frontend/src/lib/services/rag-pipeline-integrator.ts(329,79): error TS1005: ',' expected.
sveltekit-frontend/src/lib/services/rag-pipeline-integrator.ts(330,14): error TS1005: ':' expected.
sveltekit-frontend/src/lib/services/rag-pipeline-integrator.ts(333,9): error TS1005: ',' expected.
sveltekit-frontend/src/lib/services/rag-pipeline-integrator.ts(334,7): error TS1005: ',' expected.
sveltekit-frontend/src/lib/services/rag-pipeline-integrator.ts(339,3): error TS1128: Declaration or statement expected.
sveltekit-frontend/src/lib/services/rag-pipeline-integrator.ts(339,11): error TS1434: Unexpected keyword or identifier.
sveltekit-frontend/src/lib/services/rag-pipeline-integrator.ts(340,11): error TS1135: Argument expression expected.
sveltekit-frontend/src/lib/services/rag-pipeline-integrator.ts(340,20): error TS1005: ')' expected.
sveltekit-frontend/src/lib/services/rag-pipeline-integrator.ts(341,30): error TS1011: An element access expression should take an argument.
sveltekit-frontend/src/lib/services/rag-pipeline-integrator.ts(342,13): error TS1109: Expression expected.
sveltekit-frontend/src/lib/services/rag-pipeline-integrator.ts(343,3): error TS1128: Declaration or statement expected.
sveltekit-frontend/src/lib/services/rag-pipeline-integrator.ts(343,4): error TS1128: Declaration or statement expected.
sveltekit-frontend/src/lib/services/rag-pipeline-integrator.ts(344,9): error TS1005: ':' expected.
sveltekit-frontend/src/lib/services/rag-pipeline-integrator.ts(345,13): error TS1005: ':' expected.
sveltekit-frontend/src/lib/services/rag-pipeline-integrator.ts(345,77): error TS1005: ',' expected.
sveltekit-frontend/src/lib/services/rag-pipeline-integrator.ts(346,13): error TS1005: ':' expected.
sveltekit-frontend/src/lib/services/rag-pipeline-integrator.ts(351,7): error TS1005: ',' expected.
sveltekit-frontend/src/lib/services/rag-pipeline-integrator.ts(351,13): error TS1005: ':' expected.
sveltekit-frontend/src/lib/services/rag-pipeline-integrator.ts(351,72): error TS1005: ',' expected.
sveltekit-frontend/src/lib/services/rag-pipeline-integrator.ts(352,14): error TS1005: ':' expected.
sveltekit-frontend/src/lib/services/rag-pipeline-integrator.ts(353,7): error TS1005: ',' expected.
sveltekit-frontend/src/lib/services/rag-pipeline-integrator.ts(358,3): error TS1128: Declaration or statement expected.
sveltekit-frontend/src/lib/services/rag-pipeline-integrator.ts(358,43): error TS1135: Argument expression expected.
sveltekit-frontend/src/lib/services/rag-pipeline-integrator.ts(358,66): error TS1005: ',' expected.
sveltekit-frontend/src/lib/services/rag-pipeline-integrator.ts(358,76): error TS1005: ';' expected.
sveltekit-frontend/src/lib/services/rag-pipeline-integrator.ts(358,78): error TS1434: Unexpected keyword or identifier.
sveltekit-frontend/src/lib/services/rag-pipeline-integrator.ts(376,3): error TS1128: Declaration or statement expected.
sveltekit-frontend/src/lib/services/rag-pipeline-integrator.ts(376,36): error TS1135: Argument expression expected.
sveltekit-frontend/src/lib/services/rag-pipeline-integrator.ts(376,52): error TS1011: An element access expression should take an argument.
sveltekit-frontend/src/lib/services/rag-pipeline-integrator.ts(376,54): error TS1005: ';' expected.
sveltekit-frontend/src/lib/services/rag-pipeline-integrator.ts(376,56): error TS1434: Unexpected keyword or identifier.
sveltekit-frontend/src/lib/services/rag-pipeline-integrator.ts(381,3): error TS1128: Declaration or statement expected.
sveltekit-frontend/src/lib/services/rag-pipeline-integrator.ts(381,43): error TS1135: Argument expression expected.
sveltekit-frontend/src/lib/services/rag-pipeline-integrator.ts(381,58): error TS1011: An element access expression should take an argument.
sveltekit-frontend/src/lib/services/rag-pipeline-integrator.ts(381,67): error TS1005: ',' expected.
sveltekit-frontend/src/lib/services/rag-pipeline-integrator.ts(381,77): error TS1005: ';' expected.
sveltekit-frontend/src/lib/services/rag-pipeline-integrator.ts(381,79): error TS1434: Unexpected keyword or identifier.
sveltekit-frontend/src/lib/services/rag-pipeline-integrator.ts(389,3): error TS1128: Declaration or statement expected.
sveltekit-frontend/src/lib/services/rag-pipeline-integrator.ts(389,46): error TS1135: Argument expression expected.
sveltekit-frontend/src/lib/services/rag-pipeline-integrator.ts(389,61): error TS1011: An element access expression should take an argument.
sveltekit-frontend/src/lib/services/rag-pipeline-integrator.ts(389,81): error TS1005: ',' expected.
sveltekit-frontend/src/lib/services/rag-pipeline-integrator.ts(389,92): error TS1005: ';' expected.
sveltekit-frontend/src/lib/services/rag-pipeline-integrator.ts(389,94): error TS1434: Unexpected keyword or identifier.
sveltekit-frontend/src/lib/services/rag-pipeline-integrator.ts(396,3): error TS1128: Declaration or statement expected.
sveltekit-frontend/src/lib/services/rag-pipeline-integrator.ts(396,34): error TS1135: Argument expression expected.
sveltekit-frontend/src/lib/services/rag-pipeline-integrator.ts(396,54): error TS1005: ',' expected.
sveltekit-frontend/src/lib/services/rag-pipeline-integrator.ts(396,70): error TS1109: Expression expected.
sveltekit-frontend/src/lib/services/rag-pipeline-integrator.ts(396,71): error TS1109: Expression expected.
sveltekit-frontend/src/lib/services/rag-pipeline-integrator.ts(396,73): error TS1005: ';' expected.
sveltekit-frontend/src/lib/services/rag-pipeline-integrator.ts(396,75): error TS1434: Unexpected keyword or identifier.
sveltekit-frontend/src/lib/services/rag-pipeline-integrator.ts(404,16): error TS1109: Expression expected.
sveltekit-frontend/src/lib/services/rag-pipeline-integrator.ts(405,9): error TS1005: ':' expected.
sveltekit-frontend/src/lib/services/rag-pipeline-integrator.ts(405,29): error TS1005: ',' expected.
sveltekit-frontend/src/lib/services/rag-pipeline-integrator.ts(407,19): error TS1109: Expression expected.
sveltekit-frontend/src/lib/services/rag-pipeline-integrator.ts(407,50): error TS1011: An element access expression should take an argument.
sveltekit-frontend/src/lib/services/rag-pipeline-integrator.ts(413,1): error TS1128: Declaration or statement expected.
sveltekit-frontend/src/lib/services/rag-pipeline-integrator.ts(416,16): error TS1005: ',' expected.
sveltekit-frontend/src/lib/services/rag-pipeline-integrator.ts(418,38): error TS1005: ',' expected.
sveltekit-frontend/src/lib/services/rag-pipeline-integrator.ts(424,16): error TS1005: ',' expected.
sveltekit-frontend/src/lib/services/rag-pipeline-integrator.ts(426,38): error TS1005: ',' expected.
sveltekit-frontend/src/lib/services/rag-pipeline-integrator.ts(428,3): error TS1131: Property or signature expected.
sveltekit-frontend/src/lib/services/rag-pipeline-integrator.ts(430,1): error TS1128: Declaration or statement expected.
sveltekit-frontend/src/lib/services/rag-pipeline-integrator.ts(466,160): error TS1005: ')' expected.
sveltekit-frontend/src/lib/services/real-ai-service.ts(6,1): error TS1128: Declaration or statement expected.
sveltekit-frontend/src/lib/services/real-ai-service.ts(12,1): error TS1128: Declaration or statement expected.
sveltekit-frontend/src/lib/services/real-ai-service.ts(19,1): error TS1128: Declaration or statement expected.
sveltekit-frontend/src/lib/services/real-ai-service.ts(89,67): error TS1136: Property assignment expected.
sveltekit-frontend/src/lib/services/real-ai-service.ts(94,11): error TS1005: ')' expected.
sveltekit-frontend/src/lib/services/real-ai-service.ts(137,22): error TS1005: ',' expected.
sveltekit-frontend/src/lib/services/real-ai-service.ts(163,35): error TS1136: Property assignment expected.
sveltekit-frontend/src/lib/services/real-ai-service.ts(170,13): error TS1005: ',' expected.
sveltekit-frontend/src/lib/services/real-ai-service.ts(171,41): error TS1134: Variable declaration expected.
sveltekit-frontend/src/lib/services/real-ai-service.ts(172,12): error TS1472: 'catch' or 'finally' expected.
sveltekit-frontend/src/lib/services/real-ai-service.ts(177,11): error TS1005: 'try' expected.
sveltekit-frontend/src/lib/services/real-ai-service.ts(182,7): error TS1472: 'catch' or 'finally' expected.
sveltekit-frontend/src/lib/services/real-ai-service.ts(185,31): error TS1136: Property assignment expected.
sveltekit-frontend/src/lib/services/real-ai-service.ts(187,35): error TS1109: Expression expected.
sveltekit-frontend/src/lib/services/real-ai-service.ts(194,9): error TS1005: ',' expected.
sveltekit-frontend/src/lib/services/real-ai-service.ts(195,37): error TS1134: Variable declaration expected.
sveltekit-frontend/src/lib/services/real-ai-service.ts(196,8): error TS1068: Unexpected token. A constructor, method, accessor, or property was expected.
sveltekit-frontend/src/lib/services/real-ai-service.ts(197,11): error TS1003: Identifier expected.
sveltekit-frontend/src/lib/services/real-ai-service.ts(197,25): error TS1138: Parameter declaration expected.
sveltekit-frontend/src/lib/services/real-ai-service.ts(202,7): error TS1068: Unexpected token. A constructor, method, accessor, or property was expected.
sveltekit-frontend/src/lib/services/real-ai-service.ts(218,5): error TS1128: Declaration or statement expected.
sveltekit-frontend/src/lib/services/real-ai-service.ts(218,7): error TS1005: 'try' expected.
sveltekit-frontend/src/lib/services/real-ai-service.ts(221,3): error TS1128: Declaration or statement expected.
sveltekit-frontend/src/lib/services/real-ai-service.ts(225,3): error TS1434: Unexpected keyword or identifier.
sveltekit-frontend/src/lib/services/real-ai-service.ts(225,31): error TS1135: Argument expression expected.
sveltekit-frontend/src/lib/services/real-ai-service.ts(225,40): error TS1005: ';' expected.
sveltekit-frontend/src/lib/services/real-ai-service.ts(226,9): error TS1005: ':' expected.
sveltekit-frontend/src/lib/services/real-ai-service.ts(227,13): error TS1005: ':' expected.
sveltekit-frontend/src/lib/services/real-ai-service.ts(227,46): error TS1005: ',' expected.
sveltekit-frontend/src/lib/services/real-ai-service.ts(228,13): error TS1005: ':' expected.
sveltekit-frontend/src/lib/services/real-ai-service.ts(228,61): error TS1005: ',' expected.
sveltekit-frontend/src/lib/services/real-ai-service.ts(229,11): error TS1003: Identifier expected.
sveltekit-frontend/src/lib/services/real-ai-service.ts(229,28): error TS1138: Parameter declaration expected.
sveltekit-frontend/src/lib/services/real-ai-service.ts(229,48): error TS1005: ',' expected.
sveltekit-frontend/src/lib/services/real-ai-service.ts(229,50): error TS1136: Property assignment expected.
sveltekit-frontend/src/lib/services/real-ai-service.ts(236,31): error TS1136: Property assignment expected.
sveltekit-frontend/src/lib/services/real-ai-service.ts(240,9): error TS1136: Property assignment expected.
sveltekit-frontend/src/lib/services/real-ai-service.ts(241,37): error TS1134: Variable declaration expected.
sveltekit-frontend/src/lib/services/real-ai-service.ts(242,7): error TS1128: Declaration or statement expected.
sveltekit-frontend/src/lib/services/real-ai-service.ts(242,8): error TS1128: Declaration or statement expected.
sveltekit-frontend/src/lib/services/real-ai-service.ts(247,5): error TS1128: Declaration or statement expected.
sveltekit-frontend/src/lib/services/real-ai-service.ts(247,7): error TS1005: 'try' expected.
sveltekit-frontend/src/lib/services/real-ai-service.ts(249,23): error TS1005: ',' expected.
sveltekit-frontend/src/lib/services/real-ai-service.ts(253,3): error TS1128: Declaration or statement expected.
sveltekit-frontend/src/lib/services/real-ai-service.ts(257,3): error TS1434: Unexpected keyword or identifier.
sveltekit-frontend/src/lib/services/real-ai-service.ts(260,13): error TS1109: Expression expected.
sveltekit-frontend/src/lib/services/real-ai-service.ts(261,17): error TS1109: Expression expected.
sveltekit-frontend/src/lib/services/real-ai-service.ts(262,18): error TS1109: Expression expected.
sveltekit-frontend/src/lib/services/real-ai-service.ts(263,14): error TS1109: Expression expected.
sveltekit-frontend/src/lib/services/real-ai-service.ts(263,23): error TS1109: Expression expected.
sveltekit-frontend/src/lib/services/real-ai-service.ts(263,32): error TS1005: ',' expected.
sveltekit-frontend/src/lib/services/real-ai-service.ts(263,33): error TS1136: Property assignment expected.
sveltekit-frontend/src/lib/services/real-ai-service.ts(263,41): error TS1005: ';' expected.
sveltekit-frontend/src/lib/services/real-ai-service.ts(264,7): error TS2809: Declaration or statement expected. This '=' follows a block of statements, so if you intended to write a destructuring assignment, you might need to wrap the whole assignment in parentheses.
sveltekit-frontend/src/lib/services/real-ai-service.ts(265,3): error TS1128: Declaration or statement expected.
sveltekit-frontend/src/lib/services/real-ai-service.ts(265,4): error TS1128: Declaration or statement expected.
sveltekit-frontend/src/lib/services/real-ai-service.ts(265,18): error TS1011: An element access expression should take an argument.
sveltekit-frontend/src/lib/services/real-ai-service.ts(266,9): error TS1005: ':' expected.
sveltekit-frontend/src/lib/services/real-ai-service.ts(267,13): error TS1005: ':' expected.
sveltekit-frontend/src/lib/services/real-ai-service.ts(279,9): error TS1005: ',' expected.
sveltekit-frontend/src/lib/services/real-ai-service.ts(281,8): error TS1005: ',' expected.
sveltekit-frontend/src/lib/services/real-ai-service.ts(281,9): error TS1136: Property assignment expected.
sveltekit-frontend/src/lib/services/real-ai-service.ts(282,11): error TS1003: Identifier expected.
sveltekit-frontend/src/lib/services/real-ai-service.ts(282,21): error TS1138: Parameter declaration expected.
sveltekit-frontend/src/lib/services/real-ai-service.ts(282,25): error TS1005: ',' expected.
sveltekit-frontend/src/lib/services/real-ai-service.ts(282,27): error TS1136: Property assignment expected.
sveltekit-frontend/src/lib/services/real-ai-service.ts(287,5): error TS1128: Declaration or statement expected.
sveltekit-frontend/src/lib/services/real-ai-service.ts(287,7): error TS1005: 'try' expected.
sveltekit-frontend/src/lib/services/real-ai-service.ts(291,3): error TS1128: Declaration or statement expected.
sveltekit-frontend/src/lib/services/real-ai-service.ts(295,3): error TS1434: Unexpected keyword or identifier.
sveltekit-frontend/src/lib/services/real-ai-service.ts(295,33): error TS1135: Argument expression expected.
sveltekit-frontend/src/lib/services/real-ai-service.ts(296,18): error TS1005: ',' expected.
sveltekit-frontend/src/lib/services/real-ai-service.ts(297,20): error TS1005: ',' expected.
sveltekit-frontend/src/lib/services/real-ai-service.ts(298,23): error TS1109: Expression expected.
sveltekit-frontend/src/lib/services/real-ai-service.ts(298,32): error TS1005: ',' expected.
sveltekit-frontend/src/lib/services/real-ai-service.ts(298,33): error TS1136: Property assignment expected.
sveltekit-frontend/src/lib/services/real-ai-service.ts(298,41): error TS1005: ',' expected.
sveltekit-frontend/src/lib/services/real-ai-service.ts(299,3): error TS1128: Declaration or statement expected.
sveltekit-frontend/src/lib/services/real-ai-service.ts(299,4): error TS1128: Declaration or statement expected.
sveltekit-frontend/src/lib/services/real-ai-service.ts(299,5): error TS1128: Declaration or statement expected.
sveltekit-frontend/src/lib/services/real-ai-service.ts(300,9): error TS1005: ':' expected.
sveltekit-frontend/src/lib/services/real-ai-service.ts(302,13): error TS1005: ':' expected.
sveltekit-frontend/src/lib/services/real-ai-service.ts(302,83): error TS1005: ',' expected.
sveltekit-frontend/src/lib/services/real-ai-service.ts(302,84): error TS1136: Property assignment expected.
sveltekit-frontend/src/lib/services/real-ai-service.ts(302,85): error TS1136: Property assignment expected.
sveltekit-frontend/src/lib/services/real-ai-service.ts(303,13): error TS1005: ':' expected.
sveltekit-frontend/src/lib/services/real-ai-service.ts(303,45): error TS1005: ',' expected.
sveltekit-frontend/src/lib/services/real-ai-service.ts(304,13): error TS1005: ':' expected.
sveltekit-frontend/src/lib/services/real-ai-service.ts(306,26): error TS1005: ',' expected.
sveltekit-frontend/src/lib/services/real-ai-service.ts(307,9): error TS1136: Property assignment expected.
sveltekit-frontend/src/lib/services/real-ai-service.ts(309,16): error TS1109: Expression expected.
sveltekit-frontend/src/lib/services/real-ai-service.ts(310,22): error TS1109: Expression expected.
sveltekit-frontend/src/lib/services/real-ai-service.ts(311,11): error TS1109: Expression expected.
sveltekit-frontend/src/lib/services/real-ai-service.ts(313,7): error TS1128: Declaration or statement expected.
sveltekit-frontend/src/lib/services/real-ai-service.ts(315,5): error TS1128: Declaration or statement expected.
sveltekit-frontend/src/lib/services/real-ai-service.ts(315,7): error TS1005: 'try' expected.
sveltekit-frontend/src/lib/services/real-ai-service.ts(317,23): error TS1005: ',' expected.
sveltekit-frontend/src/lib/services/real-ai-service.ts(321,3): error TS1128: Declaration or statement expected.
sveltekit-frontend/src/lib/services/real-ai-service.ts(325,3): error TS1128: Declaration or statement expected.
sveltekit-frontend/src/lib/services/real-ai-service.ts(325,31): error TS1135: Argument expression expected.
sveltekit-frontend/src/lib/services/real-ai-service.ts(325,40): error TS1005: ';' expected.
sveltekit-frontend/src/lib/services/real-ai-service.ts(325,42): error TS1434: Unexpected keyword or identifier.
sveltekit-frontend/src/lib/services/real-ai-service.ts(329,1): error TS1128: Declaration or statement expected.
sveltekit-frontend/src/lib/services/realtime-communication.ts(6,1): error TS1128: Declaration or statement expected.
sveltekit-frontend/src/lib/services/realtime-communication.ts(13,1): error TS1128: Declaration or statement expected.
sveltekit-frontend/src/lib/services/realtime-communication.ts(31,1): error TS1128: Declaration or statement expected.
sveltekit-frontend/src/lib/services/realtime-communication.ts(56,14): error TS1005: ',' expected.
sveltekit-frontend/src/lib/services/realtime-communication.ts(87,31): error TS1137: Expression or comma expected.
sveltekit-frontend/src/lib/services/realtime-communication.ts(91,5): error TS1128: Declaration or statement expected.
sveltekit-frontend/src/lib/services/realtime-communication.ts(91,6): error TS1128: Declaration or statement expected.
sveltekit-frontend/src/lib/services/realtime-communication.ts(121,83): error TS1005: ')' expected.
sveltekit-frontend/src/lib/services/realtime-communication.ts(132,11): error TS1005: ')' expected.
sveltekit-frontend/src/lib/services/realtime-communication.ts(153,11): error TS1005: ')' expected.
sveltekit-frontend/src/lib/services/realtime-communication.ts(159,80): error TS1005: ')' expected.
sveltekit-frontend/src/lib/services/realtime-communication.ts(163,78): error TS1005: ')' expected.
sveltekit-frontend/src/lib/services/realtime-communication.ts(171,77): error TS1005: ')' expected.
sveltekit-frontend/src/lib/services/realtime-communication.ts(182,11): error TS1005: ')' expected.
sveltekit-frontend/src/lib/services/realtime-communication.ts(196,60): error TS1005: ')' expected.
sveltekit-frontend/src/lib/services/realtime-communication.ts(200,60): error TS1005: ')' expected.
sveltekit-frontend/src/lib/services/realtime-communication.ts(209,11): error TS1005: ')' expected.
sveltekit-frontend/src/lib/services/realtime-communication.ts(215,72): error TS1005: ')' expected.
sveltekit-frontend/src/lib/services/realtime-communication.ts(223,80): error TS1005: ')' expected.
sveltekit-frontend/src/lib/services/realtime-communication.ts(238,37): error TS1005: ',' expected.
sveltekit-frontend/src/lib/services/realtime-communication.ts(240,10): error TS1005: ';' expected.
sveltekit-frontend/src/lib/services/realtime-communication.ts(245,11): error TS1005: ')' expected.
sveltekit-frontend/src/lib/services/realtime-communication.ts(264,11): error TS1005: ')' expected.
sveltekit-frontend/src/lib/services/realtime-communication.ts(268,77): error TS1005: ')' expected.
sveltekit-frontend/src/lib/services/realtime-communication.ts(274,75): error TS1005: ')' expected.
sveltekit-frontend/src/lib/services/realtime-communication.ts(284,3): error TS1068: Unexpected token. A constructor, method, accessor, or property was expected.
sveltekit-frontend/src/lib/services/realtime-communication.ts(284,4): error TS1068: Unexpected token. A constructor, method, accessor, or property was expected.
sveltekit-frontend/src/lib/services/realtime-communication.ts(284,14): error TS1139: Type parameter declaration expected.
sveltekit-frontend/src/lib/services/realtime-communication.ts(284,18): error TS1109: Expression expected.
sveltekit-frontend/src/lib/services/realtime-communication.ts(286,11): error TS1005: ':' expected.
sveltekit-frontend/src/lib/services/realtime-communication.ts(286,53): error TS1005: ',' expected.
sveltekit-frontend/src/lib/services/realtime-communication.ts(287,11): error TS1005: ',' expected.
sveltekit-frontend/src/lib/services/realtime-communication.ts(287,26): error TS1005: ',' expected.
sveltekit-frontend/src/lib/services/realtime-communication.ts(287,54): error TS1005: ',' expected.
sveltekit-frontend/src/lib/services/realtime-communication.ts(289,11): error TS1005: ':' expected.
sveltekit-frontend/src/lib/services/realtime-communication.ts(292,29): error TS1136: Property assignment expected.
sveltekit-frontend/src/lib/services/realtime-communication.ts(297,7): error TS1136: Property assignment expected.
sveltekit-frontend/src/lib/services/realtime-communication.ts(298,6): error TS1005: ';' expected.
sveltekit-frontend/src/lib/services/realtime-communication.ts(300,54): error TS1128: Declaration or statement expected.
sveltekit-frontend/src/lib/services/realtime-communication.ts(301,82): error TS1005: ')' expected.
sveltekit-frontend/src/lib/services/realtime-communication.ts(309,33): error TS1136: Property assignment expected.
sveltekit-frontend/src/lib/services/realtime-communication.ts(318,3): error TS1128: Declaration or statement expected.
sveltekit-frontend/src/lib/services/realtime-communication.ts(322,3): error TS1434: Unexpected keyword or identifier.
sveltekit-frontend/src/lib/services/realtime-communication.ts(324,10): error TS1109: Expression expected.
sveltekit-frontend/src/lib/services/realtime-communication.ts(326,3): error TS1128: Declaration or statement expected.
sveltekit-frontend/src/lib/services/realtime-communication.ts(326,4): error TS1128: Declaration or statement expected.
sveltekit-frontend/src/lib/services/realtime-communication.ts(326,18): error TS1109: Expression expected.
sveltekit-frontend/src/lib/services/realtime-communication.ts(327,11): error TS1005: ':' expected.
sveltekit-frontend/src/lib/services/realtime-communication.ts(336,5): error TS1005: ',' expected.
sveltekit-frontend/src/lib/services/realtime-communication.ts(336,11): error TS1005: ':' expected.
sveltekit-frontend/src/lib/services/realtime-communication.ts(336,53): error TS1005: ',' expected.
sveltekit-frontend/src/lib/services/realtime-communication.ts(337,9): error TS1003: Identifier expected.
sveltekit-frontend/src/lib/services/realtime-communication.ts(343,5): error TS1005: ',' expected.
sveltekit-frontend/src/lib/services/realtime-communication.ts(343,9): error TS1005: ':' expected.
sveltekit-frontend/src/lib/services/realtime-communication.ts(344,15): error TS1003: Identifier expected.
sveltekit-frontend/src/lib/services/realtime-communication.ts(344,34): error TS1005: ',' expected.
sveltekit-frontend/src/lib/services/realtime-communication.ts(345,13): error TS1005: ',' expected.
sveltekit-frontend/src/lib/services/realtime-communication.ts(345,18): error TS1005: ',' expected.
sveltekit-frontend/src/lib/services/realtime-communication.ts(345,56): error TS1005: ',' expected.
sveltekit-frontend/src/lib/services/realtime-communication.ts(346,7): error TS1005: ',' expected.
sveltekit-frontend/src/lib/services/realtime-communication.ts(355,3): error TS1434: Unexpected keyword or identifier.
sveltekit-frontend/src/lib/services/realtime-communication.ts(355,35): error TS1135: Argument expression expected.
sveltekit-frontend/src/lib/services/realtime-communication.ts(355,69): error TS1005: ',' expected.
sveltekit-frontend/src/lib/services/realtime-communication.ts(355,76): error TS1005: ';' expected.
sveltekit-frontend/src/lib/services/realtime-communication.ts(356,11): error TS1005: ':' expected.
sveltekit-frontend/src/lib/services/realtime-communication.ts(356,89): error TS1005: ',' expected.
sveltekit-frontend/src/lib/services/realtime-communication.ts(357,11): error TS1005: ':' expected.
sveltekit-frontend/src/lib/services/realtime-communication.ts(363,5): error TS1005: ',' expected.
sveltekit-frontend/src/lib/services/realtime-communication.ts(363,9): error TS1005: ':' expected.
sveltekit-frontend/src/lib/services/realtime-communication.ts(363,62): error TS1005: ',' expected.
sveltekit-frontend/src/lib/services/realtime-communication.ts(364,24): error TS1003: Identifier expected.
sveltekit-frontend/src/lib/services/realtime-communication.ts(364,98): error TS1005: ')' expected.
sveltekit-frontend/src/lib/services/realtime-communication.ts(366,11): error TS1005: ',' expected.
sveltekit-frontend/src/lib/services/realtime-communication.ts(366,16): error TS1005: ',' expected.
sveltekit-frontend/src/lib/services/realtime-communication.ts(367,20): error TS1005: ':' expected.
sveltekit-frontend/src/lib/services/realtime-communication.ts(368,7): error TS1136: Property assignment expected.
sveltekit-frontend/src/lib/services/realtime-communication.ts(372,19): error TS1109: Expression expected.
sveltekit-frontend/src/lib/services/realtime-communication.ts(373,8): error TS1128: Declaration or statement expected.
sveltekit-frontend/src/lib/services/realtime-communication.ts(375,4): error TS1128: Declaration or statement expected.
sveltekit-frontend/src/lib/services/realtime-communication.ts(375,6): error TS1128: Declaration or statement expected.
sveltekit-frontend/src/lib/services/realtime-communication.ts(377,3): error TS1128: Declaration or statement expected.
sveltekit-frontend/src/lib/services/realtime-communication.ts(381,3): error TS1128: Declaration or statement expected.
sveltekit-frontend/src/lib/services/realtime-communication.ts(383,3): error TS1128: Declaration or statement expected.
sveltekit-frontend/src/lib/services/realtime-communication.ts(383,4): error TS1128: Declaration or statement expected.
sveltekit-frontend/src/lib/services/realtime-communication.ts(384,11): error TS1005: ':' expected.
sveltekit-frontend/src/lib/services/realtime-communication.ts(384,53): error TS1005: ',' expected.
sveltekit-frontend/src/lib/services/realtime-communication.ts(386,18): error TS1005: ',' expected.
sveltekit-frontend/src/lib/services/realtime-communication.ts(386,65): error TS1005: ';' expected.
sveltekit-frontend/src/lib/services/realtime-communication.ts(398,3): error TS1128: Declaration or statement expected.
sveltekit-frontend/src/lib/services/realtime-communication.ts(402,3): error TS1128: Declaration or statement expected.
sveltekit-frontend/src/lib/services/realtime-communication.ts(402,11): error TS1434: Unexpected keyword or identifier.
sveltekit-frontend/src/lib/services/realtime-communication.ts(405,3): error TS1128: Declaration or statement expected.
sveltekit-frontend/src/lib/services/realtime-communication.ts(405,4): error TS1128: Declaration or statement expected.
sveltekit-frontend/src/lib/services/realtime-communication.ts(405,18): error TS1109: Expression expected.
sveltekit-frontend/src/lib/services/realtime-communication.ts(406,11): error TS1005: ':' expected.
sveltekit-frontend/src/lib/services/realtime-communication.ts(406,48): error TS1005: ',' expected.
sveltekit-frontend/src/lib/services/realtime-communication.ts(408,7): error TS1128: Declaration or statement expected.
sveltekit-frontend/src/lib/services/realtime-communication.ts(408,11): error TS1005: ':' expected.
sveltekit-frontend/src/lib/services/realtime-communication.ts(409,9): error TS1109: Expression expected.
sveltekit-frontend/src/lib/services/realtime-communication.ts(409,17): error TS1005: ',' expected.
sveltekit-frontend/src/lib/services/realtime-communication.ts(409,71): error TS1005: ',' expected.
sveltekit-frontend/src/lib/services/realtime-communication.ts(409,73): error TS1136: Property assignment expected.
sveltekit-frontend/src/lib/services/realtime-communication.ts(411,11): error TS1128: Declaration or statement expected.
sveltekit-frontend/src/lib/services/realtime-communication.ts(415,7): error TS1128: Declaration or statement expected.
sveltekit-frontend/src/lib/services/realtime-communication.ts(415,21): error TS1109: Expression expected.
sveltekit-frontend/src/lib/services/realtime-communication.ts(422,7): error TS1128: Declaration or statement expected.
sveltekit-frontend/src/lib/services/realtime-communication.ts(422,18): error TS1109: Expression expected.
sveltekit-frontend/src/lib/services/realtime-communication.ts(428,9): error TS1136: Property assignment expected.
sveltekit-frontend/src/lib/services/realtime-communication.ts(428,10): error TS1128: Declaration or statement expected.
sveltekit-frontend/src/lib/services/realtime-communication.ts(428,11): error TS1128: Declaration or statement expected.
sveltekit-frontend/src/lib/services/realtime-communication.ts(430,7): error TS1005: 'export' expected.
sveltekit-frontend/src/lib/services/realtime-communication.ts(430,14): error TS1128: Declaration or statement expected.
sveltekit-frontend/src/lib/services/realtime-communication.ts(432,5): error TS1128: Declaration or statement expected.
sveltekit-frontend/src/lib/services/realtime-communication.ts(433,3): error TS1128: Declaration or statement expected.
sveltekit-frontend/src/lib/services/realtime-communication.ts(437,3): error TS1128: Declaration or statement expected.
sveltekit-frontend/src/lib/services/realtime-communication.ts(437,33): error TS1135: Argument expression expected.
sveltekit-frontend/src/lib/services/realtime-communication.ts(437,51): error TS1005: ';' expected.
sveltekit-frontend/src/lib/services/realtime-communication.ts(439,14): error TS1003: Identifier expected.
sveltekit-frontend/src/lib/services/realtime-communication.ts(439,62): error TS1005: ',' expected.
sveltekit-frontend/src/lib/services/realtime-communication.ts(441,17): error TS1138: Parameter declaration expected.
sveltekit-frontend/src/lib/services/realtime-communication.ts(441,67): error TS1005: ',' expected.
sveltekit-frontend/src/lib/services/realtime-communication.ts(441,69): error TS1136: Property assignment expected.
sveltekit-frontend/src/lib/services/realtime-communication.ts(450,84): error TS1005: ')' expected.
sveltekit-frontend/src/lib/services/realtime-communication.ts(451,3): error TS1128: Declaration or statement expected.
sveltekit-frontend/src/lib/services/realtime-communication.ts(455,3): error TS1128: Declaration or statement expected.
sveltekit-frontend/src/lib/services/realtime-communication.ts(455,40): error TS1135: Argument expression expected.
sveltekit-frontend/src/lib/services/realtime-communication.ts(455,46): error TS1005: ';' expected.
sveltekit-frontend/src/lib/services/realtime-communication.ts(456,11): error TS1005: ':' expected.
sveltekit-frontend/src/lib/services/realtime-communication.ts(456,56): error TS1005: ',' expected.
sveltekit-frontend/src/lib/services/realtime-communication.ts(456,58): error TS1005: ',' expected.
sveltekit-frontend/src/lib/services/realtime-communication.ts(457,9): error TS1003: Identifier expected.
sveltekit-frontend/src/lib/services/realtime-communication.ts(457,14): error TS1005: ',' expected.
sveltekit-frontend/src/lib/services/realtime-communication.ts(457,48): error TS1005: ',' expected.
sveltekit-frontend/src/lib/services/realtime-communication.ts(457,50): error TS1136: Property assignment expected.
sveltekit-frontend/src/lib/services/realtime-communication.ts(471,88): error TS1005: ')' expected.
sveltekit-frontend/src/lib/services/realtime-communication.ts(487,3): error TS1128: Declaration or statement expected.
sveltekit-frontend/src/lib/services/realtime-communication.ts(491,3): error TS1128: Declaration or statement expected.
sveltekit-frontend/src/lib/services/realtime-communication.ts(491,43): error TS1135: Argument expression expected.
sveltekit-frontend/src/lib/services/realtime-communication.ts(491,49): error TS1005: ';' expected.
sveltekit-frontend/src/lib/services/realtime-communication.ts(492,14): error TS1138: Parameter declaration expected.
sveltekit-frontend/src/lib/services/realtime-communication.ts(492,42): error TS1005: ',' expected.
sveltekit-frontend/src/lib/services/realtime-communication.ts(492,44): error TS1136: Property assignment expected.
sveltekit-frontend/src/lib/services/realtime-communication.ts(496,3): error TS1128: Declaration or statement expected.
sveltekit-frontend/src/lib/services/realtime-communication.ts(500,3): error TS1128: Declaration or statement expected.
sveltekit-frontend/src/lib/services/realtime-communication.ts(502,12): error TS1109: Expression expected.
sveltekit-frontend/src/lib/services/realtime-communication.ts(504,3): error TS1128: Declaration or statement expected.
sveltekit-frontend/src/lib/services/realtime-communication.ts(504,4): error TS1128: Declaration or statement expected.
sveltekit-frontend/src/lib/services/realtime-communication.ts(505,11): error TS1005: ':' expected.
sveltekit-frontend/src/lib/services/realtime-communication.ts(505,53): error TS1109: Expression expected.
sveltekit-frontend/src/lib/services/realtime-communication.ts(505,54): error TS1005: ',' expected.
sveltekit-frontend/src/lib/services/realtime-communication.ts(506,19): error TS1003: Identifier expected.
sveltekit-frontend/src/lib/services/realtime-communication.ts(506,26): error TS1005: ',' expected.
sveltekit-frontend/src/lib/services/realtime-communication.ts(506,48): error TS1005: ',' expected.
sveltekit-frontend/src/lib/services/realtime-communication.ts(506,50): error TS1136: Property assignment expected.
sveltekit-frontend/src/lib/services/realtime-communication.ts(506,51): error TS1109: Expression expected.
sveltekit-frontend/src/lib/services/realtime-communication.ts(507,7): error TS1109: Expression expected.
sveltekit-frontend/src/lib/services/realtime-communication.ts(511,9): error TS1128: Declaration or statement expected.
sveltekit-frontend/src/lib/services/realtime-communication.ts(524,8): error TS1128: Declaration or statement expected.
sveltekit-frontend/src/lib/services/realtime-communication.ts(524,10): error TS1434: Unexpected keyword or identifier.
sveltekit-frontend/src/lib/services/realtime-communication.ts(524,15): error TS1128: Declaration or statement expected.
sveltekit-frontend/src/lib/services/realtime-communication.ts(525,5): error TS1128: Declaration or statement expected.
sveltekit-frontend/src/lib/services/realtime-communication.ts(526,3): error TS1128: Declaration or statement expected.
sveltekit-frontend/src/lib/services/realtime-communication.ts(530,3): error TS1128: Declaration or statement expected.
sveltekit-frontend/src/lib/services/realtime-communication.ts(530,50): error TS1109: Expression expected.
sveltekit-frontend/src/lib/services/realtime-communication.ts(530,60): error TS1109: Expression expected.
sveltekit-frontend/src/lib/services/realtime-communication.ts(531,11): error TS1005: ':' expected.
sveltekit-frontend/src/lib/services/realtime-communication.ts(531,42): error TS1005: ',' expected.
sveltekit-frontend/src/lib/services/realtime-communication.ts(532,9): error TS1005: ':' expected.
sveltekit-frontend/src/lib/services/realtime-communication.ts(532,28): error TS1005: ',' expected.
sveltekit-frontend/src/lib/services/realtime-communication.ts(533,10): error TS1359: Identifier expected. 'const' is a reserved word that cannot be used here.
sveltekit-frontend/src/lib/services/realtime-communication.ts(533,16): error TS1005: ',' expected.
sveltekit-frontend/src/lib/services/realtime-communication.ts(533,29): error TS1005: ',' expected.
sveltekit-frontend/src/lib/services/realtime-communication.ts(535,61): error TS1109: Expression expected.
sveltekit-frontend/src/lib/services/realtime-communication.ts(552,3): error TS1128: Declaration or statement expected.
sveltekit-frontend/src/lib/services/realtime-communication.ts(552,40): error TS1109: Expression expected.
sveltekit-frontend/src/lib/services/realtime-communication.ts(553,17): error TS1138: Parameter declaration expected.
sveltekit-frontend/src/lib/services/realtime-communication.ts(553,21): error TS1005: '(' expected.
sveltekit-frontend/src/lib/services/realtime-communication.ts(557,12): error TS1005: ';' expected.
sveltekit-frontend/src/lib/services/realtime-communication.ts(558,3): error TS1128: Declaration or statement expected.
sveltekit-frontend/src/lib/services/realtime-communication.ts(562,3): error TS1128: Declaration or statement expected.
sveltekit-frontend/src/lib/services/realtime-communication.ts(562,28): error TS1109: Expression expected.
sveltekit-frontend/src/lib/services/realtime-communication.ts(563,17): error TS1138: Parameter declaration expected.
sveltekit-frontend/src/lib/services/realtime-communication.ts(563,21): error TS1005: '(' expected.
sveltekit-frontend/src/lib/services/realtime-communication.ts(567,13): error TS1005: ';' expected.
sveltekit-frontend/src/lib/services/realtime-communication.ts(568,3): error TS1128: Declaration or statement expected.
sveltekit-frontend/src/lib/services/realtime-communication.ts(572,18): error TS1135: Argument expression expected.
sveltekit-frontend/src/lib/services/realtime-communication.ts(572,53): error TS1005: ',' expected.
sveltekit-frontend/src/lib/services/realtime-communication.ts(572,91): error TS1005: ';' expected.
sveltekit-frontend/src/lib/services/realtime-communication.ts(573,9): error TS1005: ':' expected.
sveltekit-frontend/src/lib/services/realtime-communication.ts(573,44): error TS1005: ',' expected.
sveltekit-frontend/src/lib/services/realtime-communication.ts(578,22): error TS1135: Argument expression expected.
sveltekit-frontend/src/lib/services/realtime-communication.ts(578,40): error TS1005: ',' expected.
sveltekit-frontend/src/lib/services/realtime-communication.ts(578,81): error TS1005: ';' expected.
sveltekit-frontend/src/lib/services/realtime-communication.ts(579,9): error TS1005: ':' expected.
sveltekit-frontend/src/lib/services/realtime-communication.ts(579,48): error TS1005: ',' expected.
sveltekit-frontend/src/lib/services/realtime-communication.ts(584,3): error TS1128: Declaration or statement expected.
sveltekit-frontend/src/lib/services/realtime-communication.ts(584,40): error TS1109: Expression expected.
sveltekit-frontend/src/lib/services/realtime-communication.ts(584,42): error TS1434: Unexpected keyword or identifier.
sveltekit-frontend/src/lib/services/realtime-communication.ts(602,16): error TS1109: Expression expected.
sveltekit-frontend/src/lib/services/realtime-communication.ts(603,13): error TS1005: ',' expected.
sveltekit-frontend/src/lib/services/realtime-communication.ts(603,36): error TS1005: ',' expected.
sveltekit-frontend/src/lib/services/realtime-communication.ts(603,38): error TS1136: Property assignment expected.
sveltekit-frontend/src/lib/services/realtime-communication.ts(617,3): error TS1128: Declaration or statement expected.
sveltekit-frontend/src/lib/services/realtime-communication.ts(618,1): error TS1128: Declaration or statement expected.
sveltekit-frontend/src/lib/services/realtime-communication.ts(620,71): error TS1136: Property assignment expected.
sveltekit-frontend/src/lib/services/realtime-communication.ts(627,75): error TS1005: '>' expected.
sveltekit-frontend/src/lib/services/realtime-communication.ts(627,95): error TS1005: ')' expected.
sveltekit-frontend/src/lib/services/redis-metrics.ts(6,1): error TS1128: Declaration or statement expected.
sveltekit-frontend/src/lib/services/redis-metrics.ts(31,106): error TS1135: Argument expression expected.
sveltekit-frontend/src/lib/services/redis-service.ts(3,1): error TS1128: Declaration or statement expected.
sveltekit-frontend/src/lib/services/redis-service.ts(31,58): error TS1005: ')' expected.
sveltekit-frontend/src/lib/services/redis-service.ts(32,61): error TS1005: ')' expected.
sveltekit-frontend/src/lib/services/redis-service.ts(33,62): error TS1005: ')' expected.
sveltekit-frontend/src/lib/services/redis-service.ts(35,26): error TS1137: Expression or comma expected.
sveltekit-frontend/src/lib/services/redis-service.ts(39,7): error TS1128: Declaration or statement expected.
sveltekit-frontend/src/lib/services/redis-service.ts(39,8): error TS1128: Declaration or statement expected.
sveltekit-frontend/src/lib/services/revolutionary-ai-integration.ts(348,9): error TS1005: ',' expected.
sveltekit-frontend/src/lib/services/rtx-system-monitor.ts(7,1): error TS1128: Declaration or statement expected.
sveltekit-frontend/src/lib/services/rtx-system-monitor.ts(20,1): error TS1128: Declaration or statement expected.
sveltekit-frontend/src/lib/services/rtx-system-monitor.ts(108,95): error TS1005: ')' expected.
sveltekit-frontend/src/lib/services/rtx-system-monitor.ts(194,7): error TS1136: Property assignment expected.
sveltekit-frontend/src/lib/services/rtx-system-monitor.ts(194,9): error TS1472: 'catch' or 'finally' expected.
sveltekit-frontend/src/lib/services/rtx-system-monitor.ts(210,22): error TS1109: Expression expected.
sveltekit-frontend/src/lib/services/rtx-system-monitor.ts(210,24): error TS1434: Unexpected keyword or identifier.
sveltekit-frontend/src/lib/services/rtx-system-monitor.ts(213,23): error TS1109: Expression expected.
sveltekit-frontend/src/lib/services/rtx-system-monitor.ts(213,25): error TS1434: Unexpected keyword or identifier.
sveltekit-frontend/src/lib/services/rtx-system-monitor.ts(216,31): error TS1135: Argument expression expected.
sveltekit-frontend/src/lib/services/rtx-system-monitor.ts(216,59): error TS1005: ';' expected.
sveltekit-frontend/src/lib/services/rtx-system-monitor.ts(217,9): error TS1005: ':' expected.
sveltekit-frontend/src/lib/services/rtx-system-monitor.ts(217,48): error TS1005: ',' expected.
sveltekit-frontend/src/lib/services/rtx-system-monitor.ts(220,7): error TS1128: Declaration or statement expected.
sveltekit-frontend/src/lib/services/rtx-system-monitor.ts(220,11): error TS1005: ':' expected.
sveltekit-frontend/src/lib/services/rtx-system-monitor.ts(221,50): error TS1005: ':' expected.
sveltekit-frontend/src/lib/services/rtx-system-monitor.ts(222,14): error TS1005: ':' expected.
sveltekit-frontend/src/lib/services/rtx-system-monitor.ts(223,11): error TS1005: ':' expected.
sveltekit-frontend/src/lib/services/rtx-system-monitor.ts(224,50): error TS1005: ':' expected.
sveltekit-frontend/src/lib/services/rtx-system-monitor.ts(225,14): error TS1005: ':' expected.
sveltekit-frontend/src/lib/services/rtx-system-monitor.ts(226,11): error TS1005: ':' expected.
sveltekit-frontend/src/lib/services/rtx-system-monitor.ts(227,50): error TS1005: ':' expected.
sveltekit-frontend/src/lib/services/rtx-system-monitor.ts(228,14): error TS1005: ':' expected.
sveltekit-frontend/src/lib/services/rtx-system-monitor.ts(231,3): error TS1128: Declaration or statement expected.
sveltekit-frontend/src/lib/services/rtx-system-monitor.ts(232,27): error TS1109: Expression expected.
sveltekit-frontend/src/lib/services/rtx-system-monitor.ts(233,9): error TS1005: ':' expected.
sveltekit-frontend/src/lib/services/rtx-system-monitor.ts(233,90): error TS1005: ',' expected.
sveltekit-frontend/src/lib/services/rtx-system-monitor.ts(235,13): error TS1005: ',' expected.
sveltekit-frontend/src/lib/services/rtx-system-monitor.ts(235,50): error TS1005: ',' expected.
sveltekit-frontend/src/lib/services/rtx-system-monitor.ts(235,52): error TS1136: Property assignment expected.
sveltekit-frontend/src/lib/services/rtx-system-monitor.ts(238,7): error TS1128: Declaration or statement expected.
sveltekit-frontend/src/lib/services/rtx-system-monitor.ts(243,3): error TS1128: Declaration or statement expected.
sveltekit-frontend/src/lib/services/rtx-system-monitor.ts(244,34): error TS1109: Expression expected.
sveltekit-frontend/src/lib/services/rtx-system-monitor.ts(245,9): error TS1005: ':' expected.
sveltekit-frontend/src/lib/services/rtx-system-monitor.ts(245,92): error TS1005: ',' expected.
sveltekit-frontend/src/lib/services/rtx-system-monitor.ts(246,13): error TS1003: Identifier expected.
sveltekit-frontend/src/lib/services/rtx-system-monitor.ts(246,118): error TS1005: ',' expected.
sveltekit-frontend/src/lib/services/rtx-system-monitor.ts(248,18): error TS1109: Expression expected.
sveltekit-frontend/src/lib/services/rtx-system-monitor.ts(249,9): error TS1005: ':' expected.
sveltekit-frontend/src/lib/services/rtx-system-monitor.ts(257,5): error TS1005: ',' expected.
sveltekit-frontend/src/lib/services/rtx-system-monitor.ts(257,13): error TS1003: Identifier expected.
sveltekit-frontend/src/lib/services/rtx-system-monitor.ts(257,37): error TS1005: ',' expected.
sveltekit-frontend/src/lib/services/rtx-system-monitor.ts(259,13): error TS1109: Expression expected.
sveltekit-frontend/src/lib/services/rtx-system-monitor.ts(260,13): error TS1005: ',' expected.
sveltekit-frontend/src/lib/services/rtx-system-monitor.ts(260,33): error TS1005: ',' expected.
sveltekit-frontend/src/lib/services/rtx-system-monitor.ts(260,35): error TS1136: Property assignment expected.
sveltekit-frontend/src/lib/services/rtx-system-monitor.ts(268,3): error TS1128: Declaration or statement expected.
sveltekit-frontend/src/lib/services/rtx-system-monitor.ts(269,1): error TS1128: Declaration or statement expected.
sveltekit-frontend/src/lib/services/rtx-tensor-upscaler.ts(8,1): error TS1128: Declaration or statement expected.
sveltekit-frontend/src/lib/services/rtx-tensor-upscaler.ts(19,1): error TS1128: Declaration or statement expected.
sveltekit-frontend/src/lib/services/rtx-tensor-upscaler.ts(29,1): error TS1128: Declaration or statement expected.
sveltekit-frontend/src/lib/services/rtx-tensor-upscaler.ts(82,7): error TS1136: Property assignment expected.
sveltekit-frontend/src/lib/services/rtx-tensor-upscaler.ts(82,9): error TS1472: 'catch' or 'finally' expected.
sveltekit-frontend/src/lib/services/rtx-tensor-upscaler.ts(91,7): error TS1136: Property assignment expected.
sveltekit-frontend/src/lib/services/rtx-tensor-upscaler.ts(91,9): error TS1068: Unexpected token. A constructor, method, accessor, or property was expected.
sveltekit-frontend/src/lib/services/rtx-tensor-upscaler.ts(93,7): error TS1068: Unexpected token. A constructor, method, accessor, or property was expected.
sveltekit-frontend/src/lib/services/rtx-tensor-upscaler.ts(101,5): error TS1128: Declaration or statement expected.
sveltekit-frontend/src/lib/services/rtx-tensor-upscaler.ts(101,7): error TS1005: 'try' expected.
sveltekit-frontend/src/lib/services/rtx-tensor-upscaler.ts(105,3): error TS1128: Declaration or statement expected.
sveltekit-frontend/src/lib/services/rtx-tensor-upscaler.ts(106,3): error TS1128: Declaration or statement expected.
sveltekit-frontend/src/lib/services/rtx-tensor-upscaler.ts(106,11): error TS1434: Unexpected keyword or identifier.
sveltekit-frontend/src/lib/services/rtx-tensor-upscaler.ts(106,40): error TS1109: Expression expected.
sveltekit-frontend/src/lib/services/rtx-tensor-upscaler.ts(106,54): error TS1109: Expression expected.
sveltekit-frontend/src/lib/services/rtx-tensor-upscaler.ts(107,9): error TS1003: Identifier expected.
sveltekit-frontend/src/lib/services/rtx-tensor-upscaler.ts(107,14): error TS1005: ',' expected.
sveltekit-frontend/src/lib/services/rtx-tensor-upscaler.ts(107,25): error TS1005: ',' expected.
sveltekit-frontend/src/lib/services/rtx-tensor-upscaler.ts(107,34): error TS1005: ',' expected.
sveltekit-frontend/src/lib/services/rtx-tensor-upscaler.ts(107,38): error TS1005: ':' expected.
sveltekit-frontend/src/lib/services/rtx-tensor-upscaler.ts(107,74): error TS1005: ',' expected.
sveltekit-frontend/src/lib/services/rtx-tensor-upscaler.ts(109,11): error TS1005: ':' expected.
sveltekit-frontend/src/lib/services/rtx-tensor-upscaler.ts(133,6): error TS1005: ',' expected.
sveltekit-frontend/src/lib/services/rtx-tensor-upscaler.ts(134,11): error TS1005: ':' expected.
sveltekit-frontend/src/lib/services/rtx-tensor-upscaler.ts(136,7): error TS1005: ',' expected.
sveltekit-frontend/src/lib/services/rtx-tensor-upscaler.ts(137,11): error TS1005: ':' expected.
sveltekit-frontend/src/lib/services/rtx-tensor-upscaler.ts(143,7): error TS1005: ',' expected.
sveltekit-frontend/src/lib/services/rtx-tensor-upscaler.ts(145,9): error TS1005: ':' expected.
sveltekit-frontend/src/lib/services/rtx-tensor-upscaler.ts(145,44): error TS1005: ',' expected.
sveltekit-frontend/src/lib/services/rtx-tensor-upscaler.ts(147,3): error TS1128: Declaration or statement expected.
sveltekit-frontend/src/lib/services/rtx-tensor-upscaler.ts(147,34): error TS1109: Expression expected.
sveltekit-frontend/src/lib/services/rtx-tensor-upscaler.ts(148,9): error TS1003: Identifier expected.
sveltekit-frontend/src/lib/services/rtx-tensor-upscaler.ts(148,14): error TS1005: ',' expected.
sveltekit-frontend/src/lib/services/rtx-tensor-upscaler.ts(148,25): error TS1005: ',' expected.
sveltekit-frontend/src/lib/services/rtx-tensor-upscaler.ts(148,34): error TS1005: ',' expected.
sveltekit-frontend/src/lib/services/rtx-tensor-upscaler.ts(150,11): error TS1005: ':' expected.
sveltekit-frontend/src/lib/services/rtx-tensor-upscaler.ts(150,69): error TS1005: ',' expected.
sveltekit-frontend/src/lib/services/rtx-tensor-upscaler.ts(151,17): error TS1003: Identifier expected.
sveltekit-frontend/src/lib/services/rtx-tensor-upscaler.ts(157,7): error TS1005: ',' expected.
sveltekit-frontend/src/lib/services/rtx-tensor-upscaler.ts(158,13): error TS1003: Identifier expected.
sveltekit-frontend/src/lib/services/rtx-tensor-upscaler.ts(158,89): error TS1005: ',' expected.
sveltekit-frontend/src/lib/services/rtx-tensor-upscaler.ts(160,3): error TS1128: Declaration or statement expected.
sveltekit-frontend/src/lib/services/rtx-tensor-upscaler.ts(160,11): error TS1434: Unexpected keyword or identifier.
sveltekit-frontend/src/lib/services/rtx-tensor-upscaler.ts(160,33): error TS1109: Expression expected.
sveltekit-frontend/src/lib/services/rtx-tensor-upscaler.ts(160,47): error TS1109: Expression expected.
sveltekit-frontend/src/lib/services/rtx-tensor-upscaler.ts(161,13): error TS1003: Identifier expected.
sveltekit-frontend/src/lib/services/rtx-tensor-upscaler.ts(161,69): error TS1005: ',' expected.
sveltekit-frontend/src/lib/services/rtx-tensor-upscaler.ts(162,11): error TS1005: ':' expected.
sveltekit-frontend/src/lib/services/rtx-tensor-upscaler.ts(162,40): error TS1005: ',' expected.
sveltekit-frontend/src/lib/services/rtx-tensor-upscaler.ts(164,11): error TS1005: ':' expected.
sveltekit-frontend/src/lib/services/rtx-tensor-upscaler.ts(164,51): error TS1005: ',' expected.
sveltekit-frontend/src/lib/services/rtx-tensor-upscaler.ts(165,14): error TS1003: Identifier expected.
sveltekit-frontend/src/lib/services/rtx-tensor-upscaler.ts(165,33): error TS1005: ')' expected.
sveltekit-frontend/src/lib/services/rtx-tensor-upscaler.ts(167,11): error TS1005: ':' expected.
sveltekit-frontend/src/lib/services/rtx-tensor-upscaler.ts(167,28): error TS1005: ':' expected.
sveltekit-frontend/src/lib/services/rtx-tensor-upscaler.ts(168,11): error TS1005: ':' expected.
sveltekit-frontend/src/lib/services/rtx-tensor-upscaler.ts(168,37): error TS1109: Expression expected.
sveltekit-frontend/src/lib/services/rtx-tensor-upscaler.ts(168,38): error TS1005: ':' expected.
sveltekit-frontend/src/lib/services/rtx-tensor-upscaler.ts(168,40): error TS1136: Property assignment expected.
sveltekit-frontend/src/lib/services/rtx-tensor-upscaler.ts(168,43): error TS1109: Expression expected.
sveltekit-frontend/src/lib/services/rtx-tensor-upscaler.ts(168,44): error TS1005: ':' expected.
sveltekit-frontend/src/lib/services/rtx-tensor-upscaler.ts(169,14): error TS1005: ',' expected.
sveltekit-frontend/src/lib/services/rtx-tensor-upscaler.ts(169,17): error TS1109: Expression expected.
sveltekit-frontend/src/lib/services/rtx-tensor-upscaler.ts(169,19): error TS1003: Identifier expected.
sveltekit-frontend/src/lib/services/rtx-tensor-upscaler.ts(169,20): error TS1138: Parameter declaration expected.
sveltekit-frontend/src/lib/services/rtx-tensor-upscaler.ts(169,21): error TS1138: Parameter declaration expected.
sveltekit-frontend/src/lib/services/rtx-tensor-upscaler.ts(169,25): error TS1005: ',' expected.
sveltekit-frontend/src/lib/services/rtx-tensor-upscaler.ts(169,39): error TS1005: ',' expected.
sveltekit-frontend/src/lib/services/rtx-tensor-upscaler.ts(169,42): error TS1005: ',' expected.
sveltekit-frontend/src/lib/services/rtx-tensor-upscaler.ts(169,44): error TS1005: ';' expected.
sveltekit-frontend/src/lib/services/rtx-tensor-upscaler.ts(169,47): error TS1109: Expression expected.
sveltekit-frontend/src/lib/services/rtx-tensor-upscaler.ts(170,7): error TS1109: Expression expected.
sveltekit-frontend/src/lib/services/rtx-tensor-upscaler.ts(195,3): error TS1128: Declaration or statement expected.
sveltekit-frontend/src/lib/services/rtx-tensor-upscaler.ts(196,3): error TS1128: Declaration or statement expected.
sveltekit-frontend/src/lib/services/rtx-tensor-upscaler.ts(196,11): error TS1434: Unexpected keyword or identifier.
sveltekit-frontend/src/lib/services/rtx-tensor-upscaler.ts(196,40): error TS1135: Argument expression expected.
sveltekit-frontend/src/lib/services/rtx-tensor-upscaler.ts(196,55): error TS1005: ';' expected.
sveltekit-frontend/src/lib/services/rtx-tensor-upscaler.ts(196,69): error TS1109: Expression expected.
sveltekit-frontend/src/lib/services/rtx-tensor-upscaler.ts(197,9): error TS1003: Identifier expected.
sveltekit-frontend/src/lib/services/rtx-tensor-upscaler.ts(197,14): error TS1005: ',' expected.
sveltekit-frontend/src/lib/services/rtx-tensor-upscaler.ts(197,43): error TS1005: ',' expected.
sveltekit-frontend/src/lib/services/rtx-tensor-upscaler.ts(197,52): error TS1005: ',' expected.
sveltekit-frontend/src/lib/services/rtx-tensor-upscaler.ts(199,12): error TS1005: ':' expected.
sveltekit-frontend/src/lib/services/rtx-tensor-upscaler.ts(202,74): error TS1109: Expression expected.
sveltekit-frontend/src/lib/services/rtx-tensor-upscaler.ts(203,20): error TS1109: Expression expected.
sveltekit-frontend/src/lib/services/rtx-tensor-upscaler.ts(207,7): error TS1005: ',' expected.
sveltekit-frontend/src/lib/services/rtx-tensor-upscaler.ts(209,3): error TS1434: Unexpected keyword or identifier.
sveltekit-frontend/src/lib/services/rtx-tensor-upscaler.ts(212,3): error TS1128: Declaration or statement expected.
sveltekit-frontend/src/lib/services/rtx-tensor-upscaler.ts(212,4): error TS1128: Declaration or statement expected.
sveltekit-frontend/src/lib/services/rtx-tensor-upscaler.ts(213,9): error TS1003: Identifier expected.
sveltekit-frontend/src/lib/services/rtx-tensor-upscaler.ts(213,14): error TS1005: ',' expected.
sveltekit-frontend/src/lib/services/rtx-tensor-upscaler.ts(213,29): error TS1005: ',' expected.
sveltekit-frontend/src/lib/services/rtx-tensor-upscaler.ts(213,31): error TS1136: Property assignment expected.
sveltekit-frontend/src/lib/services/rtx-tensor-upscaler.ts(235,151): error TS1005: ';' expected.
sveltekit-frontend/src/lib/services/rtx-tensor-upscaler.ts(235,152): error TS1005: ')' expected.
sveltekit-frontend/src/lib/services/rtx-tensor-upscaler.ts(235,171): error TS1109: Expression expected.
sveltekit-frontend/src/lib/services/rtx-tensor-upscaler.ts(235,177): error TS1128: Declaration or statement expected.
sveltekit-frontend/src/lib/services/rtx-tensor-upscaler.ts(235,178): error TS1128: Declaration or statement expected.
sveltekit-frontend/src/lib/services/rtx-tensor-upscaler.ts(235,179): error TS1128: Declaration or statement expected.
sveltekit-frontend/src/lib/services/rtx-tensor-upscaler.ts(235,180): error TS1434: Unexpected keyword or identifier.
sveltekit-frontend/src/lib/services/rtx-tensor-upscaler.ts(235,192): error TS1128: Declaration or statement expected.
sveltekit-frontend/src/lib/services/rtx-tensor-upscaler.ts(235,193): error TS1128: Declaration or statement expected.
sveltekit-frontend/src/lib/services/rtx-tensor-upscaler.ts(236,20): error TS1127: Invalid character.
sveltekit-frontend/src/lib/services/rtx-tensor-upscaler.ts(236,22): error TS1127: Invalid character.
sveltekit-frontend/src/lib/services/rtx-tensor-upscaler.ts(236,36): error TS1434: Unexpected keyword or identifier.
sveltekit-frontend/src/lib/services/rtx-tensor-upscaler.ts(236,154): error TS1005: ';' expected.
sveltekit-frontend/src/lib/services/rtx-tensor-upscaler.ts(236,155): error TS1005: ')' expected.
sveltekit-frontend/src/lib/services/rtx-tensor-upscaler.ts(236,174): error TS1109: Expression expected.
sveltekit-frontend/src/lib/services/rtx-tensor-upscaler.ts(236,181): error TS1128: Declaration or statement expected.
sveltekit-frontend/src/lib/services/rtx-tensor-upscaler.ts(236,182): error TS1128: Declaration or statement expected.
sveltekit-frontend/src/lib/services/rtx-tensor-upscaler.ts(236,183): error TS1434: Unexpected keyword or identifier.
sveltekit-frontend/src/lib/services/rtx-tensor-upscaler.ts(236,197): error TS1128: Declaration or statement expected.
sveltekit-frontend/src/lib/services/rtx-tensor-upscaler.ts(236,198): error TS1128: Declaration or statement expected.
sveltekit-frontend/src/lib/services/rtx-tensor-upscaler.ts(237,20): error TS1127: Invalid character.
sveltekit-frontend/src/lib/services/rtx-tensor-upscaler.ts(237,30): error TS1434: Unexpected keyword or identifier.
sveltekit-frontend/src/lib/services/rtx-tensor-upscaler.ts(237,142): error TS1005: ';' expected.
sveltekit-frontend/src/lib/services/rtx-tensor-upscaler.ts(237,143): error TS1005: ')' expected.
sveltekit-frontend/src/lib/services/rtx-tensor-upscaler.ts(237,162): error TS1109: Expression expected.
sveltekit-frontend/src/lib/services/rtx-tensor-upscaler.ts(237,169): error TS1128: Declaration or statement expected.
sveltekit-frontend/src/lib/services/rtx-tensor-upscaler.ts(237,170): error TS1128: Declaration or statement expected.
sveltekit-frontend/src/lib/services/rtx-tensor-upscaler.ts(237,193): error TS1005: ';' expected.
sveltekit-frontend/src/lib/services/rtx-tensor-upscaler.ts(237,195): error TS1161: Unterminated regular expression literal.
sveltekit-frontend/src/lib/services/rtx-tensor-upscaler.ts(237,199): error TS1128: Declaration or statement expected.
sveltekit-frontend/src/lib/services/rtx-tensor-upscaler.ts(237,200): error TS1128: Declaration or statement expected.
sveltekit-frontend/src/lib/services/rtx-tensor-upscaler.ts(237,202): error TS1443: Module declaration names may only use ' or " quoted strings.
sveltekit-frontend/src/lib/services/rtx-tensor-upscaler.ts(238,20): error TS1127: Invalid character.
sveltekit-frontend/src/lib/services/rtx-tensor-upscaler.ts(238,20): error TS1128: Declaration or statement expected.
sveltekit-frontend/src/lib/services/rtx-tensor-upscaler.ts(238,21): error TS1127: Invalid character.
sveltekit-frontend/src/lib/services/rtx-tensor-upscaler.ts(238,29): error TS1434: Unexpected keyword or identifier.
sveltekit-frontend/src/lib/services/rtx-tensor-upscaler.ts(238,130): error TS1005: ';' expected.
sveltekit-frontend/src/lib/services/rtx-tensor-upscaler.ts(238,131): error TS1131: Property or signature expected.
sveltekit-frontend/src/lib/services/rtx-tensor-upscaler.ts(238,176): error TS1443: Module declaration names may only use ' or " quoted strings.
sveltekit-frontend/src/lib/services/rtx-tensor-upscaler.ts(239,20): error TS1127: Invalid character.
sveltekit-frontend/src/lib/services/rtx-tensor-upscaler.ts(239,20): error TS1128: Declaration or statement expected.
sveltekit-frontend/src/lib/services/rtx-tensor-upscaler.ts(239,33): error TS1434: Unexpected keyword or identifier.
sveltekit-frontend/src/lib/services/rtx-tensor-upscaler.ts(239,145): error TS1005: ';' expected.
sveltekit-frontend/src/lib/services/rtx-tensor-upscaler.ts(239,146): error TS1005: ')' expected.
sveltekit-frontend/src/lib/services/rtx-tensor-upscaler.ts(239,165): error TS1109: Expression expected.
sveltekit-frontend/src/lib/services/rtx-tensor-upscaler.ts(239,172): error TS1128: Declaration or statement expected.
sveltekit-frontend/src/lib/services/rtx-tensor-upscaler.ts(239,173): error TS1128: Declaration or statement expected.
sveltekit-frontend/src/lib/services/rtx-tensor-upscaler.ts(239,197): error TS1005: ';' expected.
sveltekit-frontend/src/lib/services/rtx-tensor-upscaler.ts(239,198): error TS1128: Declaration or statement expected.
sveltekit-frontend/src/lib/services/rtx-tensor-upscaler.ts(239,199): error TS1109: Expression expected.
sveltekit-frontend/src/lib/services/rtx-tensor-upscaler.ts(274,15): error TS1005: ';' expected.
sveltekit-frontend/src/lib/services/rtx-tensor-upscaler.ts(274,44): error TS1434: Unexpected keyword or identifier.
sveltekit-frontend/src/lib/services/rtx-tensor-upscaler.ts(323,2): error TS1160: Unterminated template literal.
sveltekit-frontend/src/lib/services/search-service.ts(11,1): error TS1128: Declaration or statement expected.
sveltekit-frontend/src/lib/services/search-service.ts(24,1): error TS1128: Declaration or statement expected.
sveltekit-frontend/src/lib/services/search-service.ts(33,1): error TS1128: Declaration or statement expected.
sveltekit-frontend/src/lib/services/search-service.ts(49,45): error TS1109: Expression expected.
sveltekit-frontend/src/lib/services/search-service.ts(50,7): error TS1109: Expression expected.
sveltekit-frontend/src/lib/services/search-service.ts(95,36): error TS1005: ',' expected.
sveltekit-frontend/src/lib/services/search-service.ts(240,7): error TS1005: ')' expected.
sveltekit-frontend/src/lib/services/search-service.ts(299,80): error TS1005: ';' expected.
sveltekit-frontend/src/lib/services/search-service.ts(302,47): error TS1005: ';' expected.
sveltekit-frontend/src/lib/services/search-service.ts(302,48): error TS1005: ',' expected.
sveltekit-frontend/src/lib/services/search-service.ts(303,13): error TS1135: Argument expression expected.
sveltekit-frontend/src/lib/services/search-service.ts(304,19): error TS1135: Argument expression expected.
sveltekit-frontend/src/lib/services/search-service.ts(305,16): error TS1135: Argument expression expected.
sveltekit-frontend/src/lib/services/search-service.ts(306,12): error TS1135: Argument expression expected.
sveltekit-frontend/src/lib/services/search-service.ts(307,13): error TS1135: Argument expression expected.
sveltekit-frontend/src/lib/services/search-service.ts(308,15): error TS1135: Argument expression expected.
sveltekit-frontend/src/lib/services/search-service.ts(313,16): error TS1135: Argument expression expected.
sveltekit-frontend/src/lib/services/search-service.ts(314,12): error TS1135: Argument expression expected.
sveltekit-frontend/src/lib/services/search-service.ts(315,5): error TS1005: ',' expected.
sveltekit-frontend/src/lib/services/search-service.ts(315,6): error TS1068: Unexpected token. A constructor, method, accessor, or property was expected.
sveltekit-frontend/src/lib/services/search-service.ts(317,3): error TS1434: Unexpected keyword or identifier.
sveltekit-frontend/src/lib/services/search-service.ts(317,35): error TS1135: Argument expression expected.
sveltekit-frontend/src/lib/services/search-service.ts(317,59): error TS1109: Expression expected.
sveltekit-frontend/src/lib/services/search-service.ts(317,68): error TS1005: ';' expected.
sveltekit-frontend/src/lib/services/search-service.ts(317,91): error TS1011: An element access expression should take an argument.
sveltekit-frontend/src/lib/services/search-service.ts(318,11): error TS1005: ':' expected.
sveltekit-frontend/src/lib/services/search-service.ts(318,60): error TS1005: ',' expected.
sveltekit-frontend/src/lib/services/search-service.ts(319,9): error TS1003: Identifier expected.
sveltekit-frontend/src/lib/services/search-service.ts(321,134): error TS1005: ';' expected.
sveltekit-frontend/src/lib/services/search-service.ts(321,135): error TS1005: ',' expected.
sveltekit-frontend/src/lib/services/search-service.ts(322,15): error TS1135: Argument expression expected.
sveltekit-frontend/src/lib/services/search-service.ts(323,21): error TS1135: Argument expression expected.
sveltekit-frontend/src/lib/services/search-service.ts(324,18): error TS1135: Argument expression expected.
sveltekit-frontend/src/lib/services/search-service.ts(325,14): error TS1135: Argument expression expected.
sveltekit-frontend/src/lib/services/search-service.ts(326,15): error TS1135: Argument expression expected.
sveltekit-frontend/src/lib/services/search-service.ts(327,17): error TS1135: Argument expression expected.
sveltekit-frontend/src/lib/services/search-service.ts(328,18): error TS1135: Argument expression expected.
sveltekit-frontend/src/lib/services/search-service.ts(329,14): error TS1135: Argument expression expected.
sveltekit-frontend/src/lib/services/search-service.ts(330,7): error TS1005: ',' expected.
sveltekit-frontend/src/lib/services/search-service.ts(330,8): error TS1005: ',' expected.
sveltekit-frontend/src/lib/services/search-service.ts(330,9): error TS1136: Property assignment expected.
sveltekit-frontend/src/lib/services/search-service.ts(335,47): error TS1005: ';' expected.
sveltekit-frontend/src/lib/services/search-service.ts(335,48): error TS1005: ',' expected.
sveltekit-frontend/src/lib/services/search-service.ts(336,13): error TS1135: Argument expression expected.
sveltekit-frontend/src/lib/services/search-service.ts(337,19): error TS1135: Argument expression expected.
sveltekit-frontend/src/lib/services/search-service.ts(338,16): error TS1135: Argument expression expected.
sveltekit-frontend/src/lib/services/search-service.ts(339,12): error TS1135: Argument expression expected.
sveltekit-frontend/src/lib/services/search-service.ts(340,13): error TS1135: Argument expression expected.
sveltekit-frontend/src/lib/services/search-service.ts(341,15): error TS1135: Argument expression expected.
sveltekit-frontend/src/lib/services/search-service.ts(346,16): error TS1135: Argument expression expected.
sveltekit-frontend/src/lib/services/search-service.ts(347,12): error TS1135: Argument expression expected.
sveltekit-frontend/src/lib/services/search-service.ts(348,5): error TS1005: ',' expected.
sveltekit-frontend/src/lib/services/search-service.ts(349,3): error TS1128: Declaration or statement expected.
sveltekit-frontend/src/lib/services/search-service.ts(350,3): error TS1128: Declaration or statement expected.
sveltekit-frontend/src/lib/services/search-service.ts(350,39): error TS1135: Argument expression expected.
sveltekit-frontend/src/lib/services/search-service.ts(350,56): error TS1005: ';' expected.
sveltekit-frontend/src/lib/services/search-service.ts(350,73): error TS1109: Expression expected.
sveltekit-frontend/src/lib/services/search-service.ts(350,74): error TS1109: Expression expected.
sveltekit-frontend/src/lib/services/search-service.ts(350,76): error TS1005: ';' expected.
sveltekit-frontend/src/lib/services/search-service.ts(367,3): error TS1434: Unexpected keyword or identifier.
sveltekit-frontend/src/lib/services/search-service.ts(367,32): error TS1135: Argument expression expected.
sveltekit-frontend/src/lib/services/search-service.ts(367,41): error TS1005: ';' expected.
sveltekit-frontend/src/lib/services/search-service.ts(367,64): error TS1011: An element access expression should take an argument.
sveltekit-frontend/src/lib/services/search-service.ts(368,11): error TS1005: ':' expected.
sveltekit-frontend/src/lib/services/search-service.ts(368,99): error TS1005: ',' expected.
sveltekit-frontend/src/lib/services/search-service.ts(369,5): error TS1136: Property assignment expected.
sveltekit-frontend/src/lib/services/search-service.ts(369,6): error TS1136: Property assignment expected.
sveltekit-frontend/src/lib/services/search-service.ts(370,9): error TS1003: Identifier expected.
sveltekit-frontend/src/lib/services/search-service.ts(372,134): error TS1005: ';' expected.
sveltekit-frontend/src/lib/services/search-service.ts(372,135): error TS1005: ',' expected.
sveltekit-frontend/src/lib/services/search-service.ts(373,15): error TS1135: Argument expression expected.
sveltekit-frontend/src/lib/services/search-service.ts(374,21): error TS1135: Argument expression expected.
sveltekit-frontend/src/lib/services/search-service.ts(375,18): error TS1135: Argument expression expected.
sveltekit-frontend/src/lib/services/search-service.ts(376,14): error TS1135: Argument expression expected.
sveltekit-frontend/src/lib/services/search-service.ts(377,15): error TS1135: Argument expression expected.
sveltekit-frontend/src/lib/services/search-service.ts(378,17): error TS1135: Argument expression expected.
sveltekit-frontend/src/lib/services/search-service.ts(379,18): error TS1135: Argument expression expected.
sveltekit-frontend/src/lib/services/search-service.ts(380,14): error TS1135: Argument expression expected.
sveltekit-frontend/src/lib/services/search-service.ts(381,7): error TS1005: ',' expected.
sveltekit-frontend/src/lib/services/search-service.ts(381,8): error TS1005: ',' expected.
sveltekit-frontend/src/lib/services/search-service.ts(381,9): error TS1136: Property assignment expected.
sveltekit-frontend/src/lib/services/search-service.ts(386,47): error TS1005: ';' expected.
sveltekit-frontend/src/lib/services/search-service.ts(386,48): error TS1005: ',' expected.
sveltekit-frontend/src/lib/services/search-service.ts(387,13): error TS1135: Argument expression expected.
sveltekit-frontend/src/lib/services/search-service.ts(388,19): error TS1135: Argument expression expected.
sveltekit-frontend/src/lib/services/search-service.ts(389,16): error TS1135: Argument expression expected.
sveltekit-frontend/src/lib/services/search-service.ts(390,12): error TS1135: Argument expression expected.
sveltekit-frontend/src/lib/services/search-service.ts(391,13): error TS1135: Argument expression expected.
sveltekit-frontend/src/lib/services/search-service.ts(392,15): error TS1135: Argument expression expected.
sveltekit-frontend/src/lib/services/search-service.ts(397,16): error TS1135: Argument expression expected.
sveltekit-frontend/src/lib/services/search-service.ts(398,12): error TS1135: Argument expression expected.
sveltekit-frontend/src/lib/services/search-service.ts(399,5): error TS1005: ',' expected.
sveltekit-frontend/src/lib/services/search-service.ts(400,3): error TS1128: Declaration or statement expected.
sveltekit-frontend/src/lib/services/search-service.ts(401,3): error TS1434: Unexpected keyword or identifier.
sveltekit-frontend/src/lib/services/search-service.ts(401,27): error TS1135: Argument expression expected.
sveltekit-frontend/src/lib/services/search-service.ts(401,36): error TS1005: ';' expected.
sveltekit-frontend/src/lib/services/search-service.ts(401,59): error TS1011: An element access expression should take an argument.
sveltekit-frontend/src/lib/services/search-service.ts(402,11): error TS1005: ':' expected.
sveltekit-frontend/src/lib/services/search-service.ts(402,88): error TS1005: ',' expected.
sveltekit-frontend/src/lib/services/search-service.ts(403,5): error TS1136: Property assignment expected.
sveltekit-frontend/src/lib/services/search-service.ts(403,6): error TS1136: Property assignment expected.
sveltekit-frontend/src/lib/services/search-service.ts(404,12): error TS1005: ':' expected.
sveltekit-frontend/src/lib/services/search-service.ts(405,132): error TS1005: ';' expected.
sveltekit-frontend/src/lib/services/search-service.ts(405,133): error TS1005: ',' expected.
sveltekit-frontend/src/lib/services/search-service.ts(406,13): error TS1135: Argument expression expected.
sveltekit-frontend/src/lib/services/search-service.ts(407,19): error TS1135: Argument expression expected.
sveltekit-frontend/src/lib/services/search-service.ts(408,16): error TS1135: Argument expression expected.
sveltekit-frontend/src/lib/services/search-service.ts(409,12): error TS1135: Argument expression expected.
sveltekit-frontend/src/lib/services/search-service.ts(410,13): error TS1135: Argument expression expected.
sveltekit-frontend/src/lib/services/search-service.ts(411,15): error TS1135: Argument expression expected.
sveltekit-frontend/src/lib/services/search-service.ts(412,16): error TS1135: Argument expression expected.
sveltekit-frontend/src/lib/services/search-service.ts(413,12): error TS1135: Argument expression expected.
sveltekit-frontend/src/lib/services/search-service.ts(414,5): error TS1005: ',' expected.
sveltekit-frontend/src/lib/services/search-service.ts(414,6): error TS1005: ';' expected.
sveltekit-frontend/src/lib/services/search-service.ts(415,3): error TS1128: Declaration or statement expected.
sveltekit-frontend/src/lib/services/search-service.ts(416,3): error TS1434: Unexpected keyword or identifier.
sveltekit-frontend/src/lib/services/search-service.ts(416,25): error TS1135: Argument expression expected.
sveltekit-frontend/src/lib/services/search-service.ts(416,34): error TS1005: ';' expected.
sveltekit-frontend/src/lib/services/search-service.ts(416,57): error TS1011: An element access expression should take an argument.
sveltekit-frontend/src/lib/services/search-service.ts(417,11): error TS1005: ':' expected.
sveltekit-frontend/src/lib/services/search-service.ts(417,55): error TS1005: ',' expected.
sveltekit-frontend/src/lib/services/search-service.ts(418,7): error TS1003: Identifier expected.
sveltekit-frontend/src/lib/services/search-service.ts(419,60): error TS1005: ')' expected.
sveltekit-frontend/src/lib/services/search-service.ts(420,12): error TS1005: ':' expected.
sveltekit-frontend/src/lib/services/search-service.ts(421,132): error TS1005: ';' expected.
sveltekit-frontend/src/lib/services/search-service.ts(421,133): error TS1005: ',' expected.
sveltekit-frontend/src/lib/services/search-service.ts(422,13): error TS1135: Argument expression expected.
sveltekit-frontend/src/lib/services/search-service.ts(423,19): error TS1135: Argument expression expected.
sveltekit-frontend/src/lib/services/search-service.ts(424,16): error TS1135: Argument expression expected.
sveltekit-frontend/src/lib/services/search-service.ts(425,12): error TS1135: Argument expression expected.
sveltekit-frontend/src/lib/services/search-service.ts(426,13): error TS1135: Argument expression expected.
sveltekit-frontend/src/lib/services/search-service.ts(427,15): error TS1135: Argument expression expected.
sveltekit-frontend/src/lib/services/search-service.ts(428,16): error TS1135: Argument expression expected.
sveltekit-frontend/src/lib/services/search-service.ts(429,12): error TS1135: Argument expression expected.
sveltekit-frontend/src/lib/services/search-service.ts(430,5): error TS1005: ',' expected.
sveltekit-frontend/src/lib/services/search-service.ts(430,6): error TS1005: ';' expected.
sveltekit-frontend/src/lib/services/search-service.ts(431,3): error TS1128: Declaration or statement expected.
sveltekit-frontend/src/lib/services/search-service.ts(433,3): error TS1434: Unexpected keyword or identifier.
sveltekit-frontend/src/lib/services/search-service.ts(434,11): error TS1005: ',' expected.
sveltekit-frontend/src/lib/services/search-service.ts(434,15): error TS1005: ':' expected.
sveltekit-frontend/src/lib/services/search-service.ts(434,32): error TS1005: ',' expected.
sveltekit-frontend/src/lib/services/search-service.ts(435,9): error TS1005: ':' expected.
sveltekit-frontend/src/lib/services/search-service.ts(435,24): error TS1005: ',' expected.
sveltekit-frontend/src/lib/services/search-service.ts(438,28): error TS1109: Expression expected.
sveltekit-frontend/src/lib/services/search-service.ts(438,45): error TS1011: An element access expression should take an argument.
sveltekit-frontend/src/lib/services/search-service.ts(439,12): error TS1005: ':' expected.
sveltekit-frontend/src/lib/services/search-service.ts(439,68): error TS1005: ',' expected.
sveltekit-frontend/src/lib/services/search-service.ts(441,22): error TS1109: Expression expected.
sveltekit-frontend/src/lib/services/search-service.ts(441,31): error TS1011: An element access expression should take an argument.
sveltekit-frontend/src/lib/services/search-service.ts(442,11): error TS1005: ':' expected.
sveltekit-frontend/src/lib/services/search-service.ts(442,52): error TS1005: ',' expected.
sveltekit-frontend/src/lib/services/search-service.ts(443,7): error TS1003: Identifier expected.
sveltekit-frontend/src/lib/services/search-service.ts(444,145): error TS1005: ';' expected.
sveltekit-frontend/src/lib/services/search-service.ts(444,146): error TS1005: ')' expected.
sveltekit-frontend/src/lib/services/search-service.ts(444,160): error TS1005: ';' expected.
sveltekit-frontend/src/lib/services/search-service.ts(444,161): error TS1128: Declaration or statement expected.
sveltekit-frontend/src/lib/services/search-service.ts(444,162): error TS1434: Unexpected keyword or identifier.
sveltekit-frontend/src/lib/services/search-service.ts(444,166): error TS1128: Declaration or statement expected.
sveltekit-frontend/src/lib/services/search-service.ts(446,3): error TS1128: Declaration or statement expected.
sveltekit-frontend/src/lib/services/search-service.ts(447,24): error TS1109: Expression expected.
sveltekit-frontend/src/lib/services/search-service.ts(447,41): error TS1011: An element access expression should take an argument.
sveltekit-frontend/src/lib/services/search-service.ts(448,12): error TS1005: ':' expected.
sveltekit-frontend/src/lib/services/search-service.ts(448,81): error TS1005: ',' expected.
sveltekit-frontend/src/lib/services/search-service.ts(448,82): error TS1136: Property assignment expected.
sveltekit-frontend/src/lib/services/search-service.ts(450,23): error TS1109: Expression expected.
sveltekit-frontend/src/lib/services/search-service.ts(450,52): error TS1011: An element access expression should take an argument.
sveltekit-frontend/src/lib/services/search-service.ts(451,11): error TS1005: ':' expected.
sveltekit-frontend/src/lib/services/search-service.ts(451,56): error TS1005: ',' expected.
sveltekit-frontend/src/lib/services/search-service.ts(452,9): error TS1005: ':' expected.
sveltekit-frontend/src/lib/services/search-service.ts(453,33): error TS1005: ',' expected.
sveltekit-frontend/src/lib/services/search-service.ts(454,7): error TS1003: Identifier expected.
sveltekit-frontend/src/lib/services/search-service.ts(455,143): error TS1005: ';' expected.
sveltekit-frontend/src/lib/services/search-service.ts(455,151): error TS1109: Expression expected.
sveltekit-frontend/src/lib/services/search-service.ts(455,165): error TS1136: Property assignment expected.
sveltekit-frontend/src/lib/services/search-service.ts(456,22): error TS1109: Expression expected.
sveltekit-frontend/src/lib/services/search-service.ts(460,7): error TS1128: Declaration or statement expected.
sveltekit-frontend/src/lib/services/search-service.ts(460,8): error TS1128: Declaration or statement expected.
sveltekit-frontend/src/lib/services/search-service.ts(462,3): error TS1128: Declaration or statement expected.
sveltekit-frontend/src/lib/services/search-service.ts(463,1): error TS1128: Declaration or statement expected.
sveltekit-frontend/src/lib/services/selfPromptingSystem.ts(10,1): error TS1128: Declaration or statement expected.
sveltekit-frontend/src/lib/services/selfPromptingSystem.ts(42,1): error TS1128: Declaration or statement expected.
sveltekit-frontend/src/lib/services/selfPromptingSystem.ts(53,1): error TS1128: Declaration or statement expected.
sveltekit-frontend/src/lib/services/selfPromptingSystem.ts(130,46): error TS1005: ')' expected.
sveltekit-frontend/src/lib/services/selfPromptingSystem.ts(229,47): error TS1005: ')' expected.
sveltekit-frontend/src/lib/services/selfPromptingSystem.ts(233,69): error TS1005: ')' expected.
sveltekit-frontend/src/lib/services/selfPromptingSystem.ts(237,50): error TS1005: ')' expected.
sveltekit-frontend/src/lib/services/selfPromptingSystem.ts(241,50): error TS1005: ')' expected.
sveltekit-frontend/src/lib/services/selfPromptingSystem.ts(245,52): error TS1005: ')' expected.
sveltekit-frontend/src/lib/services/selfPromptingSystem.ts(276,60): error TS1005: ')' expected.
sveltekit-frontend/src/lib/services/selfPromptingSystem.ts(316,24): error TS1005: ',' expected.
sveltekit-frontend/src/lib/services/selfPromptingSystem.ts(339,66): error TS1005: ',' expected.
sveltekit-frontend/src/lib/services/selfPromptingSystem.ts(339,68): error TS1109: Expression expected.
sveltekit-frontend/src/lib/services/selfPromptingSystem.ts(339,69): error TS1005: ',' expected.
sveltekit-frontend/src/lib/services/selfPromptingSystem.ts(339,70): error TS1136: Property assignment expected.
sveltekit-frontend/src/lib/services/selfPromptingSystem.ts(341,10): error TS1068: Unexpected token. A constructor, method, accessor, or property was expected.
sveltekit-frontend/src/lib/services/selfPromptingSystem.ts(342,9): error TS1068: Unexpected token. A constructor, method, accessor, or property was expected.
sveltekit-frontend/src/lib/services/selfPromptingSystem.ts(344,17): error TS1109: Expression expected.
sveltekit-frontend/src/lib/services/selfPromptingSystem.ts(345,18): error TS1109: Expression expected.
sveltekit-frontend/src/lib/services/selfPromptingSystem.ts(347,7): error TS1128: Declaration or statement expected.
sveltekit-frontend/src/lib/services/selfPromptingSystem.ts(347,8): error TS1128: Declaration or statement expected.
sveltekit-frontend/src/lib/services/selfPromptingSystem.ts(350,5): error TS1128: Declaration or statement expected.
sveltekit-frontend/src/lib/services/selfPromptingSystem.ts(351,3): error TS1128: Declaration or statement expected.
sveltekit-frontend/src/lib/services/selfPromptingSystem.ts(352,3): error TS1128: Declaration or statement expected.
sveltekit-frontend/src/lib/services/selfPromptingSystem.ts(352,37): error TS1109: Expression expected.
sveltekit-frontend/src/lib/services/selfPromptingSystem.ts(352,39): error TS1434: Unexpected keyword or identifier.
sveltekit-frontend/src/lib/services/selfPromptingSystem.ts(386,3): error TS1128: Declaration or statement expected.
sveltekit-frontend/src/lib/services/selfPromptingSystem.ts(386,39): error TS1109: Expression expected.
sveltekit-frontend/src/lib/services/selfPromptingSystem.ts(386,41): error TS1434: Unexpected keyword or identifier.
sveltekit-frontend/src/lib/services/selfPromptingSystem.ts(417,3): error TS1128: Declaration or statement expected.
sveltekit-frontend/src/lib/services/selfPromptingSystem.ts(417,39): error TS1135: Argument expression expected.
sveltekit-frontend/src/lib/services/selfPromptingSystem.ts(417,48): error TS1005: ';' expected.
sveltekit-frontend/src/lib/services/selfPromptingSystem.ts(417,50): error TS1434: Unexpected keyword or identifier.
sveltekit-frontend/src/lib/services/selfPromptingSystem.ts(427,3): error TS1128: Declaration or statement expected.
sveltekit-frontend/src/lib/services/selfPromptingSystem.ts(427,46): error TS1135: Argument expression expected.
sveltekit-frontend/src/lib/services/selfPromptingSystem.ts(427,55): error TS1005: ';' expected.
sveltekit-frontend/src/lib/services/selfPromptingSystem.ts(427,57): error TS1434: Unexpected keyword or identifier.
sveltekit-frontend/src/lib/services/selfPromptingSystem.ts(433,3): error TS1128: Declaration or statement expected.
sveltekit-frontend/src/lib/services/selfPromptingSystem.ts(433,45): error TS1135: Argument expression expected.
sveltekit-frontend/src/lib/services/selfPromptingSystem.ts(433,54): error TS1005: ';' expected.
sveltekit-frontend/src/lib/services/selfPromptingSystem.ts(433,56): error TS1434: Unexpected keyword or identifier.
sveltekit-frontend/src/lib/services/selfPromptingSystem.ts(443,3): error TS1128: Declaration or statement expected.
sveltekit-frontend/src/lib/services/selfPromptingSystem.ts(443,33): error TS1109: Expression expected.
sveltekit-frontend/src/lib/services/selfPromptingSystem.ts(443,35): error TS1434: Unexpected keyword or identifier.
sveltekit-frontend/src/lib/services/selfPromptingSystem.ts(445,44): error TS1109: Expression expected.
sveltekit-frontend/src/lib/services/selfPromptingSystem.ts(447,5): error TS1109: Expression expected.
sveltekit-frontend/src/lib/services/selfPromptingSystem.ts(448,51): error TS1109: Expression expected.
sveltekit-frontend/src/lib/services/selfPromptingSystem.ts(449,7): error TS1109: Expression expected.
sveltekit-frontend/src/lib/services/selfPromptingSystem.ts(455,48): error TS1005: ')' expected.
sveltekit-frontend/src/lib/services/selfPromptingSystem.ts(457,3): error TS1128: Declaration or statement expected.
sveltekit-frontend/src/lib/services/selfPromptingSystem.ts(457,40): error TS1109: Expression expected.
sveltekit-frontend/src/lib/services/selfPromptingSystem.ts(457,42): error TS1434: Unexpected keyword or identifier.
sveltekit-frontend/src/lib/services/selfPromptingSystem.ts(465,47): error TS1005: ')' expected.
sveltekit-frontend/src/lib/services/selfPromptingSystem.ts(467,3): error TS1128: Declaration or statement expected.
sveltekit-frontend/src/lib/services/selfPromptingSystem.ts(467,35): error TS1109: Expression expected.
sveltekit-frontend/src/lib/services/selfPromptingSystem.ts(467,37): error TS1434: Unexpected keyword or identifier.
sveltekit-frontend/src/lib/services/selfPromptingSystem.ts(468,47): error TS1109: Expression expected.
sveltekit-frontend/src/lib/services/selfPromptingSystem.ts(469,5): error TS1109: Expression expected.
sveltekit-frontend/src/lib/services/selfPromptingSystem.ts(474,3): error TS1128: Declaration or statement expected.
sveltekit-frontend/src/lib/services/selfPromptingSystem.ts(474,39): error TS1109: Expression expected.
sveltekit-frontend/src/lib/services/selfPromptingSystem.ts(474,41): error TS1434: Unexpected keyword or identifier.
sveltekit-frontend/src/lib/services/selfPromptingSystem.ts(480,3): error TS1128: Declaration or statement expected.
sveltekit-frontend/src/lib/services/selfPromptingSystem.ts(480,11): error TS1434: Unexpected keyword or identifier.
sveltekit-frontend/src/lib/services/selfPromptingSystem.ts(480,35): error TS1109: Expression expected.
sveltekit-frontend/src/lib/services/selfPromptingSystem.ts(480,49): error TS1109: Expression expected.
sveltekit-frontend/src/lib/services/selfPromptingSystem.ts(481,11): error TS1005: ',' expected.
sveltekit-frontend/src/lib/services/selfPromptingSystem.ts(481,30): error TS1005: ',' expected.
sveltekit-frontend/src/lib/services/selfPromptingSystem.ts(482,11): error TS1005: ':' expected.
sveltekit-frontend/src/lib/services/selfPromptingSystem.ts(483,11): error TS1005: ':' expected.
sveltekit-frontend/src/lib/services/selfPromptingSystem.ts(484,4): error TS1005: ',' expected.
sveltekit-frontend/src/lib/services/selfPromptingSystem.ts(484,6): error TS1136: Property assignment expected.
sveltekit-frontend/src/lib/services/selfPromptingSystem.ts(484,7): error TS1136: Property assignment expected.
sveltekit-frontend/src/lib/services/selfPromptingSystem.ts(486,3): error TS1128: Declaration or statement expected.
sveltekit-frontend/src/lib/services/selfPromptingSystem.ts(486,11): error TS1434: Unexpected keyword or identifier.
sveltekit-frontend/src/lib/services/selfPromptingSystem.ts(486,52): error TS1135: Argument expression expected.
sveltekit-frontend/src/lib/services/selfPromptingSystem.ts(486,58): error TS1005: ';' expected.
sveltekit-frontend/src/lib/services/selfPromptingSystem.ts(486,75): error TS1011: An element access expression should take an argument.
sveltekit-frontend/src/lib/services/selfPromptingSystem.ts(487,9): error TS1005: ':' expected.
sveltekit-frontend/src/lib/services/selfPromptingSystem.ts(489,9): error TS1136: Property assignment expected.
sveltekit-frontend/src/lib/services/selfPromptingSystem.ts(489,35): error TS1109: Expression expected.
sveltekit-frontend/src/lib/services/selfPromptingSystem.ts(489,145): error TS1128: Declaration or statement expected.
sveltekit-frontend/src/lib/services/selfPromptingSystem.ts(490,33): error TS1109: Expression expected.
sveltekit-frontend/src/lib/services/selfPromptingSystem.ts(491,7): error TS1128: Declaration or statement expected.
sveltekit-frontend/src/lib/services/selfPromptingSystem.ts(491,8): error TS1128: Declaration or statement expected.
sveltekit-frontend/src/lib/services/selfPromptingSystem.ts(493,5): error TS1128: Declaration or statement expected.
sveltekit-frontend/src/lib/services/selfPromptingSystem.ts(493,7): error TS1005: 'try' expected.
sveltekit-frontend/src/lib/services/selfPromptingSystem.ts(496,3): error TS1128: Declaration or statement expected.
sveltekit-frontend/src/lib/services/selfPromptingSystem.ts(497,3): error TS1128: Declaration or statement expected.
sveltekit-frontend/src/lib/services/selfPromptingSystem.ts(497,11): error TS1434: Unexpected keyword or identifier.
sveltekit-frontend/src/lib/services/selfPromptingSystem.ts(497,53): error TS1135: Argument expression expected.
sveltekit-frontend/src/lib/services/selfPromptingSystem.ts(497,62): error TS1011: An element access expression should take an argument.
sveltekit-frontend/src/lib/services/selfPromptingSystem.ts(497,64): error TS1005: ';' expected.
sveltekit-frontend/src/lib/services/selfPromptingSystem.ts(497,78): error TS1109: Expression expected.
sveltekit-frontend/src/lib/services/selfPromptingSystem.ts(499,13): error TS1003: Identifier expected.
sveltekit-frontend/src/lib/services/selfPromptingSystem.ts(499,55): error TS1005: ',' expected.
sveltekit-frontend/src/lib/services/selfPromptingSystem.ts(501,3): error TS1128: Declaration or statement expected.
sveltekit-frontend/src/lib/services/selfPromptingSystem.ts(501,11): error TS1434: Unexpected keyword or identifier.
sveltekit-frontend/src/lib/services/selfPromptingSystem.ts(501,42): error TS1109: Expression expected.
sveltekit-frontend/src/lib/services/selfPromptingSystem.ts(501,51): error TS1011: An element access expression should take an argument.
sveltekit-frontend/src/lib/services/selfPromptingSystem.ts(501,54): error TS1109: Expression expected.
sveltekit-frontend/src/lib/services/selfPromptingSystem.ts(501,68): error TS1109: Expression expected.
sveltekit-frontend/src/lib/services/selfPromptingSystem.ts(502,11): error TS1005: ',' expected.
sveltekit-frontend/src/lib/services/selfPromptingSystem.ts(502,30): error TS1005: ',' expected.
sveltekit-frontend/src/lib/services/selfPromptingSystem.ts(509,7): error TS1005: ',' expected.
sveltekit-frontend/src/lib/services/selfPromptingSystem.ts(511,3): error TS1128: Declaration or statement expected.
sveltekit-frontend/src/lib/services/selfPromptingSystem.ts(511,44): error TS1109: Expression expected.
sveltekit-frontend/src/lib/services/selfPromptingSystem.ts(511,46): error TS1434: Unexpected keyword or identifier.
sveltekit-frontend/src/lib/services/selfPromptingSystem.ts(523,3): error TS1128: Declaration or statement expected.
sveltekit-frontend/src/lib/services/selfPromptingSystem.ts(523,11): error TS1434: Unexpected keyword or identifier.
sveltekit-frontend/src/lib/services/selfPromptingSystem.ts(523,43): error TS1109: Expression expected.
sveltekit-frontend/src/lib/services/selfPromptingSystem.ts(523,57): error TS1109: Expression expected.
sveltekit-frontend/src/lib/services/selfPromptingSystem.ts(524,11): error TS1005: ':' expected.
sveltekit-frontend/src/lib/services/selfPromptingSystem.ts(530,5): error TS1005: ',' expected.
sveltekit-frontend/src/lib/services/selfPromptingSystem.ts(530,9): error TS1005: ':' expected.
sveltekit-frontend/src/lib/services/selfPromptingSystem.ts(530,38): error TS1005: ',' expected.
sveltekit-frontend/src/lib/services/selfPromptingSystem.ts(532,3): error TS1128: Declaration or statement expected.
sveltekit-frontend/src/lib/services/selfPromptingSystem.ts(532,29): error TS1109: Expression expected.
sveltekit-frontend/src/lib/services/selfPromptingSystem.ts(534,13): error TS1003: Identifier expected.
sveltekit-frontend/src/lib/services/selfPromptingSystem.ts(534,40): error TS1005: ',' expected.
sveltekit-frontend/src/lib/services/selfPromptingSystem.ts(536,3): error TS1128: Declaration or statement expected.
sveltekit-frontend/src/lib/services/selfPromptingSystem.ts(536,39): error TS1135: Argument expression expected.
sveltekit-frontend/src/lib/services/selfPromptingSystem.ts(536,45): error TS1005: ';' expected.
sveltekit-frontend/src/lib/services/selfPromptingSystem.ts(538,13): error TS1003: Identifier expected.
sveltekit-frontend/src/lib/services/selfPromptingSystem.ts(538,47): error TS1005: ',' expected.
sveltekit-frontend/src/lib/services/selfPromptingSystem.ts(543,3): error TS1128: Declaration or statement expected.
sveltekit-frontend/src/lib/services/selfPromptingSystem.ts(543,34): error TS1109: Expression expected.
sveltekit-frontend/src/lib/services/selfPromptingSystem.ts(543,36): error TS1434: Unexpected keyword or identifier.
sveltekit-frontend/src/lib/services/selfPromptingSystem.ts(549,3): error TS1128: Declaration or statement expected.
sveltekit-frontend/src/lib/services/selfPromptingSystem.ts(549,38): error TS1109: Expression expected.
sveltekit-frontend/src/lib/services/selfPromptingSystem.ts(549,40): error TS1434: Unexpected keyword or identifier.
sveltekit-frontend/src/lib/services/selfPromptingSystem.ts(559,9): error TS1005: ',' expected.
sveltekit-frontend/src/lib/services/selfPromptingSystem.ts(563,3): error TS1128: Declaration or statement expected.
sveltekit-frontend/src/lib/services/selfPromptingSystem.ts(563,11): error TS1434: Unexpected keyword or identifier.
sveltekit-frontend/src/lib/services/selfPromptingSystem.ts(563,42): error TS1109: Expression expected.
sveltekit-frontend/src/lib/services/selfPromptingSystem.ts(563,56): error TS1109: Expression expected.
sveltekit-frontend/src/lib/services/selfPromptingSystem.ts(564,11): error TS1005: ':' expected.
sveltekit-frontend/src/lib/services/selfPromptingSystem.ts(564,52): error TS1005: ',' expected.
sveltekit-frontend/src/lib/services/selfPromptingSystem.ts(565,11): error TS1005: ':' expected.
sveltekit-frontend/src/lib/services/selfPromptingSystem.ts(565,49): error TS1005: ',' expected.
sveltekit-frontend/src/lib/services/selfPromptingSystem.ts(567,17): error TS1138: Parameter declaration expected.
sveltekit-frontend/src/lib/services/selfPromptingSystem.ts(567,35): error TS1005: ':' expected.
sveltekit-frontend/src/lib/services/selfPromptingSystem.ts(567,37): error TS1136: Property assignment expected.
sveltekit-frontend/src/lib/services/selfPromptingSystem.ts(572,58): error TS1005: ')' expected.
sveltekit-frontend/src/lib/services/selfPromptingSystem.ts(574,3): error TS1128: Declaration or statement expected.
sveltekit-frontend/src/lib/services/selfPromptingSystem.ts(575,3): error TS1128: Declaration or statement expected.
sveltekit-frontend/src/lib/services/selfPromptingSystem.ts(575,27): error TS1109: Expression expected.
sveltekit-frontend/src/lib/services/selfPromptingSystem.ts(576,13): error TS1005: ',' expected.
sveltekit-frontend/src/lib/services/selfPromptingSystem.ts(576,36): error TS1005: ',' expected.
sveltekit-frontend/src/lib/services/selfPromptingSystem.ts(576,38): error TS1136: Property assignment expected.
sveltekit-frontend/src/lib/services/selfPromptingSystem.ts(577,50): error TS1005: ')' expected.
sveltekit-frontend/src/lib/services/selfPromptingSystem.ts(579,3): error TS1128: Declaration or statement expected.
sveltekit-frontend/src/lib/services/selfPromptingSystem.ts(583,3): error TS1128: Declaration or statement expected.
sveltekit-frontend/src/lib/services/selfPromptingSystem.ts(583,28): error TS1135: Argument expression expected.
sveltekit-frontend/src/lib/services/selfPromptingSystem.ts(583,41): error TS1005: ';' expected.
sveltekit-frontend/src/lib/services/selfPromptingSystem.ts(585,13): error TS1003: Identifier expected.
sveltekit-frontend/src/lib/services/selfPromptingSystem.ts(585,44): error TS1005: ',' expected.
sveltekit-frontend/src/lib/services/selfPromptingSystem.ts(586,21): error TS1003: Identifier expected.
sveltekit-frontend/src/lib/services/selfPromptingSystem.ts(586,68): error TS1005: ',' expected.
sveltekit-frontend/src/lib/services/selfPromptingSystem.ts(587,16): error TS1138: Parameter declaration expected.
sveltekit-frontend/src/lib/services/selfPromptingSystem.ts(587,31): error TS1005: ',' expected.
sveltekit-frontend/src/lib/services/selfPromptingSystem.ts(587,33): error TS1136: Property assignment expected.
sveltekit-frontend/src/lib/services/selfPromptingSystem.ts(592,3): error TS1128: Declaration or statement expected.
sveltekit-frontend/src/lib/services/selfPromptingSystem.ts(593,3): error TS1128: Declaration or statement expected.
sveltekit-frontend/src/lib/services/selfPromptingSystem.ts(593,30): error TS1135: Argument expression expected.
sveltekit-frontend/src/lib/services/selfPromptingSystem.ts(593,39): error TS1005: ';' expected.
sveltekit-frontend/src/lib/services/selfPromptingSystem.ts(594,21): error TS1003: Identifier expected.
sveltekit-frontend/src/lib/services/selfPromptingSystem.ts(594,92): error TS1005: ')' expected.
sveltekit-frontend/src/lib/services/selfPromptingSystem.ts(596,3): error TS1128: Declaration or statement expected.
sveltekit-frontend/src/lib/services/selfPromptingSystem.ts(596,32): error TS1135: Argument expression expected.
sveltekit-frontend/src/lib/services/selfPromptingSystem.ts(596,55): error TS1005: ';' expected.
sveltekit-frontend/src/lib/services/selfPromptingSystem.ts(597,9): error TS1005: ':' expected.
sveltekit-frontend/src/lib/services/selfPromptingSystem.ts(599,3): error TS1128: Declaration or statement expected.
sveltekit-frontend/src/lib/services/selfPromptingSystem.ts(599,23): error TS1109: Expression expected.
sveltekit-frontend/src/lib/services/selfPromptingSystem.ts(599,25): error TS1434: Unexpected keyword or identifier.
sveltekit-frontend/src/lib/services/selfPromptingSystem.ts(602,3): error TS1128: Declaration or statement expected.
sveltekit-frontend/src/lib/services/selfPromptingSystem.ts(602,20): error TS1109: Expression expected.
sveltekit-frontend/src/lib/services/selfPromptingSystem.ts(603,13): error TS1005: ',' expected.
sveltekit-frontend/src/lib/services/selfPromptingSystem.ts(603,28): error TS1005: ',' expected.
sveltekit-frontend/src/lib/services/selfPromptingSystem.ts(603,49): error TS1005: ',' expected.
sveltekit-frontend/src/lib/services/selfPromptingSystem.ts(603,64): error TS1005: ',' expected.
sveltekit-frontend/src/lib/services/selfPromptingSystem.ts(603,65): error TS1136: Property assignment expected.
sveltekit-frontend/src/lib/services/selfPromptingSystem.ts(604,13): error TS1005: ',' expected.
sveltekit-frontend/src/lib/services/selfPromptingSystem.ts(604,28): error TS1005: ',' expected.
sveltekit-frontend/src/lib/services/selfPromptingSystem.ts(604,49): error TS1005: ',' expected.
sveltekit-frontend/src/lib/services/selfPromptingSystem.ts(604,64): error TS1005: ',' expected.
sveltekit-frontend/src/lib/services/selfPromptingSystem.ts(604,65): error TS1136: Property assignment expected.
sveltekit-frontend/src/lib/services/selfPromptingSystem.ts(605,13): error TS1005: ',' expected.
sveltekit-frontend/src/lib/services/selfPromptingSystem.ts(605,35): error TS1005: ',' expected.
sveltekit-frontend/src/lib/services/selfPromptingSystem.ts(605,56): error TS1005: ',' expected.
sveltekit-frontend/src/lib/services/selfPromptingSystem.ts(605,78): error TS1005: ',' expected.
sveltekit-frontend/src/lib/services/selfPromptingSystem.ts(605,79): error TS1136: Property assignment expected.
sveltekit-frontend/src/lib/services/selfPromptingSystem.ts(607,1): error TS1128: Declaration or statement expected.
sveltekit-frontend/src/lib/services/selfPromptingSystem.ts(622,45): error TS1005: ')' expected.
sveltekit-frontend/src/lib/services/semantic-search.ts(18,19): error TS1131: Property or signature expected.
sveltekit-frontend/src/lib/services/semantic-search.ts(19,8): error TS1005: '>' expected.
sveltekit-frontend/src/lib/services/semantic-search.ts(24,4): error TS1109: Expression expected.
sveltekit-frontend/src/lib/services/semantic-search.ts(24,5): error TS1109: Expression expected.
sveltekit-frontend/src/lib/services/semantic-search.ts(28,30): error TS1011: An element access expression should take an argument.
sveltekit-frontend/src/lib/services/semantic-search.ts(32,15): error TS1109: Expression expected.
sveltekit-frontend/src/lib/services/semantic-search.ts(32,24): error TS1011: An element access expression should take an argument.
sveltekit-frontend/src/lib/services/semantic-search.ts(33,1): error TS1128: Declaration or statement expected.
sveltekit-frontend/src/lib/services/sentence-transformer.ts(6,1): error TS1128: Declaration or statement expected.
sveltekit-frontend/src/lib/services/sentence-transformer.ts(14,43): error TS1109: Expression expected.
sveltekit-frontend/src/lib/services/sentence-transformer.ts(15,109): error TS1109: Expression expected.
sveltekit-frontend/src/lib/services/sentence-transformer.ts(16,191): error TS1109: Expression expected.
sveltekit-frontend/src/lib/services/sentence-transformer.ts(25,167): error TS1109: Expression expected.
sveltekit-frontend/src/lib/services/sentence-transformer.ts(30,1): error TS1128: Declaration or statement expected.
sveltekit-frontend/src/lib/services/sentence-transformer.ts(36,1): error TS1128: Declaration or statement expected.
sveltekit-frontend/src/lib/services/sentence-transformer.ts(48,40): error TS1005: ';' expected.
sveltekit-frontend/src/lib/services/sentence-transformer.ts(48,58): error TS1128: Declaration or statement expected.
sveltekit-frontend/src/lib/services/sentence-transformer.ts(52,3): error TS1434: Unexpected keyword or identifier.
sveltekit-frontend/src/lib/services/sentence-transformer.ts(52,22): error TS1109: Expression expected.
sveltekit-frontend/src/lib/services/sentence-transformer.ts(52,36): error TS1109: Expression expected.
sveltekit-frontend/src/lib/services/sentence-transformer.ts(53,9): error TS1003: Identifier expected.
sveltekit-frontend/src/lib/services/sentence-transformer.ts(53,15): error TS1138: Parameter declaration expected.
sveltekit-frontend/src/lib/services/sentence-transformer.ts(53,24): error TS1138: Parameter declaration expected.
sveltekit-frontend/src/lib/services/sentence-transformer.ts(63,5): error TS1128: Declaration or statement expected.
sveltekit-frontend/src/lib/services/sentence-transformer.ts(64,3): error TS1128: Declaration or statement expected.
sveltekit-frontend/src/lib/services/sentence-transformer.ts(65,3): error TS1434: Unexpected keyword or identifier.
sveltekit-frontend/src/lib/services/sentence-transformer.ts(65,24): error TS1135: Argument expression expected.
sveltekit-frontend/src/lib/services/sentence-transformer.ts(65,33): error TS1005: ';' expected.
sveltekit-frontend/src/lib/services/sentence-transformer.ts(66,11): error TS1005: ',' expected.
sveltekit-frontend/src/lib/services/sentence-transformer.ts(66,16): error TS1005: ',' expected.
sveltekit-frontend/src/lib/services/sentence-transformer.ts(66,28): error TS1136: Property assignment expected.
sveltekit-frontend/src/lib/services/sentence-transformer.ts(67,15): error TS1109: Expression expected.
sveltekit-frontend/src/lib/services/sentence-transformer.ts(67,24): error TS1109: Expression expected.
sveltekit-frontend/src/lib/services/sentence-transformer.ts(68,7): error TS1005: ')' expected.
sveltekit-frontend/src/lib/services/sentence-transformer.ts(69,5): error TS1128: Declaration or statement expected.
sveltekit-frontend/src/lib/services/sentence-transformer.ts(83,59): error TS1109: Expression expected.
sveltekit-frontend/src/lib/services/sentence-transformer.ts(91,82): error TS1109: Expression expected.
sveltekit-frontend/src/lib/services/sentence-transformer.ts(94,3): error TS1128: Declaration or statement expected.
sveltekit-frontend/src/lib/services/sentence-transformer.ts(95,3): error TS1434: Unexpected keyword or identifier.
sveltekit-frontend/src/lib/services/sentence-transformer.ts(95,26): error TS1135: Argument expression expected.
sveltekit-frontend/src/lib/services/sentence-transformer.ts(95,35): error TS1011: An element access expression should take an argument.
sveltekit-frontend/src/lib/services/sentence-transformer.ts(95,37): error TS1005: ';' expected.
sveltekit-frontend/src/lib/services/sentence-transformer.ts(95,63): error TS1011: An element access expression should take an argument.
sveltekit-frontend/src/lib/services/sentence-transformer.ts(96,11): error TS1005: ',' expected.
sveltekit-frontend/src/lib/services/sentence-transformer.ts(96,16): error TS1005: ',' expected.
sveltekit-frontend/src/lib/services/sentence-transformer.ts(96,28): error TS1136: Property assignment expected.
sveltekit-frontend/src/lib/services/sentence-transformer.ts(99,6): error TS1005: ')' expected.
sveltekit-frontend/src/lib/services/sentence-transformer.ts(101,3): error TS1128: Declaration or statement expected.
sveltekit-frontend/src/lib/services/sentence-transformer.ts(102,3): error TS1128: Declaration or statement expected.
sveltekit-frontend/src/lib/services/sentence-transformer.ts(102,30): error TS1135: Argument expression expected.
sveltekit-frontend/src/lib/services/sentence-transformer.ts(102,47): error TS1005: ',' expected.
sveltekit-frontend/src/lib/services/sentence-transformer.ts(102,62): error TS1005: ';' expected.
sveltekit-frontend/src/lib/services/sentence-transformer.ts(102,64): error TS1434: Unexpected keyword or identifier.
sveltekit-frontend/src/lib/services/sentence-transformer.ts(106,41): error TS1109: Expression expected.
sveltekit-frontend/src/lib/services/sentence-transformer.ts(107,19): error TS1109: Expression expected.
sveltekit-frontend/src/lib/services/sentence-transformer.ts(111,61): error TS1005: ')' expected.
sveltekit-frontend/src/lib/services/sentence-transformer.ts(113,3): error TS1434: Unexpected keyword or identifier.
sveltekit-frontend/src/lib/services/sentence-transformer.ts(115,23): error TS1011: An element access expression should take an argument.
sveltekit-frontend/src/lib/services/sentence-transformer.ts(117,3): error TS1128: Declaration or statement expected.
sveltekit-frontend/src/lib/services/sentence-transformer.ts(117,4): error TS1128: Declaration or statement expected.
sveltekit-frontend/src/lib/services/sentence-transformer.ts(117,31): error TS1011: An element access expression should take an argument.
sveltekit-frontend/src/lib/services/sentence-transformer.ts(118,14): error TS1003: Identifier expected.
sveltekit-frontend/src/lib/services/sentence-transformer.ts(118,40): error TS1109: Expression expected.
sveltekit-frontend/src/lib/services/sentence-transformer.ts(118,41): error TS1136: Property assignment expected.
sveltekit-frontend/src/lib/services/sentence-transformer.ts(118,42): error TS1109: Expression expected.
sveltekit-frontend/src/lib/services/sentence-transformer.ts(119,91): error TS1005: ',' expected.
sveltekit-frontend/src/lib/services/sentence-transformer.ts(119,92): error TS1005: ',' expected.
sveltekit-frontend/src/lib/services/sentence-transformer.ts(119,93): error TS1134: Variable declaration expected.
sveltekit-frontend/src/lib/services/sentence-transformer.ts(124,7): error TS1005: ')' expected.
sveltekit-frontend/src/lib/services/sentence-transformer.ts(126,7): error TS1128: Declaration or statement expected.
sveltekit-frontend/src/lib/services/sentence-transformer.ts(126,47): error TS1005: ';' expected.
sveltekit-frontend/src/lib/services/sentence-transformer.ts(127,7): error TS1128: Declaration or statement expected.
sveltekit-frontend/src/lib/services/sentence-transformer.ts(128,3): error TS1128: Declaration or statement expected.
sveltekit-frontend/src/lib/services/sentence-transformer.ts(129,3): error TS1128: Declaration or statement expected.
sveltekit-frontend/src/lib/services/sentence-transformer.ts(129,22): error TS1135: Argument expression expected.
sveltekit-frontend/src/lib/services/sentence-transformer.ts(129,31): error TS1005: ';' expected.
sveltekit-frontend/src/lib/services/sentence-transformer.ts(129,33): error TS1434: Unexpected keyword or identifier.
sveltekit-frontend/src/lib/services/sentence-transformer.ts(131,69): error TS1109: Expression expected.
sveltekit-frontend/src/lib/services/sentence-transformer.ts(131,70): error TS1109: Expression expected.
sveltekit-frontend/src/lib/services/sentence-transformer.ts(132,5): error TS1109: Expression expected.
sveltekit-frontend/src/lib/services/sentence-transformer.ts(135,3): error TS1434: Unexpected keyword or identifier.
sveltekit-frontend/src/lib/services/sentence-transformer.ts(135,38): error TS1135: Argument expression expected.
sveltekit-frontend/src/lib/services/sentence-transformer.ts(135,47): error TS1005: ';' expected.
sveltekit-frontend/src/lib/services/sentence-transformer.ts(137,11): error TS1005: ':' expected.
sveltekit-frontend/src/lib/services/sentence-transformer.ts(137,55): error TS1005: ',' expected.
sveltekit-frontend/src/lib/services/sentence-transformer.ts(138,11): error TS1005: ':' expected.
sveltekit-frontend/src/lib/services/sentence-transformer.ts(138,52): error TS1005: ',' expected.
sveltekit-frontend/src/lib/services/sentence-transformer.ts(140,11): error TS1005: ':' expected.
sveltekit-frontend/src/lib/services/sentence-transformer.ts(140,51): error TS1005: ',' expected.
sveltekit-frontend/src/lib/services/sentence-transformer.ts(142,11): error TS1005: ':' expected.
sveltekit-frontend/src/lib/services/sentence-transformer.ts(142,56): error TS1005: ',' expected.
sveltekit-frontend/src/lib/services/sentence-transformer.ts(144,11): error TS1005: ':' expected.
sveltekit-frontend/src/lib/services/sentence-transformer.ts(144,57): error TS1005: ',' expected.
sveltekit-frontend/src/lib/services/sentence-transformer.ts(145,12): error TS1005: ':' expected.
sveltekit-frontend/src/lib/services/sentence-transformer.ts(153,3): error TS1128: Declaration or statement expected.
sveltekit-frontend/src/lib/services/sentence-transformer.ts(153,35): error TS1135: Argument expression expected.
sveltekit-frontend/src/lib/services/sentence-transformer.ts(153,44): error TS1005: ';' expected.
sveltekit-frontend/src/lib/services/sentence-transformer.ts(153,53): error TS1109: Expression expected.
sveltekit-frontend/src/lib/services/sentence-transformer.ts(153,54): error TS1109: Expression expected.
sveltekit-frontend/src/lib/services/sentence-transformer.ts(153,56): error TS1005: ';' expected.
sveltekit-frontend/src/lib/services/sentence-transformer.ts(156,7): error TS1128: Declaration or statement expected.
sveltekit-frontend/src/lib/services/sentence-transformer.ts(157,33): error TS1005: ')' expected.
sveltekit-frontend/src/lib/services/sentence-transformer.ts(159,3): error TS1128: Declaration or statement expected.
sveltekit-frontend/src/lib/services/sentence-transformer.ts(159,32): error TS1135: Argument expression expected.
sveltekit-frontend/src/lib/services/sentence-transformer.ts(159,41): error TS1005: ';' expected.
sveltekit-frontend/src/lib/services/sentence-transformer.ts(159,50): error TS1109: Expression expected.
sveltekit-frontend/src/lib/services/sentence-transformer.ts(159,51): error TS1109: Expression expected.
sveltekit-frontend/src/lib/services/sentence-transformer.ts(159,53): error TS1005: ';' expected.
sveltekit-frontend/src/lib/services/sentence-transformer.ts(167,58): error TS1005: ')' expected.
sveltekit-frontend/src/lib/services/sentence-transformer.ts(169,3): error TS1128: Declaration or statement expected.
sveltekit-frontend/src/lib/services/sentence-transformer.ts(169,35): error TS1135: Argument expression expected.
sveltekit-frontend/src/lib/services/sentence-transformer.ts(169,44): error TS1005: ';' expected.
sveltekit-frontend/src/lib/services/sentence-transformer.ts(169,73): error TS1005: ';' expected.
sveltekit-frontend/src/lib/services/sentence-transformer.ts(176,3): error TS1128: Declaration or statement expected.
sveltekit-frontend/src/lib/services/sentence-transformer.ts(176,35): error TS1135: Argument expression expected.
sveltekit-frontend/src/lib/services/sentence-transformer.ts(176,44): error TS1005: ';' expected.
sveltekit-frontend/src/lib/services/sentence-transformer.ts(176,53): error TS1109: Expression expected.
sveltekit-frontend/src/lib/services/sentence-transformer.ts(176,54): error TS1109: Expression expected.
sveltekit-frontend/src/lib/services/sentence-transformer.ts(176,56): error TS1005: ';' expected.
sveltekit-frontend/src/lib/services/sentence-transformer.ts(194,18): error TS1135: Argument expression expected.
sveltekit-frontend/src/lib/services/sentence-transformer.ts(194,61): error TS1005: ';' expected.
sveltekit-frontend/src/lib/services/sentence-transformer.ts(194,70): error TS1109: Expression expected.
sveltekit-frontend/src/lib/services/sentence-transformer.ts(194,71): error TS1109: Expression expected.
sveltekit-frontend/src/lib/services/sentence-transformer.ts(194,73): error TS1005: ';' expected.
sveltekit-frontend/src/lib/services/sentence-transformer.ts(200,40): error TS1005: ')' expected.
sveltekit-frontend/src/lib/services/sentence-transformer.ts(209,38): error TS1005: ')' expected.
sveltekit-frontend/src/lib/services/sentence-transformer.ts(213,1): error TS1128: Declaration or statement expected.
sveltekit-frontend/src/lib/services/service-discovery.ts(6,80): error TS1005: ',' expected.
sveltekit-frontend/src/lib/services/service-discovery.ts(6,81): error TS1005: ',' expected.
sveltekit-frontend/src/lib/services/service-discovery.ts(6,82): error TS1136: Property assignment expected.
sveltekit-frontend/src/lib/services/service-discovery.ts(6,83): error TS1136: Property assignment expected.
sveltekit-frontend/src/lib/services/service-discovery.ts(7,82): error TS1005: ',' expected.
sveltekit-frontend/src/lib/services/service-discovery.ts(7,83): error TS1005: ',' expected.
sveltekit-frontend/src/lib/services/service-discovery.ts(7,84): error TS1136: Property assignment expected.
sveltekit-frontend/src/lib/services/service-discovery.ts(7,85): error TS1136: Property assignment expected.
sveltekit-frontend/src/lib/services/serviceOrchestrator.ts(8,1): error TS1128: Declaration or statement expected.
sveltekit-frontend/src/lib/services/simd-gpu-parser-integration.ts(3,1): error TS1128: Declaration or statement expected.
sveltekit-frontend/src/lib/services/simd-gpu-parser-integration.ts(11,1): error TS1128: Declaration or statement expected.
sveltekit-frontend/src/lib/services/simd-gpu-parser-integration.ts(17,1): error TS1128: Declaration or statement expected.
sveltekit-frontend/src/lib/services/simd-gpu-parser-integration.ts(28,1): error TS1128: Declaration or statement expected.
sveltekit-frontend/src/lib/services/simd-gpu-parser-integration.ts(50,106): error TS1005: ';' expected.
sveltekit-frontend/src/lib/services/simd-gpu-parser-integration.ts(50,135): error TS1128: Declaration or statement expected.
sveltekit-frontend/src/lib/services/simd-gpu-parser-integration.ts(50,136): error TS1128: Declaration or statement expected.
sveltekit-frontend/src/lib/services/simd-gpu-parser-integration.ts(51,9): error TS1003: Identifier expected.
sveltekit-frontend/src/lib/services/simd-gpu-parser-integration.ts(51,14): error TS1005: ',' expected.
sveltekit-frontend/src/lib/services/simd-gpu-parser-integration.ts(51,27): error TS1005: ',' expected.
sveltekit-frontend/src/lib/services/simd-gpu-parser-integration.ts(51,29): error TS1136: Property assignment expected.
sveltekit-frontend/src/lib/services/simd-gpu-parser-integration.ts(70,7): error TS1128: Declaration or statement expected.
sveltekit-frontend/src/lib/services/simd-gpu-parser-integration.ts(75,7): error TS1135: Argument expression expected.
sveltekit-frontend/src/lib/services/simd-gpu-parser-integration.ts(75,11): error TS1005: ')' expected.
sveltekit-frontend/src/lib/services/simd-gpu-parser-integration.ts(86,3): error TS1128: Declaration or statement expected.
sveltekit-frontend/src/lib/services/simd-gpu-parser-integration.ts(87,1): error TS1128: Declaration or statement expected.
sveltekit-frontend/src/lib/services/simd-json-acceleration.ts(20,1): error TS1128: Declaration or statement expected.
sveltekit-frontend/src/lib/services/simd-json-acceleration.ts(33,1): error TS1128: Declaration or statement expected.
sveltekit-frontend/src/lib/services/simd-json-acceleration.ts(40,1): error TS1128: Declaration or statement expected.
sveltekit-frontend/src/lib/services/simd-json-acceleration.ts(48,1): error TS1128: Declaration or statement expected.
sveltekit-frontend/src/lib/services/simd-json-acceleration.ts(113,9): error TS1005: ')' expected.
sveltekit-frontend/src/lib/services/simd-json-acceleration.ts(128,9): error TS1128: Declaration or statement expected.
sveltekit-frontend/src/lib/services/simd-json-acceleration.ts(129,9): error TS1128: Declaration or statement expected.
sveltekit-frontend/src/lib/services/simd-json-acceleration.ts(136,7): error TS1128: Declaration or statement expected.
sveltekit-frontend/src/lib/services/simd-json-acceleration.ts(152,9): error TS1128: Declaration or statement expected.
sveltekit-frontend/src/lib/services/simd-json-acceleration.ts(153,9): error TS1128: Declaration or statement expected.
sveltekit-frontend/src/lib/services/simd-json-acceleration.ts(155,80): error TS1005: ')' expected.
sveltekit-frontend/src/lib/services/simd-json-acceleration.ts(159,9): error TS1128: Declaration or statement expected.
sveltekit-frontend/src/lib/services/simd-json-acceleration.ts(162,78): error TS1005: ')' expected.
sveltekit-frontend/src/lib/services/simd-json-acceleration.ts(212,34): error TS1005: ',' expected.
sveltekit-frontend/src/lib/services/simd-json-acceleration.ts(271,24): error TS1109: Expression expected.
sveltekit-frontend/src/lib/services/simd-json-acceleration.ts(271,33): error TS1005: ',' expected.
sveltekit-frontend/src/lib/services/simd-json-acceleration.ts(271,34): error TS1136: Property assignment expected.
sveltekit-frontend/src/lib/services/simd-json-acceleration.ts(380,43): error TS1109: Expression expected.
sveltekit-frontend/src/lib/services/simd-json-acceleration.ts(388,43): error TS1109: Expression expected.
sveltekit-frontend/src/lib/services/startup-flag-service.ts(6,1): error TS1128: Declaration or statement expected.
sveltekit-frontend/src/lib/services/stateless-api-coordinator.ts(35,1): error TS1128: Declaration or statement expected.
sveltekit-frontend/src/lib/services/stateless-api-coordinator.ts(232,14): error TS1005: ';' expected.
sveltekit-frontend/src/lib/services/stateless-api-coordinator.ts(235,14): error TS1005: ';' expected.
sveltekit-frontend/src/lib/services/stateless-api-coordinator.ts(252,17): error TS1005: ',' expected.
sveltekit-frontend/src/lib/services/stateless-api-coordinator.ts(270,58): error TS1005: ')' expected.
sveltekit-frontend/src/lib/services/stateless-api-coordinator.ts(271,7): error TS1128: Declaration or statement expected.
sveltekit-frontend/src/lib/services/stateless-api-coordinator.ts(272,37): error TS1109: Expression expected.
sveltekit-frontend/src/lib/services/stateless-api-coordinator.ts(280,56): error TS1109: Expression expected.
sveltekit-frontend/src/lib/services/stateless-api-coordinator.ts(282,9): error TS1109: Expression expected.
sveltekit-frontend/src/lib/services/stateless-api-coordinator.ts(310,85): error TS1005: ')' expected.
sveltekit-frontend/src/lib/services/stateless-api-coordinator.ts(326,71): error TS1005: ')' expected.
sveltekit-frontend/src/lib/services/stateless-api-coordinator.ts(329,102): error TS1005: ')' expected.
sveltekit-frontend/src/lib/services/stateless-api-coordinator.ts(333,77): error TS1005: ')' expected.
sveltekit-frontend/src/lib/services/stateless-api-coordinator.ts(345,47): error TS1109: Expression expected.
sveltekit-frontend/src/lib/services/stateless-api-coordinator.ts(346,26): error TS1109: Expression expected.
sveltekit-frontend/src/lib/services/stateless-api-coordinator.ts(356,94): error TS1005: ';' expected.
sveltekit-frontend/src/lib/services/stateless-api-coordinator.ts(356,95): error TS1005: ')' expected.
sveltekit-frontend/src/lib/services/stateless-api-coordinator.ts(356,104): error TS1109: Expression expected.
sveltekit-frontend/src/lib/services/stateless-api-coordinator.ts(356,111): error TS1068: Unexpected token. A constructor, method, accessor, or property was expected.
sveltekit-frontend/src/lib/services/stateless-api-coordinator.ts(356,112): error TS1068: Unexpected token. A constructor, method, accessor, or property was expected.
sveltekit-frontend/src/lib/services/stateless-api-coordinator.ts(356,113): error TS1434: Unexpected keyword or identifier.
sveltekit-frontend/src/lib/services/stateless-api-coordinator.ts(356,119): error TS1068: Unexpected token. A constructor, method, accessor, or property was expected.
sveltekit-frontend/src/lib/services/stateless-api-coordinator.ts(357,9): error TS1003: Identifier expected.
sveltekit-frontend/src/lib/services/stateless-api-coordinator.ts(357,16): error TS1144: '{' or ';' expected.
sveltekit-frontend/src/lib/services/stateless-api-coordinator.ts(358,5): error TS1068: Unexpected token. A constructor, method, accessor, or property was expected.
sveltekit-frontend/src/lib/services/stateless-api-coordinator.ts(358,83): error TS1005: ';' expected.
sveltekit-frontend/src/lib/services/stateless-api-coordinator.ts(358,84): error TS1005: ')' expected.
sveltekit-frontend/src/lib/services/stateless-api-coordinator.ts(358,93): error TS1109: Expression expected.
sveltekit-frontend/src/lib/services/stateless-api-coordinator.ts(358,99): error TS1128: Declaration or statement expected.
sveltekit-frontend/src/lib/services/stateless-api-coordinator.ts(358,100): error TS1128: Declaration or statement expected.
sveltekit-frontend/src/lib/services/stateless-api-coordinator.ts(358,101): error TS1128: Declaration or statement expected.
sveltekit-frontend/src/lib/services/stateless-api-coordinator.ts(358,117): error TS1005: ';' expected.
sveltekit-frontend/src/lib/services/stateless-api-coordinator.ts(359,84): error TS1005: ';' expected.
sveltekit-frontend/src/lib/services/stateless-api-coordinator.ts(359,85): error TS1005: ')' expected.
sveltekit-frontend/src/lib/services/stateless-api-coordinator.ts(359,94): error TS1109: Expression expected.
sveltekit-frontend/src/lib/services/stateless-api-coordinator.ts(359,100): error TS1128: Declaration or statement expected.
sveltekit-frontend/src/lib/services/stateless-api-coordinator.ts(359,101): error TS1128: Declaration or statement expected.
sveltekit-frontend/src/lib/services/stateless-api-coordinator.ts(359,102): error TS1128: Declaration or statement expected.
sveltekit-frontend/src/lib/services/stateless-api-coordinator.ts(359,103): error TS1434: Unexpected keyword or identifier.
sveltekit-frontend/src/lib/services/stateless-api-coordinator.ts(359,109): error TS1128: Declaration or statement expected.
sveltekit-frontend/src/lib/services/stateless-api-coordinator.ts(378,3): error TS1128: Declaration or statement expected.
sveltekit-frontend/src/lib/services/stateless-api-coordinator.ts(380,3): error TS1128: Declaration or statement expected.
sveltekit-frontend/src/lib/services/stateless-api-coordinator.ts(380,41): error TS1135: Argument expression expected.
sveltekit-frontend/src/lib/services/stateless-api-coordinator.ts(380,59): error TS1005: ',' expected.
sveltekit-frontend/src/lib/services/stateless-api-coordinator.ts(380,66): error TS1005: ';' expected.
sveltekit-frontend/src/lib/services/stateless-api-coordinator.ts(381,21): error TS1138: Parameter declaration expected.
sveltekit-frontend/src/lib/services/stateless-api-coordinator.ts(381,27): error TS1005: ',' expected.
sveltekit-frontend/src/lib/services/stateless-api-coordinator.ts(381,29): error TS1136: Property assignment expected.
sveltekit-frontend/src/lib/services/stateless-api-coordinator.ts(382,7): error TS1128: Declaration or statement expected.
sveltekit-frontend/src/lib/services/stateless-api-coordinator.ts(382,26): error TS1109: Expression expected.
sveltekit-frontend/src/lib/services/stateless-api-coordinator.ts(388,7): error TS1128: Declaration or statement expected.
sveltekit-frontend/src/lib/services/stateless-api-coordinator.ts(388,24): error TS1109: Expression expected.
sveltekit-frontend/src/lib/services/stateless-api-coordinator.ts(395,7): error TS1128: Declaration or statement expected.
sveltekit-frontend/src/lib/services/stateless-api-coordinator.ts(395,26): error TS1109: Expression expected.
sveltekit-frontend/src/lib/services/stateless-api-coordinator.ts(402,3): error TS1128: Declaration or statement expected.
sveltekit-frontend/src/lib/services/stateless-api-coordinator.ts(404,3): error TS1128: Declaration or statement expected.
sveltekit-frontend/src/lib/services/stateless-api-coordinator.ts(404,38): error TS1109: Expression expected.
sveltekit-frontend/src/lib/services/stateless-api-coordinator.ts(405,9): error TS1003: Identifier expected.
sveltekit-frontend/src/lib/services/stateless-api-coordinator.ts(405,18): error TS1005: '{' expected.
sveltekit-frontend/src/lib/services/stateless-api-coordinator.ts(405,27): error TS1005: ',' expected.
sveltekit-frontend/src/lib/services/stateless-api-coordinator.ts(406,17): error TS1138: Parameter declaration expected.
sveltekit-frontend/src/lib/services/stateless-api-coordinator.ts(406,21): error TS1005: '(' expected.
sveltekit-frontend/src/lib/services/stateless-api-coordinator.ts(415,37): error TS1005: ';' expected.
sveltekit-frontend/src/lib/services/stateless-api-coordinator.ts(416,3): error TS1128: Declaration or statement expected.
sveltekit-frontend/src/lib/services/stateless-api-coordinator.ts(418,3): error TS1128: Declaration or statement expected.
sveltekit-frontend/src/lib/services/stateless-api-coordinator.ts(418,35): error TS1135: Argument expression expected.
sveltekit-frontend/src/lib/services/stateless-api-coordinator.ts(418,44): error TS1005: ';' expected.
sveltekit-frontend/src/lib/services/stateless-api-coordinator.ts(419,11): error TS1005: ':' expected.
sveltekit-frontend/src/lib/services/stateless-api-coordinator.ts(419,40): error TS1005: ',' expected.
sveltekit-frontend/src/lib/services/stateless-api-coordinator.ts(427,3): error TS1128: Declaration or statement expected.
sveltekit-frontend/src/lib/services/stateless-api-coordinator.ts(427,36): error TS1109: Expression expected.
sveltekit-frontend/src/lib/services/stateless-api-coordinator.ts(428,9): error TS1003: Identifier expected.
sveltekit-frontend/src/lib/services/stateless-api-coordinator.ts(428,18): error TS1005: '{' expected.
sveltekit-frontend/src/lib/services/stateless-api-coordinator.ts(428,27): error TS1005: ',' expected.
sveltekit-frontend/src/lib/services/stateless-api-coordinator.ts(429,9): error TS1005: ':' expected.
sveltekit-frontend/src/lib/services/stateless-api-coordinator.ts(441,13): error TS1005: ',' expected.
sveltekit-frontend/src/lib/services/stateless-api-coordinator.ts(444,3): error TS1128: Declaration or statement expected.
sveltekit-frontend/src/lib/services/stateless-api-coordinator.ts(444,31): error TS1109: Expression expected.
sveltekit-frontend/src/lib/services/stateless-api-coordinator.ts(445,9): error TS1005: ':' expected.
sveltekit-frontend/src/lib/services/stateless-api-coordinator.ts(445,56): error TS1005: ')' expected.
sveltekit-frontend/src/lib/services/stateless-api-coordinator.ts(447,3): error TS1128: Declaration or statement expected.
sveltekit-frontend/src/lib/services/stateless-api-coordinator.ts(447,31): error TS1109: Expression expected.
sveltekit-frontend/src/lib/services/stateless-api-coordinator.ts(448,9): error TS1005: ':' expected.
sveltekit-frontend/src/lib/services/stateless-api-coordinator.ts(448,56): error TS1005: ')' expected.
sveltekit-frontend/src/lib/services/stateless-api-coordinator.ts(450,3): error TS1128: Declaration or statement expected.
sveltekit-frontend/src/lib/services/stateless-api-coordinator.ts(450,34): error TS1109: Expression expected.
sveltekit-frontend/src/lib/services/stateless-api-coordinator.ts(451,11): error TS1005: ':' expected.
sveltekit-frontend/src/lib/services/stateless-api-coordinator.ts(451,52): error TS1005: ')' expected.
sveltekit-frontend/src/lib/services/stateless-api-coordinator.ts(452,7): error TS1003: Identifier expected.
sveltekit-frontend/src/lib/services/stateless-api-coordinator.ts(453,7): error TS1003: Identifier expected.
sveltekit-frontend/src/lib/services/stateless-api-coordinator.ts(453,21): error TS1005: ',' expected.
sveltekit-frontend/src/lib/services/stateless-api-coordinator.ts(454,9): error TS1005: ':' expected.
sveltekit-frontend/src/lib/services/stateless-api-coordinator.ts(454,36): error TS1005: ',' expected.
sveltekit-frontend/src/lib/services/stateless-api-coordinator.ts(456,3): error TS1128: Declaration or statement expected.
sveltekit-frontend/src/lib/services/stateless-api-coordinator.ts(456,32): error TS1109: Expression expected.
sveltekit-frontend/src/lib/services/stateless-api-coordinator.ts(457,11): error TS1005: ':' expected.
sveltekit-frontend/src/lib/services/stateless-api-coordinator.ts(457,40): error TS1005: ',' expected.
sveltekit-frontend/src/lib/services/stateless-api-coordinator.ts(458,21): error TS1138: Parameter declaration expected.
sveltekit-frontend/src/lib/services/stateless-api-coordinator.ts(458,24): error TS1109: Expression expected.
sveltekit-frontend/src/lib/services/stateless-api-coordinator.ts(458,27): error TS1005: ';' expected.
sveltekit-frontend/src/lib/services/stateless-api-coordinator.ts(471,3): error TS1128: Declaration or statement expected.
sveltekit-frontend/src/lib/services/stateless-api-coordinator.ts(473,3): error TS1128: Declaration or statement expected.
sveltekit-frontend/src/lib/services/stateless-api-coordinator.ts(473,35): error TS1135: Argument expression expected.
sveltekit-frontend/src/lib/services/stateless-api-coordinator.ts(474,12): error TS1005: ':' expected.
sveltekit-frontend/src/lib/services/stateless-api-coordinator.ts(490,3): error TS1128: Declaration or statement expected.
sveltekit-frontend/src/lib/services/stateless-api-coordinator.ts(490,38): error TS1135: Argument expression expected.
sveltekit-frontend/src/lib/services/stateless-api-coordinator.ts(491,12): error TS1005: ':' expected.
sveltekit-frontend/src/lib/services/stateless-api-coordinator.ts(506,3): error TS1128: Declaration or statement expected.
sveltekit-frontend/src/lib/services/stateless-api-coordinator.ts(506,39): error TS1135: Argument expression expected.
sveltekit-frontend/src/lib/services/stateless-api-coordinator.ts(507,60): error TS1005: '{' expected.
sveltekit-frontend/src/lib/services/stateless-api-coordinator.ts(507,63): error TS1136: Property assignment expected.
sveltekit-frontend/src/lib/services/stateless-api-coordinator.ts(509,22): error TS1005: ';' expected.
sveltekit-frontend/src/lib/services/stateless-api-coordinator.ts(511,3): error TS1128: Declaration or statement expected.
sveltekit-frontend/src/lib/services/stateless-api-coordinator.ts(512,3): error TS1128: Declaration or statement expected.
sveltekit-frontend/src/lib/services/stateless-api-coordinator.ts(512,38): error TS1135: Argument expression expected.
sveltekit-frontend/src/lib/services/stateless-api-coordinator.ts(513,12): error TS1005: ':' expected.
sveltekit-frontend/src/lib/services/stateless-api-coordinator.ts(522,3): error TS1128: Declaration or statement expected.
sveltekit-frontend/src/lib/services/stateless-api-coordinator.ts(522,20): error TS1109: Expression expected.
sveltekit-frontend/src/lib/services/stateless-api-coordinator.ts(523,13): error TS1005: ',' expected.
sveltekit-frontend/src/lib/services/stateless-api-coordinator.ts(523,30): error TS1005: ',' expected.
sveltekit-frontend/src/lib/services/stateless-api-coordinator.ts(523,32): error TS1136: Property assignment expected.
sveltekit-frontend/src/lib/services/stateless-api-coordinator.ts(537,3): error TS1128: Declaration or statement expected.
sveltekit-frontend/src/lib/services/stateless-api-coordinator.ts(538,1): error TS1128: Declaration or statement expected.
sveltekit-frontend/src/lib/services/tauri-llm.ts(18,67): error TS1005: ')' expected.
sveltekit-frontend/src/lib/services/tauri-llm.ts(28,1): error TS1128: Declaration or statement expected.
sveltekit-frontend/src/lib/services/tauri-llm.ts(101,7): error TS1128: Declaration or statement expected.
sveltekit-frontend/src/lib/services/tauri-llm.ts(176,3): error TS1068: Unexpected token. A constructor, method, accessor, or property was expected.
sveltekit-frontend/src/lib/services/tauri-llm.ts(176,4): error TS1068: Unexpected token. A constructor, method, accessor, or property was expected.
sveltekit-frontend/src/lib/services/tauri-llm.ts(176,21): error TS1139: Type parameter declaration expected.
sveltekit-frontend/src/lib/services/tauri-llm.ts(176,25): error TS1068: Unexpected token. A constructor, method, accessor, or property was expected.
sveltekit-frontend/src/lib/services/tauri-llm.ts(176,34): error TS1011: An element access expression should take an argument.
sveltekit-frontend/src/lib/services/tauri-llm.ts(176,36): error TS1011: An element access expression should take an argument.
sveltekit-frontend/src/lib/services/tauri-llm.ts(177,9): error TS1003: Identifier expected.
sveltekit-frontend/src/lib/services/tauri-llm.ts(177,14): error TS1005: ',' expected.
sveltekit-frontend/src/lib/services/tauri-llm.ts(177,60): error TS1005: ',' expected.
sveltekit-frontend/src/lib/services/tauri-llm.ts(177,62): error TS1136: Property assignment expected.
sveltekit-frontend/src/lib/services/tauri-llm.ts(196,3): error TS1109: Expression expected.
sveltekit-frontend/src/lib/services/tauri-llm.ts(198,3): error TS1434: Unexpected keyword or identifier.
sveltekit-frontend/src/lib/services/tauri-llm.ts(198,11): error TS1434: Unexpected keyword or identifier.
sveltekit-frontend/src/lib/services/tauri-llm.ts(198,36): error TS1109: Expression expected.
sveltekit-frontend/src/lib/services/tauri-llm.ts(198,50): error TS1109: Expression expected.
sveltekit-frontend/src/lib/services/tauri-llm.ts(199,9): error TS1005: ':' expected.
sveltekit-frontend/src/lib/services/tauri-llm.ts(201,11): error TS1005: ':' expected.
sveltekit-frontend/src/lib/services/tauri-llm.ts(201,61): error TS1005: ',' expected.
sveltekit-frontend/src/lib/services/tauri-llm.ts(203,13): error TS1005: ':' expected.
sveltekit-frontend/src/lib/services/tauri-llm.ts(203,76): error TS1005: ',' expected.
sveltekit-frontend/src/lib/services/tauri-llm.ts(214,9): error TS1136: Property assignment expected.
sveltekit-frontend/src/lib/services/tauri-llm.ts(214,11): error TS1005: ',' expected.
sveltekit-frontend/src/lib/services/tauri-llm.ts(214,12): error TS1136: Property assignment expected.
sveltekit-frontend/src/lib/services/tauri-llm.ts(215,17): error TS1003: Identifier expected.
sveltekit-frontend/src/lib/services/tauri-llm.ts(215,71): error TS1005: ',' expected.
sveltekit-frontend/src/lib/services/tauri-llm.ts(216,13): error TS1005: ':' expected.
sveltekit-frontend/src/lib/services/tauri-llm.ts(216,54): error TS1005: ',' expected.
sveltekit-frontend/src/lib/services/tauri-llm.ts(217,14): error TS1005: ':' expected.
sveltekit-frontend/src/lib/services/tauri-llm.ts(217,16): error TS1136: Property assignment expected.
sveltekit-frontend/src/lib/services/tauri-llm.ts(218,17): error TS1109: Expression expected.
sveltekit-frontend/src/lib/services/tauri-llm.ts(219,46): error TS1109: Expression expected.
sveltekit-frontend/src/lib/services/tauri-llm.ts(221,5): error TS1128: Declaration or statement expected.
sveltekit-frontend/src/lib/services/tauri-llm.ts(221,7): error TS1005: 'try' expected.
sveltekit-frontend/src/lib/services/tauri-llm.ts(225,3): error TS1128: Declaration or statement expected.
sveltekit-frontend/src/lib/services/tauri-llm.ts(227,3): error TS1128: Declaration or statement expected.
sveltekit-frontend/src/lib/services/tauri-llm.ts(227,11): error TS1434: Unexpected keyword or identifier.
sveltekit-frontend/src/lib/services/tauri-llm.ts(227,41): error TS1109: Expression expected.
sveltekit-frontend/src/lib/services/tauri-llm.ts(227,55): error TS1109: Expression expected.
sveltekit-frontend/src/lib/services/tauri-llm.ts(229,9): error TS1005: ':' expected.
sveltekit-frontend/src/lib/services/tauri-llm.ts(239,6): error TS1005: ',' expected.
sveltekit-frontend/src/lib/services/tauri-llm.ts(240,9): error TS1005: ':' expected.
sveltekit-frontend/src/lib/services/tauri-llm.ts(240,48): error TS1005: ',' expected.
sveltekit-frontend/src/lib/services/tauri-llm.ts(241,9): error TS1005: ':' expected.
sveltekit-frontend/src/lib/services/tauri-llm.ts(241,31): error TS1005: ',' expected.
sveltekit-frontend/src/lib/services/tauri-llm.ts(242,13): error TS1003: Identifier expected.
sveltekit-frontend/src/lib/services/tauri-llm.ts(242,50): error TS1005: ',' expected.
sveltekit-frontend/src/lib/services/tauri-llm.ts(245,3): error TS1128: Declaration or statement expected.
sveltekit-frontend/src/lib/services/tauri-llm.ts(245,11): error TS1434: Unexpected keyword or identifier.
sveltekit-frontend/src/lib/services/tauri-llm.ts(245,43): error TS1109: Expression expected.
sveltekit-frontend/src/lib/services/tauri-llm.ts(245,57): error TS1109: Expression expected.
sveltekit-frontend/src/lib/services/tauri-llm.ts(247,11): error TS1005: ':' expected.
sveltekit-frontend/src/lib/services/tauri-llm.ts(249,6): error TS1005: ',' expected.
sveltekit-frontend/src/lib/services/tauri-llm.ts(253,12): error TS1005: ':' expected.
sveltekit-frontend/src/lib/services/tauri-llm.ts(253,14): error TS1136: Property assignment expected.
sveltekit-frontend/src/lib/services/tauri-llm.ts(254,15): error TS1109: Expression expected.
sveltekit-frontend/src/lib/services/tauri-llm.ts(256,3): error TS1128: Declaration or statement expected.
sveltekit-frontend/src/lib/services/tauri-llm.ts(258,3): error TS1434: Unexpected keyword or identifier.
sveltekit-frontend/src/lib/services/tauri-llm.ts(261,3): error TS1128: Declaration or statement expected.
sveltekit-frontend/src/lib/services/tauri-llm.ts(261,4): error TS1128: Declaration or statement expected.
sveltekit-frontend/src/lib/services/tauri-llm.ts(262,9): error TS1003: Identifier expected.
sveltekit-frontend/src/lib/services/tauri-llm.ts(262,14): error TS1005: ',' expected.
sveltekit-frontend/src/lib/services/tauri-llm.ts(262,29): error TS1005: ',' expected.
sveltekit-frontend/src/lib/services/tauri-llm.ts(262,31): error TS1136: Property assignment expected.
sveltekit-frontend/src/lib/services/tauri-llm.ts(295,27): error TS1109: Expression expected.
sveltekit-frontend/src/lib/services/tauri-llm.ts(299,3): error TS1128: Declaration or statement expected.
sveltekit-frontend/src/lib/services/tauri-llm.ts(301,3): error TS1128: Declaration or statement expected.
sveltekit-frontend/src/lib/services/tauri-llm.ts(301,11): error TS1434: Unexpected keyword or identifier.
sveltekit-frontend/src/lib/services/tauri-llm.ts(301,38): error TS1109: Expression expected.
sveltekit-frontend/src/lib/services/tauri-llm.ts(302,9): error TS1005: ':' expected.
sveltekit-frontend/src/lib/services/tauri-llm.ts(303,18): error TS1138: Parameter declaration expected.
sveltekit-frontend/src/lib/services/tauri-llm.ts(303,29): error TS1005: ',' expected.
sveltekit-frontend/src/lib/services/tauri-llm.ts(305,67): error TS1005: ')' expected.
sveltekit-frontend/src/lib/services/tauri-llm.ts(309,5): error TS1128: Declaration or statement expected.
sveltekit-frontend/src/lib/services/tauri-llm.ts(309,7): error TS1005: 'try' expected.
sveltekit-frontend/src/lib/services/tauri-llm.ts(313,3): error TS1128: Declaration or statement expected.
sveltekit-frontend/src/lib/services/tauri-llm.ts(315,3): error TS1128: Declaration or statement expected.
sveltekit-frontend/src/lib/services/tauri-llm.ts(315,11): error TS1434: Unexpected keyword or identifier.
sveltekit-frontend/src/lib/services/tauri-llm.ts(318,3): error TS1128: Declaration or statement expected.
sveltekit-frontend/src/lib/services/tauri-llm.ts(318,4): error TS1128: Declaration or statement expected.
sveltekit-frontend/src/lib/services/tauri-llm.ts(319,9): error TS1003: Identifier expected.
sveltekit-frontend/src/lib/services/tauri-llm.ts(319,14): error TS1005: ',' expected.
sveltekit-frontend/src/lib/services/tauri-llm.ts(319,28): error TS1005: ',' expected.
sveltekit-frontend/src/lib/services/tauri-llm.ts(319,30): error TS1136: Property assignment expected.
sveltekit-frontend/src/lib/services/tauri-llm.ts(323,25): error TS1109: Expression expected.
sveltekit-frontend/src/lib/services/tauri-llm.ts(347,3): error TS1109: Expression expected.
sveltekit-frontend/src/lib/services/tauri-llm.ts(349,3): error TS1434: Unexpected keyword or identifier.
sveltekit-frontend/src/lib/services/tauri-llm.ts(349,33): error TS1135: Argument expression expected.
sveltekit-frontend/src/lib/services/tauri-llm.ts(349,42): error TS1005: ';' expected.
sveltekit-frontend/src/lib/services/tauri-llm.ts(349,44): error TS1434: Unexpected keyword or identifier.
sveltekit-frontend/src/lib/services/tauri-llm.ts(363,3): error TS1128: Declaration or statement expected.
sveltekit-frontend/src/lib/services/tauri-llm.ts(363,40): error TS1135: Argument expression expected.
sveltekit-frontend/src/lib/services/tauri-llm.ts(363,49): error TS1005: ';' expected.
sveltekit-frontend/src/lib/services/tauri-llm.ts(363,51): error TS1434: Unexpected keyword or identifier.
sveltekit-frontend/src/lib/services/tauri-llm.ts(366,7): error TS1128: Declaration or statement expected.
sveltekit-frontend/src/lib/services/tauri-llm.ts(373,3): error TS1128: Declaration or statement expected.
sveltekit-frontend/src/lib/services/tauri-llm.ts(373,34): error TS1109: Expression expected.
sveltekit-frontend/src/lib/services/tauri-llm.ts(373,36): error TS1434: Unexpected keyword or identifier.
sveltekit-frontend/src/lib/services/tauri-llm.ts(390,3): error TS1434: Unexpected keyword or identifier.
sveltekit-frontend/src/lib/services/tauri-llm.ts(390,33): error TS1135: Argument expression expected.
sveltekit-frontend/src/lib/services/tauri-llm.ts(390,42): error TS1005: ';' expected.
sveltekit-frontend/src/lib/services/tauri-llm.ts(391,9): error TS1005: ':' expected.
sveltekit-frontend/src/lib/services/tauri-llm.ts(392,14): error TS1005: ':' expected.
sveltekit-frontend/src/lib/services/tauri-llm.ts(392,59): error TS1136: Property assignment expected.
sveltekit-frontend/src/lib/services/tauri-llm.ts(392,61): error TS1005: ',' expected.
sveltekit-frontend/src/lib/services/tauri-llm.ts(392,62): error TS1136: Property assignment expected.
sveltekit-frontend/src/lib/services/tauri-llm.ts(393,7): error TS1005: ';' expected.
sveltekit-frontend/src/lib/services/tauri-llm.ts(397,3): error TS1128: Declaration or statement expected.
sveltekit-frontend/src/lib/services/tauri-llm.ts(399,3): error TS1434: Unexpected keyword or identifier.
sveltekit-frontend/src/lib/services/tauri-llm.ts(399,29): error TS1135: Argument expression expected.
sveltekit-frontend/src/lib/services/tauri-llm.ts(399,38): error TS1005: ';' expected.
sveltekit-frontend/src/lib/services/tauri-llm.ts(400,9): error TS1005: ':' expected.
sveltekit-frontend/src/lib/services/tauri-llm.ts(401,13): error TS1005: ':' expected.
sveltekit-frontend/src/lib/services/tauri-llm.ts(403,21): error TS1005: ',' expected.
sveltekit-frontend/src/lib/services/tauri-llm.ts(404,13): error TS1005: ':' expected.
sveltekit-frontend/src/lib/services/tauri-llm.ts(404,71): error TS1005: ',' expected.
sveltekit-frontend/src/lib/services/tauri-llm.ts(408,7): error TS1005: ',' expected.
sveltekit-frontend/src/lib/services/tauri-llm.ts(408,14): error TS1005: ':' expected.
sveltekit-frontend/src/lib/services/tauri-llm.ts(408,21): error TS1005: ',' expected.
sveltekit-frontend/src/lib/services/tauri-llm.ts(409,7): error TS1005: ',' expected.
sveltekit-frontend/src/lib/services/tauri-llm.ts(415,17): error TS1109: Expression expected.
sveltekit-frontend/src/lib/services/tauri-llm.ts(415,19): error TS1434: Unexpected keyword or identifier.
sveltekit-frontend/src/lib/services/tauri-llm.ts(419,24): error TS1109: Expression expected.
sveltekit-frontend/src/lib/services/tauri-llm.ts(419,37): error TS1011: An element access expression should take an argument.
sveltekit-frontend/src/lib/services/tauri-llm.ts(420,12): error TS1005: ':' expected.
sveltekit-frontend/src/lib/services/tauri-llm.ts(420,32): error TS1005: ',' expected.
sveltekit-frontend/src/lib/services/tauri-llm.ts(423,22): error TS1109: Expression expected.
sveltekit-frontend/src/lib/services/tauri-llm.ts(430,3): error TS1434: Unexpected keyword or identifier.
sveltekit-frontend/src/lib/services/tauri-llm.ts(430,38): error TS1135: Argument expression expected.
sveltekit-frontend/src/lib/services/tauri-llm.ts(430,47): error TS1005: ';' expected.
sveltekit-frontend/src/lib/services/tauri-llm.ts(431,11): error TS1005: ':' expected.
sveltekit-frontend/src/lib/services/tauri-llm.ts(433,6): error TS1005: ',' expected.
sveltekit-frontend/src/lib/services/tauri-llm.ts(434,9): error TS1003: Identifier expected.
sveltekit-frontend/src/lib/services/tauri-llm.ts(438,5): error TS1005: ',' expected.
sveltekit-frontend/src/lib/services/tauri-llm.ts(438,13): error TS1005: ',' expected.
sveltekit-frontend/src/lib/services/tauri-llm.ts(438,78): error TS1005: ',' expected.
sveltekit-frontend/src/lib/services/tauri-llm.ts(438,80): error TS1136: Property assignment expected.
sveltekit-frontend/src/lib/services/tauri-llm.ts(447,3): error TS1128: Declaration or statement expected.
sveltekit-frontend/src/lib/services/tauri-llm.ts(448,3): error TS1434: Unexpected keyword or identifier.
sveltekit-frontend/src/lib/services/tauri-llm.ts(448,33): error TS1135: Argument expression expected.
sveltekit-frontend/src/lib/services/tauri-llm.ts(448,42): error TS1005: ';' expected.
sveltekit-frontend/src/lib/services/tauri-llm.ts(449,11): error TS1005: ':' expected.
sveltekit-frontend/src/lib/services/tauri-llm.ts(451,6): error TS1005: ',' expected.
sveltekit-frontend/src/lib/services/tauri-llm.ts(452,9): error TS1003: Identifier expected.
sveltekit-frontend/src/lib/services/tauri-llm.ts(456,5): error TS1005: ',' expected.
sveltekit-frontend/src/lib/services/tauri-llm.ts(456,13): error TS1005: ',' expected.
sveltekit-frontend/src/lib/services/tauri-llm.ts(456,68): error TS1005: ',' expected.
sveltekit-frontend/src/lib/services/tauri-llm.ts(456,70): error TS1136: Property assignment expected.
sveltekit-frontend/src/lib/services/tauri-llm.ts(465,3): error TS1128: Declaration or statement expected.
sveltekit-frontend/src/lib/services/tauri-llm.ts(467,3): error TS1434: Unexpected keyword or identifier.
sveltekit-frontend/src/lib/services/tauri-llm.ts(467,32): error TS1135: Argument expression expected.
sveltekit-frontend/src/lib/services/tauri-llm.ts(467,50): error TS1005: ',' expected.
sveltekit-frontend/src/lib/services/tauri-llm.ts(467,57): error TS1005: ';' expected.
sveltekit-frontend/src/lib/services/tauri-llm.ts(469,13): error TS1003: Identifier expected.
sveltekit-frontend/src/lib/services/tauri-llm.ts(469,76): error TS1005: ',' expected.
sveltekit-frontend/src/lib/services/tauri-llm.ts(470,12): error TS1005: ':' expected.
sveltekit-frontend/src/lib/services/tauri-llm.ts(470,42): error TS1005: ',' expected.
sveltekit-frontend/src/lib/services/tauri-llm.ts(472,3): error TS1434: Unexpected keyword or identifier.
sveltekit-frontend/src/lib/services/tauri-llm.ts(472,36): error TS1135: Argument expression expected.
sveltekit-frontend/src/lib/services/tauri-llm.ts(472,54): error TS1005: ',' expected.
sveltekit-frontend/src/lib/services/tauri-llm.ts(472,61): error TS1005: ';' expected.
sveltekit-frontend/src/lib/services/tauri-llm.ts(474,9): error TS1005: ':' expected.
sveltekit-frontend/src/lib/services/tauri-llm.ts(475,14): error TS1005: ':' expected.
sveltekit-frontend/src/lib/services/tauri-llm.ts(475,63): error TS1136: Property assignment expected.
sveltekit-frontend/src/lib/services/tauri-llm.ts(475,65): error TS1005: ',' expected.
sveltekit-frontend/src/lib/services/tauri-llm.ts(475,66): error TS1136: Property assignment expected.
sveltekit-frontend/src/lib/services/tauri-llm.ts(476,7): error TS1005: ';' expected.
sveltekit-frontend/src/lib/services/tauri-llm.ts(480,3): error TS1128: Declaration or statement expected.
sveltekit-frontend/src/lib/services/tauri-llm.ts(481,1): error TS1128: Declaration or statement expected.
sveltekit-frontend/src/lib/services/tauri-llm.ts(494,1): error TS1128: Declaration or statement expected.
sveltekit-frontend/src/lib/services/tauri-llm.ts(494,2): error TS1128: Declaration or statement expected.
sveltekit-frontend/src/lib/services/tauri-llm.ts(495,9): error TS1005: ',' expected.
sveltekit-frontend/src/lib/services/tauri-llm.ts(495,18): error TS1005: ',' expected.
sveltekit-frontend/src/lib/services/tauri-llm.ts(495,30): error TS1136: Property assignment expected.
sveltekit-frontend/src/lib/services/tauri-llm.ts(497,16): error TS1109: Expression expected.
sveltekit-frontend/src/lib/services/tauri-llm.ts(501,1): error TS1128: Declaration or statement expected.
sveltekit-frontend/src/lib/services/telemetry-service.ts(4,1): error TS1128: Declaration or statement expected.
sveltekit-frontend/src/lib/services/tensor-upscaler-service.ts(5,34): error TS1005: ',' expected.
sveltekit-frontend/src/lib/services/tensor-upscaler-service.ts(34,1): error TS1128: Declaration or statement expected.
sveltekit-frontend/src/lib/services/tensor-upscaler-service.ts(54,43): error TS1005: ',' expected.
sveltekit-frontend/src/lib/services/tensorrt-llm-service.ts(128,23): error TS1005: ',' expected.
sveltekit-frontend/src/lib/services/tensorrt-quic-client.ts(23,18): error TS1005: ',' expected.
sveltekit-frontend/src/lib/services/tensorrt-quic-client.ts(30,1): error TS1128: Declaration or statement expected.
sveltekit-frontend/src/lib/services/tensorrt-quic-client.ts(41,1): error TS1128: Declaration or statement expected.
sveltekit-frontend/src/lib/services/tensorrt-quic-client.ts(52,1): error TS1128: Declaration or statement expected.
sveltekit-frontend/src/lib/services/tensorrt-quic-client.ts(89,4): error TS1005: ',' expected.
sveltekit-frontend/src/lib/services/tensorrt-quic-client.ts(89,6): error TS1472: 'catch' or 'finally' expected.
sveltekit-frontend/src/lib/services/tensorrt-quic-client.ts(93,20): error TS1005: ',' expected.
sveltekit-frontend/src/lib/services/tensorrt-quic-client.ts(97,6): error TS1005: ')' expected.
sveltekit-frontend/src/lib/services/tensorrt-quic-client.ts(104,6): error TS1005: ')' expected.
sveltekit-frontend/src/lib/services/tensorrt-quic-client.ts(110,2): error TS1434: Unexpected keyword or identifier.
sveltekit-frontend/src/lib/services/tensorrt-quic-client.ts(110,34): error TS1135: Argument expression expected.
sveltekit-frontend/src/lib/services/tensorrt-quic-client.ts(110,51): error TS1005: ';' expected.
sveltekit-frontend/src/lib/services/tensorrt-quic-client.ts(111,9): error TS1005: ':' expected.
sveltekit-frontend/src/lib/services/tensorrt-quic-client.ts(111,38): error TS1005: ',' expected.
sveltekit-frontend/src/lib/services/tensorrt-quic-client.ts(112,7): error TS1005: ':' expected.
sveltekit-frontend/src/lib/services/tensorrt-quic-client.ts(113,10): error TS1005: ':' expected.
sveltekit-frontend/src/lib/services/tensorrt-quic-client.ts(123,27): error TS1136: Property assignment expected.
sveltekit-frontend/src/lib/services/tensorrt-quic-client.ts(136,6): error TS1005: ',' expected.
sveltekit-frontend/src/lib/services/tensorrt-quic-client.ts(137,8): error TS1003: Identifier expected.
sveltekit-frontend/src/lib/services/tensorrt-quic-client.ts(137,18): error TS1138: Parameter declaration expected.
sveltekit-frontend/src/lib/services/tensorrt-quic-client.ts(137,22): error TS1005: ',' expected.
sveltekit-frontend/src/lib/services/tensorrt-quic-client.ts(137,24): error TS1136: Property assignment expected.
sveltekit-frontend/src/lib/services/tensorrt-quic-client.ts(147,3): error TS1128: Declaration or statement expected.
sveltekit-frontend/src/lib/services/tensorrt-quic-client.ts(147,5): error TS1005: 'try' expected.
sveltekit-frontend/src/lib/services/tensorrt-quic-client.ts(153,2): error TS1128: Declaration or statement expected.
sveltekit-frontend/src/lib/services/tensorrt-quic-client.ts(157,34): error TS1135: Argument expression expected.
sveltekit-frontend/src/lib/services/tensorrt-quic-client.ts(157,51): error TS1005: ';' expected.
sveltekit-frontend/src/lib/services/tensorrt-quic-client.ts(158,9): error TS1005: ':' expected.
sveltekit-frontend/src/lib/services/tensorrt-quic-client.ts(158,38): error TS1005: ',' expected.
sveltekit-frontend/src/lib/services/tensorrt-quic-client.ts(159,7): error TS1005: ':' expected.
sveltekit-frontend/src/lib/services/tensorrt-quic-client.ts(160,10): error TS1005: ':' expected.
sveltekit-frontend/src/lib/services/tensorrt-quic-client.ts(172,5): error TS1136: Property assignment expected.
sveltekit-frontend/src/lib/services/tensorrt-quic-client.ts(173,5): error TS1005: ',' expected.
sveltekit-frontend/src/lib/services/tensorrt-quic-client.ts(173,6): error TS1136: Property assignment expected.
sveltekit-frontend/src/lib/services/tensorrt-quic-client.ts(174,8): error TS1003: Identifier expected.
sveltekit-frontend/src/lib/services/tensorrt-quic-client.ts(174,18): error TS1138: Parameter declaration expected.
sveltekit-frontend/src/lib/services/tensorrt-quic-client.ts(174,22): error TS1005: ',' expected.
sveltekit-frontend/src/lib/services/tensorrt-quic-client.ts(174,24): error TS1136: Property assignment expected.
sveltekit-frontend/src/lib/services/tensorrt-quic-client.ts(186,50): error TS1128: Declaration or statement expected.
sveltekit-frontend/src/lib/services/tensorrt-quic-client.ts(195,8): error TS1434: Unexpected keyword or identifier.
sveltekit-frontend/src/lib/services/tensorrt-quic-client.ts(198,21): error TS1109: Expression expected.
sveltekit-frontend/src/lib/services/tensorrt-quic-client.ts(200,20): error TS1109: Expression expected.
sveltekit-frontend/src/lib/services/tensorrt-quic-client.ts(209,9): error TS1434: Unexpected keyword or identifier.
sveltekit-frontend/src/lib/services/tensorrt-quic-client.ts(212,22): error TS1109: Expression expected.
sveltekit-frontend/src/lib/services/tensorrt-quic-client.ts(214,21): error TS1109: Expression expected.
sveltekit-frontend/src/lib/services/tensorrt-quic-client.ts(224,11): error TS1005: ')' expected.
sveltekit-frontend/src/lib/services/tensorrt-quic-client.ts(234,3): error TS1128: Declaration or statement expected.
sveltekit-frontend/src/lib/services/tensorrt-quic-client.ts(234,5): error TS1005: 'try' expected.
sveltekit-frontend/src/lib/services/tensorrt-quic-client.ts(239,2): error TS1128: Declaration or statement expected.
sveltekit-frontend/src/lib/services/tensorrt-quic-client.ts(243,2): error TS1434: Unexpected keyword or identifier.
sveltekit-frontend/src/lib/services/tensorrt-quic-client.ts(243,30): error TS1135: Argument expression expected.
sveltekit-frontend/src/lib/services/tensorrt-quic-client.ts(243,47): error TS1011: An element access expression should take an argument.
sveltekit-frontend/src/lib/services/tensorrt-quic-client.ts(243,49): error TS1005: ';' expected.
sveltekit-frontend/src/lib/services/tensorrt-quic-client.ts(243,75): error TS1011: An element access expression should take an argument.
sveltekit-frontend/src/lib/services/tensorrt-quic-client.ts(244,9): error TS1005: ':' expected.
sveltekit-frontend/src/lib/services/tensorrt-quic-client.ts(244,38): error TS1005: ',' expected.
sveltekit-frontend/src/lib/services/tensorrt-quic-client.ts(245,7): error TS1005: ':' expected.
sveltekit-frontend/src/lib/services/tensorrt-quic-client.ts(246,10): error TS1005: ':' expected.
sveltekit-frontend/src/lib/services/tensorrt-quic-client.ts(252,27): error TS1136: Property assignment expected.
sveltekit-frontend/src/lib/services/tensorrt-quic-client.ts(263,6): error TS1005: ',' expected.
sveltekit-frontend/src/lib/services/tensorrt-quic-client.ts(264,8): error TS1003: Identifier expected.
sveltekit-frontend/src/lib/services/tensorrt-quic-client.ts(264,18): error TS1138: Parameter declaration expected.
sveltekit-frontend/src/lib/services/tensorrt-quic-client.ts(264,22): error TS1005: ',' expected.
sveltekit-frontend/src/lib/services/tensorrt-quic-client.ts(264,24): error TS1136: Property assignment expected.
sveltekit-frontend/src/lib/services/tensorrt-quic-client.ts(272,3): error TS1128: Declaration or statement expected.
sveltekit-frontend/src/lib/services/tensorrt-quic-client.ts(272,5): error TS1005: 'try' expected.
sveltekit-frontend/src/lib/services/tensorrt-quic-client.ts(276,2): error TS1128: Declaration or statement expected.
sveltekit-frontend/src/lib/services/tensorrt-quic-client.ts(280,2): error TS1434: Unexpected keyword or identifier.
sveltekit-frontend/src/lib/services/tensorrt-quic-client.ts(280,21): error TS1109: Expression expected.
sveltekit-frontend/src/lib/services/tensorrt-quic-client.ts(281,7): error TS1005: ':' expected.
sveltekit-frontend/src/lib/services/tensorrt-quic-client.ts(283,11): error TS1005: ':' expected.
sveltekit-frontend/src/lib/services/tensorrt-quic-client.ts(283,32): error TS1005: ',' expected.
sveltekit-frontend/src/lib/services/tensorrt-quic-client.ts(284,5): error TS1005: ',' expected.
sveltekit-frontend/src/lib/services/tensorrt-quic-client.ts(292,2): error TS1128: Declaration or statement expected.
sveltekit-frontend/src/lib/services/tensorrt-quic-client.ts(292,10): error TS1434: Unexpected keyword or identifier.
sveltekit-frontend/src/lib/services/tensorrt-quic-client.ts(292,36): error TS1135: Argument expression expected.
sveltekit-frontend/src/lib/services/tensorrt-quic-client.ts(292,54): error TS1005: ',' expected.
sveltekit-frontend/src/lib/services/tensorrt-quic-client.ts(292,73): error TS1005: ';' expected.
sveltekit-frontend/src/lib/services/tensorrt-quic-client.ts(293,9): error TS1005: ':' expected.
sveltekit-frontend/src/lib/services/tensorrt-quic-client.ts(293,40): error TS1005: ',' expected.
sveltekit-frontend/src/lib/services/tensorrt-quic-client.ts(295,9): error TS1005: ':' expected.
sveltekit-frontend/src/lib/services/tensorrt-quic-client.ts(306,3): error TS1005: ',' expected.
sveltekit-frontend/src/lib/services/tensorrt-quic-client.ts(306,10): error TS1005: ':' expected.
sveltekit-frontend/src/lib/services/tensorrt-quic-client.ts(306,38): error TS1005: ',' expected.
sveltekit-frontend/src/lib/services/tensorrt-quic-client.ts(311,2): error TS1128: Declaration or statement expected.
sveltekit-frontend/src/lib/services/tensorrt-quic-client.ts(311,32): error TS1135: Argument expression expected.
sveltekit-frontend/src/lib/services/tensorrt-quic-client.ts(311,50): error TS1005: ',' expected.
sveltekit-frontend/src/lib/services/tensorrt-quic-client.ts(311,61): error TS1005: ';' expected.
sveltekit-frontend/src/lib/services/tensorrt-quic-client.ts(312,7): error TS1005: ':' expected.
sveltekit-frontend/src/lib/services/tensorrt-quic-client.ts(312,25): error TS1109: Expression expected.
sveltekit-frontend/src/lib/services/tensorrt-quic-client.ts(312,26): error TS1136: Property assignment expected.
sveltekit-frontend/src/lib/services/tensorrt-quic-client.ts(312,27): error TS1109: Expression expected.
sveltekit-frontend/src/lib/services/tensorrt-quic-client.ts(319,62): error TS1134: Variable declaration expected.
sveltekit-frontend/src/lib/services/tensorrt-quic-client.ts(321,22): error TS1109: Expression expected.
sveltekit-frontend/src/lib/services/tensorrt-quic-client.ts(333,5): error TS1005: ')' expected.
sveltekit-frontend/src/lib/services/tensorrt-quic-client.ts(334,2): error TS1128: Declaration or statement expected.
sveltekit-frontend/src/lib/services/tensorrt-quic-client.ts(338,2): error TS1128: Declaration or statement expected.
sveltekit-frontend/src/lib/services/tensorrt-quic-client.ts(338,29): error TS1109: Expression expected.
sveltekit-frontend/src/lib/services/tensorrt-quic-client.ts(339,22): error TS1138: Parameter declaration expected.
sveltekit-frontend/src/lib/services/tensorrt-quic-client.ts(339,26): error TS1005: '(' expected.
sveltekit-frontend/src/lib/services/tensorrt-quic-client.ts(345,5): error TS1136: Property assignment expected.
sveltekit-frontend/src/lib/services/tensorrt-quic-client.ts(345,7): error TS1472: 'catch' or 'finally' expected.
sveltekit-frontend/src/lib/services/tensorrt-quic-client.ts(351,7): error TS1005: ')' expected.
sveltekit-frontend/src/lib/services/tensorrt-quic-client.ts(352,6): error TS1005: ';' expected.
sveltekit-frontend/src/lib/services/tensorrt-quic-client.ts(356,7): error TS1005: ')' expected.
sveltekit-frontend/src/lib/services/tensorrt-quic-client.ts(358,3): error TS1128: Declaration or statement expected.
sveltekit-frontend/src/lib/services/tensorrt-quic-client.ts(358,4): error TS1128: Declaration or statement expected.
sveltekit-frontend/src/lib/services/tensorrt-quic-client.ts(358,11): error TS1005: ';' expected.
sveltekit-frontend/src/lib/services/tensorrt-quic-client.ts(359,2): error TS1128: Declaration or statement expected.
sveltekit-frontend/src/lib/services/tensorrt-quic-client.ts(363,2): error TS1128: Declaration or statement expected.
sveltekit-frontend/src/lib/services/tensorrt-quic-client.ts(363,30): error TS1109: Expression expected.
sveltekit-frontend/src/lib/services/tensorrt-quic-client.ts(363,32): error TS1434: Unexpected keyword or identifier.
sveltekit-frontend/src/lib/services/tensorrt-quic-client.ts(366,1): error TS1128: Declaration or statement expected.
sveltekit-frontend/src/lib/services/test-caching-integration.ts(9,1): error TS1128: Declaration or statement expected.
sveltekit-frontend/src/lib/services/test-caching-integration.ts(75,8): error TS1005: ',' expected.
sveltekit-frontend/src/lib/services/test-caching-integration.ts(82,25): error TS1109: Expression expected.
sveltekit-frontend/src/lib/services/test-caching-integration.ts(82,34): error TS1005: ',' expected.
sveltekit-frontend/src/lib/services/test-caching-integration.ts(82,35): error TS1136: Property assignment expected.
sveltekit-frontend/src/lib/services/test-caching-integration.ts(118,9): error TS1135: Argument expression expected.
sveltekit-frontend/src/lib/services/test-caching-integration.ts(126,25): error TS1109: Expression expected.
sveltekit-frontend/src/lib/services/test-caching-integration.ts(126,34): error TS1005: ',' expected.
sveltekit-frontend/src/lib/services/test-caching-integration.ts(126,35): error TS1136: Property assignment expected.
sveltekit-frontend/src/lib/services/test-caching-integration.ts(163,29): error TS1128: Declaration or statement expected.
sveltekit-frontend/src/lib/services/test-caching-integration.ts(165,6): error TS1128: Declaration or statement expected.
sveltekit-frontend/src/lib/services/test-caching-integration.ts(165,8): error TS1128: Declaration or statement expected.
sveltekit-frontend/src/lib/services/test-caching-integration.ts(169,29): error TS1128: Declaration or statement expected.
sveltekit-frontend/src/lib/services/test-caching-integration.ts(171,6): error TS1128: Declaration or statement expected.
sveltekit-frontend/src/lib/services/test-caching-integration.ts(171,8): error TS1128: Declaration or statement expected.
sveltekit-frontend/src/lib/services/test-caching-integration.ts(194,25): error TS1109: Expression expected.
sveltekit-frontend/src/lib/services/test-caching-integration.ts(194,34): error TS1005: ',' expected.
sveltekit-frontend/src/lib/services/test-caching-integration.ts(194,35): error TS1136: Property assignment expected.
sveltekit-frontend/src/lib/services/test-caching-integration.ts(247,25): error TS1109: Expression expected.
sveltekit-frontend/src/lib/services/test-caching-integration.ts(247,34): error TS1005: ',' expected.
sveltekit-frontend/src/lib/services/test-caching-integration.ts(247,35): error TS1136: Property assignment expected.
sveltekit-frontend/src/lib/services/test-caching-integration.ts(292,25): error TS1109: Expression expected.
sveltekit-frontend/src/lib/services/test-caching-integration.ts(292,34): error TS1005: ',' expected.
sveltekit-frontend/src/lib/services/test-caching-integration.ts(292,35): error TS1136: Property assignment expected.
sveltekit-frontend/src/lib/services/test-caching-integration.ts(319,9): error TS1134: Variable declaration expected.
sveltekit-frontend/src/lib/services/test-caching-integration.ts(342,25): error TS1109: Expression expected.
sveltekit-frontend/src/lib/services/test-caching-integration.ts(342,34): error TS1005: ',' expected.
sveltekit-frontend/src/lib/services/test-caching-integration.ts(342,35): error TS1136: Property assignment expected.
sveltekit-frontend/src/lib/services/test-caching-integration.ts(371,25): error TS1109: Expression expected.
sveltekit-frontend/src/lib/services/test-caching-integration.ts(371,34): error TS1005: ',' expected.
sveltekit-frontend/src/lib/services/test-caching-integration.ts(371,35): error TS1136: Property assignment expected.
sveltekit-frontend/src/lib/services/toast-service.ts(5,1): error TS1128: Declaration or statement expected.
sveltekit-frontend/src/lib/services/toast-service.ts(61,77): error TS1005: ')' expected.
sveltekit-frontend/src/lib/services/toast-service.ts(68,92): error TS1005: ')' expected.
sveltekit-frontend/src/lib/services/toast-service.ts(127,6): error TS1005: ')' expected.
sveltekit-frontend/src/lib/services/types.ts(6,1): error TS1128: Declaration or statement expected.
sveltekit-frontend/src/lib/services/types.ts(13,1): error TS1128: Declaration or statement expected.
sveltekit-frontend/src/lib/services/types.ts(18,1): error TS1128: Declaration or statement expected.
sveltekit-frontend/src/lib/services/types.ts(26,1): error TS1128: Declaration or statement expected.
sveltekit-frontend/src/lib/services/types.ts(33,1): error TS1128: Declaration or statement expected.
sveltekit-frontend/src/lib/services/types.ts(41,1): error TS1128: Declaration or statement expected.
sveltekit-frontend/src/lib/services/types.ts(50,1): error TS1128: Declaration or statement expected.
sveltekit-frontend/src/lib/services/types.ts(59,1): error TS1128: Declaration or statement expected.
sveltekit-frontend/src/lib/services/types.ts(66,1): error TS1128: Declaration or statement expected.
sveltekit-frontend/src/lib/services/types.ts(97,1): error TS1128: Declaration or statement expected.
sveltekit-frontend/src/lib/services/types.ts(106,1): error TS1128: Declaration or statement expected.
sveltekit-frontend/src/lib/services/types.ts(111,1): error TS1128: Declaration or statement expected.
sveltekit-frontend/src/lib/services/types.ts(117,1): error TS1128: Declaration or statement expected.
sveltekit-frontend/src/lib/services/types.ts(122,1): error TS1128: Declaration or statement expected.
sveltekit-frontend/src/lib/services/types.ts(127,1): error TS1128: Declaration or statement expected.
sveltekit-frontend/src/lib/services/types.ts(133,1): error TS1128: Declaration or statement expected.
sveltekit-frontend/src/lib/services/types.ts(139,1): error TS1128: Declaration or statement expected.
sveltekit-frontend/src/lib/services/types.ts(145,1): error TS1128: Declaration or statement expected.
sveltekit-frontend/src/lib/services/types.ts(152,1): error TS1128: Declaration or statement expected.
sveltekit-frontend/src/lib/services/types.ts(160,1): error TS1128: Declaration or statement expected.
sveltekit-frontend/src/lib/services/types.ts(262,3): error TS1109: Expression expected.
sveltekit-frontend/src/lib/services/types.ts(263,3): error TS1109: Expression expected.
sveltekit-frontend/src/lib/services/types.ts(269,3): error TS1109: Expression expected.
sveltekit-frontend/src/lib/services/types.ts(270,3): error TS1109: Expression expected.
sveltekit-frontend/src/lib/services/types.ts(278,3): error TS1109: Expression expected.
sveltekit-frontend/src/lib/services/types.ts(279,3): error TS1109: Expression expected.
sveltekit-frontend/src/lib/services/types.ts(283,3): error TS1109: Expression expected.
sveltekit-frontend/src/lib/services/types.ts(284,3): error TS1109: Expression expected.
sveltekit-frontend/src/lib/services/types.ts(289,3): error TS1109: Expression expected.
sveltekit-frontend/src/lib/services/types.ts(290,3): error TS1109: Expression expected.
sveltekit-frontend/src/lib/services/types/quic-types.ts(10,1): error TS1128: Declaration or statement expected.
sveltekit-frontend/src/lib/services/types/quic-types.ts(69,1): error TS1128: Declaration or statement expected.
sveltekit-frontend/src/lib/services/types/quic-types.ts(81,3): error TS1109: Expression expected.
sveltekit-frontend/src/lib/services/types/quic-types.ts(82,3): error TS1109: Expression expected.
sveltekit-frontend/src/lib/services/types/quic-types.ts(83,1): error TS1128: Declaration or statement expected.
sveltekit-frontend/src/lib/services/types/service-types.ts(48,1): error TS1128: Declaration or statement expected.
sveltekit-frontend/src/lib/services/types/service-types.ts(76,1): error TS1128: Declaration or statement expected.
sveltekit-frontend/src/lib/services/types/service-types.ts(92,1): error TS1128: Declaration or statement expected.
sveltekit-frontend/src/lib/services/types/service-types.ts(112,1): error TS1128: Declaration or statement expected.
sveltekit-frontend/src/lib/services/types/service-types.ts(142,1): error TS1128: Declaration or statement expected.
sveltekit-frontend/src/lib/services/types/service-types.ts(164,1): error TS1128: Declaration or statement expected.
sveltekit-frontend/src/lib/services/types/service-types.ts(198,1): error TS1131: Property or signature expected.
sveltekit-frontend/src/lib/services/types/service-types.ts(206,1): error TS1128: Declaration or statement expected.
sveltekit-frontend/src/lib/services/types/service-types.ts(238,1): error TS1128: Declaration or statement expected.
sveltekit-frontend/src/lib/services/unified-health-orchestrator.ts(11,1): error TS1128: Declaration or statement expected.
sveltekit-frontend/src/lib/services/unified-health-orchestrator.ts(76,4): error TS1005: ',' expected.
sveltekit-frontend/src/lib/services/unified-health-orchestrator.ts(76,5): error TS1005: ',' expected.
sveltekit-frontend/src/lib/services/unified-health-orchestrator.ts(77,10): error TS1005: ':' expected.
sveltekit-frontend/src/lib/services/unified-health-orchestrator.ts(78,3): error TS1005: ',' expected.
sveltekit-frontend/src/lib/services/unified-health-orchestrator.ts(78,4): error TS1134: Variable declaration expected.
sveltekit-frontend/src/lib/services/unified-health-orchestrator.ts(79,30): error TS1134: Variable declaration expected.
sveltekit-frontend/src/lib/services/unified-health-orchestrator.ts(85,33): error TS1137: Expression or comma expected.
sveltekit-frontend/src/lib/services/unified-health-orchestrator.ts(90,3): error TS1128: Declaration or statement expected.
sveltekit-frontend/src/lib/services/unified-health-orchestrator.ts(90,4): error TS1128: Declaration or statement expected.
sveltekit-frontend/src/lib/services/unified-health-orchestrator.ts(115,82): error TS1109: Expression expected.
sveltekit-frontend/src/lib/services/unified-health-orchestrator.ts(115,91): error TS1005: ',' expected.
sveltekit-frontend/src/lib/services/unified-health-orchestrator.ts(115,92): error TS1136: Property assignment expected.
sveltekit-frontend/src/lib/services/unified-health-orchestrator.ts(120,25): error TS1109: Expression expected.
sveltekit-frontend/src/lib/services/unified-health-orchestrator.ts(136,12): error TS1109: Expression expected.
sveltekit-frontend/src/lib/services/unified-health-orchestrator.ts(144,47): error TS1005: ';' expected.
sveltekit-frontend/src/lib/services/unified-health-orchestrator.ts(145,2): error TS1128: Declaration or statement expected.
sveltekit-frontend/src/lib/services/unified-health-orchestrator.ts(145,3): error TS1128: Declaration or statement expected.
sveltekit-frontend/src/lib/services/unified-health-orchestrator.ts(146,1): error TS1128: Declaration or statement expected.
sveltekit-frontend/src/lib/services/unified-health-orchestrator.ts(149,19): error TS1109: Expression expected.
sveltekit-frontend/src/lib/services/unified-health-orchestrator.ts(149,28): error TS1005: ',' expected.
sveltekit-frontend/src/lib/services/unified-health-orchestrator.ts(149,29): error TS1136: Property assignment expected.
sveltekit-frontend/src/lib/services/unified-health-orchestrator.ts(150,18): error TS1109: Expression expected.
sveltekit-frontend/src/lib/services/unified-health-orchestrator.ts(150,27): error TS1005: ',' expected.
sveltekit-frontend/src/lib/services/unified-health-orchestrator.ts(150,28): error TS1136: Property assignment expected.
sveltekit-frontend/src/lib/services/unified-health-orchestrator.ts(205,5): error TS1135: Argument expression expected.
sveltekit-frontend/src/lib/services/unified-health-orchestrator.ts(209,17): error TS1136: Property assignment expected.
sveltekit-frontend/src/lib/services/unified-health-orchestrator.ts(210,16): error TS1137: Expression or comma expected.
sveltekit-frontend/src/lib/services/unified-health-orchestrator.ts(211,14): error TS1137: Expression or comma expected.
sveltekit-frontend/src/lib/services/unified-health-orchestrator.ts(212,18): error TS1137: Expression or comma expected.
sveltekit-frontend/src/lib/services/unified-health-orchestrator.ts(213,14): error TS1137: Expression or comma expected.
sveltekit-frontend/src/lib/services/unified-health-orchestrator.ts(214,18): error TS1137: Expression or comma expected.
sveltekit-frontend/src/lib/services/unified-health-orchestrator.ts(215,7): error TS1137: Expression or comma expected.
sveltekit-frontend/src/lib/services/unified-health-orchestrator.ts(215,34): error TS1109: Expression expected.
sveltekit-frontend/src/lib/services/unified-health-orchestrator.ts(215,35): error TS1135: Argument expression expected.
sveltekit-frontend/src/lib/services/unified-health-orchestrator.ts(216,6): error TS1135: Argument expression expected.
sveltekit-frontend/src/lib/services/unified-health-orchestrator.ts(216,7): error TS1005: ',' expected.
sveltekit-frontend/src/lib/services/unified-health-orchestrator.ts(217,5): error TS1128: Declaration or statement expected.
sveltekit-frontend/src/lib/services/unified-health-orchestrator.ts(218,4): error TS1128: Declaration or statement expected.
sveltekit-frontend/src/lib/services/unified-health-orchestrator.ts(219,3): error TS1128: Declaration or statement expected.
sveltekit-frontend/src/lib/services/unified-health-orchestrator.ts(219,4): error TS1128: Declaration or statement expected.
sveltekit-frontend/src/lib/services/unified-health-orchestrator.ts(229,11): error TS1109: Expression expected.
sveltekit-frontend/src/lib/services/unified-health-orchestrator.ts(231,9): error TS1109: Expression expected.
sveltekit-frontend/src/lib/services/unified-health-orchestrator.ts(240,11): error TS1109: Expression expected.
sveltekit-frontend/src/lib/services/unified-health-orchestrator.ts(241,5): error TS1128: Declaration or statement expected.
sveltekit-frontend/src/lib/services/unified-health-orchestrator.ts(245,14): error TS1109: Expression expected.
sveltekit-frontend/src/lib/services/unified-health-orchestrator.ts(248,6): error TS1128: Declaration or statement expected.
sveltekit-frontend/src/lib/services/unified-health-orchestrator.ts(256,5): error TS1135: Argument expression expected.
sveltekit-frontend/src/lib/services/unified-health-orchestrator.ts(256,6): error TS1128: Declaration or statement expected.
sveltekit-frontend/src/lib/services/unified-health-orchestrator.ts(259,14): error TS1109: Expression expected.
sveltekit-frontend/src/lib/services/unified-health-orchestrator.ts(275,5): error TS1135: Argument expression expected.
sveltekit-frontend/src/lib/services/unified-health-orchestrator.ts(275,6): error TS1128: Declaration or statement expected.
sveltekit-frontend/src/lib/services/unified-health-orchestrator.ts(292,6): error TS1128: Declaration or statement expected.
sveltekit-frontend/src/lib/services/unified-health-orchestrator.ts(297,5): error TS1135: Argument expression expected.
sveltekit-frontend/src/lib/services/unified-health-orchestrator.ts(297,6): error TS1128: Declaration or statement expected.
sveltekit-frontend/src/lib/services/unified-health-orchestrator.ts(300,4): error TS1128: Declaration or statement expected.
sveltekit-frontend/src/lib/services/unified-health-orchestrator.ts(304,9): error TS1109: Expression expected.
sveltekit-frontend/src/lib/services/unified-health-orchestrator.ts(305,11): error TS1109: Expression expected.
sveltekit-frontend/src/lib/services/unified-health-orchestrator.ts(306,12): error TS1109: Expression expected.
sveltekit-frontend/src/lib/services/unified-health-orchestrator.ts(308,14): error TS1109: Expression expected.
sveltekit-frontend/src/lib/services/unified-health-orchestrator.ts(312,5): error TS1135: Argument expression expected.
sveltekit-frontend/src/lib/services/unified-health-orchestrator.ts(312,6): error TS1128: Declaration or statement expected.
sveltekit-frontend/src/lib/services/unified-health-orchestrator.ts(315,14): error TS1109: Expression expected.
sveltekit-frontend/src/lib/services/unified-health-orchestrator.ts(327,5): error TS1135: Argument expression expected.
sveltekit-frontend/src/lib/services/unified-health-orchestrator.ts(329,4): error TS1128: Declaration or statement expected.
sveltekit-frontend/src/lib/services/unified-health-orchestrator.ts(333,9): error TS1109: Expression expected.
sveltekit-frontend/src/lib/services/unified-health-orchestrator.ts(334,11): error TS1109: Expression expected.
sveltekit-frontend/src/lib/services/unified-health-orchestrator.ts(335,12): error TS1109: Expression expected.
sveltekit-frontend/src/lib/services/unified-health-orchestrator.ts(337,14): error TS1109: Expression expected.
sveltekit-frontend/src/lib/services/unified-health-orchestrator.ts(344,11): error TS1005: ')' expected.
sveltekit-frontend/src/lib/services/unified-health-orchestrator.ts(348,6): error TS1128: Declaration or statement expected.
sveltekit-frontend/src/lib/services/unified-health-orchestrator.ts(351,14): error TS1109: Expression expected.
sveltekit-frontend/src/lib/services/unified-health-orchestrator.ts(363,5): error TS1135: Argument expression expected.
sveltekit-frontend/src/lib/services/unified-health-orchestrator.ts(365,4): error TS1128: Declaration or statement expected.
sveltekit-frontend/src/lib/services/unified-health-orchestrator.ts(373,8): error TS1128: Declaration or statement expected.
sveltekit-frontend/src/lib/services/unified-health-orchestrator.ts(374,8): error TS1109: Expression expected.
sveltekit-frontend/src/lib/services/unified-health-orchestrator.ts(374,36): error TS1005: ',' expected.
sveltekit-frontend/src/lib/services/unified-health-orchestrator.ts(375,7): error TS1137: Expression or comma expected.
sveltekit-frontend/src/lib/services/unified-health-orchestrator.ts(379,5): error TS1128: Declaration or statement expected.
sveltekit-frontend/src/lib/services/unified-health-orchestrator.ts(380,4): error TS1128: Declaration or statement expected.
sveltekit-frontend/src/lib/services/unified-health-orchestrator.ts(380,5): error TS1128: Declaration or statement expected.
sveltekit-frontend/src/lib/services/unified-health-orchestrator.ts(384,14): error TS1109: Expression expected.
sveltekit-frontend/src/lib/services/unified-health-orchestrator.ts(387,5): error TS1135: Argument expression expected.
sveltekit-frontend/src/lib/services/unified-health-orchestrator.ts(387,6): error TS1128: Declaration or statement expected.
sveltekit-frontend/src/lib/services/unified-health-orchestrator.ts(389,21): error TS1109: Expression expected.
sveltekit-frontend/src/lib/services/unified-health-orchestrator.ts(390,5): error TS1128: Declaration or statement expected.
sveltekit-frontend/src/lib/services/unified-health-orchestrator.ts(392,11): error TS1109: Expression expected.
sveltekit-frontend/src/lib/services/unified-health-orchestrator.ts(394,12): error TS1109: Expression expected.
sveltekit-frontend/src/lib/services/unified-health-orchestrator.ts(397,3): error TS1128: Declaration or statement expected.
sveltekit-frontend/src/lib/services/unified-health-orchestrator.ts(397,4): error TS1128: Declaration or statement expected.
sveltekit-frontend/src/lib/services/unified-health-orchestrator.ts(400,11): error TS1109: Expression expected.
sveltekit-frontend/src/lib/services/unified-health-orchestrator.ts(402,9): error TS1109: Expression expected.
sveltekit-frontend/src/lib/services/unified-health-orchestrator.ts(403,11): error TS1109: Expression expected.
sveltekit-frontend/src/lib/services/unified-health-orchestrator.ts(406,7): error TS1128: Declaration or statement expected.
sveltekit-frontend/src/lib/services/unified-health-orchestrator.ts(406,54): error TS1005: ';' expected.
sveltekit-frontend/src/lib/services/unified-health-orchestrator.ts(407,53): error TS1005: ';' expected.
sveltekit-frontend/src/lib/services/unified-health-orchestrator.ts(409,12): error TS1109: Expression expected.
sveltekit-frontend/src/lib/services/unified-health-orchestrator.ts(411,14): error TS1109: Expression expected.
sveltekit-frontend/src/lib/services/unified-health-orchestrator.ts(416,6): error TS1128: Declaration or statement expected.
sveltekit-frontend/src/lib/services/unified-health-orchestrator.ts(419,14): error TS1109: Expression expected.
sveltekit-frontend/src/lib/services/unified-health-orchestrator.ts(431,5): error TS1135: Argument expression expected.
sveltekit-frontend/src/lib/services/unified-health-orchestrator.ts(433,4): error TS1128: Declaration or statement expected.
sveltekit-frontend/src/lib/services/unified-health-orchestrator.ts(436,7): error TS1109: Expression expected.
sveltekit-frontend/src/lib/services/unified-health-orchestrator.ts(438,18): error TS1109: Expression expected.
sveltekit-frontend/src/lib/services/unified-health-orchestrator.ts(440,14): error TS1109: Expression expected.
sveltekit-frontend/src/lib/services/unified-health-orchestrator.ts(441,5): error TS1135: Argument expression expected.
sveltekit-frontend/src/lib/services/unified-health-orchestrator.ts(444,2): error TS1128: Declaration or statement expected.
sveltekit-frontend/src/lib/services/unified-health-orchestrator.ts(445,1): error TS1128: Declaration or statement expected.
sveltekit-frontend/src/lib/services/unified-health-orchestrator.ts(445,2): error TS1128: Declaration or statement expected.
sveltekit-frontend/src/lib/services/unified-health-orchestrator.ts(555,77): error TS1005: '>' expected.
sveltekit-frontend/src/lib/services/unified-health-orchestrator.ts(555,78): error TS1109: Expression expected.
sveltekit-frontend/src/lib/services/unified-health-orchestrator.ts(555,79): error TS1109: Expression expected.
sveltekit-frontend/src/lib/services/unified-health-orchestrator.ts(562,50): error TS1128: Declaration or statement expected.
sveltekit-frontend/src/lib/services/unified-health-orchestrator.ts(570,5): error TS1005: ',' expected.
sveltekit-frontend/src/lib/services/unified-health-orchestrator.ts(572,57): error TS1005: ')' expected.
sveltekit-frontend/src/lib/services/unified-health-orchestrator.ts(573,4): error TS1068: Unexpected token. A constructor, method, accessor, or property was expected.
sveltekit-frontend/src/lib/services/unified-health-orchestrator.ts(574,3): error TS1068: Unexpected token. A constructor, method, accessor, or property was expected.
sveltekit-frontend/src/lib/services/unified-health-orchestrator.ts(575,2): error TS1128: Declaration or statement expected.
sveltekit-frontend/src/lib/services/unified-health-orchestrator.ts(576,10): error TS1109: Expression expected.
sveltekit-frontend/src/lib/services/unified-health-orchestrator.ts(577,7): error TS1005: ':' expected.
sveltekit-frontend/src/lib/services/unified-health-orchestrator.ts(577,49): error TS1005: ',' expected.
sveltekit-frontend/src/lib/services/unified-health-orchestrator.ts(579,9): error TS1109: Expression expected.
sveltekit-frontend/src/lib/services/unified-health-orchestrator.ts(580,7): error TS1005: ':' expected.
sveltekit-frontend/src/lib/services/unified-health-orchestrator.ts(580,48): error TS1005: ',' expected.
sveltekit-frontend/src/lib/services/unified-health-orchestrator.ts(582,21): error TS1135: Argument expression expected.
sveltekit-frontend/src/lib/services/unified-health-orchestrator.ts(582,59): error TS1109: Expression expected.
sveltekit-frontend/src/lib/services/unified-health-orchestrator.ts(582,60): error TS1005: ';' expected.
sveltekit-frontend/src/lib/services/unified-health-orchestrator.ts(583,7): error TS1005: ':' expected.
sveltekit-frontend/src/lib/services/unified-health-orchestrator.ts(583,33): error TS1005: ',' expected.
sveltekit-frontend/src/lib/services/unified-health-orchestrator.ts(584,12): error TS1005: '{' expected.
sveltekit-frontend/src/lib/services/unified-health-orchestrator.ts(584,14): error TS1136: Property assignment expected.
sveltekit-frontend/src/lib/services/unified-health-orchestrator.ts(584,22): error TS1005: ',' expected.
sveltekit-frontend/src/lib/services/unified-health-orchestrator.ts(584,52): error TS1005: ',' expected.
sveltekit-frontend/src/lib/services/unified-health-orchestrator.ts(587,10): error TS1005: ':' expected.
sveltekit-frontend/src/lib/services/unified-health-orchestrator.ts(587,35): error TS1005: ',' expected.
sveltekit-frontend/src/lib/services/unified-health-orchestrator.ts(589,2): error TS1128: Declaration or statement expected.
sveltekit-frontend/src/lib/services/unified-health-orchestrator.ts(589,42): error TS1135: Argument expression expected.
sveltekit-frontend/src/lib/services/unified-health-orchestrator.ts(589,48): error TS1005: ';' expected.
sveltekit-frontend/src/lib/services/unified-health-orchestrator.ts(589,88): error TS1005: ';' expected.
sveltekit-frontend/src/lib/services/unified-health-orchestrator.ts(597,2): error TS1128: Declaration or statement expected.
sveltekit-frontend/src/lib/services/unified-health-orchestrator.ts(597,34): error TS1135: Argument expression expected.
sveltekit-frontend/src/lib/services/unified-health-orchestrator.ts(597,64): error TS1005: ';' expected.
sveltekit-frontend/src/lib/services/unified-health-orchestrator.ts(597,66): error TS1434: Unexpected keyword or identifier.
sveltekit-frontend/src/lib/services/unified-health-orchestrator.ts(612,12): error TS1109: Expression expected.
sveltekit-frontend/src/lib/services/unified-health-orchestrator.ts(613,7): error TS1005: ':' expected.
sveltekit-frontend/src/lib/services/unified-health-orchestrator.ts(613,21): error TS1005: ',' expected.
sveltekit-frontend/src/lib/services/unified-health-orchestrator.ts(614,7): error TS1005: ':' expected.
sveltekit-frontend/src/lib/services/unified-health-orchestrator.ts(614,21): error TS1005: ',' expected.
sveltekit-frontend/src/lib/services/unified-health-orchestrator.ts(615,7): error TS1005: ':' expected.
sveltekit-frontend/src/lib/services/unified-health-orchestrator.ts(615,27): error TS1005: ',' expected.
sveltekit-frontend/src/lib/services/unified-health-orchestrator.ts(617,1): error TS1128: Declaration or statement expected.
sveltekit-frontend/src/lib/services/unified-legal-orchestrator.ts(8,1): error TS1128: Declaration or statement expected.
sveltekit-frontend/src/lib/services/unified-legal-orchestrator.ts(102,61): error TS1109: Expression expected.
sveltekit-frontend/src/lib/services/unified-legal-orchestrator.ts(102,63): error TS1109: Expression expected.
sveltekit-frontend/src/lib/services/unified-legal-orchestrator.ts(123,81): error TS1136: Property assignment expected.
sveltekit-frontend/src/lib/services/unified-legal-orchestrator.ts(123,82): error TS1109: Expression expected.
sveltekit-frontend/src/lib/services/unified-legal-orchestrator.ts(125,28): error TS1109: Expression expected.
sveltekit-frontend/src/lib/services/unified-legal-orchestrator.ts(125,59): error TS1109: Expression expected.
sveltekit-frontend/src/lib/services/unified-legal-orchestrator.ts(126,24): error TS1109: Expression expected.
sveltekit-frontend/src/lib/services/unified-legal-orchestrator.ts(127,22): error TS1109: Expression expected.
sveltekit-frontend/src/lib/services/unified-legal-orchestrator.ts(131,3): error TS1128: Declaration or statement expected.
sveltekit-frontend/src/lib/services/unified-legal-orchestrator.ts(131,36): error TS1135: Argument expression expected.
sveltekit-frontend/src/lib/services/unified-legal-orchestrator.ts(131,65): error TS1005: ',' expected.
sveltekit-frontend/src/lib/services/unified-legal-orchestrator.ts(131,86): error TS1005: ',' expected.
sveltekit-frontend/src/lib/services/unified-legal-orchestrator.ts(131,111): error TS1005: ',' expected.
sveltekit-frontend/src/lib/services/unified-legal-orchestrator.ts(131,121): error TS1011: An element access expression should take an argument.
sveltekit-frontend/src/lib/services/unified-legal-orchestrator.ts(131,123): error TS1005: ';' expected.
sveltekit-frontend/src/lib/services/unified-legal-orchestrator.ts(131,125): error TS1434: Unexpected keyword or identifier.
sveltekit-frontend/src/lib/services/unified-legal-orchestrator.ts(163,3): error TS1128: Declaration or statement expected.
sveltekit-frontend/src/lib/services/unified-legal-orchestrator.ts(163,38): error TS1135: Argument expression expected.
sveltekit-frontend/src/lib/services/unified-legal-orchestrator.ts(163,67): error TS1005: ',' expected.
sveltekit-frontend/src/lib/services/unified-legal-orchestrator.ts(163,88): error TS1005: ',' expected.
sveltekit-frontend/src/lib/services/unified-legal-orchestrator.ts(163,113): error TS1005: ',' expected.
sveltekit-frontend/src/lib/services/unified-legal-orchestrator.ts(163,123): error TS1011: An element access expression should take an argument.
sveltekit-frontend/src/lib/services/unified-legal-orchestrator.ts(163,125): error TS1005: ';' expected.
sveltekit-frontend/src/lib/services/unified-legal-orchestrator.ts(163,127): error TS1434: Unexpected keyword or identifier.
sveltekit-frontend/src/lib/services/unified-legal-orchestrator.ts(195,3): error TS1128: Declaration or statement expected.
sveltekit-frontend/src/lib/services/unified-legal-orchestrator.ts(195,40): error TS1135: Argument expression expected.
sveltekit-frontend/src/lib/services/unified-legal-orchestrator.ts(195,69): error TS1005: ',' expected.
sveltekit-frontend/src/lib/services/unified-legal-orchestrator.ts(195,90): error TS1005: ',' expected.
sveltekit-frontend/src/lib/services/unified-legal-orchestrator.ts(195,115): error TS1005: ',' expected.
sveltekit-frontend/src/lib/services/unified-legal-orchestrator.ts(195,125): error TS1011: An element access expression should take an argument.
sveltekit-frontend/src/lib/services/unified-legal-orchestrator.ts(195,127): error TS1005: ';' expected.
sveltekit-frontend/src/lib/services/unified-legal-orchestrator.ts(195,129): error TS1434: Unexpected keyword or identifier.
sveltekit-frontend/src/lib/services/unified-legal-orchestrator.ts(226,3): error TS1434: Unexpected keyword or identifier.
sveltekit-frontend/src/lib/services/unified-legal-orchestrator.ts(226,37): error TS1135: Argument expression expected.
sveltekit-frontend/src/lib/services/unified-legal-orchestrator.ts(226,64): error TS1005: ',' expected.
sveltekit-frontend/src/lib/services/unified-legal-orchestrator.ts(226,89): error TS1005: ';' expected.
sveltekit-frontend/src/lib/services/unified-legal-orchestrator.ts(227,11): error TS1005: ':' expected.
sveltekit-frontend/src/lib/services/unified-legal-orchestrator.ts(227,56): error TS1109: Expression expected.
sveltekit-frontend/src/lib/services/unified-legal-orchestrator.ts(227,59): error TS1005: ':' expected.
sveltekit-frontend/src/lib/services/unified-legal-orchestrator.ts(228,9): error TS1005: ',' expected.
sveltekit-frontend/src/lib/services/unified-legal-orchestrator.ts(228,47): error TS1005: ',' expected.
sveltekit-frontend/src/lib/services/unified-legal-orchestrator.ts(229,14): error TS1005: ',' expected.
sveltekit-frontend/src/lib/services/unified-legal-orchestrator.ts(229,23): error TS1109: Expression expected.
sveltekit-frontend/src/lib/services/unified-legal-orchestrator.ts(229,25): error TS1003: Identifier expected.
sveltekit-frontend/src/lib/services/unified-legal-orchestrator.ts(229,26): error TS1138: Parameter declaration expected.
sveltekit-frontend/src/lib/services/unified-legal-orchestrator.ts(229,37): error TS1005: ',' expected.
sveltekit-frontend/src/lib/services/unified-legal-orchestrator.ts(229,50): error TS1005: ',' expected.
sveltekit-frontend/src/lib/services/unified-legal-orchestrator.ts(229,61): error TS1005: ',' expected.
sveltekit-frontend/src/lib/services/unified-legal-orchestrator.ts(229,63): error TS1005: ';' expected.
sveltekit-frontend/src/lib/services/unified-legal-orchestrator.ts(229,66): error TS1109: Expression expected.
sveltekit-frontend/src/lib/services/unified-legal-orchestrator.ts(229,67): error TS1109: Expression expected.
sveltekit-frontend/src/lib/services/unified-legal-orchestrator.ts(234,40): error TS1109: Expression expected.
sveltekit-frontend/src/lib/services/unified-legal-orchestrator.ts(235,24): error TS1109: Expression expected.
sveltekit-frontend/src/lib/services/unified-legal-orchestrator.ts(242,3): error TS1128: Declaration or statement expected.
sveltekit-frontend/src/lib/services/unified-legal-orchestrator.ts(244,3): error TS1434: Unexpected keyword or identifier.
sveltekit-frontend/src/lib/services/unified-legal-orchestrator.ts(244,31): error TS1135: Argument expression expected.
sveltekit-frontend/src/lib/services/unified-legal-orchestrator.ts(244,54): error TS1005: ',' expected.
sveltekit-frontend/src/lib/services/unified-legal-orchestrator.ts(244,64): error TS1005: ';' expected.
sveltekit-frontend/src/lib/services/unified-legal-orchestrator.ts(246,7): error TS1128: Declaration or statement expected.
sveltekit-frontend/src/lib/services/unified-legal-orchestrator.ts(246,11): error TS1005: ':' expected.
sveltekit-frontend/src/lib/services/unified-legal-orchestrator.ts(247,9): error TS1109: Expression expected.
sveltekit-frontend/src/lib/services/unified-legal-orchestrator.ts(247,16): error TS1005: ':' expected.
sveltekit-frontend/src/lib/services/unified-legal-orchestrator.ts(247,49): error TS1005: ',' expected.
sveltekit-frontend/src/lib/services/unified-legal-orchestrator.ts(248,11): error TS1005: ':' expected.
sveltekit-frontend/src/lib/services/unified-legal-orchestrator.ts(249,9): error TS1109: Expression expected.
sveltekit-frontend/src/lib/services/unified-legal-orchestrator.ts(249,16): error TS1005: ':' expected.
sveltekit-frontend/src/lib/services/unified-legal-orchestrator.ts(249,57): error TS1005: ',' expected.
sveltekit-frontend/src/lib/services/unified-legal-orchestrator.ts(250,11): error TS1005: ':' expected.
sveltekit-frontend/src/lib/services/unified-legal-orchestrator.ts(251,9): error TS1109: Expression expected.
sveltekit-frontend/src/lib/services/unified-legal-orchestrator.ts(251,16): error TS1005: ':' expected.
sveltekit-frontend/src/lib/services/unified-legal-orchestrator.ts(251,58): error TS1005: ',' expected.
sveltekit-frontend/src/lib/services/unified-legal-orchestrator.ts(252,11): error TS1005: ':' expected.
sveltekit-frontend/src/lib/services/unified-legal-orchestrator.ts(253,9): error TS1109: Expression expected.
sveltekit-frontend/src/lib/services/unified-legal-orchestrator.ts(253,16): error TS1005: ':' expected.
sveltekit-frontend/src/lib/services/unified-legal-orchestrator.ts(253,56): error TS1005: ',' expected.
sveltekit-frontend/src/lib/services/unified-legal-orchestrator.ts(254,11): error TS1005: ':' expected.
sveltekit-frontend/src/lib/services/unified-legal-orchestrator.ts(255,9): error TS1109: Expression expected.
sveltekit-frontend/src/lib/services/unified-legal-orchestrator.ts(255,16): error TS1005: ':' expected.
sveltekit-frontend/src/lib/services/unified-legal-orchestrator.ts(255,51): error TS1005: ',' expected.
sveltekit-frontend/src/lib/services/unified-legal-orchestrator.ts(256,11): error TS1005: ':' expected.
sveltekit-frontend/src/lib/services/unified-legal-orchestrator.ts(257,9): error TS1109: Expression expected.
sveltekit-frontend/src/lib/services/unified-legal-orchestrator.ts(257,16): error TS1005: ':' expected.
sveltekit-frontend/src/lib/services/unified-legal-orchestrator.ts(257,49): error TS1005: ',' expected.
sveltekit-frontend/src/lib/services/unified-legal-orchestrator.ts(259,9): error TS1109: Expression expected.
sveltekit-frontend/src/lib/services/unified-legal-orchestrator.ts(259,14): error TS1005: ':' expected.
sveltekit-frontend/src/lib/services/unified-legal-orchestrator.ts(259,20): error TS1005: ':' expected.
sveltekit-frontend/src/lib/services/unified-legal-orchestrator.ts(259,60): error TS1005: ',' expected.
sveltekit-frontend/src/lib/services/unified-legal-orchestrator.ts(261,3): error TS1128: Declaration or statement expected.
sveltekit-frontend/src/lib/services/unified-legal-orchestrator.ts(263,3): error TS1434: Unexpected keyword or identifier.
sveltekit-frontend/src/lib/services/unified-legal-orchestrator.ts(263,31): error TS1135: Argument expression expected.
sveltekit-frontend/src/lib/services/unified-legal-orchestrator.ts(263,48): error TS1005: ';' expected.
sveltekit-frontend/src/lib/services/unified-legal-orchestrator.ts(264,11): error TS1005: ':' expected.
sveltekit-frontend/src/lib/services/unified-legal-orchestrator.ts(264,52): error TS1005: ',' expected.
sveltekit-frontend/src/lib/services/unified-legal-orchestrator.ts(265,11): error TS1005: ':' expected.
sveltekit-frontend/src/lib/services/unified-legal-orchestrator.ts(265,50): error TS1005: ',' expected.
sveltekit-frontend/src/lib/services/unified-legal-orchestrator.ts(266,9): error TS1003: Identifier expected.
sveltekit-frontend/src/lib/services/unified-legal-orchestrator.ts(269,5): error TS1005: ',' expected.
sveltekit-frontend/src/lib/services/unified-legal-orchestrator.ts(269,12): error TS1005: ':' expected.
sveltekit-frontend/src/lib/services/unified-legal-orchestrator.ts(269,19): error TS1005: ',' expected.
sveltekit-frontend/src/lib/services/unified-legal-orchestrator.ts(271,3): error TS1434: Unexpected keyword or identifier.
sveltekit-frontend/src/lib/services/unified-legal-orchestrator.ts(271,39): error TS1135: Argument expression expected.
sveltekit-frontend/src/lib/services/unified-legal-orchestrator.ts(271,56): error TS1005: ';' expected.
sveltekit-frontend/src/lib/services/unified-legal-orchestrator.ts(273,11): error TS1005: ':' expected.
sveltekit-frontend/src/lib/services/unified-legal-orchestrator.ts(273,61): error TS1005: ',' expected.
sveltekit-frontend/src/lib/services/unified-legal-orchestrator.ts(274,11): error TS1005: ':' expected.
sveltekit-frontend/src/lib/services/unified-legal-orchestrator.ts(278,7): error TS1005: ',' expected.
sveltekit-frontend/src/lib/services/unified-legal-orchestrator.ts(279,9): error TS1003: Identifier expected.
sveltekit-frontend/src/lib/services/unified-legal-orchestrator.ts(279,10): error TS1138: Parameter declaration expected.
sveltekit-frontend/src/lib/services/unified-legal-orchestrator.ts(279,65): error TS1005: ';' expected.
sveltekit-frontend/src/lib/services/unified-legal-orchestrator.ts(280,81): error TS1005: ';' expected.
sveltekit-frontend/src/lib/services/unified-legal-orchestrator.ts(280,82): error TS1005: '}' expected.
sveltekit-frontend/src/lib/services/unified-legal-orchestrator.ts(280,89): error TS1109: Expression expected.
sveltekit-frontend/src/lib/services/unified-legal-orchestrator.ts(280,96): error TS1128: Declaration or statement expected.
sveltekit-frontend/src/lib/services/unified-legal-orchestrator.ts(280,97): error TS1128: Declaration or statement expected.
sveltekit-frontend/src/lib/services/unified-legal-orchestrator.ts(280,104): error TS1128: Declaration or statement expected.
sveltekit-frontend/src/lib/services/unified-legal-orchestrator.ts(302,34): error TS1005: ';' expected.
sveltekit-frontend/src/lib/services/unified-legal-orchestrator.ts(302,37): error TS1434: Unexpected keyword or identifier.
sveltekit-frontend/src/lib/services/unified-legal-orchestrator.ts(302,41): error TS1434: Unexpected keyword or identifier.
sveltekit-frontend/src/lib/services/unified-legal-orchestrator.ts(302,54): error TS1005: '(' expected.
sveltekit-frontend/src/lib/services/unified-legal-orchestrator.ts(302,61): error TS1005: ';' expected.
sveltekit-frontend/src/lib/services/unified-legal-orchestrator.ts(302,63): error TS1434: Unexpected keyword or identifier.
sveltekit-frontend/src/lib/services/unified-legal-orchestrator.ts(360,26): error TS1005: ';' expected.
sveltekit-frontend/src/lib/services/unified-legal-orchestrator.ts(360,27): error TS1434: Unexpected keyword or identifier.
sveltekit-frontend/src/lib/services/unified-legal-orchestrator.ts(360,42): error TS1128: Declaration or statement expected.
sveltekit-frontend/src/lib/services/unified-legal-orchestrator.ts(360,43): error TS1434: Unexpected keyword or identifier.
sveltekit-frontend/src/lib/services/unified-legal-orchestrator.ts(373,20): error TS1005: ';' expected.
sveltekit-frontend/src/lib/services/unified-legal-orchestrator.ts(373,26): error TS1128: Declaration or statement expected.
sveltekit-frontend/src/lib/services/unified-legal-orchestrator.ts(373,27): error TS1434: Unexpected keyword or identifier.
sveltekit-frontend/src/lib/services/unified-legal-orchestrator.ts(452,60): error TS1160: Unterminated template literal.
sveltekit-frontend/src/lib/services/unified-loki-fuzzy-search.ts(11,1): error TS1128: Declaration or statement expected.
sveltekit-frontend/src/lib/services/unified-loki-fuzzy-search.ts(43,26): error TS1137: Expression or comma expected.
sveltekit-frontend/src/lib/services/unified-loki-fuzzy-search.ts(47,7): error TS1135: Argument expression expected.
sveltekit-frontend/src/lib/services/unified-loki-fuzzy-search.ts(79,59): error TS1109: Expression expected.
sveltekit-frontend/src/lib/services/unified-loki-fuzzy-search.ts(81,7): error TS1128: Declaration or statement expected.
sveltekit-frontend/src/lib/services/unified-loki-fuzzy-search.ts(101,53): error TS1442: Expected '=' for property initializer.
sveltekit-frontend/src/lib/services/unified-loki-fuzzy-search.ts(104,3): error TS1068: Unexpected token. A constructor, method, accessor, or property was expected.
sveltekit-frontend/src/lib/services/unified-loki-fuzzy-search.ts(104,4): error TS1068: Unexpected token. A constructor, method, accessor, or property was expected.
sveltekit-frontend/src/lib/services/unified-loki-fuzzy-search.ts(104,34): error TS1139: Type parameter declaration expected.
sveltekit-frontend/src/lib/services/unified-loki-fuzzy-search.ts(104,35): error TS1109: Expression expected.
sveltekit-frontend/src/lib/services/unified-loki-fuzzy-search.ts(104,36): error TS1109: Expression expected.
sveltekit-frontend/src/lib/services/unified-loki-fuzzy-search.ts(104,37): error TS1005: ';' expected.
sveltekit-frontend/src/lib/services/unified-loki-fuzzy-search.ts(105,9): error TS1005: ':' expected.
sveltekit-frontend/src/lib/services/unified-loki-fuzzy-search.ts(105,45): error TS1109: Expression expected.
sveltekit-frontend/src/lib/services/unified-loki-fuzzy-search.ts(105,46): error TS1136: Property assignment expected.
sveltekit-frontend/src/lib/services/unified-loki-fuzzy-search.ts(105,47): error TS1109: Expression expected.
sveltekit-frontend/src/lib/services/unified-loki-fuzzy-search.ts(108,13): error TS1109: Expression expected.
sveltekit-frontend/src/lib/services/unified-loki-fuzzy-search.ts(110,13): error TS1109: Expression expected.
sveltekit-frontend/src/lib/services/unified-loki-fuzzy-search.ts(112,13): error TS1109: Expression expected.
sveltekit-frontend/src/lib/services/unified-loki-fuzzy-search.ts(114,13): error TS1109: Expression expected.
sveltekit-frontend/src/lib/services/unified-loki-fuzzy-search.ts(123,3): error TS1128: Declaration or statement expected.
sveltekit-frontend/src/lib/services/unified-loki-fuzzy-search.ts(124,3): error TS1128: Declaration or statement expected.
sveltekit-frontend/src/lib/services/unified-loki-fuzzy-search.ts(124,11): error TS1434: Unexpected keyword or identifier.
sveltekit-frontend/src/lib/services/unified-loki-fuzzy-search.ts(124,42): error TS1135: Argument expression expected.
sveltekit-frontend/src/lib/services/unified-loki-fuzzy-search.ts(124,60): error TS1005: ',' expected.
sveltekit-frontend/src/lib/services/unified-loki-fuzzy-search.ts(124,84): error TS1005: ';' expected.
sveltekit-frontend/src/lib/services/unified-loki-fuzzy-search.ts(124,114): error TS1011: An element access expression should take an argument.
sveltekit-frontend/src/lib/services/unified-loki-fuzzy-search.ts(125,9): error TS1005: ':' expected.
sveltekit-frontend/src/lib/services/unified-loki-fuzzy-search.ts(127,13): error TS1005: ':' expected.
sveltekit-frontend/src/lib/services/unified-loki-fuzzy-search.ts(127,94): error TS1005: ',' expected.
sveltekit-frontend/src/lib/services/unified-loki-fuzzy-search.ts(128,14): error TS1005: ':' expected.
sveltekit-frontend/src/lib/services/unified-loki-fuzzy-search.ts(141,9): error TS1005: ')' expected.
sveltekit-frontend/src/lib/services/unified-loki-fuzzy-search.ts(142,7): error TS1005: ',' expected.
sveltekit-frontend/src/lib/services/unified-loki-fuzzy-search.ts(147,3): error TS1128: Declaration or statement expected.
sveltekit-frontend/src/lib/services/unified-loki-fuzzy-search.ts(147,11): error TS1434: Unexpected keyword or identifier.
sveltekit-frontend/src/lib/services/unified-loki-fuzzy-search.ts(147,45): error TS1135: Argument expression expected.
sveltekit-frontend/src/lib/services/unified-loki-fuzzy-search.ts(147,63): error TS1005: ',' expected.
sveltekit-frontend/src/lib/services/unified-loki-fuzzy-search.ts(147,87): error TS1005: ';' expected.
sveltekit-frontend/src/lib/services/unified-loki-fuzzy-search.ts(147,117): error TS1011: An element access expression should take an argument.
sveltekit-frontend/src/lib/services/unified-loki-fuzzy-search.ts(148,9): error TS1005: ':' expected.
sveltekit-frontend/src/lib/services/unified-loki-fuzzy-search.ts(149,11): error TS1003: Identifier expected.
sveltekit-frontend/src/lib/services/unified-loki-fuzzy-search.ts(149,32): error TS1138: Parameter declaration expected.
sveltekit-frontend/src/lib/services/unified-loki-fuzzy-search.ts(149,42): error TS1005: ',' expected.
sveltekit-frontend/src/lib/services/unified-loki-fuzzy-search.ts(149,44): error TS1136: Property assignment expected.
sveltekit-frontend/src/lib/services/unified-loki-fuzzy-search.ts(171,9): error TS1005: ')' expected.
sveltekit-frontend/src/lib/services/unified-loki-fuzzy-search.ts(172,5): error TS1128: Declaration or statement expected.
sveltekit-frontend/src/lib/services/unified-loki-fuzzy-search.ts(172,7): error TS1005: 'try' expected.
sveltekit-frontend/src/lib/services/unified-loki-fuzzy-search.ts(176,3): error TS1128: Declaration or statement expected.
sveltekit-frontend/src/lib/services/unified-loki-fuzzy-search.ts(177,3): error TS1128: Declaration or statement expected.
sveltekit-frontend/src/lib/services/unified-loki-fuzzy-search.ts(177,11): error TS1434: Unexpected keyword or identifier.
sveltekit-frontend/src/lib/services/unified-loki-fuzzy-search.ts(177,39): error TS1135: Argument expression expected.
sveltekit-frontend/src/lib/services/unified-loki-fuzzy-search.ts(177,57): error TS1005: ',' expected.
sveltekit-frontend/src/lib/services/unified-loki-fuzzy-search.ts(177,81): error TS1005: ';' expected.
sveltekit-frontend/src/lib/services/unified-loki-fuzzy-search.ts(177,111): error TS1011: An element access expression should take an argument.
sveltekit-frontend/src/lib/services/unified-loki-fuzzy-search.ts(178,9): error TS1005: ':' expected.
sveltekit-frontend/src/lib/services/unified-loki-fuzzy-search.ts(179,13): error TS1005: ':' expected.
sveltekit-frontend/src/lib/services/unified-loki-fuzzy-search.ts(179,45): error TS1109: Expression expected.
sveltekit-frontend/src/lib/services/unified-loki-fuzzy-search.ts(179,46): error TS1005: ':' expected.
sveltekit-frontend/src/lib/services/unified-loki-fuzzy-search.ts(179,48): error TS1136: Property assignment expected.
sveltekit-frontend/src/lib/services/unified-loki-fuzzy-search.ts(179,51): error TS1109: Expression expected.
sveltekit-frontend/src/lib/services/unified-loki-fuzzy-search.ts(179,52): error TS1005: ':' expected.
sveltekit-frontend/src/lib/services/unified-loki-fuzzy-search.ts(181,13): error TS1005: ':' expected.
sveltekit-frontend/src/lib/services/unified-loki-fuzzy-search.ts(181,58): error TS1005: ',' expected.
sveltekit-frontend/src/lib/services/unified-loki-fuzzy-search.ts(182,23): error TS1003: Identifier expected.
sveltekit-frontend/src/lib/services/unified-loki-fuzzy-search.ts(197,9): error TS1005: ',' expected.
sveltekit-frontend/src/lib/services/unified-loki-fuzzy-search.ts(199,13): error TS1005: ':' expected.
sveltekit-frontend/src/lib/services/unified-loki-fuzzy-search.ts(199,51): error TS1005: ',' expected.
sveltekit-frontend/src/lib/services/unified-loki-fuzzy-search.ts(200,19): error TS1003: Identifier expected.
sveltekit-frontend/src/lib/services/unified-loki-fuzzy-search.ts(215,9): error TS1005: ',' expected.
sveltekit-frontend/src/lib/services/unified-loki-fuzzy-search.ts(216,14): error TS1005: ':' expected.
sveltekit-frontend/src/lib/services/unified-loki-fuzzy-search.ts(216,22): error TS1005: ',' expected.
sveltekit-frontend/src/lib/services/unified-loki-fuzzy-search.ts(217,7): error TS1005: ',' expected.
sveltekit-frontend/src/lib/services/unified-loki-fuzzy-search.ts(222,3): error TS1128: Declaration or statement expected.
sveltekit-frontend/src/lib/services/unified-loki-fuzzy-search.ts(222,11): error TS1434: Unexpected keyword or identifier.
sveltekit-frontend/src/lib/services/unified-loki-fuzzy-search.ts(222,40): error TS1135: Argument expression expected.
sveltekit-frontend/src/lib/services/unified-loki-fuzzy-search.ts(222,58): error TS1005: ',' expected.
sveltekit-frontend/src/lib/services/unified-loki-fuzzy-search.ts(222,82): error TS1005: ';' expected.
sveltekit-frontend/src/lib/services/unified-loki-fuzzy-search.ts(222,112): error TS1011: An element access expression should take an argument.
sveltekit-frontend/src/lib/services/unified-loki-fuzzy-search.ts(223,9): error TS1005: ':' expected.
sveltekit-frontend/src/lib/services/unified-loki-fuzzy-search.ts(224,13): error TS1005: ':' expected.
sveltekit-frontend/src/lib/services/unified-loki-fuzzy-search.ts(225,87): error TS1005: ',' expected.
sveltekit-frontend/src/lib/services/unified-loki-fuzzy-search.ts(230,7): error TS1136: Property assignment expected.
sveltekit-frontend/src/lib/services/unified-loki-fuzzy-search.ts(230,9): error TS1005: ',' expected.
sveltekit-frontend/src/lib/services/unified-loki-fuzzy-search.ts(230,10): error TS1136: Property assignment expected.
sveltekit-frontend/src/lib/services/unified-loki-fuzzy-search.ts(231,14): error TS1005: ':' expected.
sveltekit-frontend/src/lib/services/unified-loki-fuzzy-search.ts(246,9): error TS1005: ')' expected.
sveltekit-frontend/src/lib/services/unified-loki-fuzzy-search.ts(247,7): error TS1005: ';' expected.
sveltekit-frontend/src/lib/services/unified-loki-fuzzy-search.ts(251,3): error TS1128: Declaration or statement expected.
sveltekit-frontend/src/lib/services/unified-loki-fuzzy-search.ts(255,3): error TS1128: Declaration or statement expected.
sveltekit-frontend/src/lib/services/unified-loki-fuzzy-search.ts(256,34): error TS1011: An element access expression should take an argument.
sveltekit-frontend/src/lib/services/unified-loki-fuzzy-search.ts(259,3): error TS1128: Declaration or statement expected.
sveltekit-frontend/src/lib/services/unified-loki-fuzzy-search.ts(259,4): error TS1128: Declaration or statement expected.
sveltekit-frontend/src/lib/services/unified-loki-fuzzy-search.ts(259,26): error TS1011: An element access expression should take an argument.
sveltekit-frontend/src/lib/services/unified-loki-fuzzy-search.ts(261,11): error TS1005: ':' expected.
sveltekit-frontend/src/lib/services/unified-loki-fuzzy-search.ts(261,65): error TS1005: ',' expected.
sveltekit-frontend/src/lib/services/unified-loki-fuzzy-search.ts(262,10): error TS1359: Identifier expected. 'const' is a reserved word that cannot be used here.
sveltekit-frontend/src/lib/services/unified-loki-fuzzy-search.ts(262,16): error TS1005: ',' expected.
sveltekit-frontend/src/lib/services/unified-loki-fuzzy-search.ts(262,23): error TS1005: ',' expected.
sveltekit-frontend/src/lib/services/unified-loki-fuzzy-search.ts(262,26): error TS1005: ',' expected.
sveltekit-frontend/src/lib/services/unified-loki-fuzzy-search.ts(263,143): error TS1005: ';' expected.
sveltekit-frontend/src/lib/services/unified-loki-fuzzy-search.ts(263,144): error TS1005: ')' expected.
sveltekit-frontend/src/lib/services/unified-loki-fuzzy-search.ts(263,160): error TS1109: Expression expected.
sveltekit-frontend/src/lib/services/unified-loki-fuzzy-search.ts(263,167): error TS1005: ',' expected.
sveltekit-frontend/src/lib/services/unified-loki-fuzzy-search.ts(263,168): error TS1003: Identifier expected.
sveltekit-frontend/src/lib/services/unified-loki-fuzzy-search.ts(263,177): error TS1005: ',' expected.
sveltekit-frontend/src/lib/services/unified-loki-fuzzy-search.ts(263,178): error TS1136: Property assignment expected.
sveltekit-frontend/src/lib/services/unified-loki-fuzzy-search.ts(264,11): error TS1003: Identifier expected.
sveltekit-frontend/src/lib/services/unified-loki-fuzzy-search.ts(264,21): error TS1005: ',' expected.
sveltekit-frontend/src/lib/services/unified-loki-fuzzy-search.ts(264,186): error TS1005: ';' expected.
sveltekit-frontend/src/lib/services/unified-loki-fuzzy-search.ts(264,189): error TS1109: Expression expected.
sveltekit-frontend/src/lib/services/unified-loki-fuzzy-search.ts(265,128): error TS1005: ';' expected.
sveltekit-frontend/src/lib/services/unified-loki-fuzzy-search.ts(265,129): error TS1005: ')' expected.
sveltekit-frontend/src/lib/services/unified-loki-fuzzy-search.ts(265,145): error TS1109: Expression expected.
sveltekit-frontend/src/lib/services/unified-loki-fuzzy-search.ts(265,152): error TS1128: Declaration or statement expected.
sveltekit-frontend/src/lib/services/unified-loki-fuzzy-search.ts(265,153): error TS1128: Declaration or statement expected.
sveltekit-frontend/src/lib/services/unified-loki-fuzzy-search.ts(265,170): error TS1005: ';' expected.
sveltekit-frontend/src/lib/services/unified-loki-fuzzy-search.ts(266,7): error TS1128: Declaration or statement expected.
sveltekit-frontend/src/lib/services/unified-loki-fuzzy-search.ts(267,5): error TS1128: Declaration or statement expected.
sveltekit-frontend/src/lib/services/unified-loki-fuzzy-search.ts(268,57): error TS1005: ')' expected.
sveltekit-frontend/src/lib/services/unified-loki-fuzzy-search.ts(273,7): error TS1005: ')' expected.
sveltekit-frontend/src/lib/services/unified-loki-fuzzy-search.ts(275,80): error TS1005: ')' expected.
sveltekit-frontend/src/lib/services/unified-loki-fuzzy-search.ts(278,209): error TS1005: ';' expected.
sveltekit-frontend/src/lib/services/unified-loki-fuzzy-search.ts(279,7): error TS1128: Declaration or statement expected.
sveltekit-frontend/src/lib/services/unified-loki-fuzzy-search.ts(282,3): error TS1128: Declaration or statement expected.
sveltekit-frontend/src/lib/services/unified-loki-fuzzy-search.ts(283,3): error TS1128: Declaration or statement expected.
sveltekit-frontend/src/lib/services/unified-loki-fuzzy-search.ts(283,41): error TS1135: Argument expression expected.
sveltekit-frontend/src/lib/services/unified-loki-fuzzy-search.ts(283,70): error TS1005: ',' expected.
sveltekit-frontend/src/lib/services/unified-loki-fuzzy-search.ts(283,88): error TS1005: ',' expected.
sveltekit-frontend/src/lib/services/unified-loki-fuzzy-search.ts(283,112): error TS1005: ';' expected.
sveltekit-frontend/src/lib/services/unified-loki-fuzzy-search.ts(283,114): error TS1434: Unexpected keyword or identifier.
sveltekit-frontend/src/lib/services/unified-loki-fuzzy-search.ts(311,3): error TS1128: Declaration or statement expected.
sveltekit-frontend/src/lib/services/unified-loki-fuzzy-search.ts(311,47): error TS1135: Argument expression expected.
sveltekit-frontend/src/lib/services/unified-loki-fuzzy-search.ts(311,60): error TS1005: ',' expected.
sveltekit-frontend/src/lib/services/unified-loki-fuzzy-search.ts(311,70): error TS1005: ';' expected.
sveltekit-frontend/src/lib/services/unified-loki-fuzzy-search.ts(311,72): error TS1434: Unexpected keyword or identifier.
sveltekit-frontend/src/lib/services/unified-loki-fuzzy-search.ts(330,46): error TS1005: ')' expected.
sveltekit-frontend/src/lib/services/unified-loki-fuzzy-search.ts(332,3): error TS1128: Declaration or statement expected.
sveltekit-frontend/src/lib/services/unified-loki-fuzzy-search.ts(332,40): error TS1135: Argument expression expected.
sveltekit-frontend/src/lib/services/unified-loki-fuzzy-search.ts(332,53): error TS1005: ',' expected.
sveltekit-frontend/src/lib/services/unified-loki-fuzzy-search.ts(332,63): error TS1005: ';' expected.
sveltekit-frontend/src/lib/services/unified-loki-fuzzy-search.ts(332,65): error TS1434: Unexpected keyword or identifier.
sveltekit-frontend/src/lib/services/unified-loki-fuzzy-search.ts(336,3): error TS1128: Declaration or statement expected.
sveltekit-frontend/src/lib/services/unified-loki-fuzzy-search.ts(336,34): error TS1135: Argument expression expected.
sveltekit-frontend/src/lib/services/unified-loki-fuzzy-search.ts(336,53): error TS1005: ',' expected.
sveltekit-frontend/src/lib/services/unified-loki-fuzzy-search.ts(336,62): error TS1109: Expression expected.
sveltekit-frontend/src/lib/services/unified-loki-fuzzy-search.ts(336,63): error TS1109: Expression expected.
sveltekit-frontend/src/lib/services/unified-loki-fuzzy-search.ts(336,65): error TS1005: ';' expected.
sveltekit-frontend/src/lib/services/unified-loki-fuzzy-search.ts(336,67): error TS1434: Unexpected keyword or identifier.
sveltekit-frontend/src/lib/services/unified-loki-fuzzy-search.ts(343,59): error TS1005: ')' expected.
sveltekit-frontend/src/lib/services/unified-loki-fuzzy-search.ts(344,35): error TS1109: Expression expected.
sveltekit-frontend/src/lib/services/unified-loki-fuzzy-search.ts(346,5): error TS1128: Declaration or statement expected.
sveltekit-frontend/src/lib/services/unified-loki-fuzzy-search.ts(348,3): error TS1128: Declaration or statement expected.
sveltekit-frontend/src/lib/services/unified-loki-fuzzy-search.ts(348,36): error TS1135: Argument expression expected.
sveltekit-frontend/src/lib/services/unified-loki-fuzzy-search.ts(348,106): error TS1005: ';' expected.
sveltekit-frontend/src/lib/services/unified-loki-fuzzy-search.ts(349,9): error TS1003: Identifier expected.
sveltekit-frontend/src/lib/services/unified-loki-fuzzy-search.ts(349,19): error TS1138: Parameter declaration expected.
sveltekit-frontend/src/lib/services/unified-loki-fuzzy-search.ts(349,45): error TS1005: ';' expected.
sveltekit-frontend/src/lib/services/unified-loki-fuzzy-search.ts(353,3): error TS1128: Declaration or statement expected.
sveltekit-frontend/src/lib/services/unified-loki-fuzzy-search.ts(354,3): error TS1128: Declaration or statement expected.
sveltekit-frontend/src/lib/services/unified-loki-fuzzy-search.ts(354,35): error TS1135: Argument expression expected.
sveltekit-frontend/src/lib/services/unified-loki-fuzzy-search.ts(354,53): error TS1005: ',' expected.
sveltekit-frontend/src/lib/services/unified-loki-fuzzy-search.ts(354,75): error TS1011: An element access expression should take an argument.
sveltekit-frontend/src/lib/services/unified-loki-fuzzy-search.ts(354,92): error TS1005: ',' expected.
sveltekit-frontend/src/lib/services/unified-loki-fuzzy-search.ts(354,114): error TS1011: An element access expression should take an argument.
sveltekit-frontend/src/lib/services/unified-loki-fuzzy-search.ts(354,116): error TS1011: An element access expression should take an argument.
sveltekit-frontend/src/lib/services/unified-loki-fuzzy-search.ts(354,132): error TS1005: ',' expected.
sveltekit-frontend/src/lib/services/unified-loki-fuzzy-search.ts(354,142): error TS1005: ';' expected.
sveltekit-frontend/src/lib/services/unified-loki-fuzzy-search.ts(355,9): error TS1005: ':' expected.
sveltekit-frontend/src/lib/services/unified-loki-fuzzy-search.ts(355,35): error TS1109: Expression expected.
sveltekit-frontend/src/lib/services/unified-loki-fuzzy-search.ts(355,36): error TS1136: Property assignment expected.
sveltekit-frontend/src/lib/services/unified-loki-fuzzy-search.ts(355,37): error TS1109: Expression expected.
sveltekit-frontend/src/lib/services/unified-loki-fuzzy-search.ts(360,3): error TS1128: Declaration or statement expected.
sveltekit-frontend/src/lib/services/unified-loki-fuzzy-search.ts(364,3): error TS1434: Unexpected keyword or identifier.
sveltekit-frontend/src/lib/services/unified-loki-fuzzy-search.ts(364,29): error TS1109: Expression expected.
sveltekit-frontend/src/lib/services/unified-loki-fuzzy-search.ts(364,43): error TS1109: Expression expected.
sveltekit-frontend/src/lib/services/unified-loki-fuzzy-search.ts(365,13): error TS1005: ',' expected.
sveltekit-frontend/src/lib/services/unified-loki-fuzzy-search.ts(365,33): error TS1005: ',' expected.
sveltekit-frontend/src/lib/services/unified-loki-fuzzy-search.ts(365,35): error TS1136: Property assignment expected.
sveltekit-frontend/src/lib/services/unified-loki-fuzzy-search.ts(414,3): error TS1128: Declaration or statement expected.
sveltekit-frontend/src/lib/services/unified-loki-fuzzy-search.ts(415,3): error TS1128: Declaration or statement expected.
sveltekit-frontend/src/lib/services/unified-loki-fuzzy-search.ts(415,11): error TS1434: Unexpected keyword or identifier.
sveltekit-frontend/src/lib/services/unified-loki-fuzzy-search.ts(415,39): error TS1135: Argument expression expected.
sveltekit-frontend/src/lib/services/unified-loki-fuzzy-search.ts(415,45): error TS1005: ';' expected.
sveltekit-frontend/src/lib/services/unified-loki-fuzzy-search.ts(415,59): error TS1109: Expression expected.
sveltekit-frontend/src/lib/services/unified-loki-fuzzy-search.ts(416,11): error TS1005: ':' expected.
sveltekit-frontend/src/lib/services/unified-loki-fuzzy-search.ts(424,5): error TS1005: ',' expected.
sveltekit-frontend/src/lib/services/unified-loki-fuzzy-search.ts(424,11): error TS1005: ',' expected.
sveltekit-frontend/src/lib/services/unified-loki-fuzzy-search.ts(424,26): error TS1005: ',' expected.
sveltekit-frontend/src/lib/services/unified-loki-fuzzy-search.ts(424,51): error TS1005: ',' expected.
sveltekit-frontend/src/lib/services/unified-loki-fuzzy-search.ts(426,3): error TS1128: Declaration or statement expected.
sveltekit-frontend/src/lib/services/unified-loki-fuzzy-search.ts(426,11): error TS1434: Unexpected keyword or identifier.
sveltekit-frontend/src/lib/services/unified-loki-fuzzy-search.ts(426,44): error TS1135: Argument expression expected.
sveltekit-frontend/src/lib/services/unified-loki-fuzzy-search.ts(426,50): error TS1005: ';' expected.
sveltekit-frontend/src/lib/services/unified-loki-fuzzy-search.ts(426,64): error TS1109: Expression expected.
sveltekit-frontend/src/lib/services/unified-loki-fuzzy-search.ts(427,11): error TS1005: ':' expected.
sveltekit-frontend/src/lib/services/unified-loki-fuzzy-search.ts(435,5): error TS1005: ',' expected.
sveltekit-frontend/src/lib/services/unified-loki-fuzzy-search.ts(435,11): error TS1005: ',' expected.
sveltekit-frontend/src/lib/services/unified-loki-fuzzy-search.ts(435,26): error TS1005: ',' expected.
sveltekit-frontend/src/lib/services/unified-loki-fuzzy-search.ts(435,51): error TS1005: ',' expected.
sveltekit-frontend/src/lib/services/unified-loki-fuzzy-search.ts(437,3): error TS1128: Declaration or statement expected.
sveltekit-frontend/src/lib/services/unified-loki-fuzzy-search.ts(437,11): error TS1434: Unexpected keyword or identifier.
sveltekit-frontend/src/lib/services/unified-loki-fuzzy-search.ts(437,37): error TS1135: Argument expression expected.
sveltekit-frontend/src/lib/services/unified-loki-fuzzy-search.ts(437,43): error TS1005: ';' expected.
sveltekit-frontend/src/lib/services/unified-loki-fuzzy-search.ts(437,57): error TS1109: Expression expected.
sveltekit-frontend/src/lib/services/unified-loki-fuzzy-search.ts(438,11): error TS1005: ':' expected.
sveltekit-frontend/src/lib/services/unified-loki-fuzzy-search.ts(444,272): error TS1005: ';' expected.
sveltekit-frontend/src/lib/services/unified-loki-fuzzy-search.ts(444,273): error TS1005: ')' expected.
sveltekit-frontend/src/lib/services/unified-loki-fuzzy-search.ts(444,293): error TS1005: ',' expected.
sveltekit-frontend/src/lib/services/unified-loki-fuzzy-search.ts(444,294): error TS1003: Identifier expected.
sveltekit-frontend/src/lib/services/unified-loki-fuzzy-search.ts(444,305): error TS1005: ',' expected.
sveltekit-frontend/src/lib/services/unified-loki-fuzzy-search.ts(444,306): error TS1003: Identifier expected.
sveltekit-frontend/src/lib/services/unified-loki-fuzzy-search.ts(444,315): error TS1136: Property assignment expected.
sveltekit-frontend/src/lib/services/unified-loki-fuzzy-search.ts(444,318): error TS1005: ';' expected.
sveltekit-frontend/src/lib/services/unified-loki-fuzzy-search.ts(444,319): error TS1128: Declaration or statement expected.
sveltekit-frontend/src/lib/services/unified-loki-fuzzy-search.ts(445,5): error TS1109: Expression expected.
sveltekit-frontend/src/lib/services/unified-loki-fuzzy-search.ts(447,3): error TS1128: Declaration or statement expected.
sveltekit-frontend/src/lib/services/unified-loki-fuzzy-search.ts(452,12): error TS1005: ':' expected.
sveltekit-frontend/src/lib/services/unified-loki-fuzzy-search.ts(463,3): error TS1434: Unexpected keyword or identifier.
sveltekit-frontend/src/lib/services/unified-loki-fuzzy-search.ts(463,36): error TS1135: Argument expression expected.
sveltekit-frontend/src/lib/services/unified-loki-fuzzy-search.ts(463,54): error TS1005: ',' expected.
sveltekit-frontend/src/lib/services/unified-loki-fuzzy-search.ts(463,82): error TS1005: ';' expected.
sveltekit-frontend/src/lib/services/unified-loki-fuzzy-search.ts(463,112): error TS1011: An element access expression should take an argument.
sveltekit-frontend/src/lib/services/unified-loki-fuzzy-search.ts(464,12): error TS1005: ':' expected.
sveltekit-frontend/src/lib/services/unified-loki-fuzzy-search.ts(468,26): error TS1005: ',' expected.
sveltekit-frontend/src/lib/services/unified-loki-fuzzy-search.ts(470,7): error TS1005: ',' expected.
sveltekit-frontend/src/lib/services/unified-loki-fuzzy-search.ts(475,3): error TS1434: Unexpected keyword or identifier.
sveltekit-frontend/src/lib/services/unified-loki-fuzzy-search.ts(475,31): error TS1109: Expression expected.
sveltekit-frontend/src/lib/services/unified-loki-fuzzy-search.ts(475,47): error TS1109: Expression expected.
sveltekit-frontend/src/lib/services/unified-loki-fuzzy-search.ts(475,57): error TS1109: Expression expected.
sveltekit-frontend/src/lib/services/unified-loki-fuzzy-search.ts(475,87): error TS1011: An element access expression should take an argument.
sveltekit-frontend/src/lib/services/unified-loki-fuzzy-search.ts(476,11): error TS1005: ':' expected.
sveltekit-frontend/src/lib/services/unified-loki-fuzzy-search.ts(476,69): error TS1005: ',' expected.
sveltekit-frontend/src/lib/services/unified-loki-fuzzy-search.ts(477,12): error TS1005: ':' expected.
sveltekit-frontend/src/lib/services/unified-loki-fuzzy-search.ts(482,7): error TS1005: ',' expected.
sveltekit-frontend/src/lib/services/unified-loki-fuzzy-search.ts(487,3): error TS1434: Unexpected keyword or identifier.
sveltekit-frontend/src/lib/services/unified-loki-fuzzy-search.ts(487,17): error TS1109: Expression expected.
sveltekit-frontend/src/lib/services/unified-loki-fuzzy-search.ts(487,31): error TS1109: Expression expected.
sveltekit-frontend/src/lib/services/unified-loki-fuzzy-search.ts(488,13): error TS1003: Identifier expected.
sveltekit-frontend/src/lib/services/unified-loki-fuzzy-search.ts(488,51): error TS1005: ',' expected.
sveltekit-frontend/src/lib/services/unified-loki-fuzzy-search.ts(489,11): error TS1005: ',' expected.
sveltekit-frontend/src/lib/services/unified-loki-fuzzy-search.ts(489,26): error TS1005: ',' expected.
sveltekit-frontend/src/lib/services/unified-loki-fuzzy-search.ts(489,36): error TS1136: Property assignment expected.
sveltekit-frontend/src/lib/services/unified-loki-fuzzy-search.ts(496,36): error TS1109: Expression expected.
sveltekit-frontend/src/lib/services/unified-loki-fuzzy-search.ts(497,13): error TS1109: Expression expected.
sveltekit-frontend/src/lib/services/unified-loki-fuzzy-search.ts(498,3): error TS1128: Declaration or statement expected.
sveltekit-frontend/src/lib/services/unified-loki-fuzzy-search.ts(499,1): error TS1128: Declaration or statement expected.
sveltekit-frontend/src/lib/services/unified-vector-orchestrator.ts(1148,28): error TS1109: Expression expected.
sveltekit-frontend/src/lib/services/unified-vector-orchestrator.ts(1148,35): error TS1134: Variable declaration expected.
sveltekit-frontend/src/lib/services/unified-vector-orchestrator.ts(1148,62): error TS1109: Expression expected.
sveltekit-frontend/src/lib/services/unified-vector-orchestrator.ts(1148,72): error TS1005: '=' expected.
sveltekit-frontend/src/lib/services/unified-vector-orchestrator.ts(1148,75): error TS1005: ';' expected.
sveltekit-frontend/src/lib/services/unified-vector-orchestrator.ts(1148,76): error TS1128: Declaration or statement expected.
sveltekit-frontend/src/lib/services/unified-vector-orchestrator.ts(1148,97): error TS1005: ';' expected.
sveltekit-frontend/src/lib/services/unified-vector-orchestrator.ts(1148,99): error TS1128: Declaration or statement expected.
sveltekit-frontend/src/lib/services/unified-vector-orchestrator.ts(1148,102): error TS1109: Expression expected.
sveltekit-frontend/src/lib/services/unified-vector-orchestrator.ts(1148,112): error TS1005: '=' expected.
sveltekit-frontend/src/lib/services/unified-vector-orchestrator.ts(1148,115): error TS1005: ';' expected.
sveltekit-frontend/src/lib/services/unified-vector-orchestrator.ts(1148,116): error TS1128: Declaration or statement expected.
sveltekit-frontend/src/lib/services/unsloth-finetuning.ts(786,8): error TS1005: '(' expected.
sveltekit-frontend/src/lib/services/unsloth-finetuning.ts(911,16): error TS1005: ';' expected.
sveltekit-frontend/src/lib/services/unsloth-finetuning.ts(912,26): error TS1005: ';' expected.
sveltekit-frontend/src/lib/services/unsloth-finetuning.ts(913,9): error TS1005: ';' expected.
sveltekit-frontend/src/lib/services/unsloth-finetuning.ts(914,19): error TS1005: ';' expected.
sveltekit-frontend/src/lib/services/unsloth-finetuning.ts(915,19): error TS1005: ';' expected.
sveltekit-frontend/src/lib/services/unsloth-finetuning.ts(916,13): error TS1005: ';' expected.
sveltekit-frontend/src/lib/services/unsloth-finetuning.ts(917,24): error TS1005: ';' expected.
sveltekit-frontend/src/lib/services/unsloth-finetuning.ts(918,19): error TS1005: ';' expected.
sveltekit-frontend/src/lib/services/unsloth-finetuning.ts(919,15): error TS1005: ';' expected.
sveltekit-frontend/src/lib/services/unsloth-finetuning.ts(920,14): error TS1005: ';' expected.
sveltekit-frontend/src/lib/services/unsloth-finetuning.ts(921,5): error TS1109: Expression expected.
sveltekit-frontend/src/lib/services/unsloth-finetuning.ts(922,3): error TS1109: Expression expected.
sveltekit-frontend/src/lib/services/unsloth-finetuning.ts(922,4): error TS1128: Declaration or statement expected.
sveltekit-frontend/src/lib/services/unsloth-finetuning.ts(922,5): error TS1128: Declaration or statement expected.
sveltekit-frontend/src/lib/services/unsloth-finetuning.ts(923,1): error TS1128: Declaration or statement expected.
sveltekit-frontend/src/lib/services/upload-telemetry-service.ts(5,1): error TS1128: Declaration or statement expected.
sveltekit-frontend/src/lib/services/upload-telemetry-service.ts(12,1): error TS1128: Declaration or statement expected.
sveltekit-frontend/src/lib/services/upload-telemetry-service.ts(17,1): error TS1128: Declaration or statement expected.
sveltekit-frontend/src/lib/services/upload-telemetry-service.ts(55,75): error TS1005: ')' expected.
sveltekit-frontend/src/lib/services/upload-telemetry-service.ts(60,75): error TS1136: Property assignment expected.
sveltekit-frontend/src/lib/services/upload-telemetry-service.ts(61,8): error TS1472: 'catch' or 'finally' expected.
sveltekit-frontend/src/lib/services/upload-telemetry-service.ts(68,11): error TS1005: ':' expected.
sveltekit-frontend/src/lib/services/upload-telemetry-service.ts(71,11): error TS1005: ',' expected.
sveltekit-frontend/src/lib/services/upload-telemetry-service.ts(72,12): error TS1005: ':' expected.
sveltekit-frontend/src/lib/services/upload-telemetry-service.ts(75,9): error TS1005: ':' expected.
sveltekit-frontend/src/lib/services/upload-telemetry-service.ts(75,21): error TS1005: ',' expected.
sveltekit-frontend/src/lib/services/upload-telemetry-service.ts(77,1): error TS1128: Declaration or statement expected.
sveltekit-frontend/src/lib/services/user-analytics-rl-integration.ts(982,7): error TS1005: '(' expected.
sveltekit-frontend/src/lib/services/user-chat-recommendation-engine.ts(92,1): error TS1131: Property or signature expected.
sveltekit-frontend/src/lib/services/user-chat-recommendation-engine.ts(197,1): error TS1128: Declaration or statement expected.
sveltekit-frontend/src/lib/services/user-chat-recommendation-engine.ts(237,25): error TS1109: Expression expected.
sveltekit-frontend/src/lib/services/user-chat-recommendation-engine.ts(274,68): error TS1109: Expression expected.
sveltekit-frontend/src/lib/services/user-chat-recommendation-engine.ts(279,74): error TS1109: Expression expected.
sveltekit-frontend/src/lib/services/user-chat-recommendation-engine.ts(284,75): error TS1109: Expression expected.
sveltekit-frontend/src/lib/services/user-chat-recommendation-engine.ts(318,5): error TS1005: ',' expected.
sveltekit-frontend/src/lib/services/user-chat-recommendation-engine.ts(319,5): error TS1005: ',' expected.
sveltekit-frontend/src/lib/services/user-chat-recommendation-engine.ts(320,5): error TS1005: ',' expected.
sveltekit-frontend/src/lib/services/user-chat-recommendation-engine.ts(322,30): error TS1144: '{' or ';' expected.
sveltekit-frontend/src/lib/services/user-chat-recommendation-engine.ts(322,32): error TS1068: Unexpected token. A constructor, method, accessor, or property was expected.
sveltekit-frontend/src/lib/services/user-chat-recommendation-engine.ts(352,23): error TS1005: ',' expected.
sveltekit-frontend/src/lib/services/user-chat-recommendation-engine.ts(352,25): error TS1128: Declaration or statement expected.
sveltekit-frontend/src/lib/services/user-chat-recommendation-engine.ts(369,7): error TS1005: ')' expected.
sveltekit-frontend/src/lib/services/user-chat-recommendation-engine.ts(372,3): error TS1128: Declaration or statement expected.
sveltekit-frontend/src/lib/services/user-chat-recommendation-engine.ts(376,3): error TS1128: Declaration or statement expected.
sveltekit-frontend/src/lib/services/user-chat-recommendation-engine.ts(376,10): error TS1434: Unexpected keyword or identifier.
sveltekit-frontend/src/lib/services/user-chat-recommendation-engine.ts(376,42): error TS1005: ',' expected.
sveltekit-frontend/src/lib/services/user-chat-recommendation-engine.ts(376,60): error TS1005: ';' expected.
sveltekit-frontend/src/lib/services/user-chat-recommendation-engine.ts(377,9): error TS1005: ':' expected.
sveltekit-frontend/src/lib/services/user-chat-recommendation-engine.ts(379,13): error TS1005: ':' expected.
sveltekit-frontend/src/lib/services/user-chat-recommendation-engine.ts(387,7): error TS1005: ',' expected.
sveltekit-frontend/src/lib/services/user-chat-recommendation-engine.ts(387,14): error TS1005: ':' expected.
sveltekit-frontend/src/lib/services/user-chat-recommendation-engine.ts(387,31): error TS1005: ',' expected.
sveltekit-frontend/src/lib/services/user-chat-recommendation-engine.ts(388,7): error TS1005: ',' expected.
sveltekit-frontend/src/lib/services/user-chat-recommendation-engine.ts(396,3): error TS1128: Declaration or statement expected.
sveltekit-frontend/src/lib/services/user-chat-recommendation-engine.ts(396,10): error TS1434: Unexpected keyword or identifier.
sveltekit-frontend/src/lib/services/user-chat-recommendation-engine.ts(396,39): error TS1005: ',' expected.
sveltekit-frontend/src/lib/services/user-chat-recommendation-engine.ts(396,60): error TS1005: ';' expected.
sveltekit-frontend/src/lib/services/user-chat-recommendation-engine.ts(396,74): error TS1109: Expression expected.
sveltekit-frontend/src/lib/services/user-chat-recommendation-engine.ts(397,9): error TS1003: Identifier expected.
sveltekit-frontend/src/lib/services/user-chat-recommendation-engine.ts(397,18): error TS1005: '{' expected.
sveltekit-frontend/src/lib/services/user-chat-recommendation-engine.ts(397,27): error TS1005: ',' expected.
sveltekit-frontend/src/lib/services/user-chat-recommendation-engine.ts(398,9): error TS1005: ':' expected.
sveltekit-frontend/src/lib/services/user-chat-recommendation-engine.ts(400,15): error TS1003: Identifier expected.
sveltekit-frontend/src/lib/services/user-chat-recommendation-engine.ts(400,36): error TS1005: ',' expected.
sveltekit-frontend/src/lib/services/user-chat-recommendation-engine.ts(402,11): error TS1005: ':' expected.
sveltekit-frontend/src/lib/services/user-chat-recommendation-engine.ts(402,65): error TS1005: ',' expected.
sveltekit-frontend/src/lib/services/user-chat-recommendation-engine.ts(403,15): error TS1003: Identifier expected.
sveltekit-frontend/src/lib/services/user-chat-recommendation-engine.ts(403,54): error TS1005: ',' expected.
sveltekit-frontend/src/lib/services/user-chat-recommendation-engine.ts(404,7): error TS1005: ',' expected.
sveltekit-frontend/src/lib/services/user-chat-recommendation-engine.ts(411,3): error TS1128: Declaration or statement expected.
sveltekit-frontend/src/lib/services/user-chat-recommendation-engine.ts(411,10): error TS1434: Unexpected keyword or identifier.
sveltekit-frontend/src/lib/services/user-chat-recommendation-engine.ts(411,47): error TS1005: ',' expected.
sveltekit-frontend/src/lib/services/user-chat-recommendation-engine.ts(412,5): error TS1005: ',' expected.
sveltekit-frontend/src/lib/services/user-chat-recommendation-engine.ts(412,17): error TS1109: Expression expected.
sveltekit-frontend/src/lib/services/user-chat-recommendation-engine.ts(412,31): error TS1005: ';' expected.
sveltekit-frontend/src/lib/services/user-chat-recommendation-engine.ts(412,62): error TS1011: An element access expression should take an argument.
sveltekit-frontend/src/lib/services/user-chat-recommendation-engine.ts(413,11): error TS1005: ':' expected.
sveltekit-frontend/src/lib/services/user-chat-recommendation-engine.ts(413,52): error TS1109: Expression expected.
sveltekit-frontend/src/lib/services/user-chat-recommendation-engine.ts(413,53): error TS1005: ':' expected.
sveltekit-frontend/src/lib/services/user-chat-recommendation-engine.ts(413,55): error TS1136: Property assignment expected.
sveltekit-frontend/src/lib/services/user-chat-recommendation-engine.ts(413,58): error TS1109: Expression expected.
sveltekit-frontend/src/lib/services/user-chat-recommendation-engine.ts(413,59): error TS1005: ':' expected.
sveltekit-frontend/src/lib/services/user-chat-recommendation-engine.ts(414,9): error TS1005: ':' expected.
sveltekit-frontend/src/lib/services/user-chat-recommendation-engine.ts(416,13): error TS1005: ':' expected.
sveltekit-frontend/src/lib/services/user-chat-recommendation-engine.ts(416,87): error TS1005: ',' expected.
sveltekit-frontend/src/lib/services/user-chat-recommendation-engine.ts(418,13): error TS1005: ':' expected.
sveltekit-frontend/src/lib/services/user-chat-recommendation-engine.ts(418,108): error TS1005: ',' expected.
sveltekit-frontend/src/lib/services/user-chat-recommendation-engine.ts(420,13): error TS1005: ':' expected.
sveltekit-frontend/src/lib/services/user-chat-recommendation-engine.ts(420,71): error TS1005: ',' expected.
sveltekit-frontend/src/lib/services/user-chat-recommendation-engine.ts(422,13): error TS1005: ':' expected.
sveltekit-frontend/src/lib/services/user-chat-recommendation-engine.ts(427,7): error TS1005: ',' expected.
sveltekit-frontend/src/lib/services/user-chat-recommendation-engine.ts(427,8): error TS1136: Property assignment expected.
sveltekit-frontend/src/lib/services/user-chat-recommendation-engine.ts(428,23): error TS1003: Identifier expected.
sveltekit-frontend/src/lib/services/user-chat-recommendation-engine.ts(428,50): error TS1005: ',' expected.
sveltekit-frontend/src/lib/services/user-chat-recommendation-engine.ts(430,12): error TS1359: Identifier expected. 'const' is a reserved word that cannot be used here.
sveltekit-frontend/src/lib/services/user-chat-recommendation-engine.ts(430,18): error TS1005: ',' expected.
sveltekit-frontend/src/lib/services/user-chat-recommendation-engine.ts(430,27): error TS1005: ',' expected.
sveltekit-frontend/src/lib/services/user-chat-recommendation-engine.ts(438,7): error TS1005: ',' expected.
sveltekit-frontend/src/lib/services/user-chat-recommendation-engine.ts(438,11): error TS1005: ':' expected.
sveltekit-frontend/src/lib/services/user-chat-recommendation-engine.ts(438,48): error TS1005: ',' expected.
sveltekit-frontend/src/lib/services/user-chat-recommendation-engine.ts(440,11): error TS1005: ':' expected.
sveltekit-frontend/src/lib/services/user-chat-recommendation-engine.ts(443,9): error TS1005: ')' expected.
sveltekit-frontend/src/lib/services/user-chat-recommendation-engine.ts(444,15): error TS1003: Identifier expected.
sveltekit-frontend/src/lib/services/user-chat-recommendation-engine.ts(444,77): error TS1005: ',' expected.
sveltekit-frontend/src/lib/services/user-chat-recommendation-engine.ts(445,14): error TS1005: ':' expected.
sveltekit-frontend/src/lib/services/user-chat-recommendation-engine.ts(445,30): error TS1005: ',' expected.
sveltekit-frontend/src/lib/services/user-chat-recommendation-engine.ts(446,7): error TS1005: ',' expected.
sveltekit-frontend/src/lib/services/user-chat-recommendation-engine.ts(454,3): error TS1128: Declaration or statement expected.
sveltekit-frontend/src/lib/services/user-chat-recommendation-engine.ts(454,10): error TS1434: Unexpected keyword or identifier.
sveltekit-frontend/src/lib/services/user-chat-recommendation-engine.ts(454,40): error TS1005: ',' expected.
sveltekit-frontend/src/lib/services/user-chat-recommendation-engine.ts(454,64): error TS1005: ';' expected.
sveltekit-frontend/src/lib/services/user-chat-recommendation-engine.ts(454,78): error TS1109: Expression expected.
sveltekit-frontend/src/lib/services/user-chat-recommendation-engine.ts(456,9): error TS1005: ':' expected.
sveltekit-frontend/src/lib/services/user-chat-recommendation-engine.ts(456,45): error TS1005: ',' expected.
sveltekit-frontend/src/lib/services/user-chat-recommendation-engine.ts(458,9): error TS1005: ':' expected.
sveltekit-frontend/src/lib/services/user-chat-recommendation-engine.ts(462,7): error TS1005: ',' expected.
sveltekit-frontend/src/lib/services/user-chat-recommendation-engine.ts(464,11): error TS1005: ',' expected.
sveltekit-frontend/src/lib/services/user-chat-recommendation-engine.ts(464,16): error TS1005: ',' expected.
sveltekit-frontend/src/lib/services/user-chat-recommendation-engine.ts(464,57): error TS1005: ',' expected.
sveltekit-frontend/src/lib/services/user-chat-recommendation-engine.ts(466,9): error TS1005: ':' expected.
sveltekit-frontend/src/lib/services/user-chat-recommendation-engine.ts(469,7): error TS1005: ')' expected.
sveltekit-frontend/src/lib/services/user-chat-recommendation-engine.ts(470,13): error TS1003: Identifier expected.
sveltekit-frontend/src/lib/services/user-chat-recommendation-engine.ts(470,75): error TS1005: ',' expected.
sveltekit-frontend/src/lib/services/user-chat-recommendation-engine.ts(475,3): error TS1128: Declaration or statement expected.
sveltekit-frontend/src/lib/services/user-chat-recommendation-engine.ts(475,10): error TS1434: Unexpected keyword or identifier.
sveltekit-frontend/src/lib/services/user-chat-recommendation-engine.ts(475,38): error TS1005: ',' expected.
sveltekit-frontend/src/lib/services/user-chat-recommendation-engine.ts(476,5): error TS1005: ',' expected.
sveltekit-frontend/src/lib/services/user-chat-recommendation-engine.ts(476,10): error TS1005: ',' expected.
sveltekit-frontend/src/lib/services/user-chat-recommendation-engine.ts(477,12): error TS1005: ',' expected.
sveltekit-frontend/src/lib/services/user-chat-recommendation-engine.ts(479,32): error TS1005: ',' expected.
sveltekit-frontend/src/lib/services/user-chat-recommendation-engine.ts(482,34): error TS1005: ',' expected.
sveltekit-frontend/src/lib/services/user-chat-recommendation-engine.ts(483,5): error TS1128: Declaration or statement expected.
sveltekit-frontend/src/lib/services/user-chat-recommendation-engine.ts(483,7): error TS1128: Declaration or statement expected.
sveltekit-frontend/src/lib/services/user-chat-recommendation-engine.ts(484,3): error TS1128: Declaration or statement expected.
sveltekit-frontend/src/lib/services/user-chat-recommendation-engine.ts(484,4): error TS1128: Declaration or statement expected.
sveltekit-frontend/src/lib/services/user-chat-recommendation-engine.ts(484,30): error TS1011: An element access expression should take an argument.
sveltekit-frontend/src/lib/services/user-chat-recommendation-engine.ts(485,11): error TS1005: ':' expected.
sveltekit-frontend/src/lib/services/user-chat-recommendation-engine.ts(485,61): error TS1005: ',' expected.
sveltekit-frontend/src/lib/services/user-chat-recommendation-engine.ts(485,63): error TS1005: ',' expected.
sveltekit-frontend/src/lib/services/user-chat-recommendation-engine.ts(490,12): error TS1005: ':' expected.
sveltekit-frontend/src/lib/services/user-chat-recommendation-engine.ts(490,14): error TS1136: Property assignment expected.
sveltekit-frontend/src/lib/services/user-chat-recommendation-engine.ts(496,7): error TS1005: ',' expected.
sveltekit-frontend/src/lib/services/user-chat-recommendation-engine.ts(496,9): error TS1128: Declaration or statement expected.
sveltekit-frontend/src/lib/services/user-chat-recommendation-engine.ts(496,10): error TS1128: Declaration or statement expected.
sveltekit-frontend/src/lib/services/user-chat-recommendation-engine.ts(496,51): error TS1005: ')' expected.
sveltekit-frontend/src/lib/services/user-chat-recommendation-engine.ts(497,5): error TS1128: Declaration or statement expected.
sveltekit-frontend/src/lib/services/user-chat-recommendation-engine.ts(498,3): error TS1128: Declaration or statement expected.
sveltekit-frontend/src/lib/services/user-chat-recommendation-engine.ts(502,3): error TS1128: Declaration or statement expected.
sveltekit-frontend/src/lib/services/user-chat-recommendation-engine.ts(502,10): error TS1434: Unexpected keyword or identifier.
sveltekit-frontend/src/lib/services/user-chat-recommendation-engine.ts(502,39): error TS1005: ',' expected.
sveltekit-frontend/src/lib/services/user-chat-recommendation-engine.ts(502,48): error TS1005: ';' expected.
sveltekit-frontend/src/lib/services/user-chat-recommendation-engine.ts(503,11): error TS1005: ':' expected.
sveltekit-frontend/src/lib/services/user-chat-recommendation-engine.ts(503,59): error TS1005: ',' expected.
sveltekit-frontend/src/lib/services/user-chat-recommendation-engine.ts(504,11): error TS1005: ':' expected.
sveltekit-frontend/src/lib/services/user-chat-recommendation-engine.ts(504,65): error TS1005: ',' expected.
sveltekit-frontend/src/lib/services/user-chat-recommendation-engine.ts(505,11): error TS1005: ':' expected.
sveltekit-frontend/src/lib/services/user-chat-recommendation-engine.ts(505,66): error TS1005: ',' expected.
sveltekit-frontend/src/lib/services/user-chat-recommendation-engine.ts(507,11): error TS1005: ':' expected.
sveltekit-frontend/src/lib/services/user-chat-recommendation-engine.ts(507,41): error TS1005: ',' expected.
sveltekit-frontend/src/lib/services/user-chat-recommendation-engine.ts(508,11): error TS1005: ':' expected.
sveltekit-frontend/src/lib/services/user-chat-recommendation-engine.ts(508,47): error TS1005: ',' expected.
sveltekit-frontend/src/lib/services/user-chat-recommendation-engine.ts(509,11): error TS1005: ':' expected.
sveltekit-frontend/src/lib/services/user-chat-recommendation-engine.ts(509,74): error TS1109: Expression expected.
sveltekit-frontend/src/lib/services/user-chat-recommendation-engine.ts(510,11): error TS1005: ',' expected.
sveltekit-frontend/src/lib/services/user-chat-recommendation-engine.ts(510,37): error TS1005: ';' expected.
sveltekit-frontend/src/lib/services/user-chat-recommendation-engine.ts(510,39): error TS1161: Unterminated regular expression literal.
sveltekit-frontend/src/lib/services/user-chat-recommendation-engine.ts(518,7): error TS1128: Declaration or statement expected.
sveltekit-frontend/src/lib/services/user-chat-recommendation-engine.ts(520,31): error TS1005: ')' expected.
sveltekit-frontend/src/lib/services/user-chat-recommendation-engine.ts(524,7): error TS1128: Declaration or statement expected.
sveltekit-frontend/src/lib/services/user-chat-recommendation-engine.ts(524,47): error TS1005: ';' expected.
sveltekit-frontend/src/lib/services/user-chat-recommendation-engine.ts(532,7): error TS1005: ',' expected.
sveltekit-frontend/src/lib/services/user-chat-recommendation-engine.ts(534,3): error TS1128: Declaration or statement expected.
sveltekit-frontend/src/lib/services/user-chat-recommendation-engine.ts(538,3): error TS1128: Declaration or statement expected.
sveltekit-frontend/src/lib/services/user-chat-recommendation-engine.ts(538,10): error TS1434: Unexpected keyword or identifier.
sveltekit-frontend/src/lib/services/user-chat-recommendation-engine.ts(538,37): error TS1005: ',' expected.
sveltekit-frontend/src/lib/services/user-chat-recommendation-engine.ts(538,54): error TS1005: ',' expected.
sveltekit-frontend/src/lib/services/user-chat-recommendation-engine.ts(538,89): error TS1005: ',' expected.
sveltekit-frontend/src/lib/services/user-chat-recommendation-engine.ts(538,102): error TS1005: ';' expected.
sveltekit-frontend/src/lib/services/user-chat-recommendation-engine.ts(539,11): error TS1005: ':' expected.
sveltekit-frontend/src/lib/services/user-chat-recommendation-engine.ts(547,5): error TS1005: ',' expected.
sveltekit-frontend/src/lib/services/user-chat-recommendation-engine.ts(548,7): error TS1128: Declaration or statement expected.
sveltekit-frontend/src/lib/services/user-chat-recommendation-engine.ts(548,11): error TS1005: ':' expected.
sveltekit-frontend/src/lib/services/user-chat-recommendation-engine.ts(550,17): error TS1003: Identifier expected.
sveltekit-frontend/src/lib/services/user-chat-recommendation-engine.ts(550,79): error TS1005: ',' expected.
sveltekit-frontend/src/lib/services/user-chat-recommendation-engine.ts(551,16): error TS1005: ':' expected.
sveltekit-frontend/src/lib/services/user-chat-recommendation-engine.ts(551,40): error TS1005: ',' expected.
sveltekit-frontend/src/lib/services/user-chat-recommendation-engine.ts(552,11): error TS1005: ':' expected.
sveltekit-frontend/src/lib/services/user-chat-recommendation-engine.ts(553,9): error TS1109: Expression expected.
sveltekit-frontend/src/lib/services/user-chat-recommendation-engine.ts(553,16): error TS1005: ':' expected.
sveltekit-frontend/src/lib/services/user-chat-recommendation-engine.ts(553,40): error TS1005: ',' expected.
sveltekit-frontend/src/lib/services/user-chat-recommendation-engine.ts(554,11): error TS1005: ':' expected.
sveltekit-frontend/src/lib/services/user-chat-recommendation-engine.ts(555,7): error TS1109: Expression expected.
sveltekit-frontend/src/lib/services/user-chat-recommendation-engine.ts(556,9): error TS1109: Expression expected.
sveltekit-frontend/src/lib/services/user-chat-recommendation-engine.ts(556,16): error TS1005: ':' expected.
sveltekit-frontend/src/lib/services/user-chat-recommendation-engine.ts(556,49): error TS1005: ',' expected.
sveltekit-frontend/src/lib/services/user-chat-recommendation-engine.ts(558,3): error TS1128: Declaration or statement expected.
sveltekit-frontend/src/lib/services/user-chat-recommendation-engine.ts(560,3): error TS1128: Declaration or statement expected.
sveltekit-frontend/src/lib/services/user-chat-recommendation-engine.ts(560,11): error TS1434: Unexpected keyword or identifier.
sveltekit-frontend/src/lib/services/user-chat-recommendation-engine.ts(560,39): error TS1005: ',' expected.
sveltekit-frontend/src/lib/services/user-chat-recommendation-engine.ts(560,48): error TS1005: ';' expected.
sveltekit-frontend/src/lib/services/user-chat-recommendation-engine.ts(560,65): error TS1011: An element access expression should take an argument.
sveltekit-frontend/src/lib/services/user-chat-recommendation-engine.ts(561,9): error TS1005: ':' expected.
sveltekit-frontend/src/lib/services/user-chat-recommendation-engine.ts(563,13): error TS1005: ':' expected.
sveltekit-frontend/src/lib/services/user-chat-recommendation-engine.ts(563,74): error TS1005: ',' expected.
sveltekit-frontend/src/lib/services/user-chat-recommendation-engine.ts(563,75): error TS1136: Property assignment expected.
sveltekit-frontend/src/lib/services/user-chat-recommendation-engine.ts(563,76): error TS1136: Property assignment expected.
sveltekit-frontend/src/lib/services/user-chat-recommendation-engine.ts(564,14): error TS1005: ':' expected.
sveltekit-frontend/src/lib/services/user-chat-recommendation-engine.ts(564,43): error TS1005: ',' expected.
sveltekit-frontend/src/lib/services/user-chat-recommendation-engine.ts(565,7): error TS1005: ',' expected.
sveltekit-frontend/src/lib/services/user-chat-recommendation-engine.ts(570,3): error TS1128: Declaration or statement expected.
sveltekit-frontend/src/lib/services/user-chat-recommendation-engine.ts(570,11): error TS1434: Unexpected keyword or identifier.
sveltekit-frontend/src/lib/services/user-chat-recommendation-engine.ts(570,41): error TS1005: ',' expected.
sveltekit-frontend/src/lib/services/user-chat-recommendation-engine.ts(570,50): error TS1005: ';' expected.
sveltekit-frontend/src/lib/services/user-chat-recommendation-engine.ts(572,11): error TS1005: ':' expected.
sveltekit-frontend/src/lib/services/user-chat-recommendation-engine.ts(577,6): error TS1005: ',' expected.
sveltekit-frontend/src/lib/services/user-chat-recommendation-engine.ts(578,11): error TS1005: ':' expected.
sveltekit-frontend/src/lib/services/user-chat-recommendation-engine.ts(578,41): error TS1005: ',' expected.
sveltekit-frontend/src/lib/services/user-chat-recommendation-engine.ts(579,11): error TS1005: ':' expected.
sveltekit-frontend/src/lib/services/user-chat-recommendation-engine.ts(579,74): error TS1005: ')' expected.
sveltekit-frontend/src/lib/services/user-chat-recommendation-engine.ts(580,12): error TS1005: ':' expected.
sveltekit-frontend/src/lib/services/user-chat-recommendation-engine.ts(586,3): error TS1128: Declaration or statement expected.
sveltekit-frontend/src/lib/services/user-chat-recommendation-engine.ts(586,34): error TS1005: ',' expected.
sveltekit-frontend/src/lib/services/user-chat-recommendation-engine.ts(586,43): error TS1005: ';' expected.
sveltekit-frontend/src/lib/services/user-chat-recommendation-engine.ts(586,45): error TS1434: Unexpected keyword or identifier.
sveltekit-frontend/src/lib/services/user-chat-recommendation-engine.ts(590,3): error TS1128: Declaration or statement expected.
sveltekit-frontend/src/lib/services/user-chat-recommendation-engine.ts(590,11): error TS1434: Unexpected keyword or identifier.
sveltekit-frontend/src/lib/services/user-chat-recommendation-engine.ts(590,40): error TS1005: ',' expected.
sveltekit-frontend/src/lib/services/user-chat-recommendation-engine.ts(590,57): error TS1005: ',' expected.
sveltekit-frontend/src/lib/services/user-chat-recommendation-engine.ts(590,67): error TS1005: ';' expected.
sveltekit-frontend/src/lib/services/user-chat-recommendation-engine.ts(590,81): error TS1109: Expression expected.
sveltekit-frontend/src/lib/services/user-chat-recommendation-engine.ts(591,9): error TS1005: ',' expected.
sveltekit-frontend/src/lib/services/user-chat-recommendation-engine.ts(591,68): error TS1005: ',' expected.
sveltekit-frontend/src/lib/services/user-chat-recommendation-engine.ts(592,9): error TS1003: Identifier expected.
sveltekit-frontend/src/lib/services/user-chat-recommendation-engine.ts(606,5): error TS1005: ',' expected.
sveltekit-frontend/src/lib/services/user-chat-recommendation-engine.ts(606,13): error TS1003: Identifier expected.
sveltekit-frontend/src/lib/services/user-chat-recommendation-engine.ts(606,29): error TS1109: Expression expected.
sveltekit-frontend/src/lib/services/user-chat-recommendation-engine.ts(607,13): error TS1003: Identifier expected.
sveltekit-frontend/src/lib/services/user-chat-recommendation-engine.ts(607,34): error TS1005: ',' expected.
sveltekit-frontend/src/lib/services/user-chat-recommendation-engine.ts(608,9): error TS1005: ':' expected.
sveltekit-frontend/src/lib/services/user-chat-recommendation-engine.ts(608,43): error TS1005: ',' expected.
sveltekit-frontend/src/lib/services/user-chat-recommendation-engine.ts(610,3): error TS1128: Declaration or statement expected.
sveltekit-frontend/src/lib/services/user-chat-recommendation-engine.ts(610,11): error TS1434: Unexpected keyword or identifier.
sveltekit-frontend/src/lib/services/user-chat-recommendation-engine.ts(610,38): error TS1005: ',' expected.
sveltekit-frontend/src/lib/services/user-chat-recommendation-engine.ts(610,58): error TS1005: ',' expected.
sveltekit-frontend/src/lib/services/user-chat-recommendation-engine.ts(610,68): error TS1005: ';' expected.
sveltekit-frontend/src/lib/services/user-chat-recommendation-engine.ts(611,11): error TS1005: ':' expected.
sveltekit-frontend/src/lib/services/user-chat-recommendation-engine.ts(611,45): error TS1005: ',' expected.
sveltekit-frontend/src/lib/services/user-chat-recommendation-engine.ts(612,7): error TS1003: Identifier expected.
sveltekit-frontend/src/lib/services/user-chat-recommendation-engine.ts(616,7): error TS1003: Identifier expected.
sveltekit-frontend/src/lib/services/user-chat-recommendation-engine.ts(616,14): error TS1005: ',' expected.
sveltekit-frontend/src/lib/services/user-chat-recommendation-engine.ts(617,12): error TS1005: ':' expected.
sveltekit-frontend/src/lib/services/user-chat-recommendation-engine.ts(622,3): error TS1128: Declaration or statement expected.
sveltekit-frontend/src/lib/services/user-chat-recommendation-engine.ts(622,11): error TS1434: Unexpected keyword or identifier.
sveltekit-frontend/src/lib/services/user-chat-recommendation-engine.ts(622,44): error TS1005: ',' expected.
sveltekit-frontend/src/lib/services/user-chat-recommendation-engine.ts(622,69): error TS1109: Expression expected.
sveltekit-frontend/src/lib/services/user-chat-recommendation-engine.ts(622,78): error TS1011: An element access expression should take an argument.
sveltekit-frontend/src/lib/services/user-chat-recommendation-engine.ts(622,80): error TS1005: ';' expected.
sveltekit-frontend/src/lib/services/user-chat-recommendation-engine.ts(622,94): error TS1011: An element access expression should take an argument.
sveltekit-frontend/src/lib/services/user-chat-recommendation-engine.ts(625,12): error TS1005: ':' expected.
sveltekit-frontend/src/lib/services/user-chat-recommendation-engine.ts(628,16): error TS1005: ',' expected.
sveltekit-frontend/src/lib/services/user-chat-recommendation-engine.ts(628,18): error TS1005: ';' expected.
sveltekit-frontend/src/lib/services/user-chat-recommendation-engine.ts(629,3): error TS1128: Declaration or statement expected.
sveltekit-frontend/src/lib/services/user-chat-recommendation-engine.ts(630,3): error TS1128: Declaration or statement expected.
sveltekit-frontend/src/lib/services/user-chat-recommendation-engine.ts(630,11): error TS1434: Unexpected keyword or identifier.
sveltekit-frontend/src/lib/services/user-chat-recommendation-engine.ts(630,44): error TS1005: ',' expected.
sveltekit-frontend/src/lib/services/user-chat-recommendation-engine.ts(630,53): error TS1005: ';' expected.
sveltekit-frontend/src/lib/services/user-chat-recommendation-engine.ts(631,11): error TS1005: ':' expected.
sveltekit-frontend/src/lib/services/user-chat-recommendation-engine.ts(631,73): error TS1005: ',' expected.
sveltekit-frontend/src/lib/services/user-chat-recommendation-engine.ts(633,12): error TS1005: ':' expected.
sveltekit-frontend/src/lib/services/user-chat-recommendation-engine.ts(640,3): error TS1128: Declaration or statement expected.
sveltekit-frontend/src/lib/services/user-chat-recommendation-engine.ts(640,11): error TS1434: Unexpected keyword or identifier.
sveltekit-frontend/src/lib/services/user-chat-recommendation-engine.ts(640,61): error TS1005: ',' expected.
sveltekit-frontend/src/lib/services/user-chat-recommendation-engine.ts(641,5): error TS1005: ',' expected.
sveltekit-frontend/src/lib/services/user-chat-recommendation-engine.ts(641,12): error TS1005: ',' expected.
sveltekit-frontend/src/lib/services/user-chat-recommendation-engine.ts(642,5): error TS1005: ',' expected.
sveltekit-frontend/src/lib/services/user-chat-recommendation-engine.ts(642,20): error TS1005: ',' expected.
sveltekit-frontend/src/lib/services/user-chat-recommendation-engine.ts(642,26): error TS1011: An element access expression should take an argument.
sveltekit-frontend/src/lib/services/user-chat-recommendation-engine.ts(642,27): error TS1005: ')' expected.
sveltekit-frontend/src/lib/services/user-chat-recommendation-engine.ts(643,15): error TS1434: Unexpected keyword or identifier.
sveltekit-frontend/src/lib/services/user-chat-recommendation-engine.ts(643,18): error TS1128: Declaration or statement expected.
sveltekit-frontend/src/lib/services/user-chat-recommendation-engine.ts(643,19): error TS1128: Declaration or statement expected.
sveltekit-frontend/src/lib/services/user-chat-recommendation-engine.ts(643,50): error TS1011: An element access expression should take an argument.
sveltekit-frontend/src/lib/services/user-chat-recommendation-engine.ts(644,11): error TS1005: ':' expected.
sveltekit-frontend/src/lib/services/user-chat-recommendation-engine.ts(644,52): error TS1109: Expression expected.
sveltekit-frontend/src/lib/services/user-chat-recommendation-engine.ts(644,53): error TS1005: ':' expected.
sveltekit-frontend/src/lib/services/user-chat-recommendation-engine.ts(644,55): error TS1136: Property assignment expected.
sveltekit-frontend/src/lib/services/user-chat-recommendation-engine.ts(644,58): error TS1109: Expression expected.
sveltekit-frontend/src/lib/services/user-chat-recommendation-engine.ts(644,59): error TS1005: ':' expected.
sveltekit-frontend/src/lib/services/user-chat-recommendation-engine.ts(646,17): error TS1138: Parameter declaration expected.
sveltekit-frontend/src/lib/services/user-chat-recommendation-engine.ts(646,39): error TS1005: ',' expected.
sveltekit-frontend/src/lib/services/user-chat-recommendation-engine.ts(646,41): error TS1136: Property assignment expected.
sveltekit-frontend/src/lib/services/user-chat-recommendation-engine.ts(672,3): error TS1128: Declaration or statement expected.
sveltekit-frontend/src/lib/services/user-chat-recommendation-engine.ts(673,3): error TS1128: Declaration or statement expected.
sveltekit-frontend/src/lib/services/user-chat-recommendation-engine.ts(673,11): error TS1434: Unexpected keyword or identifier.
sveltekit-frontend/src/lib/services/user-chat-recommendation-engine.ts(673,55): error TS1005: ',' expected.
sveltekit-frontend/src/lib/services/user-chat-recommendation-engine.ts(673,79): error TS1005: ';' expected.
sveltekit-frontend/src/lib/services/user-chat-recommendation-engine.ts(673,93): error TS1109: Expression expected.
sveltekit-frontend/src/lib/services/user-chat-recommendation-engine.ts(676,13): error TS1003: Identifier expected.
sveltekit-frontend/src/lib/services/user-chat-recommendation-engine.ts(676,81): error TS1005: ',' expected.
sveltekit-frontend/src/lib/services/user-chat-recommendation-engine.ts(678,3): error TS1128: Declaration or statement expected.
sveltekit-frontend/src/lib/services/user-chat-recommendation-engine.ts(678,11): error TS1434: Unexpected keyword or identifier.
sveltekit-frontend/src/lib/services/user-chat-recommendation-engine.ts(678,49): error TS1005: ',' expected.
sveltekit-frontend/src/lib/services/user-chat-recommendation-engine.ts(679,5): error TS1005: ',' expected.
sveltekit-frontend/src/lib/services/user-chat-recommendation-engine.ts(679,10): error TS1005: ',' expected.
sveltekit-frontend/src/lib/services/user-chat-recommendation-engine.ts(680,5): error TS1005: ',' expected.
sveltekit-frontend/src/lib/services/user-chat-recommendation-engine.ts(680,19): error TS1005: ',' expected.
sveltekit-frontend/src/lib/services/user-chat-recommendation-engine.ts(680,28): error TS1011: An element access expression should take an argument.
sveltekit-frontend/src/lib/services/user-chat-recommendation-engine.ts(680,29): error TS1005: ')' expected.
sveltekit-frontend/src/lib/services/user-chat-recommendation-engine.ts(681,14): error TS1434: Unexpected keyword or identifier.
sveltekit-frontend/src/lib/services/user-chat-recommendation-engine.ts(681,17): error TS1128: Declaration or statement expected.
sveltekit-frontend/src/lib/services/user-chat-recommendation-engine.ts(681,18): error TS1128: Declaration or statement expected.
sveltekit-frontend/src/lib/services/user-chat-recommendation-engine.ts(681,44): error TS1011: An element access expression should take an argument.
sveltekit-frontend/src/lib/services/user-chat-recommendation-engine.ts(684,9): error TS1005: ',' expected.
sveltekit-frontend/src/lib/services/user-chat-recommendation-engine.ts(684,55): error TS1005: ',' expected.
sveltekit-frontend/src/lib/services/user-chat-recommendation-engine.ts(685,17): error TS1138: Parameter declaration expected.
sveltekit-frontend/src/lib/services/user-chat-recommendation-engine.ts(685,28): error TS1005: ',' expected.
sveltekit-frontend/src/lib/services/user-chat-recommendation-engine.ts(685,30): error TS1136: Property assignment expected.
sveltekit-frontend/src/lib/services/user-chat-recommendation-engine.ts(695,3): error TS1128: Declaration or statement expected.
sveltekit-frontend/src/lib/services/user-chat-recommendation-engine.ts(696,3): error TS1128: Declaration or statement expected.
sveltekit-frontend/src/lib/services/user-chat-recommendation-engine.ts(696,11): error TS1434: Unexpected keyword or identifier.
sveltekit-frontend/src/lib/services/user-chat-recommendation-engine.ts(696,38): error TS1005: ',' expected.
sveltekit-frontend/src/lib/services/user-chat-recommendation-engine.ts(696,47): error TS1005: ';' expected.
sveltekit-frontend/src/lib/services/user-chat-recommendation-engine.ts(698,11): error TS1005: ':' expected.
sveltekit-frontend/src/lib/services/user-chat-recommendation-engine.ts(698,58): error TS1005: ',' expected.
sveltekit-frontend/src/lib/services/user-chat-recommendation-engine.ts(699,12): error TS1005: ':' expected.
sveltekit-frontend/src/lib/services/user-chat-recommendation-engine.ts(721,3): error TS1128: Declaration or statement expected.
sveltekit-frontend/src/lib/services/user-chat-recommendation-engine.ts(721,38): error TS1005: ';' expected.
sveltekit-frontend/src/lib/services/user-chat-recommendation-engine.ts(731,3): error TS1128: Declaration or statement expected.
sveltekit-frontend/src/lib/services/user-chat-recommendation-engine.ts(731,11): error TS1434: Unexpected keyword or identifier.
sveltekit-frontend/src/lib/services/user-chat-recommendation-engine.ts(731,40): error TS1005: ';' expected.
sveltekit-frontend/src/lib/services/user-chat-recommendation-engine.ts(731,54): error TS1109: Expression expected.
sveltekit-frontend/src/lib/services/user-chat-recommendation-engine.ts(732,13): error TS1005: ',' expected.
sveltekit-frontend/src/lib/services/user-chat-recommendation-engine.ts(732,48): error TS1109: Expression expected.
sveltekit-frontend/src/lib/services/user-chat-recommendation-engine.ts(732,51): error TS1005: ':' expected.
sveltekit-frontend/src/lib/services/user-chat-recommendation-engine.ts(732,60): error TS1005: ',' expected.
sveltekit-frontend/src/lib/services/user-chat-recommendation-engine.ts(733,11): error TS1005: ':' expected.
sveltekit-frontend/src/lib/services/user-chat-recommendation-engine.ts(733,61): error TS1005: ',' expected.
sveltekit-frontend/src/lib/services/user-chat-recommendation-engine.ts(735,9): error TS1005: ':' expected.
sveltekit-frontend/src/lib/services/user-chat-recommendation-engine.ts(736,12): error TS1359: Identifier expected. 'const' is a reserved word that cannot be used here.
sveltekit-frontend/src/lib/services/user-chat-recommendation-engine.ts(736,18): error TS1005: ',' expected.
sveltekit-frontend/src/lib/services/user-chat-recommendation-engine.ts(736,28): error TS1005: ',' expected.
sveltekit-frontend/src/lib/services/user-chat-recommendation-engine.ts(739,7): error TS1005: ',' expected.
sveltekit-frontend/src/lib/services/user-chat-recommendation-engine.ts(743,3): error TS1128: Declaration or statement expected.
sveltekit-frontend/src/lib/services/user-chat-recommendation-engine.ts(743,11): error TS1434: Unexpected keyword or identifier.
sveltekit-frontend/src/lib/services/user-chat-recommendation-engine.ts(743,39): error TS1005: ';' expected.
sveltekit-frontend/src/lib/services/user-chat-recommendation-engine.ts(743,53): error TS1109: Expression expected.
sveltekit-frontend/src/lib/services/user-chat-recommendation-engine.ts(744,13): error TS1005: ',' expected.
sveltekit-frontend/src/lib/services/user-chat-recommendation-engine.ts(744,47): error TS1109: Expression expected.
sveltekit-frontend/src/lib/services/user-chat-recommendation-engine.ts(744,50): error TS1005: ':' expected.
sveltekit-frontend/src/lib/services/user-chat-recommendation-engine.ts(744,59): error TS1005: ',' expected.
sveltekit-frontend/src/lib/services/user-chat-recommendation-engine.ts(745,11): error TS1005: ':' expected.
sveltekit-frontend/src/lib/services/user-chat-recommendation-engine.ts(745,59): error TS1005: ',' expected.
sveltekit-frontend/src/lib/services/user-chat-recommendation-engine.ts(747,10): error TS1359: Identifier expected. 'const' is a reserved word that cannot be used here.
sveltekit-frontend/src/lib/services/user-chat-recommendation-engine.ts(747,16): error TS1005: ',' expected.
sveltekit-frontend/src/lib/services/user-chat-recommendation-engine.ts(747,30): error TS1005: ',' expected.
sveltekit-frontend/src/lib/services/user-chat-recommendation-engine.ts(751,3): error TS1128: Declaration or statement expected.
sveltekit-frontend/src/lib/services/user-chat-recommendation-engine.ts(751,11): error TS1434: Unexpected keyword or identifier.
sveltekit-frontend/src/lib/services/user-chat-recommendation-engine.ts(751,32): error TS1005: ';' expected.
sveltekit-frontend/src/lib/services/user-chat-recommendation-engine.ts(751,46): error TS1109: Expression expected.
sveltekit-frontend/src/lib/services/user-chat-recommendation-engine.ts(753,13): error TS1005: ',' expected.
sveltekit-frontend/src/lib/services/user-chat-recommendation-engine.ts(753,49): error TS1109: Expression expected.
sveltekit-frontend/src/lib/services/user-chat-recommendation-engine.ts(753,52): error TS1005: ':' expected.
sveltekit-frontend/src/lib/services/user-chat-recommendation-engine.ts(753,54): error TS1136: Property assignment expected.
sveltekit-frontend/src/lib/services/user-chat-recommendation-engine.ts(758,3): error TS1128: Declaration or statement expected.
sveltekit-frontend/src/lib/services/user-chat-recommendation-engine.ts(759,3): error TS1128: Declaration or statement expected.
sveltekit-frontend/src/lib/services/user-chat-recommendation-engine.ts(759,11): error TS1434: Unexpected keyword or identifier.
sveltekit-frontend/src/lib/services/user-chat-recommendation-engine.ts(759,48): error TS1005: ',' expected.
sveltekit-frontend/src/lib/services/user-chat-recommendation-engine.ts(759,54): error TS1005: ';' expected.
sveltekit-frontend/src/lib/services/user-chat-recommendation-engine.ts(759,68): error TS1109: Expression expected.
sveltekit-frontend/src/lib/services/user-chat-recommendation-engine.ts(761,13): error TS1003: Identifier expected.
sveltekit-frontend/src/lib/services/user-chat-recommendation-engine.ts(761,69): error TS1005: ',' expected.
sveltekit-frontend/src/lib/services/user-chat-recommendation-engine.ts(763,3): error TS1128: Declaration or statement expected.
sveltekit-frontend/src/lib/services/user-chat-recommendation-engine.ts(763,11): error TS1434: Unexpected keyword or identifier.
sveltekit-frontend/src/lib/services/user-chat-recommendation-engine.ts(763,50): error TS1005: ',' expected.
sveltekit-frontend/src/lib/services/user-chat-recommendation-engine.ts(763,74): error TS1005: ';' expected.
sveltekit-frontend/src/lib/services/user-chat-recommendation-engine.ts(763,88): error TS1109: Expression expected.
sveltekit-frontend/src/lib/services/user-chat-recommendation-engine.ts(765,13): error TS1003: Identifier expected.
sveltekit-frontend/src/lib/services/user-chat-recommendation-engine.ts(765,73): error TS1005: ',' expected.
sveltekit-frontend/src/lib/services/user-chat-recommendation-engine.ts(767,3): error TS1128: Declaration or statement expected.
sveltekit-frontend/src/lib/services/user-chat-recommendation-engine.ts(767,38): error TS1005: ';' expected.
sveltekit-frontend/src/lib/services/user-chat-recommendation-engine.ts(769,9): error TS1005: ':' expected.
sveltekit-frontend/src/lib/services/user-chat-recommendation-engine.ts(769,43): error TS1005: ',' expected.
sveltekit-frontend/src/lib/services/user-chat-recommendation-engine.ts(770,13): error TS1003: Identifier expected.
sveltekit-frontend/src/lib/services/user-chat-recommendation-engine.ts(770,63): error TS1005: ',' expected.
sveltekit-frontend/src/lib/services/user-chat-recommendation-engine.ts(772,3): error TS1128: Declaration or statement expected.
sveltekit-frontend/src/lib/services/user-chat-recommendation-engine.ts(772,39): error TS1005: ',' expected.
sveltekit-frontend/src/lib/services/user-chat-recommendation-engine.ts(772,45): error TS1005: ';' expected.
sveltekit-frontend/src/lib/services/user-chat-recommendation-engine.ts(774,13): error TS1003: Identifier expected.
sveltekit-frontend/src/lib/services/user-chat-recommendation-engine.ts(774,56): error TS1005: ',' expected.
sveltekit-frontend/src/lib/services/user-chat-recommendation-engine.ts(776,3): error TS1128: Declaration or statement expected.
sveltekit-frontend/src/lib/services/user-chat-recommendation-engine.ts(777,12): error TS1005: ':' expected.
sveltekit-frontend/src/lib/services/user-chat-recommendation-engine.ts(803,10): error TS1005: ';' expected.
sveltekit-frontend/src/lib/services/user-chat-recommendation-engine.ts(827,8): error TS1005: ';' expected.
sveltekit-frontend/src/lib/services/user-chat-recommendation-engine.ts(838,59): error TS1005: ';' expected.
sveltekit-frontend/src/lib/services/user-chat-recommendation-engine.ts(839,3): error TS1068: Unexpected token. A constructor, method, accessor, or property was expected.
sveltekit-frontend/src/lib/services/user-chat-recommendation-engine.ts(840,38): error TS1005: ',' expected.
sveltekit-frontend/src/lib/services/user-chat-recommendation-engine.ts(844,1): error TS1128: Declaration or statement expected.
sveltekit-frontend/src/lib/services/vector-intelligence-service.ts(29,1): error TS1128: Declaration or statement expected.
sveltekit-frontend/src/lib/services/vector-intelligence-service.ts(29,9): error TS1434: Unexpected keyword or identifier.
sveltekit-frontend/src/lib/services/vector-intelligence-service.ts(29,43): error TS1135: Argument expression expected.
sveltekit-frontend/src/lib/services/vector-intelligence-service.ts(29,52): error TS1005: ';' expected.
sveltekit-frontend/src/lib/services/vector-intelligence-service.ts(30,7): error TS1005: ':' expected.
sveltekit-frontend/src/lib/services/vector-intelligence-service.ts(31,11): error TS1005: ':' expected.
sveltekit-frontend/src/lib/services/vector-intelligence-service.ts(35,7): error TS1005: ',' expected.
sveltekit-frontend/src/lib/services/vector-intelligence-service.ts(36,11): error TS1005: ':' expected.
sveltekit-frontend/src/lib/services/vector-intelligence-service.ts(36,52): error TS1005: ',' expected.
sveltekit-frontend/src/lib/services/vector-intelligence-service.ts(38,11): error TS1005: ':' expected.
sveltekit-frontend/src/lib/services/vector-intelligence-service.ts(43,11): error TS1005: ',' expected.
sveltekit-frontend/src/lib/services/vector-intelligence-service.ts(44,15): error TS1138: Parameter declaration expected.
sveltekit-frontend/src/lib/services/vector-intelligence-service.ts(44,28): error TS1005: ',' expected.
sveltekit-frontend/src/lib/services/vector-intelligence-service.ts(44,38): error TS1005: ',' expected.
sveltekit-frontend/src/lib/services/vector-intelligence-service.ts(44,42): error TS1005: ':' expected.
sveltekit-frontend/src/lib/services/vector-intelligence-service.ts(44,72): error TS1005: ',' expected.
sveltekit-frontend/src/lib/services/vector-intelligence-service.ts(45,5): error TS1005: ',' expected.
sveltekit-frontend/src/lib/services/vector-intelligence-service.ts(48,3): error TS1005: ',' expected.
sveltekit-frontend/src/lib/services/vector-intelligence-service.ts(48,10): error TS1005: ':' expected.
sveltekit-frontend/src/lib/services/vector-intelligence-service.ts(48,46): error TS1005: ',' expected.
sveltekit-frontend/src/lib/services/vector-pipeline-service.ts(17,1): error TS1128: Declaration or statement expected.
sveltekit-frontend/src/lib/services/vector-pipeline-service.ts(33,1): error TS1128: Declaration or statement expected.
sveltekit-frontend/src/lib/services/vector-pipeline-service.ts(46,1): error TS1128: Declaration or statement expected.
sveltekit-frontend/src/lib/services/vector-pipeline-service.ts(81,19): error TS1005: ';' expected.
sveltekit-frontend/src/lib/services/vector-pipeline-service.ts(82,4): error TS1128: Declaration or statement expected.
sveltekit-frontend/src/lib/services/vector-pipeline-service.ts(82,5): error TS1128: Declaration or statement expected.
sveltekit-frontend/src/lib/services/vector-pipeline-service.ts(83,13): error TS1003: Identifier expected.
sveltekit-frontend/src/lib/services/vector-pipeline-service.ts(83,104): error TS1005: ',' expected.
sveltekit-frontend/src/lib/services/vector-pipeline-service.ts(84,11): error TS1005: ':' expected.
sveltekit-frontend/src/lib/services/vector-pipeline-service.ts(88,7): error TS1005: ',' expected.
sveltekit-frontend/src/lib/services/vector-pipeline-service.ts(89,9): error TS1003: Identifier expected.
sveltekit-frontend/src/lib/services/vector-pipeline-service.ts(89,10): error TS1138: Parameter declaration expected.
sveltekit-frontend/src/lib/services/vector-pipeline-service.ts(89,83): error TS1005: ';' expected.
sveltekit-frontend/src/lib/services/vector-pipeline-service.ts(109,3): error TS1128: Declaration or statement expected.
sveltekit-frontend/src/lib/services/vector-pipeline-service.ts(113,3): error TS1434: Unexpected keyword or identifier.
sveltekit-frontend/src/lib/services/vector-pipeline-service.ts(113,28): error TS1135: Argument expression expected.
sveltekit-frontend/src/lib/services/vector-pipeline-service.ts(113,37): error TS1005: ';' expected.
sveltekit-frontend/src/lib/services/vector-pipeline-service.ts(114,9): error TS1005: ':' expected.
sveltekit-frontend/src/lib/services/vector-pipeline-service.ts(116,11): error TS1003: Identifier expected.
sveltekit-frontend/src/lib/services/vector-pipeline-service.ts(116,12): error TS1138: Parameter declaration expected.
sveltekit-frontend/src/lib/services/vector-pipeline-service.ts(116,85): error TS1005: ',' expected.
sveltekit-frontend/src/lib/services/vector-pipeline-service.ts(116,87): error TS1136: Property assignment expected.
sveltekit-frontend/src/lib/services/vector-pipeline-service.ts(120,103): error TS1005: ';' expected.
sveltekit-frontend/src/lib/services/vector-pipeline-service.ts(120,104): error TS1005: '}' expected.
sveltekit-frontend/src/lib/services/vector-pipeline-service.ts(120,117): error TS1109: Expression expected.
sveltekit-frontend/src/lib/services/vector-pipeline-service.ts(120,124): error TS1128: Declaration or statement expected.
sveltekit-frontend/src/lib/services/vector-pipeline-service.ts(120,125): error TS1128: Declaration or statement expected.
sveltekit-frontend/src/lib/services/vector-pipeline-service.ts(120,136): error TS1128: Declaration or statement expected.
sveltekit-frontend/src/lib/services/vector-pipeline-service.ts(146,22): error TS1127: Invalid character.
sveltekit-frontend/src/lib/services/vector-pipeline-service.ts(146,24): error TS1434: Unexpected keyword or identifier.
sveltekit-frontend/src/lib/services/vector-pipeline-service.ts(146,31): error TS1434: Unexpected keyword or identifier.
sveltekit-frontend/src/lib/services/vector-pipeline-service.ts(146,34): error TS1434: Unexpected keyword or identifier.
sveltekit-frontend/src/lib/services/vector-pipeline-service.ts(146,38): error TS1434: Unexpected keyword or identifier.
sveltekit-frontend/src/lib/services/vector-pipeline-service.ts(146,42): error TS1434: Unexpected keyword or identifier.
sveltekit-frontend/src/lib/services/vector-pipeline-service.ts(146,52): error TS1005: '(' expected.
sveltekit-frontend/src/lib/services/vector-pipeline-service.ts(146,55): error TS1005: ';' expected.
sveltekit-frontend/src/lib/services/vector-pipeline-service.ts(146,62): error TS1005: ';' expected.
sveltekit-frontend/src/lib/services/vector-pipeline-service.ts(164,24): error TS1127: Invalid character.
sveltekit-frontend/src/lib/services/vector-pipeline-service.ts(164,26): error TS1434: Unexpected keyword or identifier.
sveltekit-frontend/src/lib/services/vector-pipeline-service.ts(164,30): error TS1434: Unexpected keyword or identifier.
sveltekit-frontend/src/lib/services/vector-pipeline-service.ts(164,39): error TS1434: Unexpected keyword or identifier.
sveltekit-frontend/src/lib/services/vector-pipeline-service.ts(164,53): error TS1005: '(' expected.
sveltekit-frontend/src/lib/services/vector-pipeline-service.ts(164,62): error TS1005: ')' expected.
sveltekit-frontend/src/lib/services/vector-pipeline-service.ts(164,64): error TS1434: Unexpected keyword or identifier.
sveltekit-frontend/src/lib/services/vector-pipeline-service.ts(174,24): error TS1127: Invalid character.
sveltekit-frontend/src/lib/services/vector-pipeline-service.ts(174,26): error TS1434: Unexpected keyword or identifier.
sveltekit-frontend/src/lib/services/vector-pipeline-service.ts(174,34): error TS1434: Unexpected keyword or identifier.
sveltekit-frontend/src/lib/services/vector-pipeline-service.ts(174,43): error TS1005: '(' expected.
sveltekit-frontend/src/lib/services/vector-pipeline-service.ts(174,51): error TS1005: ';' expected.
sveltekit-frontend/src/lib/services/vector-pipeline-service.ts(174,59): error TS1005: ';' expected.
sveltekit-frontend/src/lib/services/vector-pipeline-service.ts(293,2): error TS1160: Unterminated template literal.
sveltekit-frontend/src/lib/services/vector-search-index.ts(3,1): error TS1128: Declaration or statement expected.
sveltekit-frontend/src/lib/services/vector-search-index.ts(109,61): error TS1005: ';' expected.
sveltekit-frontend/src/lib/services/vector-search-index.ts(109,62): error TS1005: '=>' expected.
sveltekit-frontend/src/lib/services/vector-search-index.ts(109,82): error TS1011: An element access expression should take an argument.
sveltekit-frontend/src/lib/services/vector-search-index.ts(109,85): error TS1109: Expression expected.
sveltekit-frontend/src/lib/services/vector-search-index.ts(109,86): error TS1005: ';' expected.
sveltekit-frontend/src/lib/services/vector-search-index.ts(109,88): error TS1005: ';' expected.
sveltekit-frontend/src/lib/services/vector-search-index.ts(110,72): error TS1005: ')' expected.
sveltekit-frontend/src/lib/services/vector-search-index.ts(111,10): error TS1128: Declaration or statement expected.
sveltekit-frontend/src/lib/services/vector-search-index.ts(113,59): error TS1005: ';' expected.
sveltekit-frontend/src/lib/services/vector-search-index.ts(113,60): error TS1005: '=>' expected.
sveltekit-frontend/src/lib/services/vector-search-index.ts(113,104): error TS1068: Unexpected token. A constructor, method, accessor, or property was expected.
sveltekit-frontend/src/lib/services/vector-search-index.ts(113,106): error TS1068: Unexpected token. A constructor, method, accessor, or property was expected.
sveltekit-frontend/src/lib/services/vector-search-index.ts(113,109): error TS1068: Unexpected token. A constructor, method, accessor, or property was expected.
sveltekit-frontend/src/lib/services/vector-search-index.ts(115,10): error TS1128: Declaration or statement expected.
sveltekit-frontend/src/lib/services/vector-search-index.ts(117,57): error TS1005: ';' expected.
sveltekit-frontend/src/lib/services/vector-search-index.ts(117,58): error TS1005: '=>' expected.
sveltekit-frontend/src/lib/services/vector-search-index.ts(117,97): error TS1128: Declaration or statement expected.
sveltekit-frontend/src/lib/services/vector-search-index.ts(117,98): error TS1128: Declaration or statement expected.
sveltekit-frontend/src/lib/services/vector-search-index.ts(117,100): error TS1128: Declaration or statement expected.
sveltekit-frontend/src/lib/services/vector-search-index.ts(119,10): error TS1128: Declaration or statement expected.
sveltekit-frontend/src/lib/services/vector-search-index.ts(121,7): error TS1128: Declaration or statement expected.
sveltekit-frontend/src/lib/services/vector-search-index.ts(123,5): error TS1128: Declaration or statement expected.
sveltekit-frontend/src/lib/services/vector-search-index.ts(123,6): error TS1128: Declaration or statement expected.
sveltekit-frontend/src/lib/services/vector-search-index.ts(124,3): error TS1128: Declaration or statement expected.
sveltekit-frontend/src/lib/services/vector-search-index.ts(125,3): error TS1434: Unexpected keyword or identifier.
sveltekit-frontend/src/lib/services/vector-search-index.ts(125,28): error TS1135: Argument expression expected.
sveltekit-frontend/src/lib/services/vector-search-index.ts(125,52): error TS1005: ',' expected.
sveltekit-frontend/src/lib/services/vector-search-index.ts(125,67): error TS1011: An element access expression should take an argument.
sveltekit-frontend/src/lib/services/vector-search-index.ts(125,81): error TS1005: ',' expected.
sveltekit-frontend/src/lib/services/vector-search-index.ts(125,93): error TS1005: ';' expected.
sveltekit-frontend/src/lib/services/vector-search-index.ts(125,107): error TS1109: Expression expected.
sveltekit-frontend/src/lib/services/vector-search-index.ts(126,9): error TS1003: Identifier expected.
sveltekit-frontend/src/lib/services/vector-search-index.ts(126,14): error TS1005: ',' expected.
sveltekit-frontend/src/lib/services/vector-search-index.ts(126,29): error TS1005: ',' expected.
sveltekit-frontend/src/lib/services/vector-search-index.ts(126,31): error TS1136: Property assignment expected.
sveltekit-frontend/src/lib/services/vector-search-index.ts(149,7): error TS1005: ')' expected.
sveltekit-frontend/src/lib/services/vector-search-index.ts(158,23): error TS1005: ',' expected.
sveltekit-frontend/src/lib/services/vector-search-index.ts(171,3): error TS1128: Declaration or statement expected.
sveltekit-frontend/src/lib/services/vector-search-index.ts(172,3): error TS1434: Unexpected keyword or identifier.
sveltekit-frontend/src/lib/services/vector-search-index.ts(172,22): error TS1135: Argument expression expected.
sveltekit-frontend/src/lib/services/vector-search-index.ts(172,36): error TS1005: ';' expected.
sveltekit-frontend/src/lib/services/vector-search-index.ts(172,65): error TS1011: An element access expression should take an argument.
sveltekit-frontend/src/lib/services/vector-search-index.ts(173,9): error TS1003: Identifier expected.
sveltekit-frontend/src/lib/services/vector-search-index.ts(173,14): error TS1005: ',' expected.
sveltekit-frontend/src/lib/services/vector-search-index.ts(173,29): error TS1005: ',' expected.
sveltekit-frontend/src/lib/services/vector-search-index.ts(173,31): error TS1136: Property assignment expected.
sveltekit-frontend/src/lib/services/vector-search-index.ts(188,64): error TS1109: Expression expected.
sveltekit-frontend/src/lib/services/vector-search-index.ts(190,7): error TS1109: Expression expected.
sveltekit-frontend/src/lib/services/vector-search-index.ts(200,21): error TS1005: ',' expected.
sveltekit-frontend/src/lib/services/vector-search-index.ts(207,3): error TS1128: Declaration or statement expected.
sveltekit-frontend/src/lib/services/vector-search-index.ts(208,3): error TS1128: Declaration or statement expected.
sveltekit-frontend/src/lib/services/vector-search-index.ts(208,11): error TS1434: Unexpected keyword or identifier.
sveltekit-frontend/src/lib/services/vector-search-index.ts(208,45): error TS1135: Argument expression expected.
sveltekit-frontend/src/lib/services/vector-search-index.ts(208,54): error TS1005: ';' expected.
sveltekit-frontend/src/lib/services/vector-search-index.ts(209,9): error TS1005: ':' expected.
sveltekit-frontend/src/lib/services/vector-search-index.ts(210,13): error TS1005: ':' expected.
sveltekit-frontend/src/lib/services/vector-search-index.ts(213,38): error TS1136: Property assignment expected.
sveltekit-frontend/src/lib/services/vector-search-index.ts(214,8): error TS1005: ',' expected.
sveltekit-frontend/src/lib/services/vector-search-index.ts(214,9): error TS1136: Property assignment expected.
sveltekit-frontend/src/lib/services/vector-search-index.ts(215,11): error TS1003: Identifier expected.
sveltekit-frontend/src/lib/services/vector-search-index.ts(215,21): error TS1138: Parameter declaration expected.
sveltekit-frontend/src/lib/services/vector-search-index.ts(215,25): error TS1005: ',' expected.
sveltekit-frontend/src/lib/services/vector-search-index.ts(215,27): error TS1136: Property assignment expected.
sveltekit-frontend/src/lib/services/vector-search-index.ts(224,5): error TS1128: Declaration or statement expected.
sveltekit-frontend/src/lib/services/vector-search-index.ts(224,7): error TS1005: 'try' expected.
sveltekit-frontend/src/lib/services/vector-search-index.ts(227,59): error TS1005: ')' expected.
sveltekit-frontend/src/lib/services/vector-search-index.ts(229,3): error TS1128: Declaration or statement expected.
sveltekit-frontend/src/lib/services/vector-search-index.ts(230,3): error TS1128: Declaration or statement expected.
sveltekit-frontend/src/lib/services/vector-search-index.ts(230,34): error TS1135: Argument expression expected.
sveltekit-frontend/src/lib/services/vector-search-index.ts(230,76): error TS1109: Expression expected.
sveltekit-frontend/src/lib/services/vector-search-index.ts(230,101): error TS1005: ';' expected.
sveltekit-frontend/src/lib/services/vector-search-index.ts(230,103): error TS1434: Unexpected keyword or identifier.
sveltekit-frontend/src/lib/services/vector-search-index.ts(245,93): error TS1109: Expression expected.
sveltekit-frontend/src/lib/services/vector-search-index.ts(246,7): error TS1109: Expression expected.
sveltekit-frontend/src/lib/services/vector-search-index.ts(259,3): error TS1128: Declaration or statement expected.
sveltekit-frontend/src/lib/services/vector-search-index.ts(259,30): error TS1135: Argument expression expected.
sveltekit-frontend/src/lib/services/vector-search-index.ts(259,47): error TS1005: ',' expected.
sveltekit-frontend/src/lib/services/vector-search-index.ts(259,62): error TS1005: ';' expected.
sveltekit-frontend/src/lib/services/vector-search-index.ts(259,64): error TS1434: Unexpected keyword or identifier.
sveltekit-frontend/src/lib/services/vector-search-index.ts(264,41): error TS1109: Expression expected.
sveltekit-frontend/src/lib/services/vector-search-index.ts(265,19): error TS1109: Expression expected.
sveltekit-frontend/src/lib/services/vector-search-index.ts(269,61): error TS1005: ')' expected.
sveltekit-frontend/src/lib/services/vector-search-index.ts(271,3): error TS1128: Declaration or statement expected.
sveltekit-frontend/src/lib/services/vector-search-index.ts(274,14): error TS1109: Expression expected.
sveltekit-frontend/src/lib/services/vector-search-index.ts(275,3): error TS1128: Declaration or statement expected.
sveltekit-frontend/src/lib/services/vector-search-index.ts(275,4): error TS1128: Declaration or statement expected.
sveltekit-frontend/src/lib/services/vector-search-index.ts(275,6): error TS1434: Unexpected keyword or identifier.
sveltekit-frontend/src/lib/services/vector-search-index.ts(299,3): error TS1434: Unexpected keyword or identifier.
sveltekit-frontend/src/lib/services/vector-search-index.ts(299,20): error TS1109: Expression expected.
sveltekit-frontend/src/lib/services/vector-search-index.ts(300,11): error TS1005: ':' expected.
sveltekit-frontend/src/lib/services/vector-search-index.ts(301,5): error TS1005: ',' expected.
sveltekit-frontend/src/lib/services/vector-search-index.ts(301,11): error TS1005: ':' expected.
sveltekit-frontend/src/lib/services/vector-search-index.ts(301,24): error TS1005: ',' expected.
sveltekit-frontend/src/lib/services/vector-search-index.ts(301,49): error TS1005: '(' expected.
sveltekit-frontend/src/lib/services/vector-search-index.ts(301,51): error TS1136: Property assignment expected.
sveltekit-frontend/src/lib/services/vector-search-index.ts(317,3): error TS1128: Declaration or statement expected.
sveltekit-frontend/src/lib/services/vector-search-index.ts(318,3): error TS1128: Declaration or statement expected.
sveltekit-frontend/src/lib/services/vector-search-index.ts(318,32): error TS1109: Expression expected.
sveltekit-frontend/src/lib/services/vector-search-index.ts(318,34): error TS1434: Unexpected keyword or identifier.
sveltekit-frontend/src/lib/services/vector-search-index.ts(328,3): error TS1434: Unexpected keyword or identifier.
sveltekit-frontend/src/lib/services/vector-search-index.ts(328,22): error TS1109: Expression expected.
sveltekit-frontend/src/lib/services/vector-search-index.ts(328,36): error TS1109: Expression expected.
sveltekit-frontend/src/lib/services/vector-search-index.ts(329,9): error TS1005: ':' expected.
sveltekit-frontend/src/lib/services/vector-search-index.ts(329,28): error TS1005: ',' expected.
sveltekit-frontend/src/lib/services/vector-search-index.ts(330,9): error TS1005: ':' expected.
sveltekit-frontend/src/lib/services/vector-search-index.ts(330,26): error TS1005: ',' expected.
sveltekit-frontend/src/lib/services/vector-search-index.ts(331,9): error TS1005: ':' expected.
sveltekit-frontend/src/lib/services/vector-search-index.ts(331,28): error TS1005: ',' expected.
sveltekit-frontend/src/lib/services/vector-search-index.ts(332,13): error TS1005: ',' expected.
sveltekit-frontend/src/lib/services/vector-search-index.ts(332,17): error TS1005: ',' expected.
sveltekit-frontend/src/lib/services/vector-search-index.ts(332,19): error TS1136: Property assignment expected.
sveltekit-frontend/src/lib/services/vector-search-index.ts(339,3): error TS1128: Declaration or statement expected.
sveltekit-frontend/src/lib/services/vector-search-index.ts(340,1): error TS1128: Declaration or statement expected.
sveltekit-frontend/src/lib/services/vector-search-service.ts(21,1): error TS1128: Declaration or statement expected.
sveltekit-frontend/src/lib/services/vector-search-service.ts(97,1): error TS1131: Property or signature expected.
sveltekit-frontend/src/lib/services/vector-search-service.ts(149,9): error TS1134: Variable declaration expected.
sveltekit-frontend/src/lib/services/vector-search-service.ts(162,23): error TS1003: Identifier expected.
sveltekit-frontend/src/lib/services/vector-search-service.ts(163,11): error TS1136: Property assignment expected.
sveltekit-frontend/src/lib/services/vector-search-service.ts(164,9): error TS1128: Declaration or statement expected.
sveltekit-frontend/src/lib/services/vector-search-service.ts(164,10): error TS1128: Declaration or statement expected.
sveltekit-frontend/src/lib/services/vector-search-service.ts(166,24): error TS1109: Expression expected.
sveltekit-frontend/src/lib/services/vector-search-service.ts(172,7): error TS1472: 'catch' or 'finally' expected.
sveltekit-frontend/src/lib/services/vector-search-service.ts(183,3): error TS1128: Declaration or statement expected.
sveltekit-frontend/src/lib/services/vector-search-service.ts(183,10): error TS1434: Unexpected keyword or identifier.
sveltekit-frontend/src/lib/services/vector-search-service.ts(186,13): error TS1109: Expression expected.
sveltekit-frontend/src/lib/services/vector-search-service.ts(187,17): error TS1109: Expression expected.
sveltekit-frontend/src/lib/services/vector-search-service.ts(188,22): error TS1109: Expression expected.
sveltekit-frontend/src/lib/services/vector-search-service.ts(189,14): error TS1109: Expression expected.
sveltekit-frontend/src/lib/services/vector-search-service.ts(189,22): error TS1005: ';' expected.
sveltekit-frontend/src/lib/services/vector-search-service.ts(190,7): error TS2809: Declaration or statement expected. This '=' follows a block of statements, so if you intended to write a destructuring assignment, you might need to wrap the whole assignment in parentheses.
sveltekit-frontend/src/lib/services/vector-search-service.ts(191,3): error TS1128: Declaration or statement expected.
sveltekit-frontend/src/lib/services/vector-search-service.ts(191,4): error TS1128: Declaration or statement expected.
sveltekit-frontend/src/lib/services/vector-search-service.ts(191,27): error TS1011: An element access expression should take an argument.
sveltekit-frontend/src/lib/services/vector-search-service.ts(192,9): error TS1005: ':' expected.
sveltekit-frontend/src/lib/services/vector-search-service.ts(194,13): error TS1005: ':' expected.
sveltekit-frontend/src/lib/services/vector-search-service.ts(194,34): error TS1005: ',' expected.
sveltekit-frontend/src/lib/services/vector-search-service.ts(195,9): error TS1003: Identifier expected.
sveltekit-frontend/src/lib/services/vector-search-service.ts(198,18): error TS1005: ')' expected.
sveltekit-frontend/src/lib/services/vector-search-service.ts(199,21): error TS1138: Parameter declaration expected.
sveltekit-frontend/src/lib/services/vector-search-service.ts(199,69): error TS1005: ',' expected.
sveltekit-frontend/src/lib/services/vector-search-service.ts(199,71): error TS1136: Property assignment expected.
sveltekit-frontend/src/lib/services/vector-search-service.ts(207,9): error TS1128: Declaration or statement expected.
sveltekit-frontend/src/lib/services/vector-search-service.ts(227,11): error TS1128: Declaration or statement expected.
sveltekit-frontend/src/lib/services/vector-search-service.ts(228,9): error TS1128: Declaration or statement expected.
sveltekit-frontend/src/lib/services/vector-search-service.ts(231,64): error TS1005: ')' expected.
sveltekit-frontend/src/lib/services/vector-search-service.ts(234,9): error TS1128: Declaration or statement expected.
sveltekit-frontend/src/lib/services/vector-search-service.ts(234,76): error TS1005: '}' expected.
sveltekit-frontend/src/lib/services/vector-search-service.ts(234,77): error TS1128: Declaration or statement expected.
sveltekit-frontend/src/lib/services/vector-search-service.ts(234,78): error TS1128: Declaration or statement expected.
sveltekit-frontend/src/lib/services/vector-search-service.ts(234,84): error TS1443: Module declaration names may only use ' or " quoted strings.
sveltekit-frontend/src/lib/services/vector-search-service.ts(262,21): error TS1434: Unexpected keyword or identifier.
sveltekit-frontend/src/lib/services/vector-search-service.ts(262,42): error TS1434: Unexpected keyword or identifier.
sveltekit-frontend/src/lib/services/vector-search-service.ts(262,437): error TS1109: Expression expected.
sveltekit-frontend/src/lib/services/vector-search-service.ts(316,31): error TS1005: ';' expected.
sveltekit-frontend/src/lib/services/vector-search-service.ts(330,32): error TS1005: ';' expected.
sveltekit-frontend/src/lib/services/vector-search-service.ts(330,43): error TS1434: Unexpected keyword or identifier.
sveltekit-frontend/src/lib/services/vector-search-service.ts(330,87): error TS1109: Expression expected.
sveltekit-frontend/src/lib/services/vector-search-service.ts(359,60): error TS1109: Expression expected.
sveltekit-frontend/src/lib/services/vector-search-service.ts(359,76): error TS1005: ',' expected.
sveltekit-frontend/src/lib/services/vector-search-service.ts(359,90): error TS1005: ',' expected.
sveltekit-frontend/src/lib/services/vector-search-service.ts(360,35): error TS1005: ';' expected.
sveltekit-frontend/src/lib/services/vector-search-service.ts(360,57): error TS1109: Expression expected.
sveltekit-frontend/src/lib/services/vector-search-service.ts(360,71): error TS1135: Argument expression expected.
sveltekit-frontend/src/lib/services/vector-search-service.ts(360,85): error TS1005: ',' expected.
sveltekit-frontend/src/lib/services/vector-search-service.ts(367,19): error TS1005: ';' expected.
sveltekit-frontend/src/lib/services/vector-search-service.ts(367,34): error TS1128: Declaration or statement expected.
sveltekit-frontend/src/lib/services/vector-search-service.ts(367,36): error TS1434: Unexpected keyword or identifier.
sveltekit-frontend/src/lib/services/vector-search-service.ts(367,41): error TS1434: Unexpected keyword or identifier.
sveltekit-frontend/src/lib/services/vector-search-service.ts(367,47): error TS1434: Unexpected keyword or identifier.
sveltekit-frontend/src/lib/services/vector-search-service.ts(461,41): error TS1109: Expression expected.
sveltekit-frontend/src/lib/services/vector-search-service.ts(461,43): error TS1005: ')' expected.
sveltekit-frontend/src/lib/services/vector-search-service.ts(461,71): error TS1109: Expression expected.
sveltekit-frontend/src/lib/services/vector-search-service.ts(461,73): error TS1109: Expression expected.
sveltekit-frontend/src/lib/services/vector-search-service.ts(461,74): error TS1109: Expression expected.
sveltekit-frontend/src/lib/services/vector-search-service.ts(461,77): error TS1005: ';' expected.
sveltekit-frontend/src/lib/services/vector-search-service.ts(461,93): error TS1128: Declaration or statement expected.
sveltekit-frontend/src/lib/services/vector-search-service.ts(467,23): error TS1109: Expression expected.
sveltekit-frontend/src/lib/services/vector-search-service.ts(467,25): error TS1005: ')' expected.
sveltekit-frontend/src/lib/services/vector-search-service.ts(467,53): error TS1109: Expression expected.
sveltekit-frontend/src/lib/services/vector-search-service.ts(467,55): error TS1109: Expression expected.
sveltekit-frontend/src/lib/services/vector-search-service.ts(467,56): error TS1109: Expression expected.
sveltekit-frontend/src/lib/services/vector-search-service.ts(467,59): error TS1005: ';' expected.
sveltekit-frontend/src/lib/services/vector-search-service.ts(467,75): error TS1128: Declaration or statement expected.
sveltekit-frontend/src/lib/services/vector-search-service.ts(467,76): error TS1128: Declaration or statement expected.
sveltekit-frontend/src/lib/services/vector-search-service.ts(467,78): error TS1109: Expression expected.
sveltekit-frontend/src/lib/services/vector-search-service.ts(467,81): error TS1005: ';' expected.
sveltekit-frontend/src/lib/services/vector-search-service.ts(488,19): error TS1005: ';' expected.
sveltekit-frontend/src/lib/services/vector-search-service.ts(488,40): error TS1109: Expression expected.
sveltekit-frontend/src/lib/services/vector-search-service.ts(488,42): error TS1109: Expression expected.
sveltekit-frontend/src/lib/services/vector-search-service.ts(488,45): error TS1005: ';' expected.
sveltekit-frontend/src/lib/services/vector-search-service.ts(489,19): error TS1005: ';' expected.
sveltekit-frontend/src/lib/services/vector-search-service.ts(489,40): error TS1109: Expression expected.
sveltekit-frontend/src/lib/services/vector-search-service.ts(489,42): error TS1109: Expression expected.
sveltekit-frontend/src/lib/services/vector-search-service.ts(489,45): error TS1005: ';' expected.
sveltekit-frontend/src/lib/services/vector-search-service.ts(497,28): error TS1109: Expression expected.
sveltekit-frontend/src/lib/services/vector-search-service.ts(497,30): error TS1005: ')' expected.
sveltekit-frontend/src/lib/services/vector-search-service.ts(497,58): error TS1109: Expression expected.
sveltekit-frontend/src/lib/services/vector-search-service.ts(497,60): error TS1109: Expression expected.
sveltekit-frontend/src/lib/services/vector-search-service.ts(497,61): error TS1109: Expression expected.
sveltekit-frontend/src/lib/services/vector-search-service.ts(497,64): error TS1005: ';' expected.
sveltekit-frontend/src/lib/services/vector-search-service.ts(497,65): error TS1434: Unexpected keyword or identifier.
sveltekit-frontend/src/lib/services/vector-search-service.ts(497,79): error TS1128: Declaration or statement expected.
sveltekit-frontend/src/lib/services/vector-search-service.ts(497,81): error TS1128: Declaration or statement expected.
sveltekit-frontend/src/lib/services/vector-search-service.ts(712,38): error TS1135: Argument expression expected.
sveltekit-frontend/src/lib/services/vector-search-service.ts(712,41): error TS1005: ':' expected.
sveltekit-frontend/src/lib/services/vector-search-service.ts(712,44): error TS1005: ':' expected.
sveltekit-frontend/src/lib/services/vector-search-service.ts(712,46): error TS1005: ';' expected.
sveltekit-frontend/src/lib/services/vector-search-service.ts(712,54): error TS1109: Expression expected.
sveltekit-frontend/src/lib/services/vector-search-service.ts(712,55): error TS1003: Identifier expected.
sveltekit-frontend/src/lib/services/vector-search-service.ts(712,61): error TS1128: Declaration or statement expected.
sveltekit-frontend/src/lib/services/vector-search-service.ts(725,39): error TS1005: ';' expected.
sveltekit-frontend/src/lib/services/vector-search-service.ts(725,43): error TS1434: Unexpected keyword or identifier.
sveltekit-frontend/src/lib/services/vector-search-service.ts(725,50): error TS1434: Unexpected keyword or identifier.
sveltekit-frontend/src/lib/services/vector-search-service.ts(725,79): error TS1109: Expression expected.
sveltekit-frontend/src/lib/services/vector-search-service.ts(725,82): error TS1005: ';' expected.
sveltekit-frontend/src/lib/services/vector-search-service.ts(725,90): error TS1434: Unexpected keyword or identifier.
sveltekit-frontend/src/lib/services/vector-search-service.ts(725,97): error TS1434: Unexpected keyword or identifier.
sveltekit-frontend/src/lib/services/vector-search-service.ts(725,103): error TS1434: Unexpected keyword or identifier.
sveltekit-frontend/src/lib/services/vector-search-service.ts(725,106): error TS1434: Unexpected keyword or identifier.
sveltekit-frontend/src/lib/services/vector-search-service.ts(725,114): error TS1434: Unexpected keyword or identifier.
sveltekit-frontend/src/lib/services/vector-search-service.ts(725,119): error TS1434: Unexpected keyword or identifier.
sveltekit-frontend/src/lib/services/vector-search-service.ts(725,125): error TS1434: Unexpected keyword or identifier.
sveltekit-frontend/src/lib/services/vector-search-service.ts(725,130): error TS1434: Unexpected keyword or identifier.
sveltekit-frontend/src/lib/services/vector-search-service.ts(725,135): error TS1434: Unexpected keyword or identifier.
sveltekit-frontend/src/lib/services/vector-search-service.ts(725,144): error TS1434: Unexpected keyword or identifier.
sveltekit-frontend/src/lib/services/vector-search-service.ts(725,168): error TS1005: ';' expected.
sveltekit-frontend/src/lib/services/vector-search-service.ts(725,190): error TS1005: ';' expected.
sveltekit-frontend/src/lib/services/vector-search-service.ts(725,210): error TS1005: ';' expected.
sveltekit-frontend/src/lib/services/vector-search-service.ts(725,241): error TS1005: ';' expected.
sveltekit-frontend/src/lib/services/vector-search-service.ts(725,246): error TS1434: Unexpected keyword or identifier.
sveltekit-frontend/src/lib/services/vector-search-service.ts(725,261): error TS1005: ';' expected.
sveltekit-frontend/src/lib/services/vector-search-service.ts(725,270): error TS1003: Identifier expected.
sveltekit-frontend/src/lib/services/vector-search-service.ts(798,36): error TS1160: Unterminated template literal.
sveltekit-frontend/src/lib/services/vector-search-webasm-integration.ts(9,1): error TS1128: Declaration or statement expected.
sveltekit-frontend/src/lib/services/vector-search-webasm-integration.ts(41,1): error TS1128: Declaration or statement expected.
sveltekit-frontend/src/lib/services/vector-search-webasm-integration.ts(49,1): error TS1128: Declaration or statement expected.
sveltekit-frontend/src/lib/services/vector-search-webasm-integration.ts(97,9): error TS1005: '}' expected.
sveltekit-frontend/src/lib/services/vector-search-webasm-integration.ts(97,16): error TS1135: Argument expression expected.
sveltekit-frontend/src/lib/services/vector-search-webasm-integration.ts(106,7): error TS1005: ',' expected.
sveltekit-frontend/src/lib/services/vector-search-webasm-integration.ts(110,9): error TS1005: '}' expected.
sveltekit-frontend/src/lib/services/vector-search-webasm-integration.ts(110,16): error TS1135: Argument expression expected.
sveltekit-frontend/src/lib/services/vector-search-webasm-integration.ts(119,7): error TS1005: ',' expected.
sveltekit-frontend/src/lib/services/vector-search-webasm-integration.ts(140,68): error TS1005: ';' expected.
sveltekit-frontend/src/lib/services/vector-search-webasm-integration.ts(140,69): error TS1005: ')' expected.
sveltekit-frontend/src/lib/services/vector-search-webasm-integration.ts(140,83): error TS1109: Expression expected.
sveltekit-frontend/src/lib/services/vector-search-webasm-integration.ts(140,90): error TS1068: Unexpected token. A constructor, method, accessor, or property was expected.
sveltekit-frontend/src/lib/services/vector-search-webasm-integration.ts(140,91): error TS1068: Unexpected token. A constructor, method, accessor, or property was expected.
sveltekit-frontend/src/lib/services/vector-search-webasm-integration.ts(142,5): error TS1068: Unexpected token. A constructor, method, accessor, or property was expected.
sveltekit-frontend/src/lib/services/vector-search-webasm-integration.ts(144,3): error TS1128: Declaration or statement expected.
sveltekit-frontend/src/lib/services/vector-search-webasm-integration.ts(148,3): error TS1434: Unexpected keyword or identifier.
sveltekit-frontend/src/lib/services/vector-search-webasm-integration.ts(148,24): error TS1135: Argument expression expected.
sveltekit-frontend/src/lib/services/vector-search-webasm-integration.ts(148,40): error TS1005: ';' expected.
sveltekit-frontend/src/lib/services/vector-search-webasm-integration.ts(149,11): error TS1005: ':' expected.
sveltekit-frontend/src/lib/services/vector-search-webasm-integration.ts(149,40): error TS1005: ',' expected.
sveltekit-frontend/src/lib/services/vector-search-webasm-integration.ts(150,11): error TS1005: ':' expected.
sveltekit-frontend/src/lib/services/vector-search-webasm-integration.ts(150,52): error TS1005: ',' expected.
sveltekit-frontend/src/lib/services/vector-search-webasm-integration.ts(152,17): error TS1138: Parameter declaration expected.
sveltekit-frontend/src/lib/services/vector-search-webasm-integration.ts(152,64): error TS1005: ',' expected.
sveltekit-frontend/src/lib/services/vector-search-webasm-integration.ts(152,66): error TS1136: Property assignment expected.
sveltekit-frontend/src/lib/services/vector-search-webasm-integration.ts(179,9): error TS1134: Variable declaration expected.
sveltekit-frontend/src/lib/services/vector-search-webasm-integration.ts(183,44): error TS1005: ',' expected.
sveltekit-frontend/src/lib/services/vector-search-webasm-integration.ts(188,76): error TS1005: ',' expected.
sveltekit-frontend/src/lib/services/vector-search-webasm-integration.ts(190,10): error TS1005: ';' expected.
sveltekit-frontend/src/lib/services/vector-search-webasm-integration.ts(191,8): error TS1472: 'catch' or 'finally' expected.
sveltekit-frontend/src/lib/services/vector-search-webasm-integration.ts(215,5): error TS1128: Declaration or statement expected.
sveltekit-frontend/src/lib/services/vector-search-webasm-integration.ts(215,7): error TS1005: 'try' expected.
sveltekit-frontend/src/lib/services/vector-search-webasm-integration.ts(219,3): error TS1128: Declaration or statement expected.
sveltekit-frontend/src/lib/services/vector-search-webasm-integration.ts(223,3): error TS1434: Unexpected keyword or identifier.
sveltekit-frontend/src/lib/services/vector-search-webasm-integration.ts(223,30): error TS1135: Argument expression expected.
sveltekit-frontend/src/lib/services/vector-search-webasm-integration.ts(223,46): error TS1011: An element access expression should take an argument.
sveltekit-frontend/src/lib/services/vector-search-webasm-integration.ts(223,48): error TS1005: ';' expected.
sveltekit-frontend/src/lib/services/vector-search-webasm-integration.ts(224,13): error TS1003: Identifier expected.
sveltekit-frontend/src/lib/services/vector-search-webasm-integration.ts(224,75): error TS1005: ',' expected.
sveltekit-frontend/src/lib/services/vector-search-webasm-integration.ts(225,11): error TS1005: ':' expected.
sveltekit-frontend/src/lib/services/vector-search-webasm-integration.ts(226,56): error TS1005: ',' expected.
sveltekit-frontend/src/lib/services/vector-search-webasm-integration.ts(226,57): error TS1005: ')' expected.
sveltekit-frontend/src/lib/services/vector-search-webasm-integration.ts(227,16): error TS1005: ':' expected.
sveltekit-frontend/src/lib/services/vector-search-webasm-integration.ts(230,10): error TS1005: ',' expected.
sveltekit-frontend/src/lib/services/vector-search-webasm-integration.ts(230,11): error TS1136: Property assignment expected.
sveltekit-frontend/src/lib/services/vector-search-webasm-integration.ts(231,8): error TS1005: ';' expected.
sveltekit-frontend/src/lib/services/vector-search-webasm-integration.ts(232,5): error TS1128: Declaration or statement expected.
sveltekit-frontend/src/lib/services/vector-search-webasm-integration.ts(234,3): error TS1128: Declaration or statement expected.
sveltekit-frontend/src/lib/services/vector-search-webasm-integration.ts(238,3): error TS1128: Declaration or statement expected.
sveltekit-frontend/src/lib/services/vector-search-webasm-integration.ts(238,11): error TS1434: Unexpected keyword or identifier.
sveltekit-frontend/src/lib/services/vector-search-webasm-integration.ts(238,47): error TS1109: Expression expected.
sveltekit-frontend/src/lib/services/vector-search-webasm-integration.ts(238,56): error TS1109: Expression expected.
sveltekit-frontend/src/lib/services/vector-search-webasm-integration.ts(238,65): error TS1005: ',' expected.
sveltekit-frontend/src/lib/services/vector-search-webasm-integration.ts(238,66): error TS1136: Property assignment expected.
sveltekit-frontend/src/lib/services/vector-search-webasm-integration.ts(238,75): error TS1005: ';' expected.
sveltekit-frontend/src/lib/services/vector-search-webasm-integration.ts(240,12): error TS1005: ':' expected.
sveltekit-frontend/src/lib/services/vector-search-webasm-integration.ts(253,6): error TS1005: ',' expected.
sveltekit-frontend/src/lib/services/vector-search-webasm-integration.ts(258,3): error TS1128: Declaration or statement expected.
sveltekit-frontend/src/lib/services/vector-search-webasm-integration.ts(258,36): error TS1135: Argument expression expected.
sveltekit-frontend/src/lib/services/vector-search-webasm-integration.ts(258,52): error TS1005: ';' expected.
sveltekit-frontend/src/lib/services/vector-search-webasm-integration.ts(258,54): error TS1434: Unexpected keyword or identifier.
sveltekit-frontend/src/lib/services/vector-search-webasm-integration.ts(264,36): error TS1005: ')' expected.
sveltekit-frontend/src/lib/services/vector-search-webasm-integration.ts(269,3): error TS1128: Declaration or statement expected.
sveltekit-frontend/src/lib/services/vector-search-webasm-integration.ts(269,11): error TS1434: Unexpected keyword or identifier.
sveltekit-frontend/src/lib/services/vector-search-webasm-integration.ts(269,41): error TS1135: Argument expression expected.
sveltekit-frontend/src/lib/services/vector-search-webasm-integration.ts(269,50): error TS1005: ';' expected.
sveltekit-frontend/src/lib/services/vector-search-webasm-integration.ts(270,9): error TS1005: ':' expected.
sveltekit-frontend/src/lib/services/vector-search-webasm-integration.ts(273,13): error TS1005: ':' expected.
sveltekit-frontend/src/lib/services/vector-search-webasm-integration.ts(273,65): error TS1005: ',' expected.
sveltekit-frontend/src/lib/services/vector-search-webasm-integration.ts(274,13): error TS1005: ':' expected.
sveltekit-frontend/src/lib/services/vector-search-webasm-integration.ts(274,54): error TS1005: ',' expected.
sveltekit-frontend/src/lib/services/vector-search-webasm-integration.ts(275,13): error TS1005: ':' expected.
sveltekit-frontend/src/lib/services/vector-search-webasm-integration.ts(275,42): error TS1005: ',' expected.
sveltekit-frontend/src/lib/services/vector-search-webasm-integration.ts(276,14): error TS1005: ':' expected.
sveltekit-frontend/src/lib/services/vector-search-webasm-integration.ts(282,9): error TS1005: ',' expected.
sveltekit-frontend/src/lib/services/vector-search-webasm-integration.ts(283,7): error TS1005: ',' expected.
sveltekit-frontend/src/lib/services/vector-search-webasm-integration.ts(283,12): error TS1005: ':' expected.
sveltekit-frontend/src/lib/services/vector-search-webasm-integration.ts(283,14): error TS1136: Property assignment expected.
sveltekit-frontend/src/lib/services/vector-search-webasm-integration.ts(286,3): error TS1128: Declaration or statement expected.
sveltekit-frontend/src/lib/services/vector-search-webasm-integration.ts(290,3): error TS1128: Declaration or statement expected.
sveltekit-frontend/src/lib/services/vector-search-webasm-integration.ts(290,11): error TS1434: Unexpected keyword or identifier.
sveltekit-frontend/src/lib/services/vector-search-webasm-integration.ts(290,37): error TS1135: Argument expression expected.
sveltekit-frontend/src/lib/services/vector-search-webasm-integration.ts(290,52): error TS1005: ',' expected.
sveltekit-frontend/src/lib/services/vector-search-webasm-integration.ts(290,66): error TS1005: ';' expected.
sveltekit-frontend/src/lib/services/vector-search-webasm-integration.ts(290,80): error TS1109: Expression expected.
sveltekit-frontend/src/lib/services/vector-search-webasm-integration.ts(291,9): error TS1005: ':' expected.
sveltekit-frontend/src/lib/services/vector-search-webasm-integration.ts(293,13): error TS1005: ':' expected.
sveltekit-frontend/src/lib/services/vector-search-webasm-integration.ts(293,66): error TS1005: ',' expected.
sveltekit-frontend/src/lib/services/vector-search-webasm-integration.ts(294,13): error TS1005: ':' expected.
sveltekit-frontend/src/lib/services/vector-search-webasm-integration.ts(294,54): error TS1005: ',' expected.
sveltekit-frontend/src/lib/services/vector-search-webasm-integration.ts(295,13): error TS1003: Identifier expected.
sveltekit-frontend/src/lib/services/vector-search-webasm-integration.ts(300,9): error TS1005: ',' expected.
sveltekit-frontend/src/lib/services/vector-search-webasm-integration.ts(301,7): error TS1005: ',' expected.
sveltekit-frontend/src/lib/services/vector-search-webasm-integration.ts(308,3): error TS1128: Declaration or statement expected.
sveltekit-frontend/src/lib/services/vector-search-webasm-integration.ts(308,11): error TS1434: Unexpected keyword or identifier.
sveltekit-frontend/src/lib/services/vector-search-webasm-integration.ts(308,34): error TS1109: Expression expected.
sveltekit-frontend/src/lib/services/vector-search-webasm-integration.ts(309,12): error TS1005: ':' expected.
sveltekit-frontend/src/lib/services/vector-search-webasm-integration.ts(320,7): error TS1005: ',' expected.
sveltekit-frontend/src/lib/services/vector-search-webasm-integration.ts(325,3): error TS1128: Declaration or statement expected.
sveltekit-frontend/src/lib/services/vector-search-webasm-integration.ts(325,35): error TS1109: Expression expected.
sveltekit-frontend/src/lib/services/vector-search-webasm-integration.ts(325,37): error TS1434: Unexpected keyword or identifier.
sveltekit-frontend/src/lib/services/vector-search-webasm-integration.ts(331,3): error TS1128: Declaration or statement expected.
sveltekit-frontend/src/lib/services/vector-search-webasm-integration.ts(331,32): error TS1109: Expression expected.
sveltekit-frontend/src/lib/services/vector-search-webasm-integration.ts(331,34): error TS1434: Unexpected keyword or identifier.
sveltekit-frontend/src/lib/services/vector-search-webasm-integration.ts(337,3): error TS1128: Declaration or statement expected.
sveltekit-frontend/src/lib/services/vector-search-webasm-integration.ts(337,31): error TS1109: Expression expected.
sveltekit-frontend/src/lib/services/vector-search-webasm-integration.ts(337,33): error TS1434: Unexpected keyword or identifier.
sveltekit-frontend/src/lib/services/vector-search-webasm-integration.ts(343,3): error TS1128: Declaration or statement expected.
sveltekit-frontend/src/lib/services/vector-search-webasm-integration.ts(343,33): error TS1109: Expression expected.
sveltekit-frontend/src/lib/services/vector-search-webasm-integration.ts(344,21): error TS1003: Identifier expected.
sveltekit-frontend/src/lib/services/vector-search-webasm-integration.ts(356,7): error TS1005: ',' expected.
sveltekit-frontend/src/lib/services/vector-search-webasm-integration.ts(361,3): error TS1128: Declaration or statement expected.
sveltekit-frontend/src/lib/services/vector-search-webasm-integration.ts(361,36): error TS1135: Argument expression expected.
sveltekit-frontend/src/lib/services/vector-search-webasm-integration.ts(361,46): error TS1005: ';' expected.
sveltekit-frontend/src/lib/services/vector-search-webasm-integration.ts(362,11): error TS1005: ':' expected.
sveltekit-frontend/src/lib/services/vector-search-webasm-integration.ts(372,5): error TS1005: ',' expected.
sveltekit-frontend/src/lib/services/vector-search-webasm-integration.ts(372,21): error TS1003: Identifier expected.
sveltekit-frontend/src/lib/services/vector-search-webasm-integration.ts(372,47): error TS1005: ',' expected.
sveltekit-frontend/src/lib/services/vector-search-webasm-integration.ts(377,3): error TS1128: Declaration or statement expected.
sveltekit-frontend/src/lib/services/vector-search-webasm-integration.ts(377,34): error TS1109: Expression expected.
sveltekit-frontend/src/lib/services/vector-search-webasm-integration.ts(377,36): error TS1434: Unexpected keyword or identifier.
sveltekit-frontend/src/lib/services/vector-search-webasm-integration.ts(389,3): error TS1128: Declaration or statement expected.
sveltekit-frontend/src/lib/services/vector-search-webasm-integration.ts(389,33): error TS1109: Expression expected.
sveltekit-frontend/src/lib/services/vector-search-webasm-integration.ts(389,42): error TS1011: An element access expression should take an argument.
sveltekit-frontend/src/lib/services/vector-search-webasm-integration.ts(390,11): error TS1005: ':' expected.
sveltekit-frontend/src/lib/services/vector-search-webasm-integration.ts(390,22): error TS1005: ',' expected.
sveltekit-frontend/src/lib/services/vector-search-webasm-integration.ts(390,30): error TS1005: ',' expected.
sveltekit-frontend/src/lib/services/vector-search-webasm-integration.ts(390,31): error TS1109: Expression expected.
sveltekit-frontend/src/lib/services/vector-search-webasm-integration.ts(390,33): error TS1005: ':' expected.
sveltekit-frontend/src/lib/services/vector-search-webasm-integration.ts(390,37): error TS1005: ',' expected.
sveltekit-frontend/src/lib/services/vector-search-webasm-integration.ts(391,13): error TS1005: ',' expected.
sveltekit-frontend/src/lib/services/vector-search-webasm-integration.ts(391,52): error TS1005: ',' expected.
sveltekit-frontend/src/lib/services/vector-search-webasm-integration.ts(391,54): error TS1136: Property assignment expected.
sveltekit-frontend/src/lib/services/vector-search-webasm-integration.ts(397,54): error TS1109: Expression expected.
sveltekit-frontend/src/lib/services/vector-search-webasm-integration.ts(404,3): error TS1128: Declaration or statement expected.
sveltekit-frontend/src/lib/services/vector-search-webasm-integration.ts(408,3): error TS1128: Declaration or statement expected.
sveltekit-frontend/src/lib/services/vector-search-webasm-integration.ts(408,26): error TS1109: Expression expected.
sveltekit-frontend/src/lib/services/vector-search-webasm-integration.ts(409,11): error TS1005: ':' expected.
sveltekit-frontend/src/lib/services/vector-search-webasm-integration.ts(409,27): error TS1005: ',' expected.
sveltekit-frontend/src/lib/services/vector-search-webasm-integration.ts(410,11): error TS1005: ':' expected.
sveltekit-frontend/src/lib/services/vector-search-webasm-integration.ts(410,44): error TS1005: ',' expected.
sveltekit-frontend/src/lib/services/vector-search-webasm-integration.ts(411,10): error TS1359: Identifier expected. 'const' is a reserved word that cannot be used here.
sveltekit-frontend/src/lib/services/vector-search-webasm-integration.ts(411,16): error TS1005: ',' expected.
sveltekit-frontend/src/lib/services/vector-search-webasm-integration.ts(411,34): error TS1005: ',' expected.
sveltekit-frontend/src/lib/services/vector-search-webasm-integration.ts(411,39): error TS1005: ',' expected.
sveltekit-frontend/src/lib/services/vector-search-webasm-integration.ts(411,56): error TS1005: '{' expected.
sveltekit-frontend/src/lib/services/vector-search-webasm-integration.ts(411,58): error TS1136: Property assignment expected.
sveltekit-frontend/src/lib/services/vector-search-webasm-integration.ts(418,54): error TS1005: ')' expected.
sveltekit-frontend/src/lib/services/vector-search-webasm-integration.ts(419,9): error TS1128: Declaration or statement expected.
sveltekit-frontend/src/lib/services/vector-search-webasm-integration.ts(425,3): error TS1128: Declaration or statement expected.
sveltekit-frontend/src/lib/services/vector-search-webasm-integration.ts(429,14): error TS1109: Expression expected.
sveltekit-frontend/src/lib/services/vector-search-webasm-integration.ts(447,16): error TS1109: Expression expected.
sveltekit-frontend/src/lib/services/vector-search-webasm-integration.ts(448,9): error TS1005: ':' expected.
sveltekit-frontend/src/lib/services/vector-search-webasm-integration.ts(448,23): error TS1005: ',' expected.
sveltekit-frontend/src/lib/services/vector-search-webasm-integration.ts(449,9): error TS1005: ':' expected.
sveltekit-frontend/src/lib/services/vector-search-webasm-integration.ts(449,38): error TS1005: ',' expected.
sveltekit-frontend/src/lib/services/vector-search-webasm-integration.ts(454,26): error TS1135: Argument expression expected.
sveltekit-frontend/src/lib/services/vector-search-webasm-integration.ts(454,64): error TS1005: ';' expected.
sveltekit-frontend/src/lib/services/vector-search-webasm-integration.ts(455,9): error TS1005: ':' expected.
sveltekit-frontend/src/lib/services/vector-search-webasm-integration.ts(460,13): error TS1109: Expression expected.
sveltekit-frontend/src/lib/services/vector-search-webasm-integration.ts(461,9): error TS1005: ':' expected.
sveltekit-frontend/src/lib/services/vector-search-webasm-integration.ts(461,35): error TS1005: ',' expected.
sveltekit-frontend/src/lib/services/vector-search-webasm-integration.ts(462,9): error TS1005: ':' expected.
sveltekit-frontend/src/lib/services/vector-search-webasm-integration.ts(462,23): error TS1005: ',' expected.
sveltekit-frontend/src/lib/services/vector-search-webasm-integration.ts(464,1): error TS1128: Declaration or statement expected.
sveltekit-frontend/src/lib/services/vector-search-webasm-integration.ts(497,1): error TS1128: Declaration or statement expected.
sveltekit-frontend/src/lib/services/vector-search-webasm-integration.ts(497,2): error TS1128: Declaration or statement expected.
sveltekit-frontend/src/lib/services/vector-search-webasm-integration.ts(497,4): error TS1434: Unexpected keyword or identifier.
sveltekit-frontend/src/lib/services/vector-search.ts(52,17): error TS1005: ',' expected.
sveltekit-frontend/src/lib/services/vector-service.ts(6,1): error TS1128: Declaration or statement expected.
sveltekit-frontend/src/lib/services/vector-service.ts(21,3): error TS1068: Unexpected token. A constructor, method, accessor, or property was expected.
sveltekit-frontend/src/lib/services/vector-service.ts(21,4): error TS1068: Unexpected token. A constructor, method, accessor, or property was expected.
sveltekit-frontend/src/lib/services/vector-service.ts(21,21): error TS1005: '(' expected.
sveltekit-frontend/src/lib/services/vector-service.ts(21,23): error TS1068: Unexpected token. A constructor, method, accessor, or property was expected.
sveltekit-frontend/src/lib/services/vector-service.ts(24,9): error TS1128: Declaration or statement expected.
sveltekit-frontend/src/lib/services/vector-service.ts(25,9): error TS1128: Declaration or statement expected.
sveltekit-frontend/src/lib/services/vector-service.ts(42,3): error TS1128: Declaration or statement expected.
sveltekit-frontend/src/lib/services/vector-service.ts(42,10): error TS1434: Unexpected keyword or identifier.
sveltekit-frontend/src/lib/services/vector-service.ts(45,13): error TS1109: Expression expected.
sveltekit-frontend/src/lib/services/vector-service.ts(46,17): error TS1109: Expression expected.
sveltekit-frontend/src/lib/services/vector-service.ts(46,25): error TS1005: ';' expected.
sveltekit-frontend/src/lib/services/vector-service.ts(47,7): error TS2809: Declaration or statement expected. This '=' follows a block of statements, so if you intended to write a destructuring assignment, you might need to wrap the whole assignment in parentheses.
sveltekit-frontend/src/lib/services/vector-service.ts(48,3): error TS1128: Declaration or statement expected.
sveltekit-frontend/src/lib/services/vector-service.ts(48,4): error TS1128: Declaration or statement expected.
sveltekit-frontend/src/lib/services/vector-service.ts(49,9): error TS1005: ':' expected.
sveltekit-frontend/src/lib/services/vector-service.ts(52,14): error TS1005: ':' expected.
sveltekit-frontend/src/lib/services/vector-service.ts(52,17): error TS1005: ',' expected.
sveltekit-frontend/src/lib/services/vector-service.ts(53,7): error TS1005: ',' expected.
sveltekit-frontend/src/lib/services/vector-service.ts(61,3): error TS1128: Declaration or statement expected.
sveltekit-frontend/src/lib/services/vector-service.ts(61,10): error TS1434: Unexpected keyword or identifier.
sveltekit-frontend/src/lib/services/vector-service.ts(61,41): error TS1135: Argument expression expected.
sveltekit-frontend/src/lib/services/vector-service.ts(61,50): error TS1005: ';' expected.
sveltekit-frontend/src/lib/services/vector-service.ts(61,68): error TS1011: An element access expression should take an argument.
sveltekit-frontend/src/lib/services/vector-service.ts(62,9): error TS1005: ':' expected.
sveltekit-frontend/src/lib/services/vector-service.ts(63,13): error TS1005: ':' expected.
sveltekit-frontend/src/lib/services/vector-service.ts(63,32): error TS1005: ',' expected.
sveltekit-frontend/src/lib/services/vector-service.ts(64,9): error TS1003: Identifier expected.
sveltekit-frontend/src/lib/services/vector-service.ts(67,48): error TS1005: ')' expected.
sveltekit-frontend/src/lib/services/vector-service.ts(68,14): error TS1005: ':' expected.
sveltekit-frontend/src/lib/services/vector-service.ts(68,22): error TS1005: ',' expected.
sveltekit-frontend/src/lib/services/vector-service.ts(69,7): error TS1005: ',' expected.
sveltekit-frontend/src/lib/services/vector-service.ts(78,3): error TS1128: Declaration or statement expected.
sveltekit-frontend/src/lib/services/vector-service.ts(78,10): error TS1434: Unexpected keyword or identifier.
sveltekit-frontend/src/lib/services/vector-service.ts(78,42): error TS1135: Argument expression expected.
sveltekit-frontend/src/lib/services/vector-service.ts(78,60): error TS1005: ',' expected.
sveltekit-frontend/src/lib/services/vector-service.ts(78,84): error TS1005: ';' expected.
sveltekit-frontend/src/lib/services/vector-service.ts(78,101): error TS1011: An element access expression should take an argument.
sveltekit-frontend/src/lib/services/vector-service.ts(80,13): error TS1003: Identifier expected.
sveltekit-frontend/src/lib/services/vector-service.ts(80,85): error TS1005: ',' expected.
sveltekit-frontend/src/lib/services/vector-service.ts(81,12): error TS1005: ':' expected.
sveltekit-frontend/src/lib/services/vector-service.ts(81,58): error TS1005: ')' expected.
sveltekit-frontend/src/lib/services/vector-service.ts(87,3): error TS1128: Declaration or statement expected.
sveltekit-frontend/src/lib/services/vector-service.ts(87,10): error TS1434: Unexpected keyword or identifier.
sveltekit-frontend/src/lib/services/vector-service.ts(87,54): error TS1135: Argument expression expected.
sveltekit-frontend/src/lib/services/vector-service.ts(87,72): error TS1005: ',' expected.
sveltekit-frontend/src/lib/services/vector-service.ts(87,96): error TS1005: ';' expected.
sveltekit-frontend/src/lib/services/vector-service.ts(89,13): error TS1003: Identifier expected.
sveltekit-frontend/src/lib/services/vector-service.ts(89,97): error TS1005: ',' expected.
sveltekit-frontend/src/lib/services/vector-service.ts(90,12): error TS1005: ':' expected.
sveltekit-frontend/src/lib/services/vector-service.ts(99,3): error TS1128: Declaration or statement expected.
sveltekit-frontend/src/lib/services/vector-service.ts(99,10): error TS1434: Unexpected keyword or identifier.
sveltekit-frontend/src/lib/services/vector-service.ts(99,45): error TS1135: Argument expression expected.
sveltekit-frontend/src/lib/services/vector-service.ts(99,55): error TS1005: ';' expected.
sveltekit-frontend/src/lib/services/vector-service.ts(99,69): error TS1109: Expression expected.
sveltekit-frontend/src/lib/services/vector-service.ts(101,13): error TS1003: Identifier expected.
sveltekit-frontend/src/lib/services/vector-service.ts(101,80): error TS1005: ',' expected.
sveltekit-frontend/src/lib/services/vector-service.ts(107,3): error TS1128: Declaration or statement expected.
sveltekit-frontend/src/lib/services/vector-service.ts(107,10): error TS1434: Unexpected keyword or identifier.
sveltekit-frontend/src/lib/services/vector-service.ts(107,50): error TS1135: Argument expression expected.
sveltekit-frontend/src/lib/services/vector-service.ts(107,69): error TS1005: ',' expected.
sveltekit-frontend/src/lib/services/vector-service.ts(107,80): error TS1005: ';' expected.
sveltekit-frontend/src/lib/services/vector-service.ts(107,94): error TS1109: Expression expected.
sveltekit-frontend/src/lib/services/vector-service.ts(109,13): error TS1003: Identifier expected.
sveltekit-frontend/src/lib/services/vector-service.ts(109,83): error TS1005: ',' expected.
sveltekit-frontend/src/lib/services/vector-service.ts(115,3): error TS1128: Declaration or statement expected.
sveltekit-frontend/src/lib/services/vector-service.ts(115,10): error TS1434: Unexpected keyword or identifier.
sveltekit-frontend/src/lib/services/vector-service.ts(115,48): error TS1135: Argument expression expected.
sveltekit-frontend/src/lib/services/vector-service.ts(115,57): error TS1005: ';' expected.
sveltekit-frontend/src/lib/services/vector-service.ts(115,71): error TS1109: Expression expected.
sveltekit-frontend/src/lib/services/vector-service.ts(117,13): error TS1003: Identifier expected.
sveltekit-frontend/src/lib/services/vector-service.ts(117,81): error TS1005: ',' expected.
sveltekit-frontend/src/lib/services/vector-service.ts(123,3): error TS1128: Declaration or statement expected.
sveltekit-frontend/src/lib/services/vector-service.ts(123,10): error TS1434: Unexpected keyword or identifier.
sveltekit-frontend/src/lib/services/vector-service.ts(123,40): error TS1135: Argument expression expected.
sveltekit-frontend/src/lib/services/vector-service.ts(123,50): error TS1005: ';' expected.
sveltekit-frontend/src/lib/services/vector-service.ts(123,64): error TS1109: Expression expected.
sveltekit-frontend/src/lib/services/vector-service.ts(125,13): error TS1003: Identifier expected.
sveltekit-frontend/src/lib/services/vector-service.ts(125,79): error TS1005: ',' expected.
sveltekit-frontend/src/lib/services/vector-service.ts(131,3): error TS1128: Declaration or statement expected.
sveltekit-frontend/src/lib/services/vector-service.ts(131,10): error TS1434: Unexpected keyword or identifier.
sveltekit-frontend/src/lib/services/vector-service.ts(131,40): error TS1135: Argument expression expected.
sveltekit-frontend/src/lib/services/vector-service.ts(131,50): error TS1005: ';' expected.
sveltekit-frontend/src/lib/services/vector-service.ts(131,64): error TS1109: Expression expected.
sveltekit-frontend/src/lib/services/vector-service.ts(133,13): error TS1003: Identifier expected.
sveltekit-frontend/src/lib/services/vector-service.ts(133,79): error TS1005: ',' expected.
sveltekit-frontend/src/lib/services/vector-service.ts(139,3): error TS1128: Declaration or statement expected.
sveltekit-frontend/src/lib/services/vector-service.ts(139,10): error TS1434: Unexpected keyword or identifier.
sveltekit-frontend/src/lib/services/vector-service.ts(139,38): error TS1135: Argument expression expected.
sveltekit-frontend/src/lib/services/vector-service.ts(139,47): error TS1011: An element access expression should take an argument.
sveltekit-frontend/src/lib/services/vector-service.ts(139,58): error TS1005: ',' expected.
sveltekit-frontend/src/lib/services/vector-service.ts(139,73): error TS1005: ';' expected.
sveltekit-frontend/src/lib/services/vector-service.ts(139,91): error TS1011: An element access expression should take an argument.
sveltekit-frontend/src/lib/services/vector-service.ts(141,13): error TS1003: Identifier expected.
sveltekit-frontend/src/lib/services/vector-service.ts(141,72): error TS1005: ',' expected.
sveltekit-frontend/src/lib/services/vector-service.ts(142,12): error TS1005: ':' expected.
sveltekit-frontend/src/lib/services/vector-service.ts(142,15): error TS1005: ',' expected.
sveltekit-frontend/src/lib/services/vector-service.ts(148,3): error TS1128: Declaration or statement expected.
sveltekit-frontend/src/lib/services/vector-service.ts(148,10): error TS1434: Unexpected keyword or identifier.
sveltekit-frontend/src/lib/services/vector-service.ts(148,37): error TS1135: Argument expression expected.
sveltekit-frontend/src/lib/services/vector-service.ts(148,55): error TS1005: ',' expected.
sveltekit-frontend/src/lib/services/vector-service.ts(148,70): error TS1005: ';' expected.
sveltekit-frontend/src/lib/services/vector-service.ts(148,88): error TS1011: An element access expression should take an argument.
sveltekit-frontend/src/lib/services/vector-service.ts(150,13): error TS1003: Identifier expected.
sveltekit-frontend/src/lib/services/vector-service.ts(150,82): error TS1005: ',' expected.
sveltekit-frontend/src/lib/services/vector-service.ts(151,12): error TS1005: ':' expected.
sveltekit-frontend/src/lib/services/vector-service.ts(151,15): error TS1005: ',' expected.
sveltekit-frontend/src/lib/services/vector-service.ts(157,3): error TS1128: Declaration or statement expected.
sveltekit-frontend/src/lib/services/vector-service.ts(157,10): error TS1434: Unexpected keyword or identifier.
sveltekit-frontend/src/lib/services/vector-service.ts(157,41): error TS1135: Argument expression expected.
sveltekit-frontend/src/lib/services/vector-service.ts(157,64): error TS1005: ',' expected.
sveltekit-frontend/src/lib/services/vector-service.ts(157,79): error TS1005: ',' expected.
sveltekit-frontend/src/lib/services/vector-service.ts(157,98): error TS1005: ',' expected.
sveltekit-frontend/src/lib/services/vector-service.ts(157,109): error TS1109: Expression expected.
sveltekit-frontend/src/lib/services/vector-service.ts(157,114): error TS1005: ';' expected.
sveltekit-frontend/src/lib/services/vector-service.ts(159,13): error TS1003: Identifier expected.
sveltekit-frontend/src/lib/services/vector-service.ts(159,74): error TS1005: ',' expected.
sveltekit-frontend/src/lib/services/vector-service.ts(160,12): error TS1005: ':' expected.
sveltekit-frontend/src/lib/services/vector-service.ts(166,3): error TS1128: Declaration or statement expected.
sveltekit-frontend/src/lib/services/vector-service.ts(166,10): error TS1434: Unexpected keyword or identifier.
sveltekit-frontend/src/lib/services/vector-service.ts(166,37): error TS1135: Argument expression expected.
sveltekit-frontend/src/lib/services/vector-service.ts(166,60): error TS1005: ',' expected.
sveltekit-frontend/src/lib/services/vector-service.ts(166,70): error TS1005: ';' expected.
sveltekit-frontend/src/lib/services/vector-service.ts(168,13): error TS1003: Identifier expected.
sveltekit-frontend/src/lib/services/vector-service.ts(168,83): error TS1005: ',' expected.
sveltekit-frontend/src/lib/services/vector-service.ts(169,12): error TS1005: ':' expected.
sveltekit-frontend/src/lib/services/vector-service.ts(175,3): error TS1128: Declaration or statement expected.
sveltekit-frontend/src/lib/services/vector-service.ts(175,10): error TS1434: Unexpected keyword or identifier.
sveltekit-frontend/src/lib/services/vector-service.ts(175,48): error TS1135: Argument expression expected.
sveltekit-frontend/src/lib/services/vector-service.ts(175,64): error TS1005: ',' expected.
sveltekit-frontend/src/lib/services/vector-service.ts(175,79): error TS1005: ';' expected.
sveltekit-frontend/src/lib/services/vector-service.ts(175,97): error TS1011: An element access expression should take an argument.
sveltekit-frontend/src/lib/services/vector-service.ts(177,13): error TS1003: Identifier expected.
sveltekit-frontend/src/lib/services/vector-service.ts(177,88): error TS1005: ',' expected.
sveltekit-frontend/src/lib/services/vector-service.ts(178,12): error TS1005: ':' expected.
sveltekit-frontend/src/lib/services/vector-service.ts(178,15): error TS1005: ',' expected.
sveltekit-frontend/src/lib/services/vector-service.ts(180,1): error TS1128: Declaration or statement expected.
sveltekit-frontend/src/lib/services/vertex-buffer-image-analyzer.ts(15,1): error TS1128: Declaration or statement expected.
sveltekit-frontend/src/lib/services/vertex-buffer-image-analyzer.ts(52,1): error TS1128: Declaration or statement expected.
sveltekit-frontend/src/lib/services/vertex-buffer-image-analyzer.ts(63,17): error TS1005: ',' expected.
sveltekit-frontend/src/lib/services/vertex-buffer-image-analyzer.ts(110,24): error TS1005: ';' expected.
sveltekit-frontend/src/lib/services/vertex-buffer-image-analyzer.ts(110,25): error TS1131: Property or signature expected.
sveltekit-frontend/src/lib/services/vertex-buffer-image-analyzer.ts(112,3): error TS1068: Unexpected token. A constructor, method, accessor, or property was expected.
sveltekit-frontend/src/lib/services/vertex-buffer-image-analyzer.ts(112,4): error TS1068: Unexpected token. A constructor, method, accessor, or property was expected.
sveltekit-frontend/src/lib/services/vertex-buffer-image-analyzer.ts(112,34): error TS1005: '(' expected.
sveltekit-frontend/src/lib/services/vertex-buffer-image-analyzer.ts(112,36): error TS1068: Unexpected token. A constructor, method, accessor, or property was expected.
sveltekit-frontend/src/lib/services/vertex-buffer-image-analyzer.ts(122,7): error TS1472: 'catch' or 'finally' expected.
sveltekit-frontend/src/lib/services/vertex-buffer-image-analyzer.ts(124,187): error TS1005: ';' expected.
sveltekit-frontend/src/lib/services/vertex-buffer-image-analyzer.ts(124,188): error TS1005: ')' expected.
sveltekit-frontend/src/lib/services/vertex-buffer-image-analyzer.ts(124,198): error TS1109: Expression expected.
sveltekit-frontend/src/lib/services/vertex-buffer-image-analyzer.ts(124,205): error TS1109: Expression expected.
sveltekit-frontend/src/lib/services/vertex-buffer-image-analyzer.ts(124,207): error TS1128: Declaration or statement expected.
sveltekit-frontend/src/lib/services/vertex-buffer-image-analyzer.ts(124,208): error TS1128: Declaration or statement expected.
sveltekit-frontend/src/lib/services/vertex-buffer-image-analyzer.ts(126,7): error TS1128: Declaration or statement expected.
sveltekit-frontend/src/lib/services/vertex-buffer-image-analyzer.ts(132,187): error TS1005: ';' expected.
sveltekit-frontend/src/lib/services/vertex-buffer-image-analyzer.ts(132,188): error TS1005: ')' expected.
sveltekit-frontend/src/lib/services/vertex-buffer-image-analyzer.ts(132,198): error TS1109: Expression expected.
sveltekit-frontend/src/lib/services/vertex-buffer-image-analyzer.ts(132,204): error TS1128: Declaration or statement expected.
sveltekit-frontend/src/lib/services/vertex-buffer-image-analyzer.ts(132,205): error TS1128: Declaration or statement expected.
sveltekit-frontend/src/lib/services/vertex-buffer-image-analyzer.ts(132,206): error TS1128: Declaration or statement expected.
sveltekit-frontend/src/lib/services/vertex-buffer-image-analyzer.ts(133,7): error TS1128: Declaration or statement expected.
sveltekit-frontend/src/lib/services/vertex-buffer-image-analyzer.ts(139,213): error TS1005: ';' expected.
sveltekit-frontend/src/lib/services/vertex-buffer-image-analyzer.ts(139,214): error TS1005: '}' expected.
sveltekit-frontend/src/lib/services/vertex-buffer-image-analyzer.ts(139,224): error TS1109: Expression expected.
sveltekit-frontend/src/lib/services/vertex-buffer-image-analyzer.ts(139,230): error TS1128: Declaration or statement expected.
sveltekit-frontend/src/lib/services/vertex-buffer-image-analyzer.ts(139,231): error TS1128: Declaration or statement expected.
sveltekit-frontend/src/lib/services/vertex-buffer-image-analyzer.ts(139,232): error TS1128: Declaration or statement expected.
sveltekit-frontend/src/lib/services/vertex-buffer-image-analyzer.ts(139,253): error TS1128: Declaration or statement expected.
sveltekit-frontend/src/lib/services/vertex-buffer-image-analyzer.ts(139,266): error TS1005: ';' expected.
sveltekit-frontend/src/lib/services/vertex-buffer-image-analyzer.ts(139,489): error TS1443: Module declaration names may only use ' or " quoted strings.
sveltekit-frontend/src/lib/services/vertex-buffer-image-analyzer.ts(166,37): error TS1434: Unexpected keyword or identifier.
sveltekit-frontend/src/lib/services/vertex-buffer-image-analyzer.ts(172,32): error TS1005: ';' expected.
sveltekit-frontend/src/lib/services/vertex-buffer-image-analyzer.ts(172,47): error TS1434: Unexpected keyword or identifier.
sveltekit-frontend/src/lib/services/vertex-buffer-image-analyzer.ts(172,86): error TS1131: Property or signature expected.
sveltekit-frontend/src/lib/services/vertex-buffer-image-analyzer.ts(172,87): error TS1128: Declaration or statement expected.
sveltekit-frontend/src/lib/services/vertex-buffer-image-analyzer.ts(172,95): error TS1109: Expression expected.
sveltekit-frontend/src/lib/services/vertex-buffer-image-analyzer.ts(172,102): error TS1128: Declaration or statement expected.
sveltekit-frontend/src/lib/services/vertex-buffer-image-analyzer.ts(172,103): error TS1128: Declaration or statement expected.
sveltekit-frontend/src/lib/services/vertex-buffer-image-analyzer.ts(172,110): error TS1128: Declaration or statement expected.
sveltekit-frontend/src/lib/services/vertex-buffer-image-analyzer.ts(506,41): error TS1005: ';' expected.
sveltekit-frontend/src/lib/services/vertex-buffer-image-analyzer.ts(663,32): error TS1134: Variable declaration expected.
sveltekit-frontend/src/lib/services/vertex-buffer-image-analyzer.ts(663,40): error TS1005: '>' expected.
sveltekit-frontend/src/lib/services/vertex-buffer-image-analyzer.ts(663,64): error TS1109: Expression expected.
sveltekit-frontend/src/lib/services/vertex-buffer-image-analyzer.ts(664,32): error TS1134: Variable declaration expected.
sveltekit-frontend/src/lib/services/vertex-buffer-image-analyzer.ts(664,40): error TS1005: '>' expected.
sveltekit-frontend/src/lib/services/vertex-buffer-image-analyzer.ts(664,62): error TS1109: Expression expected.
sveltekit-frontend/src/lib/services/vertex-buffer-image-analyzer.ts(665,32): error TS1134: Variable declaration expected.
sveltekit-frontend/src/lib/services/vertex-buffer-image-analyzer.ts(665,40): error TS1005: '>' expected.
sveltekit-frontend/src/lib/services/vertex-buffer-image-analyzer.ts(665,61): error TS1109: Expression expected.
sveltekit-frontend/src/lib/services/vertex-buffer-image-analyzer.ts(666,32): error TS1134: Variable declaration expected.
sveltekit-frontend/src/lib/services/vertex-buffer-image-analyzer.ts(666,40): error TS1005: '>' expected.
sveltekit-frontend/src/lib/services/vertex-buffer-image-analyzer.ts(666,64): error TS1109: Expression expected.
sveltekit-frontend/src/lib/services/vertex-buffer-image-analyzer.ts(667,32): error TS1134: Variable declaration expected.
sveltekit-frontend/src/lib/services/vertex-buffer-image-analyzer.ts(667,40): error TS1005: '>' expected.
sveltekit-frontend/src/lib/services/vertex-buffer-image-analyzer.ts(667,62): error TS1109: Expression expected.
sveltekit-frontend/src/lib/services/vertex-buffer-image-analyzer.ts(668,40): error TS1146: Declaration expected.
sveltekit-frontend/src/lib/services/vertex-buffer-image-analyzer.ts(669,7): error TS1434: Unexpected keyword or identifier.
sveltekit-frontend/src/lib/services/vertex-buffer-image-analyzer.ts(669,45): error TS1109: Expression expected.
sveltekit-frontend/src/lib/services/vertex-buffer-image-analyzer.ts(669,57): error TS1005: ',' expected.
sveltekit-frontend/src/lib/services/vertex-buffer-image-analyzer.ts(669,70): error TS1005: ';' expected.
sveltekit-frontend/src/lib/services/vertex-buffer-image-analyzer.ts(677,41): error TS1351: An identifier or keyword cannot immediately follow a numeric literal.
sveltekit-frontend/src/lib/services/vertex-buffer-image-analyzer.ts(678,43): error TS1351: An identifier or keyword cannot immediately follow a numeric literal.
sveltekit-frontend/src/lib/services/vertex-buffer-image-analyzer.ts(679,40): error TS1351: An identifier or keyword cannot immediately follow a numeric literal.
sveltekit-frontend/src/lib/services/vertex-buffer-image-analyzer.ts(680,26): error TS1351: An identifier or keyword cannot immediately follow a numeric literal.
sveltekit-frontend/src/lib/services/vertex-buffer-image-analyzer.ts(680,42): error TS1109: Expression expected.
sveltekit-frontend/src/lib/services/vertex-buffer-image-analyzer.ts(680,53): error TS1005: ';' expected.
sveltekit-frontend/src/lib/services/vertex-buffer-image-analyzer.ts(680,56): error TS1109: Expression expected.
sveltekit-frontend/src/lib/services/vertex-buffer-image-analyzer.ts(681,33): error TS1109: Expression expected.
sveltekit-frontend/src/lib/services/vertex-buffer-image-analyzer.ts(682,34): error TS1351: An identifier or keyword cannot immediately follow a numeric literal.
sveltekit-frontend/src/lib/services/vertex-buffer-image-analyzer.ts(682,35): error TS1128: Declaration or statement expected.
sveltekit-frontend/src/lib/services/vertex-buffer-image-analyzer.ts(682,37): error TS1128: Declaration or statement expected.
sveltekit-frontend/src/lib/services/vertex-buffer-image-analyzer.ts(683,34): error TS1351: An identifier or keyword cannot immediately follow a numeric literal.
sveltekit-frontend/src/lib/services/vertex-buffer-image-analyzer.ts(683,35): error TS1128: Declaration or statement expected.
sveltekit-frontend/src/lib/services/vertex-buffer-image-analyzer.ts(683,37): error TS1128: Declaration or statement expected.
sveltekit-frontend/src/lib/services/vertex-buffer-image-analyzer.ts(685,26): error TS1351: An identifier or keyword cannot immediately follow a numeric literal.
sveltekit-frontend/src/lib/services/vertex-buffer-image-analyzer.ts(685,42): error TS1109: Expression expected.
sveltekit-frontend/src/lib/services/vertex-buffer-image-analyzer.ts(685,51): error TS1005: ';' expected.
sveltekit-frontend/src/lib/services/vertex-buffer-image-analyzer.ts(685,54): error TS1109: Expression expected.
sveltekit-frontend/src/lib/services/vertex-buffer-image-analyzer.ts(686,31): error TS1109: Expression expected.
sveltekit-frontend/src/lib/services/vertex-buffer-image-analyzer.ts(687,32): error TS1351: An identifier or keyword cannot immediately follow a numeric literal.
sveltekit-frontend/src/lib/services/vertex-buffer-image-analyzer.ts(687,33): error TS1128: Declaration or statement expected.
sveltekit-frontend/src/lib/services/vertex-buffer-image-analyzer.ts(687,35): error TS1128: Declaration or statement expected.
sveltekit-frontend/src/lib/services/vertex-buffer-image-analyzer.ts(688,32): error TS1351: An identifier or keyword cannot immediately follow a numeric literal.
sveltekit-frontend/src/lib/services/vertex-buffer-image-analyzer.ts(688,33): error TS1128: Declaration or statement expected.
sveltekit-frontend/src/lib/services/vertex-buffer-image-analyzer.ts(688,35): error TS1128: Declaration or statement expected.
sveltekit-frontend/src/lib/services/vertex-buffer-image-analyzer.ts(690,28): error TS1351: An identifier or keyword cannot immediately follow a numeric literal.
sveltekit-frontend/src/lib/services/vertex-buffer-image-analyzer.ts(690,44): error TS1109: Expression expected.
sveltekit-frontend/src/lib/services/vertex-buffer-image-analyzer.ts(690,52): error TS1005: ';' expected.
sveltekit-frontend/src/lib/services/vertex-buffer-image-analyzer.ts(690,55): error TS1109: Expression expected.
sveltekit-frontend/src/lib/services/vertex-buffer-image-analyzer.ts(691,32): error TS1109: Expression expected.
sveltekit-frontend/src/lib/services/vertex-buffer-image-analyzer.ts(692,33): error TS1351: An identifier or keyword cannot immediately follow a numeric literal.
sveltekit-frontend/src/lib/services/vertex-buffer-image-analyzer.ts(692,34): error TS1128: Declaration or statement expected.
sveltekit-frontend/src/lib/services/vertex-buffer-image-analyzer.ts(692,36): error TS1128: Declaration or statement expected.
sveltekit-frontend/src/lib/services/vertex-buffer-image-analyzer.ts(693,33): error TS1351: An identifier or keyword cannot immediately follow a numeric literal.
sveltekit-frontend/src/lib/services/vertex-buffer-image-analyzer.ts(693,34): error TS1128: Declaration or statement expected.
sveltekit-frontend/src/lib/services/vertex-buffer-image-analyzer.ts(693,36): error TS1128: Declaration or statement expected.
sveltekit-frontend/src/lib/services/vertex-buffer-image-analyzer.ts(694,33): error TS1351: An identifier or keyword cannot immediately follow a numeric literal.
sveltekit-frontend/src/lib/services/vertex-buffer-image-analyzer.ts(694,34): error TS1128: Declaration or statement expected.
sveltekit-frontend/src/lib/services/vertex-buffer-image-analyzer.ts(694,36): error TS1128: Declaration or statement expected.
sveltekit-frontend/src/lib/services/vertex-buffer-image-analyzer.ts(696,25): error TS1351: An identifier or keyword cannot immediately follow a numeric literal.
sveltekit-frontend/src/lib/services/vertex-buffer-image-analyzer.ts(696,41): error TS1109: Expression expected.
sveltekit-frontend/src/lib/services/vertex-buffer-image-analyzer.ts(696,52): error TS1005: ';' expected.
sveltekit-frontend/src/lib/services/vertex-buffer-image-analyzer.ts(696,55): error TS1109: Expression expected.
sveltekit-frontend/src/lib/services/vertex-buffer-image-analyzer.ts(697,32): error TS1109: Expression expected.
sveltekit-frontend/src/lib/services/vertex-buffer-image-analyzer.ts(698,33): error TS1351: An identifier or keyword cannot immediately follow a numeric literal.
sveltekit-frontend/src/lib/services/vertex-buffer-image-analyzer.ts(698,34): error TS1128: Declaration or statement expected.
sveltekit-frontend/src/lib/services/vertex-buffer-image-analyzer.ts(698,36): error TS1128: Declaration or statement expected.
sveltekit-frontend/src/lib/services/vertex-buffer-image-analyzer.ts(752,74): error TS1160: Unterminated template literal.
sveltekit-frontend/src/lib/services/webasm-evidence-pipeline.ts(7,1): error TS1128: Declaration or statement expected.
sveltekit-frontend/src/lib/services/webasm-evidence-pipeline.ts(27,11): error TS1109: Expression expected.
sveltekit-frontend/src/lib/services/webasm-evidence-pipeline.ts(28,1): error TS1128: Declaration or statement expected.
sveltekit-frontend/src/lib/services/webasm-evidence-pipeline.ts(28,2): error TS1128: Declaration or statement expected.
sveltekit-frontend/src/lib/services/webasm-evidence-pipeline.ts(30,7): error TS1003: Identifier expected.
sveltekit-frontend/src/lib/services/webasm-evidence-pipeline.ts(30,18): error TS1138: Parameter declaration expected.
sveltekit-frontend/src/lib/services/webasm-evidence-pipeline.ts(30,50): error TS1005: ';' expected.
sveltekit-frontend/src/lib/services/webasm-evidence-pipeline.ts(47,1): error TS1128: Declaration or statement expected.
sveltekit-frontend/src/lib/services/webgpu-som-enhanced-cache.ts(25,59): error TS1005: ';' expected.
sveltekit-frontend/src/lib/services/webgpu-som-enhanced-cache.ts(27,6): error TS1068: Unexpected token. A constructor, method, accessor, or property was expected.
sveltekit-frontend/src/lib/services/webgpu-som-enhanced-cache.ts(28,5): error TS1068: Unexpected token. A constructor, method, accessor, or property was expected.
sveltekit-frontend/src/lib/services/webgpu-som-enhanced-cache.ts(29,3): error TS1128: Declaration or statement expected.
sveltekit-frontend/src/lib/services/webgpu-som-enhanced-cache.ts(31,12): error TS1005: ':' expected.
sveltekit-frontend/src/lib/services/webgpu-som-enhanced-cache.ts(33,1): error TS1128: Declaration or statement expected.
sveltekit-frontend/src/lib/services/webgpu-texture-streaming.ts(8,68): error TS1109: Expression expected.
sveltekit-frontend/src/lib/services/webgpu-texture-streaming.ts(9,111): error TS1109: Expression expected.
sveltekit-frontend/src/lib/services/webgpu-texture-streaming.ts(10,133): error TS1109: Expression expected.
sveltekit-frontend/src/lib/services/webgpu-texture-streaming.ts(145,15): error TS1005: ',' expected.
sveltekit-frontend/src/lib/services/webgpu-texture-streaming.ts(208,28): error TS1005: ',' expected.
sveltekit-frontend/src/lib/services/webgpu-texture-streaming.ts(218,63): error TS1005: ',' expected.
sveltekit-frontend/src/lib/services/webgpu-texture-streaming.ts(314,70): error TS1005: ',' expected.
sveltekit-frontend/src/lib/services/websocket-service.ts(9,1): error TS1128: Declaration or statement expected.
sveltekit-frontend/src/lib/services/websocket-service.ts(17,1): error TS1128: Declaration or statement expected.
sveltekit-frontend/src/lib/services/websocket-service.ts(25,1): error TS1128: Declaration or statement expected.
sveltekit-frontend/src/lib/services/websocket-service.ts(37,46): error TS1005: '>' expected.
sveltekit-frontend/src/lib/services/websocket-service.ts(71,71): error TS1005: ')' expected.
sveltekit-frontend/src/lib/services/websocket-service.ts(127,45): error TS1005: ')' expected.
sveltekit-frontend/src/lib/services/websocket-service.ts(231,26): error TS1005: ',' expected.
sveltekit-frontend/src/lib/services/websocket-service.ts(238,20): error TS1005: ',' expected.
sveltekit-frontend/src/lib/services/websocket-service.ts(257,45): error TS1005: ')' expected.
sveltekit-frontend/src/lib/services/websocket-service.ts(329,3): error TS1068: Unexpected token. A constructor, method, accessor, or property was expected.
sveltekit-frontend/src/lib/services/websocket-service.ts(329,5): error TS1068: Unexpected token. A constructor, method, accessor, or property was expected.
sveltekit-frontend/src/lib/services/websocket-service.ts(332,13): error TS1109: Expression expected.
sveltekit-frontend/src/lib/services/websocket-service.ts(332,27): error TS1109: Expression expected.
sveltekit-frontend/src/lib/services/websocket-service.ts(333,12): error TS1005: ':' expected.
sveltekit-frontend/src/lib/services/websocket-service.ts(338,47): error TS1005: ')' expected.
sveltekit-frontend/src/lib/services/websocket-service.ts(341,35): error TS1005: ';' expected.
sveltekit-frontend/src/lib/services/websocket-service.ts(341,36): error TS1005: ',' expected.
sveltekit-frontend/src/lib/services/websocket-service.ts(342,13): error TS1005: ':' expected.
sveltekit-frontend/src/lib/services/websocket-service.ts(342,30): error TS1005: ',' expected.
sveltekit-frontend/src/lib/services/websocket-service.ts(343,13): error TS1005: ':' expected.
sveltekit-frontend/src/lib/services/websocket-service.ts(343,37): error TS1005: ',' expected.
sveltekit-frontend/src/lib/services/websocket-service.ts(344,13): error TS1005: ':' expected.
sveltekit-frontend/src/lib/services/websocket-service.ts(344,31): error TS1005: ',' expected.
sveltekit-frontend/src/lib/services/websocket-service.ts(346,8): error TS1005: ';' expected.
sveltekit-frontend/src/lib/services/websocket-service.ts(360,8): error TS1005: ';' expected.
sveltekit-frontend/src/lib/services/websocket-service.ts(365,8): error TS1005: ';' expected.
sveltekit-frontend/src/lib/services/websocket-service.ts(366,5): error TS1128: Declaration or statement expected.
sveltekit-frontend/src/lib/services/websocket-service.ts(366,6): error TS1128: Declaration or statement expected.
sveltekit-frontend/src/lib/services/websocket-service.ts(367,3): error TS1128: Declaration or statement expected.
sveltekit-frontend/src/lib/services/websocket-service.ts(368,3): error TS1128: Declaration or statement expected.
sveltekit-frontend/src/lib/services/websocket-service.ts(368,33): error TS1135: Argument expression expected.
sveltekit-frontend/src/lib/services/websocket-service.ts(368,52): error TS1005: ';' expected.
sveltekit-frontend/src/lib/services/websocket-service.ts(369,21): error TS1138: Parameter declaration expected.
sveltekit-frontend/src/lib/services/websocket-service.ts(369,27): error TS1005: ',' expected.
sveltekit-frontend/src/lib/services/websocket-service.ts(369,29): error TS1136: Property assignment expected.
sveltekit-frontend/src/lib/services/websocket-service.ts(370,7): error TS1128: Declaration or statement expected.
sveltekit-frontend/src/lib/services/websocket-service.ts(370,37): error TS1109: Expression expected.
sveltekit-frontend/src/lib/services/websocket-service.ts(373,7): error TS1128: Declaration or statement expected.
sveltekit-frontend/src/lib/services/websocket-service.ts(373,24): error TS1109: Expression expected.
sveltekit-frontend/src/lib/services/websocket-service.ts(376,7): error TS1128: Declaration or statement expected.
sveltekit-frontend/src/lib/services/websocket-service.ts(376,19): error TS1109: Expression expected.
sveltekit-frontend/src/lib/services/websocket-service.ts(379,7): error TS1128: Declaration or statement expected.
sveltekit-frontend/src/lib/services/websocket-service.ts(379,14): error TS1128: Declaration or statement expected.
sveltekit-frontend/src/lib/services/websocket-service.ts(383,3): error TS1128: Declaration or statement expected.
sveltekit-frontend/src/lib/services/websocket-service.ts(384,22): error TS1135: Argument expression expected.
sveltekit-frontend/src/lib/services/websocket-service.ts(384,31): error TS1011: An element access expression should take an argument.
sveltekit-frontend/src/lib/services/websocket-service.ts(384,33): error TS1005: ';' expected.
sveltekit-frontend/src/lib/services/websocket-service.ts(385,14): error TS1003: Identifier expected.
sveltekit-frontend/src/lib/services/websocket-service.ts(385,65): error TS1005: ')' expected.
sveltekit-frontend/src/lib/services/websocket-service.ts(386,13): error TS1005: ',' expected.
sveltekit-frontend/src/lib/services/websocket-service.ts(386,27): error TS1005: ',' expected.
sveltekit-frontend/src/lib/services/websocket-service.ts(386,29): error TS1136: Property assignment expected.
sveltekit-frontend/src/lib/services/websocket-service.ts(393,3): error TS1128: Declaration or statement expected.
sveltekit-frontend/src/lib/services/websocket-service.ts(394,24): error TS1135: Argument expression expected.
sveltekit-frontend/src/lib/services/websocket-service.ts(394,33): error TS1011: An element access expression should take an argument.
sveltekit-frontend/src/lib/services/websocket-service.ts(394,35): error TS1005: ';' expected.
sveltekit-frontend/src/lib/services/websocket-service.ts(395,14): error TS1003: Identifier expected.
sveltekit-frontend/src/lib/services/websocket-service.ts(395,68): error TS1005: ')' expected.
sveltekit-frontend/src/lib/services/websocket-service.ts(396,13): error TS1005: ',' expected.
sveltekit-frontend/src/lib/services/websocket-service.ts(396,27): error TS1005: ',' expected.
sveltekit-frontend/src/lib/services/websocket-service.ts(396,29): error TS1136: Property assignment expected.
sveltekit-frontend/src/lib/services/websocket-service.ts(403,3): error TS1128: Declaration or statement expected.
sveltekit-frontend/src/lib/services/websocket-service.ts(404,16): error TS1135: Argument expression expected.
sveltekit-frontend/src/lib/services/websocket-service.ts(404,35): error TS1005: ';' expected.
sveltekit-frontend/src/lib/services/websocket-service.ts(405,13): error TS1005: ',' expected.
sveltekit-frontend/src/lib/services/websocket-service.ts(405,27): error TS1005: ',' expected.
sveltekit-frontend/src/lib/services/websocket-service.ts(405,29): error TS1136: Property assignment expected.
sveltekit-frontend/src/lib/services/websocket-service.ts(406,44): error TS1005: ')' expected.
sveltekit-frontend/src/lib/services/websocket-service.ts(408,3): error TS1128: Declaration or statement expected.
sveltekit-frontend/src/lib/services/websocket-service.ts(409,3): error TS1128: Declaration or statement expected.
sveltekit-frontend/src/lib/services/websocket-service.ts(409,25): error TS1109: Expression expected.
sveltekit-frontend/src/lib/services/websocket-service.ts(409,27): error TS1434: Unexpected keyword or identifier.
sveltekit-frontend/src/lib/services/websocket-service.ts(412,3): error TS1128: Declaration or statement expected.
sveltekit-frontend/src/lib/services/websocket-service.ts(412,35): error TS1109: Expression expected.
sveltekit-frontend/src/lib/services/websocket-service.ts(413,13): error TS1005: ',' expected.
sveltekit-frontend/src/lib/services/websocket-service.ts(413,34): error TS1109: Expression expected.
sveltekit-frontend/src/lib/services/websocket-service.ts(413,37): error TS1005: ':' expected.
sveltekit-frontend/src/lib/services/websocket-service.ts(413,39): error TS1136: Property assignment expected.
sveltekit-frontend/src/lib/services/websocket-service.ts(414,52): error TS1005: ')' expected.
sveltekit-frontend/src/lib/services/websocket-service.ts(416,3): error TS1128: Declaration or statement expected.
sveltekit-frontend/src/lib/services/websocket-service.ts(417,3): error TS1128: Declaration or statement expected.
sveltekit-frontend/src/lib/services/websocket-service.ts(417,30): error TS1109: Expression expected.
sveltekit-frontend/src/lib/services/websocket-service.ts(418,13): error TS1005: ',' expected.
sveltekit-frontend/src/lib/services/websocket-service.ts(418,60): error TS1005: ',' expected.
sveltekit-frontend/src/lib/services/websocket-service.ts(418,62): error TS1136: Property assignment expected.
sveltekit-frontend/src/lib/services/websocket-service.ts(418,63): error TS1109: Expression expected.
sveltekit-frontend/src/lib/services/websocket-service.ts(427,7): error TS1128: Declaration or statement expected.
sveltekit-frontend/src/lib/services/websocket-service.ts(431,3): error TS1128: Declaration or statement expected.
sveltekit-frontend/src/lib/services/websocket-service.ts(432,3): error TS1128: Declaration or statement expected.
sveltekit-frontend/src/lib/services/websocket-service.ts(432,28): error TS1109: Expression expected.
sveltekit-frontend/src/lib/services/websocket-service.ts(433,9): error TS1005: ':' expected.
sveltekit-frontend/src/lib/services/websocket-service.ts(441,14): error TS1005: ',' expected.
sveltekit-frontend/src/lib/services/websocket-service.ts(443,3): error TS1128: Declaration or statement expected.
sveltekit-frontend/src/lib/services/websocket-service.ts(443,27): error TS1109: Expression expected.
sveltekit-frontend/src/lib/services/websocket-service.ts(444,13): error TS1005: ',' expected.
sveltekit-frontend/src/lib/services/websocket-service.ts(444,32): error TS1005: ',' expected.
sveltekit-frontend/src/lib/services/websocket-service.ts(444,34): error TS1136: Property assignment expected.
sveltekit-frontend/src/lib/services/websocket-service.ts(448,3): error TS1128: Declaration or statement expected.
sveltekit-frontend/src/lib/services/websocket-service.ts(449,16): error TS1109: Expression expected.
sveltekit-frontend/src/lib/services/websocket-service.ts(450,9): error TS1005: ':' expected.
sveltekit-frontend/src/lib/services/websocket-service.ts(450,25): error TS1005: ',' expected.
sveltekit-frontend/src/lib/services/websocket-service.ts(451,13): error TS1005: ',' expected.
sveltekit-frontend/src/lib/services/websocket-service.ts(451,17): error TS1005: ',' expected.
sveltekit-frontend/src/lib/services/websocket-service.ts(451,19): error TS1136: Property assignment expected.
sveltekit-frontend/src/lib/services/websocket-service.ts(455,3): error TS1128: Declaration or statement expected.
sveltekit-frontend/src/lib/services/websocket-service.ts(456,1): error TS1128: Declaration or statement expected.
sveltekit-frontend/src/lib/services/yorha-detective-service.ts(6,1): error TS1128: Declaration or statement expected.
sveltekit-frontend/src/lib/services/yorha-detective-service.ts(14,1): error TS1128: Declaration or statement expected.
sveltekit-frontend/src/lib/services/yorha-detective-service.ts(21,1): error TS1128: Declaration or statement expected.
sveltekit-frontend/src/lib/services/yorha-detective-service.ts(29,1): error TS1128: Declaration or statement expected.
sveltekit-frontend/src/lib/services/yorha-detective-service.ts(138,9): error TS1005: ')' expected.
sveltekit-frontend/src/lib/services/yorha-detective-service.ts(142,7): error TS1136: Property assignment expected.
sveltekit-frontend/src/lib/services/yorha-detective-service.ts(142,9): error TS1472: 'catch' or 'finally' expected.
sveltekit-frontend/src/lib/services/yorha-detective-service.ts(152,25): error TS1005: ',' expected.
sveltekit-frontend/src/lib/services/yorha-detective-service.ts(159,23): error TS1005: ',' expected.
sveltekit-frontend/src/lib/services/yorha-detective-service.ts(167,3): error TS1434: Unexpected keyword or identifier.
sveltekit-frontend/src/lib/services/yorha-detective-service.ts(167,27): error TS1135: Argument expression expected.
sveltekit-frontend/src/lib/services/yorha-detective-service.ts(167,45): error TS1005: ',' expected.
sveltekit-frontend/src/lib/services/yorha-detective-service.ts(167,56): error TS1005: ';' expected.
sveltekit-frontend/src/lib/services/yorha-detective-service.ts(167,71): error TS1011: An element access expression should take an argument.
sveltekit-frontend/src/lib/services/yorha-detective-service.ts(168,9): error TS1005: ':' expected.
sveltekit-frontend/src/lib/services/yorha-detective-service.ts(169,13): error TS1005: ':' expected.
sveltekit-frontend/src/lib/services/yorha-detective-service.ts(178,7): error TS1005: ',' expected.
sveltekit-frontend/src/lib/services/yorha-detective-service.ts(178,13): error TS1005: ':' expected.
sveltekit-frontend/src/lib/services/yorha-detective-service.ts(184,9): error TS1005: ',' expected.
sveltekit-frontend/src/lib/services/yorha-detective-service.ts(185,20): error TS1138: Parameter declaration expected.
sveltekit-frontend/src/lib/services/yorha-detective-service.ts(185,24): error TS1005: ',' expected.
sveltekit-frontend/src/lib/services/yorha-detective-service.ts(185,26): error TS1136: Property assignment expected.
sveltekit-frontend/src/lib/services/yorha-detective-service.ts(189,5): error TS1128: Declaration or statement expected.
sveltekit-frontend/src/lib/services/yorha-detective-service.ts(189,7): error TS1005: 'try' expected.
sveltekit-frontend/src/lib/services/yorha-detective-service.ts(194,3): error TS1128: Declaration or statement expected.
sveltekit-frontend/src/lib/services/yorha-detective-service.ts(198,3): error TS1434: Unexpected keyword or identifier.
sveltekit-frontend/src/lib/services/yorha-detective-service.ts(198,32): error TS1135: Argument expression expected.
sveltekit-frontend/src/lib/services/yorha-detective-service.ts(198,41): error TS1005: ';' expected.
sveltekit-frontend/src/lib/services/yorha-detective-service.ts(199,9): error TS1005: ':' expected.
sveltekit-frontend/src/lib/services/yorha-detective-service.ts(200,13): error TS1005: ':' expected.
sveltekit-frontend/src/lib/services/yorha-detective-service.ts(206,7): error TS1005: ',' expected.
sveltekit-frontend/src/lib/services/yorha-detective-service.ts(206,13): error TS1005: ':' expected.
sveltekit-frontend/src/lib/services/yorha-detective-service.ts(206,69): error TS1005: ',' expected.
sveltekit-frontend/src/lib/services/yorha-detective-service.ts(207,14): error TS1005: ':' expected.
sveltekit-frontend/src/lib/services/yorha-detective-service.ts(224,7): error TS1005: ',' expected.
sveltekit-frontend/src/lib/services/yorha-detective-service.ts(251,3): error TS1434: Unexpected keyword or identifier.
sveltekit-frontend/src/lib/services/yorha-detective-service.ts(251,23): error TS1109: Expression expected.
sveltekit-frontend/src/lib/services/yorha-detective-service.ts(252,11): error TS1005: ':' expected.
sveltekit-frontend/src/lib/services/yorha-detective-service.ts(258,5): error TS1005: ',' expected.
sveltekit-frontend/src/lib/services/yorha-detective-service.ts(258,9): error TS1005: ':' expected.
sveltekit-frontend/src/lib/services/yorha-detective-service.ts(260,13): error TS1005: ':' expected.
sveltekit-frontend/src/lib/services/yorha-detective-service.ts(263,9): error TS1005: ',' expected.
sveltekit-frontend/src/lib/services/yorha-detective-service.ts(264,15): error TS1003: Identifier expected.
sveltekit-frontend/src/lib/services/yorha-detective-service.ts(264,45): error TS1005: ',' expected.
sveltekit-frontend/src/lib/services/yorha-detective-service.ts(265,7): error TS1005: ',' expected.
sveltekit-frontend/src/lib/services/yorha-detective-service.ts(268,5): error TS1005: ',' expected.
sveltekit-frontend/src/lib/services/yorha-detective-service.ts(268,9): error TS1005: ':' expected.
sveltekit-frontend/src/lib/services/yorha-detective-service.ts(270,13): error TS1005: ':' expected.
sveltekit-frontend/src/lib/services/yorha-detective-service.ts(273,9): error TS1005: ',' expected.
sveltekit-frontend/src/lib/services/yorha-detective-service.ts(274,15): error TS1003: Identifier expected.
sveltekit-frontend/src/lib/services/yorha-detective-service.ts(274,50): error TS1005: ',' expected.
sveltekit-frontend/src/lib/services/yorha-detective-service.ts(275,7): error TS1005: ',' expected.
sveltekit-frontend/src/lib/services/yorha-detective-service.ts(278,5): error TS1005: ',' expected.
sveltekit-frontend/src/lib/services/yorha-detective-service.ts(278,9): error TS1005: ':' expected.
sveltekit-frontend/src/lib/services/yorha-detective-service.ts(281,15): error TS1003: Identifier expected.
sveltekit-frontend/src/lib/services/yorha-detective-service.ts(281,51): error TS1005: ',' expected.
sveltekit-frontend/src/lib/services/yorha-detective-service.ts(282,7): error TS1005: ',' expected.
sveltekit-frontend/src/lib/services/yorha-detective-service.ts(286,5): error TS1005: ',' expected.
sveltekit-frontend/src/lib/services/yorha-detective-service.ts(286,11): error TS1005: ':' expected.
sveltekit-frontend/src/lib/services/yorha-detective-service.ts(286,81): error TS1109: Expression expected.
sveltekit-frontend/src/lib/services/yorha-detective-service.ts(286,84): error TS1005: ':' expected.
sveltekit-frontend/src/lib/services/yorha-detective-service.ts(287,26): error TS1138: Parameter declaration expected.
sveltekit-frontend/src/lib/services/yorha-detective-service.ts(287,29): error TS1109: Expression expected.
sveltekit-frontend/src/lib/services/yorha-detective-service.ts(287,32): error TS1005: ';' expected.
sveltekit-frontend/src/lib/services/yorha-detective-service.ts(289,7): error TS1128: Declaration or statement expected.
sveltekit-frontend/src/lib/services/yorha-detective-service.ts(295,3): error TS1128: Declaration or statement expected.
sveltekit-frontend/src/lib/services/yorha-detective-service.ts(296,1): error TS1128: Declaration or statement expected.
sveltekit-frontend/src/lib/simd/vector-simd.ts(3,1): error TS1128: Declaration or statement expected.
sveltekit-frontend/src/lib/simd/vector-simd.ts(55,26): error TS1005: ',' expected.
sveltekit-frontend/src/lib/simd/vector-simd.ts(57,24): error TS1005: ',' expected.
sveltekit-frontend/src/lib/simd/vector-simd.ts(66,41): error TS1005: ';' expected.
sveltekit-frontend/src/lib/simd/vector-simd.ts(74,33): error TS1005: ';' expected.
sveltekit-frontend/src/lib/simd/vector-simd.ts(83,26): error TS1005: ',' expected.
sveltekit-frontend/src/lib/simd/vector-simd.ts(85,24): error TS1005: ',' expected.
sveltekit-frontend/src/lib/simd/vector-simd.ts(90,88): error TS1005: ')' expected.
sveltekit-frontend/src/lib/simd/vector-simd.ts(103,37): error TS1005: ';' expected.
sveltekit-frontend/src/lib/simd/vector-simd.ts(111,29): error TS1005: ';' expected.
sveltekit-frontend/src/lib/simd/vector-simd.ts(145,33): error TS1005: ';' expected.
sveltekit-frontend/src/lib/simd/vector-simd.ts(152,25): error TS1005: ';' expected.
sveltekit-frontend/src/lib/simd/vector-simd.ts(159,29): error TS1005: ',' expected.
sveltekit-frontend/src/lib/simd/vector-simd.ts(188,95): error TS1005: ')' expected.
sveltekit-frontend/src/lib/simd/vector-simd.ts(211,38): error TS1005: ',' expected.
sveltekit-frontend/src/lib/simd/vector-simd.ts(240,26): error TS1005: ',' expected.
sveltekit-frontend/src/lib/simd/vector-simd.ts(246,43): error TS1005: ';' expected.
sveltekit-frontend/src/lib/simd/vector-simd.ts(253,35): error TS1005: ';' expected.
sveltekit-frontend/src/lib/simd/vector-simd.ts(266,25): error TS1005: ',' expected.
sveltekit-frontend/src/lib/simd/vector-simd.ts(277,38): error TS1005: ',' expected.
sveltekit-frontend/src/lib/state/app-machine.ts(58,4): error TS1128: Declaration or statement expected.
sveltekit-frontend/src/lib/state/app-machine.ts(59,22): error TS1005: ',' expected.
sveltekit-frontend/src/lib/state/app-machine.ts(60,29): error TS1005: ',' expected.
sveltekit-frontend/src/lib/state/app-machine.ts(61,29): error TS1005: ',' expected.
sveltekit-frontend/src/lib/state/app-machine.ts(62,33): error TS1005: ',' expected.
sveltekit-frontend/src/lib/state/app-machine.ts(63,31): error TS1005: ',' expected.
sveltekit-frontend/src/lib/state/app-machine.ts(64,30): error TS1005: ',' expected.
sveltekit-frontend/src/lib/state/app-machine.ts(65,28): error TS1005: ',' expected.
sveltekit-frontend/src/lib/state/app-machine.ts(76,1): error TS1128: Declaration or statement expected.
sveltekit-frontend/src/lib/state/app-machine.ts(151,78): error TS1109: Expression expected.
sveltekit-frontend/src/lib/state/app-machine.ts(151,87): error TS1005: ',' expected.
sveltekit-frontend/src/lib/state/app-machine.ts(151,88): error TS1005: ',' expected.
sveltekit-frontend/src/lib/state/app-machine.ts(151,95): error TS1005: ',' expected.
sveltekit-frontend/src/lib/state/app-machine.ts(152,11): error TS1134: Variable declaration expected.
sveltekit-frontend/src/lib/state/app-machine.ts(152,71): error TS1005: ']' expected.
sveltekit-frontend/src/lib/state/app-machine.ts(152,80): error TS1005: ',' expected.
sveltekit-frontend/src/lib/state/app-machine.ts(152,81): error TS1136: Property assignment expected.
sveltekit-frontend/src/lib/state/app-machine.ts(153,3): error TS1128: Declaration or statement expected.
sveltekit-frontend/src/lib/state/app-machine.ts(153,4): error TS1128: Declaration or statement expected.
sveltekit-frontend/src/lib/state/app-machine.ts(155,1): error TS1128: Declaration or statement expected.
sveltekit-frontend/src/lib/state/app-machine.ts(155,2): error TS1128: Declaration or statement expected.
sveltekit-frontend/src/lib/state/app-machine.ts(176,13): error TS1005: ',' expected.
sveltekit-frontend/src/lib/state/app-machine.ts(196,64): error TS1109: Expression expected.
sveltekit-frontend/src/lib/state/app-machine.ts(196,73): error TS1005: ',' expected.
sveltekit-frontend/src/lib/state/app-machine.ts(196,74): error TS1005: ',' expected.
sveltekit-frontend/src/lib/state/app-machine.ts(197,5): error TS1128: Declaration or statement expected.
sveltekit-frontend/src/lib/state/app-machine.ts(198,3): error TS1128: Declaration or statement expected.
sveltekit-frontend/src/lib/state/app-machine.ts(199,1): error TS1128: Declaration or statement expected.
sveltekit-frontend/src/lib/state/app-machine.ts(199,2): error TS1128: Declaration or statement expected.
sveltekit-frontend/src/lib/state/app-machine.ts(203,1): error TS1005: ',' expected.
sveltekit-frontend/src/lib/state/app-machine.ts(210,3): error TS1005: ',' expected.
sveltekit-frontend/src/lib/state/app-machine.ts(227,54): error TS1109: Expression expected.
sveltekit-frontend/src/lib/state/app-machine.ts(227,63): error TS1005: ',' expected.
sveltekit-frontend/src/lib/state/app-machine.ts(227,64): error TS1136: Property assignment expected.
sveltekit-frontend/src/lib/state/app-machine.ts(281,7): error TS1005: ')' expected.
sveltekit-frontend/src/lib/state/app-machine.ts(288,21): error TS1109: Expression expected.
sveltekit-frontend/src/lib/state/app-machine.ts(288,30): error TS1005: ',' expected.
sveltekit-frontend/src/lib/state/app-machine.ts(288,31): error TS1136: Property assignment expected.
sveltekit-frontend/src/lib/state/app-machine.ts(289,20): error TS1109: Expression expected.
sveltekit-frontend/src/lib/state/app-machine.ts(289,29): error TS1005: ',' expected.
sveltekit-frontend/src/lib/state/app-machine.ts(289,30): error TS1136: Property assignment expected.
sveltekit-frontend/src/lib/state/app-machine.ts(304,32): error TS1109: Expression expected.
sveltekit-frontend/src/lib/state/app-machine.ts(304,41): error TS1005: ',' expected.
sveltekit-frontend/src/lib/state/app-machine.ts(304,42): error TS1136: Property assignment expected.
sveltekit-frontend/src/lib/state/app-machine.ts(308,22): error TS1109: Expression expected.
sveltekit-frontend/src/lib/state/app-machine.ts(308,31): error TS1005: ',' expected.
sveltekit-frontend/src/lib/state/app-machine.ts(308,32): error TS1136: Property assignment expected.
sveltekit-frontend/src/lib/state/app-machine.ts(309,6): error TS1005: ',' expected.
sveltekit-frontend/src/lib/state/app-machine.ts(320,15): error TS1109: Expression expected.
sveltekit-frontend/src/lib/state/app-machine.ts(325,3): error TS1128: Declaration or statement expected.
sveltekit-frontend/src/lib/state/app-machine.ts(325,4): error TS1128: Declaration or statement expected.
sveltekit-frontend/src/lib/state/app-machine.ts(327,10): error TS1109: Expression expected.
sveltekit-frontend/src/lib/state/app-machine.ts(334,19): error TS1109: Expression expected.
sveltekit-frontend/src/lib/state/app-machine.ts(344,10): error TS1128: Declaration or statement expected.
sveltekit-frontend/src/lib/state/app-machine.ts(347,19): error TS1109: Expression expected.
sveltekit-frontend/src/lib/state/app-machine.ts(353,6): error TS1128: Declaration or statement expected.
sveltekit-frontend/src/lib/state/app-machine.ts(359,19): error TS1109: Expression expected.
sveltekit-frontend/src/lib/state/app-machine.ts(360,10): error TS1128: Declaration or statement expected.
sveltekit-frontend/src/lib/state/app-machine.ts(365,6): error TS1128: Declaration or statement expected.
sveltekit-frontend/src/lib/state/app-machine.ts(370,19): error TS1109: Expression expected.
sveltekit-frontend/src/lib/state/app-machine.ts(373,6): error TS1128: Declaration or statement expected.
sveltekit-frontend/src/lib/state/app-machine.ts(378,16): error TS1109: Expression expected.
sveltekit-frontend/src/lib/state/app-machine.ts(380,19): error TS1109: Expression expected.
sveltekit-frontend/src/lib/state/app-machine.ts(385,10): error TS1128: Declaration or statement expected.
sveltekit-frontend/src/lib/state/app-machine.ts(388,19): error TS1109: Expression expected.
sveltekit-frontend/src/lib/state/app-machine.ts(395,6): error TS1128: Declaration or statement expected.
sveltekit-frontend/src/lib/state/app-machine.ts(401,15): error TS1109: Expression expected.
sveltekit-frontend/src/lib/state/app-machine.ts(402,14): error TS1109: Expression expected.
sveltekit-frontend/src/lib/state/app-machine.ts(407,14): error TS1128: Declaration or statement expected.
sveltekit-frontend/src/lib/state/app-machine.ts(410,23): error TS1109: Expression expected.
sveltekit-frontend/src/lib/state/app-machine.ts(413,10): error TS1128: Declaration or statement expected.
sveltekit-frontend/src/lib/state/app-machine.ts(418,23): error TS1109: Expression expected.
sveltekit-frontend/src/lib/state/app-machine.ts(422,8): error TS1128: Declaration or statement expected.
sveltekit-frontend/src/lib/state/app-machine.ts(426,19): error TS1109: Expression expected.
sveltekit-frontend/src/lib/state/app-machine.ts(427,10): error TS1128: Declaration or statement expected.
sveltekit-frontend/src/lib/state/app-machine.ts(430,19): error TS1109: Expression expected.
sveltekit-frontend/src/lib/state/app-machine.ts(435,10): error TS1128: Declaration or statement expected.
sveltekit-frontend/src/lib/state/app-machine.ts(440,6): error TS1128: Declaration or statement expected.
sveltekit-frontend/src/lib/state/app-machine.ts(446,19): error TS1109: Expression expected.
sveltekit-frontend/src/lib/state/app-machine.ts(447,10): error TS1128: Declaration or statement expected.
sveltekit-frontend/src/lib/state/app-machine.ts(450,19): error TS1109: Expression expected.
sveltekit-frontend/src/lib/state/app-machine.ts(453,6): error TS1128: Declaration or statement expected.
sveltekit-frontend/src/lib/state/app-machine.ts(459,19): error TS1109: Expression expected.
sveltekit-frontend/src/lib/state/app-machine.ts(466,10): error TS1128: Declaration or statement expected.
sveltekit-frontend/src/lib/state/app-machine.ts(469,19): error TS1109: Expression expected.
sveltekit-frontend/src/lib/state/app-machine.ts(475,6): error TS1128: Declaration or statement expected.
sveltekit-frontend/src/lib/state/app-machine.ts(480,19): error TS1109: Expression expected.
sveltekit-frontend/src/lib/state/app-machine.ts(481,10): error TS1128: Declaration or statement expected.
sveltekit-frontend/src/lib/state/app-machine.ts(484,19): error TS1109: Expression expected.
sveltekit-frontend/src/lib/state/app-machine.ts(488,4): error TS1128: Declaration or statement expected.
sveltekit-frontend/src/lib/state/app-machine.ts(493,6): error TS1128: Declaration or statement expected.
sveltekit-frontend/src/lib/state/app-machine.ts(498,6): error TS1128: Declaration or statement expected.
sveltekit-frontend/src/lib/state/app-machine.ts(501,6): error TS1128: Declaration or statement expected.
sveltekit-frontend/src/lib/state/app-machine.ts(504,6): error TS1128: Declaration or statement expected.
sveltekit-frontend/src/lib/state/app-machine.ts(507,6): error TS1128: Declaration or statement expected.
sveltekit-frontend/src/lib/state/app-machine.ts(510,6): error TS1128: Declaration or statement expected.
sveltekit-frontend/src/lib/state/app-machine.ts(513,6): error TS1128: Declaration or statement expected.
sveltekit-frontend/src/lib/state/app-machine.ts(516,6): error TS1128: Declaration or statement expected.
sveltekit-frontend/src/lib/state/app-machine.ts(519,6): error TS1128: Declaration or statement expected.
sveltekit-frontend/src/lib/state/app-machine.ts(522,6): error TS1128: Declaration or statement expected.
sveltekit-frontend/src/lib/state/app-machine.ts(525,6): error TS1128: Declaration or statement expected.
sveltekit-frontend/src/lib/state/app-machine.ts(528,6): error TS1128: Declaration or statement expected.
sveltekit-frontend/src/lib/state/app-machine.ts(531,6): error TS1128: Declaration or statement expected.
sveltekit-frontend/src/lib/state/app-machine.ts(534,15): error TS1109: Expression expected.
sveltekit-frontend/src/lib/state/app-machine.ts(542,1): error TS1128: Declaration or statement expected.
sveltekit-frontend/src/lib/state/app-machine.ts(542,2): error TS1128: Declaration or statement expected.
sveltekit-frontend/src/lib/state/async-rabbitmq-state-manager.ts(16,1): error TS1128: Declaration or statement expected.
sveltekit-frontend/src/lib/state/async-rabbitmq-state-manager.ts(52,1): error TS1128: Declaration or statement expected.
sveltekit-frontend/src/lib/state/async-rabbitmq-state-manager.ts(87,1): error TS1128: Declaration or statement expected.
sveltekit-frontend/src/lib/state/async-rabbitmq-state-manager.ts(312,13): error TS1109: Expression expected.
sveltekit-frontend/src/lib/state/async-rabbitmq-state-manager.ts(313,13): error TS1109: Expression expected.
sveltekit-frontend/src/lib/state/async-rabbitmq-state-manager.ts(315,19): error TS1109: Expression expected.
sveltekit-frontend/src/lib/state/async-rabbitmq-state-manager.ts(316,19): error TS1109: Expression expected.
sveltekit-frontend/src/lib/state/async-rabbitmq-state-manager.ts(318,20): error TS1109: Expression expected.
sveltekit-frontend/src/lib/state/async-rabbitmq-state-manager.ts(319,23): error TS1109: Expression expected.
sveltekit-frontend/src/lib/state/async-rabbitmq-state-manager.ts(320,20): error TS1109: Expression expected.
sveltekit-frontend/src/lib/state/async-rabbitmq-state-manager.ts(321,22): error TS1109: Expression expected.
sveltekit-frontend/src/lib/state/async-rabbitmq-state-manager.ts(323,22): error TS1109: Expression expected.
sveltekit-frontend/src/lib/state/async-rabbitmq-state-manager.ts(324,18): error TS1109: Expression expected.
sveltekit-frontend/src/lib/state/async-rabbitmq-state-manager.ts(325,10): error TS1128: Declaration or statement expected.
sveltekit-frontend/src/lib/state/async-rabbitmq-state-manager.ts(328,27): error TS1109: Expression expected.
sveltekit-frontend/src/lib/state/async-rabbitmq-state-manager.ts(329,21): error TS1109: Expression expected.
sveltekit-frontend/src/lib/state/async-rabbitmq-state-manager.ts(330,31): error TS1109: Expression expected.
sveltekit-frontend/src/lib/state/async-rabbitmq-state-manager.ts(332,20): error TS1109: Expression expected.
sveltekit-frontend/src/lib/state/async-rabbitmq-state-manager.ts(333,21): error TS1109: Expression expected.
sveltekit-frontend/src/lib/state/async-rabbitmq-state-manager.ts(334,21): error TS1109: Expression expected.
sveltekit-frontend/src/lib/state/async-rabbitmq-state-manager.ts(335,12): error TS1128: Declaration or statement expected.
sveltekit-frontend/src/lib/state/async-rabbitmq-state-manager.ts(337,10): error TS1128: Declaration or statement expected.
sveltekit-frontend/src/lib/state/async-rabbitmq-state-manager.ts(339,25): error TS1109: Expression expected.
sveltekit-frontend/src/lib/state/async-rabbitmq-state-manager.ts(341,8): error TS1128: Declaration or statement expected.
sveltekit-frontend/src/lib/state/async-rabbitmq-state-manager.ts(345,17): error TS1109: Expression expected.
sveltekit-frontend/src/lib/state/async-rabbitmq-state-manager.ts(346,23): error TS1109: Expression expected.
sveltekit-frontend/src/lib/state/async-rabbitmq-state-manager.ts(347,20): error TS1109: Expression expected.
sveltekit-frontend/src/lib/state/async-rabbitmq-state-manager.ts(348,22): error TS1109: Expression expected.
sveltekit-frontend/src/lib/state/async-rabbitmq-state-manager.ts(349,20): error TS1109: Expression expected.
sveltekit-frontend/src/lib/state/async-rabbitmq-state-manager.ts(350,8): error TS1128: Declaration or statement expected.
sveltekit-frontend/src/lib/state/async-rabbitmq-state-manager.ts(352,21): error TS1109: Expression expected.
sveltekit-frontend/src/lib/state/async-rabbitmq-state-manager.ts(353,26): error TS1109: Expression expected.
sveltekit-frontend/src/lib/state/async-rabbitmq-state-manager.ts(355,26): error TS1109: Expression expected.
sveltekit-frontend/src/lib/state/async-rabbitmq-state-manager.ts(356,27): error TS1109: Expression expected.
sveltekit-frontend/src/lib/state/async-rabbitmq-state-manager.ts(357,8): error TS1128: Declaration or statement expected.
sveltekit-frontend/src/lib/state/async-rabbitmq-state-manager.ts(359,6): error TS1128: Declaration or statement expected.
sveltekit-frontend/src/lib/state/async-rabbitmq-state-manager.ts(363,16): error TS1109: Expression expected.
sveltekit-frontend/src/lib/state/async-rabbitmq-state-manager.ts(365,15): error TS1109: Expression expected.
sveltekit-frontend/src/lib/state/async-rabbitmq-state-manager.ts(366,18): error TS1109: Expression expected.
sveltekit-frontend/src/lib/state/async-rabbitmq-state-manager.ts(368,21): error TS1109: Expression expected.
sveltekit-frontend/src/lib/state/async-rabbitmq-state-manager.ts(369,12): error TS1128: Declaration or statement expected.
sveltekit-frontend/src/lib/state/async-rabbitmq-state-manager.ts(372,21): error TS1109: Expression expected.
sveltekit-frontend/src/lib/state/async-rabbitmq-state-manager.ts(375,8): error TS1128: Declaration or statement expected.
sveltekit-frontend/src/lib/state/async-rabbitmq-state-manager.ts(378,16): error TS1109: Expression expected.
sveltekit-frontend/src/lib/state/async-rabbitmq-state-manager.ts(392,17): error TS1109: Expression expected.
sveltekit-frontend/src/lib/state/async-rabbitmq-state-manager.ts(393,16): error TS1109: Expression expected.
sveltekit-frontend/src/lib/state/async-rabbitmq-state-manager.ts(398,16): error TS1128: Declaration or statement expected.
sveltekit-frontend/src/lib/state/async-rabbitmq-state-manager.ts(401,16): error TS1128: Declaration or statement expected.
sveltekit-frontend/src/lib/state/async-rabbitmq-state-manager.ts(404,16): error TS1128: Declaration or statement expected.
sveltekit-frontend/src/lib/state/async-rabbitmq-state-manager.ts(407,16): error TS1128: Declaration or statement expected.
sveltekit-frontend/src/lib/state/async-rabbitmq-state-manager.ts(410,16): error TS1128: Declaration or statement expected.
sveltekit-frontend/src/lib/state/async-rabbitmq-state-manager.ts(413,16): error TS1128: Declaration or statement expected.
sveltekit-frontend/src/lib/state/async-rabbitmq-state-manager.ts(416,16): error TS1128: Declaration or statement expected.
sveltekit-frontend/src/lib/state/async-rabbitmq-state-manager.ts(422,10): error TS1128: Declaration or statement expected.
sveltekit-frontend/src/lib/state/async-rabbitmq-state-manager.ts(425,29): error TS1109: Expression expected.
sveltekit-frontend/src/lib/state/async-rabbitmq-state-manager.ts(429,8): error TS1128: Declaration or statement expected.
sveltekit-frontend/src/lib/state/async-rabbitmq-state-manager.ts(432,16): error TS1109: Expression expected.
sveltekit-frontend/src/lib/state/async-rabbitmq-state-manager.ts(434,15): error TS1109: Expression expected.
sveltekit-frontend/src/lib/state/async-rabbitmq-state-manager.ts(435,10): error TS1128: Declaration or statement expected.
sveltekit-frontend/src/lib/state/async-rabbitmq-state-manager.ts(441,4): error TS1128: Declaration or statement expected.
sveltekit-frontend/src/lib/state/async-rabbitmq-state-manager.ts(447,21): error TS1109: Expression expected.
sveltekit-frontend/src/lib/state/async-rabbitmq-state-manager.ts(456,24): error TS1109: Expression expected.
sveltekit-frontend/src/lib/state/async-rabbitmq-state-manager.ts(463,22): error TS1109: Expression expected.
sveltekit-frontend/src/lib/state/async-rabbitmq-state-manager.ts(469,13): error TS1128: Declaration or statement expected.
sveltekit-frontend/src/lib/state/async-rabbitmq-state-manager.ts(470,17): error TS1128: Declaration or statement expected.
sveltekit-frontend/src/lib/state/async-rabbitmq-state-manager.ts(475,13): error TS1005: ',' expected.
sveltekit-frontend/src/lib/state/async-rabbitmq-state-manager.ts(480,52): error TS1136: Property assignment expected.
sveltekit-frontend/src/lib/state/async-rabbitmq-state-manager.ts(494,11): error TS1005: ',' expected.
sveltekit-frontend/src/lib/state/async-rabbitmq-state-manager.ts(494,45): error TS1005: ')' expected.
sveltekit-frontend/src/lib/state/async-rabbitmq-state-manager.ts(497,8): error TS1128: Declaration or statement expected.
sveltekit-frontend/src/lib/state/async-rabbitmq-state-manager.ts(497,9): error TS1128: Declaration or statement expected.
sveltekit-frontend/src/lib/state/async-rabbitmq-state-manager.ts(504,13): error TS1128: Declaration or statement expected.
sveltekit-frontend/src/lib/state/async-rabbitmq-state-manager.ts(505,17): error TS1128: Declaration or statement expected.
sveltekit-frontend/src/lib/state/async-rabbitmq-state-manager.ts(509,13): error TS1005: ',' expected.
sveltekit-frontend/src/lib/state/async-rabbitmq-state-manager.ts(534,11): error TS1005: ',' expected.
sveltekit-frontend/src/lib/state/async-rabbitmq-state-manager.ts(534,49): error TS1005: ')' expected.
sveltekit-frontend/src/lib/state/async-rabbitmq-state-manager.ts(536,9): error TS1128: Declaration or statement expected.
sveltekit-frontend/src/lib/state/async-rabbitmq-state-manager.ts(537,7): error TS1128: Declaration or statement expected.
sveltekit-frontend/src/lib/state/async-rabbitmq-state-manager.ts(537,8): error TS1128: Declaration or statement expected.
sveltekit-frontend/src/lib/state/async-rabbitmq-state-manager.ts(537,9): error TS1128: Declaration or statement expected.
sveltekit-frontend/src/lib/state/async-rabbitmq-state-manager.ts(548,28): error TS1109: Expression expected.
sveltekit-frontend/src/lib/state/async-rabbitmq-state-manager.ts(571,26): error TS1109: Expression expected.
sveltekit-frontend/src/lib/state/async-rabbitmq-state-manager.ts(578,28): error TS1005: ',' expected.
sveltekit-frontend/src/lib/state/async-rabbitmq-state-manager.ts(590,23): error TS1109: Expression expected.
sveltekit-frontend/src/lib/state/async-rabbitmq-state-manager.ts(598,26): error TS1109: Expression expected.
sveltekit-frontend/src/lib/state/async-rabbitmq-state-manager.ts(606,28): error TS1109: Expression expected.
sveltekit-frontend/src/lib/state/async-rabbitmq-state-manager.ts(610,30): error TS1109: Expression expected.
sveltekit-frontend/src/lib/state/async-rabbitmq-state-manager.ts(628,30): error TS1109: Expression expected.
sveltekit-frontend/src/lib/state/async-rabbitmq-state-manager.ts(636,29): error TS1109: Expression expected.
sveltekit-frontend/src/lib/state/async-rabbitmq-state-manager.ts(639,23): error TS1109: Expression expected.
sveltekit-frontend/src/lib/state/async-rabbitmq-state-manager.ts(643,26): error TS1109: Expression expected.
sveltekit-frontend/src/lib/state/async-rabbitmq-state-manager.ts(646,5): error TS1128: Declaration or statement expected.
sveltekit-frontend/src/lib/state/async-rabbitmq-state-manager.ts(646,6): error TS1128: Declaration or statement expected.
sveltekit-frontend/src/lib/state/async-rabbitmq-state-manager.ts(653,24): error TS1109: Expression expected.
sveltekit-frontend/src/lib/state/async-rabbitmq-state-manager.ts(660,28): error TS1109: Expression expected.
sveltekit-frontend/src/lib/state/async-rabbitmq-state-manager.ts(667,19): error TS1109: Expression expected.
sveltekit-frontend/src/lib/state/async-rabbitmq-state-manager.ts(674,27): error TS1109: Expression expected.
sveltekit-frontend/src/lib/state/async-rabbitmq-state-manager.ts(681,3): error TS1128: Declaration or statement expected.
sveltekit-frontend/src/lib/state/async-rabbitmq-state-manager.ts(682,1): error TS1128: Declaration or statement expected.
sveltekit-frontend/src/lib/state/async-rabbitmq-state-manager.ts(686,52): error TS1005: '>' expected.
sveltekit-frontend/src/lib/state/async-rabbitmq-state-manager.ts(689,60): error TS1005: '>' expected.
sveltekit-frontend/src/lib/state/async-rabbitmq-state-manager.ts(690,64): error TS1005: '>' expected.
sveltekit-frontend/src/lib/state/async-rabbitmq-state-manager.ts(702,64): error TS1005: ')' expected.
sveltekit-frontend/src/lib/state/async-rabbitmq-state-manager.ts(703,68): error TS1005: ')' expected.
sveltekit-frontend/src/lib/state/crewAIOrchestrationMachine.ts(14,1): error TS1128: Declaration or statement expected.
sveltekit-frontend/src/lib/state/crewAIOrchestrationMachine.ts(61,21): error TS1109: Expression expected.
sveltekit-frontend/src/lib/state/crewAIOrchestrationMachine.ts(61,30): error TS1005: ',' expected.
sveltekit-frontend/src/lib/state/crewAIOrchestrationMachine.ts(61,31): error TS1136: Property assignment expected.
sveltekit-frontend/src/lib/state/crewAIOrchestrationMachine.ts(62,20): error TS1109: Expression expected.
sveltekit-frontend/src/lib/state/crewAIOrchestrationMachine.ts(62,29): error TS1005: ',' expected.
sveltekit-frontend/src/lib/state/crewAIOrchestrationMachine.ts(62,30): error TS1136: Property assignment expected.
sveltekit-frontend/src/lib/state/evidence-processing-machine.ts(41,1): error TS1131: Property or signature expected.
sveltekit-frontend/src/lib/state/evidence-processing-machine.ts(67,22): error TS1005: ',' expected.
sveltekit-frontend/src/lib/state/evidence-processing-machine.ts(84,66): error TS1005: ',' expected.
sveltekit-frontend/src/lib/state/evidence-processing-machine.ts(85,35): error TS1109: Expression expected.
sveltekit-frontend/src/lib/state/evidence-processing-machine.ts(85,59): error TS1005: ';' expected.
sveltekit-frontend/src/lib/state/evidence-processing-machine.ts(86,9): error TS1128: Declaration or statement expected.
sveltekit-frontend/src/lib/state/evidence-processing-machine.ts(86,10): error TS1128: Declaration or statement expected.
sveltekit-frontend/src/lib/state/evidence-processing-machine.ts(88,17): error TS1109: Expression expected.
sveltekit-frontend/src/lib/state/evidence-processing-machine.ts(89,7): error TS1128: Declaration or statement expected.
sveltekit-frontend/src/lib/state/evidence-processing-machine.ts(89,8): error TS1128: Declaration or statement expected.
sveltekit-frontend/src/lib/state/evidence-processing-machine.ts(90,5): error TS1128: Declaration or statement expected.
sveltekit-frontend/src/lib/state/evidence-processing-machine.ts(90,6): error TS1128: Declaration or statement expected.
sveltekit-frontend/src/lib/state/evidence-processing-machine.ts(90,12): error TS1005: ';' expected.
sveltekit-frontend/src/lib/state/evidence-processing-machine.ts(91,3): error TS1128: Declaration or statement expected.
sveltekit-frontend/src/lib/state/evidence-processing-machine.ts(91,4): error TS1128: Declaration or statement expected.
sveltekit-frontend/src/lib/state/evidence-processing-machine.ts(92,1): error TS1128: Declaration or statement expected.
sveltekit-frontend/src/lib/state/evidence-processing-machine.ts(92,2): error TS1128: Declaration or statement expected.
sveltekit-frontend/src/lib/state/evidence-processing-machine.ts(100,27): error TS1136: Property assignment expected.
sveltekit-frontend/src/lib/state/evidence-processing-machine.ts(149,13): error TS1109: Expression expected.
sveltekit-frontend/src/lib/state/evidence-processing-machine.ts(150,11): error TS1109: Expression expected.
sveltekit-frontend/src/lib/state/evidence-processing-machine.ts(151,23): error TS1137: Expression or comma expected.
sveltekit-frontend/src/lib/state/evidence-processing-machine.ts(151,33): error TS1005: ';' expected.
sveltekit-frontend/src/lib/state/evidence-processing-machine.ts(151,41): error TS1434: Unexpected keyword or identifier.
sveltekit-frontend/src/lib/state/evidence-processing-machine.ts(152,14): error TS1109: Expression expected.
sveltekit-frontend/src/lib/state/evidence-processing-machine.ts(152,23): error TS1005: ',' expected.
sveltekit-frontend/src/lib/state/evidence-processing-machine.ts(152,33): error TS1005: ';' expected.
sveltekit-frontend/src/lib/state/evidence-processing-machine.ts(152,41): error TS1434: Unexpected keyword or identifier.
sveltekit-frontend/src/lib/state/evidence-processing-machine.ts(153,6): error TS1128: Declaration or statement expected.
sveltekit-frontend/src/lib/state/evidence-processing-machine.ts(156,22): error TS1109: Expression expected.
sveltekit-frontend/src/lib/state/evidence-processing-machine.ts(157,14): error TS1109: Expression expected.
sveltekit-frontend/src/lib/state/evidence-processing-machine.ts(158,24): error TS1109: Expression expected.
sveltekit-frontend/src/lib/state/evidence-processing-machine.ts(159,24): error TS1109: Expression expected.
sveltekit-frontend/src/lib/state/evidence-processing-machine.ts(160,6): error TS1128: Declaration or statement expected.
sveltekit-frontend/src/lib/state/evidence-processing-machine.ts(166,21): error TS1109: Expression expected.
sveltekit-frontend/src/lib/state/evidence-processing-machine.ts(185,8): error TS1128: Declaration or statement expected.
sveltekit-frontend/src/lib/state/evidence-processing-machine.ts(190,18): error TS1109: Expression expected.
sveltekit-frontend/src/lib/state/evidence-processing-machine.ts(192,21): error TS1109: Expression expected.
sveltekit-frontend/src/lib/state/evidence-processing-machine.ts(212,12): error TS1128: Declaration or statement expected.
sveltekit-frontend/src/lib/state/evidence-processing-machine.ts(215,21): error TS1109: Expression expected.
sveltekit-frontend/src/lib/state/evidence-processing-machine.ts(232,10): error TS1128: Declaration or statement expected.
sveltekit-frontend/src/lib/state/evidence-processing-machine.ts(236,8): error TS1128: Declaration or statement expected.
sveltekit-frontend/src/lib/state/evidence-processing-machine.ts(244,18): error TS1109: Expression expected.
sveltekit-frontend/src/lib/state/evidence-processing-machine.ts(246,21): error TS1109: Expression expected.
sveltekit-frontend/src/lib/state/evidence-processing-machine.ts(266,12): error TS1128: Declaration or statement expected.
sveltekit-frontend/src/lib/state/evidence-processing-machine.ts(269,21): error TS1109: Expression expected.
sveltekit-frontend/src/lib/state/evidence-processing-machine.ts(286,10): error TS1128: Declaration or statement expected.
sveltekit-frontend/src/lib/state/evidence-processing-machine.ts(301,12): error TS1128: Declaration or statement expected.
sveltekit-frontend/src/lib/state/evidence-processing-machine.ts(316,12): error TS1128: Declaration or statement expected.
sveltekit-frontend/src/lib/state/evidence-processing-machine.ts(319,8): error TS1128: Declaration or statement expected.
sveltekit-frontend/src/lib/state/evidence-processing-machine.ts(328,18): error TS1109: Expression expected.
sveltekit-frontend/src/lib/state/evidence-processing-machine.ts(330,21): error TS1109: Expression expected.
sveltekit-frontend/src/lib/state/evidence-processing-machine.ts(353,12): error TS1128: Declaration or statement expected.
sveltekit-frontend/src/lib/state/evidence-processing-machine.ts(356,21): error TS1109: Expression expected.
sveltekit-frontend/src/lib/state/evidence-processing-machine.ts(373,10): error TS1128: Declaration or statement expected.
sveltekit-frontend/src/lib/state/evidence-processing-machine.ts(388,12): error TS1128: Declaration or statement expected.
sveltekit-frontend/src/lib/state/evidence-processing-machine.ts(391,8): error TS1128: Declaration or statement expected.
sveltekit-frontend/src/lib/state/evidence-processing-machine.ts(400,18): error TS1109: Expression expected.
sveltekit-frontend/src/lib/state/evidence-processing-machine.ts(402,21): error TS1109: Expression expected.
sveltekit-frontend/src/lib/state/evidence-processing-machine.ts(426,12): error TS1128: Declaration or statement expected.
sveltekit-frontend/src/lib/state/evidence-processing-machine.ts(429,21): error TS1109: Expression expected.
sveltekit-frontend/src/lib/state/evidence-processing-machine.ts(446,10): error TS1128: Declaration or statement expected.
sveltekit-frontend/src/lib/state/evidence-processing-machine.ts(450,8): error TS1128: Declaration or statement expected.
sveltekit-frontend/src/lib/state/evidence-processing-machine.ts(459,18): error TS1109: Expression expected.
sveltekit-frontend/src/lib/state/evidence-processing-machine.ts(461,21): error TS1109: Expression expected.
sveltekit-frontend/src/lib/state/evidence-processing-machine.ts(475,12): error TS1128: Declaration or statement expected.
sveltekit-frontend/src/lib/state/evidence-processing-machine.ts(478,21): error TS1109: Expression expected.
sveltekit-frontend/src/lib/state/evidence-processing-machine.ts(495,10): error TS1128: Declaration or statement expected.
sveltekit-frontend/src/lib/state/evidence-processing-machine.ts(499,8): error TS1128: Declaration or statement expected.
sveltekit-frontend/src/lib/state/evidence-processing-machine.ts(502,15): error TS1109: Expression expected.
sveltekit-frontend/src/lib/state/evidence-processing-machine.ts(505,12): error TS1109: Expression expected.
sveltekit-frontend/src/lib/state/evidence-processing-machine.ts(508,8): error TS1128: Declaration or statement expected.
sveltekit-frontend/src/lib/state/evidence-processing-machine.ts(513,21): error TS1109: Expression expected.
sveltekit-frontend/src/lib/state/evidence-processing-machine.ts(516,12): error TS1128: Declaration or statement expected.
sveltekit-frontend/src/lib/state/evidence-processing-machine.ts(519,8): error TS1128: Declaration or statement expected.
sveltekit-frontend/src/lib/state/evidence-processing-machine.ts(527,1): error TS1128: Declaration or statement expected.
sveltekit-frontend/src/lib/state/evidenceCustodyMachine.ts(73,1): error TS1131: Property or signature expected.
sveltekit-frontend/src/lib/state/evidenceCustodyMachine.ts(73,35): error TS1110: Type expected.
sveltekit-frontend/src/lib/state/evidenceCustodyMachine.ts(74,3): error TS1109: Expression expected.
sveltekit-frontend/src/lib/state/evidenceCustodyMachine.ts(75,37): error TS1005: ',' expected.
sveltekit-frontend/src/lib/state/evidenceCustodyMachine.ts(76,25): error TS1005: ',' expected.
sveltekit-frontend/src/lib/state/evidenceCustodyMachine.ts(77,21): error TS1005: ',' expected.
sveltekit-frontend/src/lib/state/evidenceCustodyMachine.ts(78,21): error TS1005: ',' expected.
sveltekit-frontend/src/lib/state/evidenceCustodyMachine.ts(79,27): error TS1005: ',' expected.
sveltekit-frontend/src/lib/state/evidenceCustodyMachine.ts(83,33): error TS1005: ',' expected.
sveltekit-frontend/src/lib/state/evidenceCustodyMachine.ts(83,50): error TS1005: ',' expected.
sveltekit-frontend/src/lib/state/evidenceCustodyMachine.ts(84,34): error TS1005: ',' expected.
sveltekit-frontend/src/lib/state/evidenceCustodyMachine.ts(85,29): error TS1005: ',' expected.
sveltekit-frontend/src/lib/state/evidenceCustodyMachine.ts(85,46): error TS1005: ',' expected.
sveltekit-frontend/src/lib/state/evidenceCustodyMachine.ts(85,64): error TS1005: ',' expected.
sveltekit-frontend/src/lib/state/evidenceCustodyMachine.ts(86,31): error TS1005: ',' expected.
sveltekit-frontend/src/lib/state/evidenceCustodyMachine.ts(86,54): error TS1005: ',' expected.
sveltekit-frontend/src/lib/state/evidenceCustodyMachine.ts(88,29): error TS1005: ',' expected.
sveltekit-frontend/src/lib/state/evidenceCustodyMachine.ts(93,30): error TS1005: ',' expected.
sveltekit-frontend/src/lib/state/evidenceCustodyMachine.ts(93,49): error TS1005: ',' expected.
sveltekit-frontend/src/lib/state/evidenceCustodyMachine.ts(104,16): error TS1005: ')' expected.
sveltekit-frontend/src/lib/state/evidenceCustodyMachine.ts(125,48): error TS1136: Property assignment expected.
sveltekit-frontend/src/lib/state/evidenceCustodyMachine.ts(158,31): error TS1136: Property assignment expected.
sveltekit-frontend/src/lib/state/evidenceCustodyMachine.ts(186,42): error TS1005: ')' expected.
sveltekit-frontend/src/lib/state/evidenceCustodyMachine.ts(187,5): error TS1128: Declaration or statement expected.
sveltekit-frontend/src/lib/state/evidenceCustodyMachine.ts(188,45): error TS1005: ',' expected.
sveltekit-frontend/src/lib/state/evidenceCustodyMachine.ts(189,5): error TS1128: Declaration or statement expected.
sveltekit-frontend/src/lib/state/evidenceCustodyMachine.ts(201,48): error TS1136: Property assignment expected.
sveltekit-frontend/src/lib/state/evidenceCustodyMachine.ts(213,3): error TS1128: Declaration or statement expected.
sveltekit-frontend/src/lib/state/evidenceCustodyMachine.ts(214,1): error TS1128: Declaration or statement expected.
sveltekit-frontend/src/lib/state/evidenceCustodyMachine.ts(223,29): error TS1136: Property assignment expected.
sveltekit-frontend/src/lib/state/evidenceCustodyMachine.ts(261,48): error TS1136: Property assignment expected.
sveltekit-frontend/src/lib/state/evidenceCustodyMachine.ts(331,48): error TS1136: Property assignment expected.
sveltekit-frontend/src/lib/state/evidenceCustodyMachine.ts(379,48): error TS1136: Property assignment expected.
sveltekit-frontend/src/lib/state/evidenceCustodyMachine.ts(400,11): error TS1109: Expression expected.
sveltekit-frontend/src/lib/state/evidenceCustodyMachine.ts(401,23): error TS1137: Expression or comma expected.
sveltekit-frontend/src/lib/state/evidenceCustodyMachine.ts(401,33): error TS1005: ';' expected.
sveltekit-frontend/src/lib/state/evidenceCustodyMachine.ts(401,41): error TS1434: Unexpected keyword or identifier.
sveltekit-frontend/src/lib/state/evidenceCustodyMachine.ts(402,14): error TS1109: Expression expected.
sveltekit-frontend/src/lib/state/evidenceCustodyMachine.ts(402,23): error TS1005: ',' expected.
sveltekit-frontend/src/lib/state/evidenceCustodyMachine.ts(402,33): error TS1005: ';' expected.
sveltekit-frontend/src/lib/state/evidenceCustodyMachine.ts(402,41): error TS1434: Unexpected keyword or identifier.
sveltekit-frontend/src/lib/state/evidenceCustodyMachine.ts(403,6): error TS1128: Declaration or statement expected.
sveltekit-frontend/src/lib/state/evidenceCustodyMachine.ts(405,13): error TS1109: Expression expected.
sveltekit-frontend/src/lib/state/evidenceCustodyMachine.ts(407,14): error TS1109: Expression expected.
sveltekit-frontend/src/lib/state/evidenceCustodyMachine.ts(408,14): error TS1109: Expression expected.
sveltekit-frontend/src/lib/state/evidenceCustodyMachine.ts(409,24): error TS1109: Expression expected.
sveltekit-frontend/src/lib/state/evidenceCustodyMachine.ts(410,20): error TS1109: Expression expected.
sveltekit-frontend/src/lib/state/evidenceCustodyMachine.ts(411,23): error TS1109: Expression expected.
sveltekit-frontend/src/lib/state/evidenceCustodyMachine.ts(412,27): error TS1109: Expression expected.
sveltekit-frontend/src/lib/state/evidenceCustodyMachine.ts(413,21): error TS1109: Expression expected.
sveltekit-frontend/src/lib/state/evidenceCustodyMachine.ts(414,16): error TS1109: Expression expected.
sveltekit-frontend/src/lib/state/evidenceCustodyMachine.ts(415,24): error TS1109: Expression expected.
sveltekit-frontend/src/lib/state/evidenceCustodyMachine.ts(417,17): error TS1109: Expression expected.
sveltekit-frontend/src/lib/state/evidenceCustodyMachine.ts(418,22): error TS1109: Expression expected.
sveltekit-frontend/src/lib/state/evidenceCustodyMachine.ts(419,18): error TS1109: Expression expected.
sveltekit-frontend/src/lib/state/evidenceCustodyMachine.ts(419,27): error TS1005: ',' expected.
sveltekit-frontend/src/lib/state/evidenceCustodyMachine.ts(419,37): error TS1005: ';' expected.
sveltekit-frontend/src/lib/state/evidenceCustodyMachine.ts(419,44): error TS1128: Declaration or statement expected.
sveltekit-frontend/src/lib/state/evidenceCustodyMachine.ts(421,18): error TS1109: Expression expected.
sveltekit-frontend/src/lib/state/evidenceCustodyMachine.ts(422,18): error TS1109: Expression expected.
sveltekit-frontend/src/lib/state/evidenceCustodyMachine.ts(423,6): error TS1128: Declaration or statement expected.
sveltekit-frontend/src/lib/state/evidenceCustodyMachine.ts(429,21): error TS1109: Expression expected.
sveltekit-frontend/src/lib/state/evidenceCustodyMachine.ts(443,8): error TS1128: Declaration or statement expected.
sveltekit-frontend/src/lib/state/evidenceCustodyMachine.ts(448,18): error TS1109: Expression expected.
sveltekit-frontend/src/lib/state/evidenceCustodyMachine.ts(450,21): error TS1109: Expression expected.
sveltekit-frontend/src/lib/state/evidenceCustodyMachine.ts(466,12): error TS1128: Declaration or statement expected.
sveltekit-frontend/src/lib/state/evidenceCustodyMachine.ts(469,21): error TS1109: Expression expected.
sveltekit-frontend/src/lib/state/evidenceCustodyMachine.ts(477,10): error TS1128: Declaration or statement expected.
sveltekit-frontend/src/lib/state/evidenceCustodyMachine.ts(481,8): error TS1128: Declaration or statement expected.
sveltekit-frontend/src/lib/state/evidenceCustodyMachine.ts(486,18): error TS1109: Expression expected.
sveltekit-frontend/src/lib/state/evidenceCustodyMachine.ts(488,21): error TS1109: Expression expected.
sveltekit-frontend/src/lib/state/evidenceCustodyMachine.ts(507,12): error TS1128: Declaration or statement expected.
sveltekit-frontend/src/lib/state/evidenceCustodyMachine.ts(510,21): error TS1109: Expression expected.
sveltekit-frontend/src/lib/state/evidenceCustodyMachine.ts(519,10): error TS1128: Declaration or statement expected.
sveltekit-frontend/src/lib/state/evidenceCustodyMachine.ts(523,8): error TS1128: Declaration or statement expected.
sveltekit-frontend/src/lib/state/evidenceCustodyMachine.ts(528,18): error TS1109: Expression expected.
sveltekit-frontend/src/lib/state/evidenceCustodyMachine.ts(530,21): error TS1109: Expression expected.
sveltekit-frontend/src/lib/state/evidenceCustodyMachine.ts(544,12): error TS1128: Declaration or statement expected.
sveltekit-frontend/src/lib/state/evidenceCustodyMachine.ts(547,21): error TS1109: Expression expected.
sveltekit-frontend/src/lib/state/evidenceCustodyMachine.ts(559,10): error TS1128: Declaration or statement expected.
sveltekit-frontend/src/lib/state/evidenceCustodyMachine.ts(564,21): error TS1109: Expression expected.
sveltekit-frontend/src/lib/state/evidenceCustodyMachine.ts(567,12): error TS1128: Declaration or statement expected.
sveltekit-frontend/src/lib/state/evidenceCustodyMachine.ts(570,8): error TS1128: Declaration or statement expected.
sveltekit-frontend/src/lib/state/evidenceCustodyMachine.ts(575,18): error TS1109: Expression expected.
sveltekit-frontend/src/lib/state/evidenceCustodyMachine.ts(577,19): error TS1109: Expression expected.
sveltekit-frontend/src/lib/state/evidenceCustodyMachine.ts(578,21): error TS1109: Expression expected.
sveltekit-frontend/src/lib/state/evidenceCustodyMachine.ts(590,10): error TS1128: Declaration or statement expected.
sveltekit-frontend/src/lib/state/evidenceCustodyMachine.ts(593,17): error TS1109: Expression expected.
sveltekit-frontend/src/lib/state/evidenceCustodyMachine.ts(594,19): error TS1109: Expression expected.
sveltekit-frontend/src/lib/state/evidenceCustodyMachine.ts(599,10): error TS1128: Declaration or statement expected.
sveltekit-frontend/src/lib/state/evidenceCustodyMachine.ts(610,45): error TS1005: ',' expected.
sveltekit-frontend/src/lib/state/evidenceCustodyMachine.ts(611,19): error TS1136: Property assignment expected.
sveltekit-frontend/src/lib/state/evidenceCustodyMachine.ts(611,21): error TS1136: Property assignment expected.
sveltekit-frontend/src/lib/state/evidenceCustodyMachine.ts(624,19): error TS1005: ',' expected.
sveltekit-frontend/src/lib/state/evidenceCustodyMachine.ts(625,13): error TS1005: ',' expected.
sveltekit-frontend/src/lib/state/evidenceCustodyMachine.ts(625,14): error TS1128: Declaration or statement expected.
sveltekit-frontend/src/lib/state/evidenceCustodyMachine.ts(626,12): error TS1128: Declaration or statement expected.
sveltekit-frontend/src/lib/state/evidenceCustodyMachine.ts(634,45): error TS1005: ',' expected.
sveltekit-frontend/src/lib/state/evidenceCustodyMachine.ts(635,19): error TS1136: Property assignment expected.
sveltekit-frontend/src/lib/state/evidenceCustodyMachine.ts(635,21): error TS1136: Property assignment expected.
sveltekit-frontend/src/lib/state/evidenceCustodyMachine.ts(642,19): error TS1005: ',' expected.
sveltekit-frontend/src/lib/state/evidenceCustodyMachine.ts(643,13): error TS1005: ',' expected.
sveltekit-frontend/src/lib/state/evidenceCustodyMachine.ts(643,14): error TS1128: Declaration or statement expected.
sveltekit-frontend/src/lib/state/evidenceCustodyMachine.ts(644,12): error TS1128: Declaration or statement expected.
sveltekit-frontend/src/lib/state/evidenceCustodyMachine.ts(648,45): error TS1005: ',' expected.
sveltekit-frontend/src/lib/state/evidenceCustodyMachine.ts(649,19): error TS1136: Property assignment expected.
sveltekit-frontend/src/lib/state/evidenceCustodyMachine.ts(649,21): error TS1136: Property assignment expected.
sveltekit-frontend/src/lib/state/evidenceCustodyMachine.ts(661,19): error TS1005: ',' expected.
sveltekit-frontend/src/lib/state/evidenceCustodyMachine.ts(662,13): error TS1005: ',' expected.
sveltekit-frontend/src/lib/state/evidenceCustodyMachine.ts(662,14): error TS1128: Declaration or statement expected.
sveltekit-frontend/src/lib/state/evidenceCustodyMachine.ts(663,12): error TS1128: Declaration or statement expected.
sveltekit-frontend/src/lib/state/evidenceCustodyMachine.ts(666,21): error TS1109: Expression expected.
sveltekit-frontend/src/lib/state/evidenceCustodyMachine.ts(670,12): error TS1128: Declaration or statement expected.
sveltekit-frontend/src/lib/state/evidenceCustodyMachine.ts(673,7): error TS1128: Declaration or statement expected.
sveltekit-frontend/src/lib/state/evidenceCustodyMachine.ts(673,8): error TS1128: Declaration or statement expected.
sveltekit-frontend/src/lib/state/evidenceCustodyMachine.ts(678,18): error TS1109: Expression expected.
sveltekit-frontend/src/lib/state/evidenceCustodyMachine.ts(680,21): error TS1109: Expression expected.
sveltekit-frontend/src/lib/state/evidenceCustodyMachine.ts(694,12): error TS1128: Declaration or statement expected.
sveltekit-frontend/src/lib/state/evidenceCustodyMachine.ts(697,21): error TS1109: Expression expected.
sveltekit-frontend/src/lib/state/evidenceCustodyMachine.ts(702,8): error TS1128: Declaration or statement expected.
sveltekit-frontend/src/lib/state/evidenceCustodyMachine.ts(707,21): error TS1109: Expression expected.
sveltekit-frontend/src/lib/state/evidenceCustodyMachine.ts(713,12): error TS1128: Declaration or statement expected.
sveltekit-frontend/src/lib/state/evidenceCustodyMachine.ts(716,21): error TS1109: Expression expected.
sveltekit-frontend/src/lib/state/evidenceCustodyMachine.ts(720,12): error TS1128: Declaration or statement expected.
sveltekit-frontend/src/lib/state/evidenceCustodyMachine.ts(723,8): error TS1128: Declaration or statement expected.
sveltekit-frontend/src/lib/state/evidenceCustodyMachine.ts(728,18): error TS1109: Expression expected.
sveltekit-frontend/src/lib/state/evidenceCustodyMachine.ts(730,21): error TS1109: Expression expected.
sveltekit-frontend/src/lib/state/evidenceCustodyMachine.ts(743,12): error TS1128: Declaration or statement expected.
sveltekit-frontend/src/lib/state/evidenceCustodyMachine.ts(746,21): error TS1109: Expression expected.
sveltekit-frontend/src/lib/state/evidenceCustodyMachine.ts(756,8): error TS1128: Declaration or statement expected.
sveltekit-frontend/src/lib/state/evidenceCustodyMachine.ts(759,15): error TS1109: Expression expected.
sveltekit-frontend/src/lib/state/evidenceCustodyMachine.ts(764,8): error TS1128: Declaration or statement expected.
sveltekit-frontend/src/lib/state/evidenceCustodyMachine.ts(781,26): error TS1109: Expression expected.
sveltekit-frontend/src/lib/state/evidenceCustodyMachine.ts(783,8): error TS1128: Declaration or statement expected.
sveltekit-frontend/src/lib/state/evidenceCustodyMachine.ts(786,15): error TS1109: Expression expected.
sveltekit-frontend/src/lib/state/evidenceCustodyMachine.ts(791,8): error TS1128: Declaration or statement expected.
sveltekit-frontend/src/lib/state/evidenceCustodyMachine.ts(794,15): error TS1109: Expression expected.
sveltekit-frontend/src/lib/state/evidenceCustodyMachine.ts(797,8): error TS1128: Declaration or statement expected.
sveltekit-frontend/src/lib/state/evidenceCustodyMachine.ts(800,15): error TS1109: Expression expected.
sveltekit-frontend/src/lib/state/evidenceCustodyMachine.ts(804,5): error TS1128: Declaration or statement expected.
sveltekit-frontend/src/lib/state/evidenceCustodyMachine.ts(805,3): error TS1128: Declaration or statement expected.
sveltekit-frontend/src/lib/state/evidenceCustodyMachine.ts(805,4): error TS1128: Declaration or statement expected.
sveltekit-frontend/src/lib/state/evidenceCustodyMachine.ts(810,16): error TS1109: Expression expected.
sveltekit-frontend/src/lib/state/evidenceCustodyMachine.ts(811,28): error TS1109: Expression expected.
sveltekit-frontend/src/lib/state/evidenceCustodyMachine.ts(815,1): error TS1128: Declaration or statement expected.
sveltekit-frontend/src/lib/state/evidenceCustodyMachine.ts(826,76): error TS1005: ')' expected.
sveltekit-frontend/src/lib/state/evidenceCustodyMachine.ts(827,54): error TS1005: ')' expected.
sveltekit-frontend/src/lib/state/evidenceCustodyMachine.ts(839,76): error TS1005: ')' expected.
sveltekit-frontend/src/lib/state/evidenceCustodyMachine.ts(840,54): error TS1005: ')' expected.
sveltekit-frontend/src/lib/state/evidenceCustodyMachine.ts(861,20): error TS1005: ',' expected.
sveltekit-frontend/src/lib/state/evidenceCustodyMachine.ts(867,59): error TS1005: ',' expected.
sveltekit-frontend/src/lib/state/evidenceCustodyMachine.ts(885,44): error TS1005: ',' expected.
sveltekit-frontend/src/lib/state/evidenceCustodyMachine.ts(886,1): error TS1128: Declaration or statement expected.
sveltekit-frontend/src/lib/state/evidenceCustodyMachine.ts(886,3): error TS1128: Declaration or statement expected.
sveltekit-frontend/src/lib/state/evidenceCustodyMachine.ts(915,13): error TS1005: ',' expected.
sveltekit-frontend/src/lib/state/evidenceCustodyMachine.ts(916,1): error TS1128: Declaration or statement expected.
sveltekit-frontend/src/lib/state/evidenceCustodyMachine.ts(916,2): error TS1128: Declaration or statement expected.
sveltekit-frontend/src/lib/state/evidenceCustodyMachine.ts(916,45): error TS1005: '(' expected.
sveltekit-frontend/src/lib/state/evidenceProcessingMachine.ts(10,1): error TS1128: Declaration or statement expected.
sveltekit-frontend/src/lib/state/evidenceProcessingMachine.ts(62,38): error TS1110: Type expected.
sveltekit-frontend/src/lib/state/evidenceProcessingMachine.ts(63,3): error TS1109: Expression expected.
sveltekit-frontend/src/lib/state/evidenceProcessingMachine.ts(64,31): error TS1005: ',' expected.
sveltekit-frontend/src/lib/state/evidenceProcessingMachine.ts(65,25): error TS1005: ',' expected.
sveltekit-frontend/src/lib/state/evidenceProcessingMachine.ts(66,21): error TS1005: ',' expected.
sveltekit-frontend/src/lib/state/evidenceProcessingMachine.ts(67,21): error TS1005: ',' expected.
sveltekit-frontend/src/lib/state/evidenceProcessingMachine.ts(68,23): error TS1005: ',' expected.
sveltekit-frontend/src/lib/state/evidenceProcessingMachine.ts(69,22): error TS1005: ',' expected.
sveltekit-frontend/src/lib/state/evidenceProcessingMachine.ts(70,25): error TS1109: Expression expected.
sveltekit-frontend/src/lib/state/evidenceProcessingMachine.ts(70,34): error TS1005: ',' expected.
sveltekit-frontend/src/lib/state/evidenceProcessingMachine.ts(70,35): error TS1136: Property assignment expected.
sveltekit-frontend/src/lib/state/evidenceProcessingMachine.ts(75,30): error TS1005: ',' expected.
sveltekit-frontend/src/lib/state/evidenceProcessingMachine.ts(75,49): error TS1005: ',' expected.
sveltekit-frontend/src/lib/state/evidenceProcessingMachine.ts(77,32): error TS1005: ',' expected.
sveltekit-frontend/src/lib/state/evidenceProcessingMachine.ts(79,31): error TS1005: ',' expected.
sveltekit-frontend/src/lib/state/evidenceProcessingMachine.ts(81,30): error TS1005: ',' expected.
sveltekit-frontend/src/lib/state/evidenceProcessingMachine.ts(128,72): error TS1005: ')' expected.
sveltekit-frontend/src/lib/state/evidenceProcessingMachine.ts(147,23): error TS1005: ',' expected.
sveltekit-frontend/src/lib/state/evidenceProcessingMachine.ts(173,7): error TS1128: Declaration or statement expected.
sveltekit-frontend/src/lib/state/evidenceProcessingMachine.ts(176,5): error TS1128: Declaration or statement expected.
sveltekit-frontend/src/lib/state/evidenceProcessingMachine.ts(176,7): error TS1005: 'try' expected.
sveltekit-frontend/src/lib/state/evidenceProcessingMachine.ts(194,23): error TS1005: ',' expected.
sveltekit-frontend/src/lib/state/evidenceProcessingMachine.ts(198,3): error TS1128: Declaration or statement expected.
sveltekit-frontend/src/lib/state/evidenceProcessingMachine.ts(199,1): error TS1128: Declaration or statement expected.
sveltekit-frontend/src/lib/state/evidenceProcessingMachine.ts(217,21): error TS1005: ',' expected.
sveltekit-frontend/src/lib/state/evidenceProcessingMachine.ts(220,18): error TS1109: Expression expected.
sveltekit-frontend/src/lib/state/evidenceProcessingMachine.ts(221,22): error TS1109: Expression expected.
sveltekit-frontend/src/lib/state/evidenceProcessingMachine.ts(223,9): error TS1109: Expression expected.
sveltekit-frontend/src/lib/state/evidenceProcessingMachine.ts(224,7): error TS1128: Declaration or statement expected.
sveltekit-frontend/src/lib/state/evidenceProcessingMachine.ts(225,23): error TS1134: Variable declaration expected.
sveltekit-frontend/src/lib/state/evidenceProcessingMachine.ts(225,28): error TS1005: ',' expected.
sveltekit-frontend/src/lib/state/evidenceProcessingMachine.ts(230,18): error TS1109: Expression expected.
sveltekit-frontend/src/lib/state/evidenceProcessingMachine.ts(231,22): error TS1109: Expression expected.
sveltekit-frontend/src/lib/state/evidenceProcessingMachine.ts(234,7): error TS1128: Declaration or statement expected.
sveltekit-frontend/src/lib/state/evidenceProcessingMachine.ts(235,5): error TS1128: Declaration or statement expected.
sveltekit-frontend/src/lib/state/evidenceProcessingMachine.ts(235,6): error TS1128: Declaration or statement expected.
sveltekit-frontend/src/lib/state/evidenceProcessingMachine.ts(243,3): error TS1128: Declaration or statement expected.
sveltekit-frontend/src/lib/state/evidenceProcessingMachine.ts(244,1): error TS1128: Declaration or statement expected.
sveltekit-frontend/src/lib/state/evidenceProcessingMachine.ts(249,11): error TS1109: Expression expected.
sveltekit-frontend/src/lib/state/evidenceProcessingMachine.ts(250,23): error TS1137: Expression or comma expected.
sveltekit-frontend/src/lib/state/evidenceProcessingMachine.ts(250,33): error TS1005: ';' expected.
sveltekit-frontend/src/lib/state/evidenceProcessingMachine.ts(250,41): error TS1434: Unexpected keyword or identifier.
sveltekit-frontend/src/lib/state/evidenceProcessingMachine.ts(251,14): error TS1109: Expression expected.
sveltekit-frontend/src/lib/state/evidenceProcessingMachine.ts(251,23): error TS1005: ',' expected.
sveltekit-frontend/src/lib/state/evidenceProcessingMachine.ts(251,33): error TS1005: ';' expected.
sveltekit-frontend/src/lib/state/evidenceProcessingMachine.ts(251,41): error TS1434: Unexpected keyword or identifier.
sveltekit-frontend/src/lib/state/evidenceProcessingMachine.ts(252,6): error TS1128: Declaration or statement expected.
sveltekit-frontend/src/lib/state/evidenceProcessingMachine.ts(254,13): error TS1109: Expression expected.
sveltekit-frontend/src/lib/state/evidenceProcessingMachine.ts(256,14): error TS1109: Expression expected.
sveltekit-frontend/src/lib/state/evidenceProcessingMachine.ts(257,14): error TS1109: Expression expected.
sveltekit-frontend/src/lib/state/evidenceProcessingMachine.ts(258,16): error TS1109: Expression expected.
sveltekit-frontend/src/lib/state/evidenceProcessingMachine.ts(259,15): error TS1109: Expression expected.
sveltekit-frontend/src/lib/state/evidenceProcessingMachine.ts(260,16): error TS1109: Expression expected.
sveltekit-frontend/src/lib/state/evidenceProcessingMachine.ts(260,25): error TS1005: ',' expected.
sveltekit-frontend/src/lib/state/evidenceProcessingMachine.ts(260,35): error TS1005: ';' expected.
sveltekit-frontend/src/lib/state/evidenceProcessingMachine.ts(260,42): error TS1128: Declaration or statement expected.
sveltekit-frontend/src/lib/state/evidenceProcessingMachine.ts(262,13): error TS1109: Expression expected.
sveltekit-frontend/src/lib/state/evidenceProcessingMachine.ts(263,18): error TS1109: Expression expected.
sveltekit-frontend/src/lib/state/evidenceProcessingMachine.ts(264,18): error TS1109: Expression expected.
sveltekit-frontend/src/lib/state/evidenceProcessingMachine.ts(265,17): error TS1109: Expression expected.
sveltekit-frontend/src/lib/state/evidenceProcessingMachine.ts(266,22): error TS1109: Expression expected.
sveltekit-frontend/src/lib/state/evidenceProcessingMachine.ts(267,23): error TS1109: Expression expected.
sveltekit-frontend/src/lib/state/evidenceProcessingMachine.ts(267,32): error TS1005: ',' expected.
sveltekit-frontend/src/lib/state/evidenceProcessingMachine.ts(267,42): error TS1005: ';' expected.
sveltekit-frontend/src/lib/state/evidenceProcessingMachine.ts(268,6): error TS1128: Declaration or statement expected.
sveltekit-frontend/src/lib/state/evidenceProcessingMachine.ts(274,21): error TS1109: Expression expected.
sveltekit-frontend/src/lib/state/evidenceProcessingMachine.ts(286,39): error TS1109: Expression expected.
sveltekit-frontend/src/lib/state/evidenceProcessingMachine.ts(286,48): error TS1005: ',' expected.
sveltekit-frontend/src/lib/state/evidenceProcessingMachine.ts(286,49): error TS1136: Property assignment expected.
sveltekit-frontend/src/lib/state/evidenceProcessingMachine.ts(290,8): error TS1128: Declaration or statement expected.
sveltekit-frontend/src/lib/state/evidenceProcessingMachine.ts(294,19): error TS1109: Expression expected.
sveltekit-frontend/src/lib/state/evidenceProcessingMachine.ts(300,8): error TS1128: Declaration or statement expected.
sveltekit-frontend/src/lib/state/evidenceProcessingMachine.ts(305,18): error TS1109: Expression expected.
sveltekit-frontend/src/lib/state/evidenceProcessingMachine.ts(307,21): error TS1109: Expression expected.
sveltekit-frontend/src/lib/state/evidenceProcessingMachine.ts(319,12): error TS1128: Declaration or statement expected.
sveltekit-frontend/src/lib/state/evidenceProcessingMachine.ts(322,21): error TS1109: Expression expected.
sveltekit-frontend/src/lib/state/evidenceProcessingMachine.ts(331,10): error TS1128: Declaration or statement expected.
sveltekit-frontend/src/lib/state/evidenceProcessingMachine.ts(335,8): error TS1128: Declaration or statement expected.
sveltekit-frontend/src/lib/state/evidenceProcessingMachine.ts(340,18): error TS1109: Expression expected.
sveltekit-frontend/src/lib/state/evidenceProcessingMachine.ts(342,21): error TS1109: Expression expected.
sveltekit-frontend/src/lib/state/evidenceProcessingMachine.ts(354,12): error TS1128: Declaration or statement expected.
sveltekit-frontend/src/lib/state/evidenceProcessingMachine.ts(357,21): error TS1109: Expression expected.
sveltekit-frontend/src/lib/state/evidenceProcessingMachine.ts(366,10): error TS1128: Declaration or statement expected.
sveltekit-frontend/src/lib/state/evidenceProcessingMachine.ts(370,8): error TS1128: Declaration or statement expected.
sveltekit-frontend/src/lib/state/evidenceProcessingMachine.ts(375,18): error TS1109: Expression expected.
sveltekit-frontend/src/lib/state/evidenceProcessingMachine.ts(377,21): error TS1109: Expression expected.
sveltekit-frontend/src/lib/state/evidenceProcessingMachine.ts(387,12): error TS1128: Declaration or statement expected.
sveltekit-frontend/src/lib/state/evidenceProcessingMachine.ts(390,21): error TS1109: Expression expected.
sveltekit-frontend/src/lib/state/evidenceProcessingMachine.ts(398,10): error TS1128: Declaration or statement expected.
sveltekit-frontend/src/lib/state/evidenceProcessingMachine.ts(402,8): error TS1128: Declaration or statement expected.
sveltekit-frontend/src/lib/state/evidenceProcessingMachine.ts(407,18): error TS1109: Expression expected.
sveltekit-frontend/src/lib/state/evidenceProcessingMachine.ts(409,21): error TS1109: Expression expected.
sveltekit-frontend/src/lib/state/evidenceProcessingMachine.ts(418,12): error TS1128: Declaration or statement expected.
sveltekit-frontend/src/lib/state/evidenceProcessingMachine.ts(421,21): error TS1109: Expression expected.
sveltekit-frontend/src/lib/state/evidenceProcessingMachine.ts(431,8): error TS1128: Declaration or statement expected.
sveltekit-frontend/src/lib/state/evidenceProcessingMachine.ts(434,15): error TS1109: Expression expected.
sveltekit-frontend/src/lib/state/evidenceProcessingMachine.ts(437,8): error TS1128: Declaration or statement expected.
sveltekit-frontend/src/lib/state/evidenceProcessingMachine.ts(456,26): error TS1109: Expression expected.
sveltekit-frontend/src/lib/state/evidenceProcessingMachine.ts(458,8): error TS1128: Declaration or statement expected.
sveltekit-frontend/src/lib/state/evidenceProcessingMachine.ts(461,15): error TS1109: Expression expected.
sveltekit-frontend/src/lib/state/evidenceProcessingMachine.ts(466,8): error TS1128: Declaration or statement expected.
sveltekit-frontend/src/lib/state/evidenceProcessingMachine.ts(469,15): error TS1109: Expression expected.
sveltekit-frontend/src/lib/state/evidenceProcessingMachine.ts(474,4): error TS1128: Declaration or statement expected.
sveltekit-frontend/src/lib/state/evidenceProcessingMachine.ts(479,6): error TS1128: Declaration or statement expected.
sveltekit-frontend/src/lib/state/evidenceProcessingMachine.ts(488,1): error TS1128: Declaration or statement expected.
sveltekit-frontend/src/lib/state/evidenceProcessingMachine.ts(491,47): error TS1005: ',' expected.
sveltekit-frontend/src/lib/state/evidenceProcessingMachine.ts(492,1): error TS1128: Declaration or statement expected.
sveltekit-frontend/src/lib/state/evidenceProcessingMachine.ts(492,3): error TS1128: Declaration or statement expected.
sveltekit-frontend/src/lib/state/evidenceProcessingMachine.ts(530,33): error TS1005: ',' expected.
sveltekit-frontend/src/lib/state/evidenceProcessingMachine.ts(531,1): error TS1128: Declaration or statement expected.
sveltekit-frontend/src/lib/state/evidenceProcessingMachine.ts(531,2): error TS1128: Declaration or statement expected.
sveltekit-frontend/src/lib/state/evidenceProcessingMachine.ts(538,33): error TS1005: ',' expected.
sveltekit-frontend/src/lib/state/evidenceProcessingMachine.ts(539,1): error TS1128: Declaration or statement expected.
sveltekit-frontend/src/lib/state/evidenceProcessingMachine.ts(539,2): error TS1128: Declaration or statement expected.
sveltekit-frontend/src/lib/state/evidenceProcessingMachine.ts(539,28): error TS1005: '(' expected.
sveltekit-frontend/src/lib/state/evidenceProcessingMachine.ts(543,33): error TS1005: ',' expected.
sveltekit-frontend/src/lib/state/evidenceProcessingMachine.ts(544,1): error TS1128: Declaration or statement expected.
sveltekit-frontend/src/lib/state/evidenceProcessingMachine.ts(544,2): error TS1128: Declaration or statement expected.
sveltekit-frontend/src/lib/state/evidenceProcessingMachine.ts(544,24): error TS1005: '(' expected.
sveltekit-frontend/src/lib/state/gpu-processing-machine.ts(175,21): error TS1109: Expression expected.
sveltekit-frontend/src/lib/state/gpu-processing-machine.ts(175,30): error TS1005: ',' expected.
sveltekit-frontend/src/lib/state/gpu-processing-machine.ts(175,31): error TS1136: Property assignment expected.
sveltekit-frontend/src/lib/state/gpu-processing-machine.ts(176,20): error TS1109: Expression expected.
sveltekit-frontend/src/lib/state/gpu-processing-machine.ts(176,29): error TS1005: ',' expected.
sveltekit-frontend/src/lib/state/gpu-processing-machine.ts(176,30): error TS1136: Property assignment expected.
sveltekit-frontend/src/lib/state/legal-case-machine.ts(164,27): error TS1136: Property assignment expected.
sveltekit-frontend/src/lib/state/legal-case-machine.ts(283,21): error TS1109: Expression expected.
sveltekit-frontend/src/lib/state/legal-case-machine.ts(283,30): error TS1005: ',' expected.
sveltekit-frontend/src/lib/state/legal-case-machine.ts(283,31): error TS1136: Property assignment expected.
sveltekit-frontend/src/lib/state/legal-case-machine.ts(288,24): error TS1109: Expression expected.
sveltekit-frontend/src/lib/state/legal-case-machine.ts(288,33): error TS1005: ',' expected.
sveltekit-frontend/src/lib/state/legal-case-machine.ts(288,34): error TS1136: Property assignment expected.
sveltekit-frontend/src/lib/state/legal-case-machine.ts(289,28): error TS1109: Expression expected.
sveltekit-frontend/src/lib/state/legal-case-machine.ts(289,37): error TS1005: ',' expected.
sveltekit-frontend/src/lib/state/legal-case-machine.ts(289,38): error TS1136: Property assignment expected.
sveltekit-frontend/src/lib/state/legal-case-machine.ts(329,9): error TS1005: ',' expected.
sveltekit-frontend/src/lib/state/legal-case-machine.ts(347,58): error TS1109: Expression expected.
sveltekit-frontend/src/lib/state/legal-case-machine.ts(347,67): error TS1005: ',' expected.
sveltekit-frontend/src/lib/state/legal-case-machine.ts(347,68): error TS1005: ',' expected.
sveltekit-frontend/src/lib/state/legal-case-machine.ts(347,98): error TS1005: ']' expected.
sveltekit-frontend/src/lib/state/legal-case-machine.ts(347,107): error TS1005: ',' expected.
sveltekit-frontend/src/lib/state/legal-case-machine.ts(347,108): error TS1136: Property assignment expected.
sveltekit-frontend/src/lib/state/legal-case-machine.ts(347,118): error TS1005: ',' expected.
sveltekit-frontend/src/lib/state/legal-case-machine.ts(347,120): error TS1128: Declaration or statement expected.
sveltekit-frontend/src/lib/state/legal-case-machine.ts(347,121): error TS1128: Declaration or statement expected.
sveltekit-frontend/src/lib/state/legal-case-machine.ts(348,11): error TS1128: Declaration or statement expected.
sveltekit-frontend/src/lib/state/legal-case-machine.ts(349,9): error TS1128: Declaration or statement expected.
sveltekit-frontend/src/lib/state/legal-case-machine.ts(349,10): error TS1128: Declaration or statement expected.
sveltekit-frontend/src/lib/state/legal-case-machine.ts(352,19): error TS1109: Expression expected.
sveltekit-frontend/src/lib/state/legal-case-machine.ts(354,7): error TS1128: Declaration or statement expected.
sveltekit-frontend/src/lib/state/legal-case-machine.ts(355,5): error TS1128: Declaration or statement expected.
sveltekit-frontend/src/lib/state/legal-case-machine.ts(355,6): error TS1128: Declaration or statement expected.
sveltekit-frontend/src/lib/state/legal-case-machine.ts(358,13): error TS1109: Expression expected.
sveltekit-frontend/src/lib/state/legal-case-machine.ts(361,14): error TS1109: Expression expected.
sveltekit-frontend/src/lib/state/legal-case-machine.ts(365,17): error TS1109: Expression expected.
sveltekit-frontend/src/lib/state/legal-case-machine.ts(368,23): error TS1109: Expression expected.
sveltekit-frontend/src/lib/state/legal-case-machine.ts(369,14): error TS1128: Declaration or statement expected.
sveltekit-frontend/src/lib/state/legal-case-machine.ts(372,23): error TS1109: Expression expected.
sveltekit-frontend/src/lib/state/legal-case-machine.ts(375,10): error TS1128: Declaration or statement expected.
sveltekit-frontend/src/lib/state/legal-case-machine.ts(380,23): error TS1109: Expression expected.
sveltekit-frontend/src/lib/state/legal-case-machine.ts(386,14): error TS1128: Declaration or statement expected.
sveltekit-frontend/src/lib/state/legal-case-machine.ts(389,23): error TS1109: Expression expected.
sveltekit-frontend/src/lib/state/legal-case-machine.ts(390,14): error TS1128: Declaration or statement expected.
sveltekit-frontend/src/lib/state/legal-case-machine.ts(393,23): error TS1109: Expression expected.
sveltekit-frontend/src/lib/state/legal-case-machine.ts(394,20): error TS1109: Expression expected.
sveltekit-frontend/src/lib/state/legal-case-machine.ts(395,14): error TS1128: Declaration or statement expected.
sveltekit-frontend/src/lib/state/legal-case-machine.ts(398,23): error TS1109: Expression expected.
sveltekit-frontend/src/lib/state/legal-case-machine.ts(399,14): error TS1128: Declaration or statement expected.
sveltekit-frontend/src/lib/state/legal-case-machine.ts(402,23): error TS1109: Expression expected.
sveltekit-frontend/src/lib/state/legal-case-machine.ts(403,14): error TS1128: Declaration or statement expected.
sveltekit-frontend/src/lib/state/legal-case-machine.ts(406,23): error TS1109: Expression expected.
sveltekit-frontend/src/lib/state/legal-case-machine.ts(407,14): error TS1128: Declaration or statement expected.
sveltekit-frontend/src/lib/state/legal-case-machine.ts(410,23): error TS1109: Expression expected.
sveltekit-frontend/src/lib/state/legal-case-machine.ts(411,14): error TS1128: Declaration or statement expected.
sveltekit-frontend/src/lib/state/legal-case-machine.ts(414,23): error TS1109: Expression expected.
sveltekit-frontend/src/lib/state/legal-case-machine.ts(417,10): error TS1128: Declaration or statement expected.
sveltekit-frontend/src/lib/state/legal-case-machine.ts(421,17): error TS1109: Expression expected.
sveltekit-frontend/src/lib/state/legal-case-machine.ts(423,96): error TS1005: ')' expected.
sveltekit-frontend/src/lib/state/legal-case-machine.ts(433,20): error TS1109: Expression expected.
sveltekit-frontend/src/lib/state/legal-case-machine.ts(435,23): error TS1109: Expression expected.
sveltekit-frontend/src/lib/state/legal-case-machine.ts(448,14): error TS1128: Declaration or statement expected.
sveltekit-frontend/src/lib/state/legal-case-machine.ts(451,23): error TS1109: Expression expected.
sveltekit-frontend/src/lib/state/legal-case-machine.ts(454,10): error TS1128: Declaration or statement expected.
sveltekit-frontend/src/lib/state/legal-case-machine.ts(458,17): error TS1109: Expression expected.
sveltekit-frontend/src/lib/state/legal-case-machine.ts(461,23): error TS1109: Expression expected.
sveltekit-frontend/src/lib/state/legal-case-machine.ts(472,14): error TS1128: Declaration or statement expected.
sveltekit-frontend/src/lib/state/legal-case-machine.ts(475,23): error TS1109: Expression expected.
sveltekit-frontend/src/lib/state/legal-case-machine.ts(478,10): error TS1128: Declaration or statement expected.
sveltekit-frontend/src/lib/state/legal-case-machine.ts(481,18): error TS1109: Expression expected.
sveltekit-frontend/src/lib/state/legal-case-machine.ts(485,21): error TS1109: Expression expected.
sveltekit-frontend/src/lib/state/legal-case-machine.ts(489,24): error TS1109: Expression expected.
sveltekit-frontend/src/lib/state/legal-case-machine.ts(491,27): error TS1109: Expression expected.
sveltekit-frontend/src/lib/state/legal-case-machine.ts(492,18): error TS1128: Declaration or statement expected.
sveltekit-frontend/src/lib/state/legal-case-machine.ts(495,27): error TS1109: Expression expected.
sveltekit-frontend/src/lib/state/legal-case-machine.ts(497,16): error TS1128: Declaration or statement expected.
sveltekit-frontend/src/lib/state/legal-case-machine.ts(503,14): error TS1128: Declaration or statement expected.
sveltekit-frontend/src/lib/state/legal-case-machine.ts(518,21): error TS1109: Expression expected.
sveltekit-frontend/src/lib/state/legal-case-machine.ts(519,22): error TS1109: Expression expected.
sveltekit-frontend/src/lib/state/legal-case-machine.ts(525,10): error TS1128: Declaration or statement expected.
sveltekit-frontend/src/lib/state/legal-case-machine.ts(529,17): error TS1109: Expression expected.
sveltekit-frontend/src/lib/state/legal-case-machine.ts(532,23): error TS1109: Expression expected.
sveltekit-frontend/src/lib/state/legal-case-machine.ts(536,14): error TS1128: Declaration or statement expected.
sveltekit-frontend/src/lib/state/legal-case-machine.ts(539,23): error TS1109: Expression expected.
sveltekit-frontend/src/lib/state/legal-case-machine.ts(542,10): error TS1128: Declaration or statement expected.
sveltekit-frontend/src/lib/state/legal-case-machine.ts(546,17): error TS1109: Expression expected.
sveltekit-frontend/src/lib/state/legal-case-machine.ts(557,20): error TS1109: Expression expected.
sveltekit-frontend/src/lib/state/legal-case-machine.ts(559,23): error TS1109: Expression expected.
sveltekit-frontend/src/lib/state/legal-case-machine.ts(563,14): error TS1128: Declaration or statement expected.
sveltekit-frontend/src/lib/state/legal-case-machine.ts(566,23): error TS1109: Expression expected.
sveltekit-frontend/src/lib/state/legal-case-machine.ts(569,10): error TS1128: Declaration or statement expected.
sveltekit-frontend/src/lib/state/legal-case-machine.ts(573,17): error TS1109: Expression expected.
sveltekit-frontend/src/lib/state/legal-case-machine.ts(581,20): error TS1109: Expression expected.
sveltekit-frontend/src/lib/state/legal-case-machine.ts(583,23): error TS1109: Expression expected.
sveltekit-frontend/src/lib/state/legal-case-machine.ts(592,14): error TS1128: Declaration or statement expected.
sveltekit-frontend/src/lib/state/legal-case-machine.ts(595,23): error TS1109: Expression expected.
sveltekit-frontend/src/lib/state/legal-case-machine.ts(598,10): error TS1128: Declaration or statement expected.
sveltekit-frontend/src/lib/state/legal-case-machine.ts(602,17): error TS1109: Expression expected.
sveltekit-frontend/src/lib/state/legal-case-machine.ts(609,21): error TS1109: Expression expected.
sveltekit-frontend/src/lib/state/legal-case-machine.ts(611,23): error TS1109: Expression expected.
sveltekit-frontend/src/lib/state/legal-case-machine.ts(614,10): error TS1128: Declaration or statement expected.
sveltekit-frontend/src/lib/state/legal-case-machine.ts(618,17): error TS1109: Expression expected.
sveltekit-frontend/src/lib/state/legal-case-machine.ts(621,23): error TS1109: Expression expected.
sveltekit-frontend/src/lib/state/legal-case-machine.ts(634,14): error TS1128: Declaration or statement expected.
sveltekit-frontend/src/lib/state/legal-case-machine.ts(637,23): error TS1109: Expression expected.
sveltekit-frontend/src/lib/state/legal-case-machine.ts(641,8): error TS1128: Declaration or statement expected.
sveltekit-frontend/src/lib/state/legal-case-machine.ts(645,10): error TS1128: Declaration or statement expected.
sveltekit-frontend/src/lib/state/legal-case-machine.ts(648,10): error TS1128: Declaration or statement expected.
sveltekit-frontend/src/lib/state/legal-case-machine.ts(651,10): error TS1128: Declaration or statement expected.
sveltekit-frontend/src/lib/state/legal-case-machine.ts(656,10): error TS1128: Declaration or statement expected.
sveltekit-frontend/src/lib/state/legal-case-machine.ts(661,10): error TS1128: Declaration or statement expected.
sveltekit-frontend/src/lib/state/legal-case-machine.ts(666,6): error TS1128: Declaration or statement expected.
sveltekit-frontend/src/lib/state/legal-case-machine.ts(670,13): error TS1109: Expression expected.
sveltekit-frontend/src/lib/state/legal-case-machine.ts(673,19): error TS1109: Expression expected.
sveltekit-frontend/src/lib/state/legal-case-machine.ts(677,10): error TS1128: Declaration or statement expected.
sveltekit-frontend/src/lib/state/legal-case-machine.ts(680,19): error TS1109: Expression expected.
sveltekit-frontend/src/lib/state/legal-case-machine.ts(683,6): error TS1128: Declaration or statement expected.
sveltekit-frontend/src/lib/state/legal-case-machine.ts(686,10): error TS1109: Expression expected.
sveltekit-frontend/src/lib/state/legal-case-machine.ts(689,19): error TS1109: Expression expected.
sveltekit-frontend/src/lib/state/legal-case-machine.ts(690,10): error TS1128: Declaration or statement expected.
sveltekit-frontend/src/lib/state/legal-case-machine.ts(696,3): error TS1128: Declaration or statement expected.
sveltekit-frontend/src/lib/state/legal-case-machine.ts(696,4): error TS1128: Declaration or statement expected.
sveltekit-frontend/src/lib/state/legal-case-machine.ts(700,15): error TS1109: Expression expected.
sveltekit-frontend/src/lib/state/legal-case-machine.ts(700,32): error TS1136: Property assignment expected.
sveltekit-frontend/src/lib/state/legal-case-machine.ts(711,25): error TS1109: Expression expected.
sveltekit-frontend/src/lib/state/legal-case-machine.ts(711,34): error TS1005: ',' expected.
sveltekit-frontend/src/lib/state/legal-case-machine.ts(711,35): error TS1136: Property assignment expected.
sveltekit-frontend/src/lib/state/legal-case-machine.ts(716,28): error TS1109: Expression expected.
sveltekit-frontend/src/lib/state/legal-case-machine.ts(716,37): error TS1005: ',' expected.
sveltekit-frontend/src/lib/state/legal-case-machine.ts(716,38): error TS1136: Property assignment expected.
sveltekit-frontend/src/lib/state/legal-case-machine.ts(717,32): error TS1109: Expression expected.
sveltekit-frontend/src/lib/state/legal-case-machine.ts(717,41): error TS1005: ',' expected.
sveltekit-frontend/src/lib/state/legal-case-machine.ts(717,42): error TS1136: Property assignment expected.
sveltekit-frontend/src/lib/state/legal-case-machine.ts(729,5): error TS1005: ',' expected.
sveltekit-frontend/src/lib/state/legal-case-machine.ts(731,1): error TS1128: Declaration or statement expected.
sveltekit-frontend/src/lib/state/legal-case-machine.ts(731,2): error TS1128: Declaration or statement expected.
sveltekit-frontend/src/lib/state/legal-case-machine.ts(738,4): error TS1128: Declaration or statement expected.
sveltekit-frontend/src/lib/state/legal-case-machine.ts(755,2): error TS1128: Declaration or statement expected.
sveltekit-frontend/src/lib/state/legalDocumentProcessingMachine.ts(72,66): error TS1005: ')' expected.
sveltekit-frontend/src/lib/state/legalDocumentProcessingMachine.ts(83,66): error TS1005: ')' expected.
sveltekit-frontend/src/lib/state/legalDocumentProcessingMachine.ts(96,66): error TS1005: ')' expected.
sveltekit-frontend/src/lib/state/legalDocumentProcessingMachine.ts(102,66): error TS1005: ')' expected.
sveltekit-frontend/src/lib/state/legalDocumentProcessingMachine.ts(107,73): error TS1005: ')' expected.
sveltekit-frontend/src/lib/state/legalDocumentProcessingMachine.ts(108,65): error TS1005: ')' expected.
sveltekit-frontend/src/lib/state/legalDocumentProcessingMachine.ts(116,65): error TS1005: ')' expected.
sveltekit-frontend/src/lib/state/legalDocumentProcessingMachine.ts(133,66): error TS1005: ')' expected.
sveltekit-frontend/src/lib/state/legalDocumentProcessingMachine.ts(142,65): error TS1005: ')' expected.
sveltekit-frontend/src/lib/state/legalDocumentProcessingMachine.ts(149,17): error TS1109: Expression expected.
sveltekit-frontend/src/lib/state/legalDocumentProcessingMachine.ts(149,26): error TS1005: ',' expected.
sveltekit-frontend/src/lib/state/legalDocumentProcessingMachine.ts(149,27): error TS1136: Property assignment expected.
sveltekit-frontend/src/lib/state/legalFormMachine.ts(5,1): error TS1128: Declaration or statement expected.
sveltekit-frontend/src/lib/state/legalFormMachine.ts(42,21): error TS1109: Expression expected.
sveltekit-frontend/src/lib/state/legalFormMachine.ts(42,30): error TS1005: ',' expected.
sveltekit-frontend/src/lib/state/legalFormMachine.ts(42,31): error TS1136: Property assignment expected.
sveltekit-frontend/src/lib/state/legalFormMachine.ts(43,20): error TS1109: Expression expected.
sveltekit-frontend/src/lib/state/legalFormMachine.ts(43,29): error TS1005: ',' expected.
sveltekit-frontend/src/lib/state/legalFormMachine.ts(43,30): error TS1136: Property assignment expected.
sveltekit-frontend/src/lib/state/legalFormMachine.ts(47,65): error TS1005: ')' expected.
sveltekit-frontend/src/lib/state/legalFormMachine.ts(57,24): error TS1005: ',' expected.
sveltekit-frontend/src/lib/state/legalFormMachine.ts(77,30): error TS1109: Expression expected.
sveltekit-frontend/src/lib/state/legalFormMachine.ts(77,39): error TS1005: ',' expected.
sveltekit-frontend/src/lib/state/legalFormMachine.ts(77,40): error TS1136: Property assignment expected.
sveltekit-frontend/src/lib/state/legalFormMachine.ts(219,51): error TS1005: ')' expected.
sveltekit-frontend/src/lib/state/legalFormMachine.ts(220,15): error TS1128: Declaration or statement expected.
sveltekit-frontend/src/lib/state/legalFormMachine.ts(220,18): error TS1136: Property assignment expected.
sveltekit-frontend/src/lib/state/legalFormMachine.ts(221,24): error TS1005: ':' expected.
sveltekit-frontend/src/lib/state/legalFormMachine.ts(225,18): error TS1005: ',' expected.
sveltekit-frontend/src/lib/state/legalFormMachine.ts(227,15): error TS1005: ',' expected.
sveltekit-frontend/src/lib/state/legalFormMachine.ts(228,13): error TS1128: Declaration or statement expected.
sveltekit-frontend/src/lib/state/legalFormMachine.ts(229,11): error TS1128: Declaration or statement expected.
sveltekit-frontend/src/lib/state/legalFormMachine.ts(229,12): error TS1128: Declaration or statement expected.
sveltekit-frontend/src/lib/state/legalFormMachine.ts(230,9): error TS1128: Declaration or statement expected.
sveltekit-frontend/src/lib/state/legalFormMachine.ts(230,10): error TS1128: Declaration or statement expected.
sveltekit-frontend/src/lib/state/legalFormMachine.ts(244,10): error TS1128: Declaration or statement expected.
sveltekit-frontend/src/lib/state/legalFormMachine.ts(247,17): error TS1109: Expression expected.
sveltekit-frontend/src/lib/state/legalFormMachine.ts(251,19): error TS1109: Expression expected.
sveltekit-frontend/src/lib/state/legalFormMachine.ts(255,10): error TS1128: Declaration or statement expected.
sveltekit-frontend/src/lib/state/legalFormMachine.ts(258,19): error TS1109: Expression expected.
sveltekit-frontend/src/lib/state/legalFormMachine.ts(259,10): error TS1128: Declaration or statement expected.
sveltekit-frontend/src/lib/state/legalFormMachine.ts(271,7): error TS1128: Declaration or statement expected.
sveltekit-frontend/src/lib/state/legalFormMachine.ts(272,5): error TS1128: Declaration or statement expected.
sveltekit-frontend/src/lib/state/legalFormMachine.ts(272,6): error TS1128: Declaration or statement expected.
sveltekit-frontend/src/lib/state/legalFormMachine.ts(276,19): error TS1109: Expression expected.
sveltekit-frontend/src/lib/state/legalFormMachine.ts(277,24): error TS1109: Expression expected.
sveltekit-frontend/src/lib/state/legalFormMachine.ts(278,23): error TS1109: Expression expected.
sveltekit-frontend/src/lib/state/legalFormMachine.ts(279,8): error TS1128: Declaration or statement expected.
sveltekit-frontend/src/lib/state/legalFormMachine.ts(303,47): error TS1005: ')' expected.
sveltekit-frontend/src/lib/state/legalFormMachine.ts(304,11): error TS1128: Declaration or statement expected.
sveltekit-frontend/src/lib/state/legalFormMachine.ts(305,28): error TS1005: ',' expected.
sveltekit-frontend/src/lib/state/legalFormMachine.ts(309,15): error TS1005: ',' expected.
sveltekit-frontend/src/lib/state/legalFormMachine.ts(313,7): error TS1128: Declaration or statement expected.
sveltekit-frontend/src/lib/state/legalFormMachine.ts(313,8): error TS1128: Declaration or statement expected.
sveltekit-frontend/src/lib/state/legalFormMachine.ts(313,9): error TS1128: Declaration or statement expected.
sveltekit-frontend/src/lib/state/legalFormMachine.ts(317,19): error TS1109: Expression expected.
sveltekit-frontend/src/lib/state/legalFormMachine.ts(321,10): error TS1128: Declaration or statement expected.
sveltekit-frontend/src/lib/state/legalFormMachine.ts(324,19): error TS1109: Expression expected.
sveltekit-frontend/src/lib/state/legalFormMachine.ts(325,10): error TS1128: Declaration or statement expected.
sveltekit-frontend/src/lib/state/legalFormMachine.ts(335,5): error TS1128: Declaration or statement expected.
sveltekit-frontend/src/lib/state/legalFormMachine.ts(335,6): error TS1128: Declaration or statement expected.
sveltekit-frontend/src/lib/state/legalFormMachine.ts(339,19): error TS1109: Expression expected.
sveltekit-frontend/src/lib/state/legalFormMachine.ts(340,24): error TS1109: Expression expected.
sveltekit-frontend/src/lib/state/legalFormMachine.ts(341,23): error TS1109: Expression expected.
sveltekit-frontend/src/lib/state/legalFormMachine.ts(342,8): error TS1128: Declaration or statement expected.
sveltekit-frontend/src/lib/state/legalFormMachine.ts(345,13): error TS1109: Expression expected.
sveltekit-frontend/src/lib/state/legalFormMachine.ts(346,16): error TS1109: Expression expected.
sveltekit-frontend/src/lib/state/legalFormMachine.ts(348,19): error TS1109: Expression expected.
sveltekit-frontend/src/lib/state/legalFormMachine.ts(355,10): error TS1128: Declaration or statement expected.
sveltekit-frontend/src/lib/state/legalFormMachine.ts(358,19): error TS1109: Expression expected.
sveltekit-frontend/src/lib/state/legalFormMachine.ts(365,6): error TS1128: Declaration or statement expected.
sveltekit-frontend/src/lib/state/legalFormMachine.ts(369,19): error TS1109: Expression expected.
sveltekit-frontend/src/lib/state/legalFormMachine.ts(370,23): error TS1109: Expression expected.
sveltekit-frontend/src/lib/state/legalFormMachine.ts(371,8): error TS1128: Declaration or statement expected.
sveltekit-frontend/src/lib/state/legalFormMachine.ts(375,19): error TS1109: Expression expected.
sveltekit-frontend/src/lib/state/legalFormMachine.ts(385,38): error TS1109: Expression expected.
sveltekit-frontend/src/lib/state/legalFormMachine.ts(385,47): error TS1005: ',' expected.
sveltekit-frontend/src/lib/state/legalFormMachine.ts(385,48): error TS1136: Property assignment expected.
sveltekit-frontend/src/lib/state/legalFormMachine.ts(390,6): error TS1128: Declaration or statement expected.
sveltekit-frontend/src/lib/state/legalFormMachine.ts(394,19): error TS1109: Expression expected.
sveltekit-frontend/src/lib/state/legalFormMachine.ts(395,23): error TS1109: Expression expected.
sveltekit-frontend/src/lib/state/legalFormMachine.ts(396,8): error TS1128: Declaration or statement expected.
sveltekit-frontend/src/lib/state/legalFormMachine.ts(400,19): error TS1109: Expression expected.
sveltekit-frontend/src/lib/state/legalFormMachine.ts(402,38): error TS1109: Expression expected.
sveltekit-frontend/src/lib/state/legalFormMachine.ts(402,47): error TS1005: ',' expected.
sveltekit-frontend/src/lib/state/legalFormMachine.ts(402,48): error TS1136: Property assignment expected.
sveltekit-frontend/src/lib/state/legalFormMachine.ts(404,10): error TS1128: Declaration or statement expected.
sveltekit-frontend/src/lib/state/legalFormMachine.ts(407,33): error TS1137: Expression or comma expected.
sveltekit-frontend/src/lib/state/legalFormMachine.ts(410,27): error TS1109: Expression expected.
sveltekit-frontend/src/lib/state/legalFormMachine.ts(411,28): error TS1109: Expression expected.
sveltekit-frontend/src/lib/state/legalFormMachine.ts(413,13): error TS1128: Declaration or statement expected.
sveltekit-frontend/src/lib/state/legalFormMachine.ts(414,12): error TS1128: Declaration or statement expected.
sveltekit-frontend/src/lib/state/legalFormMachine.ts(417,5): error TS1128: Declaration or statement expected.
sveltekit-frontend/src/lib/state/legalFormMachine.ts(418,3): error TS1128: Declaration or statement expected.
sveltekit-frontend/src/lib/state/legalFormMachine.ts(419,1): error TS1128: Declaration or statement expected.
sveltekit-frontend/src/lib/state/legalFormMachine.ts(419,2): error TS1128: Declaration or statement expected.
sveltekit-frontend/src/lib/state/legalFormMachine.ts(433,28): error TS1005: ',' expected.
sveltekit-frontend/src/lib/state/legalFormMachine.ts(434,20): error TS1005: ',' expected.
sveltekit-frontend/src/lib/state/legalFormMachine.ts(488,28): error TS1005: ',' expected.
sveltekit-frontend/src/lib/state/legalFormMachine.ts(489,20): error TS1005: ',' expected.
sveltekit-frontend/src/lib/state/legalFormMachine.ts(519,69): error TS1005: ')' expected.
sveltekit-frontend/src/lib/state/xstate-store.ts(238,5): error TS1005: ',' expected.
sveltekit-frontend/src/lib/state/xstate-store.ts(285,8): error TS1005: ';' expected.
sveltekit-frontend/src/lib/state/xstate-store.ts(293,3): error TS1128: Declaration or statement expected.
sveltekit-frontend/src/lib/state/xstate-store.ts(293,45): error TS1135: Argument expression expected.
sveltekit-frontend/src/lib/state/xstate-store.ts(294,35): error TS1005: '{' expected.
sveltekit-frontend/src/lib/state/xstate-store.ts(294,38): error TS1136: Property assignment expected.
sveltekit-frontend/src/lib/state/xstate-store.ts(310,3): error TS1128: Declaration or statement expected.
sveltekit-frontend/src/lib/state/xstate-store.ts(311,3): error TS1128: Declaration or statement expected.
sveltekit-frontend/src/lib/state/xstate-store.ts(311,26): error TS1109: Expression expected.
sveltekit-frontend/src/lib/state/xstate-store.ts(312,9): error TS1003: Identifier expected.
sveltekit-frontend/src/lib/state/xstate-store.ts(312,14): error TS1005: ',' expected.
sveltekit-frontend/src/lib/state/xstate-store.ts(312,42): error TS1005: ',' expected.
sveltekit-frontend/src/lib/state/xstate-store.ts(312,51): error TS1005: ',' expected.
sveltekit-frontend/src/lib/state/xstate-store.ts(313,9): error TS1005: ':' expected.
sveltekit-frontend/src/lib/state/xstate-store.ts(314,13): error TS1005: ':' expected.
sveltekit-frontend/src/lib/state/xstate-store.ts(319,7): error TS1005: ',' expected.
sveltekit-frontend/src/lib/state/xstate-store.ts(319,20): error TS1003: Identifier expected.
sveltekit-frontend/src/lib/state/xstate-store.ts(319,75): error TS1005: ')' expected.
sveltekit-frontend/src/lib/state/xstate-store.ts(320,7): error TS1005: ',' expected.
sveltekit-frontend/src/lib/state/xstate-store.ts(324,3): error TS1128: Declaration or statement expected.
sveltekit-frontend/src/lib/state/xstate-store.ts(324,32): error TS1109: Expression expected.
sveltekit-frontend/src/lib/state/xstate-store.ts(325,9): error TS1003: Identifier expected.
sveltekit-frontend/src/lib/state/xstate-store.ts(325,14): error TS1005: ',' expected.
sveltekit-frontend/src/lib/state/xstate-store.ts(325,41): error TS1005: ',' expected.
sveltekit-frontend/src/lib/state/xstate-store.ts(325,50): error TS1005: ':' expected.
sveltekit-frontend/src/lib/state/xstate-store.ts(325,54): error TS1005: ',' expected.
sveltekit-frontend/src/lib/state/xstate-store.ts(326,9): error TS1005: ':' expected.
sveltekit-frontend/src/lib/state/xstate-store.ts(327,13): error TS1005: ':' expected.
sveltekit-frontend/src/lib/state/xstate-store.ts(327,67): error TS1005: ',' expected.
sveltekit-frontend/src/lib/state/xstate-store.ts(328,11): error TS1003: Identifier expected.
sveltekit-frontend/src/lib/state/xstate-store.ts(328,20): error TS1005: '{' expected.
sveltekit-frontend/src/lib/state/xstate-store.ts(328,27): error TS1005: ':' expected.
sveltekit-frontend/src/lib/state/xstate-store.ts(328,31): error TS1005: ',' expected.
sveltekit-frontend/src/lib/state/xstate-store.ts(329,13): error TS1005: ':' expected.
sveltekit-frontend/src/lib/state/xstate-store.ts(329,18): error TS1005: ',' expected.
sveltekit-frontend/src/lib/state/xstate-store.ts(329,51): error TS1005: ',' expected.
sveltekit-frontend/src/lib/state/xstate-store.ts(331,13): error TS1005: ':' expected.
sveltekit-frontend/src/lib/state/xstate-store.ts(331,41): error TS1005: ',' expected.
sveltekit-frontend/src/lib/state/xstate-store.ts(332,15): error TS1005: ',' expected.
sveltekit-frontend/src/lib/state/xstate-store.ts(332,48): error TS1005: ',' expected.
sveltekit-frontend/src/lib/state/xstate-store.ts(332,50): error TS1136: Property assignment expected.
sveltekit-frontend/src/lib/state/xstate-store.ts(337,5): error TS1128: Declaration or statement expected.
sveltekit-frontend/src/lib/state/xstate-store.ts(337,7): error TS1005: 'try' expected.
sveltekit-frontend/src/lib/state/xstate-store.ts(341,3): error TS1128: Declaration or statement expected.
sveltekit-frontend/src/lib/state/xstate-store.ts(342,3): error TS1128: Declaration or statement expected.
sveltekit-frontend/src/lib/state/xstate-store.ts(342,35): error TS1135: Argument expression expected.
sveltekit-frontend/src/lib/state/xstate-store.ts(342,41): error TS1005: ';' expected.
sveltekit-frontend/src/lib/state/xstate-store.ts(344,18): error TS1138: Parameter declaration expected.
sveltekit-frontend/src/lib/state/xstate-store.ts(344,24): error TS1005: ',' expected.
sveltekit-frontend/src/lib/state/xstate-store.ts(344,26): error TS1136: Property assignment expected.
sveltekit-frontend/src/lib/state/xstate-store.ts(345,7): error TS1128: Declaration or statement expected.
sveltekit-frontend/src/lib/state/xstate-store.ts(345,31): error TS1109: Expression expected.
sveltekit-frontend/src/lib/state/xstate-store.ts(348,7): error TS1128: Declaration or statement expected.
sveltekit-frontend/src/lib/state/xstate-store.ts(348,38): error TS1109: Expression expected.
sveltekit-frontend/src/lib/state/xstate-store.ts(352,3): error TS1128: Declaration or statement expected.
sveltekit-frontend/src/lib/state/xstate-store.ts(353,3): error TS1128: Declaration or statement expected.
sveltekit-frontend/src/lib/state/xstate-store.ts(353,40): error TS1109: Expression expected.
sveltekit-frontend/src/lib/state/xstate-store.ts(355,9): error TS1003: Identifier expected.
sveltekit-frontend/src/lib/state/xstate-store.ts(387,3): error TS1128: Declaration or statement expected.
sveltekit-frontend/src/lib/state/xstate-store.ts(387,20): error TS1109: Expression expected.
sveltekit-frontend/src/lib/state/xstate-store.ts(388,9): error TS1005: ':' expected.
sveltekit-frontend/src/lib/state/xstate-store.ts(388,26): error TS1005: ',' expected.
sveltekit-frontend/src/lib/state/xstate-store.ts(389,9): error TS1005: ':' expected.
sveltekit-frontend/src/lib/state/xstate-store.ts(389,32): error TS1005: ',' expected.
sveltekit-frontend/src/lib/state/xstate-store.ts(390,9): error TS1005: ':' expected.
sveltekit-frontend/src/lib/state/xstate-store.ts(390,30): error TS1005: ',' expected.
sveltekit-frontend/src/lib/state/xstate-store.ts(391,18): error TS1138: Parameter declaration expected.
sveltekit-frontend/src/lib/state/xstate-store.ts(391,41): error TS1005: ';' expected.
sveltekit-frontend/src/lib/state/xstate-store.ts(394,3): error TS1128: Declaration or statement expected.
sveltekit-frontend/src/lib/state/xstate-store.ts(395,1): error TS1128: Declaration or statement expected.
sveltekit-frontend/src/lib/storage/integrated-search-engine.ts(18,1): error TS1128: Declaration or statement expected.
sveltekit-frontend/src/lib/storage/integrated-search-engine.ts(70,26): error TS1137: Expression or comma expected.
sveltekit-frontend/src/lib/storage/integrated-search-engine.ts(73,7): error TS1128: Declaration or statement expected.
sveltekit-frontend/src/lib/storage/integrated-search-engine.ts(73,8): error TS1128: Declaration or statement expected.
sveltekit-frontend/src/lib/storage/integrated-search-engine.ts(148,3): error TS1068: Unexpected token. A constructor, method, accessor, or property was expected.
sveltekit-frontend/src/lib/storage/integrated-search-engine.ts(148,4): error TS1068: Unexpected token. A constructor, method, accessor, or property was expected.
sveltekit-frontend/src/lib/storage/integrated-search-engine.ts(148,27): error TS1139: Type parameter declaration expected.
sveltekit-frontend/src/lib/storage/integrated-search-engine.ts(148,28): error TS1109: Expression expected.
sveltekit-frontend/src/lib/storage/integrated-search-engine.ts(148,29): error TS1109: Expression expected.
sveltekit-frontend/src/lib/storage/integrated-search-engine.ts(148,30): error TS1005: ';' expected.
sveltekit-frontend/src/lib/storage/integrated-search-engine.ts(149,11): error TS1005: ':' expected.
sveltekit-frontend/src/lib/storage/integrated-search-engine.ts(149,41): error TS1005: ',' expected.
sveltekit-frontend/src/lib/storage/integrated-search-engine.ts(151,11): error TS1005: ':' expected.
sveltekit-frontend/src/lib/storage/integrated-search-engine.ts(151,48): error TS1005: ',' expected.
sveltekit-frontend/src/lib/storage/integrated-search-engine.ts(153,11): error TS1005: ':' expected.
sveltekit-frontend/src/lib/storage/integrated-search-engine.ts(156,5): error TS1136: Property assignment expected.
sveltekit-frontend/src/lib/storage/integrated-search-engine.ts(156,7): error TS1005: ';' expected.
sveltekit-frontend/src/lib/storage/integrated-search-engine.ts(187,3): error TS1128: Declaration or statement expected.
sveltekit-frontend/src/lib/storage/integrated-search-engine.ts(191,3): error TS1128: Declaration or statement expected.
sveltekit-frontend/src/lib/storage/integrated-search-engine.ts(191,11): error TS1434: Unexpected keyword or identifier.
sveltekit-frontend/src/lib/storage/integrated-search-engine.ts(194,3): error TS1128: Declaration or statement expected.
sveltekit-frontend/src/lib/storage/integrated-search-engine.ts(194,4): error TS1128: Declaration or statement expected.
sveltekit-frontend/src/lib/storage/integrated-search-engine.ts(194,27): error TS1011: An element access expression should take an argument.
sveltekit-frontend/src/lib/storage/integrated-search-engine.ts(195,11): error TS1005: ':' expected.
sveltekit-frontend/src/lib/storage/integrated-search-engine.ts(195,42): error TS1005: ',' expected.
sveltekit-frontend/src/lib/storage/integrated-search-engine.ts(197,11): error TS1005: ':' expected.
sveltekit-frontend/src/lib/storage/integrated-search-engine.ts(197,73): error TS1005: ',' expected.
sveltekit-frontend/src/lib/storage/integrated-search-engine.ts(199,11): error TS1005: ':' expected.
sveltekit-frontend/src/lib/storage/integrated-search-engine.ts(209,5): error TS1136: Property assignment expected.
sveltekit-frontend/src/lib/storage/integrated-search-engine.ts(209,7): error TS1005: ';' expected.
sveltekit-frontend/src/lib/storage/integrated-search-engine.ts(212,64): error TS1136: Property assignment expected.
sveltekit-frontend/src/lib/storage/integrated-search-engine.ts(223,7): error TS1005: ')' expected.
sveltekit-frontend/src/lib/storage/integrated-search-engine.ts(225,3): error TS1128: Declaration or statement expected.
sveltekit-frontend/src/lib/storage/integrated-search-engine.ts(229,3): error TS1128: Declaration or statement expected.
sveltekit-frontend/src/lib/storage/integrated-search-engine.ts(229,11): error TS1434: Unexpected keyword or identifier.
sveltekit-frontend/src/lib/storage/integrated-search-engine.ts(232,3): error TS1128: Declaration or statement expected.
sveltekit-frontend/src/lib/storage/integrated-search-engine.ts(232,4): error TS1128: Declaration or statement expected.
sveltekit-frontend/src/lib/storage/integrated-search-engine.ts(232,27): error TS1011: An element access expression should take an argument.
sveltekit-frontend/src/lib/storage/integrated-search-engine.ts(233,11): error TS1005: ':' expected.
sveltekit-frontend/src/lib/storage/integrated-search-engine.ts(233,39): error TS1005: ',' expected.
sveltekit-frontend/src/lib/storage/integrated-search-engine.ts(235,11): error TS1005: ':' expected.
sveltekit-frontend/src/lib/storage/integrated-search-engine.ts(235,73): error TS1005: ',' expected.
sveltekit-frontend/src/lib/storage/integrated-search-engine.ts(237,11): error TS1005: ':' expected.
sveltekit-frontend/src/lib/storage/integrated-search-engine.ts(237,49): error TS1005: ',' expected.
sveltekit-frontend/src/lib/storage/integrated-search-engine.ts(238,11): error TS1005: ',' expected.
sveltekit-frontend/src/lib/storage/integrated-search-engine.ts(238,27): error TS1005: ',' expected.
sveltekit-frontend/src/lib/storage/integrated-search-engine.ts(240,22): error TS1003: Identifier expected.
sveltekit-frontend/src/lib/storage/integrated-search-engine.ts(241,12): error TS1003: Identifier expected.
sveltekit-frontend/src/lib/storage/integrated-search-engine.ts(242,12): error TS1003: Identifier expected.
sveltekit-frontend/src/lib/storage/integrated-search-engine.ts(243,7): error TS1136: Property assignment expected.
sveltekit-frontend/src/lib/storage/integrated-search-engine.ts(245,16): error TS1109: Expression expected.
sveltekit-frontend/src/lib/storage/integrated-search-engine.ts(246,18): error TS1109: Expression expected.
sveltekit-frontend/src/lib/storage/integrated-search-engine.ts(248,5): error TS1128: Declaration or statement expected.
sveltekit-frontend/src/lib/storage/integrated-search-engine.ts(271,3): error TS1128: Declaration or statement expected.
sveltekit-frontend/src/lib/storage/integrated-search-engine.ts(275,3): error TS1128: Declaration or statement expected.
sveltekit-frontend/src/lib/storage/integrated-search-engine.ts(275,11): error TS1434: Unexpected keyword or identifier.
sveltekit-frontend/src/lib/storage/integrated-search-engine.ts(278,3): error TS1128: Declaration or statement expected.
sveltekit-frontend/src/lib/storage/integrated-search-engine.ts(278,4): error TS1128: Declaration or statement expected.
sveltekit-frontend/src/lib/storage/integrated-search-engine.ts(278,27): error TS1011: An element access expression should take an argument.
sveltekit-frontend/src/lib/storage/integrated-search-engine.ts(280,11): error TS1005: ':' expected.
sveltekit-frontend/src/lib/storage/integrated-search-engine.ts(283,7): error TS1005: ',' expected.
sveltekit-frontend/src/lib/storage/integrated-search-engine.ts(285,11): error TS1005: ':' expected.
sveltekit-frontend/src/lib/storage/integrated-search-engine.ts(285,58): error TS1005: ',' expected.
sveltekit-frontend/src/lib/storage/integrated-search-engine.ts(287,10): error TS1359: Identifier expected. 'const' is a reserved word that cannot be used here.
sveltekit-frontend/src/lib/storage/integrated-search-engine.ts(287,16): error TS1005: ',' expected.
sveltekit-frontend/src/lib/storage/integrated-search-engine.ts(287,28): error TS1005: ',' expected.
sveltekit-frontend/src/lib/storage/integrated-search-engine.ts(291,5): error TS1005: ',' expected.
sveltekit-frontend/src/lib/storage/integrated-search-engine.ts(291,10): error TS1359: Identifier expected. 'const' is a reserved word that cannot be used here.
sveltekit-frontend/src/lib/storage/integrated-search-engine.ts(291,16): error TS1005: ',' expected.
sveltekit-frontend/src/lib/storage/integrated-search-engine.ts(291,28): error TS1005: ',' expected.
sveltekit-frontend/src/lib/storage/integrated-search-engine.ts(301,5): error TS1005: ',' expected.
sveltekit-frontend/src/lib/storage/integrated-search-engine.ts(301,12): error TS1005: ':' expected.
sveltekit-frontend/src/lib/storage/integrated-search-engine.ts(301,45): error TS1005: ')' expected.
sveltekit-frontend/src/lib/storage/integrated-search-engine.ts(302,7): error TS1003: Identifier expected.
sveltekit-frontend/src/lib/storage/integrated-search-engine.ts(302,41): error TS1005: ',' expected.
sveltekit-frontend/src/lib/storage/integrated-search-engine.ts(307,3): error TS1128: Declaration or statement expected.
sveltekit-frontend/src/lib/storage/integrated-search-engine.ts(307,11): error TS1434: Unexpected keyword or identifier.
sveltekit-frontend/src/lib/storage/integrated-search-engine.ts(308,27): error TS1011: An element access expression should take an argument.
sveltekit-frontend/src/lib/storage/integrated-search-engine.ts(310,3): error TS1128: Declaration or statement expected.
sveltekit-frontend/src/lib/storage/integrated-search-engine.ts(310,4): error TS1128: Declaration or statement expected.
sveltekit-frontend/src/lib/storage/integrated-search-engine.ts(310,27): error TS1011: An element access expression should take an argument.
sveltekit-frontend/src/lib/storage/integrated-search-engine.ts(312,11): error TS1005: ':' expected.
sveltekit-frontend/src/lib/storage/integrated-search-engine.ts(316,7): error TS1005: ')' expected.
sveltekit-frontend/src/lib/storage/integrated-search-engine.ts(317,11): error TS1005: ':' expected.
sveltekit-frontend/src/lib/storage/integrated-search-engine.ts(324,5): error TS1005: ',' expected.
sveltekit-frontend/src/lib/storage/integrated-search-engine.ts(324,7): error TS1005: ';' expected.
sveltekit-frontend/src/lib/storage/integrated-search-engine.ts(334,3): error TS1128: Declaration or statement expected.
sveltekit-frontend/src/lib/storage/integrated-search-engine.ts(338,3): error TS1128: Declaration or statement expected.
sveltekit-frontend/src/lib/storage/integrated-search-engine.ts(338,34): error TS1135: Argument expression expected.
sveltekit-frontend/src/lib/storage/integrated-search-engine.ts(338,48): error TS1005: ';' expected.
sveltekit-frontend/src/lib/storage/integrated-search-engine.ts(338,50): error TS1434: Unexpected keyword or identifier.
sveltekit-frontend/src/lib/storage/integrated-search-engine.ts(356,3): error TS1128: Declaration or statement expected.
sveltekit-frontend/src/lib/storage/integrated-search-engine.ts(356,11): error TS1434: Unexpected keyword or identifier.
sveltekit-frontend/src/lib/storage/integrated-search-engine.ts(356,39): error TS1135: Argument expression expected.
sveltekit-frontend/src/lib/storage/integrated-search-engine.ts(356,45): error TS1005: ';' expected.
sveltekit-frontend/src/lib/storage/integrated-search-engine.ts(358,11): error TS1005: ':' expected.
sveltekit-frontend/src/lib/storage/integrated-search-engine.ts(359,40): error TS1005: ',' expected.
sveltekit-frontend/src/lib/storage/integrated-search-engine.ts(359,41): error TS1005: ',' expected.
sveltekit-frontend/src/lib/storage/integrated-search-engine.ts(359,42): error TS1136: Property assignment expected.
sveltekit-frontend/src/lib/storage/integrated-search-engine.ts(362,6): error TS1005: ';' expected.
sveltekit-frontend/src/lib/storage/integrated-search-engine.ts(363,60): error TS1005: ')' expected.
sveltekit-frontend/src/lib/storage/integrated-search-engine.ts(368,97): error TS1005: ',' expected.
sveltekit-frontend/src/lib/storage/integrated-search-engine.ts(368,98): error TS1005: ',' expected.
sveltekit-frontend/src/lib/storage/integrated-search-engine.ts(368,99): error TS1134: Variable declaration expected.
sveltekit-frontend/src/lib/storage/integrated-search-engine.ts(375,5): error TS1136: Property assignment expected.
sveltekit-frontend/src/lib/storage/integrated-search-engine.ts(375,6): error TS1128: Declaration or statement expected.
sveltekit-frontend/src/lib/storage/integrated-search-engine.ts(375,7): error TS1128: Declaration or statement expected.
sveltekit-frontend/src/lib/storage/integrated-search-engine.ts(377,3): error TS1128: Declaration or statement expected.
sveltekit-frontend/src/lib/storage/integrated-search-engine.ts(378,3): error TS1128: Declaration or statement expected.
sveltekit-frontend/src/lib/storage/integrated-search-engine.ts(378,11): error TS1434: Unexpected keyword or identifier.
sveltekit-frontend/src/lib/storage/integrated-search-engine.ts(378,45): error TS1135: Argument expression expected.
sveltekit-frontend/src/lib/storage/integrated-search-engine.ts(378,54): error TS1005: ';' expected.
sveltekit-frontend/src/lib/storage/integrated-search-engine.ts(379,11): error TS1005: ':' expected.
sveltekit-frontend/src/lib/storage/integrated-search-engine.ts(379,79): error TS1005: ',' expected.
sveltekit-frontend/src/lib/storage/integrated-search-engine.ts(379,80): error TS1005: ',' expected.
sveltekit-frontend/src/lib/storage/integrated-search-engine.ts(379,81): error TS1136: Property assignment expected.
sveltekit-frontend/src/lib/storage/integrated-search-engine.ts(379,82): error TS1136: Property assignment expected.
sveltekit-frontend/src/lib/storage/integrated-search-engine.ts(380,12): error TS1005: ':' expected.
sveltekit-frontend/src/lib/storage/integrated-search-engine.ts(380,54): error TS1005: ',' expected.
sveltekit-frontend/src/lib/storage/integrated-search-engine.ts(382,3): error TS1128: Declaration or statement expected.
sveltekit-frontend/src/lib/storage/integrated-search-engine.ts(382,11): error TS1434: Unexpected keyword or identifier.
sveltekit-frontend/src/lib/storage/integrated-search-engine.ts(382,45): error TS1135: Argument expression expected.
sveltekit-frontend/src/lib/storage/integrated-search-engine.ts(382,60): error TS1005: ';' expected.
sveltekit-frontend/src/lib/storage/integrated-search-engine.ts(383,12): error TS1005: ':' expected.
sveltekit-frontend/src/lib/storage/integrated-search-engine.ts(389,7): error TS1005: ',' expected.
sveltekit-frontend/src/lib/storage/integrated-search-engine.ts(391,3): error TS1128: Declaration or statement expected.
sveltekit-frontend/src/lib/storage/integrated-search-engine.ts(391,33): error TS1135: Argument expression expected.
sveltekit-frontend/src/lib/storage/integrated-search-engine.ts(391,50): error TS1005: ',' expected.
sveltekit-frontend/src/lib/storage/integrated-search-engine.ts(391,65): error TS1005: ';' expected.
sveltekit-frontend/src/lib/storage/integrated-search-engine.ts(391,67): error TS1434: Unexpected keyword or identifier.
sveltekit-frontend/src/lib/storage/integrated-search-engine.ts(396,41): error TS1109: Expression expected.
sveltekit-frontend/src/lib/storage/integrated-search-engine.ts(397,19): error TS1109: Expression expected.
sveltekit-frontend/src/lib/storage/integrated-search-engine.ts(405,3): error TS1128: Declaration or statement expected.
sveltekit-frontend/src/lib/storage/integrated-search-engine.ts(405,38): error TS1135: Argument expression expected.
sveltekit-frontend/src/lib/storage/integrated-search-engine.ts(405,47): error TS1005: ';' expected.
sveltekit-frontend/src/lib/storage/integrated-search-engine.ts(405,76): error TS1005: ';' expected.
sveltekit-frontend/src/lib/storage/integrated-search-engine.ts(410,3): error TS1128: Declaration or statement expected.
sveltekit-frontend/src/lib/storage/integrated-search-engine.ts(410,32): error TS1135: Argument expression expected.
sveltekit-frontend/src/lib/storage/integrated-search-engine.ts(410,47): error TS1011: An element access expression should take an argument.
sveltekit-frontend/src/lib/storage/integrated-search-engine.ts(410,58): error TS1109: Expression expected.
sveltekit-frontend/src/lib/storage/integrated-search-engine.ts(410,83): error TS1005: ';' expected.
sveltekit-frontend/src/lib/storage/integrated-search-engine.ts(410,98): error TS1109: Expression expected.
sveltekit-frontend/src/lib/storage/integrated-search-engine.ts(410,99): error TS1109: Expression expected.
sveltekit-frontend/src/lib/storage/integrated-search-engine.ts(410,101): error TS1005: ';' expected.
sveltekit-frontend/src/lib/storage/integrated-search-engine.ts(412,62): error TS1005: ';' expected.
sveltekit-frontend/src/lib/storage/integrated-search-engine.ts(412,63): error TS1128: Declaration or statement expected.
sveltekit-frontend/src/lib/storage/integrated-search-engine.ts(416,113): error TS1109: Expression expected.
sveltekit-frontend/src/lib/storage/integrated-search-engine.ts(417,118): error TS1005: ';' expected.
sveltekit-frontend/src/lib/storage/integrated-search-engine.ts(421,113): error TS1109: Expression expected.
sveltekit-frontend/src/lib/storage/integrated-search-engine.ts(422,118): error TS1005: ';' expected.
sveltekit-frontend/src/lib/storage/integrated-search-engine.ts(426,134): error TS1109: Expression expected.
sveltekit-frontend/src/lib/storage/integrated-search-engine.ts(427,9): error TS1109: Expression expected.
sveltekit-frontend/src/lib/storage/integrated-search-engine.ts(430,6): error TS1128: Declaration or statement expected.
sveltekit-frontend/src/lib/storage/integrated-search-engine.ts(431,3): error TS1128: Declaration or statement expected.
sveltekit-frontend/src/lib/storage/integrated-search-engine.ts(432,3): error TS1128: Declaration or statement expected.
sveltekit-frontend/src/lib/storage/integrated-search-engine.ts(432,32): error TS1135: Argument expression expected.
sveltekit-frontend/src/lib/storage/integrated-search-engine.ts(432,46): error TS1005: ';' expected.
sveltekit-frontend/src/lib/storage/integrated-search-engine.ts(432,48): error TS1434: Unexpected keyword or identifier.
sveltekit-frontend/src/lib/storage/integrated-search-engine.ts(444,13): error TS1005: ',' expected.
sveltekit-frontend/src/lib/storage/integrated-search-engine.ts(444,45): error TS1005: ',' expected.
sveltekit-frontend/src/lib/storage/integrated-search-engine.ts(444,47): error TS1136: Property assignment expected.
sveltekit-frontend/src/lib/storage/integrated-search-engine.ts(460,3): error TS1128: Declaration or statement expected.
sveltekit-frontend/src/lib/storage/integrated-search-engine.ts(464,3): error TS1434: Unexpected keyword or identifier.
sveltekit-frontend/src/lib/storage/integrated-search-engine.ts(464,17): error TS1109: Expression expected.
sveltekit-frontend/src/lib/storage/integrated-search-engine.ts(464,31): error TS1109: Expression expected.
sveltekit-frontend/src/lib/storage/integrated-search-engine.ts(465,9): error TS1005: ':' expected.
sveltekit-frontend/src/lib/storage/integrated-search-engine.ts(465,29): error TS1005: ',' expected.
sveltekit-frontend/src/lib/storage/integrated-search-engine.ts(466,9): error TS1005: ':' expected.
sveltekit-frontend/src/lib/storage/integrated-search-engine.ts(466,37): error TS1109: Expression expected.
sveltekit-frontend/src/lib/storage/integrated-search-engine.ts(466,40): error TS1005: ':' expected.
sveltekit-frontend/src/lib/storage/integrated-search-engine.ts(467,11): error TS1005: ',' expected.
sveltekit-frontend/src/lib/storage/integrated-search-engine.ts(467,35): error TS1005: ',' expected.
sveltekit-frontend/src/lib/storage/integrated-search-engine.ts(467,52): error TS1136: Property assignment expected.
sveltekit-frontend/src/lib/storage/integrated-search-engine.ts(468,13): error TS1109: Expression expected.
sveltekit-frontend/src/lib/storage/integrated-search-engine.ts(469,3): error TS1128: Declaration or statement expected.
sveltekit-frontend/src/lib/storage/integrated-search-engine.ts(470,1): error TS1128: Declaration or statement expected.
sveltekit-frontend/src/lib/storage/unified-dimensional-store.ts(16,1): error TS1128: Declaration or statement expected.
sveltekit-frontend/src/lib/storage/unified-dimensional-store.ts(76,12): error TS1005: ',' expected.
sveltekit-frontend/src/lib/storage/unified-dimensional-store.ts(79,21): error TS1109: Expression expected.
sveltekit-frontend/src/lib/storage/unified-dimensional-store.ts(80,17): error TS1109: Expression expected.
sveltekit-frontend/src/lib/storage/unified-dimensional-store.ts(82,9): error TS1128: Declaration or statement expected.
sveltekit-frontend/src/lib/storage/unified-dimensional-store.ts(83,7): error TS1128: Declaration or statement expected.
sveltekit-frontend/src/lib/storage/unified-dimensional-store.ts(83,9): error TS1472: 'catch' or 'finally' expected.
sveltekit-frontend/src/lib/storage/unified-dimensional-store.ts(92,3): error TS1128: Declaration or statement expected.
sveltekit-frontend/src/lib/storage/unified-dimensional-store.ts(92,11): error TS1434: Unexpected keyword or identifier.
sveltekit-frontend/src/lib/storage/unified-dimensional-store.ts(92,33): error TS1109: Expression expected.
sveltekit-frontend/src/lib/storage/unified-dimensional-store.ts(92,47): error TS1109: Expression expected.
sveltekit-frontend/src/lib/storage/unified-dimensional-store.ts(93,12): error TS1005: ':' expected.
sveltekit-frontend/src/lib/storage/unified-dimensional-store.ts(97,40): error TS1005: ';' expected.
sveltekit-frontend/src/lib/storage/unified-dimensional-store.ts(97,41): error TS1005: ',' expected.
sveltekit-frontend/src/lib/storage/unified-dimensional-store.ts(99,8): error TS1005: ';' expected.
sveltekit-frontend/src/lib/storage/unified-dimensional-store.ts(123,5): error TS1128: Declaration or statement expected.
sveltekit-frontend/src/lib/storage/unified-dimensional-store.ts(123,6): error TS1128: Declaration or statement expected.
sveltekit-frontend/src/lib/storage/unified-dimensional-store.ts(124,3): error TS1128: Declaration or statement expected.
sveltekit-frontend/src/lib/storage/unified-dimensional-store.ts(128,3): error TS1434: Unexpected keyword or identifier.
sveltekit-frontend/src/lib/storage/unified-dimensional-store.ts(132,3): error TS1128: Declaration or statement expected.
sveltekit-frontend/src/lib/storage/unified-dimensional-store.ts(132,4): error TS1128: Declaration or statement expected.
sveltekit-frontend/src/lib/storage/unified-dimensional-store.ts(132,18): error TS1109: Expression expected.
sveltekit-frontend/src/lib/storage/unified-dimensional-store.ts(133,9): error TS1003: Identifier expected.
sveltekit-frontend/src/lib/storage/unified-dimensional-store.ts(133,14): error TS1005: ',' expected.
sveltekit-frontend/src/lib/storage/unified-dimensional-store.ts(133,29): error TS1005: ',' expected.
sveltekit-frontend/src/lib/storage/unified-dimensional-store.ts(133,38): error TS1005: ',' expected.
sveltekit-frontend/src/lib/storage/unified-dimensional-store.ts(133,43): error TS1005: ',' expected.
sveltekit-frontend/src/lib/storage/unified-dimensional-store.ts(134,5): error TS1005: ',' expected.
sveltekit-frontend/src/lib/storage/unified-dimensional-store.ts(134,11): error TS1005: ':' expected.
sveltekit-frontend/src/lib/storage/unified-dimensional-store.ts(150,5): error TS1005: ',' expected.
sveltekit-frontend/src/lib/storage/unified-dimensional-store.ts(150,11): error TS1005: ',' expected.
sveltekit-frontend/src/lib/storage/unified-dimensional-store.ts(150,16): error TS1005: ',' expected.
sveltekit-frontend/src/lib/storage/unified-dimensional-store.ts(150,50): error TS1005: ',' expected.
sveltekit-frontend/src/lib/storage/unified-dimensional-store.ts(152,11): error TS1005: ',' expected.
sveltekit-frontend/src/lib/storage/unified-dimensional-store.ts(152,16): error TS1005: ',' expected.
sveltekit-frontend/src/lib/storage/unified-dimensional-store.ts(152,76): error TS1005: ',' expected.
sveltekit-frontend/src/lib/storage/unified-dimensional-store.ts(154,9): error TS1005: ':' expected.
sveltekit-frontend/src/lib/storage/unified-dimensional-store.ts(154,60): error TS1005: ',' expected.
sveltekit-frontend/src/lib/storage/unified-dimensional-store.ts(155,13): error TS1003: Identifier expected.
sveltekit-frontend/src/lib/storage/unified-dimensional-store.ts(155,64): error TS1005: ',' expected.
sveltekit-frontend/src/lib/storage/unified-dimensional-store.ts(160,3): error TS1434: Unexpected keyword or identifier.
sveltekit-frontend/src/lib/storage/unified-dimensional-store.ts(162,17): error TS1109: Expression expected.
sveltekit-frontend/src/lib/storage/unified-dimensional-store.ts(163,3): error TS1128: Declaration or statement expected.
sveltekit-frontend/src/lib/storage/unified-dimensional-store.ts(163,4): error TS1128: Declaration or statement expected.
sveltekit-frontend/src/lib/storage/unified-dimensional-store.ts(164,9): error TS1003: Identifier expected.
sveltekit-frontend/src/lib/storage/unified-dimensional-store.ts(164,14): error TS1005: ',' expected.
sveltekit-frontend/src/lib/storage/unified-dimensional-store.ts(164,29): error TS1005: ',' expected.
sveltekit-frontend/src/lib/storage/unified-dimensional-store.ts(164,38): error TS1005: ',' expected.
sveltekit-frontend/src/lib/storage/unified-dimensional-store.ts(164,43): error TS1005: ',' expected.
sveltekit-frontend/src/lib/storage/unified-dimensional-store.ts(165,5): error TS1005: ',' expected.
sveltekit-frontend/src/lib/storage/unified-dimensional-store.ts(165,11): error TS1005: ':' expected.
sveltekit-frontend/src/lib/storage/unified-dimensional-store.ts(165,53): error TS1005: ',' expected.
sveltekit-frontend/src/lib/storage/unified-dimensional-store.ts(166,11): error TS1005: ':' expected.
sveltekit-frontend/src/lib/storage/unified-dimensional-store.ts(166,63): error TS1005: ')' expected.
sveltekit-frontend/src/lib/storage/unified-dimensional-store.ts(168,11): error TS1005: ':' expected.
sveltekit-frontend/src/lib/storage/unified-dimensional-store.ts(168,85): error TS1005: ',' expected.
sveltekit-frontend/src/lib/storage/unified-dimensional-store.ts(169,14): error TS1005: ',' expected.
sveltekit-frontend/src/lib/storage/unified-dimensional-store.ts(169,17): error TS1109: Expression expected.
sveltekit-frontend/src/lib/storage/unified-dimensional-store.ts(169,19): error TS1003: Identifier expected.
sveltekit-frontend/src/lib/storage/unified-dimensional-store.ts(169,20): error TS1138: Parameter declaration expected.
sveltekit-frontend/src/lib/storage/unified-dimensional-store.ts(169,21): error TS1138: Parameter declaration expected.
sveltekit-frontend/src/lib/storage/unified-dimensional-store.ts(169,25): error TS1005: ',' expected.
sveltekit-frontend/src/lib/storage/unified-dimensional-store.ts(169,42): error TS1005: ',' expected.
sveltekit-frontend/src/lib/storage/unified-dimensional-store.ts(169,98): error TS1005: ',' expected.
sveltekit-frontend/src/lib/storage/unified-dimensional-store.ts(169,101): error TS1005: ',' expected.
sveltekit-frontend/src/lib/storage/unified-dimensional-store.ts(169,103): error TS1005: ';' expected.
sveltekit-frontend/src/lib/storage/unified-dimensional-store.ts(169,106): error TS1109: Expression expected.
sveltekit-frontend/src/lib/storage/unified-dimensional-store.ts(170,7): error TS1109: Expression expected.
sveltekit-frontend/src/lib/storage/unified-dimensional-store.ts(173,64): error TS1109: Expression expected.
sveltekit-frontend/src/lib/storage/unified-dimensional-store.ts(174,37): error TS1109: Expression expected.
sveltekit-frontend/src/lib/storage/unified-dimensional-store.ts(194,4): error TS1128: Declaration or statement expected.
sveltekit-frontend/src/lib/storage/unified-dimensional-store.ts(194,6): error TS1128: Declaration or statement expected.
sveltekit-frontend/src/lib/storage/unified-dimensional-store.ts(205,7): error TS1005: ')' expected.
sveltekit-frontend/src/lib/storage/unified-dimensional-store.ts(209,3): error TS1128: Declaration or statement expected.
sveltekit-frontend/src/lib/storage/unified-dimensional-store.ts(213,3): error TS1434: Unexpected keyword or identifier.
sveltekit-frontend/src/lib/storage/unified-dimensional-store.ts(213,33): error TS1135: Argument expression expected.
sveltekit-frontend/src/lib/storage/unified-dimensional-store.ts(213,48): error TS1005: ';' expected.
sveltekit-frontend/src/lib/storage/unified-dimensional-store.ts(213,76): error TS1011: An element access expression should take an argument.
sveltekit-frontend/src/lib/storage/unified-dimensional-store.ts(214,9): error TS1003: Identifier expected.
sveltekit-frontend/src/lib/storage/unified-dimensional-store.ts(214,14): error TS1005: ',' expected.
sveltekit-frontend/src/lib/storage/unified-dimensional-store.ts(214,29): error TS1005: ',' expected.
sveltekit-frontend/src/lib/storage/unified-dimensional-store.ts(214,38): error TS1005: ',' expected.
sveltekit-frontend/src/lib/storage/unified-dimensional-store.ts(214,43): error TS1005: ',' expected.
sveltekit-frontend/src/lib/storage/unified-dimensional-store.ts(215,5): error TS1005: ',' expected.
sveltekit-frontend/src/lib/storage/unified-dimensional-store.ts(215,11): error TS1005: ':' expected.
sveltekit-frontend/src/lib/storage/unified-dimensional-store.ts(215,41): error TS1109: Expression expected.
sveltekit-frontend/src/lib/storage/unified-dimensional-store.ts(215,42): error TS1005: ':' expected.
sveltekit-frontend/src/lib/storage/unified-dimensional-store.ts(215,44): error TS1136: Property assignment expected.
sveltekit-frontend/src/lib/storage/unified-dimensional-store.ts(215,47): error TS1109: Expression expected.
sveltekit-frontend/src/lib/storage/unified-dimensional-store.ts(215,48): error TS1005: ':' expected.
sveltekit-frontend/src/lib/storage/unified-dimensional-store.ts(216,19): error TS1138: Parameter declaration expected.
sveltekit-frontend/src/lib/storage/unified-dimensional-store.ts(216,34): error TS1005: ',' expected.
sveltekit-frontend/src/lib/storage/unified-dimensional-store.ts(216,36): error TS1136: Property assignment expected.
sveltekit-frontend/src/lib/storage/unified-dimensional-store.ts(217,7): error TS1128: Declaration or statement expected.
sveltekit-frontend/src/lib/storage/unified-dimensional-store.ts(217,28): error TS1109: Expression expected.
sveltekit-frontend/src/lib/storage/unified-dimensional-store.ts(222,7): error TS1128: Declaration or statement expected.
sveltekit-frontend/src/lib/storage/unified-dimensional-store.ts(222,26): error TS1109: Expression expected.
sveltekit-frontend/src/lib/storage/unified-dimensional-store.ts(236,7): error TS1128: Declaration or statement expected.
sveltekit-frontend/src/lib/storage/unified-dimensional-store.ts(236,21): error TS1109: Expression expected.
sveltekit-frontend/src/lib/storage/unified-dimensional-store.ts(237,7): error TS1128: Declaration or statement expected.
sveltekit-frontend/src/lib/storage/unified-dimensional-store.ts(237,14): error TS1128: Declaration or statement expected.
sveltekit-frontend/src/lib/storage/unified-dimensional-store.ts(242,40): error TS1109: Expression expected.
sveltekit-frontend/src/lib/storage/unified-dimensional-store.ts(243,11): error TS1109: Expression expected.
sveltekit-frontend/src/lib/storage/unified-dimensional-store.ts(251,3): error TS1128: Declaration or statement expected.
sveltekit-frontend/src/lib/storage/unified-dimensional-store.ts(252,3): error TS1128: Declaration or statement expected.
sveltekit-frontend/src/lib/storage/unified-dimensional-store.ts(252,11): error TS1434: Unexpected keyword or identifier.
sveltekit-frontend/src/lib/storage/unified-dimensional-store.ts(252,38): error TS1135: Argument expression expected.
sveltekit-frontend/src/lib/storage/unified-dimensional-store.ts(252,53): error TS1005: ';' expected.
sveltekit-frontend/src/lib/storage/unified-dimensional-store.ts(252,81): error TS1011: An element access expression should take an argument.
sveltekit-frontend/src/lib/storage/unified-dimensional-store.ts(254,11): error TS1005: ':' expected.
sveltekit-frontend/src/lib/storage/unified-dimensional-store.ts(254,47): error TS1005: ',' expected.
sveltekit-frontend/src/lib/storage/unified-dimensional-store.ts(255,11): error TS1005: ':' expected.
sveltekit-frontend/src/lib/storage/unified-dimensional-store.ts(255,58): error TS1005: ',' expected.
sveltekit-frontend/src/lib/storage/unified-dimensional-store.ts(256,9): error TS1003: Identifier expected.
sveltekit-frontend/src/lib/storage/unified-dimensional-store.ts(261,5): error TS1005: ',' expected.
sveltekit-frontend/src/lib/storage/unified-dimensional-store.ts(261,11): error TS1005: ':' expected.
sveltekit-frontend/src/lib/storage/unified-dimensional-store.ts(261,45): error TS1109: Expression expected.
sveltekit-frontend/src/lib/storage/unified-dimensional-store.ts(261,47): error TS1005: ':' expected.
sveltekit-frontend/src/lib/storage/unified-dimensional-store.ts(272,6): error TS1005: ',' expected.
sveltekit-frontend/src/lib/storage/unified-dimensional-store.ts(273,12): error TS1005: ':' expected.
sveltekit-frontend/src/lib/storage/unified-dimensional-store.ts(273,24): error TS1005: ',' expected.
sveltekit-frontend/src/lib/storage/unified-dimensional-store.ts(275,3): error TS1128: Declaration or statement expected.
sveltekit-frontend/src/lib/storage/unified-dimensional-store.ts(275,32): error TS1135: Argument expression expected.
sveltekit-frontend/src/lib/storage/unified-dimensional-store.ts(275,47): error TS1005: ';' expected.
sveltekit-frontend/src/lib/storage/unified-dimensional-store.ts(275,49): error TS1434: Unexpected keyword or identifier.
sveltekit-frontend/src/lib/storage/unified-dimensional-store.ts(288,3): error TS1128: Declaration or statement expected.
sveltekit-frontend/src/lib/storage/unified-dimensional-store.ts(289,32): error TS1011: An element access expression should take an argument.
sveltekit-frontend/src/lib/storage/unified-dimensional-store.ts(291,3): error TS1128: Declaration or statement expected.
sveltekit-frontend/src/lib/storage/unified-dimensional-store.ts(291,4): error TS1128: Declaration or statement expected.
sveltekit-frontend/src/lib/storage/unified-dimensional-store.ts(291,24): error TS1011: An element access expression should take an argument.
sveltekit-frontend/src/lib/storage/unified-dimensional-store.ts(292,12): error TS1005: ':' expected.
sveltekit-frontend/src/lib/storage/unified-dimensional-store.ts(292,19): error TS1005: ',' expected.
sveltekit-frontend/src/lib/storage/unified-dimensional-store.ts(293,7): error TS1003: Identifier expected.
sveltekit-frontend/src/lib/storage/unified-dimensional-store.ts(300,9): error TS1005: ',' expected.
sveltekit-frontend/src/lib/storage/unified-dimensional-store.ts(301,7): error TS1003: Identifier expected.
sveltekit-frontend/src/lib/storage/unified-dimensional-store.ts(307,7): error TS1003: Identifier expected.
sveltekit-frontend/src/lib/storage/unified-dimensional-store.ts(307,20): error TS1005: ',' expected.
sveltekit-frontend/src/lib/storage/unified-dimensional-store.ts(309,3): error TS1128: Declaration or statement expected.
sveltekit-frontend/src/lib/storage/unified-dimensional-store.ts(309,39): error TS1135: Argument expression expected.
sveltekit-frontend/src/lib/storage/unified-dimensional-store.ts(309,56): error TS1005: ',' expected.
sveltekit-frontend/src/lib/storage/unified-dimensional-store.ts(309,71): error TS1005: ';' expected.
sveltekit-frontend/src/lib/storage/unified-dimensional-store.ts(309,73): error TS1434: Unexpected keyword or identifier.
sveltekit-frontend/src/lib/storage/unified-dimensional-store.ts(314,41): error TS1109: Expression expected.
sveltekit-frontend/src/lib/storage/unified-dimensional-store.ts(315,19): error TS1109: Expression expected.
sveltekit-frontend/src/lib/storage/unified-dimensional-store.ts(323,3): error TS1128: Declaration or statement expected.
sveltekit-frontend/src/lib/storage/unified-dimensional-store.ts(323,11): error TS1434: Unexpected keyword or identifier.
sveltekit-frontend/src/lib/storage/unified-dimensional-store.ts(323,38): error TS1135: Argument expression expected.
sveltekit-frontend/src/lib/storage/unified-dimensional-store.ts(323,58): error TS1005: ';' expected.
sveltekit-frontend/src/lib/storage/unified-dimensional-store.ts(323,72): error TS1109: Expression expected.
sveltekit-frontend/src/lib/storage/unified-dimensional-store.ts(324,9): error TS1003: Identifier expected.
sveltekit-frontend/src/lib/storage/unified-dimensional-store.ts(324,14): error TS1005: ',' expected.
sveltekit-frontend/src/lib/storage/unified-dimensional-store.ts(324,25): error TS1005: ',' expected.
sveltekit-frontend/src/lib/storage/unified-dimensional-store.ts(324,34): error TS1005: ',' expected.
sveltekit-frontend/src/lib/storage/unified-dimensional-store.ts(325,12): error TS1005: ':' expected.
sveltekit-frontend/src/lib/storage/unified-dimensional-store.ts(331,7): error TS1005: ',' expected.
sveltekit-frontend/src/lib/storage/unified-dimensional-store.ts(333,3): error TS1128: Declaration or statement expected.
sveltekit-frontend/src/lib/storage/unified-dimensional-store.ts(333,11): error TS1434: Unexpected keyword or identifier.
sveltekit-frontend/src/lib/storage/unified-dimensional-store.ts(333,47): error TS1135: Argument expression expected.
sveltekit-frontend/src/lib/storage/unified-dimensional-store.ts(333,71): error TS1011: An element access expression should take an argument.
sveltekit-frontend/src/lib/storage/unified-dimensional-store.ts(333,73): error TS1005: ';' expected.
sveltekit-frontend/src/lib/storage/unified-dimensional-store.ts(333,87): error TS1109: Expression expected.
sveltekit-frontend/src/lib/storage/unified-dimensional-store.ts(334,9): error TS1003: Identifier expected.
sveltekit-frontend/src/lib/storage/unified-dimensional-store.ts(334,14): error TS1005: ',' expected.
sveltekit-frontend/src/lib/storage/unified-dimensional-store.ts(334,25): error TS1005: ',' expected.
sveltekit-frontend/src/lib/storage/unified-dimensional-store.ts(334,34): error TS1005: ',' expected.
sveltekit-frontend/src/lib/storage/unified-dimensional-store.ts(335,12): error TS1005: ':' expected.
sveltekit-frontend/src/lib/storage/unified-dimensional-store.ts(338,47): error TS1109: Expression expected.
sveltekit-frontend/src/lib/storage/unified-dimensional-store.ts(344,7): error TS1109: Expression expected.
sveltekit-frontend/src/lib/storage/unified-dimensional-store.ts(344,8): error TS1005: ',' expected.
sveltekit-frontend/src/lib/storage/unified-dimensional-store.ts(345,15): error TS1003: Identifier expected.
sveltekit-frontend/src/lib/storage/unified-dimensional-store.ts(345,65): error TS1005: ',' expected.
sveltekit-frontend/src/lib/storage/unified-dimensional-store.ts(346,6): error TS1005: ';' expected.
sveltekit-frontend/src/lib/storage/unified-dimensional-store.ts(347,3): error TS1128: Declaration or statement expected.
sveltekit-frontend/src/lib/storage/unified-dimensional-store.ts(351,3): error TS1434: Unexpected keyword or identifier.
sveltekit-frontend/src/lib/storage/unified-dimensional-store.ts(351,27): error TS1109: Expression expected.
sveltekit-frontend/src/lib/storage/unified-dimensional-store.ts(352,11): error TS1005: ':' expected.
sveltekit-frontend/src/lib/storage/unified-dimensional-store.ts(358,5): error TS1005: ',' expected.
sveltekit-frontend/src/lib/storage/unified-dimensional-store.ts(358,13): error TS1005: ',' expected.
sveltekit-frontend/src/lib/storage/unified-dimensional-store.ts(358,24): error TS1005: ',' expected.
sveltekit-frontend/src/lib/storage/unified-dimensional-store.ts(358,26): error TS1136: Property assignment expected.
sveltekit-frontend/src/lib/storage/unified-dimensional-store.ts(378,3): error TS1128: Declaration or statement expected.
sveltekit-frontend/src/lib/storage/unified-dimensional-store.ts(382,3): error TS1434: Unexpected keyword or identifier.
sveltekit-frontend/src/lib/storage/unified-dimensional-store.ts(382,27): error TS1109: Expression expected.
sveltekit-frontend/src/lib/storage/unified-dimensional-store.ts(382,41): error TS1109: Expression expected.
sveltekit-frontend/src/lib/storage/unified-dimensional-store.ts(384,13): error TS1005: ',' expected.
sveltekit-frontend/src/lib/storage/unified-dimensional-store.ts(384,24): error TS1005: ',' expected.
sveltekit-frontend/src/lib/storage/unified-dimensional-store.ts(384,26): error TS1136: Property assignment expected.
sveltekit-frontend/src/lib/storage/unified-dimensional-store.ts(386,26): error TS1137: Expression or comma expected.
sveltekit-frontend/src/lib/storage/unified-dimensional-store.ts(399,7): error TS1128: Declaration or statement expected.
sveltekit-frontend/src/lib/storage/unified-dimensional-store.ts(399,8): error TS1128: Declaration or statement expected.
sveltekit-frontend/src/lib/storage/unified-dimensional-store.ts(415,3): error TS1128: Declaration or statement expected.
sveltekit-frontend/src/lib/storage/unified-dimensional-store.ts(416,1): error TS1128: Declaration or statement expected.
sveltekit-frontend/src/lib/storage/vector-quantization.ts(10,1): error TS1128: Declaration or statement expected.
sveltekit-frontend/src/lib/storage/vector-quantization.ts(18,1): error TS1128: Declaration or statement expected.
sveltekit-frontend/src/lib/storage/vector-quantization.ts(51,67): error TS1005: ')' expected.
sveltekit-frontend/src/lib/storage/vector-quantization.ts(53,46): error TS1109: Expression expected.
sveltekit-frontend/src/lib/storage/vector-quantization.ts(54,7): error TS1109: Expression expected.
sveltekit-frontend/src/lib/storage/vector-quantization.ts(57,53): error TS1109: Expression expected.
sveltekit-frontend/src/lib/storage/vector-quantization.ts(58,7): error TS1109: Expression expected.
sveltekit-frontend/src/lib/storage/vector-quantization.ts(84,46): error TS1109: Expression expected.
sveltekit-frontend/src/lib/storage/vector-quantization.ts(85,12): error TS1109: Expression expected.
sveltekit-frontend/src/lib/storage/vector-quantization.ts(90,46): error TS1109: Expression expected.
sveltekit-frontend/src/lib/storage/vector-quantization.ts(91,7): error TS1109: Expression expected.
sveltekit-frontend/src/lib/storage/vector-quantization.ts(120,3): error TS1068: Unexpected token. A constructor, method, accessor, or property was expected.
sveltekit-frontend/src/lib/storage/vector-quantization.ts(120,4): error TS1068: Unexpected token. A constructor, method, accessor, or property was expected.
sveltekit-frontend/src/lib/storage/vector-quantization.ts(120,30): error TS1005: '(' expected.
sveltekit-frontend/src/lib/storage/vector-quantization.ts(120,32): error TS1068: Unexpected token. A constructor, method, accessor, or property was expected.
sveltekit-frontend/src/lib/storage/vector-quantization.ts(133,6): error TS1128: Declaration or statement expected.
sveltekit-frontend/src/lib/storage/vector-quantization.ts(133,8): error TS1128: Declaration or statement expected.
sveltekit-frontend/src/lib/storage/vector-quantization.ts(141,66): error TS1109: Expression expected.
sveltekit-frontend/src/lib/storage/vector-quantization.ts(142,7): error TS1109: Expression expected.
sveltekit-frontend/src/lib/storage/vector-quantization.ts(148,60): error TS1109: Expression expected.
sveltekit-frontend/src/lib/storage/vector-quantization.ts(149,9): error TS1109: Expression expected.
sveltekit-frontend/src/lib/storage/vector-quantization.ts(154,38): error TS1109: Expression expected.
sveltekit-frontend/src/lib/storage/vector-quantization.ts(155,24): error TS1109: Expression expected.
sveltekit-frontend/src/lib/storage/vector-quantization.ts(183,3): error TS1128: Declaration or statement expected.
sveltekit-frontend/src/lib/storage/vector-quantization.ts(183,11): error TS1434: Unexpected keyword or identifier.
sveltekit-frontend/src/lib/storage/vector-quantization.ts(184,35): error TS1011: An element access expression should take an argument.
sveltekit-frontend/src/lib/storage/vector-quantization.ts(187,20): error TS1109: Expression expected.
sveltekit-frontend/src/lib/storage/vector-quantization.ts(188,3): error TS1128: Declaration or statement expected.
sveltekit-frontend/src/lib/storage/vector-quantization.ts(188,4): error TS1128: Declaration or statement expected.
sveltekit-frontend/src/lib/storage/vector-quantization.ts(189,11): error TS1005: ':' expected.
sveltekit-frontend/src/lib/storage/vector-quantization.ts(189,77): error TS1005: ',' expected.
sveltekit-frontend/src/lib/storage/vector-quantization.ts(190,11): error TS1005: ':' expected.
sveltekit-frontend/src/lib/storage/vector-quantization.ts(190,20): error TS1005: ',' expected.
sveltekit-frontend/src/lib/storage/vector-quantization.ts(190,34): error TS1005: ',' expected.
sveltekit-frontend/src/lib/storage/vector-quantization.ts(190,35): error TS1109: Expression expected.
sveltekit-frontend/src/lib/storage/vector-quantization.ts(190,37): error TS1005: ':' expected.
sveltekit-frontend/src/lib/storage/vector-quantization.ts(190,41): error TS1005: ',' expected.
sveltekit-frontend/src/lib/storage/vector-quantization.ts(192,11): error TS1005: ':' expected.
sveltekit-frontend/src/lib/storage/vector-quantization.ts(203,19): error TS1005: ',' expected.
sveltekit-frontend/src/lib/storage/vector-quantization.ts(205,14): error TS1005: ',' expected.
sveltekit-frontend/src/lib/storage/vector-quantization.ts(205,26): error TS1005: ',' expected.
sveltekit-frontend/src/lib/storage/vector-quantization.ts(205,37): error TS1005: ',' expected.
sveltekit-frontend/src/lib/storage/vector-quantization.ts(205,51): error TS1005: ',' expected.
sveltekit-frontend/src/lib/storage/vector-quantization.ts(205,61): error TS1005: ',' expected.
sveltekit-frontend/src/lib/storage/vector-quantization.ts(205,63): error TS1005: ';' expected.
sveltekit-frontend/src/lib/storage/vector-quantization.ts(205,66): error TS1109: Expression expected.
sveltekit-frontend/src/lib/storage/vector-quantization.ts(206,7): error TS1109: Expression expected.
sveltekit-frontend/src/lib/storage/vector-quantization.ts(211,51): error TS1005: ')' expected.
sveltekit-frontend/src/lib/storage/vector-quantization.ts(218,9): error TS1134: Variable declaration expected.
sveltekit-frontend/src/lib/storage/vector-quantization.ts(227,3): error TS1128: Declaration or statement expected.
sveltekit-frontend/src/lib/storage/vector-quantization.ts(231,3): error TS1128: Declaration or statement expected.
sveltekit-frontend/src/lib/storage/vector-quantization.ts(231,11): error TS1434: Unexpected keyword or identifier.
sveltekit-frontend/src/lib/storage/vector-quantization.ts(232,24): error TS1011: An element access expression should take an argument.
sveltekit-frontend/src/lib/storage/vector-quantization.ts(234,13): error TS1109: Expression expected.
sveltekit-frontend/src/lib/storage/vector-quantization.ts(235,3): error TS1128: Declaration or statement expected.
sveltekit-frontend/src/lib/storage/vector-quantization.ts(235,4): error TS1128: Declaration or statement expected.
sveltekit-frontend/src/lib/storage/vector-quantization.ts(236,11): error TS1005: ':' expected.
sveltekit-frontend/src/lib/storage/vector-quantization.ts(236,39): error TS1005: ',' expected.
sveltekit-frontend/src/lib/storage/vector-quantization.ts(237,11): error TS1005: ':' expected.
sveltekit-frontend/src/lib/storage/vector-quantization.ts(237,38): error TS1109: Expression expected.
sveltekit-frontend/src/lib/storage/vector-quantization.ts(237,39): error TS1005: ':' expected.
sveltekit-frontend/src/lib/storage/vector-quantization.ts(237,41): error TS1136: Property assignment expected.
sveltekit-frontend/src/lib/storage/vector-quantization.ts(237,44): error TS1109: Expression expected.
sveltekit-frontend/src/lib/storage/vector-quantization.ts(237,45): error TS1005: ':' expected.
sveltekit-frontend/src/lib/storage/vector-quantization.ts(239,14): error TS1005: ',' expected.
sveltekit-frontend/src/lib/storage/vector-quantization.ts(239,17): error TS1109: Expression expected.
sveltekit-frontend/src/lib/storage/vector-quantization.ts(239,19): error TS1003: Identifier expected.
sveltekit-frontend/src/lib/storage/vector-quantization.ts(239,20): error TS1138: Parameter declaration expected.
sveltekit-frontend/src/lib/storage/vector-quantization.ts(239,21): error TS1138: Parameter declaration expected.
sveltekit-frontend/src/lib/storage/vector-quantization.ts(239,26): error TS1003: Identifier expected.
sveltekit-frontend/src/lib/storage/vector-quantization.ts(239,27): error TS1138: Parameter declaration expected.
sveltekit-frontend/src/lib/storage/vector-quantization.ts(239,30): error TS1005: ',' expected.
sveltekit-frontend/src/lib/storage/vector-quantization.ts(239,33): error TS1005: ',' expected.
sveltekit-frontend/src/lib/storage/vector-quantization.ts(239,35): error TS1005: ';' expected.
sveltekit-frontend/src/lib/storage/vector-quantization.ts(239,38): error TS1109: Expression expected.
sveltekit-frontend/src/lib/storage/vector-quantization.ts(240,7): error TS1109: Expression expected.
sveltekit-frontend/src/lib/storage/vector-quantization.ts(241,45): error TS1109: Expression expected.
sveltekit-frontend/src/lib/storage/vector-quantization.ts(242,22): error TS1109: Expression expected.
sveltekit-frontend/src/lib/storage/vector-quantization.ts(248,69): error TS1109: Expression expected.
sveltekit-frontend/src/lib/storage/vector-quantization.ts(249,7): error TS1109: Expression expected.
sveltekit-frontend/src/lib/storage/vector-quantization.ts(251,46): error TS1109: Expression expected.
sveltekit-frontend/src/lib/storage/vector-quantization.ts(252,13): error TS1005: ';' expected.
sveltekit-frontend/src/lib/storage/vector-quantization.ts(254,38): error TS1109: Expression expected.
sveltekit-frontend/src/lib/storage/vector-quantization.ts(255,15): error TS1005: ';' expected.
sveltekit-frontend/src/lib/storage/vector-quantization.ts(260,51): error TS1005: ')' expected.
sveltekit-frontend/src/lib/storage/vector-quantization.ts(262,40): error TS1109: Expression expected.
sveltekit-frontend/src/lib/storage/vector-quantization.ts(263,26): error TS1109: Expression expected.
sveltekit-frontend/src/lib/storage/vector-quantization.ts(271,36): error TS1109: Expression expected.
sveltekit-frontend/src/lib/storage/vector-quantization.ts(272,9): error TS1109: Expression expected.
sveltekit-frontend/src/lib/storage/vector-quantization.ts(275,49): error TS1109: Expression expected.
sveltekit-frontend/src/lib/storage/vector-quantization.ts(276,29): error TS1109: Expression expected.
sveltekit-frontend/src/lib/storage/vector-quantization.ts(279,47): error TS1109: Expression expected.
sveltekit-frontend/src/lib/storage/vector-quantization.ts(280,27): error TS1161: Unterminated regular expression literal.
sveltekit-frontend/src/lib/storage/vector-quantization.ts(291,3): error TS1128: Declaration or statement expected.
sveltekit-frontend/src/lib/storage/vector-quantization.ts(295,31): error TS1135: Argument expression expected.
sveltekit-frontend/src/lib/storage/vector-quantization.ts(295,49): error TS1005: ';' expected.
sveltekit-frontend/src/lib/storage/vector-quantization.ts(295,51): error TS1434: Unexpected keyword or identifier.
sveltekit-frontend/src/lib/storage/vector-quantization.ts(300,87): error TS1005: ')' expected.
sveltekit-frontend/src/lib/storage/vector-quantization.ts(301,82): error TS1005: ')' expected.
sveltekit-frontend/src/lib/storage/vector-quantization.ts(315,3): error TS1128: Declaration or statement expected.
sveltekit-frontend/src/lib/storage/vector-quantization.ts(315,39): error TS1135: Argument expression expected.
sveltekit-frontend/src/lib/storage/vector-quantization.ts(315,64): error TS1005: ',' expected.
sveltekit-frontend/src/lib/storage/vector-quantization.ts(315,74): error TS1005: ';' expected.
sveltekit-frontend/src/lib/storage/vector-quantization.ts(315,76): error TS1434: Unexpected keyword or identifier.
sveltekit-frontend/src/lib/storage/vector-quantization.ts(317,43): error TS1109: Expression expected.
sveltekit-frontend/src/lib/storage/vector-quantization.ts(318,7): error TS1109: Expression expected.
sveltekit-frontend/src/lib/storage/vector-quantization.ts(325,3): error TS1128: Declaration or statement expected.
sveltekit-frontend/src/lib/storage/vector-quantization.ts(325,37): error TS1135: Argument expression expected.
sveltekit-frontend/src/lib/storage/vector-quantization.ts(325,56): error TS1005: ',' expected.
sveltekit-frontend/src/lib/storage/vector-quantization.ts(325,73): error TS1005: ',' expected.
sveltekit-frontend/src/lib/storage/vector-quantization.ts(325,83): error TS1005: ';' expected.
sveltekit-frontend/src/lib/storage/vector-quantization.ts(325,85): error TS1434: Unexpected keyword or identifier.
sveltekit-frontend/src/lib/storage/vector-quantization.ts(327,49): error TS1109: Expression expected.
sveltekit-frontend/src/lib/storage/vector-quantization.ts(328,25): error TS1109: Expression expected.
sveltekit-frontend/src/lib/storage/vector-quantization.ts(332,3): error TS1128: Declaration or statement expected.
sveltekit-frontend/src/lib/storage/vector-quantization.ts(336,3): error TS1128: Declaration or statement expected.
sveltekit-frontend/src/lib/storage/vector-quantization.ts(336,4): error TS1128: Declaration or statement expected.
sveltekit-frontend/src/lib/storage/vector-quantization.ts(336,6): error TS1434: Unexpected keyword or identifier.
sveltekit-frontend/src/lib/storage/vector-quantization.ts(339,66): error TS1109: Expression expected.
sveltekit-frontend/src/lib/storage/vector-quantization.ts(340,7): error TS1109: Expression expected.
sveltekit-frontend/src/lib/storage/vector-quantization.ts(344,46): error TS1109: Expression expected.
sveltekit-frontend/src/lib/storage/vector-quantization.ts(345,35): error TS1109: Expression expected.
sveltekit-frontend/src/lib/storage/vector-quantization.ts(353,3): error TS1128: Declaration or statement expected.
sveltekit-frontend/src/lib/storage/vector-quantization.ts(353,33): error TS1135: Argument expression expected.
sveltekit-frontend/src/lib/storage/vector-quantization.ts(353,63): error TS1005: ',' expected.
sveltekit-frontend/src/lib/storage/vector-quantization.ts(353,79): error TS1005: ';' expected.
sveltekit-frontend/src/lib/storage/vector-quantization.ts(353,81): error TS1434: Unexpected keyword or identifier.
sveltekit-frontend/src/lib/storage/vector-quantization.ts(355,48): error TS1109: Expression expected.
sveltekit-frontend/src/lib/storage/vector-quantization.ts(356,7): error TS1109: Expression expected.
sveltekit-frontend/src/lib/storage/vector-quantization.ts(361,3): error TS1128: Declaration or statement expected.
sveltekit-frontend/src/lib/storage/vector-quantization.ts(361,33): error TS1135: Argument expression expected.
sveltekit-frontend/src/lib/storage/vector-quantization.ts(361,50): error TS1005: ',' expected.
sveltekit-frontend/src/lib/storage/vector-quantization.ts(361,65): error TS1005: ';' expected.
sveltekit-frontend/src/lib/storage/vector-quantization.ts(361,67): error TS1434: Unexpected keyword or identifier.
sveltekit-frontend/src/lib/storage/vector-quantization.ts(364,42): error TS1109: Expression expected.
sveltekit-frontend/src/lib/storage/vector-quantization.ts(365,7): error TS1109: Expression expected.
sveltekit-frontend/src/lib/storage/vector-quantization.ts(373,3): error TS1434: Unexpected keyword or identifier.
sveltekit-frontend/src/lib/storage/vector-quantization.ts(374,27): error TS1011: An element access expression should take an argument.
sveltekit-frontend/src/lib/storage/vector-quantization.ts(376,3): error TS1128: Declaration or statement expected.
sveltekit-frontend/src/lib/storage/vector-quantization.ts(376,4): error TS1128: Declaration or statement expected.
sveltekit-frontend/src/lib/storage/vector-quantization.ts(376,30): error TS1011: An element access expression should take an argument.
sveltekit-frontend/src/lib/storage/vector-quantization.ts(377,11): error TS1005: ':' expected.
sveltekit-frontend/src/lib/storage/vector-quantization.ts(377,48): error TS1109: Expression expected.
sveltekit-frontend/src/lib/storage/vector-quantization.ts(377,49): error TS1005: ':' expected.
sveltekit-frontend/src/lib/storage/vector-quantization.ts(377,51): error TS1136: Property assignment expected.
sveltekit-frontend/src/lib/storage/vector-quantization.ts(377,54): error TS1109: Expression expected.
sveltekit-frontend/src/lib/storage/vector-quantization.ts(377,55): error TS1005: ':' expected.
sveltekit-frontend/src/lib/storage/vector-quantization.ts(378,16): error TS1138: Parameter declaration expected.
sveltekit-frontend/src/lib/storage/vector-quantization.ts(378,38): error TS1005: ',' expected.
sveltekit-frontend/src/lib/storage/vector-quantization.ts(378,40): error TS1136: Property assignment expected.
sveltekit-frontend/src/lib/storage/vector-quantization.ts(383,49): error TS1109: Expression expected.
sveltekit-frontend/src/lib/storage/vector-quantization.ts(384,9): error TS1109: Expression expected.
sveltekit-frontend/src/lib/storage/vector-quantization.ts(387,7): error TS1128: Declaration or statement expected.
sveltekit-frontend/src/lib/storage/vector-quantization.ts(407,3): error TS1128: Declaration or statement expected.
sveltekit-frontend/src/lib/storage/vector-quantization.ts(408,3): error TS1128: Declaration or statement expected.
sveltekit-frontend/src/lib/storage/vector-quantization.ts(408,43): error TS1135: Argument expression expected.
sveltekit-frontend/src/lib/storage/vector-quantization.ts(408,61): error TS1011: An element access expression should take an argument.
sveltekit-frontend/src/lib/storage/vector-quantization.ts(408,63): error TS1005: ';' expected.
sveltekit-frontend/src/lib/storage/vector-quantization.ts(409,9): error TS1005: ':' expected.
sveltekit-frontend/src/lib/storage/vector-quantization.ts(409,59): error TS1005: ',' expected.
sveltekit-frontend/src/lib/storage/vector-quantization.ts(410,11): error TS1005: ':' expected.
sveltekit-frontend/src/lib/storage/vector-quantization.ts(410,90): error TS1005: ',' expected.
sveltekit-frontend/src/lib/storage/vector-quantization.ts(411,11): error TS1005: ':' expected.
sveltekit-frontend/src/lib/storage/vector-quantization.ts(411,82): error TS1005: ',' expected.
sveltekit-frontend/src/lib/storage/vector-quantization.ts(412,9): error TS1005: ':' expected.
sveltekit-frontend/src/lib/storage/vector-quantization.ts(412,86): error TS1005: ',' expected.
sveltekit-frontend/src/lib/storage/vector-quantization.ts(413,9): error TS1005: ':' expected.
sveltekit-frontend/src/lib/storage/vector-quantization.ts(413,81): error TS1005: ',' expected.
sveltekit-frontend/src/lib/storage/vector-quantization.ts(415,11): error TS1005: ':' expected.
sveltekit-frontend/src/lib/storage/vector-quantization.ts(415,71): error TS1109: Expression expected.
sveltekit-frontend/src/lib/storage/vector-quantization.ts(415,74): error TS1005: ':' expected.
sveltekit-frontend/src/lib/storage/vector-quantization.ts(416,11): error TS1005: ':' expected.
sveltekit-frontend/src/lib/storage/vector-quantization.ts(416,82): error TS1005: ',' expected.
sveltekit-frontend/src/lib/storage/vector-quantization.ts(417,9): error TS1005: ':' expected.
sveltekit-frontend/src/lib/storage/vector-quantization.ts(417,80): error TS1005: ',' expected.
sveltekit-frontend/src/lib/storage/vector-quantization.ts(420,12): error TS1005: ':' expected.
sveltekit-frontend/src/lib/storage/vector-quantization.ts(422,1): error TS1128: Declaration or statement expected.
sveltekit-frontend/src/lib/stores/_archive/old-stores/ai-agent.ts(10,1): error TS1128: Declaration or statement expected.
sveltekit-frontend/src/lib/stores/_archive/old-stores/ai-agent.ts(117,59): error TS1005: ')' expected.
sveltekit-frontend/src/lib/stores/_archive/old-stores/ai-agent.ts(129,11): error TS1005: ',' expected.
sveltekit-frontend/src/lib/stores/_archive/old-stores/ai-agent.ts(132,11): error TS1005: ')' expected.
sveltekit-frontend/src/lib/stores/_archive/old-stores/ai-agent.ts(146,11): error TS1005: ')' expected.
sveltekit-frontend/src/lib/stores/_archive/old-stores/ai-agent.ts(156,9): error TS1005: ')' expected.
sveltekit-frontend/src/lib/stores/_archive/old-stores/ai-agent.ts(176,9): error TS1005: ')' expected.
sveltekit-frontend/src/lib/stores/_archive/old-stores/ai-agent.ts(189,9): error TS1005: ')' expected.
sveltekit-frontend/src/lib/stores/_archive/old-stores/ai-agent.ts(216,11): error TS1005: ')' expected.
sveltekit-frontend/src/lib/stores/_archive/old-stores/ai-agent.ts(234,11): error TS1005: ')' expected.
sveltekit-frontend/src/lib/stores/_archive/old-stores/ai-agent.ts(247,9): error TS1005: ')' expected.
sveltekit-frontend/src/lib/stores/_archive/old-stores/ai-agent.ts(257,54): error TS1005: ')' expected.
sveltekit-frontend/src/lib/stores/_archive/old-stores/ai-agent.ts(263,21): error TS1005: ')' expected.
sveltekit-frontend/src/lib/stores/_archive/old-stores/ai-agent.ts(281,11): error TS1005: ')' expected.
sveltekit-frontend/src/lib/stores/_archive/old-stores/ai-agent.ts(293,11): error TS1005: ',' expected.
sveltekit-frontend/src/lib/stores/_archive/old-stores/ai-agent.ts(303,9): error TS1005: ')' expected.
sveltekit-frontend/src/lib/stores/_archive/old-stores/ai-agent.ts(317,11): error TS1005: ')' expected.
sveltekit-frontend/src/lib/stores/_archive/old-stores/ai-agent.ts(351,11): error TS1005: ')' expected.
sveltekit-frontend/src/lib/stores/_archive/old-stores/ai-agent.ts(364,59): error TS1005: ')' expected.
sveltekit-frontend/src/lib/stores/_archive/old-stores/ai-agent.ts(376,11): error TS1005: ')' expected.
sveltekit-frontend/src/lib/stores/_archive/old-stores/ai-agent.ts(383,62): error TS1005: ')' expected.
sveltekit-frontend/src/lib/stores/_archive/old-stores/ai-agent.ts(395,9): error TS1005: ')' expected.
sveltekit-frontend/src/lib/stores/_archive/old-stores/ai-agent.ts(406,9): error TS1005: ')' expected.
sveltekit-frontend/src/lib/stores/_archive/old-stores/ai-agent.ts(433,9): error TS1005: ')' expected.
sveltekit-frontend/src/lib/stores/_archive/old-stores/ai-agent.ts(441,9): error TS1005: ')' expected.
sveltekit-frontend/src/lib/stores/_archive/old-stores/ai-agent.ts(448,9): error TS1005: ')' expected.
sveltekit-frontend/src/lib/stores/_archive/old-stores/ai-agent.ts(497,13): error TS1005: ')' expected.
sveltekit-frontend/src/lib/stores/_archive/old-stores/ai-agent.ts(503,13): error TS1005: ')' expected.
sveltekit-frontend/src/lib/stores/_archive/old-stores/ai-agent.ts(519,102): error TS1005: ')' expected.
sveltekit-frontend/src/lib/stores/_archive/old-stores/ai-agent.ts(526,3): error TS1005: ')' expected.
sveltekit-frontend/src/lib/stores/_archive/old-stores/ai-unified.ts(20,19): error TS1005: ',' expected.
sveltekit-frontend/src/lib/stores/_archive/old-stores/ai-unified.ts(64,23): error TS1005: ',' expected.
sveltekit-frontend/src/lib/stores/_archive/old-stores/ai-unified.ts(74,75): error TS1005: ')' expected.
sveltekit-frontend/src/lib/stores/_archive/old-stores/ai-unified.ts(89,5): error TS1005: ')' expected.
sveltekit-frontend/src/lib/stores/_archive/old-stores/ai-unified.ts(92,61): error TS1005: ')' expected.
sveltekit-frontend/src/lib/stores/_archive/old-stores/ai-unified.ts(95,57): error TS1005: ')' expected.
sveltekit-frontend/src/lib/stores/_archive/old-stores/ai-unified.ts(98,50): error TS1005: ')' expected.
sveltekit-frontend/src/lib/stores/_archive/old-stores/ai-unified.ts(105,21): error TS1005: ',' expected.
sveltekit-frontend/src/lib/stores/_archive/old-stores/ai-unified.ts(107,5): error TS1005: ')' expected.
sveltekit-frontend/src/lib/stores/_archive/old-stores/ai-unified.ts(118,68): error TS1005: ')' expected.
sveltekit-frontend/src/lib/stores/_archive/old-stores/ai-unified.ts(126,85): error TS1005: ')' expected.
sveltekit-frontend/src/lib/stores/_archive/old-stores/aiAssistant.svelte.ts(79,32): error TS1005: ',' expected.
sveltekit-frontend/src/lib/stores/_archive/old-stores/aiAssistant.svelte.ts(472,24): error TS1005: ',' expected.
sveltekit-frontend/src/lib/stores/_archive/old-stores/aiAssistant.svelte.ts(500,11): error TS1005: ')' expected.
sveltekit-frontend/src/lib/stores/_archive/old-stores/aiAssistant.svelte.ts(541,84): error TS1005: ')' expected.
sveltekit-frontend/src/lib/stores/_archive/old-stores/aiAssistant.svelte.ts(548,76): error TS1005: ')' expected.
sveltekit-frontend/src/lib/stores/_archive/old-stores/aiAssistant.svelte.ts(560,18): error TS1005: ',' expected.
sveltekit-frontend/src/lib/stores/_archive/old-stores/aiAssistant.svelte.ts(562,79): error TS1005: ',' expected.
sveltekit-frontend/src/lib/stores/_archive/old-stores/alerts.ts(3,1): error TS1128: Declaration or statement expected.
sveltekit-frontend/src/lib/stores/_archive/old-stores/alerts.ts(29,80): error TS1005: ')' expected.
sveltekit-frontend/src/lib/stores/_archive/old-stores/analyticsStore.svelte.ts(94,33): error TS1136: Property assignment expected.
sveltekit-frontend/src/lib/stores/_archive/old-stores/analyticsStore.svelte.ts(95,34): error TS1005: ',' expected.
sveltekit-frontend/src/lib/stores/_archive/old-stores/analyticsStore.svelte.ts(221,23): error TS1136: Property assignment expected.
sveltekit-frontend/src/lib/stores/_archive/old-stores/autoTaggingMachine.ts(3,1): error TS1128: Declaration or statement expected.
sveltekit-frontend/src/lib/stores/_archive/old-stores/autoTaggingMachine.ts(18,13): error TS1109: Expression expected.
sveltekit-frontend/src/lib/stores/_archive/old-stores/autoTaggingMachine.ts(19,13): error TS1109: Expression expected.
sveltekit-frontend/src/lib/stores/_archive/old-stores/autoTaggingMachine.ts(24,7): error TS1434: Unexpected keyword or identifier.
sveltekit-frontend/src/lib/stores/_archive/old-stores/autoTaggingMachine.ts(25,12): error TS1109: Expression expected.
sveltekit-frontend/src/lib/stores/_archive/old-stores/autoTaggingMachine.ts(30,21): error TS1109: Expression expected.
sveltekit-frontend/src/lib/stores/_archive/old-stores/autoTaggingMachine.ts(35,12): error TS1128: Declaration or statement expected.
sveltekit-frontend/src/lib/stores/_archive/old-stores/autoTaggingMachine.ts(42,8): error TS1128: Declaration or statement expected.
sveltekit-frontend/src/lib/stores/_archive/old-stores/autoTaggingMachine.ts(46,15): error TS1109: Expression expected.
sveltekit-frontend/src/lib/stores/_archive/old-stores/autoTaggingMachine.ts(47,17): error TS1109: Expression expected.
sveltekit-frontend/src/lib/stores/_archive/old-stores/autoTaggingMachine.ts(52,18): error TS1109: Expression expected.
sveltekit-frontend/src/lib/stores/_archive/old-stores/autoTaggingMachine.ts(54,21): error TS1109: Expression expected.
sveltekit-frontend/src/lib/stores/_archive/old-stores/autoTaggingMachine.ts(58,12): error TS1128: Declaration or statement expected.
sveltekit-frontend/src/lib/stores/_archive/old-stores/autoTaggingMachine.ts(61,21): error TS1109: Expression expected.
sveltekit-frontend/src/lib/stores/_archive/old-stores/autoTaggingMachine.ts(68,8): error TS1128: Declaration or statement expected.
sveltekit-frontend/src/lib/stores/_archive/old-stores/autoTaggingMachine.ts(73,21): error TS1109: Expression expected.
sveltekit-frontend/src/lib/stores/_archive/old-stores/autoTaggingMachine.ts(78,12): error TS1128: Declaration or statement expected.
sveltekit-frontend/src/lib/stores/_archive/old-stores/autoTaggingMachine.ts(83,12): error TS1128: Declaration or statement expected.
sveltekit-frontend/src/lib/stores/_archive/old-stores/autoTaggingMachine.ts(86,21): error TS1109: Expression expected.
sveltekit-frontend/src/lib/stores/_archive/old-stores/autoTaggingMachine.ts(94,8): error TS1128: Declaration or statement expected.
sveltekit-frontend/src/lib/stores/_archive/old-stores/autoTaggingMachine.ts(99,19): error TS1109: Expression expected.
sveltekit-frontend/src/lib/stores/_archive/old-stores/autoTaggingMachine.ts(100,12): error TS1128: Declaration or statement expected.
sveltekit-frontend/src/lib/stores/_archive/old-stores/autoTaggingMachine.ts(103,21): error TS1109: Expression expected.
sveltekit-frontend/src/lib/stores/_archive/old-stores/autoTaggingMachine.ts(108,12): error TS1128: Declaration or statement expected.
sveltekit-frontend/src/lib/stores/_archive/old-stores/autoTaggingMachine.ts(111,21): error TS1109: Expression expected.
sveltekit-frontend/src/lib/stores/_archive/old-stores/autoTaggingMachine.ts(121,4): error TS1128: Declaration or statement expected.
sveltekit-frontend/src/lib/stores/_archive/old-stores/autoTaggingMachine.ts(128,33): error TS1136: Property assignment expected.
sveltekit-frontend/src/lib/stores/_archive/old-stores/autoTaggingMachine.ts(143,4): error TS1128: Declaration or statement expected.
sveltekit-frontend/src/lib/stores/_archive/old-stores/autoTaggingMachine.ts(144,1): error TS1128: Declaration or statement expected.
sveltekit-frontend/src/lib/stores/_archive/old-stores/avatarStore.ts(3,1): error TS1128: Declaration or statement expected.
sveltekit-frontend/src/lib/stores/_archive/old-stores/avatarStore.ts(12,21): error TS1005: ',' expected.
sveltekit-frontend/src/lib/stores/_archive/old-stores/avatarStore.ts(35,13): error TS1005: ')' expected.
sveltekit-frontend/src/lib/stores/_archive/old-stores/avatarStore.ts(54,27): error TS1005: ',' expected.
sveltekit-frontend/src/lib/stores/_archive/old-stores/avatarStore.ts(57,13): error TS1005: ')' expected.
sveltekit-frontend/src/lib/stores/_archive/old-stores/avatarStore.ts(60,71): error TS1005: ')' expected.
sveltekit-frontend/src/lib/stores/_archive/old-stores/avatarStore.ts(69,13): error TS1005: ')' expected.
sveltekit-frontend/src/lib/stores/_archive/old-stores/avatarStore.ts(77,11): error TS1005: ')' expected.
sveltekit-frontend/src/lib/stores/_archive/old-stores/avatarStore.ts(88,66): error TS1005: ')' expected.
sveltekit-frontend/src/lib/stores/_archive/old-stores/avatarStore.ts(91,71): error TS1005: ')' expected.
sveltekit-frontend/src/lib/stores/_archive/old-stores/avatarStore.ts(97,25): error TS1005: ',' expected.
sveltekit-frontend/src/lib/stores/_archive/old-stores/avatarStore.ts(107,31): error TS1005: ',' expected.
sveltekit-frontend/src/lib/stores/_archive/old-stores/avatarStore.ts(110,13): error TS1005: ')' expected.
sveltekit-frontend/src/lib/stores/_archive/old-stores/avatarStore.ts(113,71): error TS1005: ')' expected.
sveltekit-frontend/src/lib/stores/_archive/old-stores/avatarStore.ts(125,11): error TS1005: ')' expected.
sveltekit-frontend/src/lib/stores/_archive/old-stores/avatarStore.ts(144,31): error TS1005: ',' expected.
sveltekit-frontend/src/lib/stores/_archive/old-stores/avatarStore.ts(147,13): error TS1005: ')' expected.
sveltekit-frontend/src/lib/stores/_archive/old-stores/avatarStore.ts(150,71): error TS1005: ')' expected.
sveltekit-frontend/src/lib/stores/_archive/old-stores/avatarStore.ts(158,62): error TS1005: ')' expected.
sveltekit-frontend/src/lib/stores/_archive/old-stores/avatarStore.ts(170,9): error TS1005: ')' expected.
sveltekit-frontend/src/lib/stores/_archive/old-stores/avatarStore.ts(173,74): error TS1005: ')' expected.
sveltekit-frontend/src/lib/stores/_archive/old-stores/avatarStore.ts(177,52): error TS1005: ')' expected.
sveltekit-frontend/src/lib/stores/_archive/old-stores/avatarStore.ts(210,19): error TS1005: ',' expected.
sveltekit-frontend/src/lib/stores/_archive/old-stores/avatarStore.ts(216,19): error TS1005: ',' expected.
sveltekit-frontend/src/lib/stores/_archive/old-stores/avatarStore.ts(222,19): error TS1005: ',' expected.
sveltekit-frontend/src/lib/stores/_archive/old-stores/canvas.ts(55,22): error TS1005: ',' expected.
sveltekit-frontend/src/lib/stores/_archive/old-stores/cases-fallback.ts(10,19): error TS1005: ',' expected.
sveltekit-frontend/src/lib/stores/_archive/old-stores/cases.ts(16,35): error TS1109: Expression expected.
sveltekit-frontend/src/lib/stores/_archive/old-stores/cases.ts(21,40): error TS1005: ')' expected.
sveltekit-frontend/src/lib/stores/_archive/old-stores/cases.ts(26,1): error TS1128: Declaration or statement expected.
sveltekit-frontend/src/lib/stores/_archive/old-stores/casesStore.ts(4,1): error TS1128: Declaration or statement expected.
sveltekit-frontend/src/lib/stores/_archive/old-stores/casesStore.ts(48,7): error TS1005: ')' expected.
sveltekit-frontend/src/lib/stores/_archive/old-stores/casesStore.ts(54,7): error TS1005: ')' expected.
sveltekit-frontend/src/lib/stores/_archive/old-stores/casesStore.ts(60,7): error TS1005: ')' expected.
sveltekit-frontend/src/lib/stores/_archive/old-stores/casesStore.ts(66,7): error TS1005: ')' expected.
sveltekit-frontend/src/lib/stores/_archive/old-stores/casesStore.ts(72,7): error TS1005: ')' expected.
sveltekit-frontend/src/lib/stores/_archive/old-stores/chat-store.ts(35,58): error TS1005: ')' expected.
sveltekit-frontend/src/lib/stores/_archive/old-stores/chat-store.ts(116,65): error TS1005: ')' expected.
sveltekit-frontend/src/lib/stores/_archive/old-stores/chat-store.ts(218,26): error TS1005: ',' expected.
sveltekit-frontend/src/lib/stores/_archive/old-stores/chat-store.ts(237,7): error TS1005: ')' expected.
sveltekit-frontend/src/lib/stores/_archive/old-stores/chat-store.ts(263,7): error TS1005: ')' expected.
sveltekit-frontend/src/lib/stores/_archive/old-stores/chat-store.ts(270,7): error TS1005: ')' expected.
sveltekit-frontend/src/lib/stores/_archive/old-stores/chat-store.ts(280,66): error TS1005: ')' expected.
sveltekit-frontend/src/lib/stores/_archive/old-stores/chat-store.ts(290,40): error TS1005: ')' expected.
sveltekit-frontend/src/lib/stores/_archive/old-stores/chat-store.ts(298,60): error TS1005: ')' expected.
sveltekit-frontend/src/lib/stores/_archive/old-stores/chat-store.ts(309,62): error TS1005: ')' expected.
sveltekit-frontend/src/lib/stores/_archive/old-stores/chat-store.ts(312,74): error TS1005: ')' expected.
sveltekit-frontend/src/lib/stores/_archive/old-stores/chat-store.ts(342,30): error TS1005: ')' expected.
sveltekit-frontend/src/lib/stores/_archive/old-stores/chat-store.ts(371,3): error TS1005: ',' expected.
sveltekit-frontend/src/lib/stores/_archive/old-stores/chat.svelte.ts(20,53): error TS1005: ')' expected.
sveltekit-frontend/src/lib/stores/_archive/old-stores/chat.svelte.ts(27,39): error TS1109: Expression expected.
sveltekit-frontend/src/lib/stores/_archive/old-stores/chat.svelte.ts(28,45): error TS1109: Expression expected.
sveltekit-frontend/src/lib/stores/_archive/old-stores/chat.svelte.ts(29,53): error TS1109: Expression expected.
sveltekit-frontend/src/lib/stores/_archive/old-stores/chat.svelte.ts(30,59): error TS1109: Expression expected.
sveltekit-frontend/src/lib/stores/_archive/old-stores/chat.svelte.ts(31,55): error TS1109: Expression expected.
sveltekit-frontend/src/lib/stores/_archive/old-stores/chat.svelte.ts(32,61): error TS1109: Expression expected.
sveltekit-frontend/src/lib/stores/_archive/old-stores/chat.svelte.ts(33,55): error TS1109: Expression expected.
sveltekit-frontend/src/lib/stores/_archive/old-stores/chat.svelte.ts(34,61): error TS1109: Expression expected.
sveltekit-frontend/src/lib/stores/_archive/old-stores/chat.svelte.ts(35,39): error TS1109: Expression expected.
sveltekit-frontend/src/lib/stores/_archive/old-stores/chat.svelte.ts(36,45): error TS1109: Expression expected.
sveltekit-frontend/src/lib/stores/_archive/old-stores/chat.svelte.ts(37,47): error TS1109: Expression expected.
sveltekit-frontend/src/lib/stores/_archive/old-stores/chat.svelte.ts(38,53): error TS1109: Expression expected.
sveltekit-frontend/src/lib/stores/_archive/old-stores/chat.svelte.ts(39,53): error TS1109: Expression expected.
sveltekit-frontend/src/lib/stores/_archive/old-stores/chat.svelte.ts(40,59): error TS1109: Expression expected.
sveltekit-frontend/src/lib/stores/_archive/old-stores/chat.svelte.ts(45,44): error TS1109: Expression expected.
sveltekit-frontend/src/lib/stores/_archive/old-stores/chat.svelte.ts(46,46): error TS1109: Expression expected.
sveltekit-frontend/src/lib/stores/_archive/old-stores/chat.svelte.ts(49,51): error TS1109: Expression expected.
sveltekit-frontend/src/lib/stores/_archive/old-stores/chat.svelte.ts(50,53): error TS1109: Expression expected.
sveltekit-frontend/src/lib/stores/_archive/old-stores/chat.svelte.ts(53,52): error TS1109: Expression expected.
sveltekit-frontend/src/lib/stores/_archive/old-stores/chat.svelte.ts(54,54): error TS1109: Expression expected.
sveltekit-frontend/src/lib/stores/_archive/old-stores/chat.svelte.ts(57,52): error TS1109: Expression expected.
sveltekit-frontend/src/lib/stores/_archive/old-stores/chat.svelte.ts(58,54): error TS1109: Expression expected.
sveltekit-frontend/src/lib/stores/_archive/old-stores/chat.svelte.ts(61,44): error TS1109: Expression expected.
sveltekit-frontend/src/lib/stores/_archive/old-stores/chat.svelte.ts(62,46): error TS1109: Expression expected.
sveltekit-frontend/src/lib/stores/_archive/old-stores/chat.svelte.ts(65,48): error TS1109: Expression expected.
sveltekit-frontend/src/lib/stores/_archive/old-stores/chat.svelte.ts(66,50): error TS1109: Expression expected.
sveltekit-frontend/src/lib/stores/_archive/old-stores/chat.svelte.ts(69,51): error TS1109: Expression expected.
sveltekit-frontend/src/lib/stores/_archive/old-stores/chat.svelte.ts(70,53): error TS1109: Expression expected.
sveltekit-frontend/src/lib/stores/_archive/old-stores/chat.svelte.ts(152,11): error TS1005: ',' expected.
sveltekit-frontend/src/lib/stores/_archive/old-stores/chat.svelte.ts(155,5): error TS1005: ')' expected.
sveltekit-frontend/src/lib/stores/_archive/old-stores/chat.svelte.ts(175,40): error TS1005: ',' expected.
sveltekit-frontend/src/lib/stores/_archive/old-stores/chat.svelte.ts(176,5): error TS1003: Identifier expected.
sveltekit-frontend/src/lib/stores/_archive/old-stores/chat.svelte.ts(176,8): error TS1138: Parameter declaration expected.
sveltekit-frontend/src/lib/stores/_archive/old-stores/chat.svelte.ts(185,5): error TS1128: Declaration or statement expected.
sveltekit-frontend/src/lib/stores/_archive/old-stores/chat.svelte.ts(186,1): error TS1128: Declaration or statement expected.
sveltekit-frontend/src/lib/stores/_archive/old-stores/chat.svelte.ts(226,81): error TS1005: ',' expected.
sveltekit-frontend/src/lib/stores/_archive/old-stores/chat.svelte.ts(251,78): error TS1005: ')' expected.
sveltekit-frontend/src/lib/stores/_archive/old-stores/chatMachine.ts(65,14): error TS1005: ',' expected.
sveltekit-frontend/src/lib/stores/_archive/old-stores/chatMachine.ts(68,4): error TS1005: ',' expected.
sveltekit-frontend/src/lib/stores/_archive/old-stores/chatMachine.ts(82,1): error TS1128: Declaration or statement expected.
sveltekit-frontend/src/lib/stores/_archive/old-stores/chatMachine.ts(89,27): error TS1136: Property assignment expected.
sveltekit-frontend/src/lib/stores/_archive/old-stores/chatMachine.ts(93,57): error TS1005: ',' expected.
sveltekit-frontend/src/lib/stores/_archive/old-stores/chatMachine.ts(94,9): error TS1136: Property assignment expected.
sveltekit-frontend/src/lib/stores/_archive/old-stores/chatMachine.ts(98,5): error TS1005: ',' expected.
sveltekit-frontend/src/lib/stores/_archive/old-stores/chatMachine.ts(105,1): error TS1128: Declaration or statement expected.
sveltekit-frontend/src/lib/stores/_archive/old-stores/chatMachine.ts(105,2): error TS1128: Declaration or statement expected.
sveltekit-frontend/src/lib/stores/_archive/old-stores/chatMachine.ts(115,21): error TS1109: Expression expected.
sveltekit-frontend/src/lib/stores/_archive/old-stores/chatMachine.ts(115,30): error TS1005: ',' expected.
sveltekit-frontend/src/lib/stores/_archive/old-stores/chatMachine.ts(115,31): error TS1136: Property assignment expected.
sveltekit-frontend/src/lib/stores/_archive/old-stores/chatMachine.ts(116,20): error TS1109: Expression expected.
sveltekit-frontend/src/lib/stores/_archive/old-stores/chatMachine.ts(116,29): error TS1005: ',' expected.
sveltekit-frontend/src/lib/stores/_archive/old-stores/chatMachine.ts(116,30): error TS1136: Property assignment expected.
sveltekit-frontend/src/lib/stores/_archive/old-stores/chatMachine.ts(199,32): error TS1005: ',' expected.
sveltekit-frontend/src/lib/stores/_archive/old-stores/chatMachine.ts(329,15): error TS1005: ',' expected.
sveltekit-frontend/src/lib/stores/_archive/old-stores/chatStore.ts(237,31): error TS1136: Property assignment expected.
sveltekit-frontend/src/lib/stores/_archive/old-stores/chatStore.ts(379,18): error TS1109: Expression expected.
sveltekit-frontend/src/lib/stores/_archive/old-stores/chatStore.ts(380,13): error TS1109: Expression expected.
sveltekit-frontend/src/lib/stores/_archive/old-stores/chatStore.ts(380,36): error TS1005: ',' expected.
sveltekit-frontend/src/lib/stores/_archive/old-stores/chatStore.ts(382,3): error TS1005: ',' expected.
sveltekit-frontend/src/lib/stores/_archive/old-stores/chatStore.ts(382,5): error TS1128: Declaration or statement expected.
sveltekit-frontend/src/lib/stores/_archive/old-stores/chatStore.ts(384,4): error TS1128: Declaration or statement expected.
sveltekit-frontend/src/lib/stores/_archive/old-stores/chatStore.ts(420,1): error TS1128: Declaration or statement expected.
sveltekit-frontend/src/lib/stores/_archive/old-stores/chatStore.ts(496,22): error TS1005: ',' expected.
sveltekit-frontend/src/lib/stores/_archive/old-stores/chatStore.ts(550,112): error TS1005: ',' expected.
sveltekit-frontend/src/lib/stores/_archive/old-stores/enhanced-rag-store.ts(11,1): error TS1128: Declaration or statement expected.
sveltekit-frontend/src/lib/stores/_archive/old-stores/enhanced-rag-store.ts(155,24): error TS1109: Expression expected.
sveltekit-frontend/src/lib/stores/_archive/old-stores/enhanced-rag-store.ts(155,33): error TS1005: ',' expected.
sveltekit-frontend/src/lib/stores/_archive/old-stores/enhanced-rag-store.ts(155,34): error TS1136: Property assignment expected.
sveltekit-frontend/src/lib/stores/_archive/old-stores/enhanced-rag-store.ts(194,21): error TS1005: ',' expected.
sveltekit-frontend/src/lib/stores/_archive/old-stores/enhanced-rag-store.ts(198,27): error TS1109: Expression expected.
sveltekit-frontend/src/lib/stores/_archive/old-stores/enhanced-rag-store.ts(198,36): error TS1005: ',' expected.
sveltekit-frontend/src/lib/stores/_archive/old-stores/enhanced-rag-store.ts(198,37): error TS1136: Property assignment expected.
sveltekit-frontend/src/lib/stores/_archive/old-stores/enhanced-rag-store.ts(222,18): error TS1005: ',' expected.
sveltekit-frontend/src/lib/stores/_archive/old-stores/enhanced-rag-store.ts(225,86): error TS1005: ')' expected.
sveltekit-frontend/src/lib/stores/_archive/old-stores/enhanced-rag-store.ts(235,11): error TS1005: ')' expected.
sveltekit-frontend/src/lib/stores/_archive/old-stores/enhanced-rag-store.ts(236,80): error TS1005: ')' expected.
sveltekit-frontend/src/lib/stores/_archive/old-stores/enhanced-rag-store.ts(250,100): error TS1136: Property assignment expected.
sveltekit-frontend/src/lib/stores/_archive/old-stores/enhanced-rag-store.ts(285,9): error TS1005: ')' expected.
sveltekit-frontend/src/lib/stores/_archive/old-stores/enhanced-rag-store.ts(297,9): error TS1005: ')' expected.
sveltekit-frontend/src/lib/stores/_archive/old-stores/enhanced-rag-store.ts(306,84): error TS1005: ')' expected.
sveltekit-frontend/src/lib/stores/_archive/old-stores/enhanced-rag-store.ts(315,58): error TS1005: ')' expected.
sveltekit-frontend/src/lib/stores/_archive/old-stores/enhanced-rag-store.ts(322,55): error TS1005: ')' expected.
sveltekit-frontend/src/lib/stores/_archive/old-stores/enhanced-rag-store.ts(338,9): error TS1005: ')' expected.
sveltekit-frontend/src/lib/stores/_archive/old-stores/enhanced-rag-store.ts(343,58): error TS1005: ')' expected.
sveltekit-frontend/src/lib/stores/_archive/old-stores/enhanced-rag-store.ts(353,7): error TS1005: ')' expected.
sveltekit-frontend/src/lib/stores/_archive/old-stores/enhanced-rag-store.ts(383,11): error TS1005: ')' expected.
sveltekit-frontend/src/lib/stores/_archive/old-stores/enhanced-rag-store.ts(401,41): error TS1005: ',' expected.
sveltekit-frontend/src/lib/stores/_archive/old-stores/enhanced-rag-store.ts(438,18): error TS1005: ',' expected.
sveltekit-frontend/src/lib/stores/_archive/old-stores/enhanced-rag-store.ts(439,28): error TS1005: ',' expected.
sveltekit-frontend/src/lib/stores/_archive/old-stores/enhanced-rag-store.ts(451,9): error TS1005: ')' expected.
sveltekit-frontend/src/lib/stores/_archive/old-stores/enhanced-rag-store.ts(463,9): error TS1005: ')' expected.
sveltekit-frontend/src/lib/stores/_archive/old-stores/enhanced-rag-store.ts(474,58): error TS1005: ')' expected.
sveltekit-frontend/src/lib/stores/_archive/old-stores/enhanced-saved-notes.ts(312,88): error TS1136: Property assignment expected.
sveltekit-frontend/src/lib/stores/_archive/old-stores/enhanced-saved-notes.ts(351,31): error TS1136: Property assignment expected.
sveltekit-frontend/src/lib/stores/_archive/old-stores/enhanced-saved-notes.ts(376,31): error TS1136: Property assignment expected.
sveltekit-frontend/src/lib/stores/_archive/old-stores/enhancedLokiStore.ts(367,7): error TS1005: ',' expected.
sveltekit-frontend/src/lib/stores/_archive/old-stores/enhancedLokiStore.ts(631,3): error TS1128: Declaration or statement expected.
sveltekit-frontend/src/lib/stores/_archive/old-stores/evidence-unified-fixed.ts(60,21): error TS1005: ',' expected.
sveltekit-frontend/src/lib/stores/_archive/old-stores/evidence-unified-fixed.ts(98,63): error TS1005: ')' expected.
sveltekit-frontend/src/lib/stores/_archive/old-stores/evidence-unified-fixed.ts(114,64): error TS1005: ')' expected.
sveltekit-frontend/src/lib/stores/_archive/old-stores/evidence-unified-fixed.ts(140,13): error TS1005: ')' expected.
sveltekit-frontend/src/lib/stores/_archive/old-stores/evidence-unified-fixed.ts(148,13): error TS1005: ')' expected.
sveltekit-frontend/src/lib/stores/_archive/old-stores/evidence-unified-fixed.ts(154,13): error TS1005: ')' expected.
sveltekit-frontend/src/lib/stores/_archive/old-stores/evidence-unified-fixed.ts(162,69): error TS1005: ')' expected.
sveltekit-frontend/src/lib/stores/_archive/old-stores/evidence-unified-fixed.ts(165,70): error TS1005: ')' expected.
sveltekit-frontend/src/lib/stores/_archive/old-stores/evidence-unified-fixed.ts(176,9): error TS1005: ')' expected.
sveltekit-frontend/src/lib/stores/_archive/old-stores/evidence-unified-fixed.ts(183,9): error TS1005: ')' expected.
sveltekit-frontend/src/lib/stores/_archive/old-stores/evidence-unified-fixed.ts(194,57): error TS1005: ')' expected.
sveltekit-frontend/src/lib/stores/_archive/old-stores/evidence-unified-fixed.ts(209,9): error TS1005: ')' expected.
sveltekit-frontend/src/lib/stores/_archive/old-stores/evidence-unified-fixed.ts(216,9): error TS1005: ')' expected.
sveltekit-frontend/src/lib/stores/_archive/old-stores/evidence-unified-fixed.ts(249,11): error TS1005: ')' expected.
sveltekit-frontend/src/lib/stores/_archive/old-stores/evidence-unified-fixed.ts(277,11): error TS1005: ')' expected.
sveltekit-frontend/src/lib/stores/_archive/old-stores/evidence-unified-fixed.ts(320,53): error TS1005: ')' expected.
sveltekit-frontend/src/lib/stores/_archive/old-stores/evidence-unified-fixed.ts(331,60): error TS1005: ')' expected.
sveltekit-frontend/src/lib/stores/_archive/old-stores/evidence-unified-fixed.ts(338,91): error TS1005: ')' expected.
sveltekit-frontend/src/lib/stores/_archive/old-stores/evidence-unified.ts(60,21): error TS1005: ',' expected.
sveltekit-frontend/src/lib/stores/_archive/old-stores/evidence-unified.ts(98,63): error TS1005: ')' expected.
sveltekit-frontend/src/lib/stores/_archive/old-stores/evidence-unified.ts(114,64): error TS1005: ')' expected.
sveltekit-frontend/src/lib/stores/_archive/old-stores/evidence-unified.ts(140,13): error TS1005: ')' expected.
sveltekit-frontend/src/lib/stores/_archive/old-stores/evidence-unified.ts(148,13): error TS1005: ')' expected.
sveltekit-frontend/src/lib/stores/_archive/old-stores/evidence-unified.ts(154,13): error TS1005: ')' expected.
sveltekit-frontend/src/lib/stores/_archive/old-stores/evidence-unified.ts(162,69): error TS1005: ')' expected.
sveltekit-frontend/src/lib/stores/_archive/old-stores/evidence-unified.ts(165,70): error TS1005: ')' expected.
sveltekit-frontend/src/lib/stores/_archive/old-stores/evidence-unified.ts(176,9): error TS1005: ')' expected.
sveltekit-frontend/src/lib/stores/_archive/old-stores/evidence-unified.ts(183,9): error TS1005: ')' expected.
sveltekit-frontend/src/lib/stores/_archive/old-stores/evidence-unified.ts(194,57): error TS1005: ')' expected.
sveltekit-frontend/src/lib/stores/_archive/old-stores/evidence-unified.ts(209,9): error TS1005: ')' expected.
sveltekit-frontend/src/lib/stores/_archive/old-stores/evidence-unified.ts(216,9): error TS1005: ')' expected.
sveltekit-frontend/src/lib/stores/_archive/old-stores/evidence-unified.ts(249,11): error TS1005: ')' expected.
sveltekit-frontend/src/lib/stores/_archive/old-stores/evidence-unified.ts(277,11): error TS1005: ')' expected.
sveltekit-frontend/src/lib/stores/_archive/old-stores/evidence-unified.ts(320,53): error TS1005: ')' expected.
sveltekit-frontend/src/lib/stores/_archive/old-stores/evidence-unified.ts(331,60): error TS1005: ')' expected.
sveltekit-frontend/src/lib/stores/_archive/old-stores/evidence-unified.ts(338,91): error TS1005: ')' expected.
sveltekit-frontend/src/lib/stores/_archive/old-stores/feedback-store.svelte.ts(12,1): error TS1128: Declaration or statement expected.
sveltekit-frontend/src/lib/stores/_archive/old-stores/feedback-store.svelte.ts(39,58): error TS1109: Expression expected.
sveltekit-frontend/src/lib/stores/_archive/old-stores/feedback-store.svelte.ts(40,62): error TS1109: Expression expected.
sveltekit-frontend/src/lib/stores/_archive/old-stores/feedback-store.svelte.ts(41,50): error TS1109: Expression expected.
sveltekit-frontend/src/lib/stores/_archive/old-stores/feedback-store.svelte.ts(42,54): error TS1109: Expression expected.
sveltekit-frontend/src/lib/stores/_archive/old-stores/feedback-store.svelte.ts(43,56): error TS1109: Expression expected.
sveltekit-frontend/src/lib/stores/_archive/old-stores/feedback-store.svelte.ts(143,5): error TS1005: ',' expected.
sveltekit-frontend/src/lib/stores/_archive/old-stores/feedback-store.svelte.ts(143,44): error TS1005: ',' expected.
sveltekit-frontend/src/lib/stores/_archive/old-stores/feedback-store.svelte.ts(149,31): error TS1136: Property assignment expected.
sveltekit-frontend/src/lib/stores/_archive/old-stores/global-loki.ts(24,13): error TS1128: Declaration or statement expected.
sveltekit-frontend/src/lib/stores/_archive/old-stores/global-loki.ts(61,62): error TS1005: ')' expected.
sveltekit-frontend/src/lib/stores/_archive/old-stores/global-user-store.svelte.ts(13,1): error TS1128: Declaration or statement expected.
sveltekit-frontend/src/lib/stores/_archive/old-stores/global-user-store.svelte.ts(173,41): error TS1109: Expression expected.
sveltekit-frontend/src/lib/stores/_archive/old-stores/global-user-store.svelte.ts(174,45): error TS1109: Expression expected.
sveltekit-frontend/src/lib/stores/_archive/old-stores/global-user-store.svelte.ts(175,51): error TS1109: Expression expected.
sveltekit-frontend/src/lib/stores/_archive/old-stores/global-user-store.svelte.ts(176,59): error TS1109: Expression expected.
sveltekit-frontend/src/lib/stores/_archive/old-stores/global-user-store.svelte.ts(177,67): error TS1109: Expression expected.
sveltekit-frontend/src/lib/stores/_archive/old-stores/global-user-store.svelte.ts(178,47): error TS1109: Expression expected.
sveltekit-frontend/src/lib/stores/_archive/old-stores/global-user-store.svelte.ts(179,37): error TS1109: Expression expected.
sveltekit-frontend/src/lib/stores/_archive/old-stores/global-user-store.svelte.ts(180,43): error TS1109: Expression expected.
sveltekit-frontend/src/lib/stores/_archive/old-stores/global-user-store.svelte.ts(257,31): error TS1136: Property assignment expected.
sveltekit-frontend/src/lib/stores/_archive/old-stores/global-user-store.svelte.ts(324,56): error TS1005: ')' expected.
sveltekit-frontend/src/lib/stores/_archive/old-stores/global-user-store.svelte.ts(325,52): error TS1005: ')' expected.
sveltekit-frontend/src/lib/stores/_archive/old-stores/global-user-store.svelte.ts(365,28): error TS1005: ',' expected.
sveltekit-frontend/src/lib/stores/_archive/old-stores/global-user-store.svelte.ts(396,31): error TS1136: Property assignment expected.
sveltekit-frontend/src/lib/stores/_archive/old-stores/global-user-store.svelte.ts(473,9): error TS1005: ')' expected.
sveltekit-frontend/src/lib/stores/_archive/old-stores/gpu-metrics-runes.svelte.ts(156,58): error TS1109: Expression expected.
sveltekit-frontend/src/lib/stores/_archive/old-stores/gpu-metrics-runes.svelte.ts(157,59): error TS1109: Expression expected.
sveltekit-frontend/src/lib/stores/_archive/old-stores/gpu-metrics-runes.svelte.ts(158,57): error TS1109: Expression expected.
sveltekit-frontend/src/lib/stores/_archive/old-stores/gpu-metrics-runes.svelte.ts(159,60): error TS1109: Expression expected.
sveltekit-frontend/src/lib/stores/_archive/old-stores/gpu-metrics-runes.svelte.ts(160,60): error TS1109: Expression expected.
sveltekit-frontend/src/lib/stores/_archive/old-stores/gpu-metrics-runes.svelte.ts(161,68): error TS1109: Expression expected.
sveltekit-frontend/src/lib/stores/_archive/old-stores/gpu-metrics-runes.svelte.ts(162,98): error TS1109: Expression expected.
sveltekit-frontend/src/lib/stores/_archive/old-stores/gpu-metrics-runes.svelte.ts(163,72): error TS1109: Expression expected.
sveltekit-frontend/src/lib/stores/_archive/old-stores/keyboardShortcuts.ts(11,1): error TS1128: Declaration or statement expected.
sveltekit-frontend/src/lib/stores/_archive/old-stores/keyboardShortcuts.ts(27,17): error TS1005: ',' expected.
sveltekit-frontend/src/lib/stores/_archive/old-stores/keyboardShortcuts.ts(56,30): error TS1109: Expression expected.
sveltekit-frontend/src/lib/stores/_archive/old-stores/keyboardShortcuts.ts(67,9): error TS1128: Declaration or statement expected.
sveltekit-frontend/src/lib/stores/_archive/old-stores/keyboardShortcuts.ts(67,30): error TS1136: Property assignment expected.
sveltekit-frontend/src/lib/stores/_archive/old-stores/keyboardShortcuts.ts(71,23): error TS1005: ',' expected.
sveltekit-frontend/src/lib/stores/_archive/old-stores/keyboardShortcuts.ts(75,11): error TS1005: ')' expected.
sveltekit-frontend/src/lib/stores/_archive/old-stores/keyboardShortcuts.ts(87,14): error TS1011: An element access expression should take an argument.
sveltekit-frontend/src/lib/stores/_archive/old-stores/keyboardShortcuts.ts(88,3): error TS1109: Expression expected.
sveltekit-frontend/src/lib/stores/_archive/old-stores/legal-case.store.svelte.ts(65,20): error TS1005: ',' expected.
sveltekit-frontend/src/lib/stores/_archive/old-stores/legal-case.svelte.ts(13,19): error TS1005: ',' expected.
sveltekit-frontend/src/lib/stores/_archive/old-stores/legal-case.svelte.ts(67,31): error TS1136: Property assignment expected.
sveltekit-frontend/src/lib/stores/_archive/old-stores/legal-citations.ts(300,24): error TS1005: ',' expected.
sveltekit-frontend/src/lib/stores/_archive/old-stores/legal-citations.ts(358,31): error TS1136: Property assignment expected.
sveltekit-frontend/src/lib/stores/_archive/old-stores/legal-citations.ts(387,31): error TS1136: Property assignment expected.
sveltekit-frontend/src/lib/stores/_archive/old-stores/legal-citations.ts(614,24): error TS1005: ',' expected.
sveltekit-frontend/src/lib/stores/_archive/old-stores/legal-reports.ts(407,5): error TS1005: ',' expected.
sveltekit-frontend/src/lib/stores/_archive/old-stores/legal-reports.ts(490,31): error TS1136: Property assignment expected.
sveltekit-frontend/src/lib/stores/_archive/old-stores/legal-reports.ts(829,27): error TS1005: ',' expected.
sveltekit-frontend/src/lib/stores/_archive/old-stores/legal-reports.ts(867,27): error TS1005: ',' expected.
sveltekit-frontend/src/lib/stores/_archive/old-stores/multiStepFormMachine.ts(107,31): error TS1136: Property assignment expected.
sveltekit-frontend/src/lib/stores/_archive/old-stores/multiStepFormMachine.ts(114,31): error TS1136: Property assignment expected.
sveltekit-frontend/src/lib/stores/_archive/old-stores/multiStepFormMachine.ts(122,31): error TS1136: Property assignment expected.
sveltekit-frontend/src/lib/stores/_archive/old-stores/multiStepFormMachine.ts(127,31): error TS1136: Property assignment expected.
sveltekit-frontend/src/lib/stores/_archive/old-stores/multiStepFormMachine.ts(128,20): error TS1005: ',' expected.
sveltekit-frontend/src/lib/stores/_archive/old-stores/multiStepFormMachine.ts(133,35): error TS1136: Property assignment expected.
sveltekit-frontend/src/lib/stores/_archive/old-stores/multiStepFormMachine.ts(139,35): error TS1136: Property assignment expected.
sveltekit-frontend/src/lib/stores/_archive/old-stores/multiStepFormMachine.ts(145,35): error TS1136: Property assignment expected.
sveltekit-frontend/src/lib/stores/_archive/old-stores/multiStepFormMachine.ts(151,35): error TS1136: Property assignment expected.
sveltekit-frontend/src/lib/stores/_archive/old-stores/multiStepFormMachine.ts(156,35): error TS1136: Property assignment expected.
sveltekit-frontend/src/lib/stores/_archive/old-stores/multiStepFormMachine.ts(159,20): error TS1005: ',' expected.
sveltekit-frontend/src/lib/stores/_archive/old-stores/multiStepFormMachine.ts(164,35): error TS1136: Property assignment expected.
sveltekit-frontend/src/lib/stores/_archive/old-stores/multiStepFormMachine.ts(172,35): error TS1136: Property assignment expected.
sveltekit-frontend/src/lib/stores/_archive/old-stores/multiStepFormMachine.ts(177,35): error TS1136: Property assignment expected.
sveltekit-frontend/src/lib/stores/_archive/old-stores/multiStepFormMachine.ts(181,35): error TS1136: Property assignment expected.
sveltekit-frontend/src/lib/stores/_archive/old-stores/multiStepFormMachine.ts(188,35): error TS1136: Property assignment expected.
sveltekit-frontend/src/lib/stores/_archive/old-stores/multiStepFormMachine.ts(195,35): error TS1136: Property assignment expected.
sveltekit-frontend/src/lib/stores/_archive/old-stores/multiStepFormMachine.ts(197,16): error TS1005: ',' expected.
sveltekit-frontend/src/lib/stores/_archive/old-stores/multiStepFormMachine.ts(209,13): error TS1129: Statement expected.
sveltekit-frontend/src/lib/stores/_archive/old-stores/multiStepFormMachine.ts(217,9): error TS1128: Declaration or statement expected.
sveltekit-frontend/src/lib/stores/_archive/old-stores/multiStepFormMachine.ts(217,25): error TS1109: Expression expected.
sveltekit-frontend/src/lib/stores/_archive/old-stores/multiStepFormMachine.ts(220,13): error TS1128: Declaration or statement expected.
sveltekit-frontend/src/lib/stores/_archive/old-stores/multiStepFormMachine.ts(228,9): error TS1128: Declaration or statement expected.
sveltekit-frontend/src/lib/stores/_archive/old-stores/multiStepFormMachine.ts(228,25): error TS1109: Expression expected.
sveltekit-frontend/src/lib/stores/_archive/old-stores/multiStepFormMachine.ts(233,13): error TS1128: Declaration or statement expected.
sveltekit-frontend/src/lib/stores/_archive/old-stores/multiStepFormMachine.ts(241,9): error TS1005: 'export' expected.
sveltekit-frontend/src/lib/stores/_archive/old-stores/multiStepFormMachine.ts(241,16): error TS1128: Declaration or statement expected.
sveltekit-frontend/src/lib/stores/_archive/old-stores/multiStepFormMachine.ts(243,7): error TS1128: Declaration or statement expected.
sveltekit-frontend/src/lib/stores/_archive/old-stores/multiStepFormMachine.ts(244,5): error TS1128: Declaration or statement expected.
sveltekit-frontend/src/lib/stores/_archive/old-stores/multiStepFormMachine.ts(244,7): error TS1005: 'try' expected.
sveltekit-frontend/src/lib/stores/_archive/old-stores/multiStepFormMachine.ts(248,3): error TS1128: Declaration or statement expected.
sveltekit-frontend/src/lib/stores/_archive/old-stores/multiStepFormMachine.ts(248,4): error TS1128: Declaration or statement expected.
sveltekit-frontend/src/lib/stores/_archive/old-stores/multiStepFormMachine.ts(249,1): error TS1128: Declaration or statement expected.
sveltekit-frontend/src/lib/stores/_archive/old-stores/multiStepFormMachine.ts(271,31): error TS1136: Property assignment expected.
sveltekit-frontend/src/lib/stores/_archive/old-stores/multiStepFormMachine.ts(275,27): error TS1005: ',' expected.
sveltekit-frontend/src/lib/stores/_archive/old-stores/multiStepFormMachine.ts(294,21): error TS1109: Expression expected.
sveltekit-frontend/src/lib/stores/_archive/old-stores/multiStepFormMachine.ts(294,30): error TS1005: ',' expected.
sveltekit-frontend/src/lib/stores/_archive/old-stores/multiStepFormMachine.ts(294,31): error TS1136: Property assignment expected.
sveltekit-frontend/src/lib/stores/_archive/old-stores/multiStepFormMachine.ts(306,20): error TS1109: Expression expected.
sveltekit-frontend/src/lib/stores/_archive/old-stores/multiStepFormMachine.ts(306,29): error TS1005: ',' expected.
sveltekit-frontend/src/lib/stores/_archive/old-stores/multiStepFormMachine.ts(306,30): error TS1136: Property assignment expected.
sveltekit-frontend/src/lib/stores/_archive/old-stores/multiStepFormMachine.ts(327,22): error TS1109: Expression expected.
sveltekit-frontend/src/lib/stores/_archive/old-stores/multiStepFormMachine.ts(327,31): error TS1005: ',' expected.
sveltekit-frontend/src/lib/stores/_archive/old-stores/multiStepFormMachine.ts(327,32): error TS1136: Property assignment expected.
sveltekit-frontend/src/lib/stores/_archive/old-stores/multiStepFormMachine.ts(328,22): error TS1109: Expression expected.
sveltekit-frontend/src/lib/stores/_archive/old-stores/multiStepFormMachine.ts(328,31): error TS1005: ',' expected.
sveltekit-frontend/src/lib/stores/_archive/old-stores/multiStepFormMachine.ts(328,32): error TS1136: Property assignment expected.
sveltekit-frontend/src/lib/stores/_archive/old-stores/multiStepFormMachine.ts(329,20): error TS1109: Expression expected.
sveltekit-frontend/src/lib/stores/_archive/old-stores/multiStepFormMachine.ts(329,29): error TS1005: ',' expected.
sveltekit-frontend/src/lib/stores/_archive/old-stores/multiStepFormMachine.ts(329,30): error TS1136: Property assignment expected.
sveltekit-frontend/src/lib/stores/_archive/old-stores/multiStepFormMachine.ts(347,28): error TS1109: Expression expected.
sveltekit-frontend/src/lib/stores/_archive/old-stores/multiStepFormMachine.ts(347,37): error TS1005: ',' expected.
sveltekit-frontend/src/lib/stores/_archive/old-stores/multiStepFormMachine.ts(347,38): error TS1136: Property assignment expected.
sveltekit-frontend/src/lib/stores/_archive/old-stores/multiStepFormMachine.ts(353,28): error TS1109: Expression expected.
sveltekit-frontend/src/lib/stores/_archive/old-stores/multiStepFormMachine.ts(353,37): error TS1005: ',' expected.
sveltekit-frontend/src/lib/stores/_archive/old-stores/multiStepFormMachine.ts(353,38): error TS1136: Property assignment expected.
sveltekit-frontend/src/lib/stores/_archive/old-stores/multiStepFormMachine.ts(380,30): error TS1109: Expression expected.
sveltekit-frontend/src/lib/stores/_archive/old-stores/multiStepFormMachine.ts(380,39): error TS1005: ',' expected.
sveltekit-frontend/src/lib/stores/_archive/old-stores/multiStepFormMachine.ts(380,40): error TS1136: Property assignment expected.
sveltekit-frontend/src/lib/stores/_archive/old-stores/multiStepFormMachine.ts(381,30): error TS1109: Expression expected.
sveltekit-frontend/src/lib/stores/_archive/old-stores/multiStepFormMachine.ts(381,39): error TS1005: ',' expected.
sveltekit-frontend/src/lib/stores/_archive/old-stores/multiStepFormMachine.ts(381,40): error TS1136: Property assignment expected.
sveltekit-frontend/src/lib/stores/_archive/old-stores/multiStepFormMachine.ts(382,28): error TS1109: Expression expected.
sveltekit-frontend/src/lib/stores/_archive/old-stores/multiStepFormMachine.ts(382,37): error TS1005: ',' expected.
sveltekit-frontend/src/lib/stores/_archive/old-stores/multiStepFormMachine.ts(382,38): error TS1136: Property assignment expected.
sveltekit-frontend/src/lib/stores/_archive/old-stores/multiStepFormMachine.ts(392,30): error TS1109: Expression expected.
sveltekit-frontend/src/lib/stores/_archive/old-stores/multiStepFormMachine.ts(392,39): error TS1005: ',' expected.
sveltekit-frontend/src/lib/stores/_archive/old-stores/multiStepFormMachine.ts(392,40): error TS1136: Property assignment expected.
sveltekit-frontend/src/lib/stores/_archive/old-stores/multiStepFormMachine.ts(393,30): error TS1109: Expression expected.
sveltekit-frontend/src/lib/stores/_archive/old-stores/multiStepFormMachine.ts(393,39): error TS1005: ',' expected.
sveltekit-frontend/src/lib/stores/_archive/old-stores/multiStepFormMachine.ts(393,40): error TS1136: Property assignment expected.
sveltekit-frontend/src/lib/stores/_archive/old-stores/multiStepFormMachine.ts(394,28): error TS1109: Expression expected.
sveltekit-frontend/src/lib/stores/_archive/old-stores/multiStepFormMachine.ts(394,37): error TS1005: ',' expected.
sveltekit-frontend/src/lib/stores/_archive/old-stores/multiStepFormMachine.ts(394,38): error TS1136: Property assignment expected.
sveltekit-frontend/src/lib/stores/_archive/old-stores/multiStepFormMachine.ts(404,24): error TS1109: Expression expected.
sveltekit-frontend/src/lib/stores/_archive/old-stores/multiStepFormMachine.ts(404,33): error TS1005: ',' expected.
sveltekit-frontend/src/lib/stores/_archive/old-stores/multiStepFormMachine.ts(404,34): error TS1136: Property assignment expected.
sveltekit-frontend/src/lib/stores/_archive/old-stores/multiStepFormMachine.ts(453,30): error TS1109: Expression expected.
sveltekit-frontend/src/lib/stores/_archive/old-stores/multiStepFormMachine.ts(453,39): error TS1005: ',' expected.
sveltekit-frontend/src/lib/stores/_archive/old-stores/multiStepFormMachine.ts(453,40): error TS1005: ',' expected.
sveltekit-frontend/src/lib/stores/_archive/old-stores/multiStepFormMachine.ts(454,28): error TS1109: Expression expected.
sveltekit-frontend/src/lib/stores/_archive/old-stores/multiStepFormMachine.ts(454,37): error TS1005: ',' expected.
sveltekit-frontend/src/lib/stores/_archive/old-stores/multiStepFormMachine.ts(454,38): error TS1136: Property assignment expected.
sveltekit-frontend/src/lib/stores/_archive/old-stores/multiStepFormMachine.ts(455,12): error TS1005: ',' expected.
sveltekit-frontend/src/lib/stores/_archive/old-stores/multiStepFormMachine.ts(456,9): error TS1128: Declaration or statement expected.
sveltekit-frontend/src/lib/stores/_archive/old-stores/multiStepFormMachine.ts(456,10): error TS1128: Declaration or statement expected.
sveltekit-frontend/src/lib/stores/_archive/old-stores/multiStepFormMachine.ts(459,19): error TS1109: Expression expected.
sveltekit-frontend/src/lib/stores/_archive/old-stores/multiStepFormMachine.ts(475,54): error TS1109: Expression expected.
sveltekit-frontend/src/lib/stores/_archive/old-stores/multiStepFormMachine.ts(475,63): error TS1005: ',' expected.
sveltekit-frontend/src/lib/stores/_archive/old-stores/multiStepFormMachine.ts(475,64): error TS1136: Property assignment expected.
sveltekit-frontend/src/lib/stores/_archive/old-stores/multiStepFormMachine.ts(495,7): error TS1128: Declaration or statement expected.
sveltekit-frontend/src/lib/stores/_archive/old-stores/multiStepFormMachine.ts(496,5): error TS1128: Declaration or statement expected.
sveltekit-frontend/src/lib/stores/_archive/old-stores/multiStepFormMachine.ts(496,6): error TS1128: Declaration or statement expected.
sveltekit-frontend/src/lib/stores/_archive/old-stores/multiStepFormMachine.ts(501,14): error TS1109: Expression expected.
sveltekit-frontend/src/lib/stores/_archive/old-stores/multiStepFormMachine.ts(503,15): error TS1109: Expression expected.
sveltekit-frontend/src/lib/stores/_archive/old-stores/multiStepFormMachine.ts(511,16): error TS1109: Expression expected.
sveltekit-frontend/src/lib/stores/_archive/old-stores/multiStepFormMachine.ts(513,19): error TS1109: Expression expected.
sveltekit-frontend/src/lib/stores/_archive/old-stores/multiStepFormMachine.ts(516,10): error TS1128: Declaration or statement expected.
sveltekit-frontend/src/lib/stores/_archive/old-stores/multiStepFormMachine.ts(519,19): error TS1109: Expression expected.
sveltekit-frontend/src/lib/stores/_archive/old-stores/multiStepFormMachine.ts(528,6): error TS1128: Declaration or statement expected.
sveltekit-frontend/src/lib/stores/_archive/old-stores/multiStepFormMachine.ts(532,15): error TS1109: Expression expected.
sveltekit-frontend/src/lib/stores/_archive/old-stores/multiStepFormMachine.ts(540,16): error TS1109: Expression expected.
sveltekit-frontend/src/lib/stores/_archive/old-stores/multiStepFormMachine.ts(542,19): error TS1109: Expression expected.
sveltekit-frontend/src/lib/stores/_archive/old-stores/multiStepFormMachine.ts(549,10): error TS1128: Declaration or statement expected.
sveltekit-frontend/src/lib/stores/_archive/old-stores/multiStepFormMachine.ts(552,19): error TS1109: Expression expected.
sveltekit-frontend/src/lib/stores/_archive/old-stores/multiStepFormMachine.ts(561,6): error TS1128: Declaration or statement expected.
sveltekit-frontend/src/lib/stores/_archive/old-stores/multiStepFormMachine.ts(566,19): error TS1109: Expression expected.
sveltekit-frontend/src/lib/stores/_archive/old-stores/multiStepFormMachine.ts(568,30): error TS1109: Expression expected.
sveltekit-frontend/src/lib/stores/_archive/old-stores/multiStepFormMachine.ts(568,39): error TS1005: ',' expected.
sveltekit-frontend/src/lib/stores/_archive/old-stores/multiStepFormMachine.ts(568,40): error TS1136: Property assignment expected.
sveltekit-frontend/src/lib/stores/_archive/old-stores/multiStepFormMachine.ts(569,30): error TS1109: Expression expected.
sveltekit-frontend/src/lib/stores/_archive/old-stores/multiStepFormMachine.ts(569,39): error TS1005: ',' expected.
sveltekit-frontend/src/lib/stores/_archive/old-stores/multiStepFormMachine.ts(569,40): error TS1136: Property assignment expected.
sveltekit-frontend/src/lib/stores/_archive/old-stores/multiStepFormMachine.ts(570,28): error TS1109: Expression expected.
sveltekit-frontend/src/lib/stores/_archive/old-stores/multiStepFormMachine.ts(570,37): error TS1005: ',' expected.
sveltekit-frontend/src/lib/stores/_archive/old-stores/multiStepFormMachine.ts(570,38): error TS1136: Property assignment expected.
sveltekit-frontend/src/lib/stores/_archive/old-stores/multiStepFormMachine.ts(576,6): error TS1128: Declaration or statement expected.
sveltekit-frontend/src/lib/stores/_archive/old-stores/multiStepFormMachine.ts(581,10): error TS1128: Declaration or statement expected.
sveltekit-frontend/src/lib/stores/_archive/old-stores/multiStepFormMachine.ts(584,19): error TS1109: Expression expected.
sveltekit-frontend/src/lib/stores/_archive/old-stores/multiStepFormMachine.ts(586,30): error TS1109: Expression expected.
sveltekit-frontend/src/lib/stores/_archive/old-stores/multiStepFormMachine.ts(586,39): error TS1005: ',' expected.
sveltekit-frontend/src/lib/stores/_archive/old-stores/multiStepFormMachine.ts(586,40): error TS1136: Property assignment expected.
sveltekit-frontend/src/lib/stores/_archive/old-stores/multiStepFormMachine.ts(587,30): error TS1109: Expression expected.
sveltekit-frontend/src/lib/stores/_archive/old-stores/multiStepFormMachine.ts(587,39): error TS1005: ',' expected.
sveltekit-frontend/src/lib/stores/_archive/old-stores/multiStepFormMachine.ts(587,40): error TS1136: Property assignment expected.
sveltekit-frontend/src/lib/stores/_archive/old-stores/multiStepFormMachine.ts(588,28): error TS1109: Expression expected.
sveltekit-frontend/src/lib/stores/_archive/old-stores/multiStepFormMachine.ts(588,37): error TS1005: ',' expected.
sveltekit-frontend/src/lib/stores/_archive/old-stores/multiStepFormMachine.ts(588,38): error TS1136: Property assignment expected.
sveltekit-frontend/src/lib/stores/_archive/old-stores/multiStepFormMachine.ts(596,3): error TS1128: Declaration or statement expected.
sveltekit-frontend/src/lib/stores/_archive/old-stores/multiStepFormMachine.ts(597,1): error TS1128: Declaration or statement expected.
sveltekit-frontend/src/lib/stores/_archive/old-stores/multiStepFormMachine.ts(597,2): error TS1128: Declaration or statement expected.
sveltekit-frontend/src/lib/stores/_archive/old-stores/multiStepFormMachine.ts(601,54): error TS1005: ',' expected.
sveltekit-frontend/src/lib/stores/_archive/old-stores/pipeline.ts(16,34): error TS1109: Expression expected.
sveltekit-frontend/src/lib/stores/_archive/old-stores/pipeline.ts(30,53): error TS1109: Expression expected.
sveltekit-frontend/src/lib/stores/_archive/old-stores/pipeline.ts(34,71): error TS1109: Expression expected.
sveltekit-frontend/src/lib/stores/_archive/old-stores/pipeline.ts(38,86): error TS1005: ')' expected.
sveltekit-frontend/src/lib/stores/_archive/old-stores/pipelineMachine.ts(33,7): error TS1005: ')' expected.
sveltekit-frontend/src/lib/stores/_archive/old-stores/pipelineMachine.ts(43,11): error TS1005: ',' expected.
sveltekit-frontend/src/lib/stores/_archive/old-stores/pipelineMachine.ts(43,20): error TS1005: ',' expected.
sveltekit-frontend/src/lib/stores/_archive/old-stores/pipelineMachine.ts(43,23): error TS1109: Expression expected.
sveltekit-frontend/src/lib/stores/_archive/old-stores/pipelineMachine.ts(43,25): error TS1003: Identifier expected.
sveltekit-frontend/src/lib/stores/_archive/old-stores/pipelineMachine.ts(43,26): error TS1138: Parameter declaration expected.
sveltekit-frontend/src/lib/stores/_archive/old-stores/pipelineMachine.ts(43,28): error TS1005: ',' expected.
sveltekit-frontend/src/lib/stores/_archive/old-stores/pipelineMachine.ts(43,39): error TS1005: ',' expected.
sveltekit-frontend/src/lib/stores/_archive/old-stores/pipelineMachine.ts(43,49): error TS1005: ',' expected.
sveltekit-frontend/src/lib/stores/_archive/old-stores/pipelineMachine.ts(43,52): error TS1005: ',' expected.
sveltekit-frontend/src/lib/stores/_archive/old-stores/pipelineMachine.ts(43,54): error TS1005: ',' expected.
sveltekit-frontend/src/lib/stores/_archive/old-stores/pipelineMachine.ts(43,56): error TS1005: ';' expected.
sveltekit-frontend/src/lib/stores/_archive/old-stores/pipelineMachine.ts(49,15): error TS1005: ',' expected.
sveltekit-frontend/src/lib/stores/_archive/old-stores/pipelineMachine.ts(50,22): error TS1138: Parameter declaration expected.
sveltekit-frontend/src/lib/stores/_archive/old-stores/pipelineMachine.ts(50,26): error TS1005: ',' expected.
sveltekit-frontend/src/lib/stores/_archive/old-stores/pipelineMachine.ts(50,28): error TS1005: ',' expected.
sveltekit-frontend/src/lib/stores/_archive/old-stores/pipelineMachine.ts(51,21): error TS1005: ':' expected.
sveltekit-frontend/src/lib/stores/_archive/old-stores/pipelineMachine.ts(51,45): error TS1005: ',' expected.
sveltekit-frontend/src/lib/stores/_archive/old-stores/pipelineMachine.ts(54,15): error TS1128: Declaration or statement expected.
sveltekit-frontend/src/lib/stores/_archive/old-stores/pipelineMachine.ts(54,19): error TS1005: ':' expected.
sveltekit-frontend/src/lib/stores/_archive/old-stores/pipelineMachine.ts(54,21): error TS1136: Property assignment expected.
sveltekit-frontend/src/lib/stores/_archive/old-stores/pipelineMachine.ts(55,21): error TS1005: ':' expected.
sveltekit-frontend/src/lib/stores/_archive/old-stores/pipelineMachine.ts(55,44): error TS1005: ',' expected.
sveltekit-frontend/src/lib/stores/_archive/old-stores/pipelineMachine.ts(56,20): error TS1005: ':' expected.
sveltekit-frontend/src/lib/stores/_archive/old-stores/pipelineMachine.ts(56,26): error TS1005: ':' expected.
sveltekit-frontend/src/lib/stores/_archive/old-stores/pipelineMachine.ts(56,54): error TS1005: ',' expected.
sveltekit-frontend/src/lib/stores/_archive/old-stores/pipelineMachine.ts(58,11): error TS1005: ',' expected.
sveltekit-frontend/src/lib/stores/_archive/old-stores/pipelineMachine.ts(59,9): error TS1128: Declaration or statement expected.
sveltekit-frontend/src/lib/stores/_archive/old-stores/pipelineMachine.ts(60,7): error TS1128: Declaration or statement expected.
sveltekit-frontend/src/lib/stores/_archive/old-stores/pipelineMachine.ts(60,8): error TS1128: Declaration or statement expected.
sveltekit-frontend/src/lib/stores/_archive/old-stores/pipelineMachine.ts(67,10): error TS1128: Declaration or statement expected.
sveltekit-frontend/src/lib/stores/_archive/old-stores/pipelineMachine.ts(68,42): error TS1005: ';' expected.
sveltekit-frontend/src/lib/stores/_archive/old-stores/pipelineMachine.ts(69,8): error TS1128: Declaration or statement expected.
sveltekit-frontend/src/lib/stores/_archive/old-stores/pipelineMachine.ts(73,5): error TS1128: Declaration or statement expected.
sveltekit-frontend/src/lib/stores/_archive/old-stores/pipelineMachine.ts(73,6): error TS1128: Declaration or statement expected.
sveltekit-frontend/src/lib/stores/_archive/old-stores/pipelineMachine.ts(74,28): error TS1128: Declaration or statement expected.
sveltekit-frontend/src/lib/stores/_archive/old-stores/pipelineMachine.ts(76,3): error TS1128: Declaration or statement expected.
sveltekit-frontend/src/lib/stores/_archive/old-stores/pipelineMachine.ts(77,1): error TS1128: Declaration or statement expected.
sveltekit-frontend/src/lib/stores/_archive/old-stores/pipelineMachine.ts(77,2): error TS1128: Declaration or statement expected.
sveltekit-frontend/src/lib/stores/_archive/old-stores/realtime.ts(21,57): error TS1005: '>' expected.
sveltekit-frontend/src/lib/stores/_archive/old-stores/realtime.ts(125,32): error TS1137: Expression or comma expected.
sveltekit-frontend/src/lib/stores/_archive/old-stores/realtime.ts(128,16): error TS1109: Expression expected.
sveltekit-frontend/src/lib/stores/_archive/old-stores/realtime.ts(129,14): error TS1109: Expression expected.
sveltekit-frontend/src/lib/stores/_archive/old-stores/realtime.ts(130,9): error TS1109: Expression expected.
sveltekit-frontend/src/lib/stores/_archive/old-stores/realtime.ts(131,6): error TS1128: Declaration or statement expected.
sveltekit-frontend/src/lib/stores/_archive/old-stores/realtime.ts(132,5): error TS1128: Declaration or statement expected.
sveltekit-frontend/src/lib/stores/_archive/old-stores/realtime.ts(133,4): error TS1128: Declaration or statement expected.
sveltekit-frontend/src/lib/stores/_archive/old-stores/realtime.ts(133,5): error TS1128: Declaration or statement expected.
sveltekit-frontend/src/lib/stores/_archive/old-stores/realtime.ts(157,2): error TS1005: ')' expected.
sveltekit-frontend/src/lib/stores/_archive/old-stores/realtime.ts(163,26): error TS1005: ',' expected.
sveltekit-frontend/src/lib/stores/_archive/old-stores/tables.ts(2,1): error TS1128: Declaration or statement expected.
sveltekit-frontend/src/lib/stores/_archive/old-stores/tables.ts(25,53): error TS1005: '>' expected.
sveltekit-frontend/src/lib/stores/_archive/old-stores/tables.ts(110,7): error TS1005: ')' expected.
sveltekit-frontend/src/lib/stores/_archive/old-stores/tables.ts(136,7): error TS1005: ')' expected.
sveltekit-frontend/src/lib/stores/_archive/old-stores/tables.ts(252,5): error TS1005: ')' expected.
sveltekit-frontend/src/lib/stores/_archive/old-stores/tables.ts(312,67): error TS1109: Expression expected.
sveltekit-frontend/src/lib/stores/_archive/old-stores/tables.ts(320,3): error TS1128: Declaration or statement expected.
sveltekit-frontend/src/lib/stores/_archive/old-stores/types.ts(5,1): error TS1128: Declaration or statement expected.
sveltekit-frontend/src/lib/stores/_archive/old-stores/ui.ts(6,1): error TS1128: Declaration or statement expected.
sveltekit-frontend/src/lib/stores/_archive/old-stores/ui.ts(30,56): error TS1005: ')' expected.
sveltekit-frontend/src/lib/stores/_archive/old-stores/ui.ts(103,71): error TS1005: ')' expected.
sveltekit-frontend/src/lib/stores/_archive/old-stores/ui.ts(109,67): error TS1005: ')' expected.
sveltekit-frontend/src/lib/stores/_archive/old-stores/ui.ts(113,61): error TS1005: ')' expected.
sveltekit-frontend/src/lib/stores/_archive/old-stores/ui.ts(116,62): error TS1005: ')' expected.
sveltekit-frontend/src/lib/stores/_archive/old-stores/ui.ts(120,63): error TS1005: ')' expected.
sveltekit-frontend/src/lib/stores/_archive/old-stores/ui.ts(124,68): error TS1005: ')' expected.
sveltekit-frontend/src/lib/stores/_archive/old-stores/ui.ts(131,7): error TS1005: ')' expected.
sveltekit-frontend/src/lib/stores/_archive/old-stores/userActivityStore.ts(76,21): error TS1005: ',' expected.
sveltekit-frontend/src/lib/stores/_archive/old-stores/userActivityStore.ts(110,61): error TS1005: ')' expected.
sveltekit-frontend/src/lib/stores/_archive/old-stores/userActivityStore.ts(142,7): error TS1005: ')' expected.
sveltekit-frontend/src/lib/stores/_archive/old-stores/userActivityStore.ts(176,24): error TS1005: ',' expected.
sveltekit-frontend/src/lib/stores/_archive/old-stores/userActivityStore.ts(180,53): error TS1005: ')' expected.
sveltekit-frontend/src/lib/stores/_archive/old-stores/xstate-service-adapter.svelte.ts(17,41): error TS1005: '>' expected.
sveltekit-frontend/src/lib/stores/_archive/old-stores/xstate-service-adapter.svelte.ts(126,27): error TS1005: ',' expected.
sveltekit-frontend/src/lib/stores/_archive/old-stores/xstate-service-adapter.svelte.ts(171,5): error TS1005: ',' expected.
sveltekit-frontend/src/lib/stores/machines/aiProcessingMachine.ts(212,33): error TS1136: Property assignment expected.
sveltekit-frontend/src/lib/stores/machines/aiProcessingMachine.ts(223,33): error TS1136: Property assignment expected.
sveltekit-frontend/src/lib/stores/machines/aiProcessingMachine.ts(236,33): error TS1136: Property assignment expected.
sveltekit-frontend/src/lib/stores/machines/aiProcessingMachine.ts(238,13): error TS1005: ',' expected.
sveltekit-frontend/src/lib/stores/machines/aiProcessingMachine.ts(255,20): error TS1005: ',' expected.
sveltekit-frontend/src/lib/stores/machines/aiProcessingMachine.ts(287,33): error TS1136: Property assignment expected.
sveltekit-frontend/src/lib/stores/machines/aiProcessingMachine.ts(289,13): error TS1005: ',' expected.
sveltekit-frontend/src/lib/stores/machines/aiProcessingMachine.ts(297,33): error TS1136: Property assignment expected.
sveltekit-frontend/src/lib/stores/machines/aiProcessingMachine.ts(299,13): error TS1005: ',' expected.
sveltekit-frontend/src/lib/stores/machines/aiProcessingMachine.ts(300,26): error TS1005: ',' expected.
sveltekit-frontend/src/lib/stores/machines/aiProcessingMachine.ts(315,20): error TS1005: ',' expected.
sveltekit-frontend/src/lib/stores/machines/aiProcessingMachine.ts(328,19): error TS1005: ',' expected.
sveltekit-frontend/src/lib/stores/machines/aiProcessingMachine.ts(337,64): error TS1005: ')' expected.
sveltekit-frontend/src/lib/stores/machines/aiProcessingMachine.ts(370,7): error TS1005: ',' expected.
sveltekit-frontend/src/lib/stores/machines/aiProcessingMachine.ts(371,5): error TS1128: Declaration or statement expected.
sveltekit-frontend/src/lib/stores/machines/aiProcessingMachine.ts(371,6): error TS1128: Declaration or statement expected.
sveltekit-frontend/src/lib/stores/machines/aiProcessingMachine.ts(378,3): error TS1109: Expression expected.
sveltekit-frontend/src/lib/stores/machines/aiProcessingMachine.ts(379,8): error TS1128: Declaration or statement expected.
sveltekit-frontend/src/lib/stores/machines/aiProcessingMachine.ts(380,44): error TS1109: Expression expected.
sveltekit-frontend/src/lib/stores/machines/aiProcessingMachine.ts(381,5): error TS1128: Declaration or statement expected.
sveltekit-frontend/src/lib/stores/machines/aiProcessingMachine.ts(381,6): error TS1128: Declaration or statement expected.
sveltekit-frontend/src/lib/stores/machines/aiProcessingMachine.ts(388,3): error TS1109: Expression expected.
sveltekit-frontend/src/lib/stores/machines/aiProcessingMachine.ts(389,8): error TS1128: Declaration or statement expected.
sveltekit-frontend/src/lib/stores/machines/aiProcessingMachine.ts(391,5): error TS1128: Declaration or statement expected.
sveltekit-frontend/src/lib/stores/machines/aiProcessingMachine.ts(391,6): error TS1128: Declaration or statement expected.
sveltekit-frontend/src/lib/stores/machines/aiProcessingMachine.ts(400,5): error TS1128: Declaration or statement expected.
sveltekit-frontend/src/lib/stores/machines/aiProcessingMachine.ts(400,6): error TS1128: Declaration or statement expected.
sveltekit-frontend/src/lib/stores/machines/aiProcessingMachine.ts(410,5): error TS1128: Declaration or statement expected.
sveltekit-frontend/src/lib/stores/machines/aiProcessingMachine.ts(411,1): error TS1128: Declaration or statement expected.
sveltekit-frontend/src/lib/stores/machines/enhancedRagMachine.ts(4,1): error TS1128: Declaration or statement expected.
sveltekit-frontend/src/lib/stores/machines/enhancedRagMachine.ts(17,17): error TS1109: Expression expected.
sveltekit-frontend/src/lib/stores/machines/enhancedRagMachine.ts(17,26): error TS1005: ',' expected.
sveltekit-frontend/src/lib/stores/machines/enhancedRagMachine.ts(17,27): error TS1136: Property assignment expected.
sveltekit-frontend/src/lib/stores/machines/enhancedRagMachine.ts(36,9): error TS1005: ',' expected.
sveltekit-frontend/src/lib/stores/machines/enhancedRagMachine.ts(56,9): error TS1005: ',' expected.
sveltekit-frontend/src/lib/stores/machines/enhancedRagMachine.ts(84,17): error TS1005: ',' expected.
sveltekit-frontend/src/lib/stores/machines/goMicroserviceMachine.ts(45,44): error TS1005: ')' expected.
sveltekit-frontend/src/lib/stores/machines/goMicroserviceMachine.ts(51,44): error TS1136: Property assignment expected.
sveltekit-frontend/src/lib/stores/machines/goMicroserviceMachine.ts(55,9): error TS1005: ',' expected.
sveltekit-frontend/src/lib/stores/machines/goMicroserviceMachine.ts(59,9): error TS1005: ',' expected.
sveltekit-frontend/src/lib/stores/machines/goMicroserviceMachine.ts(92,61): error TS1005: ')' expected.
sveltekit-frontend/src/lib/stores/machines/goMicroserviceMachine.ts(104,13): error TS1005: ',' expected.
sveltekit-frontend/src/lib/stores/machines/goMicroserviceMachine.ts(108,13): error TS1005: ',' expected.
sveltekit-frontend/src/lib/stores/machines/goMicroserviceMachine.ts(119,48): error TS1005: ')' expected.
sveltekit-frontend/src/lib/stores/machines/goMicroserviceMachine.ts(127,48): error TS1136: Property assignment expected.
sveltekit-frontend/src/lib/stores/machines/goMicroserviceMachine.ts(130,13): error TS1005: ',' expected.
sveltekit-frontend/src/lib/stores/machines/goMicroserviceMachine.ts(134,13): error TS1005: ',' expected.
sveltekit-frontend/src/lib/stores/machines/goMicroserviceMachine.ts(196,23): error TS1136: Property assignment expected.
sveltekit-frontend/src/lib/stores/machines/goMicroserviceMachine.ts(198,39): error TS1005: ',' expected.
sveltekit-frontend/src/lib/stores/machines/goMicroserviceMachine.ts(205,54): error TS1136: Property assignment expected.
sveltekit-frontend/src/lib/stores/machines/userWorkflowMachine.ts(80,21): error TS1109: Expression expected.
sveltekit-frontend/src/lib/stores/machines/userWorkflowMachine.ts(80,30): error TS1005: ',' expected.
sveltekit-frontend/src/lib/stores/machines/userWorkflowMachine.ts(80,31): error TS1136: Property assignment expected.
sveltekit-frontend/src/lib/stores/machines/userWorkflowMachine.ts(81,20): error TS1109: Expression expected.
sveltekit-frontend/src/lib/stores/machines/userWorkflowMachine.ts(81,29): error TS1005: ',' expected.
sveltekit-frontend/src/lib/stores/machines/userWorkflowMachine.ts(81,30): error TS1136: Property assignment expected.
sveltekit-frontend/src/lib/stores/machines/userWorkflowMachine.ts(90,18): error TS1109: Expression expected.
sveltekit-frontend/src/lib/stores/machines/userWorkflowMachine.ts(90,27): error TS1005: ',' expected.
sveltekit-frontend/src/lib/stores/machines/userWorkflowMachine.ts(90,28): error TS1136: Property assignment expected.
sveltekit-frontend/src/lib/stores/machines/userWorkflowMachine.ts(313,30): error TS1109: Expression expected.
sveltekit-frontend/src/lib/stores/machines/userWorkflowMachine.ts(313,39): error TS1005: ',' expected.
sveltekit-frontend/src/lib/stores/machines/userWorkflowMachine.ts(313,40): error TS1136: Property assignment expected.
sveltekit-frontend/src/lib/stores/machines/userWorkflowMachine.ts(353,30): error TS1109: Expression expected.
sveltekit-frontend/src/lib/stores/machines/userWorkflowMachine.ts(353,39): error TS1005: ',' expected.
sveltekit-frontend/src/lib/stores/machines/userWorkflowMachine.ts(353,40): error TS1136: Property assignment expected.
sveltekit-frontend/src/lib/stores/machines/userWorkflowMachine.ts(413,26): error TS1109: Expression expected.
sveltekit-frontend/src/lib/stores/machines/userWorkflowMachine.ts(413,35): error TS1005: ',' expected.
sveltekit-frontend/src/lib/stores/machines/userWorkflowMachine.ts(413,36): error TS1136: Property assignment expected.
sveltekit-frontend/src/lib/systems/contextual-engineering-machine.ts(9,1): error TS1128: Declaration or statement expected.
sveltekit-frontend/src/lib/systems/contextual-engineering-machine.ts(221,25): error TS1109: Expression expected.
sveltekit-frontend/src/lib/systems/contextual-engineering-machine.ts(221,34): error TS1005: ',' expected.
sveltekit-frontend/src/lib/systems/contextual-engineering-machine.ts(221,35): error TS1136: Property assignment expected.
sveltekit-frontend/src/lib/systems/contextual-engineering-machine.ts(265,70): error TS1109: Expression expected.
sveltekit-frontend/src/lib/systems/contextual-engineering-machine.ts(266,60): error TS1005: ';' expected.
sveltekit-frontend/src/lib/systems/contextual-engineering-machine.ts(269,11): error TS1128: Declaration or statement expected.
sveltekit-frontend/src/lib/systems/contextual-engineering-machine.ts(299,25): error TS1109: Expression expected.
sveltekit-frontend/src/lib/systems/contextual-engineering-machine.ts(299,34): error TS1005: ',' expected.
sveltekit-frontend/src/lib/systems/contextual-engineering-machine.ts(299,35): error TS1136: Property assignment expected.
sveltekit-frontend/src/lib/systems/contextual-engineering-machine.ts(335,71): error TS1109: Expression expected.
sveltekit-frontend/src/lib/systems/contextual-engineering-machine.ts(336,64): error TS1005: ';' expected.
sveltekit-frontend/src/lib/systems/contextual-engineering-machine.ts(361,25): error TS1109: Expression expected.
sveltekit-frontend/src/lib/systems/contextual-engineering-machine.ts(361,34): error TS1005: ',' expected.
sveltekit-frontend/src/lib/systems/contextual-engineering-machine.ts(361,35): error TS1136: Property assignment expected.
sveltekit-frontend/src/lib/systems/contextual-engineering-machine.ts(415,25): error TS1109: Expression expected.
sveltekit-frontend/src/lib/systems/contextual-engineering-machine.ts(415,34): error TS1005: ',' expected.
sveltekit-frontend/src/lib/systems/contextual-engineering-machine.ts(415,35): error TS1136: Property assignment expected.
sveltekit-frontend/src/lib/systems/contextual-engineering-machine.ts(486,25): error TS1109: Expression expected.
sveltekit-frontend/src/lib/systems/contextual-engineering-machine.ts(486,34): error TS1005: ',' expected.
sveltekit-frontend/src/lib/systems/contextual-engineering-machine.ts(486,35): error TS1136: Property assignment expected.
sveltekit-frontend/src/lib/systems/contextual-engineering-machine.ts(549,25): error TS1109: Expression expected.
sveltekit-frontend/src/lib/systems/contextual-engineering-machine.ts(549,34): error TS1005: ',' expected.
sveltekit-frontend/src/lib/systems/contextual-engineering-machine.ts(549,35): error TS1136: Property assignment expected.
sveltekit-frontend/src/lib/systems/contextual-engineering-machine.ts(597,25): error TS1109: Expression expected.
sveltekit-frontend/src/lib/systems/contextual-engineering-machine.ts(597,34): error TS1005: ',' expected.
sveltekit-frontend/src/lib/systems/contextual-engineering-machine.ts(597,35): error TS1136: Property assignment expected.
sveltekit-frontend/src/lib/systems/contextual-engineering-machine.ts(611,60): error TS1005: ')' expected.
sveltekit-frontend/src/lib/systems/contextual-engineering-machine.ts(638,25): error TS1109: Expression expected.
sveltekit-frontend/src/lib/systems/contextual-engineering-machine.ts(638,34): error TS1005: ',' expected.
sveltekit-frontend/src/lib/systems/contextual-engineering-machine.ts(638,35): error TS1136: Property assignment expected.
sveltekit-frontend/src/lib/systems/contextual-engineering-machine.ts(744,25): error TS1109: Expression expected.
sveltekit-frontend/src/lib/systems/contextual-engineering-machine.ts(744,34): error TS1005: ',' expected.
sveltekit-frontend/src/lib/systems/contextual-engineering-machine.ts(744,35): error TS1136: Property assignment expected.
sveltekit-frontend/src/lib/systems/contextual-engineering-machine.ts(838,25): error TS1109: Expression expected.
sveltekit-frontend/src/lib/systems/contextual-engineering-machine.ts(838,34): error TS1005: ',' expected.
sveltekit-frontend/src/lib/systems/contextual-engineering-machine.ts(838,35): error TS1136: Property assignment expected.
sveltekit-frontend/src/lib/systems/contextual-engineering-machine.ts(909,25): error TS1109: Expression expected.
sveltekit-frontend/src/lib/systems/contextual-engineering-machine.ts(909,34): error TS1005: ',' expected.
sveltekit-frontend/src/lib/systems/contextual-engineering-machine.ts(909,35): error TS1136: Property assignment expected.
sveltekit-frontend/src/lib/systems/contextual-engineering-machine.ts(973,25): error TS1109: Expression expected.
sveltekit-frontend/src/lib/systems/contextual-engineering-machine.ts(973,34): error TS1005: ',' expected.
sveltekit-frontend/src/lib/systems/contextual-engineering-machine.ts(973,35): error TS1136: Property assignment expected.
sveltekit-frontend/src/lib/systems/contextual-engineering-machine.ts(1070,5): error TS1128: Declaration or statement expected.
sveltekit-frontend/src/lib/systems/contextual-engineering-machine.ts(1122,85): error TS1005: ')' expected.
sveltekit-frontend/src/lib/systems/contextual-engineering-machine.ts(1161,47): error TS1005: ')' expected.
sveltekit-frontend/src/lib/systems/contextual-engineering-machine.ts(1175,43): error TS1005: ')' expected.
sveltekit-frontend/src/lib/systems/contextual-engineering-machine.ts(1179,70): error TS1005: ',' expected.
sveltekit-frontend/src/lib/systems/contextual-engineering-machine.ts(1179,71): error TS1134: Variable declaration expected.
sveltekit-frontend/src/lib/systems/contextual-engineering-machine.ts(1205,176): error TS1005: ')' expected.
sveltekit-frontend/src/lib/testing/bits-ui-integration-test.ts(5,1): error TS1128: Declaration or statement expected.
sveltekit-frontend/src/lib/tests/setup/integration-setup.ts(15,3): error TS1005: ')' expected.
sveltekit-frontend/src/lib/tests/setup/integration-setup.ts(27,3): error TS1005: ')' expected.
sveltekit-frontend/src/lib/tests/setup/integration-setup.ts(41,3): error TS1005: ')' expected.
sveltekit-frontend/src/lib/tests/setup/integration-setup.ts(52,21): error TS1005: ',' expected.
sveltekit-frontend/src/lib/tests/setup/integration-setup.ts(56,21): error TS1005: ',' expected.
sveltekit-frontend/src/lib/tests/setup/integration-setup.ts(88,3): error TS1005: ')' expected.
sveltekit-frontend/src/lib/tests/setup/integration-setup.ts(94,3): error TS1005: ')' expected.
sveltekit-frontend/src/lib/tests/setup/integration-setup.ts(125,43): error TS1136: Property assignment expected.
sveltekit-frontend/src/lib/tests/setup/integration-setup.ts(130,22): error TS1109: Expression expected.
sveltekit-frontend/src/lib/tests/setup/integration-setup.ts(130,31): error TS1005: ',' expected.
sveltekit-frontend/src/lib/tests/setup/integration-setup.ts(130,32): error TS1136: Property assignment expected.
sveltekit-frontend/src/lib/tests/setup/integration-setup.ts(132,3): error TS1005: ')' expected.
sveltekit-frontend/src/lib/tests/setup/integration-setup.ts(135,51): error TS1136: Property assignment expected.
sveltekit-frontend/src/lib/tests/setup/integration-setup.ts(147,40): error TS1136: Property assignment expected.
sveltekit-frontend/src/lib/tests/setup/integration-setup.ts(151,40): error TS1136: Property assignment expected.
sveltekit-frontend/src/lib/tests/setup/integration-setup.ts(164,3): error TS1005: ')' expected.
sveltekit-frontend/src/lib/tests/setup/integration-setup.ts(179,3): error TS1005: ')' expected.
sveltekit-frontend/src/lib/tests/setup/integration-setup.ts(191,3): error TS1005: ')' expected.
sveltekit-frontend/src/lib/tests/setup/integration-setup.ts(198,53): error TS1005: ',' expected.
sveltekit-frontend/src/lib/tests/setup/integration-setup.ts(199,7): error TS1005: ',' expected.
sveltekit-frontend/src/lib/tests/setup/integration-setup.ts(200,5): error TS1005: ',' expected.
sveltekit-frontend/src/lib/tests/setup/integration-setup.ts(201,3): error TS1128: Declaration or statement expected.
sveltekit-frontend/src/lib/tests/setup/integration-setup.ts(202,1): error TS1128: Declaration or statement expected.
sveltekit-frontend/src/lib/tests/setup/integration-setup.ts(202,2): error TS1128: Declaration or statement expected.
sveltekit-frontend/src/lib/tests/setup/integration-setup.ts(215,3): error TS1005: ',' expected.
sveltekit-frontend/src/lib/tests/setup/integration-setup.ts(216,3): error TS1005: ')' expected.
sveltekit-frontend/src/lib/tests/setup/integration-setup.ts(219,41): error TS1136: Property assignment expected.
sveltekit-frontend/src/lib/tests/setup/integration-setup.ts(223,46): error TS1137: Expression or comma expected.
sveltekit-frontend/src/lib/tests/setup/integration-setup.ts(224,7): error TS1005: ',' expected.
sveltekit-frontend/src/lib/tests/setup/integration-setup.ts(225,5): error TS1005: ',' expected.
sveltekit-frontend/src/lib/tests/setup/integration-setup.ts(227,1): error TS1005: ',' expected.
sveltekit-frontend/src/lib/tests/setup/integration-setup.ts(236,3): error TS1005: ')' expected.
sveltekit-frontend/src/lib/tests/setup/integration-setup.ts(244,3): error TS1005: ')' expected.
sveltekit-frontend/src/lib/tests/setup/integration-setup.ts(297,52): error TS1005: ')' expected.
sveltekit-frontend/src/lib/tests/setup/integration-setup.ts(316,46): error TS1005: ')' expected.
sveltekit-frontend/src/lib/tests/setup/integration-setup.ts(323,46): error TS1005: ')' expected.
sveltekit-frontend/src/lib/tests/setup/integration-setup.ts(330,46): error TS1005: ')' expected.
sveltekit-frontend/src/lib/tests/setup/integration-setup.ts(430,52): error TS1005: ')' expected.
sveltekit-frontend/src/lib/tests/setup/integration-setup.ts(451,38): error TS1136: Property assignment expected.
sveltekit-frontend/src/lib/tests/setup/integration-setup.ts(467,38): error TS1136: Property assignment expected.
sveltekit-frontend/src/lib/tests/setup/integration-setup.ts(468,18): error TS1137: Expression or comma expected.
sveltekit-frontend/src/lib/tests/setup/integration-setup.ts(469,13): error TS1005: ',' expected.
sveltekit-frontend/src/lib/tests/setup/integration-setup.ts(470,11): error TS1005: ',' expected.
sveltekit-frontend/src/lib/tests/setup/integration-setup.ts(470,12): error TS1135: Argument expression expected.
sveltekit-frontend/src/lib/tests/setup/integration-setup.ts(471,21): error TS1135: Argument expression expected.
sveltekit-frontend/src/lib/tests/setup/integration-setup.ts(472,9): error TS1005: ',' expected.
sveltekit-frontend/src/lib/tests/setup/integration-setup.ts(472,10): error TS1128: Declaration or statement expected.
sveltekit-frontend/src/lib/tests/setup/integration-setup.ts(474,5): error TS1128: Declaration or statement expected.
sveltekit-frontend/src/lib/tests/setup/integration-setup.ts(483,26): error TS1005: ',' expected.
sveltekit-frontend/src/lib/tests/setup/integration-setup.ts(484,15): error TS1003: Identifier expected.
sveltekit-frontend/src/lib/tests/setup/integration-setup.ts(498,38): error TS1136: Property assignment expected.
sveltekit-frontend/src/lib/tests/setup/integration-setup.ts(499,21): error TS1137: Expression or comma expected.
sveltekit-frontend/src/lib/tests/setup/integration-setup.ts(500,13): error TS1005: ',' expected.
sveltekit-frontend/src/lib/tests/setup/integration-setup.ts(501,11): error TS1005: ',' expected.
sveltekit-frontend/src/lib/tests/setup/integration-setup.ts(501,12): error TS1135: Argument expression expected.
sveltekit-frontend/src/lib/tests/setup/integration-setup.ts(502,17): error TS1135: Argument expression expected.
sveltekit-frontend/src/lib/tests/setup/integration-setup.ts(503,9): error TS1005: ',' expected.
sveltekit-frontend/src/lib/tests/setup/integration-setup.ts(503,10): error TS1128: Declaration or statement expected.
sveltekit-frontend/src/lib/tests/setup/integration-setup.ts(504,7): error TS1128: Declaration or statement expected.
sveltekit-frontend/src/lib/tests/setup/integration-setup.ts(504,8): error TS1128: Declaration or statement expected.
sveltekit-frontend/src/lib/tests/setup/integration-setup.ts(505,5): error TS1128: Declaration or statement expected.
sveltekit-frontend/src/lib/tests/setup/integration-setup.ts(511,38): error TS1136: Property assignment expected.
sveltekit-frontend/src/lib/tests/setup/integration-setup.ts(524,40): error TS1136: Property assignment expected.
sveltekit-frontend/src/lib/tests/setup/integration-setup.ts(534,38): error TS1136: Property assignment expected.
sveltekit-frontend/src/lib/tests/setup/integration-setup.ts(548,3): error TS1128: Declaration or statement expected.
sveltekit-frontend/src/lib/tests/setup/integration-setup.ts(548,4): error TS1128: Declaration or statement expected.
sveltekit-frontend/src/lib/tests/setup/integration-setup.ts(549,1): error TS1128: Declaration or statement expected.
sveltekit-frontend/src/lib/tests/setup/integration-setup.ts(549,2): error TS1128: Declaration or statement expected.
sveltekit-frontend/src/lib/text/enhanced-sentence-splitter.ts(10,1): error TS1128: Declaration or statement expected.
sveltekit-frontend/src/lib/text/enhanced-sentence-splitter.ts(41,5): error TS1128: Declaration or statement expected.
sveltekit-frontend/src/lib/text/enhanced-sentence-splitter.ts(48,29): error TS1005: ')' expected.
sveltekit-frontend/src/lib/text/enhanced-sentence-splitter.ts(50,29): error TS1005: ')' expected.
sveltekit-frontend/src/lib/text/enhanced-sentence-splitter.ts(54,25): error TS1005: ')' expected.
sveltekit-frontend/src/lib/text/enhanced-sentence-splitter.ts(117,77): error TS1109: Expression expected.
sveltekit-frontend/src/lib/text/enhanced-sentence-splitter.ts(117,86): error TS1005: ',' expected.
sveltekit-frontend/src/lib/text/enhanced-sentence-splitter.ts(117,87): error TS1136: Property assignment expected.
sveltekit-frontend/src/lib/themes/design-system.ts(188,30): error TS1005: ',' expected.
sveltekit-frontend/src/lib/themes/palette-animations.ts(90,26): error TS1005: ',' expected.
sveltekit-frontend/src/lib/themes/palette-animations.ts(98,29): error TS1005: ',' expected.
sveltekit-frontend/src/lib/types/ai-chat.ts(4,1): error TS1128: Declaration or statement expected.
sveltekit-frontend/src/lib/types/ai-chat.ts(87,1): error TS1128: Declaration or statement expected.
sveltekit-frontend/src/lib/types/ai-types.ts(28,1): error TS1128: Declaration or statement expected.
sveltekit-frontend/src/lib/types/ai-worker.ts(5,1): error TS1128: Declaration or statement expected.
sveltekit-frontend/src/lib/types/ai-worker.ts(229,1): error TS1128: Declaration or statement expected.
sveltekit-frontend/src/lib/types/api-contracts.ts(77,19): error TS1131: Property or signature expected.
sveltekit-frontend/src/lib/types/api-contracts.ts(302,69): error TS1005: ',' expected.
sveltekit-frontend/src/lib/types/api-contracts.ts(304,1): error TS1139: Type parameter declaration expected.
sveltekit-frontend/src/lib/types/api-contracts.ts(304,7): error TS1139: Type parameter declaration expected.
sveltekit-frontend/src/lib/types/api-contracts.ts(304,14): error TS1005: ',' expected.
sveltekit-frontend/src/lib/types/api-contracts.ts(304,24): error TS1005: ',' expected.
sveltekit-frontend/src/lib/types/api-contracts.ts(304,71): error TS1005: ']' expected.
sveltekit-frontend/src/lib/types/api-contracts.ts(304,72): error TS1139: Type parameter declaration expected.
sveltekit-frontend/src/lib/types/api-contracts.ts(304,73): error TS1139: Type parameter declaration expected.
sveltekit-frontend/src/lib/types/api-contracts.ts(306,1): error TS1139: Type parameter declaration expected.
sveltekit-frontend/src/lib/types/api-contracts.ts(306,7): error TS1139: Type parameter declaration expected.
sveltekit-frontend/src/lib/types/api-contracts.ts(306,14): error TS1005: ',' expected.
sveltekit-frontend/src/lib/types/api-contracts.ts(306,20): error TS1005: ',' expected.
sveltekit-frontend/src/lib/types/api-contracts.ts(306,74): error TS1005: '>' expected.
sveltekit-frontend/src/lib/types/api-contracts.ts(307,65): error TS1005: ',' expected.
sveltekit-frontend/src/lib/types/api-contracts.ts(310,1): error TS1139: Type parameter declaration expected.
sveltekit-frontend/src/lib/types/api-contracts.ts(310,7): error TS1139: Type parameter declaration expected.
sveltekit-frontend/src/lib/types/api-contracts.ts(310,14): error TS1005: ',' expected.
sveltekit-frontend/src/lib/types/api-contracts.ts(310,23): error TS1005: ',' expected.
sveltekit-frontend/src/lib/types/api-contracts.ts(312,27): error TS1005: '>' expected.
sveltekit-frontend/src/lib/types/api-contracts.ts(314,1): error TS1139: Type parameter declaration expected.
sveltekit-frontend/src/lib/types/api-contracts.ts(314,7): error TS1139: Type parameter declaration expected.
sveltekit-frontend/src/lib/types/api-contracts.ts(314,19): error TS1005: ',' expected.
sveltekit-frontend/src/lib/types/api-contracts.ts(314,30): error TS1005: ',' expected.
sveltekit-frontend/src/lib/types/api-contracts.ts(314,64): error TS1005: '>' expected.
sveltekit-frontend/src/lib/types/automated-resolution.ts(5,1): error TS1128: Declaration or statement expected.
sveltekit-frontend/src/lib/types/common.ts(11,77): error TS1005: '>' expected.
sveltekit-frontend/src/lib/types/common.ts(22,1): error TS1128: Declaration or statement expected.
sveltekit-frontend/src/lib/types/common.ts(50,1): error TS1128: Declaration or statement expected.
sveltekit-frontend/src/lib/types/common.ts(94,1): error TS1128: Declaration or statement expected.
sveltekit-frontend/src/lib/types/common.ts(120,1): error TS1128: Declaration or statement expected.
sveltekit-frontend/src/lib/types/common.ts(154,1): error TS1128: Declaration or statement expected.
sveltekit-frontend/src/lib/types/common.ts(180,1): error TS1128: Declaration or statement expected.
sveltekit-frontend/src/lib/types/common.ts(198,1): error TS1128: Declaration or statement expected.
sveltekit-frontend/src/lib/types/common.ts(212,1): error TS1128: Declaration or statement expected.
sveltekit-frontend/src/lib/types/component-types.ts(5,1): error TS1128: Declaration or statement expected.
sveltekit-frontend/src/lib/types/components.ts(7,1): error TS1128: Declaration or statement expected.
sveltekit-frontend/src/lib/types/components.ts(17,1): error TS1128: Declaration or statement expected.
sveltekit-frontend/src/lib/types/components.ts(50,1): error TS1128: Declaration or statement expected.
sveltekit-frontend/src/lib/types/components.ts(74,1): error TS1128: Declaration or statement expected.
sveltekit-frontend/src/lib/types/components.ts(82,1): error TS1128: Declaration or statement expected.
sveltekit-frontend/src/lib/types/components.ts(99,1): error TS1128: Declaration or statement expected.
sveltekit-frontend/src/lib/types/components.ts(113,1): error TS1128: Declaration or statement expected.
sveltekit-frontend/src/lib/types/components.ts(154,1): error TS1128: Declaration or statement expected.
sveltekit-frontend/src/lib/types/embeddings.ts(5,1): error TS1128: Declaration or statement expected.
sveltekit-frontend/src/lib/types/external-services.ts(410,15): error TS1109: Expression expected.
sveltekit-frontend/src/lib/types/external-services.ts(411,21): error TS1109: Expression expected.
sveltekit-frontend/src/lib/types/external-services.ts(412,21): error TS1109: Expression expected.
sveltekit-frontend/src/lib/types/external-services.ts(415,15): error TS1109: Expression expected.
sveltekit-frontend/src/lib/types/external-services.ts(416,21): error TS1109: Expression expected.
sveltekit-frontend/src/lib/types/external-services.ts(417,15): error TS1109: Expression expected.
sveltekit-frontend/src/lib/types/external-services.ts(418,1): error TS1128: Declaration or statement expected.
sveltekit-frontend/src/lib/types/feedback.ts(4,1): error TS1128: Declaration or statement expected.
sveltekit-frontend/src/lib/types/global.ts(6,1): error TS1128: Declaration or statement expected.
sveltekit-frontend/src/lib/types/global.ts(23,1): error TS1128: Declaration or statement expected.
sveltekit-frontend/src/lib/types/global.ts(55,1): error TS1128: Declaration or statement expected.
sveltekit-frontend/src/lib/types/global.ts(88,5): error TS1131: Property or signature expected.
sveltekit-frontend/src/lib/types/global.ts(89,24): error TS1005: ',' expected.
sveltekit-frontend/src/lib/types/global.ts(90,21): error TS1005: ',' expected.
sveltekit-frontend/src/lib/types/global.ts(91,23): error TS1005: ',' expected.
sveltekit-frontend/src/lib/types/global.ts(93,17): error TS1109: Expression expected.
sveltekit-frontend/src/lib/types/global.ts(94,10): error TS1109: Expression expected.
sveltekit-frontend/src/lib/types/global.ts(95,12): error TS1109: Expression expected.
sveltekit-frontend/src/lib/types/global.ts(96,10): error TS1109: Expression expected.
sveltekit-frontend/src/lib/types/global.ts(97,12): error TS1109: Expression expected.
sveltekit-frontend/src/lib/types/global.ts(98,19): error TS1005: ',' expected.
sveltekit-frontend/src/lib/types/global.ts(99,21): error TS1005: ',' expected.
sveltekit-frontend/src/lib/types/global.ts(100,25): error TS1005: ',' expected.
sveltekit-frontend/src/lib/types/global.ts(102,1): error TS1128: Declaration or statement expected.
sveltekit-frontend/src/lib/types/global.ts(125,5): error TS1131: Property or signature expected.
sveltekit-frontend/src/lib/types/global.ts(126,24): error TS1005: ',' expected.
sveltekit-frontend/src/lib/types/global.ts(127,21): error TS1005: ',' expected.
sveltekit-frontend/src/lib/types/global.ts(128,22): error TS1005: ',' expected.
sveltekit-frontend/src/lib/types/global.ts(130,11): error TS1109: Expression expected.
sveltekit-frontend/src/lib/types/global.ts(130,12): error TS1109: Expression expected.
sveltekit-frontend/src/lib/types/global.ts(131,5): error TS1109: Expression expected.
sveltekit-frontend/src/lib/types/global.ts(132,21): error TS1005: ',' expected.
sveltekit-frontend/src/lib/types/global.ts(133,27): error TS1011: An element access expression should take an argument.
sveltekit-frontend/src/lib/types/global.ts(133,28): error TS1005: ',' expected.
sveltekit-frontend/src/lib/types/global.ts(134,27): error TS1005: ',' expected.
sveltekit-frontend/src/lib/types/global.ts(137,18): error TS1109: Expression expected.
sveltekit-frontend/src/lib/types/global.ts(138,5): error TS1109: Expression expected.
sveltekit-frontend/src/lib/types/global.ts(139,5): error TS1109: Expression expected.
sveltekit-frontend/src/lib/types/global.ts(140,54): error TS1005: ',' expected.
sveltekit-frontend/src/lib/types/global.ts(141,25): error TS1011: An element access expression should take an argument.
sveltekit-frontend/src/lib/types/global.ts(141,26): error TS1005: ',' expected.
sveltekit-frontend/src/lib/types/global.ts(142,22): error TS1005: ',' expected.
sveltekit-frontend/src/lib/types/global.ts(144,14): error TS1109: Expression expected.
sveltekit-frontend/src/lib/types/global.ts(145,1): error TS1128: Declaration or statement expected.
sveltekit-frontend/src/lib/types/global.ts(149,1): error TS1128: Declaration or statement expected.
sveltekit-frontend/src/lib/types/global.ts(245,1): error TS1128: Declaration or statement expected.
sveltekit-frontend/src/lib/types/global.ts(276,1): error TS1128: Declaration or statement expected.
sveltekit-frontend/src/lib/types/global.ts(318,1): error TS1128: Declaration or statement expected.
sveltekit-frontend/src/lib/types/global.ts(352,1): error TS1128: Declaration or statement expected.
sveltekit-frontend/src/lib/types/global.ts(377,1): error TS1128: Declaration or statement expected.
sveltekit-frontend/src/lib/types/global.ts(401,1): error TS1128: Declaration or statement expected.
sveltekit-frontend/src/lib/types/global.ts(423,1): error TS1128: Declaration or statement expected.
sveltekit-frontend/src/lib/types/global.ts(445,1): error TS1128: Declaration or statement expected.
sveltekit-frontend/src/lib/types/gpu-cache-integration.ts(6,1): error TS1128: Declaration or statement expected.
sveltekit-frontend/src/lib/types/gpu-cache-integration.ts(37,1): error TS1128: Declaration or statement expected.
sveltekit-frontend/src/lib/types/gpu-cache-integration.ts(73,1): error TS1128: Declaration or statement expected.
sveltekit-frontend/src/lib/types/gpu-cache-integration.ts(99,1): error TS1128: Declaration or statement expected.
sveltekit-frontend/src/lib/types/gpu-cache-integration.ts(127,1): error TS1128: Declaration or statement expected.
sveltekit-frontend/src/lib/types/gpu-cache-integration.ts(178,1): error TS1128: Declaration or statement expected.
sveltekit-frontend/src/lib/types/gpu-cache-integration.ts(197,1): error TS1128: Declaration or statement expected.
sveltekit-frontend/src/lib/types/gpu-cache-integration.ts(207,1): error TS1128: Declaration or statement expected.
sveltekit-frontend/src/lib/types/gpu-cache-integration.ts(231,1): error TS1128: Declaration or statement expected.
sveltekit-frontend/src/lib/types/gpu-cache-integration.ts(264,1): error TS1128: Declaration or statement expected.
sveltekit-frontend/src/lib/types/gpu-cache-integration.ts(290,1): error TS1128: Declaration or statement expected.
sveltekit-frontend/src/lib/types/gpu-cache-integration.ts(325,1): error TS1128: Declaration or statement expected.
sveltekit-frontend/src/lib/types/gpu-cache-integration.ts(357,1): error TS1128: Declaration or statement expected.
sveltekit-frontend/src/lib/types/gpu-cache-integration.ts(380,5): error TS1005: ',' expected.
sveltekit-frontend/src/lib/types/gpu-cache-integration.ts(381,5): error TS1005: ',' expected.
sveltekit-frontend/src/lib/types/gpu-cache-integration.ts(381,25): error TS1005: ',' expected.
sveltekit-frontend/src/lib/types/gpu-cache-integration.ts(490,3): error TS1005: ',' expected.
sveltekit-frontend/src/lib/types/gpu-cache-integration.ts(490,26): error TS1005: ',' expected.
sveltekit-frontend/src/lib/types/gpu-cache-integration.ts(498,12): error TS1005: ',' expected.
sveltekit-frontend/src/lib/types/gpu-cache-integration.ts(499,34): error TS1005: ',' expected.
sveltekit-frontend/src/lib/types/gpu-services.ts(10,1): error TS1128: Declaration or statement expected.
sveltekit-frontend/src/lib/types/gpu-services.ts(101,1): error TS1131: Property or signature expected.
sveltekit-frontend/src/lib/types/index.ts(11,1): error TS1128: Declaration or statement expected.
sveltekit-frontend/src/lib/types/index.ts(27,1): error TS1128: Declaration or statement expected.
sveltekit-frontend/src/lib/types/index.ts(62,1): error TS1128: Declaration or statement expected.
sveltekit-frontend/src/lib/types/index.ts(99,1): error TS1128: Declaration or statement expected.
sveltekit-frontend/src/lib/types/index.ts(135,1): error TS1128: Declaration or statement expected.
sveltekit-frontend/src/lib/types/index.ts(161,1): error TS1128: Declaration or statement expected.
sveltekit-frontend/src/lib/types/index.ts(175,1): error TS1128: Declaration or statement expected.
sveltekit-frontend/src/lib/types/index.ts(189,1): error TS1128: Declaration or statement expected.
sveltekit-frontend/src/lib/types/index.ts(200,1): error TS1128: Declaration or statement expected.
sveltekit-frontend/src/lib/types/index.ts(220,1): error TS1128: Declaration or statement expected.
sveltekit-frontend/src/lib/types/index.ts(238,1): error TS1128: Declaration or statement expected.
sveltekit-frontend/src/lib/types/index.ts(255,1): error TS1128: Declaration or statement expected.
sveltekit-frontend/src/lib/types/ingest.ts(5,1): error TS1128: Declaration or statement expected.
sveltekit-frontend/src/lib/types/legal-ai-metadata.ts(3,1): error TS1128: Declaration or statement expected.
sveltekit-frontend/src/lib/types/legal-ai-metadata.ts(48,32): error TS1005: '>' expected.
sveltekit-frontend/src/lib/types/legal-ai.ts(4,1): error TS1128: Declaration or statement expected.
sveltekit-frontend/src/lib/types/legal-document.ts(29,77): error TS1005: '>' expected.
sveltekit-frontend/src/lib/types/legal-document.ts(30,29): error TS1005: ',' expected.
sveltekit-frontend/src/lib/types/legal-document.ts(31,11): error TS1005: ',' expected.
sveltekit-frontend/src/lib/types/llm.ts(192,1): error TS1128: Declaration or statement expected.
sveltekit-frontend/src/lib/types/llm.ts(219,1): error TS1128: Declaration or statement expected.
sveltekit-frontend/src/lib/types/metrics.ts(4,1): error TS1128: Declaration or statement expected.
sveltekit-frontend/src/lib/types/metrics.ts(118,1): error TS1128: Declaration or statement expected.
sveltekit-frontend/src/lib/types/metrics.ts(132,44): error TS1005: ')' expected.
sveltekit-frontend/src/lib/types/metrics.ts(153,128): error TS1005: ')' expected.
sveltekit-frontend/src/lib/types/nats-messaging.ts(90,1): error TS1128: Declaration or statement expected.
sveltekit-frontend/src/lib/types/orchestration.ts(9,1): error TS1128: Declaration or statement expected.
sveltekit-frontend/src/lib/types/orchestration.ts(48,1): error TS1128: Declaration or statement expected.
sveltekit-frontend/src/lib/types/orchestration.ts(86,1): error TS1128: Declaration or statement expected.
sveltekit-frontend/src/lib/types/orchestration.ts(115,1): error TS1128: Declaration or statement expected.
sveltekit-frontend/src/lib/types/orchestration.ts(185,1): error TS1128: Declaration or statement expected.
sveltekit-frontend/src/lib/types/orchestration.ts(208,1): error TS1128: Declaration or statement expected.
sveltekit-frontend/src/lib/types/orchestration.ts(232,1): error TS1128: Declaration or statement expected.
sveltekit-frontend/src/lib/types/orchestration.ts(248,1): error TS1128: Declaration or statement expected.
sveltekit-frontend/src/lib/types/orchestration.ts(266,1): error TS1128: Declaration or statement expected.
sveltekit-frontend/src/lib/types/orchestration.ts(290,1): error TS1128: Declaration or statement expected.
sveltekit-frontend/src/lib/types/orchestration.ts(327,1): error TS1128: Declaration or statement expected.
sveltekit-frontend/src/lib/types/orchestration.ts(358,1): error TS1128: Declaration or statement expected.
sveltekit-frontend/src/lib/types/orchestration.ts(386,1): error TS1128: Declaration or statement expected.
sveltekit-frontend/src/lib/types/rabbitmq-types.ts(33,1): error TS1128: Declaration or statement expected.
sveltekit-frontend/src/lib/types/rag.ts(6,1): error TS1128: Declaration or statement expected.
sveltekit-frontend/src/lib/types/rag.ts(51,1): error TS1128: Declaration or statement expected.
sveltekit-frontend/src/lib/types/rust-bridge.ts(2,1): error TS1128: Declaration or statement expected.
sveltekit-frontend/src/lib/types/search.ts(4,1): error TS1128: Declaration or statement expected.
sveltekit-frontend/src/lib/types/search.types.ts(10,1): error TS1128: Declaration or statement expected.
sveltekit-frontend/src/lib/types/typescript-optimizer.ts(4,1): error TS1128: Declaration or statement expected.
sveltekit-frontend/src/lib/types/typescript-optimizer.ts(35,1): error TS1128: Declaration or statement expected.
sveltekit-frontend/src/lib/types/typescript-optimizer.ts(64,1): error TS1128: Declaration or statement expected.
sveltekit-frontend/src/lib/types/typescript-optimizer.ts(92,1): error TS1128: Declaration or statement expected.
sveltekit-frontend/src/lib/types/typescript-optimizer.ts(188,1): error TS1128: Declaration or statement expected.
sveltekit-frontend/src/lib/types/typescript-optimizer.ts(215,1): error TS1128: Declaration or statement expected.
sveltekit-frontend/src/lib/types/typescript-optimizer.ts(237,1): error TS1128: Declaration or statement expected.
sveltekit-frontend/src/lib/types/typescript-optimizer.ts(267,1): error TS1128: Declaration or statement expected.
sveltekit-frontend/src/lib/types/unified-types.ts(7,1): error TS1128: Declaration or statement expected.
sveltekit-frontend/src/lib/types/unified-types.ts(48,1): error TS1128: Declaration or statement expected.
sveltekit-frontend/src/lib/types/unified-types.ts(88,1): error TS1128: Declaration or statement expected.
sveltekit-frontend/src/lib/types/unified-types.ts(172,1): error TS1128: Declaration or statement expected.
sveltekit-frontend/src/lib/types/unified-types.ts(216,1): error TS1128: Declaration or statement expected.
sveltekit-frontend/src/lib/types/unified-types.ts(251,1): error TS1128: Declaration or statement expected.
sveltekit-frontend/src/lib/types/unified-types.ts(279,1): error TS1128: Declaration or statement expected.
sveltekit-frontend/src/lib/types/unified-types.ts(301,1): error TS1128: Declaration or statement expected.
sveltekit-frontend/src/lib/types/unified-types.ts(333,1): error TS1128: Declaration or statement expected.
sveltekit-frontend/src/lib/types/unified-types.ts(351,1): error TS1128: Declaration or statement expected.
sveltekit-frontend/src/lib/types/unified-types.ts(375,1): error TS1128: Declaration or statement expected.
sveltekit-frontend/src/lib/types/unified-types.ts(396,1): error TS1128: Declaration or statement expected.
sveltekit-frontend/src/lib/types/vector-search.ts(4,19): error TS1131: Property or signature expected.
sveltekit-frontend/src/lib/types/vector-search.ts(5,8): error TS1005: '>' expected.
sveltekit-frontend/src/lib/types/vector-search.ts(10,4): error TS1109: Expression expected.
sveltekit-frontend/src/lib/types/vector-search.ts(10,5): error TS1109: Expression expected.
sveltekit-frontend/src/lib/types/vector-search.ts(21,1): error TS1128: Declaration or statement expected.
sveltekit-frontend/src/lib/types/vector-search.ts(278,5): error TS1005: ',' expected.
sveltekit-frontend/src/lib/types/vector-types.ts(4,1): error TS1128: Declaration or statement expected.
sveltekit-frontend/src/lib/types/wasm-types.ts(180,1): error TS1128: Declaration or statement expected.
sveltekit-frontend/src/lib/types/xstate.ts(124,1): error TS1128: Declaration or statement expected.
sveltekit-frontend/src/lib/ui/matrix-compiler.ts(6,1): error TS1128: Declaration or statement expected.
sveltekit-frontend/src/lib/ui/matrix-compiler.ts(105,25): error TS1138: Parameter declaration expected.
sveltekit-frontend/src/lib/ui/matrix-compiler.ts(136,21): error TS1005: ',' expected.
sveltekit-frontend/src/lib/ui/matrix-compiler.ts(255,39): error TS1136: Property assignment expected.
sveltekit-frontend/src/lib/ui/matrix-compiler.ts(257,54): error TS1136: Property assignment expected.
sveltekit-frontend/src/lib/ui/matrix-compiler.ts(263,7): error TS1005: ')' expected.
sveltekit-frontend/src/lib/ui/matrix-compiler.ts(281,78): error TS1005: ')' expected.
sveltekit-frontend/src/lib/ui/matrix-compiler.ts(361,50): error TS1005: ')' expected.
sveltekit-frontend/src/lib/ui/matrix-compiler.ts(429,23): error TS1005: ',' expected.
sveltekit-frontend/src/lib/ui/matrix-compiler.ts(486,36): error TS1005: ')' expected.
sveltekit-frontend/src/lib/ui/matrix-compiler.ts(487,5): error TS1128: Declaration or statement expected.
sveltekit-frontend/src/lib/utils/accessibleClick.ts(5,1): error TS1128: Declaration or statement expected.
sveltekit-frontend/src/lib/utils/case-transform.ts(61,82): error TS1005: ')' expected.
sveltekit-frontend/src/lib/utils/case-transform.ts(158,51): error TS1005: ',' expected.
sveltekit-frontend/src/lib/utils/cleanup-patterns.ts(7,11): error TS1005: ',' expected.
sveltekit-frontend/src/lib/utils/cleanup-patterns.ts(9,36): error TS1005: ',' expected.
sveltekit-frontend/src/lib/utils/cleanup-patterns.ts(31,15): error TS1005: ',' expected.
sveltekit-frontend/src/lib/utils/cleanup-patterns.ts(40,35): error TS1005: ',' expected.
sveltekit-frontend/src/lib/utils/cleanup-patterns.ts(41,19): error TS1005: ',' expected.
sveltekit-frontend/src/lib/utils/cleanup-patterns.ts(50,41): error TS1005: ',' expected.
sveltekit-frontend/src/lib/utils/cleanup-patterns.ts(52,37): error TS1005: ',' expected.
sveltekit-frontend/src/lib/utils/context7-helper.ts(31,3): error TS1005: ',' expected.
sveltekit-frontend/src/lib/utils/context7-helper.ts(31,18): error TS1005: ',' expected.
sveltekit-frontend/src/lib/utils/copilot-self-prompt.ts(19,87): error TS1005: ')' expected.
sveltekit-frontend/src/lib/utils/copilot-self-prompt.ts(34,78): error TS1005: ')' expected.
sveltekit-frontend/src/lib/utils/copilot-self-prompt.ts(145,17): error TS1005: ',' expected.
sveltekit-frontend/src/lib/utils/copilot-self-prompt.ts(256,31): error TS1136: Property assignment expected.
sveltekit-frontend/src/lib/utils/copilot-self-prompt.ts(270,136): error TS1005: ')' expected.
sveltekit-frontend/src/lib/utils/copilot-self-prompt.ts(297,31): error TS1136: Property assignment expected.
sveltekit-frontend/src/lib/utils/copilot-self-prompt.ts(298,24): error TS1005: ',' expected.
sveltekit-frontend/src/lib/utils/copilot-self-prompt.ts(309,137): error TS1005: ')' expected.
sveltekit-frontend/src/lib/utils/copilot-self-prompt.ts(367,27): error TS1005: ',' expected.
sveltekit-frontend/src/lib/utils/copilot-self-prompt.ts(419,22): error TS1005: ',' expected.
sveltekit-frontend/src/lib/utils/copilot-self-prompt.ts(445,17): error TS1005: ',' expected.
sveltekit-frontend/src/lib/utils/copilot-self-prompt.ts(447,27): error TS1005: ',' expected.
sveltekit-frontend/src/lib/utils/copilot-self-prompt.ts(485,15): error TS1005: ',' expected.
sveltekit-frontend/src/lib/utils/copilot-self-prompt.ts(517,24): error TS1005: ',' expected.
sveltekit-frontend/src/lib/utils/copilot-self-prompt.ts(518,36): error TS1005: ',' expected.
sveltekit-frontend/src/lib/utils/copilot-self-prompt.ts(565,76): error TS1005: ')' expected.
sveltekit-frontend/src/lib/utils/copilot-self-prompt.ts(566,73): error TS1005: ')' expected.
sveltekit-frontend/src/lib/utils/copilot-self-prompt.ts(582,28): error TS1005: ',' expected.
sveltekit-frontend/src/lib/utils/copilot-self-prompt.ts(584,23): error TS1005: ',' expected.
sveltekit-frontend/src/lib/utils/copilot-self-prompt.ts(672,27): error TS1005: ',' expected.
sveltekit-frontend/src/lib/utils/copilot-self-prompt.ts(683,22): error TS1005: ',' expected.
sveltekit-frontend/src/lib/utils/copilot-self-prompt.ts(760,56): error TS1005: ')' expected.
sveltekit-frontend/src/lib/utils/copilot-self-prompt.ts(768,50): error TS1005: ',' expected.
sveltekit-frontend/src/lib/utils/copilot-self-prompt.ts(818,17): error TS1005: ',' expected.
sveltekit-frontend/src/lib/utils/data-export.ts(245,27): error TS1109: Expression expected.
sveltekit-frontend/src/lib/utils/data-export.ts(245,36): error TS1005: ',' expected.
sveltekit-frontend/src/lib/utils/data-export.ts(245,37): error TS1136: Property assignment expected.
sveltekit-frontend/src/lib/utils/data-export.ts(298,23): error TS1109: Expression expected.
sveltekit-frontend/src/lib/utils/data-export.ts(298,32): error TS1005: ',' expected.
sveltekit-frontend/src/lib/utils/data-export.ts(298,33): error TS1136: Property assignment expected.
sveltekit-frontend/src/lib/utils/db-query-helpers.ts(77,21): error TS1005: ',' expected.
sveltekit-frontend/src/lib/utils/db-query-helpers.ts(84,19): error TS1005: ',' expected.
sveltekit-frontend/src/lib/utils/db-query-helpers.ts(85,33): error TS1005: ',' expected.
sveltekit-frontend/src/lib/utils/db-query-helpers.ts(108,22): error TS1005: ',' expected.
sveltekit-frontend/src/lib/utils/db-query-helpers.ts(109,23): error TS1005: ',' expected.
sveltekit-frontend/src/lib/utils/db-query-helpers.ts(111,52): error TS1005: ')' expected.
sveltekit-frontend/src/lib/utils/db-query-helpers.ts(112,70): error TS1005: ')' expected.
sveltekit-frontend/src/lib/utils/db-query-helpers.ts(114,18): error TS1005: ',' expected.
sveltekit-frontend/src/lib/utils/debounce.ts(5,61): error TS1138: Parameter declaration expected.
sveltekit-frontend/src/lib/utils/debounce.ts(6,10): error TS1005: ',' expected.
sveltekit-frontend/src/lib/utils/debounce.ts(8,22): error TS1005: ',' expected.
sveltekit-frontend/src/lib/utils/debounce.ts(25,61): error TS1138: Parameter declaration expected.
sveltekit-frontend/src/lib/utils/debounce.ts(26,10): error TS1005: ',' expected.
sveltekit-frontend/src/lib/utils/debounce.ts(27,16): error TS1005: ',' expected.
sveltekit-frontend/src/lib/utils/debounce.ts(41,64): error TS1138: Parameter declaration expected.
sveltekit-frontend/src/lib/utils/debounce.ts(42,10): error TS1005: ',' expected.
sveltekit-frontend/src/lib/utils/drizzle-query-builder.ts(10,7): error TS1128: Declaration or statement expected.
sveltekit-frontend/src/lib/utils/drizzle-query-builder.ts(24,7): error TS1128: Declaration or statement expected.
sveltekit-frontend/src/lib/utils/drizzle-query-builder.ts(42,7): error TS1128: Declaration or statement expected.
sveltekit-frontend/src/lib/utils/dynamic-imports.ts(67,43): error TS1005: ';' expected.
sveltekit-frontend/src/lib/utils/dynamic-imports.ts(141,57): error TS1005: '>' expected.
sveltekit-frontend/src/lib/utils/dynamic-imports.ts(169,3): error TS1005: ',' expected.
sveltekit-frontend/src/lib/utils/errorHandler.ts(5,1): error TS1128: Declaration or statement expected.
sveltekit-frontend/src/lib/utils/errorHandler.ts(37,5): error TS1005: ',' expected.
sveltekit-frontend/src/lib/utils/errorHandler.ts(197,8): error TS1128: Declaration or statement expected.
sveltekit-frontend/src/lib/utils/errorHandler.ts(199,5): error TS1109: Expression expected.
sveltekit-frontend/src/lib/utils/fetch-with-timeout.ts(6,1): error TS1128: Declaration or statement expected.
sveltekit-frontend/src/lib/utils/fetch-with-timeout.ts(195,63): error TS1005: ')' expected.
sveltekit-frontend/src/lib/utils/focus-mode.ts(58,63): error TS1005: ')' expected.
sveltekit-frontend/src/lib/utils/focus-mode.ts(81,65): error TS1005: ')' expected.
sveltekit-frontend/src/lib/utils/focus-mode.ts(331,45): error TS1005: ',' expected.
sveltekit-frontend/src/lib/utils/fuse-import.ts(19,9): error TS1128: Declaration or statement expected.
sveltekit-frontend/src/lib/utils/fuse-index.ts(2,66): error TS1005: '>' expected.
sveltekit-frontend/src/lib/utils/fuzzy.ts(9,61): error TS1005: ',' expected.
sveltekit-frontend/src/lib/utils/fuzzy.ts(10,18): error TS1109: Expression expected.
sveltekit-frontend/src/lib/utils/fuzzy.ts(10,59): error TS1005: ';' expected.
sveltekit-frontend/src/lib/utils/fuzzy.ts(11,1): error TS1128: Declaration or statement expected.
sveltekit-frontend/src/lib/utils/fuzzy.ts(11,2): error TS1128: Declaration or statement expected.
sveltekit-frontend/src/lib/utils/lazy.ts(10,43): error TS1005: '>' expected.
sveltekit-frontend/src/lib/utils/lazy.ts(13,53): error TS1005: '>' expected.
sveltekit-frontend/src/lib/utils/lazy.ts(39,43): error TS1005: '>' expected.
sveltekit-frontend/src/lib/utils/lazy.ts(41,3): error TS1131: Property or signature expected.
sveltekit-frontend/src/lib/utils/lazy.ts(42,1): error TS1128: Declaration or statement expected.
sveltekit-frontend/src/lib/utils/lazy.ts(48,11): error TS1005: '>' expected.
sveltekit-frontend/src/lib/utils/lazy.ts(51,53): error TS1005: '>' expected.
sveltekit-frontend/src/lib/utils/llm-retry-wrapper.ts(6,1): error TS1128: Declaration or statement expected.
sveltekit-frontend/src/lib/utils/llm-retry-wrapper.ts(37,71): error TS1005: ')' expected.
sveltekit-frontend/src/lib/utils/llm-retry-wrapper.ts(55,19): error TS1005: ',' expected.
sveltekit-frontend/src/lib/utils/llm-retry-wrapper.ts(82,28): error TS1005: ',' expected.
sveltekit-frontend/src/lib/utils/llm-retry-wrapper.ts(165,8): error TS1005: ')' expected.
sveltekit-frontend/src/lib/utils/llm-retry-wrapper.ts(223,3): error TS1005: ',' expected.
sveltekit-frontend/src/lib/utils/llm-retry-wrapper.ts(223,36): error TS1005: ',' expected.
sveltekit-frontend/src/lib/utils/llm-retry-wrapper.ts(235,17): error TS1005: ',' expected.
sveltekit-frontend/src/lib/utils/llm-retry-wrapper.ts(253,21): error TS1005: ',' expected.
sveltekit-frontend/src/lib/utils/loki-evidence.ts(8,1): error TS1128: Declaration or statement expected.
sveltekit-frontend/src/lib/utils/loki-evidence.ts(59,84): error TS1109: Expression expected.
sveltekit-frontend/src/lib/utils/loki-evidence.ts(66,86): error TS1109: Expression expected.
sveltekit-frontend/src/lib/utils/loki-evidence.ts(75,43): error TS1005: ')' expected.
sveltekit-frontend/src/lib/utils/loki-evidence.ts(76,58): error TS1005: ')' expected.
sveltekit-frontend/src/lib/utils/loki-evidence.ts(205,55): error TS1005: ')' expected.
sveltekit-frontend/src/lib/utils/loki-evidence.ts(224,41): error TS1109: Expression expected.
sveltekit-frontend/src/lib/utils/loki-evidence.ts(224,50): error TS1005: ',' expected.
sveltekit-frontend/src/lib/utils/loki-evidence.ts(224,51): error TS1136: Property assignment expected.
sveltekit-frontend/src/lib/utils/loki-evidence.ts(224,75): error TS1005: ']' expected.
sveltekit-frontend/src/lib/utils/loki-evidence.ts(224,84): error TS1005: ',' expected.
sveltekit-frontend/src/lib/utils/loki-evidence.ts(224,85): error TS1136: Property assignment expected.
sveltekit-frontend/src/lib/utils/loki-evidence.ts(331,79): error TS1005: ')' expected.
sveltekit-frontend/src/lib/utils/loki-evidence.ts(332,72): error TS1005: ')' expected.
sveltekit-frontend/src/lib/utils/loki-evidence.ts(345,82): error TS1005: ')' expected.
sveltekit-frontend/src/lib/utils/mcp-graph-reader.ts(12,1): error TS1128: Declaration or statement expected.
sveltekit-frontend/src/lib/utils/mcp-graph-reader.ts(30,56): error TS1005: ')' expected.
sveltekit-frontend/src/lib/utils/mcp-graph-reader.ts(33,49): error TS1005: ')' expected.
sveltekit-frontend/src/lib/utils/mcp-graph-reader.ts(38,7): error TS1128: Declaration or statement expected.
sveltekit-frontend/src/lib/utils/mcp-graph-reader.ts(47,53): error TS1005: ')' expected.
sveltekit-frontend/src/lib/utils/mcp-graph-reader.ts(74,7): error TS1005: ')' expected.
sveltekit-frontend/src/lib/utils/mcp-graph-reader.ts(77,7): error TS1128: Declaration or statement expected.
sveltekit-frontend/src/lib/utils/mcp-graph-reader.ts(83,9): error TS1005: ')' expected.
sveltekit-frontend/src/lib/utils/mcp-graph-reader.ts(93,60): error TS1005: ')' expected.
sveltekit-frontend/src/lib/utils/mcp-graph-reader.ts(96,56): error TS1005: ')' expected.
sveltekit-frontend/src/lib/utils/mcp-graph-reader.ts(100,7): error TS1128: Declaration or statement expected.
sveltekit-frontend/src/lib/utils/mcp-graph-reader.ts(113,57): error TS1005: ')' expected.
sveltekit-frontend/src/lib/utils/mcp-graph-reader.ts(143,7): error TS1005: ')' expected.
sveltekit-frontend/src/lib/utils/mcp-graph-reader.ts(146,102): error TS1005: ',' expected.
sveltekit-frontend/src/lib/utils/mcp-graph-reader.ts(147,9): error TS1128: Declaration or statement expected.
sveltekit-frontend/src/lib/utils/mcp-graph-reader.ts(154,7): error TS1109: Expression expected.
sveltekit-frontend/src/lib/utils/mcp-graph-reader.ts(156,9): error TS1128: Declaration or statement expected.
sveltekit-frontend/src/lib/utils/mcp-graph-reader.ts(163,5): error TS1128: Declaration or statement expected.
sveltekit-frontend/src/lib/utils/mcp-graph-reader.ts(173,58): error TS1005: ')' expected.
sveltekit-frontend/src/lib/utils/mcp-graph-reader.ts(176,55): error TS1005: ')' expected.
sveltekit-frontend/src/lib/utils/mcp-graph-reader.ts(180,7): error TS1128: Declaration or statement expected.
sveltekit-frontend/src/lib/utils/mcp-graph-reader.ts(193,55): error TS1005: ')' expected.
sveltekit-frontend/src/lib/utils/mcp-graph-reader.ts(221,7): error TS1005: ')' expected.
sveltekit-frontend/src/lib/utils/mcp-graph-reader.ts(224,102): error TS1005: ',' expected.
sveltekit-frontend/src/lib/utils/mcp-graph-reader.ts(225,9): error TS1128: Declaration or statement expected.
sveltekit-frontend/src/lib/utils/mcp-graph-reader.ts(232,7): error TS1109: Expression expected.
sveltekit-frontend/src/lib/utils/mcp-graph-reader.ts(234,9): error TS1128: Declaration or statement expected.
sveltekit-frontend/src/lib/utils/mcp-graph-reader.ts(241,5): error TS1128: Declaration or statement expected.
sveltekit-frontend/src/lib/utils/observability-client.ts(9,1): error TS1128: Declaration or statement expected.
sveltekit-frontend/src/lib/utils/observability-client.ts(137,94): error TS1109: Expression expected.
sveltekit-frontend/src/lib/utils/observability-client.ts(137,103): error TS1005: ',' expected.
sveltekit-frontend/src/lib/utils/observability-client.ts(137,104): error TS1136: Property assignment expected.
sveltekit-frontend/src/lib/utils/observability-client.ts(169,46): error TS1136: Property assignment expected.
sveltekit-frontend/src/lib/utils/observability-client.ts(174,7): error TS1005: ',' expected.
sveltekit-frontend/src/lib/utils/observability-client.ts(174,52): error TS1136: Property assignment expected.
sveltekit-frontend/src/lib/utils/observability-client.ts(195,31): error TS1136: Property assignment expected.
sveltekit-frontend/src/lib/utils/observability-client.ts(237,28): error TS1109: Expression expected.
sveltekit-frontend/src/lib/utils/observability-client.ts(237,37): error TS1005: ',' expected.
sveltekit-frontend/src/lib/utils/observability-client.ts(237,38): error TS1136: Property assignment expected.
sveltekit-frontend/src/lib/utils/progressive-enhancement-audit.ts(6,1): error TS1128: Declaration or statement expected.
sveltekit-frontend/src/lib/utils/progressive-enhancement-audit.ts(364,24): error TS1109: Expression expected.
sveltekit-frontend/src/lib/utils/progressive-enhancement-audit.ts(364,33): error TS1005: ',' expected.
sveltekit-frontend/src/lib/utils/progressive-enhancement-audit.ts(364,34): error TS1136: Property assignment expected.
sveltekit-frontend/src/lib/utils/progressive-enhancement-audit.ts(365,25): error TS1109: Expression expected.
sveltekit-frontend/src/lib/utils/progressive-enhancement-audit.ts(365,34): error TS1005: ',' expected.
sveltekit-frontend/src/lib/utils/progressive-enhancement-audit.ts(365,35): error TS1136: Property assignment expected.
sveltekit-frontend/src/lib/utils/security.ts(179,15): error TS1005: ',' expected.
sveltekit-frontend/src/lib/utils/security.ts(203,60): error TS1005: ')' expected.
sveltekit-frontend/src/lib/utils/security.ts(247,16): error TS1005: ',' expected.
sveltekit-frontend/src/lib/utils/security.ts(248,39): error TS1005: ',' expected.
sveltekit-frontend/src/lib/utils/security.ts(385,74): error TS1005: ',' expected.
sveltekit-frontend/src/lib/utils/security.ts(404,67): error TS1005: ')' expected.
sveltekit-frontend/src/lib/utils/security.ts(457,68): error TS1005: ')' expected.
sveltekit-frontend/src/lib/utils/security.ts(477,48): error TS1005: ',' expected.
sveltekit-frontend/src/lib/utils/security.ts(531,47): error TS1005: ')' expected.
sveltekit-frontend/src/lib/utils/security.ts(538,17): error TS1005: ',' expected.
sveltekit-frontend/src/lib/utils/security.ts(558,18): error TS1005: ',' expected.
sveltekit-frontend/src/lib/utils/security.ts(584,18): error TS1005: ',' expected.
sveltekit-frontend/src/lib/utils/tauri-notes.ts(24,67): error TS1005: ')' expected.
sveltekit-frontend/src/lib/utils/tauri-notes.ts(25,71): error TS1005: ')' expected.
sveltekit-frontend/src/lib/utils/tauri-notes.ts(26,65): error TS1005: ')' expected.
sveltekit-frontend/src/lib/utils/tauri-notes.ts(27,74): error TS1005: ')' expected.
sveltekit-frontend/src/lib/utils/tauri-notes.ts(28,73): error TS1005: ')' expected.
sveltekit-frontend/src/lib/utils/tauri-notes.ts(29,67): error TS1005: ')' expected.
sveltekit-frontend/src/lib/utils/tauri-notes.ts(34,1): error TS1128: Declaration or statement expected.
sveltekit-frontend/src/lib/utils/tauri-notes.ts(61,20): error TS1005: ',' expected.
sveltekit-frontend/src/lib/utils/tauri-notes.ts(74,73): error TS1005: ')' expected.
sveltekit-frontend/src/lib/utils/tauri-notes.ts(131,23): error TS1005: ',' expected.
sveltekit-frontend/src/lib/utils/tauri-notes.ts(189,9): error TS1005: ')' expected.
sveltekit-frontend/src/lib/utils/tauri-notes.ts(228,7): error TS1128: Declaration or statement expected.
sveltekit-frontend/src/lib/utils/tauri-notes.ts(239,47): error TS1005: ',' expected.
sveltekit-frontend/src/lib/utils/tauri-notes.ts(239,48): error TS1005: ')' expected.
sveltekit-frontend/src/lib/utils/tauri-notes.ts(262,8): error TS1068: Unexpected token. A constructor, method, accessor, or property was expected.
sveltekit-frontend/src/lib/utils/tauri-notes.ts(262,9): error TS1068: Unexpected token. A constructor, method, accessor, or property was expected.
sveltekit-frontend/src/lib/utils/tauri-notes.ts(263,5): error TS1068: Unexpected token. A constructor, method, accessor, or property was expected.
sveltekit-frontend/src/lib/utils/tauri-notes.ts(264,5): error TS1068: Unexpected token. A constructor, method, accessor, or property was expected.
sveltekit-frontend/src/lib/utils/tauri-notes.ts(284,3): error TS1128: Declaration or statement expected.
sveltekit-frontend/src/lib/utils/tauri-notes.ts(285,1): error TS1128: Declaration or statement expected.
sveltekit-frontend/src/lib/utils/tauri-notes.ts(293,18): error TS1005: ',' expected.
sveltekit-frontend/src/lib/utils/tauri-notes.ts(299,21): error TS1005: ',' expected.
sveltekit-frontend/src/lib/utils/timing-metrics.ts(5,1): error TS1128: Declaration or statement expected.
sveltekit-frontend/src/lib/utils/timing-metrics.ts(51,64): error TS1005: ')' expected.
sveltekit-frontend/src/lib/utils/timing-metrics.ts(55,61): error TS1005: ')' expected.
sveltekit-frontend/src/lib/utils/timing-metrics.ts(57,64): error TS1005: ')' expected.
sveltekit-frontend/src/lib/utils/timing-metrics.ts(96,28): error TS1109: Expression expected.
sveltekit-frontend/src/lib/utils/timing-metrics.ts(96,37): error TS1005: ',' expected.
sveltekit-frontend/src/lib/utils/timing-metrics.ts(96,38): error TS1136: Property assignment expected.
sveltekit-frontend/src/lib/utils/timing-metrics.ts(168,30): error TS1109: Expression expected.
sveltekit-frontend/src/lib/utils/timing-metrics.ts(168,39): error TS1005: ',' expected.
sveltekit-frontend/src/lib/utils/timing-metrics.ts(168,40): error TS1136: Property assignment expected.
sveltekit-frontend/src/lib/utils/timing-metrics.ts(284,71): error TS1005: ')' expected.
sveltekit-frontend/src/lib/utils/type-guards.ts(211,21): error TS1005: '(' expected.
sveltekit-frontend/src/lib/utils/type-guards.ts(211,22): error TS1131: Property or signature expected.
sveltekit-frontend/src/lib/utils/type-guards.ts(252,15): error TS1005: ',' expected.
sveltekit-frontend/src/lib/utils/type-guards.ts(253,10): error TS1005: ',' expected.
sveltekit-frontend/src/lib/utils/typed-array-quantization.ts(14,29): error TS1005: ',' expected.
sveltekit-frontend/src/lib/utils/typed-array-quantization.ts(59,66): error TS1005: ')' expected.
sveltekit-frontend/src/lib/utils/typed-array-quantization.ts(63,71): error TS1005: ')' expected.
sveltekit-frontend/src/lib/utils/typed-array-quantization.ts(75,51): error TS1005: ',' expected.
sveltekit-frontend/src/lib/utils/typed-array-quantization.ts(80,49): error TS1005: ')' expected.
sveltekit-frontend/src/lib/utils/typed-array-quantization.ts(107,29): error TS1005: ',' expected.
sveltekit-frontend/src/lib/utils/typed-array-quantization.ts(126,1): error TS1128: Declaration or statement expected.
sveltekit-frontend/src/lib/utils/typed-array-quantization.ts(135,31): error TS1005: ',' expected.
sveltekit-frontend/src/lib/utils/typed-array-quantization.ts(136,34): error TS1005: ',' expected.
sveltekit-frontend/src/lib/utils/typed-array-quantization.ts(203,31): error TS1005: ',' expected.
sveltekit-frontend/src/lib/utils/typed-array-quantization.ts(229,31): error TS1005: ',' expected.
sveltekit-frontend/src/lib/utils/typed-array-quantization.ts(230,45): error TS1005: ',' expected.
sveltekit-frontend/src/lib/utils/typed-array-quantization.ts(240,34): error TS1005: ',' expected.
sveltekit-frontend/src/lib/utils/typed-array-quantization.ts(242,51): error TS1005: ')' expected.
sveltekit-frontend/src/lib/utils/typed-array-quantization.ts(258,31): error TS1005: ',' expected.
sveltekit-frontend/src/lib/utils/typed-array-quantization.ts(259,34): error TS1005: ',' expected.
sveltekit-frontend/src/lib/utils/validation.ts(37,3): error TS1005: ',' expected.
sveltekit-frontend/src/lib/utils/validation.ts(44,60): error TS1005: ')' expected.
sveltekit-frontend/src/lib/utils/validation.ts(45,3): error TS1128: Declaration or statement expected.
sveltekit-frontend/src/lib/utils/validation.ts(52,60): error TS1005: ')' expected.
sveltekit-frontend/src/lib/utils/validation.ts(53,3): error TS1128: Declaration or statement expected.
sveltekit-frontend/src/lib/utils/validation.ts(119,45): error TS1005: ')' expected.
sveltekit-frontend/src/lib/utils/validation.ts(136,37): error TS1005: ')' expected.
sveltekit-frontend/src/lib/utils/validation.ts(146,13): error TS1005: ',' expected.
sveltekit-frontend/src/lib/utils/validation.ts(202,21): error TS1005: ',' expected.
sveltekit-frontend/src/lib/utils/validation.ts(213,21): error TS1005: ',' expected.
sveltekit-frontend/src/lib/utils/validation.ts(228,67): error TS1005: ')' expected.
sveltekit-frontend/src/lib/utils/validation.ts(229,66): error TS1005: ')' expected.
sveltekit-frontend/src/lib/utils/validation.ts(340,73): error TS1005: ')' expected.
sveltekit-frontend/src/lib/utils/validation.ts(344,72): error TS1005: ')' expected.
sveltekit-frontend/src/lib/utils/validation.ts(395,11): error TS1005: ',' expected.
sveltekit-frontend/src/lib/utils/validation.ts(402,65): error TS1005: ')' expected.
sveltekit-frontend/src/lib/utils/validation.ts(403,64): error TS1005: ')' expected.
sveltekit-frontend/src/lib/utils/webgpu-helpers.ts(9,17): error TS1005: ',' expected.
sveltekit-frontend/src/lib/utils/webgpu-helpers.ts(10,38): error TS1005: ',' expected.
sveltekit-frontend/src/lib/utils/webgpu-helpers.ts(39,18): error TS1005: ',' expected.
sveltekit-frontend/src/lib/vector/metadata-encoder.ts(21,1): error TS1128: Declaration or statement expected.
sveltekit-frontend/src/lib/vector/metadata-encoder.ts(35,70): error TS1005: '>' expected.
sveltekit-frontend/src/lib/vector/metadata-encoder.ts(58,34): error TS1005: ',' expected.
sveltekit-frontend/src/lib/vector/metadata-encoder.ts(74,25): error TS1005: ',' expected.
sveltekit-frontend/src/lib/vector/metadata-encoder.ts(75,35): error TS1005: ',' expected.
sveltekit-frontend/src/lib/vector/metadata-encoder.ts(105,26): error TS1005: ',' expected.
sveltekit-frontend/src/lib/vector/metadata-encoder.ts(117,25): error TS1005: ',' expected.
sveltekit-frontend/src/lib/vector/metadata-encoder.ts(279,39): error TS1005: ',' expected.
sveltekit-frontend/src/lib/vector/metadata-encoder.ts(294,25): error TS1005: ',' expected.
sveltekit-frontend/src/lib/vector/metadata-encoder.ts(295,33): error TS1005: ',' expected.
sveltekit-frontend/src/lib/vector/metadata-encoder.ts(305,25): error TS1005: ',' expected.
sveltekit-frontend/src/lib/vector/metadata-encoder.ts(306,33): error TS1005: ',' expected.
sveltekit-frontend/src/lib/vector/metadata-encoder.ts(322,12): error TS1005: '>' expected.
sveltekit-frontend/src/lib/vector/metadata-encoder.ts(322,35): error TS1005: ',' expected.
sveltekit-frontend/src/lib/vector/metadata-encoder.ts(342,12): error TS1005: '>' expected.
sveltekit-frontend/src/lib/vector/metadata-encoder.ts(342,35): error TS1005: ',' expected.
sveltekit-frontend/src/lib/vector/metadata-encoder.ts(375,57): error TS1005: ')' expected.
sveltekit-frontend/src/lib/vector/metadata-encoder.ts(382,63): error TS1005: ')' expected.
sveltekit-frontend/src/lib/vector/metadata-encoder.ts(383,55): error TS1005: ')' expected.
sveltekit-frontend/src/lib/vector/metadata-encoder.ts(392,63): error TS1005: ')' expected.
sveltekit-frontend/src/lib/vector/metadata-encoder.ts(438,19): error TS1109: Expression expected.
sveltekit-frontend/src/lib/vector/metadata-encoder.ts(441,24): error TS1109: Expression expected.
sveltekit-frontend/src/lib/vector/metadata-encoder.ts(442,24): error TS1109: Expression expected.
sveltekit-frontend/src/lib/vector/metadata-encoder.ts(443,8): error TS1128: Declaration or statement expected.
sveltekit-frontend/src/lib/vector/metadata-encoder.ts(445,5): error TS1128: Declaration or statement expected.
sveltekit-frontend/src/lib/vector/metadata-encoder.ts(466,7): error TS1005: ',' expected.
sveltekit-frontend/src/lib/vector/metadata-encoder.ts(486,72): error TS1005: ',' expected.
sveltekit-frontend/src/lib/vite/vscode-error-logger.ts(47,70): error TS1005: ')' expected.
sveltekit-frontend/src/lib/vite/vscode-extension.ts(6,1): error TS1128: Declaration or statement expected.
sveltekit-frontend/src/lib/vite/vscode-extension.ts(15,1): error TS1131: Property or signature expected.
sveltekit-frontend/src/lib/vite/vscode-extension.ts(54,73): error TS1005: ')' expected.
sveltekit-frontend/src/lib/vite/vscode-extension.ts(188,7): error TS1005: ',' expected.
sveltekit-frontend/src/lib/vite/vscode-extension.ts(244,5): error TS1131: Property or signature expected.
sveltekit-frontend/src/lib/vite/vscode-extension.ts(246,17): error TS1138: Parameter declaration expected.
sveltekit-frontend/src/lib/vite/vscode-extension.ts(246,27): error TS1005: ',' expected.
sveltekit-frontend/src/lib/vite/vscode-extension.ts(246,86): error TS1005: ';' expected.
sveltekit-frontend/src/lib/vite/vscode-extension.ts(290,3): error TS1128: Declaration or statement expected.
sveltekit-frontend/src/lib/vite/vscode-extension.ts(291,1): error TS1128: Declaration or statement expected.
sveltekit-frontend/src/lib/wasm/clustering-wasm.ts(6,1): error TS1128: Declaration or statement expected.
sveltekit-frontend/src/lib/wasm/clustering-wasm.ts(39,45): error TS1109: Expression expected.
sveltekit-frontend/src/lib/wasm/clustering-wasm.ts(39,54): error TS1005: ',' expected.
sveltekit-frontend/src/lib/wasm/clustering-wasm.ts(39,55): error TS1136: Property assignment expected.
sveltekit-frontend/src/lib/wasm/clustering-wasm.ts(49,14): error TS1005: ',' expected.
sveltekit-frontend/src/lib/wasm/clustering-wasm.ts(50,16): error TS1005: ',' expected.
sveltekit-frontend/src/lib/wasm/clustering-wasm.ts(72,27): error TS1005: ',' expected.
sveltekit-frontend/src/lib/wasm/clustering-wasm.ts(73,16): error TS1005: ',' expected.
sveltekit-frontend/src/lib/wasm/clustering-wasm.ts(92,62): error TS1005: ')' expected.
sveltekit-frontend/src/lib/wasm/clustering-wasm.ts(101,74): error TS1005: ')' expected.
sveltekit-frontend/src/lib/wasm/clustering-wasm.ts(122,74): error TS1005: ')' expected.
sveltekit-frontend/src/lib/wasm/clustering-wasm.ts(137,14): error TS1005: ',' expected.
sveltekit-frontend/src/lib/wasm/clustering-wasm.ts(138,16): error TS1005: ',' expected.
sveltekit-frontend/src/lib/wasm/clustering-wasm.ts(151,27): error TS1005: ',' expected.
sveltekit-frontend/src/lib/wasm/clustering-wasm.ts(152,16): error TS1005: ',' expected.
sveltekit-frontend/src/lib/wasm/legal-processor.ts(86,61): error TS1005: ')' expected.
sveltekit-frontend/src/lib/wasm/legal-processor.ts(130,66): error TS1005: ')' expected.
sveltekit-frontend/src/lib/wasm/legal-processor.ts(189,83): error TS1005: ')' expected.
sveltekit-frontend/src/lib/wasm/legal-processor.ts(190,83): error TS1005: ')' expected.
sveltekit-frontend/src/lib/wasm/legal-processor.ts(191,76): error TS1005: ')' expected.
sveltekit-frontend/src/lib/wasm/legal-processor.ts(192,76): error TS1005: ')' expected.
sveltekit-frontend/src/lib/wasm/legal-processor.ts(222,16): error TS1005: ')' expected.
sveltekit-frontend/src/lib/wasm/legal-processor.ts(244,10): error TS1005: ')' expected.
sveltekit-frontend/src/lib/wasm/legal-processor.ts(325,48): error TS1005: ')' expected.
sveltekit-frontend/src/lib/wasm/legal-processor.ts(356,84): error TS1005: ')' expected.
sveltekit-frontend/src/lib/wasm/legal-processor.ts(387,64): error TS1005: ')' expected.
sveltekit-frontend/src/lib/wasm/legal-processor.ts(436,55): error TS1005: ')' expected.
sveltekit-frontend/src/lib/wasm/legal-processor.ts(452,43): error TS1005: ')' expected.
sveltekit-frontend/src/lib/wasm/llvm-wasm-bridge.ts(30,1): error TS1128: Declaration or statement expected.
sveltekit-frontend/src/lib/wasm/llvm-wasm-bridge.ts(100,39): error TS1136: Property assignment expected.
sveltekit-frontend/src/lib/wasm/llvm-wasm-bridge.ts(125,17): error TS1005: ',' expected.
sveltekit-frontend/src/lib/wasm/llvm-wasm-bridge.ts(126,16): error TS1005: ',' expected.
sveltekit-frontend/src/lib/wasm/llvm-wasm-bridge.ts(131,69): error TS1136: Property assignment expected.
sveltekit-frontend/src/lib/wasm/llvm-wasm-bridge.ts(132,23): error TS1005: ',' expected.
sveltekit-frontend/src/lib/wasm/llvm-wasm-bridge.ts(134,9): error TS1005: ')' expected.
sveltekit-frontend/src/lib/wasm/llvm-wasm-bridge.ts(151,25): error TS1109: Expression expected.
sveltekit-frontend/src/lib/wasm/llvm-wasm-bridge.ts(151,34): error TS1005: ',' expected.
sveltekit-frontend/src/lib/wasm/llvm-wasm-bridge.ts(151,35): error TS1136: Property assignment expected.
sveltekit-frontend/src/lib/wasm/llvm-wasm-bridge.ts(153,24): error TS1005: ',' expected.
sveltekit-frontend/src/lib/wasm/llvm-wasm-bridge.ts(274,24): error TS1005: ',' expected.
sveltekit-frontend/src/lib/wasm/llvm-wasm-bridge.ts(275,32): error TS1005: ',' expected.
sveltekit-frontend/src/lib/wasm/llvm-wasm-bridge.ts(284,83): error TS1005: ')' expected.
sveltekit-frontend/src/lib/wasm/llvm-wasm-bridge.ts(312,24): error TS1005: ',' expected.
sveltekit-frontend/src/lib/wasm/llvm-wasm-bridge.ts(313,32): error TS1005: ',' expected.
sveltekit-frontend/src/lib/wasm/llvm-wasm-bridge.ts(343,52): error TS1005: '>' expected.
sveltekit-frontend/src/lib/wasm/llvm-wasm-bridge.ts(367,136): error TS1005: ')' expected.
sveltekit-frontend/src/lib/wasm/llvm-wasm-bridge.ts(369,29): error TS1005: ',' expected.
sveltekit-frontend/src/lib/wasm/llvm-wasm-bridge.ts(482,79): error TS1005: ')' expected.
sveltekit-frontend/src/lib/wasm/llvm-wasm-bridge.ts(502,91): error TS1005: ')' expected.
sveltekit-frontend/src/lib/wasm/llvm-wasm-bridge.ts(514,79): error TS1005: ')' expected.
sveltekit-frontend/src/lib/wasm/llvm-wasm-bridge.ts(523,82): error TS1005: ')' expected.
sveltekit-frontend/src/lib/wasm/llvm-wasm-bridge.ts(533,58): error TS1005: ')' expected.
sveltekit-frontend/src/lib/wasm/qlora-wasm-loader.ts(163,59): error TS1005: ')' expected.
sveltekit-frontend/src/lib/wasm/qlora-wasm-loader.ts(240,19): error TS1005: ',' expected.
sveltekit-frontend/src/lib/wasm/qlora-wasm-loader.ts(322,25): error TS1005: '>' expected.
sveltekit-frontend/src/lib/wasm/qlora-wasm-loader.ts(331,61): error TS1005: ')' expected.
sveltekit-frontend/src/lib/wasm/qlora-wasm-loader.ts(455,21): error TS1005: ',' expected.
sveltekit-frontend/src/lib/wasm/qlora-wasm-loader.ts(456,33): error TS1005: ',' expected.
sveltekit-frontend/src/lib/wasm/qlora-wasm-loader.ts(497,58): error TS1005: ')' expected.
sveltekit-frontend/src/lib/wasm/rust-bridge.ts(221,70): error TS1005: ')' expected.
sveltekit-frontend/src/lib/wasm/test-wasm.ts(32,83): error TS1005: ')' expected.
sveltekit-frontend/src/lib/wasm/test-wasm.ts(56,94): error TS1005: ')' expected.
sveltekit-frontend/src/lib/wasm/ultra-json-parser.ts(158,73): error TS1109: Expression expected.
sveltekit-frontend/src/lib/wasm/ultra-json-parser.ts(159,73): error TS1005: ';' expected.
sveltekit-frontend/src/lib/wasm/ultra-json-parser.ts(485,70): error TS1005: ')' expected.
sveltekit-frontend/src/lib/wasm/ultra-json-parser.ts(536,68): error TS1005: ')' expected.
sveltekit-frontend/src/lib/wasm/vector-wasm-wrapper.ts(8,1): error TS1128: Declaration or statement expected.
sveltekit-frontend/src/lib/wasm/vector-wasm-wrapper.ts(84,28): error TS1005: ',' expected.
sveltekit-frontend/src/lib/wasm/vector-wasm-wrapper.ts(85,71): error TS1005: ',' expected.
sveltekit-frontend/src/lib/wasm/wasm-llm-service.ts(5,1): error TS1128: Declaration or statement expected.
sveltekit-frontend/src/lib/wasm/wasm-llm-service.ts(274,67): error TS1005: ')' expected.
sveltekit-frontend/src/lib/wasm/wasm-llm-service.ts(284,57): error TS1005: ')' expected.
sveltekit-frontend/src/lib/wasm/wasm-llm-service.ts(303,59): error TS1005: ')' expected.
sveltekit-frontend/src/lib/wasm/wasm-llm-service.ts(307,67): error TS1005: ')' expected.
sveltekit-frontend/src/lib/wasm/wasm-llm-service.ts(314,57): error TS1005: ')' expected.
sveltekit-frontend/src/lib/wasm/webassembly-accelerator.ts(6,1): error TS1128: Declaration or statement expected.
sveltekit-frontend/src/lib/wasm/webassembly-accelerator.ts(39,10): error TS1005: ')' expected.
sveltekit-frontend/src/lib/wasm/webassembly-accelerator.ts(80,22): error TS1005: ',' expected.
sveltekit-frontend/src/lib/wasm/webassembly-accelerator.ts(122,19): error TS1005: ',' expected.
sveltekit-frontend/src/lib/wasm/webassembly-accelerator.ts(225,124): error TS1005: ')' expected.
sveltekit-frontend/src/lib/wasm/webassembly-accelerator.ts(270,32): error TS1005: ',' expected.
sveltekit-frontend/src/lib/wasm/webassembly-accelerator.ts(289,84): error TS1005: ')' expected.
sveltekit-frontend/src/lib/wasm/webassembly-accelerator.ts(298,84): error TS1005: ')' expected.
sveltekit-frontend/src/lib/wasm/webassembly-accelerator.ts(306,84): error TS1005: ')' expected.
sveltekit-frontend/src/lib/wasm/webassembly-accelerator.ts(335,19): error TS1005: ',' expected.
sveltekit-frontend/src/lib/wasm/webassembly-accelerator.ts(336,32): error TS1005: ',' expected.
sveltekit-frontend/src/lib/wasm/webassembly-accelerator.ts(338,66): error TS1005: ')' expected.
sveltekit-frontend/src/lib/wasm/webassembly-accelerator.ts(364,24): error TS1005: ',' expected.
sveltekit-frontend/src/lib/wasm/webassembly-accelerator.ts(365,35): error TS1005: ',' expected.
sveltekit-frontend/src/lib/webasm/llama-cpp-engine.ts(7,1): error TS1128: Declaration or statement expected.
sveltekit-frontend/src/lib/webasm/llama-cpp-engine.ts(217,25): error TS1005: ',' expected.
sveltekit-frontend/src/lib/webasm/llama-cpp-engine.ts(234,30): error TS1005: ',' expected.
sveltekit-frontend/src/lib/webasm/llama-cpp-engine.ts(260,30): error TS1005: ',' expected.
sveltekit-frontend/src/lib/webasm/llama-cpp-engine.ts(351,70): error TS1005: ')' expected.
sveltekit-frontend/src/lib/webasm/llama-cpp-engine.ts(362,71): error TS1005: ')' expected.
sveltekit-frontend/src/lib/webasm/llama-cpp-engine.ts(426,17): error TS1005: ',' expected.
sveltekit-frontend/src/lib/webgpu/diag.ts(41,34): error TS1005: ',' expected.
sveltekit-frontend/src/lib/webgpu/diag.ts(42,23): error TS1109: Expression expected.
sveltekit-frontend/src/lib/webgpu/diag.ts(42,32): error TS1005: ',' expected.
sveltekit-frontend/src/lib/webgpu/diag.ts(42,33): error TS1136: Property assignment expected.
sveltekit-frontend/src/lib/webgpu/diag.ts(60,34): error TS1005: ',' expected.
sveltekit-frontend/src/lib/webgpu/diag.ts(61,23): error TS1109: Expression expected.
sveltekit-frontend/src/lib/webgpu/diag.ts(61,32): error TS1005: ',' expected.
sveltekit-frontend/src/lib/webgpu/diag.ts(61,33): error TS1136: Property assignment expected.
sveltekit-frontend/src/lib/webgpu/diag.ts(139,58): error TS1109: Expression expected.
sveltekit-frontend/src/lib/webgpu/diag.ts(139,67): error TS1005: ',' expected.
sveltekit-frontend/src/lib/webgpu/diag.ts(139,68): error TS1136: Property assignment expected.
sveltekit-frontend/src/lib/webgpu/diag.ts(140,21): error TS1005: ',' expected.
sveltekit-frontend/src/lib/webgpu/diag.ts(141,7): error TS1136: Property assignment expected.
sveltekit-frontend/src/lib/webgpu/diag.ts(141,9): error TS1136: Property assignment expected.
sveltekit-frontend/src/lib/webgpu/diag.ts(143,20): error TS1109: Expression expected.
sveltekit-frontend/src/lib/webgpu/diag.ts(144,18): error TS1109: Expression expected.
sveltekit-frontend/src/lib/webgpu/diag.ts(145,29): error TS1109: Expression expected.
sveltekit-frontend/src/lib/webgpu/diag.ts(147,7): error TS1128: Declaration or statement expected.
sveltekit-frontend/src/lib/webgpu/diag.ts(150,1): error TS1128: Declaration or statement expected.
sveltekit-frontend/src/lib/webgpu/gpu-ranking-matrices.ts(281,7): error TS1005: '(' expected.
sveltekit-frontend/src/lib/webgpu/legal-document-graph.ts(17,1): error TS1128: Declaration or statement expected.
sveltekit-frontend/src/lib/webgpu/legal-document-graph.ts(356,27): error TS1005: ',' expected.
sveltekit-frontend/src/lib/webgpu/legal-document-graph.ts(361,27): error TS1005: ',' expected.
sveltekit-frontend/src/lib/webgpu/legal-document-graph.ts(366,31): error TS1005: ',' expected.
sveltekit-frontend/src/lib/webgpu/legal-document-graph.ts(429,19): error TS1137: Expression or comma expected.
sveltekit-frontend/src/lib/webgpu/legal-document-graph.ts(432,19): error TS1109: Expression expected.
sveltekit-frontend/src/lib/webgpu/legal-document-graph.ts(435,27): error TS1109: Expression expected.
sveltekit-frontend/src/lib/webgpu/legal-document-graph.ts(436,16): error TS1128: Declaration or statement expected.
sveltekit-frontend/src/lib/webgpu/legal-document-graph.ts(439,27): error TS1109: Expression expected.
sveltekit-frontend/src/lib/webgpu/legal-document-graph.ts(443,9): error TS1128: Declaration or statement expected.
sveltekit-frontend/src/lib/webgpu/legal-document-graph.ts(444,8): error TS1068: Unexpected token. A constructor, method, accessor, or property was expected.
sveltekit-frontend/src/lib/webgpu/legal-document-graph.ts(447,8): error TS1442: Expected '=' for property initializer.
sveltekit-frontend/src/lib/webgpu/legal-document-graph.ts(453,6): error TS1128: Declaration or statement expected.
sveltekit-frontend/src/lib/webgpu/legal-document-graph.ts(454,3): error TS1128: Declaration or statement expected.
sveltekit-frontend/src/lib/webgpu/legal-document-graph.ts(458,3): error TS1434: Unexpected keyword or identifier.
sveltekit-frontend/src/lib/webgpu/legal-document-graph.ts(458,33): error TS1135: Argument expression expected.
sveltekit-frontend/src/lib/webgpu/legal-document-graph.ts(458,42): error TS1005: ';' expected.
sveltekit-frontend/src/lib/webgpu/legal-document-graph.ts(458,56): error TS1109: Expression expected.
sveltekit-frontend/src/lib/webgpu/legal-document-graph.ts(459,11): error TS1005: ':' expected.
sveltekit-frontend/src/lib/webgpu/legal-document-graph.ts(459,58): error TS1005: ',' expected.
sveltekit-frontend/src/lib/webgpu/legal-document-graph.ts(460,9): error TS1005: ':' expected.
sveltekit-frontend/src/lib/webgpu/legal-document-graph.ts(461,13): error TS1005: ':' expected.
sveltekit-frontend/src/lib/webgpu/legal-document-graph.ts(464,17): error TS1005: ',' expected.
sveltekit-frontend/src/lib/webgpu/legal-document-graph.ts(465,11): error TS1003: Identifier expected.
sveltekit-frontend/src/lib/webgpu/legal-document-graph.ts(470,7): error TS1005: ',' expected.
sveltekit-frontend/src/lib/webgpu/legal-document-graph.ts(470,11): error TS1005: ':' expected.
sveltekit-frontend/src/lib/webgpu/legal-document-graph.ts(485,9): error TS1005: ')' expected.
sveltekit-frontend/src/lib/webgpu/legal-document-graph.ts(486,11): error TS1005: ':' expected.
sveltekit-frontend/src/lib/webgpu/legal-document-graph.ts(497,9): error TS1005: ',' expected.
sveltekit-frontend/src/lib/webgpu/legal-document-graph.ts(499,11): error TS1005: ':' expected.
sveltekit-frontend/src/lib/webgpu/legal-document-graph.ts(501,9): error TS1005: ',' expected.
sveltekit-frontend/src/lib/webgpu/legal-document-graph.ts(502,11): error TS1005: ':' expected.
sveltekit-frontend/src/lib/webgpu/legal-document-graph.ts(502,54): error TS1005: ',' expected.
sveltekit-frontend/src/lib/webgpu/legal-document-graph.ts(503,11): error TS1005: ':' expected.
sveltekit-frontend/src/lib/webgpu/legal-document-graph.ts(503,54): error TS1005: ',' expected.
sveltekit-frontend/src/lib/webgpu/legal-document-graph.ts(504,13): error TS1005: ',' expected.
sveltekit-frontend/src/lib/webgpu/legal-document-graph.ts(504,18): error TS1005: ',' expected.
sveltekit-frontend/src/lib/webgpu/legal-document-graph.ts(504,40): error TS1136: Property assignment expected.
sveltekit-frontend/src/lib/webgpu/legal-document-graph.ts(504,42): error TS1005: ',' expected.
sveltekit-frontend/src/lib/webgpu/legal-document-graph.ts(505,15): error TS1003: Identifier expected.
sveltekit-frontend/src/lib/webgpu/legal-document-graph.ts(505,112): error TS1005: ',' expected.
sveltekit-frontend/src/lib/webgpu/legal-document-graph.ts(506,7): error TS1005: ';' expected.
sveltekit-frontend/src/lib/webgpu/legal-document-graph.ts(509,3): error TS1128: Declaration or statement expected.
sveltekit-frontend/src/lib/webgpu/legal-document-graph.ts(513,3): error TS1128: Declaration or statement expected.
sveltekit-frontend/src/lib/webgpu/legal-document-graph.ts(513,11): error TS1434: Unexpected keyword or identifier.
sveltekit-frontend/src/lib/webgpu/legal-document-graph.ts(513,40): error TS1109: Expression expected.
sveltekit-frontend/src/lib/webgpu/legal-document-graph.ts(513,54): error TS1109: Expression expected.
sveltekit-frontend/src/lib/webgpu/legal-document-graph.ts(514,9): error TS1003: Identifier expected.
sveltekit-frontend/src/lib/webgpu/legal-document-graph.ts(514,14): error TS1005: ',' expected.
sveltekit-frontend/src/lib/webgpu/legal-document-graph.ts(514,43): error TS1005: ',' expected.
sveltekit-frontend/src/lib/webgpu/legal-document-graph.ts(514,45): error TS1136: Property assignment expected.
sveltekit-frontend/src/lib/webgpu/legal-document-graph.ts(563,3): error TS1128: Declaration or statement expected.
sveltekit-frontend/src/lib/webgpu/legal-document-graph.ts(567,21): error TS1109: Expression expected.
sveltekit-frontend/src/lib/webgpu/legal-document-graph.ts(568,13): error TS1005: ',' expected.
sveltekit-frontend/src/lib/webgpu/legal-document-graph.ts(568,35): error TS1005: ',' expected.
sveltekit-frontend/src/lib/webgpu/legal-document-graph.ts(568,37): error TS1136: Property assignment expected.
sveltekit-frontend/src/lib/webgpu/legal-document-graph.ts(581,3): error TS1128: Declaration or statement expected.
sveltekit-frontend/src/lib/webgpu/legal-document-graph.ts(585,20): error TS1109: Expression expected.
sveltekit-frontend/src/lib/webgpu/legal-document-graph.ts(586,13): error TS1005: ',' expected.
sveltekit-frontend/src/lib/webgpu/legal-document-graph.ts(586,35): error TS1005: ',' expected.
sveltekit-frontend/src/lib/webgpu/legal-document-graph.ts(586,37): error TS1136: Property assignment expected.
sveltekit-frontend/src/lib/webgpu/legal-document-graph.ts(590,3): error TS1128: Declaration or statement expected.
sveltekit-frontend/src/lib/webgpu/legal-document-graph.ts(594,3): error TS1128: Declaration or statement expected.
sveltekit-frontend/src/lib/webgpu/legal-document-graph.ts(594,35): error TS1135: Argument expression expected.
sveltekit-frontend/src/lib/webgpu/legal-document-graph.ts(594,44): error TS1005: ';' expected.
sveltekit-frontend/src/lib/webgpu/legal-document-graph.ts(595,9): error TS1003: Identifier expected.
sveltekit-frontend/src/lib/webgpu/legal-document-graph.ts(595,14): error TS1005: ',' expected.
sveltekit-frontend/src/lib/webgpu/legal-document-graph.ts(595,98): error TS1005: ',' expected.
sveltekit-frontend/src/lib/webgpu/legal-document-graph.ts(595,100): error TS1136: Property assignment expected.
sveltekit-frontend/src/lib/webgpu/legal-document-graph.ts(620,3): error TS1128: Declaration or statement expected.
sveltekit-frontend/src/lib/webgpu/legal-document-graph.ts(624,3): error TS1128: Declaration or statement expected.
sveltekit-frontend/src/lib/webgpu/legal-document-graph.ts(624,20): error TS1109: Expression expected.
sveltekit-frontend/src/lib/webgpu/legal-document-graph.ts(625,9): error TS1003: Identifier expected.
sveltekit-frontend/src/lib/webgpu/legal-document-graph.ts(625,14): error TS1005: ',' expected.
sveltekit-frontend/src/lib/webgpu/legal-document-graph.ts(625,63): error TS1005: ',' expected.
sveltekit-frontend/src/lib/webgpu/legal-document-graph.ts(625,65): error TS1136: Property assignment expected.
sveltekit-frontend/src/lib/webgpu/legal-document-graph.ts(630,26): error TS1137: Expression or comma expected.
sveltekit-frontend/src/lib/webgpu/legal-document-graph.ts(633,22): error TS1109: Expression expected.
sveltekit-frontend/src/lib/webgpu/legal-document-graph.ts(633,36): error TS1005: ';' expected.
sveltekit-frontend/src/lib/webgpu/legal-document-graph.ts(633,45): error TS1005: ';' expected.
sveltekit-frontend/src/lib/webgpu/legal-document-graph.ts(633,53): error TS1005: ';' expected.
sveltekit-frontend/src/lib/webgpu/legal-document-graph.ts(633,60): error TS1128: Declaration or statement expected.
sveltekit-frontend/src/lib/webgpu/legal-document-graph.ts(635,19): error TS1109: Expression expected.
sveltekit-frontend/src/lib/webgpu/legal-document-graph.ts(637,7): error TS1128: Declaration or statement expected.
sveltekit-frontend/src/lib/webgpu/legal-document-graph.ts(638,5): error TS1128: Declaration or statement expected.
sveltekit-frontend/src/lib/webgpu/legal-document-graph.ts(638,6): error TS1128: Declaration or statement expected.
sveltekit-frontend/src/lib/webgpu/legal-document-graph.ts(644,3): error TS1128: Declaration or statement expected.
sveltekit-frontend/src/lib/webgpu/legal-document-graph.ts(648,3): error TS1128: Declaration or statement expected.
sveltekit-frontend/src/lib/webgpu/legal-document-graph.ts(648,34): error TS1135: Argument expression expected.
sveltekit-frontend/src/lib/webgpu/legal-document-graph.ts(648,43): error TS1005: ';' expected.
sveltekit-frontend/src/lib/webgpu/legal-document-graph.ts(648,79): error TS1005: ';' expected.
sveltekit-frontend/src/lib/webgpu/legal-document-graph.ts(660,3): error TS1128: Declaration or statement expected.
sveltekit-frontend/src/lib/webgpu/legal-document-graph.ts(660,36): error TS1135: Argument expression expected.
sveltekit-frontend/src/lib/webgpu/legal-document-graph.ts(660,45): error TS1005: ';' expected.
sveltekit-frontend/src/lib/webgpu/legal-document-graph.ts(660,64): error TS1109: Expression expected.
sveltekit-frontend/src/lib/webgpu/legal-document-graph.ts(660,66): error TS1005: ';' expected.
sveltekit-frontend/src/lib/webgpu/legal-document-graph.ts(669,3): error TS1128: Declaration or statement expected.
sveltekit-frontend/src/lib/webgpu/legal-document-graph.ts(669,36): error TS1135: Argument expression expected.
sveltekit-frontend/src/lib/webgpu/legal-document-graph.ts(669,45): error TS1005: ';' expected.
sveltekit-frontend/src/lib/webgpu/legal-document-graph.ts(669,64): error TS1109: Expression expected.
sveltekit-frontend/src/lib/webgpu/legal-document-graph.ts(669,66): error TS1005: ';' expected.
sveltekit-frontend/src/lib/webgpu/legal-document-graph.ts(678,3): error TS1128: Declaration or statement expected.
sveltekit-frontend/src/lib/webgpu/legal-document-graph.ts(678,31): error TS1135: Argument expression expected.
sveltekit-frontend/src/lib/webgpu/legal-document-graph.ts(678,51): error TS1005: ';' expected.
sveltekit-frontend/src/lib/webgpu/legal-document-graph.ts(678,53): error TS1434: Unexpected keyword or identifier.
sveltekit-frontend/src/lib/webgpu/legal-document-graph.ts(690,25): error TS1109: Expression expected.
sveltekit-frontend/src/lib/webgpu/legal-document-graph.ts(708,13): error TS1109: Expression expected.
sveltekit-frontend/src/lib/webgpu/legal-document-graph.ts(709,9): error TS1005: ':' expected.
sveltekit-frontend/src/lib/webgpu/legal-document-graph.ts(709,26): error TS1005: ',' expected.
sveltekit-frontend/src/lib/webgpu/legal-document-graph.ts(710,13): error TS1005: ',' expected.
sveltekit-frontend/src/lib/webgpu/legal-document-graph.ts(710,26): error TS1005: ',' expected.
sveltekit-frontend/src/lib/webgpu/legal-document-graph.ts(710,28): error TS1136: Property assignment expected.
sveltekit-frontend/src/lib/webgpu/legal-document-graph.ts(722,3): error TS1128: Declaration or statement expected.
sveltekit-frontend/src/lib/webgpu/legal-document-graph.ts(723,1): error TS1128: Declaration or statement expected.
sveltekit-frontend/src/lib/webgpu/tensor-acceleration.ts(9,1): error TS1128: Declaration or statement expected.
sveltekit-frontend/src/lib/webgpu/tensor-acceleration.ts(280,81): error TS1005: ')' expected.
sveltekit-frontend/src/lib/webgpu/tensor-acceleration.ts(304,59): error TS1005: ')' expected.
sveltekit-frontend/src/lib/webgpu/tensor-acceleration.ts(315,74): error TS1005: ')' expected.
sveltekit-frontend/src/lib/webgpu/tensor-acceleration.ts(325,81): error TS1005: ')' expected.
sveltekit-frontend/src/lib/webgpu/tensor-acceleration.ts(467,61): error TS1005: ')' expected.
sveltekit-frontend/src/lib/webgpu/tensor-acceleration.ts(518,60): error TS1109: Expression expected.
sveltekit-frontend/src/lib/webgpu/tensor-acceleration.ts(526,83): error TS1005: ')' expected.
sveltekit-frontend/src/lib/webgpu/tensor-acceleration.ts(542,67): error TS1005: ')' expected.
sveltekit-frontend/src/lib/webgpu/tensor-acceleration.ts(602,57): error TS1005: ')' expected.
sveltekit-frontend/src/lib/webgpu/tensor-acceleration.ts(643,61): error TS1005: ')' expected.
sveltekit-frontend/src/lib/webgpu/tensor-acceleration.ts(648,69): error TS1005: ')' expected.
sveltekit-frontend/src/lib/webgpu/tensor-acceleration.ts(649,69): error TS1005: ')' expected.
sveltekit-frontend/src/lib/webgpu/texture-streaming.ts(228,19): error TS1005: ',' expected.
sveltekit-frontend/src/lib/webgpu/texture-streaming.ts(298,18): error TS1005: ',' expected.
sveltekit-frontend/src/lib/webgpu/unified-runtime-abstraction.ts(182,21): error TS1005: ',' expected.
sveltekit-frontend/src/lib/webgpu/unified-runtime-abstraction.ts(192,20): error TS1005: ',' expected.
sveltekit-frontend/src/lib/webgpu/unified-runtime-abstraction.ts(235,44): error TS1005: ',' expected.
sveltekit-frontend/src/lib/webgpu/unified-runtime-abstraction.ts(406,29): error TS1136: Property assignment expected.
sveltekit-frontend/src/lib/webgpu/unified-runtime-abstraction.ts(443,29): error TS1136: Property assignment expected.
sveltekit-frontend/src/lib/webgpu/unified-runtime-abstraction.ts(472,87): error TS1005: ')' expected.
sveltekit-frontend/src/lib/webgpu/unified-runtime-abstraction.ts(531,31): error TS1136: Property assignment expected.
sveltekit-frontend/src/lib/webgpu/unified-runtime-abstraction.ts(543,99): error TS1005: ',' expected.
sveltekit-frontend/src/lib/webgpu/unified-runtime-abstraction.ts(568,31): error TS1136: Property assignment expected.
sveltekit-frontend/src/lib/webgpu/webgpu-ai-engine.ts(17,1): error TS1128: Declaration or statement expected.
sveltekit-frontend/src/lib/webgpu/webgpu-ai-engine.ts(56,78): error TS1109: Expression expected.
sveltekit-frontend/src/lib/webgpu/webgpu-ai-engine.ts(56,87): error TS1005: ',' expected.
sveltekit-frontend/src/lib/webgpu/webgpu-ai-engine.ts(56,88): error TS1136: Property assignment expected.
sveltekit-frontend/src/lib/webgpu/webgpu-ai-engine.ts(59,78): error TS1109: Expression expected.
sveltekit-frontend/src/lib/webgpu/webgpu-ai-engine.ts(59,87): error TS1005: ',' expected.
sveltekit-frontend/src/lib/webgpu/webgpu-ai-engine.ts(59,88): error TS1136: Property assignment expected.
sveltekit-frontend/src/lib/webgpu/webgpu-ai-engine.ts(66,80): error TS1109: Expression expected.
sveltekit-frontend/src/lib/webgpu/webgpu-ai-engine.ts(66,89): error TS1005: ',' expected.
sveltekit-frontend/src/lib/webgpu/webgpu-ai-engine.ts(66,90): error TS1136: Property assignment expected.
sveltekit-frontend/src/lib/webgpu/webgpu-ai-engine.ts(84,7): error TS1005: ',' expected.
sveltekit-frontend/src/lib/webgpu/webgpu-ai-engine.ts(96,78): error TS1109: Expression expected.
sveltekit-frontend/src/lib/webgpu/webgpu-ai-engine.ts(96,87): error TS1005: ',' expected.
sveltekit-frontend/src/lib/webgpu/webgpu-ai-engine.ts(96,88): error TS1136: Property assignment expected.
sveltekit-frontend/src/lib/webgpu/webgpu-ai-engine.ts(117,78): error TS1005: ')' expected.
sveltekit-frontend/src/lib/webgpu/webgpu-ai-engine.ts(120,91): error TS1005: ')' expected.
sveltekit-frontend/src/lib/webgpu/webgpu-ai-engine.ts(126,30): error TS1005: ',' expected.
sveltekit-frontend/src/lib/webgpu/webgpu-ai-engine.ts(134,92): error TS1005: ')' expected.
sveltekit-frontend/src/lib/webgpu/webgpu-ai-engine.ts(138,78): error TS1109: Expression expected.
sveltekit-frontend/src/lib/webgpu/webgpu-ai-engine.ts(138,87): error TS1005: ',' expected.
sveltekit-frontend/src/lib/webgpu/webgpu-ai-engine.ts(138,88): error TS1136: Property assignment expected.
sveltekit-frontend/src/lib/webgpu/webgpu-ai-engine.ts(140,100): error TS1005: ')' expected.
sveltekit-frontend/src/lib/webgpu/webgpu-ai-engine.ts(222,21): error TS1005: ',' expected.
sveltekit-frontend/src/lib/webgpu/webgpu-ai-engine.ts(225,19): error TS1005: ',' expected.
sveltekit-frontend/src/lib/webgpu/webgpu-ai-engine.ts(243,90): error TS1005: ',' expected.
sveltekit-frontend/src/lib/webgpu/webgpu-ai-engine.ts(244,36): error TS1109: Expression expected.
sveltekit-frontend/src/lib/webgpu/webgpu-ai-engine.ts(244,69): error TS1005: ';' expected.
sveltekit-frontend/src/lib/webgpu/webgpu-ai-engine.ts(245,9): error TS1128: Declaration or statement expected.
sveltekit-frontend/src/lib/webgpu/webgpu-ai-engine.ts(246,8): error TS1128: Declaration or statement expected.
sveltekit-frontend/src/lib/webgpu/webgpu-ai-engine.ts(279,5): error TS1434: Unexpected keyword or identifier.
sveltekit-frontend/src/lib/webgpu/webgpu-ai-engine.ts(279,11): error TS1068: Unexpected token. A constructor, method, accessor, or property was expected.
sveltekit-frontend/src/lib/webgpu/webgpu-ai-engine.ts(279,12): error TS1434: Unexpected keyword or identifier.
sveltekit-frontend/src/lib/webgpu/webgpu-ai-engine.ts(279,17): error TS1068: Unexpected token. A constructor, method, accessor, or property was expected.
sveltekit-frontend/src/lib/webgpu/webgpu-ai-engine.ts(279,43): error TS1003: Identifier expected.
sveltekit-frontend/src/lib/webgpu/webgpu-ai-engine.ts(279,44): error TS1138: Parameter declaration expected.
sveltekit-frontend/src/lib/webgpu/webgpu-ai-engine.ts(279,56): error TS1138: Parameter declaration expected.
sveltekit-frontend/src/lib/webgpu/webgpu-ai-engine.ts(279,75): error TS1005: ',' expected.
sveltekit-frontend/src/lib/webgpu/webgpu-ai-engine.ts(279,98): error TS1005: ',' expected.
sveltekit-frontend/src/lib/webgpu/webgpu-ai-engine.ts(280,5): error TS1434: Unexpected keyword or identifier.
sveltekit-frontend/src/lib/webgpu/webgpu-ai-engine.ts(280,11): error TS1068: Unexpected token. A constructor, method, accessor, or property was expected.
sveltekit-frontend/src/lib/webgpu/webgpu-ai-engine.ts(280,12): error TS1434: Unexpected keyword or identifier.
sveltekit-frontend/src/lib/webgpu/webgpu-ai-engine.ts(280,17): error TS1068: Unexpected token. A constructor, method, accessor, or property was expected.
sveltekit-frontend/src/lib/webgpu/webgpu-ai-engine.ts(280,47): error TS1003: Identifier expected.
sveltekit-frontend/src/lib/webgpu/webgpu-ai-engine.ts(280,48): error TS1138: Parameter declaration expected.
sveltekit-frontend/src/lib/webgpu/webgpu-ai-engine.ts(280,63): error TS1138: Parameter declaration expected.
sveltekit-frontend/src/lib/webgpu/webgpu-ai-engine.ts(280,85): error TS1005: ',' expected.
sveltekit-frontend/src/lib/webgpu/webgpu-ai-engine.ts(280,111): error TS1005: ',' expected.
sveltekit-frontend/src/lib/webgpu/webgpu-ai-engine.ts(281,5): error TS1434: Unexpected keyword or identifier.
sveltekit-frontend/src/lib/webgpu/webgpu-ai-engine.ts(281,11): error TS1068: Unexpected token. A constructor, method, accessor, or property was expected.
sveltekit-frontend/src/lib/webgpu/webgpu-ai-engine.ts(281,12): error TS1434: Unexpected keyword or identifier.
sveltekit-frontend/src/lib/webgpu/webgpu-ai-engine.ts(281,17): error TS1068: Unexpected token. A constructor, method, accessor, or property was expected.
sveltekit-frontend/src/lib/webgpu/webgpu-ai-engine.ts(281,44): error TS1003: Identifier expected.
sveltekit-frontend/src/lib/webgpu/webgpu-ai-engine.ts(281,45): error TS1138: Parameter declaration expected.
sveltekit-frontend/src/lib/webgpu/webgpu-ai-engine.ts(295,5): error TS1434: Unexpected keyword or identifier.
sveltekit-frontend/src/lib/webgpu/webgpu-ai-engine.ts(295,16): error TS1068: Unexpected token. A constructor, method, accessor, or property was expected.
sveltekit-frontend/src/lib/webgpu/webgpu-ai-engine.ts(296,5): error TS1434: Unexpected keyword or identifier.
sveltekit-frontend/src/lib/webgpu/webgpu-ai-engine.ts(296,16): error TS1068: Unexpected token. A constructor, method, accessor, or property was expected.
sveltekit-frontend/src/lib/webgpu/webgpu-ai-engine.ts(296,30): error TS1003: Identifier expected.
sveltekit-frontend/src/lib/webgpu/webgpu-ai-engine.ts(296,31): error TS1138: Parameter declaration expected.
sveltekit-frontend/src/lib/webgpu/webgpu-ai-engine.ts(297,5): error TS1434: Unexpected keyword or identifier.
sveltekit-frontend/src/lib/webgpu/webgpu-ai-engine.ts(297,16): error TS1068: Unexpected token. A constructor, method, accessor, or property was expected.
sveltekit-frontend/src/lib/webgpu/webgpu-ai-engine.ts(297,41): error TS1138: Parameter declaration expected.
sveltekit-frontend/src/lib/webgpu/webgpu-ai-engine.ts(297,47): error TS1005: ',' expected.
sveltekit-frontend/src/lib/webgpu/webgpu-ai-engine.ts(309,99): error TS1005: ')' expected.
sveltekit-frontend/src/lib/webgpu/webgpu-ai-engine.ts(330,3): error TS1128: Declaration or statement expected.
sveltekit-frontend/src/lib/webgpu/webgpu-ai-engine.ts(334,3): error TS1434: Unexpected keyword or identifier.
sveltekit-frontend/src/lib/webgpu/webgpu-ai-engine.ts(335,12): error TS1135: Argument expression expected.
sveltekit-frontend/src/lib/webgpu/webgpu-ai-engine.ts(336,5): error TS1005: ',' expected.
sveltekit-frontend/src/lib/webgpu/webgpu-ai-engine.ts(336,20): error TS1135: Argument expression expected.
sveltekit-frontend/src/lib/webgpu/webgpu-ai-engine.ts(337,5): error TS1005: ',' expected.
sveltekit-frontend/src/lib/webgpu/webgpu-ai-engine.ts(337,16): error TS1135: Argument expression expected.
sveltekit-frontend/src/lib/webgpu/webgpu-ai-engine.ts(338,14): error TS1135: Argument expression expected.
sveltekit-frontend/src/lib/webgpu/webgpu-ai-engine.ts(338,28): error TS1005: ')' expected.
sveltekit-frontend/src/lib/webgpu/webgpu-ai-engine.ts(339,3): error TS1128: Declaration or statement expected.
sveltekit-frontend/src/lib/webgpu/webgpu-ai-engine.ts(339,4): error TS1128: Declaration or statement expected.
sveltekit-frontend/src/lib/webgpu/webgpu-ai-engine.ts(340,9): error TS1003: Identifier expected.
sveltekit-frontend/src/lib/webgpu/webgpu-ai-engine.ts(340,14): error TS1005: ',' expected.
sveltekit-frontend/src/lib/webgpu/webgpu-ai-engine.ts(340,70): error TS1005: ',' expected.
sveltekit-frontend/src/lib/webgpu/webgpu-ai-engine.ts(340,72): error TS1136: Property assignment expected.
sveltekit-frontend/src/lib/webgpu/webgpu-ai-engine.ts(398,94): error TS1005: ')' expected.
sveltekit-frontend/src/lib/webgpu/webgpu-ai-engine.ts(408,99): error TS1005: ')' expected.
sveltekit-frontend/src/lib/webgpu/webgpu-ai-engine.ts(427,3): error TS1128: Declaration or statement expected.
sveltekit-frontend/src/lib/webgpu/webgpu-ai-engine.ts(432,12): error TS1135: Argument expression expected.
sveltekit-frontend/src/lib/webgpu/webgpu-ai-engine.ts(433,5): error TS1005: ',' expected.
sveltekit-frontend/src/lib/webgpu/webgpu-ai-engine.ts(433,13): error TS1135: Argument expression expected.
sveltekit-frontend/src/lib/webgpu/webgpu-ai-engine.ts(434,5): error TS1005: ',' expected.
sveltekit-frontend/src/lib/webgpu/webgpu-ai-engine.ts(434,24): error TS1135: Argument expression expected.
sveltekit-frontend/src/lib/webgpu/webgpu-ai-engine.ts(434,39): error TS1109: Expression expected.
sveltekit-frontend/src/lib/webgpu/webgpu-ai-engine.ts(434,40): error TS1109: Expression expected.
sveltekit-frontend/src/lib/webgpu/webgpu-ai-engine.ts(434,41): error TS1005: ')' expected.
sveltekit-frontend/src/lib/webgpu/webgpu-ai-engine.ts(435,3): error TS1128: Declaration or statement expected.
sveltekit-frontend/src/lib/webgpu/webgpu-ai-engine.ts(435,4): error TS1128: Declaration or statement expected.
sveltekit-frontend/src/lib/webgpu/webgpu-ai-engine.ts(437,24): error TS1011: An element access expression should take an argument.
sveltekit-frontend/src/lib/webgpu/webgpu-ai-engine.ts(438,28): error TS1011: An element access expression should take an argument.
sveltekit-frontend/src/lib/webgpu/webgpu-ai-engine.ts(439,25): error TS1011: An element access expression should take an argument.
sveltekit-frontend/src/lib/webgpu/webgpu-ai-engine.ts(473,25): error TS1109: Expression expected.
sveltekit-frontend/src/lib/webgpu/webgpu-ai-engine.ts(495,78): error TS1005: ')' expected.
sveltekit-frontend/src/lib/webgpu/webgpu-ai-engine.ts(532,21): error TS1109: Expression expected.
sveltekit-frontend/src/lib/webgpu/webgpu-ai-engine.ts(535,29): error TS1011: An element access expression should take an argument.
sveltekit-frontend/src/lib/webgpu/webgpu-ai-engine.ts(538,87): error TS1109: Expression expected.
sveltekit-frontend/src/lib/webgpu/webgpu-ai-engine.ts(538,96): error TS1005: ',' expected.
sveltekit-frontend/src/lib/webgpu/webgpu-ai-engine.ts(538,97): error TS1136: Property assignment expected.
sveltekit-frontend/src/lib/webgpu/webgpu-ai-engine.ts(554,1): error TS1128: Declaration or statement expected.
sveltekit-frontend/src/lib/webgpu/webgpu-diagnostics.ts(4,1): error TS1128: Declaration or statement expected.
sveltekit-frontend/src/lib/webgpu/webgpu-polyfill.ts(103,36): error TS1135: Argument expression expected.
sveltekit-frontend/src/lib/webgpu/webgpu-rag-service.ts(88,48): error TS1136: Property assignment expected.
sveltekit-frontend/src/lib/webgpu/webgpu-rag-service.ts(92,15): error TS1005: ',' expected.
sveltekit-frontend/src/lib/webgpu/webgpu-rag-service.ts(129,28): error TS1005: ',' expected.
sveltekit-frontend/src/lib/webgpu/webgpu-rag-service.ts(181,63): error TS1005: ',' expected.
sveltekit-frontend/src/lib/workers/ai-service-worker.ts(8,1): error TS1128: Declaration or statement expected.
sveltekit-frontend/src/lib/workers/ai-service-worker.ts(158,17): error TS1005: ',' expected.
sveltekit-frontend/src/lib/workers/ai-service-worker.ts(159,24): error TS1005: ',' expected.
sveltekit-frontend/src/lib/workers/ai-service-worker.ts(163,50): error TS1005: ')' expected.
sveltekit-frontend/src/lib/workers/ai-service-worker.ts(183,17): error TS1005: ',' expected.
sveltekit-frontend/src/lib/workers/ai-service-worker.ts(184,24): error TS1005: ',' expected.
sveltekit-frontend/src/lib/workers/ai-service-worker.ts(189,29): error TS1136: Property assignment expected.
sveltekit-frontend/src/lib/workers/ai-service-worker.ts(191,9): error TS1005: ',' expected.
sveltekit-frontend/src/lib/workers/ai-service-worker.ts(212,7): error TS1005: ',' expected.
sveltekit-frontend/src/lib/workers/ai-service-worker.ts(223,17): error TS1005: ',' expected.
sveltekit-frontend/src/lib/workers/ai-service-worker.ts(224,24): error TS1005: ',' expected.
sveltekit-frontend/src/lib/workers/ai-service-worker.ts(229,29): error TS1136: Property assignment expected.
sveltekit-frontend/src/lib/workers/ai-service-worker.ts(257,17): error TS1005: ',' expected.
sveltekit-frontend/src/lib/workers/ai-service-worker.ts(258,24): error TS1005: ',' expected.
sveltekit-frontend/src/lib/workers/ai-service-worker.ts(263,29): error TS1136: Property assignment expected.
sveltekit-frontend/src/lib/workers/ai-service-worker.ts(339,60): error TS1005: ')' expected.
sveltekit-frontend/src/lib/workers/cache-worker.ts(36,26): error TS1005: ')' expected.
sveltekit-frontend/src/lib/workers/embedding-worker-enhanced.ts(239,25): error TS1005: ',' expected.
sveltekit-frontend/src/lib/workers/embedding-worker-enhanced.ts(378,17): error TS1005: ',' expected.
sveltekit-frontend/src/lib/workers/embedding-worker-enhanced.ts(413,24): error TS1005: ',' expected.
sveltekit-frontend/src/lib/workers/embedding-worker.ts(76,24): error TS1005: ',' expected.
sveltekit-frontend/src/lib/workers/embedding-worker.ts(202,41): error TS1136: Property assignment expected.
sveltekit-frontend/src/lib/workers/embedding-worker.ts(205,22): error TS1005: ',' expected.
sveltekit-frontend/src/lib/workers/embedding-worker.ts(211,9): error TS1005: ')' expected.
sveltekit-frontend/src/lib/workers/embedding-worker.ts(232,40): error TS1005: ')' expected.
sveltekit-frontend/src/lib/workers/embedding-worker.ts(463,5): error TS1005: ',' expected.
sveltekit-frontend/src/lib/workers/embedding-worker.ts(468,5): error TS1005: ',' expected.
sveltekit-frontend/src/lib/workers/embedding-worker.ts(473,5): error TS1005: ',' expected.
sveltekit-frontend/src/lib/workers/embedding-worker.ts(478,14): error TS1005: ',' expected.
sveltekit-frontend/src/lib/workers/error-analysis-worker.ts(5,1): error TS1128: Declaration or statement expected.
sveltekit-frontend/src/lib/workers/error-analysis-worker.ts(89,45): error TS1005: ')' expected.
sveltekit-frontend/src/lib/workers/error-analysis-worker.ts(172,44): error TS1005: ')' expected.
sveltekit-frontend/src/lib/workers/gpu-compute-worker.ts(184,29): error TS1005: ',' expected.
sveltekit-frontend/src/lib/workers/gpu-compute-worker.ts(211,29): error TS1005: ',' expected.
sveltekit-frontend/src/lib/workers/gpu-compute-worker.ts(217,77): error TS1005: ')' expected.
sveltekit-frontend/src/lib/workers/gpu-compute-worker.ts(294,57): error TS1005: ')' expected.
sveltekit-frontend/src/lib/workers/gpu-compute-worker.ts(332,64): error TS1109: Expression expected.
sveltekit-frontend/src/lib/workers/gpu-compute-worker.ts(332,73): error TS1005: ',' expected.
sveltekit-frontend/src/lib/workers/gpu-compute-worker.ts(332,74): error TS1136: Property assignment expected.
sveltekit-frontend/src/lib/workers/gpu-tensor-worker.ts(239,66): error TS1005: ')' expected.
sveltekit-frontend/src/lib/workers/gpu-tensor-worker.ts(249,73): error TS1005: ')' expected.
sveltekit-frontend/src/lib/workers/gpu-tensor-worker.ts(284,71): error TS1005: ')' expected.
sveltekit-frontend/src/lib/workers/gpu-tensor-worker.ts(333,19): error TS1005: ',' expected.
sveltekit-frontend/src/lib/workers/job-state.ts(31,69): error TS1005: ')' expected.
sveltekit-frontend/src/lib/workers/job-state.ts(52,97): error TS1005: ')' expected.
sveltekit-frontend/src/lib/workers/job-state.ts(77,73): error TS1109: Expression expected.
sveltekit-frontend/src/lib/workers/legal-ai-worker.ts(91,28): error TS1005: ',' expected.
sveltekit-frontend/src/lib/workers/legal-ai-worker.ts(117,80): error TS1005: ')' expected.
sveltekit-frontend/src/lib/workers/legal-ai-worker.ts(153,35): error TS1005: ',' expected.
sveltekit-frontend/src/lib/workers/legal-ai-worker.ts(172,13): error TS1128: Declaration or statement expected.
sveltekit-frontend/src/lib/workers/legal-ai-worker.ts(181,78): error TS1005: ')' expected.
sveltekit-frontend/src/lib/workers/legal-ai-worker.ts(182,11): error TS1005: 'try' expected.
sveltekit-frontend/src/lib/workers/legal-ai-worker.ts(186,7): error TS1128: Declaration or statement expected.
sveltekit-frontend/src/lib/workers/legal-ai-worker.ts(187,5): error TS1128: Declaration or statement expected.
sveltekit-frontend/src/lib/workers/legal-ai-worker.ts(187,6): error TS1128: Declaration or statement expected.
sveltekit-frontend/src/lib/workers/legal-ai-worker.ts(191,14): error TS1109: Expression expected.
sveltekit-frontend/src/lib/workers/legal-ai-worker.ts(193,9): error TS1109: Expression expected.
sveltekit-frontend/src/lib/workers/legal-ai-worker.ts(193,50): error TS1136: Property assignment expected.
sveltekit-frontend/src/lib/workers/legal-ai-worker.ts(197,8): error TS1128: Declaration or statement expected.
sveltekit-frontend/src/lib/workers/legal-ai-worker.ts(199,24): error TS1109: Expression expected.
sveltekit-frontend/src/lib/workers/legal-ai-worker.ts(199,39): error TS1128: Declaration or statement expected.
sveltekit-frontend/src/lib/workers/legal-ai-worker.ts(200,34): error TS1128: Declaration or statement expected.
sveltekit-frontend/src/lib/workers/legal-ai-worker.ts(202,3): error TS1128: Declaration or statement expected.
sveltekit-frontend/src/lib/workers/legal-ai-worker.ts(221,1): error TS1128: Declaration or statement expected.
sveltekit-frontend/src/lib/workers/legal-ai-worker.ts(238,48): error TS1136: Property assignment expected.
sveltekit-frontend/src/lib/workers/legal-ai-worker.ts(267,48): error TS1136: Property assignment expected.
sveltekit-frontend/src/lib/workers/predictive-prefetch.ts(492,13): error TS1005: '(' expected.
sveltekit-frontend/src/lib/workers/recursive-evidence-chain-worker.ts(61,33): error TS1005: ',' expected.
sveltekit-frontend/src/lib/workers/recursive-evidence-chain-worker.ts(95,12): error TS1005: ';' expected.
sveltekit-frontend/src/lib/workers/recursive-evidence-chain-worker.ts(95,13): error TS1005: ')' expected.
sveltekit-frontend/src/lib/workers/recursive-evidence-chain-worker.ts(96,10): error TS1472: 'catch' or 'finally' expected.
sveltekit-frontend/src/lib/workers/recursive-evidence-chain-worker.ts(97,7): error TS1128: Declaration or statement expected.
sveltekit-frontend/src/lib/workers/recursive-evidence-chain-worker.ts(142,3): error TS1128: Declaration or statement expected.
sveltekit-frontend/src/lib/workers/recursive-evidence-chain-worker.ts(142,11): error TS1434: Unexpected keyword or identifier.
sveltekit-frontend/src/lib/workers/recursive-evidence-chain-worker.ts(142,46): error TS1135: Argument expression expected.
sveltekit-frontend/src/lib/workers/recursive-evidence-chain-worker.ts(142,55): error TS1005: ';' expected.
sveltekit-frontend/src/lib/workers/recursive-evidence-chain-worker.ts(143,9): error TS1005: ':' expected.
sveltekit-frontend/src/lib/workers/recursive-evidence-chain-worker.ts(145,11): error TS1003: Identifier expected.
sveltekit-frontend/src/lib/workers/recursive-evidence-chain-worker.ts(145,21): error TS1138: Parameter declaration expected.
sveltekit-frontend/src/lib/workers/recursive-evidence-chain-worker.ts(145,25): error TS1005: ',' expected.
sveltekit-frontend/src/lib/workers/recursive-evidence-chain-worker.ts(145,27): error TS1136: Property assignment expected.
sveltekit-frontend/src/lib/workers/recursive-evidence-chain-worker.ts(149,5): error TS1128: Declaration or statement expected.
sveltekit-frontend/src/lib/workers/recursive-evidence-chain-worker.ts(149,7): error TS1005: 'try' expected.
sveltekit-frontend/src/lib/workers/recursive-evidence-chain-worker.ts(153,3): error TS1128: Declaration or statement expected.
sveltekit-frontend/src/lib/workers/recursive-evidence-chain-worker.ts(154,3): error TS1128: Declaration or statement expected.
sveltekit-frontend/src/lib/workers/recursive-evidence-chain-worker.ts(154,11): error TS1434: Unexpected keyword or identifier.
sveltekit-frontend/src/lib/workers/recursive-evidence-chain-worker.ts(154,46): error TS1135: Argument expression expected.
sveltekit-frontend/src/lib/workers/recursive-evidence-chain-worker.ts(154,55): error TS1005: ';' expected.
sveltekit-frontend/src/lib/workers/recursive-evidence-chain-worker.ts(154,76): error TS1011: An element access expression should take an argument.
sveltekit-frontend/src/lib/workers/recursive-evidence-chain-worker.ts(155,9): error TS1005: ':' expected.
sveltekit-frontend/src/lib/workers/recursive-evidence-chain-worker.ts(157,11): error TS1003: Identifier expected.
sveltekit-frontend/src/lib/workers/recursive-evidence-chain-worker.ts(157,21): error TS1138: Parameter declaration expected.
sveltekit-frontend/src/lib/workers/recursive-evidence-chain-worker.ts(157,25): error TS1005: ',' expected.
sveltekit-frontend/src/lib/workers/recursive-evidence-chain-worker.ts(157,27): error TS1136: Property assignment expected.
sveltekit-frontend/src/lib/workers/recursive-evidence-chain-worker.ts(162,5): error TS1128: Declaration or statement expected.
sveltekit-frontend/src/lib/workers/recursive-evidence-chain-worker.ts(162,7): error TS1005: 'try' expected.
sveltekit-frontend/src/lib/workers/recursive-evidence-chain-worker.ts(166,3): error TS1128: Declaration or statement expected.
sveltekit-frontend/src/lib/workers/recursive-evidence-chain-worker.ts(167,3): error TS1128: Declaration or statement expected.
sveltekit-frontend/src/lib/workers/recursive-evidence-chain-worker.ts(167,11): error TS1434: Unexpected keyword or identifier.
sveltekit-frontend/src/lib/workers/recursive-evidence-chain-worker.ts(167,48): error TS1135: Argument expression expected.
sveltekit-frontend/src/lib/workers/recursive-evidence-chain-worker.ts(167,57): error TS1005: ';' expected.
sveltekit-frontend/src/lib/workers/recursive-evidence-chain-worker.ts(167,83): error TS1011: An element access expression should take an argument.
sveltekit-frontend/src/lib/workers/recursive-evidence-chain-worker.ts(168,9): error TS1005: ':' expected.
sveltekit-frontend/src/lib/workers/recursive-evidence-chain-worker.ts(170,13): error TS1005: ':' expected.
sveltekit-frontend/src/lib/workers/recursive-evidence-chain-worker.ts(173,31): error TS1136: Property assignment expected.
sveltekit-frontend/src/lib/workers/recursive-evidence-chain-worker.ts(178,9): error TS1005: ',' expected.
sveltekit-frontend/src/lib/workers/recursive-evidence-chain-worker.ts(179,11): error TS1003: Identifier expected.
sveltekit-frontend/src/lib/workers/recursive-evidence-chain-worker.ts(179,21): error TS1138: Parameter declaration expected.
sveltekit-frontend/src/lib/workers/recursive-evidence-chain-worker.ts(179,25): error TS1005: ',' expected.
sveltekit-frontend/src/lib/workers/recursive-evidence-chain-worker.ts(179,27): error TS1136: Property assignment expected.
sveltekit-frontend/src/lib/workers/recursive-evidence-chain-worker.ts(184,68): error TS1136: Property assignment expected.
sveltekit-frontend/src/lib/workers/recursive-evidence-chain-worker.ts(190,5): error TS1128: Declaration or statement expected.
sveltekit-frontend/src/lib/workers/recursive-evidence-chain-worker.ts(190,7): error TS1005: 'try' expected.
sveltekit-frontend/src/lib/workers/recursive-evidence-chain-worker.ts(194,3): error TS1128: Declaration or statement expected.
sveltekit-frontend/src/lib/workers/recursive-evidence-chain-worker.ts(195,3): error TS1128: Declaration or statement expected.
sveltekit-frontend/src/lib/workers/recursive-evidence-chain-worker.ts(195,11): error TS1434: Unexpected keyword or identifier.
sveltekit-frontend/src/lib/workers/recursive-evidence-chain-worker.ts(196,16): error TS1135: Argument expression expected.
sveltekit-frontend/src/lib/workers/recursive-evidence-chain-worker.ts(197,5): error TS1005: ',' expected.
sveltekit-frontend/src/lib/workers/recursive-evidence-chain-worker.ts(197,21): error TS1135: Argument expression expected.
sveltekit-frontend/src/lib/workers/recursive-evidence-chain-worker.ts(197,39): error TS1109: Expression expected.
sveltekit-frontend/src/lib/workers/recursive-evidence-chain-worker.ts(197,40): error TS1109: Expression expected.
sveltekit-frontend/src/lib/workers/recursive-evidence-chain-worker.ts(197,41): error TS1005: ')' expected.
sveltekit-frontend/src/lib/workers/recursive-evidence-chain-worker.ts(198,3): error TS1128: Declaration or statement expected.
sveltekit-frontend/src/lib/workers/recursive-evidence-chain-worker.ts(198,4): error TS1128: Declaration or statement expected.
sveltekit-frontend/src/lib/workers/recursive-evidence-chain-worker.ts(198,35): error TS1011: An element access expression should take an argument.
sveltekit-frontend/src/lib/workers/recursive-evidence-chain-worker.ts(199,11): error TS1005: ':' expected.
sveltekit-frontend/src/lib/workers/recursive-evidence-chain-worker.ts(199,50): error TS1109: Expression expected.
sveltekit-frontend/src/lib/workers/recursive-evidence-chain-worker.ts(199,51): error TS1005: ':' expected.
sveltekit-frontend/src/lib/workers/recursive-evidence-chain-worker.ts(199,53): error TS1136: Property assignment expected.
sveltekit-frontend/src/lib/workers/recursive-evidence-chain-worker.ts(199,56): error TS1109: Expression expected.
sveltekit-frontend/src/lib/workers/recursive-evidence-chain-worker.ts(199,57): error TS1005: ':' expected.
sveltekit-frontend/src/lib/workers/recursive-evidence-chain-worker.ts(200,10): error TS1359: Identifier expected. 'const' is a reserved word that cannot be used here.
sveltekit-frontend/src/lib/workers/recursive-evidence-chain-worker.ts(200,16): error TS1005: ',' expected.
sveltekit-frontend/src/lib/workers/recursive-evidence-chain-worker.ts(200,29): error TS1005: ',' expected.
sveltekit-frontend/src/lib/workers/recursive-evidence-chain-worker.ts(208,5): error TS1005: ',' expected.
sveltekit-frontend/src/lib/workers/recursive-evidence-chain-worker.ts(208,12): error TS1005: ':' expected.
sveltekit-frontend/src/lib/workers/recursive-evidence-chain-worker.ts(208,26): error TS1005: ',' expected.
sveltekit-frontend/src/lib/workers/recursive-evidence-chain-worker.ts(210,3): error TS1128: Declaration or statement expected.
sveltekit-frontend/src/lib/workers/recursive-evidence-chain-worker.ts(210,11): error TS1434: Unexpected keyword or identifier.
sveltekit-frontend/src/lib/workers/recursive-evidence-chain-worker.ts(211,16): error TS1135: Argument expression expected.
sveltekit-frontend/src/lib/workers/recursive-evidence-chain-worker.ts(212,5): error TS1005: ',' expected.
sveltekit-frontend/src/lib/workers/recursive-evidence-chain-worker.ts(212,13): error TS1135: Argument expression expected.
sveltekit-frontend/src/lib/workers/recursive-evidence-chain-worker.ts(212,31): error TS1005: ')' expected.
sveltekit-frontend/src/lib/workers/recursive-evidence-chain-worker.ts(213,3): error TS1128: Declaration or statement expected.
sveltekit-frontend/src/lib/workers/recursive-evidence-chain-worker.ts(213,4): error TS1128: Declaration or statement expected.
sveltekit-frontend/src/lib/workers/recursive-evidence-chain-worker.ts(215,11): error TS1005: ':' expected.
sveltekit-frontend/src/lib/workers/recursive-evidence-chain-worker.ts(215,79): error TS1005: ',' expected.
sveltekit-frontend/src/lib/workers/recursive-evidence-chain-worker.ts(216,11): error TS1005: ':' expected.
sveltekit-frontend/src/lib/workers/recursive-evidence-chain-worker.ts(216,92): error TS1005: ',' expected.
sveltekit-frontend/src/lib/workers/recursive-evidence-chain-worker.ts(217,11): error TS1005: ':' expected.
sveltekit-frontend/src/lib/workers/recursive-evidence-chain-worker.ts(217,92): error TS1005: ',' expected.
sveltekit-frontend/src/lib/workers/recursive-evidence-chain-worker.ts(218,9): error TS1005: ',' expected.
sveltekit-frontend/src/lib/workers/recursive-evidence-chain-worker.ts(218,102): error TS1005: ',' expected.
sveltekit-frontend/src/lib/workers/recursive-evidence-chain-worker.ts(219,9): error TS1005: ',' expected.
sveltekit-frontend/src/lib/workers/recursive-evidence-chain-worker.ts(219,37): error TS1005: ',' expected.
sveltekit-frontend/src/lib/workers/recursive-evidence-chain-worker.ts(220,9): error TS1005: ',' expected.
sveltekit-frontend/src/lib/workers/recursive-evidence-chain-worker.ts(220,76): error TS1005: ',' expected.
sveltekit-frontend/src/lib/workers/recursive-evidence-chain-worker.ts(228,5): error TS1005: ',' expected.
sveltekit-frontend/src/lib/workers/recursive-evidence-chain-worker.ts(232,5): error TS1005: ',' expected.
sveltekit-frontend/src/lib/workers/recursive-evidence-chain-worker.ts(232,12): error TS1005: ':' expected.
sveltekit-frontend/src/lib/workers/recursive-evidence-chain-worker.ts(241,3): error TS1128: Declaration or statement expected.
sveltekit-frontend/src/lib/workers/recursive-evidence-chain-worker.ts(241,11): error TS1434: Unexpected keyword or identifier.
sveltekit-frontend/src/lib/workers/recursive-evidence-chain-worker.ts(241,43): error TS1135: Argument expression expected.
sveltekit-frontend/src/lib/workers/recursive-evidence-chain-worker.ts(241,65): error TS1005: ',' expected.
sveltekit-frontend/src/lib/workers/recursive-evidence-chain-worker.ts(241,75): error TS1005: ';' expected.
sveltekit-frontend/src/lib/workers/recursive-evidence-chain-worker.ts(243,9): error TS1005: ':' expected.
sveltekit-frontend/src/lib/workers/recursive-evidence-chain-worker.ts(244,13): error TS1005: ':' expected.
sveltekit-frontend/src/lib/workers/recursive-evidence-chain-worker.ts(247,9): error TS1005: ',' expected.
sveltekit-frontend/src/lib/workers/recursive-evidence-chain-worker.ts(248,14): error TS1005: ':' expected.
sveltekit-frontend/src/lib/workers/recursive-evidence-chain-worker.ts(253,8): error TS1005: ',' expected.
sveltekit-frontend/src/lib/workers/recursive-evidence-chain-worker.ts(254,7): error TS1005: ',' expected.
sveltekit-frontend/src/lib/workers/recursive-evidence-chain-worker.ts(254,12): error TS1005: ':' expected.
sveltekit-frontend/src/lib/workers/recursive-evidence-chain-worker.ts(254,14): error TS1136: Property assignment expected.
sveltekit-frontend/src/lib/workers/recursive-evidence-chain-worker.ts(257,3): error TS1128: Declaration or statement expected.
sveltekit-frontend/src/lib/workers/recursive-evidence-chain-worker.ts(258,3): error TS1128: Declaration or statement expected.
sveltekit-frontend/src/lib/workers/recursive-evidence-chain-worker.ts(258,11): error TS1434: Unexpected keyword or identifier.
sveltekit-frontend/src/lib/workers/recursive-evidence-chain-worker.ts(258,53): error TS1135: Argument expression expected.
sveltekit-frontend/src/lib/workers/recursive-evidence-chain-worker.ts(258,75): error TS1005: ',' expected.
sveltekit-frontend/src/lib/workers/recursive-evidence-chain-worker.ts(258,85): error TS1005: ';' expected.
sveltekit-frontend/src/lib/workers/recursive-evidence-chain-worker.ts(260,9): error TS1005: ':' expected.
sveltekit-frontend/src/lib/workers/recursive-evidence-chain-worker.ts(261,13): error TS1005: ':' expected.
sveltekit-frontend/src/lib/workers/recursive-evidence-chain-worker.ts(264,9): error TS1005: ',' expected.
sveltekit-frontend/src/lib/workers/recursive-evidence-chain-worker.ts(265,13): error TS1005: ':' expected.
sveltekit-frontend/src/lib/workers/recursive-evidence-chain-worker.ts(265,87): error TS1005: ',' expected.
sveltekit-frontend/src/lib/workers/recursive-evidence-chain-worker.ts(266,13): error TS1005: ':' expected.
sveltekit-frontend/src/lib/workers/recursive-evidence-chain-worker.ts(266,87): error TS1005: ',' expected.
sveltekit-frontend/src/lib/workers/recursive-evidence-chain-worker.ts(268,14): error TS1005: ':' expected.
sveltekit-frontend/src/lib/workers/recursive-evidence-chain-worker.ts(268,69): error TS1005: ':' expected.
sveltekit-frontend/src/lib/workers/recursive-evidence-chain-worker.ts(269,7): error TS1005: ',' expected.
sveltekit-frontend/src/lib/workers/recursive-evidence-chain-worker.ts(269,12): error TS1005: ':' expected.
sveltekit-frontend/src/lib/workers/recursive-evidence-chain-worker.ts(269,14): error TS1136: Property assignment expected.
sveltekit-frontend/src/lib/workers/recursive-evidence-chain-worker.ts(272,3): error TS1128: Declaration or statement expected.
sveltekit-frontend/src/lib/workers/recursive-evidence-chain-worker.ts(273,3): error TS1128: Declaration or statement expected.
sveltekit-frontend/src/lib/workers/recursive-evidence-chain-worker.ts(273,11): error TS1434: Unexpected keyword or identifier.
sveltekit-frontend/src/lib/workers/recursive-evidence-chain-worker.ts(273,53): error TS1135: Argument expression expected.
sveltekit-frontend/src/lib/workers/recursive-evidence-chain-worker.ts(273,75): error TS1005: ',' expected.
sveltekit-frontend/src/lib/workers/recursive-evidence-chain-worker.ts(273,85): error TS1005: ';' expected.
sveltekit-frontend/src/lib/workers/recursive-evidence-chain-worker.ts(275,9): error TS1005: ':' expected.
sveltekit-frontend/src/lib/workers/recursive-evidence-chain-worker.ts(276,13): error TS1005: ':' expected.
sveltekit-frontend/src/lib/workers/recursive-evidence-chain-worker.ts(279,9): error TS1005: ',' expected.
sveltekit-frontend/src/lib/workers/recursive-evidence-chain-worker.ts(280,14): error TS1005: ':' expected.
sveltekit-frontend/src/lib/workers/recursive-evidence-chain-worker.ts(281,80): error TS1005: ')' expected.
sveltekit-frontend/src/lib/workers/recursive-evidence-chain-worker.ts(282,7): error TS1005: ',' expected.
sveltekit-frontend/src/lib/workers/recursive-evidence-chain-worker.ts(282,12): error TS1005: ':' expected.
sveltekit-frontend/src/lib/workers/recursive-evidence-chain-worker.ts(282,14): error TS1136: Property assignment expected.
sveltekit-frontend/src/lib/workers/recursive-evidence-chain-worker.ts(285,3): error TS1128: Declaration or statement expected.
sveltekit-frontend/src/lib/workers/recursive-evidence-chain-worker.ts(286,3): error TS1128: Declaration or statement expected.
sveltekit-frontend/src/lib/workers/recursive-evidence-chain-worker.ts(286,48): error TS1135: Argument expression expected.
sveltekit-frontend/src/lib/workers/recursive-evidence-chain-worker.ts(286,67): error TS1005: ',' expected.
sveltekit-frontend/src/lib/workers/recursive-evidence-chain-worker.ts(286,77): error TS1005: ';' expected.
sveltekit-frontend/src/lib/workers/recursive-evidence-chain-worker.ts(286,79): error TS1434: Unexpected keyword or identifier.
sveltekit-frontend/src/lib/workers/recursive-evidence-chain-worker.ts(303,3): error TS1128: Declaration or statement expected.
sveltekit-frontend/src/lib/workers/recursive-evidence-chain-worker.ts(303,52): error TS1135: Argument expression expected.
sveltekit-frontend/src/lib/workers/recursive-evidence-chain-worker.ts(303,67): error TS1005: ',' expected.
sveltekit-frontend/src/lib/workers/recursive-evidence-chain-worker.ts(303,77): error TS1005: ';' expected.
sveltekit-frontend/src/lib/workers/recursive-evidence-chain-worker.ts(303,79): error TS1434: Unexpected keyword or identifier.
sveltekit-frontend/src/lib/workers/recursive-evidence-chain-worker.ts(308,3): error TS1128: Declaration or statement expected.
sveltekit-frontend/src/lib/workers/recursive-evidence-chain-worker.ts(308,11): error TS1434: Unexpected keyword or identifier.
sveltekit-frontend/src/lib/workers/recursive-evidence-chain-worker.ts(309,18): error TS1135: Argument expression expected.
sveltekit-frontend/src/lib/workers/recursive-evidence-chain-worker.ts(310,5): error TS1005: ',' expected.
sveltekit-frontend/src/lib/workers/recursive-evidence-chain-worker.ts(310,20): error TS1135: Argument expression expected.
sveltekit-frontend/src/lib/workers/recursive-evidence-chain-worker.ts(310,33): error TS1011: An element access expression should take an argument.
sveltekit-frontend/src/lib/workers/recursive-evidence-chain-worker.ts(311,5): error TS1005: ',' expected.
sveltekit-frontend/src/lib/workers/recursive-evidence-chain-worker.ts(311,19): error TS1135: Argument expression expected.
sveltekit-frontend/src/lib/workers/recursive-evidence-chain-worker.ts(311,42): error TS1109: Expression expected.
sveltekit-frontend/src/lib/workers/recursive-evidence-chain-worker.ts(311,43): error TS1109: Expression expected.
sveltekit-frontend/src/lib/workers/recursive-evidence-chain-worker.ts(311,44): error TS1005: ')' expected.
sveltekit-frontend/src/lib/workers/recursive-evidence-chain-worker.ts(312,3): error TS1128: Declaration or statement expected.
sveltekit-frontend/src/lib/workers/recursive-evidence-chain-worker.ts(312,4): error TS1128: Declaration or statement expected.
sveltekit-frontend/src/lib/workers/recursive-evidence-chain-worker.ts(312,21): error TS1011: An element access expression should take an argument.
sveltekit-frontend/src/lib/workers/recursive-evidence-chain-worker.ts(313,11): error TS1005: ':' expected.
sveltekit-frontend/src/lib/workers/recursive-evidence-chain-worker.ts(313,35): error TS1109: Expression expected.
sveltekit-frontend/src/lib/workers/recursive-evidence-chain-worker.ts(313,36): error TS1005: ':' expected.
sveltekit-frontend/src/lib/workers/recursive-evidence-chain-worker.ts(313,38): error TS1136: Property assignment expected.
sveltekit-frontend/src/lib/workers/recursive-evidence-chain-worker.ts(313,41): error TS1109: Expression expected.
sveltekit-frontend/src/lib/workers/recursive-evidence-chain-worker.ts(313,42): error TS1005: ':' expected.
sveltekit-frontend/src/lib/workers/recursive-evidence-chain-worker.ts(315,11): error TS1005: ':' expected.
sveltekit-frontend/src/lib/workers/recursive-evidence-chain-worker.ts(315,75): error TS1005: ',' expected.
sveltekit-frontend/src/lib/workers/recursive-evidence-chain-worker.ts(316,26): error TS1003: Identifier expected.
sveltekit-frontend/src/lib/workers/recursive-evidence-chain-worker.ts(316,28): error TS1003: Identifier expected.
sveltekit-frontend/src/lib/workers/recursive-evidence-chain-worker.ts(320,5): error TS1005: ',' expected.
sveltekit-frontend/src/lib/workers/recursive-evidence-chain-worker.ts(320,11): error TS1005: ':' expected.
sveltekit-frontend/src/lib/workers/recursive-evidence-chain-worker.ts(320,96): error TS1005: ',' expected.
sveltekit-frontend/src/lib/workers/recursive-evidence-chain-worker.ts(321,31): error TS1138: Parameter declaration expected.
sveltekit-frontend/src/lib/workers/recursive-evidence-chain-worker.ts(321,40): error TS1109: Expression expected.
sveltekit-frontend/src/lib/workers/recursive-evidence-chain-worker.ts(321,43): error TS1005: ':' expected.
sveltekit-frontend/src/lib/workers/recursive-evidence-chain-worker.ts(321,45): error TS1136: Property assignment expected.
sveltekit-frontend/src/lib/workers/recursive-evidence-chain-worker.ts(334,3): error TS1128: Declaration or statement expected.
sveltekit-frontend/src/lib/workers/recursive-evidence-chain-worker.ts(335,3): error TS1128: Declaration or statement expected.
sveltekit-frontend/src/lib/workers/recursive-evidence-chain-worker.ts(335,52): error TS1135: Argument expression expected.
sveltekit-frontend/src/lib/workers/recursive-evidence-chain-worker.ts(335,65): error TS1011: An element access expression should take an argument.
sveltekit-frontend/src/lib/workers/recursive-evidence-chain-worker.ts(335,67): error TS1005: ';' expected.
sveltekit-frontend/src/lib/workers/recursive-evidence-chain-worker.ts(335,69): error TS1434: Unexpected keyword or identifier.
sveltekit-frontend/src/lib/workers/recursive-evidence-chain-worker.ts(347,3): error TS1128: Declaration or statement expected.
sveltekit-frontend/src/lib/workers/recursive-evidence-chain-worker.ts(347,11): error TS1434: Unexpected keyword or identifier.
sveltekit-frontend/src/lib/workers/recursive-evidence-chain-worker.ts(347,53): error TS1135: Argument expression expected.
sveltekit-frontend/src/lib/workers/recursive-evidence-chain-worker.ts(347,66): error TS1011: An element access expression should take an argument.
sveltekit-frontend/src/lib/workers/recursive-evidence-chain-worker.ts(347,68): error TS1005: ';' expected.
sveltekit-frontend/src/lib/workers/recursive-evidence-chain-worker.ts(348,24): error TS1138: Parameter declaration expected.
sveltekit-frontend/src/lib/workers/recursive-evidence-chain-worker.ts(348,33): error TS1109: Expression expected.
sveltekit-frontend/src/lib/workers/recursive-evidence-chain-worker.ts(348,36): error TS1005: ':' expected.
sveltekit-frontend/src/lib/workers/recursive-evidence-chain-worker.ts(348,46): error TS1005: ',' expected.
sveltekit-frontend/src/lib/workers/recursive-evidence-chain-worker.ts(348,52): error TS1005: ',' expected.
sveltekit-frontend/src/lib/workers/recursive-evidence-chain-worker.ts(349,11): error TS1005: ':' expected.
sveltekit-frontend/src/lib/workers/recursive-evidence-chain-worker.ts(351,6): error TS1005: ',' expected.
sveltekit-frontend/src/lib/workers/recursive-evidence-chain-worker.ts(352,14): error TS1005: ',' expected.
sveltekit-frontend/src/lib/workers/recursive-evidence-chain-worker.ts(352,17): error TS1109: Expression expected.
sveltekit-frontend/src/lib/workers/recursive-evidence-chain-worker.ts(352,19): error TS1003: Identifier expected.
sveltekit-frontend/src/lib/workers/recursive-evidence-chain-worker.ts(352,20): error TS1138: Parameter declaration expected.
sveltekit-frontend/src/lib/workers/recursive-evidence-chain-worker.ts(352,21): error TS1138: Parameter declaration expected.
sveltekit-frontend/src/lib/workers/recursive-evidence-chain-worker.ts(352,25): error TS1005: ',' expected.
sveltekit-frontend/src/lib/workers/recursive-evidence-chain-worker.ts(352,39): error TS1005: ',' expected.
sveltekit-frontend/src/lib/workers/recursive-evidence-chain-worker.ts(352,49): error TS1005: ',' expected.
sveltekit-frontend/src/lib/workers/recursive-evidence-chain-worker.ts(352,52): error TS1005: ',' expected.
sveltekit-frontend/src/lib/workers/recursive-evidence-chain-worker.ts(352,54): error TS1005: ';' expected.
sveltekit-frontend/src/lib/workers/recursive-evidence-chain-worker.ts(361,3): error TS1128: Declaration or statement expected.
sveltekit-frontend/src/lib/workers/recursive-evidence-chain-worker.ts(362,3): error TS1128: Declaration or statement expected.
sveltekit-frontend/src/lib/workers/recursive-evidence-chain-worker.ts(363,20): error TS1135: Argument expression expected.
sveltekit-frontend/src/lib/workers/recursive-evidence-chain-worker.ts(363,33): error TS1011: An element access expression should take an argument.
sveltekit-frontend/src/lib/workers/recursive-evidence-chain-worker.ts(364,5): error TS1005: ',' expected.
sveltekit-frontend/src/lib/workers/recursive-evidence-chain-worker.ts(364,19): error TS1135: Argument expression expected.
sveltekit-frontend/src/lib/workers/recursive-evidence-chain-worker.ts(364,42): error TS1109: Expression expected.
sveltekit-frontend/src/lib/workers/recursive-evidence-chain-worker.ts(364,43): error TS1109: Expression expected.
sveltekit-frontend/src/lib/workers/recursive-evidence-chain-worker.ts(364,44): error TS1005: ')' expected.
sveltekit-frontend/src/lib/workers/recursive-evidence-chain-worker.ts(365,3): error TS1128: Declaration or statement expected.
sveltekit-frontend/src/lib/workers/recursive-evidence-chain-worker.ts(365,4): error TS1128: Declaration or statement expected.
sveltekit-frontend/src/lib/workers/recursive-evidence-chain-worker.ts(365,6): error TS1434: Unexpected keyword or identifier.
sveltekit-frontend/src/lib/workers/recursive-evidence-chain-worker.ts(373,9): error TS1005: ':' expected.
sveltekit-frontend/src/lib/workers/recursive-evidence-chain-worker.ts(373,33): error TS1005: ',' expected.
sveltekit-frontend/src/lib/workers/recursive-evidence-chain-worker.ts(374,9): error TS1005: ':' expected.
sveltekit-frontend/src/lib/workers/recursive-evidence-chain-worker.ts(374,40): error TS1005: ',' expected.
sveltekit-frontend/src/lib/workers/recursive-evidence-chain-worker.ts(376,1): error TS1128: Declaration or statement expected.
sveltekit-frontend/src/lib/workers/recursive-evidence-chain-worker.ts(419,22): error TS1005: ',' expected.
sveltekit-frontend/src/lib/workers/recursive-evidence-chain-worker.ts(425,23): error TS1005: ',' expected.
sveltekit-frontend/src/lib/workers/recursive-evidence-chain-worker.ts(440,39): error TS1005: ')' expected.
sveltekit-frontend/src/proto/legal_api_pb.js(60,13): error TS1005: ')' expected.
sveltekit-frontend/src/proto/legal_api_pb.js(132,15): error TS1109: Expression expected.
sveltekit-frontend/src/proto/legal_api_pb.js(159,15): error TS1109: Expression expected.
sveltekit-frontend/src/proto/legal_api_pb.js(186,13): error TS1128: Declaration or statement expected.
sveltekit-frontend/src/proto/legal_api_pb.js(197,13): error TS1128: Declaration or statement expected.
sveltekit-frontend/src/proto/legal_api_pb.js(209,13): error TS1128: Declaration or statement expected.
sveltekit-frontend/src/proto/legal_api_pb.js(238,9): error TS1128: Declaration or statement expected.
sveltekit-frontend/src/proto/legal_api_pb.js(238,10): error TS1128: Declaration or statement expected.
sveltekit-frontend/src/proto/legal_api_pb.js(238,12): error TS1109: Expression expected.
sveltekit-frontend/src/proto/legal_api_pb.js(269,13): error TS1005: ')' expected.
sveltekit-frontend/src/proto/legal_api_pb.js(317,13): error TS1128: Declaration or statement expected.
sveltekit-frontend/src/proto/legal_api_pb.js(344,13): error TS1128: Declaration or statement expected.
sveltekit-frontend/src/proto/legal_api_pb.js(371,13): error TS1128: Declaration or statement expected.
sveltekit-frontend/src/proto/legal_api_pb.js(382,13): error TS1128: Declaration or statement expected.
sveltekit-frontend/src/proto/legal_api_pb.js(394,13): error TS1128: Declaration or statement expected.
sveltekit-frontend/src/proto/legal_api_pb.js(423,9): error TS1128: Declaration or statement expected.
sveltekit-frontend/src/proto/legal_api_pb.js(423,10): error TS1128: Declaration or statement expected.
sveltekit-frontend/src/proto/legal_api_pb.js(423,12): error TS1109: Expression expected.
sveltekit-frontend/src/proto/legal_api_pb.js(454,13): error TS1005: ')' expected.
sveltekit-frontend/src/proto/legal_api_pb.js(502,13): error TS1128: Declaration or statement expected.
sveltekit-frontend/src/proto/legal_api_pb.js(529,13): error TS1128: Declaration or statement expected.
sveltekit-frontend/src/proto/legal_api_pb.js(556,13): error TS1128: Declaration or statement expected.
sveltekit-frontend/src/proto/legal_api_pb.js(567,13): error TS1128: Declaration or statement expected.
sveltekit-frontend/src/proto/legal_api_pb.js(579,13): error TS1128: Declaration or statement expected.
sveltekit-frontend/src/proto/legal_api_pb.js(608,9): error TS1128: Declaration or statement expected.
sveltekit-frontend/src/proto/legal_api_pb.js(608,10): error TS1128: Declaration or statement expected.
sveltekit-frontend/src/proto/legal_api_pb.js(608,12): error TS1109: Expression expected.
sveltekit-frontend/src/proto/legal_api_pb.js(640,13): error TS1005: ')' expected.
sveltekit-frontend/src/proto/legal_api_pb.js(696,13): error TS1128: Declaration or statement expected.
sveltekit-frontend/src/proto/legal_api_pb.js(723,13): error TS1128: Declaration or statement expected.
sveltekit-frontend/src/proto/legal_api_pb.js(750,13): error TS1128: Declaration or statement expected.
sveltekit-frontend/src/proto/legal_api_pb.js(761,13): error TS1128: Declaration or statement expected.
sveltekit-frontend/src/proto/legal_api_pb.js(773,13): error TS1128: Declaration or statement expected.
sveltekit-frontend/src/proto/legal_api_pb.js(802,9): error TS1128: Declaration or statement expected.
sveltekit-frontend/src/proto/legal_api_pb.js(802,10): error TS1128: Declaration or statement expected.
sveltekit-frontend/src/proto/legal_api_pb.js(802,12): error TS1109: Expression expected.
sveltekit-frontend/src/proto/legal_api_pb.js(842,13): error TS1005: ')' expected.
sveltekit-frontend/src/proto/legal_api_pb.js(962,13): error TS1128: Declaration or statement expected.
sveltekit-frontend/src/proto/legal_api_pb.js(989,13): error TS1128: Declaration or statement expected.
sveltekit-frontend/src/proto/legal_api_pb.js(1016,13): error TS1128: Declaration or statement expected.
sveltekit-frontend/src/proto/legal_api_pb.js(1027,13): error TS1128: Declaration or statement expected.
sveltekit-frontend/src/proto/legal_api_pb.js(1039,13): error TS1128: Declaration or statement expected.
sveltekit-frontend/src/proto/legal_api_pb.js(1068,9): error TS1128: Declaration or statement expected.
sveltekit-frontend/src/proto/legal_api_pb.js(1068,10): error TS1128: Declaration or statement expected.
sveltekit-frontend/src/proto/legal_api_pb.js(1068,12): error TS1109: Expression expected.
sveltekit-frontend/src/proto/legal_api_pb.js(1170,13): error TS1005: ')' expected.
sveltekit-frontend/src/proto/legal_api_pb.js(1258,13): error TS1128: Declaration or statement expected.
sveltekit-frontend/src/proto/legal_api_pb.js(1285,13): error TS1128: Declaration or statement expected.
sveltekit-frontend/src/proto/legal_api_pb.js(1312,13): error TS1128: Declaration or statement expected.
sveltekit-frontend/src/proto/legal_api_pb.js(1323,13): error TS1128: Declaration or statement expected.
sveltekit-frontend/src/proto/legal_api_pb.js(1335,13): error TS1128: Declaration or statement expected.
sveltekit-frontend/src/proto/legal_api_pb.js(1364,9): error TS1128: Declaration or statement expected.
sveltekit-frontend/src/proto/legal_api_pb.js(1364,10): error TS1128: Declaration or statement expected.
sveltekit-frontend/src/proto/legal_api_pb.js(1364,12): error TS1109: Expression expected.
sveltekit-frontend/src/proto/legal_api_pb.js(1395,13): error TS1005: ')' expected.
sveltekit-frontend/src/proto/legal_api_pb.js(1443,13): error TS1128: Declaration or statement expected.
sveltekit-frontend/src/proto/legal_api_pb.js(1470,13): error TS1128: Declaration or statement expected.
sveltekit-frontend/src/proto/legal_api_pb.js(1497,13): error TS1128: Declaration or statement expected.
sveltekit-frontend/src/proto/legal_api_pb.js(1508,13): error TS1128: Declaration or statement expected.
sveltekit-frontend/src/proto/legal_api_pb.js(1520,13): error TS1128: Declaration or statement expected.
sveltekit-frontend/src/proto/legal_api_pb.js(1549,9): error TS1128: Declaration or statement expected.
sveltekit-frontend/src/proto/legal_api_pb.js(1549,10): error TS1128: Declaration or statement expected.
sveltekit-frontend/src/proto/legal_api_pb.js(1549,12): error TS1109: Expression expected.
sveltekit-frontend/src/proto/legal_api_pb.js(1580,13): error TS1005: ')' expected.
sveltekit-frontend/src/proto/legal_api_pb.js(1628,13): error TS1128: Declaration or statement expected.
sveltekit-frontend/src/proto/legal_api_pb.js(1655,13): error TS1128: Declaration or statement expected.
sveltekit-frontend/src/proto/legal_api_pb.js(1682,13): error TS1128: Declaration or statement expected.
sveltekit-frontend/src/proto/legal_api_pb.js(1693,13): error TS1128: Declaration or statement expected.
sveltekit-frontend/src/proto/legal_api_pb.js(1705,13): error TS1128: Declaration or statement expected.
sveltekit-frontend/src/proto/legal_api_pb.js(1734,9): error TS1128: Declaration or statement expected.
sveltekit-frontend/src/proto/legal_api_pb.js(1734,10): error TS1128: Declaration or statement expected.
sveltekit-frontend/src/proto/legal_api_pb.js(1734,12): error TS1109: Expression expected.
sveltekit-frontend/src/proto/legal_api_pb.js(1765,13): error TS1005: ')' expected.
sveltekit-frontend/src/proto/legal_api_pb.js(1813,13): error TS1128: Declaration or statement expected.
sveltekit-frontend/src/proto/legal_api_pb.js(1840,13): error TS1128: Declaration or statement expected.
sveltekit-frontend/src/proto/legal_api_pb.js(1867,13): error TS1128: Declaration or statement expected.
sveltekit-frontend/src/proto/legal_api_pb.js(1878,13): error TS1128: Declaration or statement expected.
sveltekit-frontend/src/proto/legal_api_pb.js(1890,13): error TS1128: Declaration or statement expected.
sveltekit-frontend/src/proto/legal_api_pb.js(1919,9): error TS1128: Declaration or statement expected.
sveltekit-frontend/src/proto/legal_api_pb.js(1919,10): error TS1128: Declaration or statement expected.
sveltekit-frontend/src/proto/legal_api_pb.js(1919,12): error TS1109: Expression expected.
sveltekit-frontend/src/proto/legal_api_pb.js(1969,13): error TS1005: ')' expected.
sveltekit-frontend/src/proto/legal_api_pb.js(2025,13): error TS1128: Declaration or statement expected.
sveltekit-frontend/src/proto/legal_api_pb.js(2052,13): error TS1128: Declaration or statement expected.
sveltekit-frontend/src/proto/legal_api_pb.js(2079,13): error TS1128: Declaration or statement expected.
sveltekit-frontend/src/proto/legal_api_pb.js(2090,13): error TS1128: Declaration or statement expected.
sveltekit-frontend/src/proto/legal_api_pb.js(2102,13): error TS1128: Declaration or statement expected.
sveltekit-frontend/src/proto/legal_api_pb.js(2131,9): error TS1128: Declaration or statement expected.
sveltekit-frontend/src/proto/legal_api_pb.js(2131,10): error TS1128: Declaration or statement expected.
sveltekit-frontend/src/proto/legal_api_pb.js(2131,12): error TS1109: Expression expected.
sveltekit-frontend/src/proto/legal_api_pb.js(2188,13): error TS1005: ')' expected.
sveltekit-frontend/src/proto/legal_api_pb.js(2268,13): error TS1128: Declaration or statement expected.
sveltekit-frontend/src/proto/legal_api_pb.js(2295,13): error TS1128: Declaration or statement expected.
sveltekit-frontend/src/proto/legal_api_pb.js(2322,13): error TS1128: Declaration or statement expected.
sveltekit-frontend/src/proto/legal_api_pb.js(2333,13): error TS1128: Declaration or statement expected.
sveltekit-frontend/src/proto/legal_api_pb.js(2345,13): error TS1128: Declaration or statement expected.
sveltekit-frontend/src/proto/legal_api_pb.js(2374,9): error TS1128: Declaration or statement expected.
sveltekit-frontend/src/proto/legal_api_pb.js(2374,10): error TS1128: Declaration or statement expected.
sveltekit-frontend/src/proto/legal_api_pb.js(2374,12): error TS1109: Expression expected.
sveltekit-frontend/src/proto/legal_api_pb.js(2404,13): error TS1005: ')' expected.
sveltekit-frontend/src/proto/legal_api_pb.js(2444,13): error TS1128: Declaration or statement expected.
sveltekit-frontend/src/proto/legal_api_pb.js(2471,13): error TS1128: Declaration or statement expected.
sveltekit-frontend/src/proto/legal_api_pb.js(2498,13): error TS1128: Declaration or statement expected.
sveltekit-frontend/src/proto/legal_api_pb.js(2509,13): error TS1128: Declaration or statement expected.
sveltekit-frontend/src/proto/legal_api_pb.js(2521,13): error TS1128: Declaration or statement expected.
sveltekit-frontend/src/proto/legal_api_pb.js(2550,9): error TS1128: Declaration or statement expected.
sveltekit-frontend/src/proto/legal_api_pb.js(2550,10): error TS1128: Declaration or statement expected.
sveltekit-frontend/src/proto/legal_api_pb.js(2550,12): error TS1109: Expression expected.
sveltekit-frontend/src/proto/legal_api_pb.js(2579,13): error TS1005: ')' expected.
sveltekit-frontend/src/proto/legal_api_pb.js(2611,13): error TS1128: Declaration or statement expected.
sveltekit-frontend/src/proto/legal_api_pb.js(2638,13): error TS1128: Declaration or statement expected.
sveltekit-frontend/src/proto/legal_api_pb.js(2665,13): error TS1128: Declaration or statement expected.
sveltekit-frontend/src/proto/legal_api_pb.js(2676,13): error TS1128: Declaration or statement expected.
sveltekit-frontend/src/proto/legal_api_pb.js(2688,13): error TS1128: Declaration or statement expected.
sveltekit-frontend/src/proto/legal_api_pb.js(2717,9): error TS1128: Declaration or statement expected.
sveltekit-frontend/src/proto/legal_api_pb.js(2717,10): error TS1128: Declaration or statement expected.
sveltekit-frontend/src/proto/legal_api_pb.js(2717,12): error TS1109: Expression expected.
sveltekit-frontend/src/proto/legal_api_pb.js(2770,13): error TS1005: ')' expected.
sveltekit-frontend/src/proto/legal_api_pb.js(2834,13): error TS1128: Declaration or statement expected.
sveltekit-frontend/src/proto/legal_api_pb.js(2861,13): error TS1128: Declaration or statement expected.
sveltekit-frontend/src/proto/legal_api_pb.js(2888,13): error TS1128: Declaration or statement expected.
sveltekit-frontend/src/proto/legal_api_pb.js(2899,13): error TS1128: Declaration or statement expected.
sveltekit-frontend/src/proto/legal_api_pb.js(2911,13): error TS1128: Declaration or statement expected.
sveltekit-frontend/src/proto/legal_api_pb.js(2940,9): error TS1128: Declaration or statement expected.
sveltekit-frontend/src/proto/legal_api_pb.js(2940,10): error TS1128: Declaration or statement expected.
sveltekit-frontend/src/proto/legal_api_pb.js(2940,12): error TS1109: Expression expected.
sveltekit-frontend/src/proto/legal_api_pb.js(2973,13): error TS1005: ')' expected.
sveltekit-frontend/src/proto/legal_api_pb.js(3037,13): error TS1128: Declaration or statement expected.
sveltekit-frontend/src/proto/legal_api_pb.js(3064,13): error TS1128: Declaration or statement expected.
sveltekit-frontend/src/proto/legal_api_pb.js(3091,13): error TS1128: Declaration or statement expected.
sveltekit-frontend/src/proto/legal_api_pb.js(3102,13): error TS1128: Declaration or statement expected.
sveltekit-frontend/src/proto/legal_api_pb.js(3114,13): error TS1128: Declaration or statement expected.
sveltekit-frontend/src/proto/legal_api_pb.js(3143,9): error TS1128: Declaration or statement expected.
sveltekit-frontend/src/proto/legal_api_pb.js(3143,10): error TS1128: Declaration or statement expected.
sveltekit-frontend/src/proto/legal_api_pb.js(3143,12): error TS1109: Expression expected.
sveltekit-frontend/src/proto/legal_api_pb.js(3174,13): error TS1005: ')' expected.
sveltekit-frontend/src/proto/legal_api_pb.js(3222,13): error TS1128: Declaration or statement expected.
sveltekit-frontend/src/proto/legal_api_pb.js(3249,13): error TS1128: Declaration or statement expected.
sveltekit-frontend/src/proto/legal_api_pb.js(3276,13): error TS1128: Declaration or statement expected.
sveltekit-frontend/src/proto/legal_api_pb.js(3287,13): error TS1128: Declaration or statement expected.
sveltekit-frontend/src/proto/legal_api_pb.js(3299,13): error TS1128: Declaration or statement expected.
sveltekit-frontend/src/proto/legal_api_pb.js(3328,9): error TS1128: Declaration or statement expected.
sveltekit-frontend/src/proto/legal_api_pb.js(3328,10): error TS1128: Declaration or statement expected.
sveltekit-frontend/src/proto/legal_api_pb.js(3328,12): error TS1109: Expression expected.
sveltekit-frontend/src/proto/legal_api_pb.js(3358,13): error TS1005: ')' expected.
sveltekit-frontend/src/proto/legal_api_pb.js(3398,13): error TS1128: Declaration or statement expected.
sveltekit-frontend/src/proto/legal_api_pb.js(3425,13): error TS1128: Declaration or statement expected.
sveltekit-frontend/src/proto/legal_api_pb.js(3452,13): error TS1128: Declaration or statement expected.
sveltekit-frontend/src/proto/legal_api_pb.js(3463,13): error TS1128: Declaration or statement expected.
sveltekit-frontend/src/proto/legal_api_pb.js(3475,13): error TS1128: Declaration or statement expected.
sveltekit-frontend/src/proto/legal_api_pb.js(3504,9): error TS1128: Declaration or statement expected.
sveltekit-frontend/src/proto/legal_api_pb.js(3504,10): error TS1128: Declaration or statement expected.
sveltekit-frontend/src/proto/legal_api_pb.js(3504,12): error TS1109: Expression expected.
sveltekit-frontend/src/proto/legal_api_pb.js(3533,13): error TS1005: ')' expected.
sveltekit-frontend/src/proto/legal_api_pb.js(3565,13): error TS1128: Declaration or statement expected.
sveltekit-frontend/src/proto/legal_api_pb.js(3592,13): error TS1128: Declaration or statement expected.
sveltekit-frontend/src/proto/legal_api_pb.js(3619,13): error TS1128: Declaration or statement expected.
sveltekit-frontend/src/proto/legal_api_pb.js(3630,13): error TS1128: Declaration or statement expected.
sveltekit-frontend/src/proto/legal_api_pb.js(3642,13): error TS1128: Declaration or statement expected.
sveltekit-frontend/src/proto/legal_api_pb.js(3671,9): error TS1128: Declaration or statement expected.
sveltekit-frontend/src/proto/legal_api_pb.js(3671,10): error TS1128: Declaration or statement expected.
sveltekit-frontend/src/proto/legal_api_pb.js(3671,12): error TS1109: Expression expected.
sveltekit-frontend/src/proto/legal_api_pb.js(3700,13): error TS1005: ')' expected.
sveltekit-frontend/src/proto/legal_api_pb.js(3732,13): error TS1128: Declaration or statement expected.
sveltekit-frontend/src/proto/legal_api_pb.js(3759,13): error TS1128: Declaration or statement expected.
sveltekit-frontend/src/proto/legal_api_pb.js(3786,13): error TS1128: Declaration or statement expected.
sveltekit-frontend/src/proto/legal_api_pb.js(3797,13): error TS1128: Declaration or statement expected.
sveltekit-frontend/src/proto/legal_api_pb.js(3809,13): error TS1128: Declaration or statement expected.
sveltekit-frontend/src/proto/legal_api_pb.js(3838,9): error TS1128: Declaration or statement expected.
sveltekit-frontend/src/proto/legal_api_pb.js(3838,10): error TS1128: Declaration or statement expected.
sveltekit-frontend/src/proto/legal_api_pb.js(3838,12): error TS1109: Expression expected.
sveltekit-frontend/src/proto/legal_api_pb.js(3873,13): error TS1005: ')' expected.
sveltekit-frontend/src/proto/legal_api_pb.js(3953,13): error TS1128: Declaration or statement expected.
sveltekit-frontend/src/proto/legal_api_pb.js(3980,13): error TS1128: Declaration or statement expected.
sveltekit-frontend/src/proto/legal_api_pb.js(4007,13): error TS1128: Declaration or statement expected.
sveltekit-frontend/src/proto/legal_api_pb.js(4018,13): error TS1128: Declaration or statement expected.
sveltekit-frontend/src/proto/legal_api_pb.js(4030,13): error TS1128: Declaration or statement expected.
sveltekit-frontend/src/proto/legal_api_pb.js(4059,9): error TS1128: Declaration or statement expected.
sveltekit-frontend/src/proto/legal_api_pb.js(4059,10): error TS1128: Declaration or statement expected.
sveltekit-frontend/src/proto/legal_api_pb.js(4059,12): error TS1109: Expression expected.
sveltekit-frontend/src/proto/legal_api_pb.js(4111,13): error TS1005: ')' expected.
sveltekit-frontend/src/proto/legal_api_pb.js(4167,13): error TS1128: Declaration or statement expected.
sveltekit-frontend/src/proto/legal_api_pb.js(4194,13): error TS1128: Declaration or statement expected.
sveltekit-frontend/src/proto/legal_api_pb.js(4221,13): error TS1128: Declaration or statement expected.
sveltekit-frontend/src/proto/legal_api_pb.js(4232,13): error TS1128: Declaration or statement expected.
sveltekit-frontend/src/proto/legal_api_pb.js(4244,13): error TS1128: Declaration or statement expected.
sveltekit-frontend/src/proto/legal_api_pb.js(4273,9): error TS1128: Declaration or statement expected.
sveltekit-frontend/src/proto/legal_api_pb.js(4273,10): error TS1128: Declaration or statement expected.
sveltekit-frontend/src/proto/legal_api_pb.js(4273,12): error TS1109: Expression expected.
sveltekit-frontend/src/proto/legal_api_pb.js(4305,13): error TS1005: ')' expected.
sveltekit-frontend/src/proto/legal_api_pb.js(4361,13): error TS1128: Declaration or statement expected.
sveltekit-frontend/src/proto/legal_api_pb.js(4388,13): error TS1128: Declaration or statement expected.
sveltekit-frontend/src/proto/legal_api_pb.js(4415,13): error TS1128: Declaration or statement expected.
sveltekit-frontend/src/proto/legal_api_pb.js(4426,13): error TS1128: Declaration or statement expected.
sveltekit-frontend/src/proto/legal_api_pb.js(4438,13): error TS1128: Declaration or statement expected.
sveltekit-frontend/src/proto/legal_api_pb.js(4467,9): error TS1128: Declaration or statement expected.
sveltekit-frontend/src/proto/legal_api_pb.js(4467,10): error TS1128: Declaration or statement expected.
sveltekit-frontend/src/proto/legal_api_pb.js(4467,12): error TS1109: Expression expected.
sveltekit-frontend/src/proto/legal_api_pb.js(4498,13): error TS1005: ')' expected.
sveltekit-frontend/src/proto/legal_api_pb.js(4546,13): error TS1128: Declaration or statement expected.
sveltekit-frontend/src/proto/legal_api_pb.js(4573,13): error TS1128: Declaration or statement expected.
sveltekit-frontend/src/proto/legal_api_pb.js(4600,13): error TS1128: Declaration or statement expected.
sveltekit-frontend/src/proto/legal_api_pb.js(4611,13): error TS1128: Declaration or statement expected.
sveltekit-frontend/src/proto/legal_api_pb.js(4623,13): error TS1128: Declaration or statement expected.
sveltekit-frontend/src/proto/legal_api_pb.js(4652,9): error TS1128: Declaration or statement expected.
sveltekit-frontend/src/proto/legal_api_pb.js(4652,10): error TS1128: Declaration or statement expected.
sveltekit-frontend/src/proto/legal_api_pb.js(4652,12): error TS1109: Expression expected.
sveltekit-frontend/src/proto/legal_api_pb.js(4684,13): error TS1005: ')' expected.
sveltekit-frontend/src/proto/legal_api_pb.js(4740,13): error TS1128: Declaration or statement expected.
sveltekit-frontend/src/proto/legal_api_pb.js(4767,13): error TS1128: Declaration or statement expected.
sveltekit-frontend/src/proto/legal_api_pb.js(4794,13): error TS1128: Declaration or statement expected.
sveltekit-frontend/src/proto/legal_api_pb.js(4805,13): error TS1128: Declaration or statement expected.
sveltekit-frontend/src/proto/legal_api_pb.js(4817,13): error TS1128: Declaration or statement expected.
sveltekit-frontend/src/proto/legal_api_pb.js(4846,9): error TS1128: Declaration or statement expected.
sveltekit-frontend/src/proto/legal_api_pb.js(4846,10): error TS1128: Declaration or statement expected.
sveltekit-frontend/src/proto/legal_api_pb.js(4846,12): error TS1109: Expression expected.
sveltekit-frontend/src/proto/legal_api_pb.js(4880,13): error TS1005: ')' expected.
sveltekit-frontend/src/proto/legal_api_pb.js(4952,13): error TS1128: Declaration or statement expected.
sveltekit-frontend/src/proto/legal_api_pb.js(4979,13): error TS1128: Declaration or statement expected.
sveltekit-frontend/src/proto/legal_api_pb.js(5006,13): error TS1128: Declaration or statement expected.
sveltekit-frontend/src/proto/legal_api_pb.js(5017,13): error TS1128: Declaration or statement expected.
sveltekit-frontend/src/proto/legal_api_pb.js(5029,13): error TS1128: Declaration or statement expected.
sveltekit-frontend/src/proto/legal_api_pb.js(5058,9): error TS1128: Declaration or statement expected.
sveltekit-frontend/src/proto/legal_api_pb.js(5058,10): error TS1128: Declaration or statement expected.
sveltekit-frontend/src/proto/legal_api_pb.js(5058,12): error TS1109: Expression expected.
sveltekit-frontend/src/proto/legal_api_pb.js(5089,13): error TS1005: ')' expected.
sveltekit-frontend/src/proto/legal_api_pb.js(5137,13): error TS1128: Declaration or statement expected.
sveltekit-frontend/src/proto/legal_api_pb.js(5164,13): error TS1128: Declaration or statement expected.
sveltekit-frontend/src/proto/legal_api_pb.js(5191,13): error TS1128: Declaration or statement expected.
sveltekit-frontend/src/proto/legal_api_pb.js(5202,13): error TS1128: Declaration or statement expected.
sveltekit-frontend/src/proto/legal_api_pb.js(5214,13): error TS1128: Declaration or statement expected.
sveltekit-frontend/src/proto/legal_api_pb.js(5243,9): error TS1128: Declaration or statement expected.
sveltekit-frontend/src/proto/legal_api_pb.js(5243,10): error TS1128: Declaration or statement expected.
sveltekit-frontend/src/proto/legal_api_pb.js(5243,12): error TS1109: Expression expected.
sveltekit-frontend/src/proto/legal_api_pb.js(5293,13): error TS1005: ')' expected.
sveltekit-frontend/src/proto/legal_api_pb.js(5349,13): error TS1128: Declaration or statement expected.
sveltekit-frontend/src/proto/legal_api_pb.js(5376,13): error TS1128: Declaration or statement expected.
sveltekit-frontend/src/proto/legal_api_pb.js(5403,13): error TS1128: Declaration or statement expected.
sveltekit-frontend/src/proto/legal_api_pb.js(5414,13): error TS1128: Declaration or statement expected.
sveltekit-frontend/src/proto/legal_api_pb.js(5426,13): error TS1128: Declaration or statement expected.
sveltekit-frontend/src/proto/legal_api_pb.js(5455,9): error TS1128: Declaration or statement expected.
sveltekit-frontend/src/proto/legal_api_pb.js(5455,10): error TS1128: Declaration or statement expected.
sveltekit-frontend/src/proto/legal_api_pb.js(5455,12): error TS1109: Expression expected.
sveltekit-frontend/src/proto/legal_api_pb.js(5487,13): error TS1005: ')' expected.
sveltekit-frontend/src/proto/legal_api_pb.js(5543,13): error TS1128: Declaration or statement expected.
sveltekit-frontend/src/proto/legal_api_pb.js(5570,13): error TS1128: Declaration or statement expected.
sveltekit-frontend/src/proto/legal_api_pb.js(5597,13): error TS1128: Declaration or statement expected.
sveltekit-frontend/src/proto/legal_api_pb.js(5608,13): error TS1128: Declaration or statement expected.
sveltekit-frontend/src/proto/legal_api_pb.js(5620,13): error TS1128: Declaration or statement expected.
sveltekit-frontend/src/proto/legal_api_pb.js(5649,9): error TS1128: Declaration or statement expected.
sveltekit-frontend/src/proto/legal_api_pb.js(5649,10): error TS1128: Declaration or statement expected.
sveltekit-frontend/src/proto/legal_api_pb.js(5649,12): error TS1109: Expression expected.
sveltekit-frontend/src/proto/legal_api_pb.js(5702,13): error TS1005: ')' expected.
sveltekit-frontend/src/proto/legal_api_pb.js(5750,13): error TS1128: Declaration or statement expected.
sveltekit-frontend/src/proto/legal_api_pb.js(5777,13): error TS1128: Declaration or statement expected.
sveltekit-frontend/src/proto/legal_api_pb.js(5804,13): error TS1128: Declaration or statement expected.
sveltekit-frontend/src/proto/legal_api_pb.js(5815,13): error TS1128: Declaration or statement expected.
sveltekit-frontend/src/proto/legal_api_pb.js(5827,13): error TS1128: Declaration or statement expected.
sveltekit-frontend/src/proto/legal_api_pb.js(5856,9): error TS1128: Declaration or statement expected.
sveltekit-frontend/src/proto/legal_api_pb.js(5856,10): error TS1128: Declaration or statement expected.
sveltekit-frontend/src/proto/legal_api_pb.js(5856,12): error TS1109: Expression expected.
sveltekit-frontend/src/proto/legal_api_pb.js(5889,13): error TS1005: ')' expected.
sveltekit-frontend/src/proto/legal_api_pb.js(5953,13): error TS1128: Declaration or statement expected.
sveltekit-frontend/src/proto/legal_api_pb.js(5980,13): error TS1128: Declaration or statement expected.
sveltekit-frontend/src/proto/legal_api_pb.js(6007,13): error TS1128: Declaration or statement expected.
sveltekit-frontend/src/proto/legal_api_pb.js(6018,13): error TS1128: Declaration or statement expected.
sveltekit-frontend/src/proto/legal_api_pb.js(6030,13): error TS1128: Declaration or statement expected.
sveltekit-frontend/src/proto/legal_api_pb.js(6059,9): error TS1128: Declaration or statement expected.
sveltekit-frontend/src/proto/legal_api_pb.js(6059,10): error TS1128: Declaration or statement expected.
sveltekit-frontend/src/proto/legal_api_pb.js(6059,12): error TS1109: Expression expected.
sveltekit-frontend/src/proto/legal_api_pb.js(6092,13): error TS1005: ')' expected.
sveltekit-frontend/src/proto/legal_api_pb.js(6156,13): error TS1128: Declaration or statement expected.
sveltekit-frontend/src/proto/legal_api_pb.js(6183,13): error TS1128: Declaration or statement expected.
sveltekit-frontend/src/proto/legal_api_pb.js(6210,13): error TS1128: Declaration or statement expected.
sveltekit-frontend/src/proto/legal_api_pb.js(6221,13): error TS1128: Declaration or statement expected.
sveltekit-frontend/src/proto/legal_api_pb.js(6233,13): error TS1128: Declaration or statement expected.
sveltekit-frontend/src/proto/legal_api_pb.js(6262,9): error TS1128: Declaration or statement expected.
sveltekit-frontend/src/proto/legal_api_pb.js(6262,10): error TS1128: Declaration or statement expected.
sveltekit-frontend/src/proto/legal_api_pb.js(6262,12): error TS1109: Expression expected.
sveltekit-frontend/src/proto/legal_api_pb.js(6312,13): error TS1005: ')' expected.
sveltekit-frontend/src/proto/legal_api_pb.js(6368,13): error TS1128: Declaration or statement expected.
sveltekit-frontend/src/proto/legal_api_pb.js(6395,13): error TS1128: Declaration or statement expected.
sveltekit-frontend/src/proto/legal_api_pb.js(6422,13): error TS1128: Declaration or statement expected.
sveltekit-frontend/src/proto/legal_api_pb.js(6433,13): error TS1128: Declaration or statement expected.
sveltekit-frontend/src/proto/legal_api_pb.js(6445,13): error TS1128: Declaration or statement expected.
sveltekit-frontend/src/proto/legal_api_pb.js(6474,9): error TS1128: Declaration or statement expected.
sveltekit-frontend/src/proto/legal_api_pb.js(6474,10): error TS1128: Declaration or statement expected.
sveltekit-frontend/src/proto/legal_api_pb.js(6474,12): error TS1109: Expression expected.
sveltekit-frontend/src/proto/legal_api_pb.js(6521,13): error TS1005: ')' expected.
sveltekit-frontend/src/proto/legal_api_pb.js(6553,13): error TS1128: Declaration or statement expected.
sveltekit-frontend/src/proto/legal_api_pb.js(6580,13): error TS1128: Declaration or statement expected.
sveltekit-frontend/src/proto/legal_api_pb.js(6607,13): error TS1128: Declaration or statement expected.
sveltekit-frontend/src/proto/legal_api_pb.js(6618,13): error TS1128: Declaration or statement expected.
sveltekit-frontend/src/proto/legal_api_pb.js(6630,13): error TS1128: Declaration or statement expected.
sveltekit-frontend/src/proto/legal_api_pb.js(6659,9): error TS1128: Declaration or statement expected.
sveltekit-frontend/src/proto/legal_api_pb.js(6659,10): error TS1128: Declaration or statement expected.
sveltekit-frontend/src/proto/legal_api_pb.js(6659,12): error TS1109: Expression expected.
sveltekit-frontend/src/proto/legal_api_pb.js(6691,13): error TS1005: ')' expected.
sveltekit-frontend/src/proto/legal_api_pb.js(6747,13): error TS1128: Declaration or statement expected.
sveltekit-frontend/src/proto/legal_api_pb.js(6774,13): error TS1128: Declaration or statement expected.
sveltekit-frontend/src/proto/legal_api_pb.js(6801,13): error TS1128: Declaration or statement expected.
sveltekit-frontend/src/proto/legal_api_pb.js(6812,13): error TS1128: Declaration or statement expected.
sveltekit-frontend/src/proto/legal_api_pb.js(6824,13): error TS1128: Declaration or statement expected.
sveltekit-frontend/src/proto/legal_api_pb.js(6853,9): error TS1128: Declaration or statement expected.
sveltekit-frontend/src/proto/legal_api_pb.js(6853,10): error TS1128: Declaration or statement expected.
sveltekit-frontend/src/proto/legal_api_pb.js(6853,12): error TS1109: Expression expected.
sveltekit-frontend/src/proto/legal_api_pb.js(6887,13): error TS1005: ')' expected.
sveltekit-frontend/src/proto/legal_api_pb.js(6959,13): error TS1128: Declaration or statement expected.
sveltekit-frontend/src/proto/legal_api_pb.js(6986,13): error TS1128: Declaration or statement expected.
sveltekit-frontend/src/proto/legal_api_pb.js(7013,13): error TS1128: Declaration or statement expected.
sveltekit-frontend/src/proto/legal_api_pb.js(7024,13): error TS1128: Declaration or statement expected.
sveltekit-frontend/src/proto/legal_api_pb.js(7036,13): error TS1128: Declaration or statement expected.
sveltekit-frontend/src/proto/legal_api_pb.js(7065,9): error TS1128: Declaration or statement expected.
sveltekit-frontend/src/proto/legal_api_pb.js(7065,10): error TS1128: Declaration or statement expected.
sveltekit-frontend/src/proto/legal_api_pb.js(7065,12): error TS1109: Expression expected.
sveltekit-frontend/src/proto/legal_api_pb.js(7096,13): error TS1005: ')' expected.
sveltekit-frontend/src/proto/legal_api_pb.js(7144,13): error TS1128: Declaration or statement expected.
sveltekit-frontend/src/proto/legal_api_pb.js(7171,13): error TS1128: Declaration or statement expected.
sveltekit-frontend/src/proto/legal_api_pb.js(7198,13): error TS1128: Declaration or statement expected.
sveltekit-frontend/src/proto/legal_api_pb.js(7209,13): error TS1128: Declaration or statement expected.
sveltekit-frontend/src/proto/legal_api_pb.js(7221,13): error TS1128: Declaration or statement expected.
sveltekit-frontend/src/proto/legal_api_pb.js(7250,9): error TS1128: Declaration or statement expected.
sveltekit-frontend/src/proto/legal_api_pb.js(7250,10): error TS1128: Declaration or statement expected.
sveltekit-frontend/src/proto/legal_api_pb.js(7250,12): error TS1109: Expression expected.
sveltekit-frontend/src/proto/legal_api_pb.js(7280,13): error TS1005: ')' expected.
sveltekit-frontend/src/proto/legal_api_pb.js(7320,13): error TS1128: Declaration or statement expected.
sveltekit-frontend/src/proto/legal_api_pb.js(7347,13): error TS1128: Declaration or statement expected.
sveltekit-frontend/src/proto/legal_api_pb.js(7374,13): error TS1128: Declaration or statement expected.
sveltekit-frontend/src/proto/legal_api_pb.js(7385,13): error TS1128: Declaration or statement expected.
sveltekit-frontend/src/proto/legal_api_pb.js(7397,13): error TS1128: Declaration or statement expected.
sveltekit-frontend/src/proto/legal_api_pb.js(7426,9): error TS1128: Declaration or statement expected.
sveltekit-frontend/src/proto/legal_api_pb.js(7426,10): error TS1128: Declaration or statement expected.
sveltekit-frontend/src/proto/legal_api_pb.js(7426,12): error TS1109: Expression expected.
sveltekit-frontend/src/proto/legal_api_pb.js(7457,13): error TS1005: ')' expected.
sveltekit-frontend/src/proto/legal_api_pb.js(7505,13): error TS1128: Declaration or statement expected.
sveltekit-frontend/src/proto/legal_api_pb.js(7532,13): error TS1128: Declaration or statement expected.
sveltekit-frontend/src/proto/legal_api_pb.js(7559,13): error TS1128: Declaration or statement expected.
sveltekit-frontend/src/proto/legal_api_pb.js(7570,13): error TS1128: Declaration or statement expected.
sveltekit-frontend/src/proto/legal_api_pb.js(7582,13): error TS1128: Declaration or statement expected.
sveltekit-frontend/src/proto/legal_api_pb.js(7611,9): error TS1128: Declaration or statement expected.
sveltekit-frontend/src/proto/legal_api_pb.js(7611,10): error TS1128: Declaration or statement expected.
sveltekit-frontend/src/proto/legal_api_pb.js(7611,12): error TS1109: Expression expected.
sveltekit-frontend/src/proto/legal_api_pb.js(7644,13): error TS1005: ')' expected.
sveltekit-frontend/src/proto/legal_api_pb.js(7708,13): error TS1128: Declaration or statement expected.
sveltekit-frontend/src/proto/legal_api_pb.js(7735,13): error TS1128: Declaration or statement expected.
sveltekit-frontend/src/proto/legal_api_pb.js(7762,13): error TS1128: Declaration or statement expected.
sveltekit-frontend/src/proto/legal_api_pb.js(7773,13): error TS1128: Declaration or statement expected.
sveltekit-frontend/src/proto/legal_api_pb.js(7785,13): error TS1128: Declaration or statement expected.
sveltekit-frontend/src/proto/legal_api_pb.js(7814,9): error TS1128: Declaration or statement expected.
sveltekit-frontend/src/proto/legal_api_pb.js(7814,10): error TS1128: Declaration or statement expected.
sveltekit-frontend/src/proto/legal_api_pb.js(7814,12): error TS1109: Expression expected.
sveltekit-frontend/src/proto/legal_api_pb.js(7866,13): error TS1005: ')' expected.
sveltekit-frontend/src/proto/legal_api_pb.js(7922,13): error TS1128: Declaration or statement expected.
sveltekit-frontend/src/proto/legal_api_pb.js(7949,13): error TS1128: Declaration or statement expected.
sveltekit-frontend/src/proto/legal_api_pb.js(7976,13): error TS1128: Declaration or statement expected.
sveltekit-frontend/src/proto/legal_api_pb.js(7987,13): error TS1128: Declaration or statement expected.
sveltekit-frontend/src/proto/legal_api_pb.js(7999,13): error TS1128: Declaration or statement expected.
sveltekit-frontend/src/proto/legal_api_pb.js(8028,9): error TS1128: Declaration or statement expected.
sveltekit-frontend/src/proto/legal_api_pb.js(8028,10): error TS1128: Declaration or statement expected.
sveltekit-frontend/src/proto/legal_api_pb.js(8028,12): error TS1109: Expression expected.
sveltekit-frontend/src/proto/legal_api_pb.js(8031,5): error TS1128: Declaration or statement expected.
sveltekit-frontend/src/proto/legal_api_pb.js(8031,6): error TS1128: Declaration or statement expected.
sveltekit-frontend/src/proto/legal_api_pb.js(8031,8): error TS1109: Expression expected.
sveltekit-frontend/src/proto/legal_api_pb.js(8034,1): error TS1128: Declaration or statement expected.
sveltekit-frontend/src/proto/legal_api_pb.js(8034,2): error TS1128: Declaration or statement expected.
sveltekit-frontend/src/proto/legal_api_pb.js(8034,4): error TS1109: Expression expected.
sveltekit-frontend/src/proto/legal_api_pb.js(8081,13): error TS1005: ')' expected.
sveltekit-frontend/src/proto/legal_api_pb.js(8113,15): error TS1109: Expression expected.
sveltekit-frontend/src/proto/legal_api_pb.js(8140,15): error TS1109: Expression expected.
sveltekit-frontend/src/proto/legal_api_pb.js(8167,13): error TS1128: Declaration or statement expected.
sveltekit-frontend/src/proto/legal_api_pb.js(8178,13): error TS1128: Declaration or statement expected.
sveltekit-frontend/src/proto/legal_api_pb.js(8190,13): error TS1128: Declaration or statement expected.
sveltekit-frontend/src/proto/legal_api_pb.js(8219,9): error TS1128: Declaration or statement expected.
sveltekit-frontend/src/proto/legal_api_pb.js(8219,10): error TS1128: Declaration or statement expected.
sveltekit-frontend/src/proto/legal_api_pb.js(8219,12): error TS1109: Expression expected.
sveltekit-frontend/src/proto/legal_api_pb.js(8222,5): error TS1128: Declaration or statement expected.
sveltekit-frontend/src/proto/legal_api_pb.js(8222,6): error TS1128: Declaration or statement expected.
sveltekit-frontend/src/proto/legal_api_pb.js(8222,8): error TS1109: Expression expected.
sveltekit-frontend/src/proto/legal_api_pb.js(8225,1): error TS1128: Declaration or statement expected.
sveltekit-frontend/src/proto/legal_api_pb.js(8225,2): error TS1128: Declaration or statement expected.
sveltekit-frontend/src/proto/legal_api_pb.js(8225,4): error TS1109: Expression expected.
sveltekit-frontend/src/routes/api/admin/cluster/restart/+server.ts(32,5): error TS1005: ',' expected.
sveltekit-frontend/src/routes/api/admin/cluster/restart/+server.ts(116,23): error TS1138: Parameter declaration expected.
sveltekit-frontend/src/routes/api/admin/cluster/restart/+server.ts(152,3): error TS1005: ',' expected.
sveltekit-frontend/src/routes/api/admin/cluster/restart/+server.ts(201,7): error TS1005: ',' expected.
sveltekit-frontend/src/routes/api/ai-synthesizer/+server.ts(7,2): error TS1109: Expression expected.
sveltekit-frontend/src/routes/api/ai-synthesizer/stream/[streamId]/+server.ts(27,9): error TS1005: ',' expected.
sveltekit-frontend/src/routes/api/ai-synthesizer/stream/[streamId]/+server.ts(39,9): error TS1005: ',' expected.
sveltekit-frontend/src/routes/api/ai/chat-tensorrt/+server.ts(67,20): error TS1136: Property assignment expected.
sveltekit-frontend/src/routes/api/ai/chat-tensorrt/+server.ts(68,19): error TS1137: Expression or comma expected.
sveltekit-frontend/src/routes/api/ai/chat-tensorrt/+server.ts(72,25): error TS1137: Expression or comma expected.
sveltekit-frontend/src/routes/api/ai/chat-tensorrt/+server.ts(73,17): error TS1137: Expression or comma expected.
sveltekit-frontend/src/routes/api/ai/chat-tensorrt/+server.ts(74,9): error TS1005: ',' expected.
sveltekit-frontend/src/routes/api/ai/chat-tensorrt/+server.ts(74,11): error TS1135: Argument expression expected.
sveltekit-frontend/src/routes/api/ai/chat-tensorrt/+server.ts(74,12): error TS1135: Argument expression expected.
sveltekit-frontend/src/routes/api/ai/chat-tensorrt/+server.ts(75,15): error TS1135: Argument expression expected.
sveltekit-frontend/src/routes/api/ai/chat-tensorrt/+server.ts(80,15): error TS1135: Argument expression expected.
sveltekit-frontend/src/routes/api/ai/chat-tensorrt/+server.ts(81,9): error TS1005: ',' expected.
sveltekit-frontend/src/routes/api/ai/chat-tensorrt/+server.ts(81,16): error TS1135: Argument expression expected.
sveltekit-frontend/src/routes/api/ai/chat-tensorrt/+server.ts(82,17): error TS1135: Argument expression expected.
sveltekit-frontend/src/routes/api/ai/chat-tensorrt/+server.ts(83,12): error TS1135: Argument expression expected.
sveltekit-frontend/src/routes/api/ai/chat-tensorrt/+server.ts(84,18): error TS1135: Argument expression expected.
sveltekit-frontend/src/routes/api/ai/chat-tensorrt/+server.ts(91,7): error TS1005: ',' expected.
sveltekit-frontend/src/routes/api/ai/chat-tensorrt/+server.ts(91,8): error TS1472: 'catch' or 'finally' expected.
sveltekit-frontend/src/routes/api/ai/chat-tensorrt/+server.ts(102,6): error TS1389: 'catch' is not allowed as a variable declaration name.
sveltekit-frontend/src/routes/api/ai/chat-tensorrt/+server.ts(110,1): error TS1128: Declaration or statement expected.
sveltekit-frontend/src/routes/api/ai/connect/+server.ts(33,19): error TS1109: Expression expected.
sveltekit-frontend/src/routes/api/ai/connect/+server.ts(33,38): error TS1005: ';' expected.
sveltekit-frontend/src/routes/api/ai/connect/+server.ts(33,60): error TS1128: Declaration or statement expected.
sveltekit-frontend/src/routes/api/ai/connect/+server.ts(40,10): error TS1128: Declaration or statement expected.
sveltekit-frontend/src/routes/api/ai/connect/+server.ts(42,7): error TS1128: Declaration or statement expected.
sveltekit-frontend/src/routes/api/ai/connect/+server.ts(46,5): error TS1128: Declaration or statement expected.
sveltekit-frontend/src/routes/api/ai/connect/+server.ts(54,3): error TS1128: Declaration or statement expected.
sveltekit-frontend/src/routes/api/ai/connect/+server.ts(54,4): error TS1128: Declaration or statement expected.
sveltekit-frontend/src/routes/api/ai/connect/+server.ts(54,6): error TS1005: 'try' expected.
sveltekit-frontend/src/routes/api/ai/connect/+server.ts(69,1): error TS1128: Declaration or statement expected.
sveltekit-frontend/src/routes/api/ai/context/+server.ts(45,7): error TS1005: ',' expected.
sveltekit-frontend/src/routes/api/ai/context/+server.ts(123,22): error TS1128: Declaration or statement expected.
sveltekit-frontend/src/routes/api/ai/context/+server.ts(124,5): error TS1128: Declaration or statement expected.
sveltekit-frontend/src/routes/api/ai/context/+server.ts(149,22): error TS1128: Declaration or statement expected.
sveltekit-frontend/src/routes/api/ai/context/+server.ts(150,5): error TS1128: Declaration or statement expected.
sveltekit-frontend/src/routes/api/ai/cuda-accelerated/+server.ts(61,1): error TS1131: Property or signature expected.
sveltekit-frontend/src/routes/api/ai/cuda-accelerated/+server.ts(214,18): error TS1136: Property assignment expected.
sveltekit-frontend/src/routes/api/ai/cuda-accelerated/+server.ts(315,3): error TS1005: ',' expected.
sveltekit-frontend/src/routes/api/ai/cuda-indexing/+server.ts(244,18): error TS1136: Property assignment expected.
sveltekit-frontend/src/routes/api/ai/cuda-indexing/+server.ts(451,18): error TS1136: Property assignment expected.
sveltekit-frontend/src/routes/api/ai/deep-analysis/+server.ts(25,1): error TS1128: Declaration or statement expected.
sveltekit-frontend/src/routes/api/ai/deep-analysis/+server.ts(85,17): error TS1109: Expression expected.
sveltekit-frontend/src/routes/api/ai/deep-analysis/+server.ts(86,24): error TS1109: Expression expected.
sveltekit-frontend/src/routes/api/ai/deep-analysis/+server.ts(87,8): error TS1128: Declaration or statement expected.
sveltekit-frontend/src/routes/api/ai/deep-analysis/+server.ts(89,5): error TS1128: Declaration or statement expected.
sveltekit-frontend/src/routes/api/ai/deep-analysis/+server.ts(90,3): error TS1128: Declaration or statement expected.
sveltekit-frontend/src/routes/api/ai/deep-analysis/+server.ts(91,1): error TS1128: Declaration or statement expected.
sveltekit-frontend/src/routes/api/ai/document-drafting/history/+server.ts(186,18): error TS1136: Property assignment expected.
sveltekit-frontend/src/routes/api/ai/document-drafting/history/+server.ts(205,5): error TS1128: Declaration or statement expected.
sveltekit-frontend/src/routes/api/ai/document-drafting/history/+server.ts(206,3): error TS1128: Declaration or statement expected.
sveltekit-frontend/src/routes/api/ai/document-drafting/history/+server.ts(207,1): error TS1128: Declaration or statement expected.
sveltekit-frontend/src/routes/api/ai/document-drafting/recent/+server.ts(146,5): error TS1005: ',' expected.
sveltekit-frontend/src/routes/api/ai/document-drafting/recent/+server.ts(185,5): error TS1128: Declaration or statement expected.
sveltekit-frontend/src/routes/api/ai/document-drafting/recent/+server.ts(186,3): error TS1128: Declaration or statement expected.
sveltekit-frontend/src/routes/api/ai/document-drafting/recent/+server.ts(187,1): error TS1128: Declaration or statement expected.
sveltekit-frontend/src/routes/api/ai/document-drafting/templates/+server.ts(241,5): error TS1128: Declaration or statement expected.
sveltekit-frontend/src/routes/api/ai/document-drafting/templates/+server.ts(242,3): error TS1128: Declaration or statement expected.
sveltekit-frontend/src/routes/api/ai/document-drafting/templates/+server.ts(243,1): error TS1128: Declaration or statement expected.
sveltekit-frontend/src/routes/api/ai/document-drafting/types/+server.ts(132,5): error TS1128: Declaration or statement expected.
sveltekit-frontend/src/routes/api/ai/document-drafting/types/+server.ts(133,3): error TS1128: Declaration or statement expected.
sveltekit-frontend/src/routes/api/ai/document-drafting/types/+server.ts(134,1): error TS1128: Declaration or statement expected.
sveltekit-frontend/src/routes/api/ai/embed/+server.ts(94,7): error TS1128: Declaration or statement expected.
sveltekit-frontend/src/routes/api/ai/embed/+server.ts(95,5): error TS1128: Declaration or statement expected.
sveltekit-frontend/src/routes/api/ai/embed/+server.ts(100,7): error TS1128: Declaration or statement expected.
sveltekit-frontend/src/routes/api/ai/embed/+server.ts(140,9): error TS1129: Statement expected.
sveltekit-frontend/src/routes/api/ai/embed/+server.ts(148,3): error TS1128: Declaration or statement expected.
sveltekit-frontend/src/routes/api/ai/embed/+server.ts(148,4): error TS1128: Declaration or statement expected.
sveltekit-frontend/src/routes/api/ai/embed/+server.ts(148,6): error TS1005: 'try' expected.
sveltekit-frontend/src/routes/api/ai/embed/+server.ts(155,9): error TS1128: Declaration or statement expected.
sveltekit-frontend/src/routes/api/ai/embed/+server.ts(161,9): error TS1128: Declaration or statement expected.
sveltekit-frontend/src/routes/api/ai/embed/+server.ts(167,5): error TS1128: Declaration or statement expected.
sveltekit-frontend/src/routes/api/ai/embed/+server.ts(169,1): error TS1128: Declaration or statement expected.
sveltekit-frontend/src/routes/api/ai/embeddings/+server.ts(100,9): error TS1005: ',' expected.
sveltekit-frontend/src/routes/api/ai/embeddings/+server.ts(100,10): error TS1128: Declaration or statement expected.
sveltekit-frontend/src/routes/api/ai/embeddings/+server.ts(101,7): error TS1128: Declaration or statement expected.
sveltekit-frontend/src/routes/api/ai/embeddings/+server.ts(101,20): error TS1109: Expression expected.
sveltekit-frontend/src/routes/api/ai/embeddings/+server.ts(129,7): error TS1005: 'export' expected.
sveltekit-frontend/src/routes/api/ai/embeddings/+server.ts(129,14): error TS1128: Declaration or statement expected.
sveltekit-frontend/src/routes/api/ai/embeddings/+server.ts(130,22): error TS1136: Property assignment expected.
sveltekit-frontend/src/routes/api/ai/embeddings/+server.ts(134,5): error TS1128: Declaration or statement expected.
sveltekit-frontend/src/routes/api/ai/embeddings/+server.ts(135,3): error TS1128: Declaration or statement expected.
sveltekit-frontend/src/routes/api/ai/embeddings/+server.ts(135,4): error TS1128: Declaration or statement expected.
sveltekit-frontend/src/routes/api/ai/embeddings/+server.ts(135,6): error TS1005: 'try' expected.
sveltekit-frontend/src/routes/api/ai/embeddings/+server.ts(141,1): error TS1128: Declaration or statement expected.
sveltekit-frontend/src/routes/api/ai/enhanced-grpo/+server.ts(283,55): error TS1136: Property assignment expected.
sveltekit-frontend/src/routes/api/ai/enhanced-grpo/+server.ts(296,59): error TS1136: Property assignment expected.
sveltekit-frontend/src/routes/api/ai/enhanced-grpo/+server.ts(371,61): error TS1136: Property assignment expected.
sveltekit-frontend/src/routes/api/ai/enhanced-grpo/+server.ts(404,9): error TS1005: ',' expected.
sveltekit-frontend/src/routes/api/ai/enhanced-grpo/+server.ts(406,22): error TS1136: Property assignment expected.
sveltekit-frontend/src/routes/api/ai/enhanced-microservice/+server.ts(26,1): error TS1128: Declaration or statement expected.
sveltekit-frontend/src/routes/api/ai/enhanced-microservice/+server.ts(63,22): error TS1138: Parameter declaration expected.
sveltekit-frontend/src/routes/api/ai/enhanced-microservice/+server.ts(78,57): error TS1136: Property assignment expected.
sveltekit-frontend/src/routes/api/ai/enhanced-microservice/+server.ts(80,10): error TS1472: 'catch' or 'finally' expected.
sveltekit-frontend/src/routes/api/ai/enhanced-microservice/+server.ts(86,9): error TS1005: 'try' expected.
sveltekit-frontend/src/routes/api/ai/enhanced-microservice/+server.ts(103,3): error TS1434: Unexpected keyword or identifier.
sveltekit-frontend/src/routes/api/ai/enhanced-microservice/+server.ts(103,22): error TS1005: ';' expected.
sveltekit-frontend/src/routes/api/ai/enhanced-microservice/+server.ts(104,12): error TS1005: ':' expected.
sveltekit-frontend/src/routes/api/ai/enhanced-microservice/+server.ts(106,3): error TS1434: Unexpected keyword or identifier.
sveltekit-frontend/src/routes/api/ai/enhanced-microservice/+server.ts(106,32): error TS1005: ',' expected.
sveltekit-frontend/src/routes/api/ai/enhanced-microservice/+server.ts(106,57): error TS1005: ';' expected.
sveltekit-frontend/src/routes/api/ai/enhanced-microservice/+server.ts(107,12): error TS1005: ':' expected.
sveltekit-frontend/src/routes/api/ai/enhanced-microservice/+server.ts(109,3): error TS1434: Unexpected keyword or identifier.
sveltekit-frontend/src/routes/api/ai/enhanced-microservice/+server.ts(109,32): error TS1005: ',' expected.
sveltekit-frontend/src/routes/api/ai/enhanced-microservice/+server.ts(109,48): error TS1005: ';' expected.
sveltekit-frontend/src/routes/api/ai/enhanced-microservice/+server.ts(110,12): error TS1005: ':' expected.
sveltekit-frontend/src/routes/api/ai/enhanced-microservice/+server.ts(112,1): error TS1128: Declaration or statement expected.
sveltekit-frontend/src/routes/api/ai/enhanced-microservice/+server.ts(140,5): error TS1128: Declaration or statement expected.
sveltekit-frontend/src/routes/api/ai/enhanced-microservice/+server.ts(141,3): error TS1128: Declaration or statement expected.
sveltekit-frontend/src/routes/api/ai/enhanced-microservice/+server.ts(141,4): error TS1128: Declaration or statement expected.
sveltekit-frontend/src/routes/api/ai/enhanced-microservice/+server.ts(141,6): error TS1005: 'try' expected.
sveltekit-frontend/src/routes/api/ai/enhanced-microservice/+server.ts(146,17): error TS1109: Expression expected.
sveltekit-frontend/src/routes/api/ai/enhanced-microservice/+server.ts(147,15): error TS1109: Expression expected.
sveltekit-frontend/src/routes/api/ai/enhanced-microservice/+server.ts(148,19): error TS1109: Expression expected.
sveltekit-frontend/src/routes/api/ai/enhanced-microservice/+server.ts(149,8): error TS1128: Declaration or statement expected.
sveltekit-frontend/src/routes/api/ai/enhanced-microservice/+server.ts(151,5): error TS1128: Declaration or statement expected.
sveltekit-frontend/src/routes/api/ai/enhanced-microservice/+server.ts(153,1): error TS1128: Declaration or statement expected.
sveltekit-frontend/src/routes/api/ai/enhanced-microservice/+server.ts(169,11): error TS1128: Declaration or statement expected.
sveltekit-frontend/src/routes/api/ai/enhanced-microservice/+server.ts(170,9): error TS1128: Declaration or statement expected.
sveltekit-frontend/src/routes/api/ai/enhanced-microservice/+server.ts(182,26): error TS1136: Property assignment expected.
sveltekit-frontend/src/routes/api/ai/enhanced-microservice/+server.ts(185,26): error TS1005: ';' expected.
sveltekit-frontend/src/routes/api/ai/enhanced-microservice/+server.ts(186,26): error TS1005: ';' expected.
sveltekit-frontend/src/routes/api/ai/enhanced-microservice/+server.ts(187,22): error TS1005: ';' expected.
sveltekit-frontend/src/routes/api/ai/enhanced-microservice/+server.ts(189,9): error TS1128: Declaration or statement expected.
sveltekit-frontend/src/routes/api/ai/enhanced-microservice/+server.ts(189,10): error TS1128: Declaration or statement expected.
sveltekit-frontend/src/routes/api/ai/enhanced-microservice/+server.ts(190,7): error TS1128: Declaration or statement expected.
sveltekit-frontend/src/routes/api/ai/enhanced-microservice/+server.ts(191,7): error TS1128: Declaration or statement expected.
sveltekit-frontend/src/routes/api/ai/enhanced-microservice/+server.ts(191,21): error TS1109: Expression expected.
sveltekit-frontend/src/routes/api/ai/enhanced-microservice/+server.ts(198,11): error TS1128: Declaration or statement expected.
sveltekit-frontend/src/routes/api/ai/enhanced-microservice/+server.ts(211,26): error TS1136: Property assignment expected.
sveltekit-frontend/src/routes/api/ai/enhanced-microservice/+server.ts(214,25): error TS1005: ';' expected.
sveltekit-frontend/src/routes/api/ai/enhanced-microservice/+server.ts(215,23): error TS1005: ';' expected.
sveltekit-frontend/src/routes/api/ai/enhanced-microservice/+server.ts(216,26): error TS1005: ';' expected.
sveltekit-frontend/src/routes/api/ai/enhanced-microservice/+server.ts(218,10): error TS1128: Declaration or statement expected.
sveltekit-frontend/src/routes/api/ai/enhanced-microservice/+server.ts(219,7): error TS1128: Declaration or statement expected.
sveltekit-frontend/src/routes/api/ai/enhanced-microservice/+server.ts(220,7): error TS1128: Declaration or statement expected.
sveltekit-frontend/src/routes/api/ai/enhanced-microservice/+server.ts(220,27): error TS1109: Expression expected.
sveltekit-frontend/src/routes/api/ai/enhanced-microservice/+server.ts(227,11): error TS1128: Declaration or statement expected.
sveltekit-frontend/src/routes/api/ai/enhanced-microservice/+server.ts(275,7): error TS1128: Declaration or statement expected.
sveltekit-frontend/src/routes/api/ai/enhanced-microservice/+server.ts(275,29): error TS1109: Expression expected.
sveltekit-frontend/src/routes/api/ai/enhanced-microservice/+server.ts(282,11): error TS1128: Declaration or statement expected.
sveltekit-frontend/src/routes/api/ai/enhanced-microservice/+server.ts(317,9): error TS1005: ',' expected.
sveltekit-frontend/src/routes/api/ai/enhanced-microservice/+server.ts(324,63): error TS1135: Argument expression expected.
sveltekit-frontend/src/routes/api/ai/enhanced-microservice/+server.ts(352,7): error TS1005: 'export' expected.
sveltekit-frontend/src/routes/api/ai/enhanced-microservice/+server.ts(352,14): error TS1128: Declaration or statement expected.
sveltekit-frontend/src/routes/api/ai/enhanced-microservice/+server.ts(353,22): error TS1136: Property assignment expected.
sveltekit-frontend/src/routes/api/ai/enhanced-microservice/+server.ts(364,9): error TS1128: Declaration or statement expected.
sveltekit-frontend/src/routes/api/ai/enhanced-microservice/+server.ts(365,5): error TS1128: Declaration or statement expected.
sveltekit-frontend/src/routes/api/ai/enhanced-microservice/+server.ts(366,3): error TS1128: Declaration or statement expected.
sveltekit-frontend/src/routes/api/ai/enhanced-microservice/+server.ts(366,4): error TS1128: Declaration or statement expected.
sveltekit-frontend/src/routes/api/ai/enhanced-microservice/+server.ts(366,6): error TS1005: 'try' expected.
sveltekit-frontend/src/routes/api/ai/enhanced-microservice/+server.ts(371,17): error TS1109: Expression expected.
sveltekit-frontend/src/routes/api/ai/enhanced-microservice/+server.ts(372,15): error TS1109: Expression expected.
sveltekit-frontend/src/routes/api/ai/enhanced-microservice/+server.ts(373,19): error TS1109: Expression expected.
sveltekit-frontend/src/routes/api/ai/enhanced-microservice/+server.ts(374,16): error TS1109: Expression expected.
sveltekit-frontend/src/routes/api/ai/enhanced-microservice/+server.ts(375,8): error TS1128: Declaration or statement expected.
sveltekit-frontend/src/routes/api/ai/enhanced-microservice/+server.ts(377,5): error TS1128: Declaration or statement expected.
sveltekit-frontend/src/routes/api/ai/enhanced-microservice/+server.ts(379,1): error TS1128: Declaration or statement expected.
sveltekit-frontend/src/routes/api/ai/evidence-search/+server.ts(67,38): error TS1136: Property assignment expected.
sveltekit-frontend/src/routes/api/ai/evidence-search/+server.ts(90,5): error TS1128: Declaration or statement expected.
sveltekit-frontend/src/routes/api/ai/evidence-search/+server.ts(91,3): error TS1128: Declaration or statement expected.
sveltekit-frontend/src/routes/api/ai/evidence-search/+server.ts(92,1): error TS1128: Declaration or statement expected.
sveltekit-frontend/src/routes/api/ai/find/+server.ts(70,1): error TS1128: Declaration or statement expected.
sveltekit-frontend/src/routes/api/ai/generate-report/+server.ts(90,5): error TS1005: ',' expected.
sveltekit-frontend/src/routes/api/ai/generate-report/+server.ts(122,3): error TS1005: ',' expected.
sveltekit-frontend/src/routes/api/ai/generate-report/+server.ts(166,3): error TS1005: ',' expected.
sveltekit-frontend/src/routes/api/ai/gpu/+server.ts(29,1): error TS1128: Declaration or statement expected.
sveltekit-frontend/src/routes/api/ai/gpu/+server.ts(55,8): error TS1005: ';' expected.
sveltekit-frontend/src/routes/api/ai/gpu/+server.ts(56,2): error TS1131: Property or signature expected.
sveltekit-frontend/src/routes/api/ai/gpu/+server.ts(107,21): error TS1136: Property assignment expected.
sveltekit-frontend/src/routes/api/ai/gpu/+server.ts(123,1): error TS1128: Declaration or statement expected.
sveltekit-frontend/src/routes/api/ai/gpu/+server.ts(232,23): error TS1109: Expression expected.
sveltekit-frontend/src/routes/api/ai/gpu/+server.ts(232,32): error TS1005: ',' expected.
sveltekit-frontend/src/routes/api/ai/gpu/+server.ts(232,33): error TS1136: Property assignment expected.
sveltekit-frontend/src/routes/api/ai/gpu/+server.ts(354,24): error TS1109: Expression expected.
sveltekit-frontend/src/routes/api/ai/gpu/+server.ts(354,33): error TS1005: ',' expected.
sveltekit-frontend/src/routes/api/ai/gpu/+server.ts(354,34): error TS1136: Property assignment expected.
sveltekit-frontend/src/routes/api/ai/gpu/+server.ts(392,24): error TS1109: Expression expected.
sveltekit-frontend/src/routes/api/ai/gpu/+server.ts(392,33): error TS1005: ',' expected.
sveltekit-frontend/src/routes/api/ai/gpu/+server.ts(392,34): error TS1136: Property assignment expected.
sveltekit-frontend/src/routes/api/ai/gpu/+server.ts(424,24): error TS1109: Expression expected.
sveltekit-frontend/src/routes/api/ai/gpu/+server.ts(424,33): error TS1005: ',' expected.
sveltekit-frontend/src/routes/api/ai/gpu/+server.ts(424,34): error TS1136: Property assignment expected.
sveltekit-frontend/src/routes/api/ai/gpu/+server.ts(463,21): error TS1109: Expression expected.
sveltekit-frontend/src/routes/api/ai/gpu/+server.ts(463,30): error TS1005: ',' expected.
sveltekit-frontend/src/routes/api/ai/gpu/+server.ts(463,31): error TS1136: Property assignment expected.
sveltekit-frontend/src/routes/api/ai/health-mock/+server.ts(20,5): error TS1005: ',' expected.
sveltekit-frontend/src/routes/api/ai/health-mock/+server.ts(49,5): error TS1005: ',' expected.
sveltekit-frontend/src/routes/api/ai/health-mock/+server.ts(52,7): error TS1005: ',' expected.
sveltekit-frontend/src/routes/api/ai/health-mock/+server.ts(59,5): error TS1005: ',' expected.
sveltekit-frontend/src/routes/api/ai/health-mock/+server.ts(78,5): error TS1005: ',' expected.
sveltekit-frontend/src/routes/api/ai/health/+server.ts(18,5): error TS1131: Property or signature expected.
sveltekit-frontend/src/routes/api/ai/health/+server.ts(18,9): error TS1005: ':' expected.
sveltekit-frontend/src/routes/api/ai/health/+server.ts(19,13): error TS1005: ':' expected.
sveltekit-frontend/src/routes/api/ai/health/+server.ts(20,7): error TS1005: ',' expected.
sveltekit-frontend/src/routes/api/ai/health/+server.ts(20,19): error TS1005: ',' expected.
sveltekit-frontend/src/routes/api/ai/health/+server.ts(20,22): error TS1005: ',' expected.
sveltekit-frontend/src/routes/api/ai/health/+server.ts(20,24): error TS1136: Property assignment expected.
sveltekit-frontend/src/routes/api/ai/health/+server.ts(21,15): error TS1005: ':' expected.
sveltekit-frontend/src/routes/api/ai/health/+server.ts(22,9): error TS1005: ',' expected.
sveltekit-frontend/src/routes/api/ai/health/+server.ts(22,16): error TS1005: ':' expected.
sveltekit-frontend/src/routes/api/ai/health/+server.ts(22,20): error TS1005: ',' expected.
sveltekit-frontend/src/routes/api/ai/health/+server.ts(22,28): error TS1005: ',' expected.
sveltekit-frontend/src/routes/api/ai/health/+server.ts(23,7): error TS1128: Declaration or statement expected.
sveltekit-frontend/src/routes/api/ai/health/+server.ts(25,5): error TS1128: Declaration or statement expected.
sveltekit-frontend/src/routes/api/ai/health/+server.ts(25,7): error TS1005: 'try' expected.
sveltekit-frontend/src/routes/api/ai/health/+server.ts(28,3): error TS1128: Declaration or statement expected.
sveltekit-frontend/src/routes/api/ai/health/+server.ts(29,1): error TS1128: Declaration or statement expected.
sveltekit-frontend/src/routes/api/ai/health/cloud/+server.ts(62,22): error TS1128: Declaration or statement expected.
sveltekit-frontend/src/routes/api/ai/health/cloud/+server.ts(63,5): error TS1128: Declaration or statement expected.
sveltekit-frontend/src/routes/api/ai/health/cloud/+server.ts(64,3): error TS1128: Declaration or statement expected.
sveltekit-frontend/src/routes/api/ai/health/cloud/+server.ts(65,1): error TS1128: Declaration or statement expected.
sveltekit-frontend/src/routes/api/ai/health/local-fixed/+server.ts(74,64): error TS1134: Variable declaration expected.
sveltekit-frontend/src/routes/api/ai/health/local-fixed/+server.ts(75,13): error TS1005: ',' expected.
sveltekit-frontend/src/routes/api/ai/health/local-fixed/+server.ts(91,11): error TS1134: Variable declaration expected.
sveltekit-frontend/src/routes/api/ai/health/local-fixed/+server.ts(91,12): error TS1134: Variable declaration expected.
sveltekit-frontend/src/routes/api/ai/health/local-fixed/+server.ts(91,13): error TS1109: Expression expected.
sveltekit-frontend/src/routes/api/ai/health/local-fixed/+server.ts(96,7): error TS1128: Declaration or statement expected.
sveltekit-frontend/src/routes/api/ai/health/local-fixed/+server.ts(96,8): error TS1128: Declaration or statement expected.
sveltekit-frontend/src/routes/api/ai/health/local-fixed/+server.ts(127,3): error TS1128: Declaration or statement expected.
sveltekit-frontend/src/routes/api/ai/health/local-fixed/+server.ts(127,4): error TS1128: Declaration or statement expected.
sveltekit-frontend/src/routes/api/ai/health/local-fixed/+server.ts(127,6): error TS1005: 'try' expected.
sveltekit-frontend/src/routes/api/ai/health/local-fixed/+server.ts(138,22): error TS1128: Declaration or statement expected.
sveltekit-frontend/src/routes/api/ai/health/local-fixed/+server.ts(139,5): error TS1128: Declaration or statement expected.
sveltekit-frontend/src/routes/api/ai/health/local-fixed/+server.ts(141,1): error TS1128: Declaration or statement expected.
sveltekit-frontend/src/routes/api/ai/health/local-fixed/+server.ts(183,23): error TS1109: Expression expected.
sveltekit-frontend/src/routes/api/ai/health/local-fixed/+server.ts(183,42): error TS1005: ';' expected.
sveltekit-frontend/src/routes/api/ai/health/local-fixed/+server.ts(183,64): error TS1128: Declaration or statement expected.
sveltekit-frontend/src/routes/api/ai/health/local-fixed/+server.ts(193,22): error TS1109: Expression expected.
sveltekit-frontend/src/routes/api/ai/health/local-fixed/+server.ts(194,14): error TS1128: Declaration or statement expected.
sveltekit-frontend/src/routes/api/ai/health/local-fixed/+server.ts(195,11): error TS1128: Declaration or statement expected.
sveltekit-frontend/src/routes/api/ai/health/local-fixed/+server.ts(213,9): error TS1128: Declaration or statement expected.
sveltekit-frontend/src/routes/api/ai/health/local-fixed/+server.ts(214,7): error TS1128: Declaration or statement expected.
sveltekit-frontend/src/routes/api/ai/health/local-fixed/+server.ts(214,8): error TS1128: Declaration or statement expected.
sveltekit-frontend/src/routes/api/ai/health/local-fixed/+server.ts(214,10): error TS1005: 'try' expected.
sveltekit-frontend/src/routes/api/ai/health/local-fixed/+server.ts(222,5): error TS1128: Declaration or statement expected.
sveltekit-frontend/src/routes/api/ai/health/local-fixed/+server.ts(237,3): error TS1128: Declaration or statement expected.
sveltekit-frontend/src/routes/api/ai/health/local-fixed/+server.ts(237,4): error TS1128: Declaration or statement expected.
sveltekit-frontend/src/routes/api/ai/health/local-fixed/+server.ts(237,6): error TS1005: 'try' expected.
sveltekit-frontend/src/routes/api/ai/health/local-fixed/+server.ts(243,22): error TS1128: Declaration or statement expected.
sveltekit-frontend/src/routes/api/ai/health/local-fixed/+server.ts(244,5): error TS1128: Declaration or statement expected.
sveltekit-frontend/src/routes/api/ai/health/local-fixed/+server.ts(246,1): error TS1128: Declaration or statement expected.
sveltekit-frontend/src/routes/api/ai/health/local/+server.ts(74,64): error TS1134: Variable declaration expected.
sveltekit-frontend/src/routes/api/ai/health/local/+server.ts(75,13): error TS1005: ',' expected.
sveltekit-frontend/src/routes/api/ai/health/local/+server.ts(91,11): error TS1134: Variable declaration expected.
sveltekit-frontend/src/routes/api/ai/health/local/+server.ts(91,12): error TS1134: Variable declaration expected.
sveltekit-frontend/src/routes/api/ai/health/local/+server.ts(91,13): error TS1109: Expression expected.
sveltekit-frontend/src/routes/api/ai/health/local/+server.ts(96,7): error TS1128: Declaration or statement expected.
sveltekit-frontend/src/routes/api/ai/health/local/+server.ts(96,8): error TS1128: Declaration or statement expected.
sveltekit-frontend/src/routes/api/ai/health/local/+server.ts(127,3): error TS1128: Declaration or statement expected.
sveltekit-frontend/src/routes/api/ai/health/local/+server.ts(127,4): error TS1128: Declaration or statement expected.
sveltekit-frontend/src/routes/api/ai/health/local/+server.ts(127,6): error TS1005: 'try' expected.
sveltekit-frontend/src/routes/api/ai/health/local/+server.ts(138,22): error TS1128: Declaration or statement expected.
sveltekit-frontend/src/routes/api/ai/health/local/+server.ts(139,5): error TS1128: Declaration or statement expected.
sveltekit-frontend/src/routes/api/ai/health/local/+server.ts(141,1): error TS1128: Declaration or statement expected.
sveltekit-frontend/src/routes/api/ai/health/local/+server.ts(183,23): error TS1109: Expression expected.
sveltekit-frontend/src/routes/api/ai/health/local/+server.ts(183,42): error TS1005: ';' expected.
sveltekit-frontend/src/routes/api/ai/health/local/+server.ts(183,64): error TS1128: Declaration or statement expected.
sveltekit-frontend/src/routes/api/ai/health/local/+server.ts(193,22): error TS1109: Expression expected.
sveltekit-frontend/src/routes/api/ai/health/local/+server.ts(194,14): error TS1128: Declaration or statement expected.
sveltekit-frontend/src/routes/api/ai/health/local/+server.ts(195,11): error TS1128: Declaration or statement expected.
sveltekit-frontend/src/routes/api/ai/health/local/+server.ts(213,9): error TS1128: Declaration or statement expected.
sveltekit-frontend/src/routes/api/ai/health/local/+server.ts(214,7): error TS1128: Declaration or statement expected.
sveltekit-frontend/src/routes/api/ai/health/local/+server.ts(214,8): error TS1128: Declaration or statement expected.
sveltekit-frontend/src/routes/api/ai/health/local/+server.ts(214,10): error TS1005: 'try' expected.
sveltekit-frontend/src/routes/api/ai/health/local/+server.ts(222,5): error TS1128: Declaration or statement expected.
sveltekit-frontend/src/routes/api/ai/health/local/+server.ts(237,3): error TS1128: Declaration or statement expected.
sveltekit-frontend/src/routes/api/ai/health/local/+server.ts(237,4): error TS1128: Declaration or statement expected.
sveltekit-frontend/src/routes/api/ai/health/local/+server.ts(237,6): error TS1005: 'try' expected.
sveltekit-frontend/src/routes/api/ai/health/local/+server.ts(243,22): error TS1128: Declaration or statement expected.
sveltekit-frontend/src/routes/api/ai/health/local/+server.ts(244,5): error TS1128: Declaration or statement expected.
sveltekit-frontend/src/routes/api/ai/health/local/+server.ts(246,1): error TS1128: Declaration or statement expected.
sveltekit-frontend/src/routes/api/ai/lawpdfs/+server.ts(24,1): error TS1128: Declaration or statement expected.
sveltekit-frontend/src/routes/api/ai/lawpdfs/+server.ts(100,5): error TS1128: Declaration or statement expected.
sveltekit-frontend/src/routes/api/ai/lawpdfs/+server.ts(101,3): error TS1128: Declaration or statement expected.
sveltekit-frontend/src/routes/api/ai/lawpdfs/+server.ts(102,1): error TS1128: Declaration or statement expected.
sveltekit-frontend/src/routes/api/ai/lawpdfs/+server.ts(119,26): error TS1136: Property assignment expected.
sveltekit-frontend/src/routes/api/ai/lawpdfs/+server.ts(121,10): error TS1128: Declaration or statement expected.
sveltekit-frontend/src/routes/api/ai/lawpdfs/+server.ts(174,5): error TS1472: 'catch' or 'finally' expected.
sveltekit-frontend/src/routes/api/ai/lawpdfs/+server.ts(183,5): error TS1005: 'try' expected.
sveltekit-frontend/src/routes/api/ai/lawpdfs/+server.ts(188,15): error TS1109: Expression expected.
sveltekit-frontend/src/routes/api/ai/lawpdfs/+server.ts(189,17): error TS1109: Expression expected.
sveltekit-frontend/src/routes/api/ai/lawpdfs/+server.ts(190,8): error TS1128: Declaration or statement expected.
sveltekit-frontend/src/routes/api/ai/lawpdfs/+server.ts(192,5): error TS1128: Declaration or statement expected.
sveltekit-frontend/src/routes/api/ai/lawpdfs/+server.ts(194,1): error TS1128: Declaration or statement expected.
sveltekit-frontend/src/routes/api/ai/lawpdfs/+server.ts(358,7): error TS1005: ',' expected.
sveltekit-frontend/src/routes/api/ai/lawpdfs/+server.ts(365,5): error TS1005: ',' expected.
sveltekit-frontend/src/routes/api/ai/lawpdfs/+server.ts(369,7): error TS1005: ',' expected.
sveltekit-frontend/src/routes/api/ai/lawpdfs/+server.ts(375,5): error TS1005: ',' expected.
sveltekit-frontend/src/routes/api/ai/lawpdfs/+server.ts(383,5): error TS1005: ',' expected.
sveltekit-frontend/src/routes/api/ai/lawpdfs/+server.ts(399,7): error TS1005: ',' expected.
sveltekit-frontend/src/routes/api/ai/lawpdfs/+server.ts(404,7): error TS1005: ',' expected.
sveltekit-frontend/src/routes/api/ai/lawpdfs/+server.ts(410,5): error TS1005: ',' expected.
sveltekit-frontend/src/routes/api/ai/lawpdfs/+server.ts(455,1): error TS1005: ',' expected.
sveltekit-frontend/src/routes/api/ai/lawpdfs/+server.ts(475,3): error TS1005: ',' expected.
sveltekit-frontend/src/routes/api/ai/legal-research/+server.ts(263,17): error TS1138: Parameter declaration expected.
sveltekit-frontend/src/routes/api/ai/legal-search-cached/+server.ts(71,11): error TS1109: Expression expected.
sveltekit-frontend/src/routes/api/ai/legal-search-cached/+server.ts(72,20): error TS1109: Expression expected.
sveltekit-frontend/src/routes/api/ai/legal-search-cached/+server.ts(73,13): error TS1128: Declaration or statement expected.
sveltekit-frontend/src/routes/api/ai/legal-search-cached/+server.ts(74,23): error TS1109: Expression expected.
sveltekit-frontend/src/routes/api/ai/legal-search-cached/+server.ts(76,31): error TS1109: Expression expected.
sveltekit-frontend/src/routes/api/ai/legal-search-cached/+server.ts(78,9): error TS1128: Declaration or statement expected.
sveltekit-frontend/src/routes/api/ai/legal-search-cached/+server.ts(78,10): error TS1128: Declaration or statement expected.
sveltekit-frontend/src/routes/api/ai/legal-search-cached/+server.ts(80,7): error TS1128: Declaration or statement expected.
sveltekit-frontend/src/routes/api/ai/legal-search-cached/+server.ts(81,5): error TS1128: Declaration or statement expected.
sveltekit-frontend/src/routes/api/ai/legal-search-cached/+server.ts(127,3): error TS1128: Declaration or statement expected.
sveltekit-frontend/src/routes/api/ai/legal-search-cached/+server.ts(127,4): error TS1128: Declaration or statement expected.
sveltekit-frontend/src/routes/api/ai/legal-search-cached/+server.ts(127,6): error TS1005: 'try' expected.
sveltekit-frontend/src/routes/api/ai/legal-search-cached/+server.ts(136,1): error TS1128: Declaration or statement expected.
sveltekit-frontend/src/routes/api/ai/legal-search-cached/+server.ts(191,20): error TS1136: Property assignment expected.
sveltekit-frontend/src/routes/api/ai/legal-search/+server.ts(60,5): error TS1128: Declaration or statement expected.
sveltekit-frontend/src/routes/api/ai/legal-search/+server.ts(61,3): error TS1128: Declaration or statement expected.
sveltekit-frontend/src/routes/api/ai/legal-search/+server.ts(62,1): error TS1128: Declaration or statement expected.
sveltekit-frontend/src/routes/api/ai/legal-search/+server.ts(125,5): error TS1005: ',' expected.
sveltekit-frontend/src/routes/api/ai/multi-agent/+server.ts(25,1): error TS1128: Declaration or statement expected.
sveltekit-frontend/src/routes/api/ai/multi-agent/+server.ts(182,11): error TS1005: ',' expected.
sveltekit-frontend/src/routes/api/ai/multi-agent/+server.ts(190,11): error TS1005: ',' expected.
sveltekit-frontend/src/routes/api/ai/multi-agent/+server.ts(249,24): error TS1128: Declaration or statement expected.
sveltekit-frontend/src/routes/api/ai/multi-agent/+server.ts(250,7): error TS1128: Declaration or statement expected.
sveltekit-frontend/src/routes/api/ai/multi-agent/+server.ts(251,5): error TS1128: Declaration or statement expected.
sveltekit-frontend/src/routes/api/ai/multi-agent/+server.ts(252,3): error TS1128: Declaration or statement expected.
sveltekit-frontend/src/routes/api/ai/multi-agent/+server.ts(252,4): error TS1128: Declaration or statement expected.
sveltekit-frontend/src/routes/api/ai/multi-agent/+server.ts(252,6): error TS1005: 'try' expected.
sveltekit-frontend/src/routes/api/ai/multi-agent/+server.ts(256,1): error TS1128: Declaration or statement expected.
sveltekit-frontend/src/routes/api/ai/multi-agent/+server.ts(482,20): error TS1136: Property assignment expected.
sveltekit-frontend/src/routes/api/ai/multi-agent/+server.ts(486,24): error TS1129: Statement expected.
sveltekit-frontend/src/routes/api/ai/multi-agent/+server.ts(487,7): error TS1129: Statement expected.
sveltekit-frontend/src/routes/api/ai/multi-agent/+server.ts(488,3): error TS1128: Declaration or statement expected.
sveltekit-frontend/src/routes/api/ai/multi-agent/+server.ts(489,1): error TS1128: Declaration or statement expected.
sveltekit-frontend/src/routes/api/ai/ollama-gemma3/+server.ts(37,24): error TS1128: Declaration or statement expected.
sveltekit-frontend/src/routes/api/ai/ollama-gemma3/+server.ts(38,7): error TS1128: Declaration or statement expected.
sveltekit-frontend/src/routes/api/ai/ollama-gemma3/+server.ts(39,5): error TS1128: Declaration or statement expected.
sveltekit-frontend/src/routes/api/ai/ollama-gemma3/+server.ts(42,3): error TS1128: Declaration or statement expected.
sveltekit-frontend/src/routes/api/ai/ollama-gemma3/+server.ts(42,4): error TS1128: Declaration or statement expected.
sveltekit-frontend/src/routes/api/ai/ollama-gemma3/+server.ts(42,6): error TS1005: 'try' expected.
sveltekit-frontend/src/routes/api/ai/ollama-gemma3/+server.ts(46,1): error TS1128: Declaration or statement expected.
sveltekit-frontend/src/routes/api/ai/ollama/analyze-legal-document/+server.ts(153,27): error TS1136: Property assignment expected.
sveltekit-frontend/src/routes/api/ai/ollama/analyze-legal-document/+server.ts(154,21): error TS1137: Expression or comma expected.
sveltekit-frontend/src/routes/api/ai/ollama/analyze-legal-document/+server.ts(155,17): error TS1137: Expression or comma expected.
sveltekit-frontend/src/routes/api/ai/ollama/analyze-legal-document/+server.ts(156,18): error TS1137: Expression or comma expected.
sveltekit-frontend/src/routes/api/ai/ollama/analyze-legal-document/+server.ts(157,19): error TS1137: Expression or comma expected.
sveltekit-frontend/src/routes/api/ai/ollama/analyze-legal-document/+server.ts(158,9): error TS1005: ',' expected.
sveltekit-frontend/src/routes/api/ai/ollama/analyze-legal-document/+server.ts(158,11): error TS1136: Property assignment expected.
sveltekit-frontend/src/routes/api/ai/ollama/analyze-legal-document/+server.ts(160,5): error TS1005: ',' expected.
sveltekit-frontend/src/routes/api/ai/ollama/analyze-legal-document/+server.ts(160,6): error TS1472: 'catch' or 'finally' expected.
sveltekit-frontend/src/routes/api/ai/ollama/analyze-legal-document/+server.ts(205,6): error TS1389: 'catch' is not allowed as a variable declaration name.
sveltekit-frontend/src/routes/api/ai/ollama/analyze-legal-document/+server.ts(209,1): error TS1128: Declaration or statement expected.
sveltekit-frontend/src/routes/api/ai/phase4/precedents/+server.ts(43,5): error TS1128: Declaration or statement expected.
sveltekit-frontend/src/routes/api/ai/phase4/precedents/+server.ts(44,3): error TS1128: Declaration or statement expected.
sveltekit-frontend/src/routes/api/ai/phase4/precedents/+server.ts(45,1): error TS1128: Declaration or statement expected.
sveltekit-frontend/src/routes/api/ai/phase4/precedents/+server.ts(67,5): error TS1128: Declaration or statement expected.
sveltekit-frontend/src/routes/api/ai/phase4/precedents/+server.ts(68,3): error TS1128: Declaration or statement expected.
sveltekit-frontend/src/routes/api/ai/phase4/precedents/+server.ts(69,1): error TS1128: Declaration or statement expected.
sveltekit-frontend/src/routes/api/ai/phase4/prediction/+server.ts(34,5): error TS1128: Declaration or statement expected.
sveltekit-frontend/src/routes/api/ai/phase4/prediction/+server.ts(35,3): error TS1128: Declaration or statement expected.
sveltekit-frontend/src/routes/api/ai/phase4/prediction/+server.ts(36,1): error TS1128: Declaration or statement expected.
sveltekit-frontend/src/routes/api/ai/predictive-typing/+server.ts(118,36): error TS1109: Expression expected.
sveltekit-frontend/src/routes/api/ai/predictive-typing/+server.ts(120,31): error TS1109: Expression expected.
sveltekit-frontend/src/routes/api/ai/predictive-typing/+server.ts(123,9): error TS1128: Declaration or statement expected.
sveltekit-frontend/src/routes/api/ai/predictive-typing/+server.ts(146,32): error TS1109: Expression expected.
sveltekit-frontend/src/routes/api/ai/predictive-typing/+server.ts(150,9): error TS1128: Declaration or statement expected.
sveltekit-frontend/src/routes/api/ai/predictive-typing/+server.ts(169,28): error TS1109: Expression expected.
sveltekit-frontend/src/routes/api/ai/predictive-typing/+server.ts(170,32): error TS1109: Expression expected.
sveltekit-frontend/src/routes/api/ai/predictive-typing/+server.ts(172,9): error TS1128: Declaration or statement expected.
sveltekit-frontend/src/routes/api/ai/predictive-typing/+server.ts(231,105): error TS1136: Property assignment expected.
sveltekit-frontend/src/routes/api/ai/predictive-typing/+server.ts(236,7): error TS1005: ',' expected.
sveltekit-frontend/src/routes/api/ai/predictive-typing/+server.ts(385,1): error TS1131: Property or signature expected.
sveltekit-frontend/src/routes/api/ai/process-enhanced/+server.ts(226,22): error TS1128: Declaration or statement expected.
sveltekit-frontend/src/routes/api/ai/process-enhanced/+server.ts(227,5): error TS1128: Declaration or statement expected.
sveltekit-frontend/src/routes/api/ai/process-enhanced/+server.ts(228,3): error TS1128: Declaration or statement expected.
sveltekit-frontend/src/routes/api/ai/process-enhanced/+server.ts(229,1): error TS1128: Declaration or statement expected.
sveltekit-frontend/src/routes/api/ai/process-evidence/+server.ts(30,1): error TS1128: Declaration or statement expected.
sveltekit-frontend/src/routes/api/ai/process-evidence/+server.ts(213,9): error TS1005: ',' expected.
sveltekit-frontend/src/routes/api/ai/process-evidence/+server.ts(263,3): error TS1005: ',' expected.
sveltekit-frontend/src/routes/api/ai/query/+server.ts(66,7): error TS1128: Declaration or statement expected.
sveltekit-frontend/src/routes/api/ai/query/+server.ts(67,5): error TS1128: Declaration or statement expected.
sveltekit-frontend/src/routes/api/ai/query/+server.ts(73,5): error TS1128: Declaration or statement expected.
sveltekit-frontend/src/routes/api/ai/query/+server.ts(74,3): error TS1128: Declaration or statement expected.
sveltekit-frontend/src/routes/api/ai/query/+server.ts(75,1): error TS1128: Declaration or statement expected.
sveltekit-frontend/src/routes/api/ai/query/+server.ts(105,5): error TS1128: Declaration or statement expected.
sveltekit-frontend/src/routes/api/ai/query/+server.ts(106,3): error TS1128: Declaration or statement expected.
sveltekit-frontend/src/routes/api/ai/query/+server.ts(107,1): error TS1128: Declaration or statement expected.
sveltekit-frontend/src/routes/api/ai/recommendation-assistant/+server.ts(82,22): error TS1136: Property assignment expected.
sveltekit-frontend/src/routes/api/ai/recommendation-assistant/+server.ts(83,26): error TS1136: Property assignment expected.
sveltekit-frontend/src/routes/api/ai/recommendation-assistant/+server.ts(85,10): error TS1128: Declaration or statement expected.
sveltekit-frontend/src/routes/api/ai/recommendation-assistant/+server.ts(85,27): error TS1128: Declaration or statement expected.
sveltekit-frontend/src/routes/api/ai/recommendation-assistant/+server.ts(88,5): error TS1472: 'catch' or 'finally' expected.
sveltekit-frontend/src/routes/api/ai/recommendation-assistant/+server.ts(101,5): error TS1005: ',' expected.
sveltekit-frontend/src/routes/api/ai/recommendation-assistant/+server.ts(155,1): error TS1128: Declaration or statement expected.
sveltekit-frontend/src/routes/api/ai/redis-optimized-analyze/+server.ts(93,30): error TS1136: Property assignment expected.
sveltekit-frontend/src/routes/api/ai/rl-rag/+server.ts(37,18): error TS1131: Property or signature expected.
sveltekit-frontend/src/routes/api/ai/rl-rag/+server.ts(38,11): error TS1005: '>' expected.
sveltekit-frontend/src/routes/api/ai/rl-rag/+server.ts(47,3): error TS1109: Expression expected.
sveltekit-frontend/src/routes/api/ai/rl-rag/+server.ts(47,4): error TS1109: Expression expected.
sveltekit-frontend/src/routes/api/ai/rl-rag/+server.ts(57,1): error TS1128: Declaration or statement expected.
sveltekit-frontend/src/routes/api/ai/rl-rag/+server.ts(64,53): error TS1136: Property assignment expected.
sveltekit-frontend/src/routes/api/ai/rl-rag/+server.ts(158,2): error TS1131: Property or signature expected.
sveltekit-frontend/src/routes/api/ai/rl-rag/+server.ts(176,82): error TS1136: Property assignment expected.
sveltekit-frontend/src/routes/api/ai/rl-rag/+server.ts(187,3): error TS1005: ',' expected.
sveltekit-frontend/src/routes/api/ai/rl-rag/+server.ts(223,1): error TS1128: Declaration or statement expected.
sveltekit-frontend/src/routes/api/ai/rl-rag/+server.ts(231,2): error TS1131: Property or signature expected.
sveltekit-frontend/src/routes/api/ai/rl-rag/+server.ts(266,1): error TS1128: Declaration or statement expected.
sveltekit-frontend/src/routes/api/ai/rl-rag/+server.ts(277,2): error TS1131: Property or signature expected.
sveltekit-frontend/src/routes/api/ai/rl-rag/+server.ts(290,1): error TS1128: Declaration or statement expected.
sveltekit-frontend/src/routes/api/ai/rl-rag/+server.ts(292,45): error TS1138: Parameter declaration expected.
sveltekit-frontend/src/routes/api/ai/rl-rag/+server.ts(303,2): error TS1131: Property or signature expected.
sveltekit-frontend/src/routes/api/ai/rl-rag/+server.ts(337,1): error TS1128: Declaration or statement expected.
sveltekit-frontend/src/routes/api/ai/rl-rag/+server.ts(388,28): error TS1136: Property assignment expected.
sveltekit-frontend/src/routes/api/ai/rl-rag/+server.ts(395,4): error TS1005: ',' expected.
sveltekit-frontend/src/routes/api/ai/search/+server.ts(46,61): error TS1136: Property assignment expected.
sveltekit-frontend/src/routes/api/ai/search/+server.ts(54,5): error TS1005: ',' expected.
sveltekit-frontend/src/routes/api/ai/search/+server.ts(75,7): error TS1128: Declaration or statement expected.
sveltekit-frontend/src/routes/api/ai/search/+server.ts(76,5): error TS1128: Declaration or statement expected.
sveltekit-frontend/src/routes/api/ai/search/+server.ts(82,5): error TS1128: Declaration or statement expected.
sveltekit-frontend/src/routes/api/ai/search/+server.ts(83,3): error TS1128: Declaration or statement expected.
sveltekit-frontend/src/routes/api/ai/search/+server.ts(84,1): error TS1128: Declaration or statement expected.
sveltekit-frontend/src/routes/api/ai/search/+server.ts(117,5): error TS1128: Declaration or statement expected.
sveltekit-frontend/src/routes/api/ai/search/+server.ts(118,3): error TS1128: Declaration or statement expected.
sveltekit-frontend/src/routes/api/ai/search/+server.ts(119,1): error TS1128: Declaration or statement expected.
sveltekit-frontend/src/routes/api/ai/suggestions/stream/+server.ts(57,9): error TS1005: ',' expected.
sveltekit-frontend/src/routes/api/ai/suggestions/stream/+server.ts(58,9): error TS1005: ',' expected.
sveltekit-frontend/src/routes/api/ai/suggestions/stream/+server.ts(70,19): error TS1005: ',' expected.
sveltekit-frontend/src/routes/api/ai/suggestions/stream/+server.ts(92,19): error TS1005: ',' expected.
sveltekit-frontend/src/routes/api/ai/suggestions/stream/+server.ts(100,17): error TS1005: ',' expected.
sveltekit-frontend/src/routes/api/ai/suggestions/stream/+server.ts(135,19): error TS1005: ',' expected.
sveltekit-frontend/src/routes/api/ai/suggestions/stream/+server.ts(143,17): error TS1005: ',' expected.
sveltekit-frontend/src/routes/api/ai/suggestions/stream/+server.ts(156,9): error TS1005: ',' expected.
sveltekit-frontend/src/routes/api/ai/suggestions/stream/+server.ts(164,9): error TS1005: ',' expected.
sveltekit-frontend/src/routes/api/ai/summarize/+server.ts(32,1): error TS1128: Declaration or statement expected.
sveltekit-frontend/src/routes/api/ai/summarize/+server.ts(111,3): error TS1005: ',' expected.
sveltekit-frontend/src/routes/api/ai/summarize/+server.ts(112,3): error TS1005: ',' expected.
sveltekit-frontend/src/routes/api/ai/summarize/+server.ts(116,129): error TS1109: Expression expected.
sveltekit-frontend/src/routes/api/ai/summarize/+server.ts(117,50): error TS1109: Expression expected.
sveltekit-frontend/src/routes/api/ai/summarize/+server.ts(117,80): error TS1109: Expression expected.
sveltekit-frontend/src/routes/api/ai/summarize/+server.ts(123,5): error TS1005: ',' expected.
sveltekit-frontend/src/routes/api/ai/summarize/+server.ts(140,37): error TS1136: Property assignment expected.
sveltekit-frontend/src/routes/api/ai/summarize/+server.ts(142,6): error TS1128: Declaration or statement expected.
sveltekit-frontend/src/routes/api/ai/summarize/+server.ts(142,23): error TS1128: Declaration or statement expected.
sveltekit-frontend/src/routes/api/ai/summarize/+server.ts(144,1): error TS1128: Declaration or statement expected.
sveltekit-frontend/src/routes/api/ai/summarize/+server.ts(176,11): error TS1005: ',' expected.
sveltekit-frontend/src/routes/api/ai/summarize/+server.ts(187,115): error TS1136: Property assignment expected.
sveltekit-frontend/src/routes/api/ai/summarize/+server.ts(189,10): error TS1128: Declaration or statement expected.
sveltekit-frontend/src/routes/api/ai/summarize/+server.ts(192,5): error TS1472: 'catch' or 'finally' expected.
sveltekit-frontend/src/routes/api/ai/summarize/+server.ts(218,57): error TS1109: Expression expected.
sveltekit-frontend/src/routes/api/ai/summarize/+server.ts(223,39): error TS1109: Expression expected.
sveltekit-frontend/src/routes/api/ai/summarize/+server.ts(262,27): error TS1109: Expression expected.
sveltekit-frontend/src/routes/api/ai/summarize/+server.ts(307,7): error TS1005: ',' expected.
sveltekit-frontend/src/routes/api/ai/summarize/+server.ts(309,5): error TS1005: ',' expected.
sveltekit-frontend/src/routes/api/ai/summarize/+server.ts(313,1): error TS1128: Declaration or statement expected.
sveltekit-frontend/src/routes/api/ai/summarize/cache/[key]/+server.ts(46,5): error TS1005: ',' expected.
sveltekit-frontend/src/routes/api/ai/summarize/stream/+server.ts(37,66): error TS1134: Variable declaration expected.
sveltekit-frontend/src/routes/api/ai/summarize/stream/+server.ts(42,5): error TS1134: Variable declaration expected.
sveltekit-frontend/src/routes/api/ai/summarize/stream/+server.ts(61,1): error TS1128: Declaration or statement expected.
sveltekit-frontend/src/routes/api/ai/test-ollama/+server.ts(46,15): error TS1109: Expression expected.
sveltekit-frontend/src/routes/api/ai/test-ollama/+server.ts(47,19): error TS1109: Expression expected.
sveltekit-frontend/src/routes/api/ai/test-ollama/+server.ts(48,8): error TS1128: Declaration or statement expected.
sveltekit-frontend/src/routes/api/ai/test-ollama/+server.ts(49,22): error TS1128: Declaration or statement expected.
sveltekit-frontend/src/routes/api/ai/test-ollama/+server.ts(50,5): error TS1128: Declaration or statement expected.
sveltekit-frontend/src/routes/api/ai/test-ollama/+server.ts(51,3): error TS1128: Declaration or statement expected.
sveltekit-frontend/src/routes/api/ai/test-ollama/+server.ts(52,1): error TS1128: Declaration or statement expected.
sveltekit-frontend/src/routes/api/ai/test-ollama/+server.ts(52,2): error TS1128: Declaration or statement expected.
sveltekit-frontend/src/routes/api/ai/test-ollama/+server.ts(65,24): error TS1128: Declaration or statement expected.
sveltekit-frontend/src/routes/api/ai/test-ollama/+server.ts(66,7): error TS1128: Declaration or statement expected.
sveltekit-frontend/src/routes/api/ai/test-ollama/+server.ts(67,5): error TS1128: Declaration or statement expected.
sveltekit-frontend/src/routes/api/ai/test-ollama/+server.ts(101,24): error TS1128: Declaration or statement expected.
sveltekit-frontend/src/routes/api/ai/test-ollama/+server.ts(102,7): error TS1128: Declaration or statement expected.
sveltekit-frontend/src/routes/api/ai/test-ollama/+server.ts(104,3): error TS1128: Declaration or statement expected.
sveltekit-frontend/src/routes/api/ai/test-ollama/+server.ts(104,4): error TS1128: Declaration or statement expected.
sveltekit-frontend/src/routes/api/ai/test-ollama/+server.ts(104,6): error TS1005: 'try' expected.
sveltekit-frontend/src/routes/api/ai/test-ollama/+server.ts(108,15): error TS1109: Expression expected.
sveltekit-frontend/src/routes/api/ai/test-ollama/+server.ts(109,19): error TS1109: Expression expected.
sveltekit-frontend/src/routes/api/ai/test-ollama/+server.ts(110,8): error TS1128: Declaration or statement expected.
sveltekit-frontend/src/routes/api/ai/test-ollama/+server.ts(111,22): error TS1128: Declaration or statement expected.
sveltekit-frontend/src/routes/api/ai/test-ollama/+server.ts(112,5): error TS1128: Declaration or statement expected.
sveltekit-frontend/src/routes/api/ai/test-ollama/+server.ts(114,1): error TS1128: Declaration or statement expected.
sveltekit-frontend/src/routes/api/ai/test-ollama/+server.ts(114,2): error TS1128: Declaration or statement expected.
sveltekit-frontend/src/routes/api/ai/test-orchestrator/+server.ts(48,47): error TS1136: Property assignment expected.
sveltekit-frontend/src/routes/api/ai/test-orchestrator/+server.ts(65,15): error TS1109: Expression expected.
sveltekit-frontend/src/routes/api/ai/test-orchestrator/+server.ts(66,19): error TS1109: Expression expected.
sveltekit-frontend/src/routes/api/ai/test-orchestrator/+server.ts(67,8): error TS1128: Declaration or statement expected.
sveltekit-frontend/src/routes/api/ai/test-orchestrator/+server.ts(69,5): error TS1128: Declaration or statement expected.
sveltekit-frontend/src/routes/api/ai/test-orchestrator/+server.ts(70,3): error TS1128: Declaration or statement expected.
sveltekit-frontend/src/routes/api/ai/test-orchestrator/+server.ts(71,1): error TS1128: Declaration or statement expected.
sveltekit-frontend/src/routes/api/ai/test-orchestrator/+server.ts(140,15): error TS1109: Expression expected.
sveltekit-frontend/src/routes/api/ai/test-orchestrator/+server.ts(141,19): error TS1109: Expression expected.
sveltekit-frontend/src/routes/api/ai/test-orchestrator/+server.ts(142,8): error TS1128: Declaration or statement expected.
sveltekit-frontend/src/routes/api/ai/test-orchestrator/+server.ts(144,5): error TS1128: Declaration or statement expected.
sveltekit-frontend/src/routes/api/ai/test-orchestrator/+server.ts(145,3): error TS1128: Declaration or statement expected.
sveltekit-frontend/src/routes/api/ai/test-orchestrator/+server.ts(146,1): error TS1128: Declaration or statement expected.
sveltekit-frontend/src/routes/api/ai/unified-orchestrator/+server.ts(47,47): error TS1136: Property assignment expected.
sveltekit-frontend/src/routes/api/ai/unified-orchestrator/+server.ts(75,16): error TS1109: Expression expected.
sveltekit-frontend/src/routes/api/ai/unified-orchestrator/+server.ts(76,15): error TS1109: Expression expected.
sveltekit-frontend/src/routes/api/ai/unified-orchestrator/+server.ts(77,19): error TS1109: Expression expected.
sveltekit-frontend/src/routes/api/ai/unified-orchestrator/+server.ts(78,8): error TS1128: Declaration or statement expected.
sveltekit-frontend/src/routes/api/ai/unified-orchestrator/+server.ts(80,5): error TS1128: Declaration or statement expected.
sveltekit-frontend/src/routes/api/ai/unified-orchestrator/+server.ts(81,3): error TS1128: Declaration or statement expected.
sveltekit-frontend/src/routes/api/ai/unified-orchestrator/+server.ts(82,1): error TS1128: Declaration or statement expected.
sveltekit-frontend/src/routes/api/ai/unified-orchestrator/+server.ts(94,17): error TS1109: Expression expected.
sveltekit-frontend/src/routes/api/ai/unified-orchestrator/+server.ts(95,21): error TS1109: Expression expected.
sveltekit-frontend/src/routes/api/ai/unified-orchestrator/+server.ts(96,10): error TS1128: Declaration or statement expected.
sveltekit-frontend/src/routes/api/ai/unified-orchestrator/+server.ts(98,7): error TS1128: Declaration or statement expected.
sveltekit-frontend/src/routes/api/ai/unified-orchestrator/+server.ts(99,5): error TS1128: Declaration or statement expected.
sveltekit-frontend/src/routes/api/ai/unified-orchestrator/+server.ts(142,3): error TS1128: Declaration or statement expected.
sveltekit-frontend/src/routes/api/ai/unified-orchestrator/+server.ts(142,4): error TS1128: Declaration or statement expected.
sveltekit-frontend/src/routes/api/ai/unified-orchestrator/+server.ts(142,6): error TS1005: 'try' expected.
sveltekit-frontend/src/routes/api/ai/unified-orchestrator/+server.ts(159,1): error TS1128: Declaration or statement expected.
sveltekit-frontend/src/routes/api/ai/unified-orchestrator/+server.ts(189,11): error TS1005: ',' expected.
sveltekit-frontend/src/routes/api/ai/unified-orchestrator/+server.ts(190,9): error TS1005: ',' expected.
sveltekit-frontend/src/routes/api/ai/unified-orchestrator/+server.ts(193,11): error TS1005: ',' expected.
sveltekit-frontend/src/routes/api/ai/unified-orchestrator/+server.ts(194,9): error TS1005: ',' expected.
sveltekit-frontend/src/routes/api/ai/unified-orchestrator/+server.ts(208,5): error TS1128: Declaration or statement expected.
sveltekit-frontend/src/routes/api/ai/unified-orchestrator/+server.ts(209,3): error TS1128: Declaration or statement expected.
sveltekit-frontend/src/routes/api/ai/unified-orchestrator/+server.ts(210,1): error TS1128: Declaration or statement expected.
sveltekit-frontend/src/routes/api/audit/semantic/+server.ts(8,1): error TS1128: Declaration or statement expected.
sveltekit-frontend/src/routes/api/audit/semantic/+server.ts(22,1): error TS1128: Declaration or statement expected.
sveltekit-frontend/src/routes/api/audit/semantic/+server.ts(81,24): error TS1136: Property assignment expected.
sveltekit-frontend/src/routes/api/audit/semantic/+server.ts(100,1): error TS1128: Declaration or statement expected.
sveltekit-frontend/src/routes/api/audit/semantic/+server.ts(124,5): error TS1005: ',' expected.
sveltekit-frontend/src/routes/api/audit/semantic/+server.ts(126,5): error TS1005: ',' expected.
sveltekit-frontend/src/routes/api/audit/semantic/+server.ts(128,5): error TS1005: ',' expected.
sveltekit-frontend/src/routes/api/auth/health/+server.ts(42,3): error TS1005: ',' expected.
sveltekit-frontend/src/routes/api/bench/json/+server.ts(8,3): error TS1005: ',' expected.
sveltekit-frontend/src/routes/api/bench/simd/hot/+server.ts(6,3): error TS1005: ',' expected.
sveltekit-frontend/src/routes/api/bench/simd/load/+server.ts(16,3): error TS1005: ',' expected.
sveltekit-frontend/src/routes/api/bench/simd/load/+server.ts(41,3): error TS1005: ',' expected.
sveltekit-frontend/src/routes/api/bench/simd/toggle/+server.ts(7,5): error TS1005: ',' expected.
sveltekit-frontend/src/routes/api/benchmark/simd-json/+server.ts(48,11): error TS1005: ',' expected.
sveltekit-frontend/src/routes/api/benchmark/simd-json/+server.ts(63,11): error TS1005: ',' expected.
sveltekit-frontend/src/routes/api/benchmark/simd-json/+server.ts(83,20): error TS1135: Argument expression expected.
sveltekit-frontend/src/routes/api/benchmark/simd-json/+server.ts(88,19): error TS1135: Argument expression expected.
sveltekit-frontend/src/routes/api/benchmark/simd-json/+server.ts(89,9): error TS1005: ',' expected.
sveltekit-frontend/src/routes/api/benchmark/simd-json/+server.ts(128,11): error TS1005: ',' expected.
sveltekit-frontend/src/routes/api/benchmark/simd-json/+server.ts(164,11): error TS1005: ',' expected.
sveltekit-frontend/src/routes/api/benchmark/simd-json/+server.ts(168,9): error TS1005: ',' expected.
sveltekit-frontend/src/routes/api/benchmark/simd-json/+server.ts(192,42): error TS1136: Property assignment expected.
sveltekit-frontend/src/routes/api/benchmark/simd-json/+server.ts(200,9): error TS1005: ',' expected.
sveltekit-frontend/src/routes/api/benchmark/simd-json/+server.ts(200,10): error TS1128: Declaration or statement expected.
sveltekit-frontend/src/routes/api/benchmark/simd-json/+server.ts(201,7): error TS1128: Declaration or statement expected.
sveltekit-frontend/src/routes/api/benchmark/simd-json/+server.ts(201,25): error TS1005: ';' expected.
sveltekit-frontend/src/routes/api/benchmark/simd-json/+server.ts(215,92): error TS1136: Property assignment expected.
sveltekit-frontend/src/routes/api/benchmark/simd-json/+server.ts(223,7): error TS1005: 'export' expected.
sveltekit-frontend/src/routes/api/benchmark/simd-json/+server.ts(223,14): error TS1128: Declaration or statement expected.
sveltekit-frontend/src/routes/api/benchmark/simd-json/+server.ts(224,22): error TS1136: Property assignment expected.
sveltekit-frontend/src/routes/api/benchmark/simd-json/+server.ts(232,5): error TS1128: Declaration or statement expected.
sveltekit-frontend/src/routes/api/benchmark/simd-json/+server.ts(233,3): error TS1128: Declaration or statement expected.
sveltekit-frontend/src/routes/api/benchmark/simd-json/+server.ts(233,5): error TS1005: 'try' expected.
sveltekit-frontend/src/routes/api/benchmark/simd-json/+server.ts(243,1): error TS1128: Declaration or statement expected.
sveltekit-frontend/src/routes/api/benchmark/simd-json/+server.ts(294,22): error TS1136: Property assignment expected.
sveltekit-frontend/src/routes/api/benchmark/simd-json/+server.ts(380,7): error TS1005: ',' expected.
sveltekit-frontend/src/routes/api/benchmark/simd-json/+server.ts(506,9): error TS1005: ',' expected.
sveltekit-frontend/src/routes/api/benchmark/simd-json/+server.ts(507,16): error TS1135: Argument expression expected.
sveltekit-frontend/src/routes/api/benchmark/simd-json/+server.ts(512,5): error TS1005: ',' expected.
sveltekit-frontend/src/routes/api/benchmark/simd-json/+server.ts(513,3): error TS1005: ',' expected.
sveltekit-frontend/src/routes/api/benchmark/simd/+server.ts(106,5): error TS1005: ',' expected.
sveltekit-frontend/src/routes/api/brain/predictive-assets/+server.ts(13,3): error TS1131: Property or signature expected.
sveltekit-frontend/src/routes/api/cache/manifest/+server.ts(23,5): error TS1005: ',' expected.
sveltekit-frontend/src/routes/api/cache/manifest/+server.ts(27,5): error TS1005: ',' expected.
sveltekit-frontend/src/routes/api/cache/manifest/+server.ts(49,5): error TS1135: Argument expression expected.
sveltekit-frontend/src/routes/api/cache/manifest/+server.ts(70,5): error TS1128: Declaration or statement expected.
sveltekit-frontend/src/routes/api/cache/manifest/+server.ts(71,3): error TS1128: Declaration or statement expected.
sveltekit-frontend/src/routes/api/cache/manifest/+server.ts(72,1): error TS1128: Declaration or statement expected.
sveltekit-frontend/src/routes/api/cache/metrics/+server.ts(65,15): error TS1109: Expression expected.
sveltekit-frontend/src/routes/api/cache/metrics/+server.ts(66,17): error TS1109: Expression expected.
sveltekit-frontend/src/routes/api/cache/metrics/+server.ts(67,19): error TS1109: Expression expected.
sveltekit-frontend/src/routes/api/cache/metrics/+server.ts(68,8): error TS1128: Declaration or statement expected.
sveltekit-frontend/src/routes/api/cache/metrics/+server.ts(70,5): error TS1128: Declaration or statement expected.
sveltekit-frontend/src/routes/api/cache/metrics/+server.ts(71,3): error TS1128: Declaration or statement expected.
sveltekit-frontend/src/routes/api/cache/metrics/+server.ts(72,1): error TS1128: Declaration or statement expected.
sveltekit-frontend/src/routes/api/cache/redis/get-recent/+server.ts(14,24): error TS1136: Property assignment expected.
sveltekit-frontend/src/routes/api/cache/redis/get-recent/+server.ts(16,8): error TS1128: Declaration or statement expected.
sveltekit-frontend/src/routes/api/cache/redis/get-recent/+server.ts(16,25): error TS1128: Declaration or statement expected.
sveltekit-frontend/src/routes/api/cache/redis/get-recent/+server.ts(18,5): error TS1472: 'catch' or 'finally' expected.
sveltekit-frontend/src/routes/api/cache/redis/get-recent/+server.ts(48,5): error TS1005: ',' expected.
sveltekit-frontend/src/routes/api/cache/redis/get-recent/+server.ts(54,1): error TS1128: Declaration or statement expected.
sveltekit-frontend/src/routes/api/cache/sse/+server.ts(9,7): error TS1005: ',' expected.
sveltekit-frontend/src/routes/api/cache/sse/+server.ts(10,7): error TS1005: ',' expected.
sveltekit-frontend/src/routes/api/cache/sse/+server.ts(13,11): error TS1005: ',' expected.
sveltekit-frontend/src/routes/api/cache/sse/+server.ts(14,9): error TS1005: ',' expected.
sveltekit-frontend/src/routes/api/cache/sse/+server.ts(22,9): error TS1005: ',' expected.
sveltekit-frontend/src/routes/api/cache/sse/+server.ts(28,35): error TS1109: Expression expected.
sveltekit-frontend/src/routes/api/cache/test/+server.ts(128,9): error TS1005: ',' expected.
sveltekit-frontend/src/routes/api/cache/test/+server.ts(130,7): error TS1005: ',' expected.
sveltekit-frontend/src/routes/api/canvas/save/+server.ts(2,44): error TS1002: Unterminated string literal.
sveltekit-frontend/src/routes/api/canvas/save/+server.ts(10,24): error TS1128: Declaration or statement expected.
sveltekit-frontend/src/routes/api/canvas/save/+server.ts(11,7): error TS1128: Declaration or statement expected.
sveltekit-frontend/src/routes/api/canvas/save/+server.ts(12,5): error TS1128: Declaration or statement expected.
sveltekit-frontend/src/routes/api/canvas/save/+server.ts(30,3): error TS1128: Declaration or statement expected.
sveltekit-frontend/src/routes/api/canvas/save/+server.ts(30,4): error TS1128: Declaration or statement expected.
sveltekit-frontend/src/routes/api/canvas/save/+server.ts(30,6): error TS1005: 'try' expected.
sveltekit-frontend/src/routes/api/canvas/save/+server.ts(34,1): error TS1128: Declaration or statement expected.
sveltekit-frontend/src/routes/api/canvas/save/+server.ts(42,24): error TS1128: Declaration or statement expected.
sveltekit-frontend/src/routes/api/canvas/save/+server.ts(43,7): error TS1128: Declaration or statement expected.
sveltekit-frontend/src/routes/api/canvas/save/+server.ts(44,5): error TS1128: Declaration or statement expected.
sveltekit-frontend/src/routes/api/canvas/save/+server.ts(63,3): error TS1128: Declaration or statement expected.
sveltekit-frontend/src/routes/api/canvas/save/+server.ts(63,4): error TS1128: Declaration or statement expected.
sveltekit-frontend/src/routes/api/canvas/save/+server.ts(63,6): error TS1005: 'try' expected.
sveltekit-frontend/src/routes/api/canvas/save/+server.ts(67,1): error TS1128: Declaration or statement expected.
sveltekit-frontend/src/routes/api/cases/[caseId]/analyze/+server.ts(39,5): error TS1005: ',' expected.
sveltekit-frontend/src/routes/api/cases/[caseId]/analyze/+server.ts(50,5): error TS1005: ',' expected.
sveltekit-frontend/src/routes/api/cases/[caseId]/analyze/+server.ts(56,5): error TS1005: ',' expected.
sveltekit-frontend/src/routes/api/cases/[caseId]/analyze/+server.ts(93,62): error TS1136: Property assignment expected.
sveltekit-frontend/src/routes/api/cases/[caseId]/analyze/+server.ts(98,7): error TS1005: ',' expected.
sveltekit-frontend/src/routes/api/cases/[caseId]/canvas/+server.ts(41,5): error TS1005: ',' expected.
sveltekit-frontend/src/routes/api/cases/[caseId]/canvas/+server.ts(81,5): error TS1005: ',' expected.
sveltekit-frontend/src/routes/api/cases/[caseId]/deep-analysis/+server.ts(37,5): error TS1005: ',' expected.
sveltekit-frontend/src/routes/api/cases/[caseId]/deep-analysis/+server.ts(48,5): error TS1005: ',' expected.
sveltekit-frontend/src/routes/api/cases/[caseId]/deep-analysis/+server.ts(54,5): error TS1005: ',' expected.
sveltekit-frontend/src/routes/api/cases/[caseId]/deep-analysis/+server.ts(141,5): error TS1005: ',' expected.
sveltekit-frontend/src/routes/api/cases/[caseId]/deep-analysis/+server.ts(157,5): error TS1005: ',' expected.
sveltekit-frontend/src/routes/api/cases/[caseId]/deep-analysis/+server.ts(169,38): error TS1136: Property assignment expected.
sveltekit-frontend/src/routes/api/cases/[caseId]/deep-analysis/+server.ts(172,11): error TS1472: 'catch' or 'finally' expected.
sveltekit-frontend/src/routes/api/cases/[caseId]/deep-analysis/+server.ts(172,13): error TS1005: 'try' expected.
sveltekit-frontend/src/routes/api/cases/[caseId]/deep-analysis/+server.ts(189,9): error TS1005: ',' expected.
sveltekit-frontend/src/routes/api/cases/[caseId]/deep-analysis/+server.ts(189,14): error TS1135: Argument expression expected.
sveltekit-frontend/src/routes/api/cases/[caseId]/deep-analysis/+server.ts(197,6): error TS1472: 'catch' or 'finally' expected.
sveltekit-frontend/src/routes/api/cases/[caseId]/deep-analysis/+server.ts(199,5): error TS1005: ',' expected.
sveltekit-frontend/src/routes/api/cases/[caseId]/deep-analysis/+server.ts(203,1): error TS1128: Declaration or statement expected.
sveltekit-frontend/src/routes/api/cases/[caseId]/generate-report/+server.ts(20,5): error TS1005: ',' expected.
sveltekit-frontend/src/routes/api/cases/[caseId]/generate-report/+server.ts(24,7): error TS1128: Declaration or statement expected.
sveltekit-frontend/src/routes/api/cases/[caseId]/generate-report/+server.ts(25,5): error TS1128: Declaration or statement expected.
sveltekit-frontend/src/routes/api/cases/[caseId]/generate-report/+server.ts(34,5): error TS1005: ',' expected.
sveltekit-frontend/src/routes/api/cases/[caseId]/generate-report/+server.ts(58,3): error TS1128: Declaration or statement expected.
sveltekit-frontend/src/routes/api/cases/[caseId]/generate-report/+server.ts(58,4): error TS1128: Declaration or statement expected.
sveltekit-frontend/src/routes/api/cases/[caseId]/generate-report/+server.ts(58,6): error TS1005: 'try' expected.
sveltekit-frontend/src/routes/api/cases/[caseId]/generate-report/+server.ts(62,1): error TS1128: Declaration or statement expected.
sveltekit-frontend/src/routes/api/cases/[caseId]/generate-report/+server.ts(72,5): error TS1005: ',' expected.
sveltekit-frontend/src/routes/api/cases/[caseId]/pois/+server.ts(14,5): error TS1005: ',' expected.
sveltekit-frontend/src/routes/api/cases/[caseId]/pois/+server.ts(20,5): error TS1128: Declaration or statement expected.
sveltekit-frontend/src/routes/api/cases/[caseId]/pois/+server.ts(21,3): error TS1128: Declaration or statement expected.
sveltekit-frontend/src/routes/api/cases/[caseId]/pois/+server.ts(22,1): error TS1128: Declaration or statement expected.
sveltekit-frontend/src/routes/api/cases/[caseId]/pois/+server.ts(34,43): error TS1136: Property assignment expected.
sveltekit-frontend/src/routes/api/cases/[caseId]/pois/+server.ts(54,5): error TS1128: Declaration or statement expected.
sveltekit-frontend/src/routes/api/cases/[caseId]/pois/+server.ts(55,3): error TS1128: Declaration or statement expected.
sveltekit-frontend/src/routes/api/cases/[caseId]/pois/+server.ts(56,1): error TS1128: Declaration or statement expected.
sveltekit-frontend/src/routes/api/cases/[caseId]/recommendations/+server.ts(43,5): error TS1005: ',' expected.
sveltekit-frontend/src/routes/api/cases/[caseId]/recommendations/+server.ts(64,5): error TS1005: ',' expected.
sveltekit-frontend/src/routes/api/cases/[caseId]/recommendations/+server.ts(80,5): error TS1005: ',' expected.
sveltekit-frontend/src/routes/api/cases/[caseId]/recommendations/+server.ts(99,19): error TS1109: Expression expected.
sveltekit-frontend/src/routes/api/cases/[caseId]/recommendations/+server.ts(99,38): error TS1005: ';' expected.
sveltekit-frontend/src/routes/api/cases/[caseId]/recommendations/+server.ts(99,60): error TS1128: Declaration or statement expected.
sveltekit-frontend/src/routes/api/cases/[caseId]/recommendations/+server.ts(102,7): error TS1128: Declaration or statement expected.
sveltekit-frontend/src/routes/api/cases/[caseId]/recommendations/+server.ts(129,5): error TS1128: Declaration or statement expected.
sveltekit-frontend/src/routes/api/cases/[caseId]/recommendations/+server.ts(129,6): error TS1128: Declaration or statement expected.
sveltekit-frontend/src/routes/api/cases/[caseId]/recommendations/+server.ts(129,8): error TS1005: 'try' expected.
sveltekit-frontend/src/routes/api/cases/[caseId]/recommendations/+server.ts(144,7): error TS1005: ',' expected.
sveltekit-frontend/src/routes/api/cases/[caseId]/recommendations/+server.ts(154,5): error TS1005: ',' expected.
sveltekit-frontend/src/routes/api/cases/[caseId]/recommendations/+server.ts(161,3): error TS1128: Declaration or statement expected.
sveltekit-frontend/src/routes/api/cases/[caseId]/recommendations/+server.ts(161,4): error TS1128: Declaration or statement expected.
sveltekit-frontend/src/routes/api/cases/[caseId]/recommendations/+server.ts(161,6): error TS1005: 'try' expected.
sveltekit-frontend/src/routes/api/cases/[caseId]/recommendations/+server.ts(166,5): error TS1128: Declaration or statement expected.
sveltekit-frontend/src/routes/api/cases/[caseId]/recommendations/+server.ts(168,1): error TS1128: Declaration or statement expected.
sveltekit-frontend/src/routes/api/cluster/discovery/+server.ts(154,22): error TS1136: Property assignment expected.
sveltekit-frontend/src/routes/api/cluster/discovery/+server.ts(333,3): error TS1005: ',' expected.
sveltekit-frontend/src/routes/api/clustering/som/train/+server.ts(17,3): error TS1005: ',' expected.
sveltekit-frontend/src/routes/api/clustering/som/train/+server.ts(18,3): error TS1005: ',' expected.
sveltekit-frontend/src/routes/api/context7/analyze/+server.ts(62,7): error TS1005: ',' expected.
sveltekit-frontend/src/routes/api/context7/docs/+server.ts(77,15): error TS1109: Expression expected.
sveltekit-frontend/src/routes/api/context7/docs/+server.ts(78,19): error TS1109: Expression expected.
sveltekit-frontend/src/routes/api/context7/docs/+server.ts(79,8): error TS1128: Declaration or statement expected.
sveltekit-frontend/src/routes/api/context7/docs/+server.ts(81,5): error TS1128: Declaration or statement expected.
sveltekit-frontend/src/routes/api/context7/docs/+server.ts(82,3): error TS1128: Declaration or statement expected.
sveltekit-frontend/src/routes/api/context7/docs/+server.ts(83,1): error TS1128: Declaration or statement expected.
sveltekit-frontend/src/routes/api/context7/docs/+server.ts(96,22): error TS1136: Property assignment expected.
sveltekit-frontend/src/routes/api/context7/docs/+server.ts(101,9): error TS1129: Statement expected.
sveltekit-frontend/src/routes/api/context7/docs/+server.ts(102,5): error TS1128: Declaration or statement expected.
sveltekit-frontend/src/routes/api/context7/docs/+server.ts(103,3): error TS1128: Declaration or statement expected.
sveltekit-frontend/src/routes/api/context7/docs/+server.ts(103,4): error TS1128: Declaration or statement expected.
sveltekit-frontend/src/routes/api/context7/docs/+server.ts(103,6): error TS1005: 'try' expected.
sveltekit-frontend/src/routes/api/context7/docs/+server.ts(107,15): error TS1109: Expression expected.
sveltekit-frontend/src/routes/api/context7/docs/+server.ts(108,19): error TS1109: Expression expected.
sveltekit-frontend/src/routes/api/context7/docs/+server.ts(109,8): error TS1128: Declaration or statement expected.
sveltekit-frontend/src/routes/api/context7/docs/+server.ts(111,5): error TS1128: Declaration or statement expected.
sveltekit-frontend/src/routes/api/context7/docs/+server.ts(113,1): error TS1128: Declaration or statement expected.
sveltekit-frontend/src/routes/api/context7/docs/+server.ts(179,7): error TS1128: Declaration or statement expected.
sveltekit-frontend/src/routes/api/conversations/[id]/+server.ts(36,18): error TS1109: Expression expected.
sveltekit-frontend/src/routes/api/conversations/[id]/+server.ts(37,8): error TS1128: Declaration or statement expected.
sveltekit-frontend/src/routes/api/conversations/[id]/+server.ts(40,5): error TS1128: Declaration or statement expected.
sveltekit-frontend/src/routes/api/conversations/[id]/+server.ts(41,3): error TS1128: Declaration or statement expected.
sveltekit-frontend/src/routes/api/conversations/[id]/+server.ts(41,4): error TS1128: Declaration or statement expected.
sveltekit-frontend/src/routes/api/conversations/[id]/+server.ts(41,6): error TS1005: 'try' expected.
sveltekit-frontend/src/routes/api/conversations/[id]/+server.ts(50,1): error TS1128: Declaration or statement expected.
sveltekit-frontend/src/routes/api/conversations/[id]/+server.ts(50,2): error TS1128: Declaration or statement expected.
sveltekit-frontend/src/routes/api/conversations/[id]/+server.ts(74,24): error TS1128: Declaration or statement expected.
sveltekit-frontend/src/routes/api/conversations/[id]/+server.ts(77,5): error TS1128: Declaration or statement expected.
sveltekit-frontend/src/routes/api/conversations/[id]/+server.ts(78,3): error TS1128: Declaration or statement expected.
sveltekit-frontend/src/routes/api/conversations/[id]/+server.ts(78,4): error TS1128: Declaration or statement expected.
sveltekit-frontend/src/routes/api/conversations/[id]/+server.ts(78,6): error TS1005: 'try' expected.
sveltekit-frontend/src/routes/api/conversations/[id]/+server.ts(87,1): error TS1128: Declaration or statement expected.
sveltekit-frontend/src/routes/api/conversations/[id]/+server.ts(87,2): error TS1128: Declaration or statement expected.
sveltekit-frontend/src/routes/api/convert/to-json/+server.ts(23,75): error TS1136: Property assignment expected.
sveltekit-frontend/src/routes/api/convert/to-json/+server.ts(44,93): error TS1136: Property assignment expected.
sveltekit-frontend/src/routes/api/convert/to-json/+server.ts(44,94): error TS1136: Property assignment expected.
sveltekit-frontend/src/routes/api/convert/to-json/+server.ts(88,21): error TS1136: Property assignment expected.
sveltekit-frontend/src/routes/api/convert/to-json/+server.ts(155,7): error TS1005: ',' expected.
sveltekit-frontend/src/routes/api/convert/to-json/+server.ts(156,5): error TS1005: ',' expected.
sveltekit-frontend/src/routes/api/convert/to-json/+server.ts(171,5): error TS1005: ',' expected.
sveltekit-frontend/src/routes/api/convert/to-json/+server.ts(186,5): error TS1005: ',' expected.
sveltekit-frontend/src/routes/api/convert/to-json/+server.ts(203,19): error TS1136: Property assignment expected.
sveltekit-frontend/src/routes/api/convert/to-json/+server.ts(205,5): error TS1135: Argument expression expected.
sveltekit-frontend/src/routes/api/convert/to-json/+server.ts(205,6): error TS1128: Declaration or statement expected.
sveltekit-frontend/src/routes/api/convert/to-json/+server.ts(206,5): error TS1128: Declaration or statement expected.
sveltekit-frontend/src/routes/api/convert/to-json/+server.ts(207,1): error TS1128: Declaration or statement expected.
sveltekit-frontend/src/routes/api/convert/to-json/+server.ts(213,19): error TS1005: ')' expected.
sveltekit-frontend/src/routes/api/convert/to-json/+server.ts(219,20): error TS1136: Property assignment expected.
sveltekit-frontend/src/routes/api/convert/to-json/+server.ts(221,4): error TS1128: Declaration or statement expected.
sveltekit-frontend/src/routes/api/convert/to-json/+server.ts(222,1): error TS1128: Declaration or statement expected.
sveltekit-frontend/src/routes/api/convert/to-json/+server.ts(241,7): error TS1005: ',' expected.
sveltekit-frontend/src/routes/api/convert/to-json/+server.ts(242,5): error TS1005: ',' expected.
sveltekit-frontend/src/routes/api/convert/to-json/+server.ts(248,3): error TS1005: ',' expected.
sveltekit-frontend/src/routes/api/convert/to-json/+server.ts(283,1): error TS1005: ',' expected.
sveltekit-frontend/src/routes/api/convert/to-json/+server.ts(292,3): error TS1005: ',' expected.
sveltekit-frontend/src/routes/api/copilot/optimize/+server.ts(90,23): error TS1137: Expression or comma expected.
sveltekit-frontend/src/routes/api/copilot/optimize/+server.ts(93,25): error TS1109: Expression expected.
sveltekit-frontend/src/routes/api/copilot/optimize/+server.ts(94,23): error TS1109: Expression expected.
sveltekit-frontend/src/routes/api/copilot/optimize/+server.ts(95,26): error TS1109: Expression expected.
sveltekit-frontend/src/routes/api/copilot/optimize/+server.ts(97,13): error TS1129: Statement expected.
sveltekit-frontend/src/routes/api/copilot/optimize/+server.ts(98,11): error TS1128: Declaration or statement expected.
sveltekit-frontend/src/routes/api/copilot/optimize/+server.ts(98,12): error TS1128: Declaration or statement expected.
sveltekit-frontend/src/routes/api/copilot/optimize/+server.ts(101,23): error TS1109: Expression expected.
sveltekit-frontend/src/routes/api/copilot/optimize/+server.ts(102,30): error TS1109: Expression expected.
sveltekit-frontend/src/routes/api/copilot/optimize/+server.ts(103,26): error TS1109: Expression expected.
sveltekit-frontend/src/routes/api/copilot/optimize/+server.ts(104,32): error TS1109: Expression expected.
sveltekit-frontend/src/routes/api/copilot/optimize/+server.ts(105,30): error TS1109: Expression expected.
sveltekit-frontend/src/routes/api/copilot/optimize/+server.ts(106,12): error TS1128: Declaration or statement expected.
sveltekit-frontend/src/routes/api/copilot/optimize/+server.ts(108,9): error TS1128: Declaration or statement expected.
sveltekit-frontend/src/routes/api/copilot/optimize/+server.ts(108,10): error TS1128: Declaration or statement expected.
sveltekit-frontend/src/routes/api/copilot/optimize/+server.ts(109,7): error TS1128: Declaration or statement expected.
sveltekit-frontend/src/routes/api/copilot/optimize/+server.ts(109,30): error TS1109: Expression expected.
sveltekit-frontend/src/routes/api/copilot/optimize/+server.ts(113,21): error TS1137: Expression or comma expected.
sveltekit-frontend/src/routes/api/copilot/optimize/+server.ts(116,23): error TS1109: Expression expected.
sveltekit-frontend/src/routes/api/copilot/optimize/+server.ts(117,21): error TS1109: Expression expected.
sveltekit-frontend/src/routes/api/copilot/optimize/+server.ts(118,27): error TS1109: Expression expected.
sveltekit-frontend/src/routes/api/copilot/optimize/+server.ts(120,11): error TS1128: Declaration or statement expected.
sveltekit-frontend/src/routes/api/copilot/optimize/+server.ts(120,12): error TS1128: Declaration or statement expected.
sveltekit-frontend/src/routes/api/copilot/optimize/+server.ts(122,21): error TS1109: Expression expected.
sveltekit-frontend/src/routes/api/copilot/optimize/+server.ts(123,9): error TS1128: Declaration or statement expected.
sveltekit-frontend/src/routes/api/copilot/optimize/+server.ts(123,10): error TS1128: Declaration or statement expected.
sveltekit-frontend/src/routes/api/copilot/optimize/+server.ts(124,7): error TS1005: 'export' expected.
sveltekit-frontend/src/routes/api/copilot/optimize/+server.ts(124,14): error TS1128: Declaration or statement expected.
sveltekit-frontend/src/routes/api/copilot/optimize/+server.ts(126,5): error TS1128: Declaration or statement expected.
sveltekit-frontend/src/routes/api/copilot/optimize/+server.ts(127,3): error TS1128: Declaration or statement expected.
sveltekit-frontend/src/routes/api/copilot/optimize/+server.ts(127,4): error TS1128: Declaration or statement expected.
sveltekit-frontend/src/routes/api/copilot/optimize/+server.ts(127,6): error TS1005: 'try' expected.
sveltekit-frontend/src/routes/api/copilot/optimize/+server.ts(135,1): error TS1128: Declaration or statement expected.
sveltekit-frontend/src/routes/api/crewai/review/+server.ts(44,5): error TS1005: ',' expected.
sveltekit-frontend/src/routes/api/crewai/review/+server.ts(58,7): error TS1005: ',' expected.
sveltekit-frontend/src/routes/api/crewai/review/+server.ts(91,64): error TS1136: Property assignment expected.
sveltekit-frontend/src/routes/api/crewai/review/+server.ts(126,61): error TS1136: Property assignment expected.
sveltekit-frontend/src/routes/api/crewai/review/+server.ts(134,13): error TS1005: ',' expected.
sveltekit-frontend/src/routes/api/crewai/review/+server.ts(165,50): error TS1136: Property assignment expected.
sveltekit-frontend/src/routes/api/crewai/review/+server.ts(171,15): error TS1005: ',' expected.
sveltekit-frontend/src/routes/api/crewai/review/+server.ts(173,11): error TS1005: ',' expected.
sveltekit-frontend/src/routes/api/crewai/review/+server.ts(204,17): error TS1137: Expression or comma expected.
sveltekit-frontend/src/routes/api/crewai/review/+server.ts(207,22): error TS1109: Expression expected.
sveltekit-frontend/src/routes/api/crewai/review/+server.ts(208,29): error TS1109: Expression expected.
sveltekit-frontend/src/routes/api/crewai/review/+server.ts(209,24): error TS1109: Expression expected.
sveltekit-frontend/src/routes/api/crewai/review/+server.ts(210,31): error TS1109: Expression expected.
sveltekit-frontend/src/routes/api/crewai/review/+server.ts(211,25): error TS1109: Expression expected.
sveltekit-frontend/src/routes/api/crewai/review/+server.ts(213,13): error TS1129: Statement expected.
sveltekit-frontend/src/routes/api/crewai/review/+server.ts(214,11): error TS1128: Declaration or statement expected.
sveltekit-frontend/src/routes/api/crewai/review/+server.ts(215,9): error TS1128: Declaration or statement expected.
sveltekit-frontend/src/routes/api/crewai/review/+server.ts(215,10): error TS1128: Declaration or statement expected.
sveltekit-frontend/src/routes/api/crewai/review/+server.ts(216,7): error TS1128: Declaration or statement expected.
sveltekit-frontend/src/routes/api/crewai/review/+server.ts(216,21): error TS1109: Expression expected.
sveltekit-frontend/src/routes/api/crewai/review/+server.ts(237,7): error TS1005: 'export' expected.
sveltekit-frontend/src/routes/api/crewai/review/+server.ts(237,14): error TS1128: Declaration or statement expected.
sveltekit-frontend/src/routes/api/crewai/review/+server.ts(239,5): error TS1128: Declaration or statement expected.
sveltekit-frontend/src/routes/api/crewai/review/+server.ts(240,3): error TS1128: Declaration or statement expected.
sveltekit-frontend/src/routes/api/crewai/review/+server.ts(240,4): error TS1128: Declaration or statement expected.
sveltekit-frontend/src/routes/api/crewai/review/+server.ts(240,6): error TS1005: 'try' expected.
sveltekit-frontend/src/routes/api/crewai/review/+server.ts(247,1): error TS1128: Declaration or statement expected.
sveltekit-frontend/src/routes/api/crewai/review/+server.ts(289,3): error TS1005: ',' expected.
sveltekit-frontend/src/routes/api/crewai/review/+server.ts(299,7): error TS1005: ']' expected.
sveltekit-frontend/src/routes/api/criminals/[criminalId]/+server.ts(22,5): error TS1005: ',' expected.
sveltekit-frontend/src/routes/api/criminals/[criminalId]/+server.ts(50,5): error TS1005: ',' expected.
sveltekit-frontend/src/routes/api/criminals/[criminalId]/+server.ts(105,5): error TS1005: ',' expected.
sveltekit-frontend/src/routes/api/criminals/[criminalId]/+server.ts(129,5): error TS1005: ',' expected.
sveltekit-frontend/src/routes/api/criminals/[criminalId]/+server.ts(137,5): error TS1005: ',' expected.
sveltekit-frontend/src/routes/api/criminals/[criminalId]/+server.ts(163,5): error TS1005: ',' expected.
sveltekit-frontend/src/routes/api/criminals/[criminalId]/+server.ts(201,5): error TS1005: ',' expected.
sveltekit-frontend/src/routes/api/database-orchestrator/conditions/+server.ts(26,15): error TS1109: Expression expected.
sveltekit-frontend/src/routes/api/database-orchestrator/conditions/+server.ts(27,19): error TS1109: Expression expected.
sveltekit-frontend/src/routes/api/database-orchestrator/conditions/+server.ts(28,8): error TS1128: Declaration or statement expected.
sveltekit-frontend/src/routes/api/database-orchestrator/conditions/+server.ts(30,5): error TS1128: Declaration or statement expected.
sveltekit-frontend/src/routes/api/database-orchestrator/conditions/+server.ts(31,3): error TS1128: Declaration or statement expected.
sveltekit-frontend/src/routes/api/database-orchestrator/conditions/+server.ts(32,1): error TS1128: Declaration or statement expected.
sveltekit-frontend/src/routes/api/database-orchestrator/conditions/+server.ts(44,7): error TS1128: Declaration or statement expected.
sveltekit-frontend/src/routes/api/database-orchestrator/conditions/+server.ts(45,5): error TS1128: Declaration or statement expected.
sveltekit-frontend/src/routes/api/database-orchestrator/conditions/+server.ts(61,3): error TS1128: Declaration or statement expected.
sveltekit-frontend/src/routes/api/database-orchestrator/conditions/+server.ts(61,4): error TS1128: Declaration or statement expected.
sveltekit-frontend/src/routes/api/database-orchestrator/conditions/+server.ts(61,6): error TS1005: 'try' expected.
sveltekit-frontend/src/routes/api/database-orchestrator/conditions/+server.ts(65,15): error TS1109: Expression expected.
sveltekit-frontend/src/routes/api/database-orchestrator/conditions/+server.ts(66,19): error TS1109: Expression expected.
sveltekit-frontend/src/routes/api/database-orchestrator/conditions/+server.ts(67,8): error TS1128: Declaration or statement expected.
sveltekit-frontend/src/routes/api/database-orchestrator/conditions/+server.ts(69,5): error TS1128: Declaration or statement expected.
sveltekit-frontend/src/routes/api/database-orchestrator/conditions/+server.ts(71,1): error TS1128: Declaration or statement expected.
sveltekit-frontend/src/routes/api/database-orchestrator/conditions/+server.ts(82,7): error TS1128: Declaration or statement expected.
sveltekit-frontend/src/routes/api/database-orchestrator/conditions/+server.ts(83,5): error TS1128: Declaration or statement expected.
sveltekit-frontend/src/routes/api/database-orchestrator/conditions/+server.ts(91,3): error TS1128: Declaration or statement expected.
sveltekit-frontend/src/routes/api/database-orchestrator/conditions/+server.ts(91,4): error TS1128: Declaration or statement expected.
sveltekit-frontend/src/routes/api/database-orchestrator/conditions/+server.ts(91,6): error TS1005: 'try' expected.
sveltekit-frontend/src/routes/api/database-orchestrator/conditions/+server.ts(95,15): error TS1109: Expression expected.
sveltekit-frontend/src/routes/api/database-orchestrator/conditions/+server.ts(96,19): error TS1109: Expression expected.
sveltekit-frontend/src/routes/api/database-orchestrator/conditions/+server.ts(97,8): error TS1128: Declaration or statement expected.
sveltekit-frontend/src/routes/api/database-orchestrator/conditions/+server.ts(99,5): error TS1128: Declaration or statement expected.
sveltekit-frontend/src/routes/api/database-orchestrator/conditions/+server.ts(101,1): error TS1128: Declaration or statement expected.
sveltekit-frontend/src/routes/api/db/setup/+server.ts(84,5): error TS1128: Declaration or statement expected.
sveltekit-frontend/src/routes/api/db/setup/+server.ts(85,3): error TS1128: Declaration or statement expected.
sveltekit-frontend/src/routes/api/db/setup/+server.ts(86,1): error TS1128: Declaration or statement expected.
sveltekit-frontend/src/routes/api/demo/full-stack-test/+server.ts(46,25): error TS1109: Expression expected.
sveltekit-frontend/src/routes/api/demo/full-stack-test/+server.ts(48,7): error TS1128: Declaration or statement expected.
sveltekit-frontend/src/routes/api/demo/full-stack-test/+server.ts(98,9): error TS1005: ',' expected.
sveltekit-frontend/src/routes/api/demo/full-stack-test/+server.ts(127,5): error TS1128: Declaration or statement expected.
sveltekit-frontend/src/routes/api/demo/full-stack-test/+server.ts(173,9): error TS1128: Declaration or statement expected.
sveltekit-frontend/src/routes/api/demo/full-stack-test/+server.ts(198,3): error TS1128: Declaration or statement expected.
sveltekit-frontend/src/routes/api/demo/full-stack-test/+server.ts(198,4): error TS1128: Declaration or statement expected.
sveltekit-frontend/src/routes/api/demo/full-stack-test/+server.ts(198,6): error TS1005: 'try' expected.
sveltekit-frontend/src/routes/api/demo/full-stack-test/+server.ts(207,1): error TS1128: Declaration or statement expected.
sveltekit-frontend/src/routes/api/demo/full-stack-test/+server.ts(219,7): error TS1128: Declaration or statement expected.
sveltekit-frontend/src/routes/api/demo/full-stack-test/+server.ts(230,5): error TS1128: Declaration or statement expected.
sveltekit-frontend/src/routes/api/demo/full-stack-test/+server.ts(246,3): error TS1128: Declaration or statement expected.
sveltekit-frontend/src/routes/api/demo/full-stack-test/+server.ts(246,4): error TS1128: Declaration or statement expected.
sveltekit-frontend/src/routes/api/demo/full-stack-test/+server.ts(246,6): error TS1005: 'try' expected.
sveltekit-frontend/src/routes/api/demo/full-stack-test/+server.ts(254,1): error TS1128: Declaration or statement expected.
sveltekit-frontend/src/routes/api/demo/redis-performance/+server.ts(21,60): error TS1005: ')' expected.
sveltekit-frontend/src/routes/api/demo/redis-performance/+server.ts(50,59): error TS1005: ')' expected.
sveltekit-frontend/src/routes/api/demo/redis-performance/+server.ts(83,69): error TS1005: ')' expected.
sveltekit-frontend/src/routes/api/demo/redis-performance/+server.ts(108,7): error TS1005: ',' expected.
sveltekit-frontend/src/routes/api/demo/redis-performance/+server.ts(162,15): error TS1109: Expression expected.
sveltekit-frontend/src/routes/api/demo/redis-performance/+server.ts(163,21): error TS1109: Expression expected.
sveltekit-frontend/src/routes/api/demo/redis-performance/+server.ts(164,21): error TS1109: Expression expected.
sveltekit-frontend/src/routes/api/demo/redis-performance/+server.ts(169,22): error TS1109: Expression expected.
sveltekit-frontend/src/routes/api/demo/redis-performance/+server.ts(170,19): error TS1109: Expression expected.
sveltekit-frontend/src/routes/api/demo/redis-performance/+server.ts(171,8): error TS1128: Declaration or statement expected.
sveltekit-frontend/src/routes/api/demo/redis-performance/+server.ts(173,5): error TS1128: Declaration or statement expected.
sveltekit-frontend/src/routes/api/demo/redis-performance/+server.ts(174,3): error TS1128: Declaration or statement expected.
sveltekit-frontend/src/routes/api/demo/redis-performance/+server.ts(175,1): error TS1128: Declaration or statement expected.
sveltekit-frontend/src/routes/api/demo/redis-performance/+server.ts(219,15): error TS1109: Expression expected.
sveltekit-frontend/src/routes/api/demo/redis-performance/+server.ts(221,17): error TS1109: Expression expected.
sveltekit-frontend/src/routes/api/demo/redis-performance/+server.ts(222,10): error TS1128: Declaration or statement expected.
sveltekit-frontend/src/routes/api/demo/redis-performance/+server.ts(225,26): error TS1109: Expression expected.
sveltekit-frontend/src/routes/api/demo/redis-performance/+server.ts(226,10): error TS1128: Declaration or statement expected.
sveltekit-frontend/src/routes/api/demo/redis-performance/+server.ts(228,8): error TS1128: Declaration or statement expected.
sveltekit-frontend/src/routes/api/demo/redis-performance/+server.ts(230,5): error TS1128: Declaration or statement expected.
sveltekit-frontend/src/routes/api/demo/redis-performance/+server.ts(231,3): error TS1128: Declaration or statement expected.
sveltekit-frontend/src/routes/api/demo/redis-performance/+server.ts(232,1): error TS1128: Declaration or statement expected.
sveltekit-frontend/src/routes/api/dev-auth/diagnostics/+server.ts(13,89): error TS1109: Expression expected.
sveltekit-frontend/src/routes/api/dev-auth/diagnostics/+server.ts(17,115): error TS1109: Expression expected.
sveltekit-frontend/src/routes/api/dev/route-data/+server.ts(11,5): error TS1005: ',' expected.
sveltekit-frontend/src/routes/api/dev/route-data/+server.ts(41,17): error TS1109: Expression expected.
sveltekit-frontend/src/routes/api/dev/route-data/+server.ts(42,19): error TS1109: Expression expected.
sveltekit-frontend/src/routes/api/dev/route-data/+server.ts(43,8): error TS1128: Declaration or statement expected.
sveltekit-frontend/src/routes/api/dev/route-data/+server.ts(45,5): error TS1128: Declaration or statement expected.
sveltekit-frontend/src/routes/api/dimensional-cache/+server.ts(46,27): error TS1136: Property assignment expected.
sveltekit-frontend/src/routes/api/dimensional-cache/+server.ts(49,13): error TS1005: ',' expected.
sveltekit-frontend/src/routes/api/dimensional-cache/+server.ts(51,11): error TS1005: ',' expected.
sveltekit-frontend/src/routes/api/dimensional-cache/+server.ts(64,22): error TS1136: Property assignment expected.
sveltekit-frontend/src/routes/api/document/[id]/+server.ts(25,5): error TS1005: ',' expected.
sveltekit-frontend/src/routes/api/document/[id]/+server.ts(49,60): error TS1136: Property assignment expected.
sveltekit-frontend/src/routes/api/document/[id]/+server.ts(61,7): error TS1005: ',' expected.
sveltekit-frontend/src/routes/api/document/[id]/+server.ts(81,7): error TS1005: ',' expected.
sveltekit-frontend/src/routes/api/document/[id]/+server.ts(82,5): error TS1005: ',' expected.
sveltekit-frontend/src/routes/api/documents/[id]/+server.ts(17,24): error TS1128: Declaration or statement expected.
sveltekit-frontend/src/routes/api/documents/[id]/+server.ts(18,7): error TS1128: Declaration or statement expected.
sveltekit-frontend/src/routes/api/documents/[id]/+server.ts(26,5): error TS1005: ',' expected.
sveltekit-frontend/src/routes/api/documents/[id]/+server.ts(31,24): error TS1128: Declaration or statement expected.
sveltekit-frontend/src/routes/api/documents/[id]/+server.ts(32,7): error TS1128: Declaration or statement expected.
sveltekit-frontend/src/routes/api/documents/[id]/+server.ts(44,22): error TS1128: Declaration or statement expected.
sveltekit-frontend/src/routes/api/documents/[id]/+server.ts(45,5): error TS1128: Declaration or statement expected.
sveltekit-frontend/src/routes/api/documents/[id]/+server.ts(55,26): error TS1136: Property assignment expected.
sveltekit-frontend/src/routes/api/documents/[id]/+server.ts(57,10): error TS1128: Declaration or statement expected.
sveltekit-frontend/src/routes/api/documents/[id]/+server.ts(57,11): error TS1128: Declaration or statement expected.
sveltekit-frontend/src/routes/api/documents/[id]/+server.ts(58,24): error TS1128: Declaration or statement expected.
sveltekit-frontend/src/routes/api/documents/[id]/+server.ts(59,7): error TS1128: Declaration or statement expected.
sveltekit-frontend/src/routes/api/documents/[id]/+server.ts(61,5): error TS1472: 'catch' or 'finally' expected.
sveltekit-frontend/src/routes/api/documents/[id]/+server.ts(80,5): error TS1005: ',' expected.
sveltekit-frontend/src/routes/api/documents/[id]/+server.ts(85,24): error TS1128: Declaration or statement expected.
sveltekit-frontend/src/routes/api/documents/[id]/+server.ts(86,7): error TS1128: Declaration or statement expected.
sveltekit-frontend/src/routes/api/documents/[id]/+server.ts(92,5): error TS1005: 'try' expected.
sveltekit-frontend/src/routes/api/documents/[id]/+server.ts(98,22): error TS1128: Declaration or statement expected.
sveltekit-frontend/src/routes/api/documents/[id]/+server.ts(99,5): error TS1128: Declaration or statement expected.
sveltekit-frontend/src/routes/api/documents/[id]/+server.ts(101,1): error TS1128: Declaration or statement expected.
sveltekit-frontend/src/routes/api/documents/[id]/+server.ts(111,24): error TS1128: Declaration or statement expected.
sveltekit-frontend/src/routes/api/documents/[id]/+server.ts(112,7): error TS1128: Declaration or statement expected.
sveltekit-frontend/src/routes/api/documents/[id]/+server.ts(119,5): error TS1005: ',' expected.
sveltekit-frontend/src/routes/api/documents/[id]/+server.ts(124,24): error TS1128: Declaration or statement expected.
sveltekit-frontend/src/routes/api/documents/[id]/+server.ts(125,7): error TS1128: Declaration or statement expected.
sveltekit-frontend/src/routes/api/documents/[id]/+server.ts(137,22): error TS1128: Declaration or statement expected.
sveltekit-frontend/src/routes/api/documents/[id]/+server.ts(138,5): error TS1128: Declaration or statement expected.
sveltekit-frontend/src/routes/api/documents/[id]/auto-save/+server.ts(29,24): error TS1128: Declaration or statement expected.
sveltekit-frontend/src/routes/api/documents/[id]/auto-save/+server.ts(30,7): error TS1128: Declaration or statement expected.
sveltekit-frontend/src/routes/api/documents/[id]/auto-save/+server.ts(39,24): error TS1128: Declaration or statement expected.
sveltekit-frontend/src/routes/api/documents/[id]/auto-save/+server.ts(40,7): error TS1128: Declaration or statement expected.
sveltekit-frontend/src/routes/api/documents/[id]/auto-save/+server.ts(67,7): error TS1005: ',' expected.
sveltekit-frontend/src/routes/api/documents/[id]/auto-save/+server.ts(72,26): error TS1128: Declaration or statement expected.
sveltekit-frontend/src/routes/api/documents/[id]/auto-save/+server.ts(73,9): error TS1128: Declaration or statement expected.
sveltekit-frontend/src/routes/api/documents/[id]/auto-save/+server.ts(107,22): error TS1128: Declaration or statement expected.
sveltekit-frontend/src/routes/api/documents/[id]/auto-save/+server.ts(108,5): error TS1128: Declaration or statement expected.
sveltekit-frontend/src/routes/api/documents/[id]/auto-save/+server.ts(120,24): error TS1128: Declaration or statement expected.
sveltekit-frontend/src/routes/api/documents/[id]/auto-save/+server.ts(121,7): error TS1128: Declaration or statement expected.
sveltekit-frontend/src/routes/api/documents/[id]/auto-save/+server.ts(135,7): error TS1005: ',' expected.
sveltekit-frontend/src/routes/api/documents/[id]/auto-save/+server.ts(140,26): error TS1128: Declaration or statement expected.
sveltekit-frontend/src/routes/api/documents/[id]/auto-save/+server.ts(141,9): error TS1128: Declaration or statement expected.
sveltekit-frontend/src/routes/api/documents/[id]/auto-save/+server.ts(170,22): error TS1128: Declaration or statement expected.
sveltekit-frontend/src/routes/api/documents/[id]/auto-save/+server.ts(171,5): error TS1128: Declaration or statement expected.
sveltekit-frontend/src/routes/api/documents/templates/+server.ts(208,26): error TS1128: Declaration or statement expected.
sveltekit-frontend/src/routes/api/documents/templates/+server.ts(209,9): error TS1128: Declaration or statement expected.
sveltekit-frontend/src/routes/api/documents/templates/+server.ts(235,22): error TS1128: Declaration or statement expected.
sveltekit-frontend/src/routes/api/documents/templates/+server.ts(236,5): error TS1128: Declaration or statement expected.
sveltekit-frontend/src/routes/api/documents/templates/+server.ts(272,24): error TS1128: Declaration or statement expected.
sveltekit-frontend/src/routes/api/documents/templates/+server.ts(273,7): error TS1128: Declaration or statement expected.
sveltekit-frontend/src/routes/api/documents/templates/+server.ts(319,22): error TS1128: Declaration or statement expected.
sveltekit-frontend/src/routes/api/documents/templates/+server.ts(320,5): error TS1128: Declaration or statement expected.
sveltekit-frontend/src/routes/api/documents/update-loop/+server.ts(26,5): error TS1005: ',' expected.
sveltekit-frontend/src/routes/api/documents/update-loop/+server.ts(52,53): error TS1136: Property assignment expected.
sveltekit-frontend/src/routes/api/documents/update-loop/+server.ts(58,11): error TS1005: ',' expected.
sveltekit-frontend/src/routes/api/documents/update-loop/+server.ts(67,29): error TS1136: Property assignment expected.
sveltekit-frontend/src/routes/api/documents/update-loop/+server.ts(82,20): error TS1136: Property assignment expected.
sveltekit-frontend/src/routes/api/documents/update-loop/+server.ts(84,6): error TS1472: 'catch' or 'finally' expected.
sveltekit-frontend/src/routes/api/documents/update-loop/+server.ts(85,5): error TS1005: ',' expected.
sveltekit-frontend/src/routes/api/documents/update-loop/+server.ts(92,1): error TS1128: Declaration or statement expected.
sveltekit-frontend/src/routes/api/documents/upload-embed/+server.ts(75,5): error TS1005: ',' expected.
sveltekit-frontend/src/routes/api/documents/upload-enhanced/+server.ts(79,24): error TS1136: Property assignment expected.
sveltekit-frontend/src/routes/api/documents/upload-enhanced/+server.ts(81,26): error TS1005: ';' expected.
sveltekit-frontend/src/routes/api/documents/upload-enhanced/+server.ts(82,8): error TS1128: Declaration or statement expected.
sveltekit-frontend/src/routes/api/documents/upload-enhanced/+server.ts(82,25): error TS1128: Declaration or statement expected.
sveltekit-frontend/src/routes/api/documents/upload-enhanced/+server.ts(84,3): error TS1472: 'catch' or 'finally' expected.
sveltekit-frontend/src/routes/api/documents/upload-enhanced/+server.ts(84,5): error TS1005: ',' expected.
sveltekit-frontend/src/routes/api/documents/upload-enhanced/+server.ts(92,1): error TS1128: Declaration or statement expected.
sveltekit-frontend/src/routes/api/documents/upload-enhanced/+server.ts(101,120): error TS1137: Expression or comma expected.
sveltekit-frontend/src/routes/api/documents/upload-enhanced/+server.ts(102,37): error TS1109: Expression expected.
sveltekit-frontend/src/routes/api/documents/upload-enhanced/+server.ts(102,126): error TS1005: ';' expected.
sveltekit-frontend/src/routes/api/documents/upload-enhanced/+server.ts(102,177): error TS1005: ';' expected.
sveltekit-frontend/src/routes/api/documents/upload-enhanced/+server.ts(102,185): error TS1128: Declaration or statement expected.
sveltekit-frontend/src/routes/api/documents/upload-enhanced/+server.ts(103,36): error TS1109: Expression expected.
sveltekit-frontend/src/routes/api/documents/upload-enhanced/+server.ts(103,64): error TS1005: ';' expected.
sveltekit-frontend/src/routes/api/documents/upload-enhanced/+server.ts(103,93): error TS1005: ';' expected.
sveltekit-frontend/src/routes/api/documents/upload-enhanced/+server.ts(103,101): error TS1128: Declaration or statement expected.
sveltekit-frontend/src/routes/api/documents/upload-enhanced/+server.ts(104,35): error TS1109: Expression expected.
sveltekit-frontend/src/routes/api/documents/upload-enhanced/+server.ts(104,66): error TS1005: ';' expected.
sveltekit-frontend/src/routes/api/documents/upload-enhanced/+server.ts(104,102): error TS1005: ';' expected.
sveltekit-frontend/src/routes/api/documents/upload-enhanced/+server.ts(104,110): error TS1128: Declaration or statement expected.
sveltekit-frontend/src/routes/api/documents/upload-enhanced/+server.ts(105,37): error TS1109: Expression expected.
sveltekit-frontend/src/routes/api/documents/upload-enhanced/+server.ts(105,64): error TS1005: ';' expected.
sveltekit-frontend/src/routes/api/documents/upload-enhanced/+server.ts(105,96): error TS1005: ';' expected.
sveltekit-frontend/src/routes/api/documents/upload-enhanced/+server.ts(105,104): error TS1128: Declaration or statement expected.
sveltekit-frontend/src/routes/api/documents/upload-enhanced/+server.ts(106,36): error TS1109: Expression expected.
sveltekit-frontend/src/routes/api/documents/upload-enhanced/+server.ts(106,69): error TS1005: ';' expected.
sveltekit-frontend/src/routes/api/documents/upload-enhanced/+server.ts(106,104): error TS1005: ';' expected.
sveltekit-frontend/src/routes/api/documents/upload-enhanced/+server.ts(107,5): error TS1128: Declaration or statement expected.
sveltekit-frontend/src/routes/api/documents/upload-enhanced/+server.ts(107,6): error TS1128: Declaration or statement expected.
sveltekit-frontend/src/routes/api/documents/upload-enhanced/+server.ts(118,20): error TS1109: Expression expected.
sveltekit-frontend/src/routes/api/documents/upload-enhanced/+server.ts(120,30): error TS1109: Expression expected.
sveltekit-frontend/src/routes/api/documents/upload-enhanced/+server.ts(121,24): error TS1109: Expression expected.
sveltekit-frontend/src/routes/api/documents/upload-enhanced/+server.ts(122,25): error TS1109: Expression expected.
sveltekit-frontend/src/routes/api/documents/upload-enhanced/+server.ts(123,25): error TS1109: Expression expected.
sveltekit-frontend/src/routes/api/documents/upload-enhanced/+server.ts(124,6): error TS1128: Declaration or statement expected.
sveltekit-frontend/src/routes/api/documents/upload-enhanced/+server.ts(126,22): error TS1109: Expression expected.
sveltekit-frontend/src/routes/api/documents/upload-enhanced/+server.ts(127,3): error TS1128: Declaration or statement expected.
sveltekit-frontend/src/routes/api/documents/upload-enhanced/+server.ts(127,4): error TS1128: Declaration or statement expected.
sveltekit-frontend/src/routes/api/documents/upload-enhanced/+server.ts(128,1): error TS1128: Declaration or statement expected.
sveltekit-frontend/src/routes/api/documents/upload/+server.ts(92,26): error TS1109: Expression expected.
sveltekit-frontend/src/routes/api/documents/upload/+server.ts(93,20): error TS1109: Expression expected.
sveltekit-frontend/src/routes/api/documents/upload/+server.ts(95,7): error TS1128: Declaration or statement expected.
sveltekit-frontend/src/routes/api/documents/upload/+server.ts(109,5): error TS1128: Declaration or statement expected.
sveltekit-frontend/src/routes/api/documents/upload/+server.ts(109,6): error TS1128: Declaration or statement expected.
sveltekit-frontend/src/routes/api/documents/upload/+server.ts(109,8): error TS1005: 'try' expected.
sveltekit-frontend/src/routes/api/documents/upload/+server.ts(125,3): error TS1128: Declaration or statement expected.
sveltekit-frontend/src/routes/api/documents/upload/+server.ts(125,4): error TS1128: Declaration or statement expected.
sveltekit-frontend/src/routes/api/documents/upload/+server.ts(125,6): error TS1005: 'try' expected.
sveltekit-frontend/src/routes/api/documents/upload/+server.ts(132,1): error TS1128: Declaration or statement expected.
sveltekit-frontend/src/routes/api/embed/ingest/+server.ts(35,5): error TS1005: ',' expected.
sveltekit-frontend/src/routes/api/embed/search/+server.ts(73,60): error TS1136: Property assignment expected.
sveltekit-frontend/src/routes/api/embed/search/+server.ts(81,68): error TS1109: Expression expected.
sveltekit-frontend/src/routes/api/embed/search/+server.ts(81,77): error TS1005: ',' expected.
sveltekit-frontend/src/routes/api/embed/search/+server.ts(81,78): error TS1136: Property assignment expected.
sveltekit-frontend/src/routes/api/embed/search/+server.ts(83,7): error TS1005: ',' expected.
sveltekit-frontend/src/routes/api/embed/search/+server.ts(84,5): error TS1005: ',' expected.
sveltekit-frontend/src/routes/api/embed/search/+server.ts(93,25): error TS1136: Property assignment expected.
sveltekit-frontend/src/routes/api/embed/search/+server.ts(95,13): error TS1005: ';' expected.
sveltekit-frontend/src/routes/api/embed/search/+server.ts(96,17): error TS1005: ';' expected.
sveltekit-frontend/src/routes/api/embed/search/+server.ts(97,8): error TS1128: Declaration or statement expected.
sveltekit-frontend/src/routes/api/embed/search/+server.ts(100,5): error TS1472: 'catch' or 'finally' expected.
sveltekit-frontend/src/routes/api/embed/search/+server.ts(115,5): error TS1005: ',' expected.
sveltekit-frontend/src/routes/api/embed/search/+server.ts(128,5): error TS1005: ',' expected.
sveltekit-frontend/src/routes/api/embed/search/+server.ts(132,1): error TS1128: Declaration or statement expected.
sveltekit-frontend/src/routes/api/enhanced-rag/+server.ts(39,57): error TS1136: Property assignment expected.
sveltekit-frontend/src/routes/api/enhanced-rag/+server.ts(50,5): error TS1128: Declaration or statement expected.
sveltekit-frontend/src/routes/api/enhanced-rag/+server.ts(51,3): error TS1128: Declaration or statement expected.
sveltekit-frontend/src/routes/api/enhanced-rag/+server.ts(52,1): error TS1128: Declaration or statement expected.
sveltekit-frontend/src/routes/api/enhanced-rag/status/+server.ts(89,26): error TS1109: Expression expected.
sveltekit-frontend/src/routes/api/enhanced-rag/status/+server.ts(89,35): error TS1005: ',' expected.
sveltekit-frontend/src/routes/api/enhanced-rag/status/+server.ts(89,36): error TS1136: Property assignment expected.
sveltekit-frontend/src/routes/api/enhanced-rag/status/+server.ts(90,30): error TS1109: Expression expected.
sveltekit-frontend/src/routes/api/enhanced-rag/status/+server.ts(90,39): error TS1005: ',' expected.
sveltekit-frontend/src/routes/api/enhanced-rag/status/+server.ts(90,40): error TS1136: Property assignment expected.
sveltekit-frontend/src/routes/api/enhanced-rag/status/+server.ts(91,29): error TS1109: Expression expected.
sveltekit-frontend/src/routes/api/enhanced-rag/status/+server.ts(91,38): error TS1005: ',' expected.
sveltekit-frontend/src/routes/api/enhanced-rag/status/+server.ts(91,39): error TS1136: Property assignment expected.
sveltekit-frontend/src/routes/api/enhanced-rag/stream/+server.ts(32,11): error TS1005: ',' expected.
sveltekit-frontend/src/routes/api/enhanced-rag/stream/+server.ts(40,11): error TS1005: ',' expected.
sveltekit-frontend/src/routes/api/enhanced-rag/stream/+server.ts(40,65): error TS1005: ')' expected.
sveltekit-frontend/src/routes/api/enhanced-rag/stream/+server.ts(47,11): error TS1005: ',' expected.
sveltekit-frontend/src/routes/api/enhanced-rag/stream/+server.ts(48,11): error TS1005: ',' expected.
sveltekit-frontend/src/routes/api/enhanced-rag/stream/+server.ts(54,11): error TS1005: ',' expected.
sveltekit-frontend/src/routes/api/enhanced-rag/stream/+server.ts(56,11): error TS1005: ',' expected.
sveltekit-frontend/src/routes/api/enhanced-rag/stream/+server.ts(74,11): error TS1005: ',' expected.
sveltekit-frontend/src/routes/api/enhanced-rag/stream/+server.ts(80,11): error TS1005: ',' expected.
sveltekit-frontend/src/routes/api/enhanced-rag/stream/+server.ts(81,9): error TS1005: ',' expected.
sveltekit-frontend/src/routes/api/enhanced-rag/stream/+server.ts(88,11): error TS1005: ',' expected.
sveltekit-frontend/src/routes/api/enhanced-rag/stream/+server.ts(89,9): error TS1005: ',' expected.
sveltekit-frontend/src/routes/api/enhanced-semantic/cache-stats/+server.ts(120,18): error TS1136: Property assignment expected.
sveltekit-frontend/src/routes/api/enhanced/components/[slug]/+server.ts(91,3): error TS1005: ',' expected.
sveltekit-frontend/src/routes/api/enhanced/components/[slug]/+server.ts(92,3): error TS1005: ',' expected.
sveltekit-frontend/src/routes/api/enhanced/components/[slug]/+server.ts(94,3): error TS1005: ',' expected.
sveltekit-frontend/src/routes/api/enhanced/components/[slug]/+server.ts(99,3): error TS1005: ',' expected.
sveltekit-frontend/src/routes/api/enhanced/components/[slug]/+server.ts(132,3): error TS1005: ',' expected.
sveltekit-frontend/src/routes/api/enhanced/components/[slug]/+server.ts(223,20): error TS1136: Property assignment expected.
sveltekit-frontend/src/routes/api/enhanced/components/[slug]/+server.ts(247,1): error TS1005: ',' expected.
sveltekit-frontend/src/routes/api/evidence/hash/+server.ts(22,8): error TS1128: Declaration or statement expected.
sveltekit-frontend/src/routes/api/evidence/hash/+server.ts(23,22): error TS1128: Declaration or statement expected.
sveltekit-frontend/src/routes/api/evidence/hash/+server.ts(24,5): error TS1128: Declaration or statement expected.
sveltekit-frontend/src/routes/api/evidence/hash/+server.ts(25,3): error TS1128: Declaration or statement expected.
sveltekit-frontend/src/routes/api/evidence/hash/+server.ts(49,5): error TS1005: ',' expected.
sveltekit-frontend/src/routes/api/evidence/hash/+server.ts(68,22): error TS1128: Declaration or statement expected.
sveltekit-frontend/src/routes/api/evidence/hash/+server.ts(69,5): error TS1128: Declaration or statement expected.
sveltekit-frontend/src/routes/api/evidence/hash/+server.ts(71,1): error TS1128: Declaration or statement expected.
sveltekit-frontend/src/routes/api/evidence/hash/+server.ts(87,8): error TS1128: Declaration or statement expected.
sveltekit-frontend/src/routes/api/evidence/hash/+server.ts(88,22): error TS1128: Declaration or statement expected.
sveltekit-frontend/src/routes/api/evidence/hash/+server.ts(89,5): error TS1128: Declaration or statement expected.
sveltekit-frontend/src/routes/api/evidence/hash/+server.ts(90,3): error TS1128: Declaration or statement expected.
sveltekit-frontend/src/routes/api/evidence/hash/+server.ts(98,5): error TS1005: ',' expected.
sveltekit-frontend/src/routes/api/evidence/hash/+server.ts(124,22): error TS1128: Declaration or statement expected.
sveltekit-frontend/src/routes/api/evidence/hash/+server.ts(125,5): error TS1128: Declaration or statement expected.
sveltekit-frontend/src/routes/api/evidence/hash/+server.ts(127,1): error TS1128: Declaration or statement expected.
sveltekit-frontend/src/routes/api/evidence/hash/bulk/+server.ts(15,22): error TS1128: Declaration or statement expected.
sveltekit-frontend/src/routes/api/evidence/hash/bulk/+server.ts(16,5): error TS1128: Declaration or statement expected.
sveltekit-frontend/src/routes/api/evidence/hash/bulk/+server.ts(17,3): error TS1128: Declaration or statement expected.
sveltekit-frontend/src/routes/api/evidence/hash/bulk/+server.ts(36,7): error TS1005: ',' expected.
sveltekit-frontend/src/routes/api/evidence/hash/bulk/+server.ts(44,5): error TS1005: ',' expected.
sveltekit-frontend/src/routes/api/evidence/hash/bulk/+server.ts(51,7): error TS1005: ',' expected.
sveltekit-frontend/src/routes/api/evidence/hash/bulk/+server.ts(58,7): error TS1005: ',' expected.
sveltekit-frontend/src/routes/api/evidence/hash/bulk/+server.ts(59,5): error TS1005: ',' expected.
sveltekit-frontend/src/routes/api/evidence/hash/bulk/+server.ts(79,22): error TS1128: Declaration or statement expected.
sveltekit-frontend/src/routes/api/evidence/hash/bulk/+server.ts(80,5): error TS1128: Declaration or statement expected.
sveltekit-frontend/src/routes/api/evidence/hash/bulk/+server.ts(82,1): error TS1128: Declaration or statement expected.
sveltekit-frontend/src/routes/api/evidence/hash/bulk/+server.ts(125,22): error TS1128: Declaration or statement expected.
sveltekit-frontend/src/routes/api/evidence/hash/bulk/+server.ts(126,5): error TS1128: Declaration or statement expected.
sveltekit-frontend/src/routes/api/evidence/hash/bulk/+server.ts(127,3): error TS1128: Declaration or statement expected.
sveltekit-frontend/src/routes/api/evidence/hash/bulk/+server.ts(128,1): error TS1128: Declaration or statement expected.
sveltekit-frontend/src/routes/api/evidence/hash/history/+server.ts(21,22): error TS1128: Declaration or statement expected.
sveltekit-frontend/src/routes/api/evidence/hash/history/+server.ts(22,5): error TS1128: Declaration or statement expected.
sveltekit-frontend/src/routes/api/evidence/hash/history/+server.ts(23,3): error TS1128: Declaration or statement expected.
sveltekit-frontend/src/routes/api/evidence/hash/history/+server.ts(35,5): error TS1005: ',' expected.
sveltekit-frontend/src/routes/api/evidence/hash/history/+server.ts(73,22): error TS1128: Declaration or statement expected.
sveltekit-frontend/src/routes/api/evidence/hash/history/+server.ts(74,5): error TS1128: Declaration or statement expected.
sveltekit-frontend/src/routes/api/evidence/hash/history/+server.ts(76,1): error TS1128: Declaration or statement expected.
sveltekit-frontend/src/routes/api/evidence/hash/history/+server.ts(106,5): error TS1005: ',' expected.
sveltekit-frontend/src/routes/api/evidence/hash/history/+server.ts(115,22): error TS1128: Declaration or statement expected.
sveltekit-frontend/src/routes/api/evidence/hash/history/+server.ts(116,5): error TS1128: Declaration or statement expected.
sveltekit-frontend/src/routes/api/evidence/hash/history/+server.ts(117,3): error TS1128: Declaration or statement expected.
sveltekit-frontend/src/routes/api/evidence/hash/history/+server.ts(118,1): error TS1128: Declaration or statement expected.
sveltekit-frontend/src/routes/api/evidence/upload-simple/+server.ts(29,3): error TS1005: ',' expected.
sveltekit-frontend/src/routes/api/evidence/validate/+server.ts(24,5): error TS1005: ',' expected.
sveltekit-frontend/src/routes/api/evidence/validate/+server.ts(93,5): error TS1005: ',' expected.
sveltekit-frontend/src/routes/api/evidence/validate/+server.ts(98,9): error TS1136: Property assignment expected.
sveltekit-frontend/src/routes/api/evidence/validate/+server.ts(101,5): error TS1472: 'catch' or 'finally' expected.
sveltekit-frontend/src/routes/api/evidence/validate/+server.ts(102,5): error TS1005: ',' expected.
sveltekit-frontend/src/routes/api/evidence/validate/+server.ts(109,22): error TS1128: Declaration or statement expected.
sveltekit-frontend/src/routes/api/evidence/validate/+server.ts(110,5): error TS1128: Declaration or statement expected.
sveltekit-frontend/src/routes/api/evidence/validate/+server.ts(112,1): error TS1128: Declaration or statement expected.
sveltekit-frontend/src/routes/api/evidence/validate/+server.ts(129,5): error TS1005: ',' expected.
sveltekit-frontend/src/routes/api/evidence/validate/+server.ts(155,22): error TS1128: Declaration or statement expected.
sveltekit-frontend/src/routes/api/evidence/validate/+server.ts(156,5): error TS1128: Declaration or statement expected.
sveltekit-frontend/src/routes/api/evidence/validate/+server.ts(157,3): error TS1128: Declaration or statement expected.
sveltekit-frontend/src/routes/api/evidence/validate/+server.ts(158,1): error TS1128: Declaration or statement expected.
sveltekit-frontend/src/routes/api/export/+server.ts(75,7): error TS1005: ',' expected.
sveltekit-frontend/src/routes/api/export/+server.ts(78,7): error TS1005: ',' expected.
sveltekit-frontend/src/routes/api/export/+server.ts(81,7): error TS1005: ',' expected.
sveltekit-frontend/src/routes/api/export/+server.ts(87,7): error TS1005: ',' expected.
sveltekit-frontend/src/routes/api/export/+server.ts(88,5): error TS1005: ',' expected.
sveltekit-frontend/src/routes/api/export/+server.ts(142,24): error TS1136: Property assignment expected.
sveltekit-frontend/src/routes/api/export/+server.ts(144,8): error TS1128: Declaration or statement expected.
sveltekit-frontend/src/routes/api/export/+server.ts(144,9): error TS1128: Declaration or statement expected.
sveltekit-frontend/src/routes/api/export/+server.ts(145,22): error TS1128: Declaration or statement expected.
sveltekit-frontend/src/routes/api/export/+server.ts(146,5): error TS1128: Declaration or statement expected.
sveltekit-frontend/src/routes/api/export/+server.ts(147,3): error TS1128: Declaration or statement expected.
sveltekit-frontend/src/routes/api/export/+server.ts(148,1): error TS1128: Declaration or statement expected.
sveltekit-frontend/src/routes/api/faiss/scale-demo/+server.ts(21,7): error TS1005: ',' expected.
sveltekit-frontend/src/routes/api/faiss/scale-demo/+server.ts(23,7): error TS1005: ',' expected.
sveltekit-frontend/src/routes/api/faiss/scale-demo/+server.ts(25,7): error TS1005: ',' expected.
sveltekit-frontend/src/routes/api/faiss/scale-demo/+server.ts(27,7): error TS1005: ',' expected.
sveltekit-frontend/src/routes/api/faiss/scale-demo/+server.ts(30,5): error TS1005: ',' expected.
sveltekit-frontend/src/routes/api/faiss/scale-demo/+server.ts(171,49): error TS1136: Property assignment expected.
sveltekit-frontend/src/routes/api/faiss/scale-demo/+server.ts(397,87): error TS1109: Expression expected.
sveltekit-frontend/src/routes/api/faiss/scale-demo/+server.ts(412,23): error TS1136: Property assignment expected.
sveltekit-frontend/src/routes/api/files/read/+server.ts(18,5): error TS1005: ',' expected.
sveltekit-frontend/src/routes/api/files/read/+server.ts(36,47): error TS1109: Expression expected.
sveltekit-frontend/src/routes/api/files/read/+server.ts(36,104): error TS1128: Declaration or statement expected.
sveltekit-frontend/src/routes/api/files/read/+server.ts(38,5): error TS1128: Declaration or statement expected.
sveltekit-frontend/src/routes/api/files/read/+server.ts(39,3): error TS1128: Declaration or statement expected.
sveltekit-frontend/src/routes/api/files/read/+server.ts(40,1): error TS1128: Declaration or statement expected.
sveltekit-frontend/src/routes/api/files/write/+server.ts(19,5): error TS1005: ',' expected.
sveltekit-frontend/src/routes/api/files/write/+server.ts(32,7): error TS1005: ',' expected.
sveltekit-frontend/src/routes/api/files/write/+server.ts(33,5): error TS1005: ',' expected.
sveltekit-frontend/src/routes/api/files/write/+server.ts(51,48): error TS1109: Expression expected.
sveltekit-frontend/src/routes/api/files/write/+server.ts(51,105): error TS1128: Declaration or statement expected.
sveltekit-frontend/src/routes/api/files/write/+server.ts(53,5): error TS1128: Declaration or statement expected.
sveltekit-frontend/src/routes/api/files/write/+server.ts(54,3): error TS1128: Declaration or statement expected.
sveltekit-frontend/src/routes/api/files/write/+server.ts(55,1): error TS1128: Declaration or statement expected.
sveltekit-frontend/src/routes/api/gallery/[id]/download/+server.ts(50,5): error TS1005: ',' expected.
sveltekit-frontend/src/routes/api/gallery/[id]/download/+server.ts(169,3): error TS1131: Property or signature expected.
sveltekit-frontend/src/routes/api/gallery/[id]/download/+server.ts(174,5): error TS1005: ',' expected.
sveltekit-frontend/src/routes/api/gallery/[id]/download/+server.ts(183,7): error TS1005: ',' expected.
sveltekit-frontend/src/routes/api/gallery/[id]/download/+server.ts(201,1): error TS1128: Declaration or statement expected.
sveltekit-frontend/src/routes/api/gallery/[id]/download/+server.ts(264,5): error TS1005: ',' expected.
sveltekit-frontend/src/routes/api/gpu-error-processing/+server.ts(5,1): error TS1128: Declaration or statement expected.
sveltekit-frontend/src/routes/api/gpu-error-processing/+server.ts(25,5): error TS1005: ',' expected.
sveltekit-frontend/src/routes/api/gpu-error-processing/+server.ts(60,24): error TS1136: Property assignment expected.
sveltekit-frontend/src/routes/api/gpu-error-processing/+server.ts(64,8): error TS1005: ',' expected.
sveltekit-frontend/src/routes/api/gpu-error-processing/+server.ts(66,5): error TS1472: 'catch' or 'finally' expected.
sveltekit-frontend/src/routes/api/gpu-error-processing/+server.ts(72,5): error TS1005: ',' expected.
sveltekit-frontend/src/routes/api/gpu-error-processing/+server.ts(80,5): error TS1128: Declaration or statement expected.
sveltekit-frontend/src/routes/api/gpu-error-processing/+server.ts(82,1): error TS1128: Declaration or statement expected.
sveltekit-frontend/src/routes/api/gpu-orchestration/deploy/+server.ts(11,1): error TS1128: Declaration or statement expected.
sveltekit-frontend/src/routes/api/gpu-orchestration/deploy/+server.ts(135,5): error TS1005: ',' expected.
sveltekit-frontend/src/routes/api/gpu-orchestration/deploy/+server.ts(136,5): error TS1005: ',' expected.
sveltekit-frontend/src/routes/api/gpu-orchestration/deploy/+server.ts(255,5): error TS1005: ',' expected.
sveltekit-frontend/src/routes/api/gpu-orchestration/deploy/+server.ts(256,3): error TS1005: ',' expected.
sveltekit-frontend/src/routes/api/gpu-orchestration/deploy/+server.ts(396,73): error TS1136: Property assignment expected.
sveltekit-frontend/src/routes/api/gpu-orchestration/deploy/+server.ts(397,26): error TS1135: Argument expression expected.
sveltekit-frontend/src/routes/api/gpu-orchestration/deploy/+server.ts(398,7): error TS1005: ',' expected.
sveltekit-frontend/src/routes/api/gpu-orchestration/deploy/+server.ts(398,28): error TS1135: Argument expression expected.
sveltekit-frontend/src/routes/api/gpu-orchestration/deploy/+server.ts(399,7): error TS1005: ',' expected.
sveltekit-frontend/src/routes/api/gpu-orchestration/deploy/+server.ts(399,23): error TS1135: Argument expression expected.
sveltekit-frontend/src/routes/api/gpu-orchestration/deploy/+server.ts(400,7): error TS1005: ',' expected.
sveltekit-frontend/src/routes/api/gpu-orchestration/deploy/+server.ts(400,22): error TS1135: Argument expression expected.
sveltekit-frontend/src/routes/api/gpu-orchestration/deploy/+server.ts(401,7): error TS1005: ',' expected.
sveltekit-frontend/src/routes/api/gpu-orchestration/deploy/+server.ts(401,24): error TS1135: Argument expression expected.
sveltekit-frontend/src/routes/api/gpu-orchestration/deploy/+server.ts(402,26): error TS1135: Argument expression expected.
sveltekit-frontend/src/routes/api/gpu-orchestration/deploy/+server.ts(403,14): error TS1135: Argument expression expected.
sveltekit-frontend/src/routes/api/gpu-orchestration/deploy/+server.ts(408,5): error TS1005: ',' expected.
sveltekit-frontend/src/routes/api/gpu-orchestration/deploy/+server.ts(408,7): error TS1137: Expression or comma expected.
sveltekit-frontend/src/routes/api/gpu-orchestration/deploy/+server.ts(408,9): error TS1137: Expression or comma expected.
sveltekit-frontend/src/routes/api/gpu-orchestration/deploy/+server.ts(409,13): error TS1003: Identifier expected.
sveltekit-frontend/src/routes/api/gpu-orchestration/deploy/+server.ts(409,32): error TS1005: ':' expected.
sveltekit-frontend/src/routes/api/gpu-orchestration/deploy/+server.ts(409,42): error TS1003: Identifier expected.
sveltekit-frontend/src/routes/api/gpu-orchestration/deploy/+server.ts(409,78): error TS1136: Property assignment expected.
sveltekit-frontend/src/routes/api/gpu-orchestration/deploy/+server.ts(421,8): error TS1128: Declaration or statement expected.
sveltekit-frontend/src/routes/api/gpu-orchestration/deploy/+server.ts(421,9): error TS1128: Declaration or statement expected.
sveltekit-frontend/src/routes/api/gpu-orchestration/deploy/+server.ts(422,39): error TS1109: Expression expected.
sveltekit-frontend/src/routes/api/gpu-orchestration/deploy/+server.ts(422,75): error TS1136: Property assignment expected.
sveltekit-frontend/src/routes/api/gpu-orchestration/deploy/+server.ts(434,9): error TS1128: Declaration or statement expected.
sveltekit-frontend/src/routes/api/gpu-orchestration/deploy/+server.ts(435,39): error TS1109: Expression expected.
sveltekit-frontend/src/routes/api/gpu-orchestration/deploy/+server.ts(435,72): error TS1136: Property assignment expected.
sveltekit-frontend/src/routes/api/gpu-orchestration/deploy/+server.ts(447,9): error TS1128: Declaration or statement expected.
sveltekit-frontend/src/routes/api/gpu-orchestration/deploy/+server.ts(448,42): error TS1109: Expression expected.
sveltekit-frontend/src/routes/api/gpu-orchestration/deploy/+server.ts(449,3): error TS1128: Declaration or statement expected.
sveltekit-frontend/src/routes/api/gpu-orchestration/deploy/+server.ts(475,1): error TS1128: Declaration or statement expected.
sveltekit-frontend/src/routes/api/gpu-process-live/+server.ts(45,3): error TS1005: ',' expected.
sveltekit-frontend/src/routes/api/gpu-process-live/+server.ts(84,22): error TS1136: Property assignment expected.
sveltekit-frontend/src/routes/api/gpu-status/+server.ts(39,18): error TS1109: Expression expected.
sveltekit-frontend/src/routes/api/gpu-status/+server.ts(40,16): error TS1109: Expression expected.
sveltekit-frontend/src/routes/api/gpu-status/+server.ts(43,23): error TS1109: Expression expected.
sveltekit-frontend/src/routes/api/gpu-status/+server.ts(44,12): error TS1128: Declaration or statement expected.
sveltekit-frontend/src/routes/api/gpu-status/+server.ts(46,10): error TS1128: Declaration or statement expected.
sveltekit-frontend/src/routes/api/gpu-status/+server.ts(48,7): error TS1128: Declaration or statement expected.
sveltekit-frontend/src/routes/api/gpu-status/+server.ts(49,5): error TS1128: Declaration or statement expected.
sveltekit-frontend/src/routes/api/gpu-status/+server.ts(50,3): error TS1128: Declaration or statement expected.
sveltekit-frontend/src/routes/api/gpu-status/+server.ts(51,1): error TS1128: Declaration or statement expected.
sveltekit-frontend/src/routes/api/gpu-wasm-integration/+server.ts(67,7): error TS1005: ',' expected.
sveltekit-frontend/src/routes/api/gpu-wasm-integration/+server.ts(69,7): error TS1005: ',' expected.
sveltekit-frontend/src/routes/api/gpu-wasm-integration/+server.ts(71,7): error TS1005: ',' expected.
sveltekit-frontend/src/routes/api/gpu-wasm-integration/+server.ts(73,7): error TS1005: ',' expected.
sveltekit-frontend/src/routes/api/gpu-wasm-integration/+server.ts(91,5): error TS1005: ',' expected.
sveltekit-frontend/src/routes/api/gpu-wasm-integration/+server.ts(279,24): error TS1109: Expression expected.
sveltekit-frontend/src/routes/api/gpu-wasm-integration/+server.ts(279,33): error TS1005: ',' expected.
sveltekit-frontend/src/routes/api/gpu-wasm-integration/+server.ts(279,34): error TS1136: Property assignment expected.
sveltekit-frontend/src/routes/api/gpu-wasm-integration/+server.ts(337,13): error TS1134: Variable declaration expected.
sveltekit-frontend/src/routes/api/gpu-wasm-integration/+server.ts(338,11): error TS1005: ',' expected.
sveltekit-frontend/src/routes/api/gpu-wasm-integration/+server.ts(339,11): error TS1005: ',' expected.
sveltekit-frontend/src/routes/api/gpu-wasm-integration/+server.ts(340,10): error TS1128: Declaration or statement expected.
sveltekit-frontend/src/routes/api/gpu-wasm-integration/+server.ts(341,7): error TS1128: Declaration or statement expected.
sveltekit-frontend/src/routes/api/gpu-wasm-integration/+server.ts(345,5): error TS1472: 'catch' or 'finally' expected.
sveltekit-frontend/src/routes/api/gpu-wasm-integration/+server.ts(353,4): error TS1128: Declaration or statement expected.
sveltekit-frontend/src/routes/api/gpu-wasm-integration/+server.ts(353,6): error TS1005: 'try' expected.
sveltekit-frontend/src/routes/api/gpu-wasm-integration/+server.ts(360,1): error TS1128: Declaration or statement expected.
sveltekit-frontend/src/routes/api/gpu-wasm-integration/+server.ts(394,17): error TS1109: Expression expected.
sveltekit-frontend/src/routes/api/gpu-wasm-integration/+server.ts(395,24): error TS1109: Expression expected.
sveltekit-frontend/src/routes/api/gpu-wasm-integration/+server.ts(397,5): error TS1128: Declaration or statement expected.
sveltekit-frontend/src/routes/api/gpu-wasm-integration/+server.ts(426,21): error TS1109: Expression expected.
sveltekit-frontend/src/routes/api/gpu-wasm-integration/+server.ts(426,30): error TS1005: ',' expected.
sveltekit-frontend/src/routes/api/gpu-wasm-integration/+server.ts(426,31): error TS1136: Property assignment expected.
sveltekit-frontend/src/routes/api/gpu/+server.ts(223,3): error TS1128: Declaration or statement expected.
sveltekit-frontend/src/routes/api/gpu/+server.ts(249,3): error TS1128: Declaration or statement expected.
sveltekit-frontend/src/routes/api/gpu/+server.ts(257,2): error TS1005: ',' expected.
sveltekit-frontend/src/routes/api/gpu/+server.ts(263,2): error TS1005: ',' expected.
sveltekit-frontend/src/routes/api/gpu/+server.ts(308,3): error TS1128: Declaration or statement expected.
sveltekit-frontend/src/routes/api/gpu/+server.ts(309,2): error TS1128: Declaration or statement expected.
sveltekit-frontend/src/routes/api/gpu/+server.ts(310,1): error TS1128: Declaration or statement expected.
sveltekit-frontend/src/routes/api/gpu/metrics/+server.ts(11,83): error TS1136: Property assignment expected.
sveltekit-frontend/src/routes/api/gpu/metrics/+server.ts(11,85): error TS1472: 'catch' or 'finally' expected.
sveltekit-frontend/src/routes/api/gpu/metrics/+server.ts(14,6): error TS1128: Declaration or statement expected.
sveltekit-frontend/src/routes/api/gpu/metrics/+server.ts(14,8): error TS1005: 'try' expected.
sveltekit-frontend/src/routes/api/gpu/metrics/+server.ts(17,1): error TS1128: Declaration or statement expected.
sveltekit-frontend/src/routes/api/health/all/+server.ts(59,7): error TS1005: ',' expected.
sveltekit-frontend/src/routes/api/health/all/+server.ts(349,26): error TS1136: Property assignment expected.
sveltekit-frontend/src/routes/api/health/all/+server.ts(351,23): error TS1005: ';' expected.
sveltekit-frontend/src/routes/api/health/all/+server.ts(352,24): error TS1005: ';' expected.
sveltekit-frontend/src/routes/api/health/all/+server.ts(353,17): error TS1005: ';' expected.
sveltekit-frontend/src/routes/api/health/all/+server.ts(354,18): error TS1005: ';' expected.
sveltekit-frontend/src/routes/api/health/all/+server.ts(355,25): error TS1005: ';' expected.
sveltekit-frontend/src/routes/api/health/all/+server.ts(356,25): error TS1005: ';' expected.
sveltekit-frontend/src/routes/api/health/all/+server.ts(357,29): error TS1005: ';' expected.
sveltekit-frontend/src/routes/api/health/all/+server.ts(359,6): error TS1472: 'catch' or 'finally' expected.
sveltekit-frontend/src/routes/api/health/all/+server.ts(360,5): error TS1005: ',' expected.
sveltekit-frontend/src/routes/api/health/all/+server.ts(367,24): error TS1109: Expression expected.
sveltekit-frontend/src/routes/api/health/all/+server.ts(367,33): error TS1005: ',' expected.
sveltekit-frontend/src/routes/api/health/all/+server.ts(367,34): error TS1136: Property assignment expected.
sveltekit-frontend/src/routes/api/health/all/+server.ts(384,1): error TS1128: Declaration or statement expected.
sveltekit-frontend/src/routes/api/health/all/+server.ts(409,24): error TS1136: Property assignment expected.
sveltekit-frontend/src/routes/api/health/ocr/+server.ts(53,43): error TS1136: Property assignment expected.
sveltekit-frontend/src/routes/api/integration-test/+server.ts(81,13): error TS1005: ',' expected.
sveltekit-frontend/src/routes/api/integration-test/+server.ts(118,9): error TS1005: ',' expected.
sveltekit-frontend/src/routes/api/integration-test/+server.ts(125,9): error TS1005: ',' expected.
sveltekit-frontend/src/routes/api/integration-test/+server.ts(142,9): error TS1005: ',' expected.
sveltekit-frontend/src/routes/api/integration-test/+server.ts(143,9): error TS1005: ',' expected.
sveltekit-frontend/src/routes/api/integration-test/+server.ts(144,9): error TS1005: ',' expected.
sveltekit-frontend/src/routes/api/integration-test/+server.ts(145,7): error TS1005: ',' expected.
sveltekit-frontend/src/routes/api/integration-test/+server.ts(181,9): error TS1005: ',' expected.
sveltekit-frontend/src/routes/api/integration-test/+server.ts(188,7): error TS1005: ',' expected.
sveltekit-frontend/src/routes/api/legal-ai/+server.ts(162,22): error TS1136: Property assignment expected.
sveltekit-frontend/src/routes/api/legal-ai/+server.ts(164,6): error TS1128: Declaration or statement expected.
sveltekit-frontend/src/routes/api/legal-ai/+server.ts(164,23): error TS1128: Declaration or statement expected.
sveltekit-frontend/src/routes/api/legal-ai/+server.ts(166,1): error TS1128: Declaration or statement expected.
sveltekit-frontend/src/routes/api/legal/+server.ts(172,1): error TS1131: Property or signature expected.
sveltekit-frontend/src/routes/api/legal/case/[caseId]/timeline/+server.ts(44,1): error TS1131: Property or signature expected.
sveltekit-frontend/src/routes/api/legal/case/[caseId]/timeline/+server.ts(56,1): error TS1131: Property or signature expected.
sveltekit-frontend/src/routes/api/legal/case/[caseId]/timeline/+server.ts(74,7): error TS1128: Declaration or statement expected.
sveltekit-frontend/src/routes/api/legal/case/[caseId]/timeline/+server.ts(75,5): error TS1128: Declaration or statement expected.
sveltekit-frontend/src/routes/api/legal/case/[caseId]/timeline/+server.ts(119,3): error TS1128: Declaration or statement expected.
sveltekit-frontend/src/routes/api/legal/case/[caseId]/timeline/+server.ts(119,4): error TS1128: Declaration or statement expected.
sveltekit-frontend/src/routes/api/legal/case/[caseId]/timeline/+server.ts(119,6): error TS1005: 'try' expected.
sveltekit-frontend/src/routes/api/legal/case/[caseId]/timeline/+server.ts(124,5): error TS1128: Declaration or statement expected.
sveltekit-frontend/src/routes/api/legal/case/[caseId]/timeline/+server.ts(126,1): error TS1128: Declaration or statement expected.
sveltekit-frontend/src/routes/api/legal/case/[caseId]/timeline/+server.ts(135,7): error TS1128: Declaration or statement expected.
sveltekit-frontend/src/routes/api/legal/case/[caseId]/timeline/+server.ts(136,5): error TS1128: Declaration or statement expected.
sveltekit-frontend/src/routes/api/legal/case/[caseId]/timeline/+server.ts(142,7): error TS1128: Declaration or statement expected.
sveltekit-frontend/src/routes/api/legal/case/[caseId]/timeline/+server.ts(154,3): error TS1128: Declaration or statement expected.
sveltekit-frontend/src/routes/api/legal/case/[caseId]/timeline/+server.ts(154,4): error TS1128: Declaration or statement expected.
sveltekit-frontend/src/routes/api/legal/case/[caseId]/timeline/+server.ts(154,6): error TS1005: 'try' expected.
sveltekit-frontend/src/routes/api/legal/case/[caseId]/timeline/+server.ts(159,5): error TS1128: Declaration or statement expected.
sveltekit-frontend/src/routes/api/legal/case/[caseId]/timeline/+server.ts(161,1): error TS1128: Declaration or statement expected.
sveltekit-frontend/src/routes/api/legal/case/[caseId]/timeline/+server.ts(170,7): error TS1128: Declaration or statement expected.
sveltekit-frontend/src/routes/api/legal/case/[caseId]/timeline/+server.ts(171,5): error TS1128: Declaration or statement expected.
sveltekit-frontend/src/routes/api/legal/case/[caseId]/timeline/+server.ts(182,3): error TS1128: Declaration or statement expected.
sveltekit-frontend/src/routes/api/legal/case/[caseId]/timeline/+server.ts(182,4): error TS1128: Declaration or statement expected.
sveltekit-frontend/src/routes/api/legal/case/[caseId]/timeline/+server.ts(182,6): error TS1005: 'try' expected.
sveltekit-frontend/src/routes/api/legal/case/[caseId]/timeline/+server.ts(187,5): error TS1128: Declaration or statement expected.
sveltekit-frontend/src/routes/api/legal/case/[caseId]/timeline/+server.ts(189,1): error TS1128: Declaration or statement expected.
sveltekit-frontend/src/routes/api/legal/case/[caseId]/timeline/+server.ts(203,3): error TS1005: ',' expected.
sveltekit-frontend/src/routes/api/legal/case/[caseId]/timeline/+server.ts(206,3): error TS1005: ',' expected.
sveltekit-frontend/src/routes/api/legal/case/[caseId]/timeline/+server.ts(236,28): error TS1109: Expression expected.
sveltekit-frontend/src/routes/api/legal/case/[caseId]/timeline/+server.ts(236,37): error TS1005: ',' expected.
sveltekit-frontend/src/routes/api/legal/case/[caseId]/timeline/+server.ts(236,38): error TS1136: Property assignment expected.
sveltekit-frontend/src/routes/api/legal/case/[caseId]/timeline/+server.ts(237,36): error TS1109: Expression expected.
sveltekit-frontend/src/routes/api/legal/case/[caseId]/timeline/+server.ts(237,45): error TS1005: ',' expected.
sveltekit-frontend/src/routes/api/legal/case/[caseId]/timeline/+server.ts(237,46): error TS1136: Property assignment expected.
sveltekit-frontend/src/routes/api/legal/case/[caseId]/timeline/+server.ts(245,3): error TS1005: ',' expected.
sveltekit-frontend/src/routes/api/legal/case/[caseId]/timeline/+server.ts(252,3): error TS1005: ',' expected.
sveltekit-frontend/src/routes/api/legal/case/[caseId]/timeline/+server.ts(319,16): error TS1136: Property assignment expected.
sveltekit-frontend/src/routes/api/legal/case/[caseId]/timeline/+server.ts(320,17): error TS1137: Expression or comma expected.
sveltekit-frontend/src/routes/api/legal/case/[caseId]/timeline/+server.ts(321,17): error TS1137: Expression or comma expected.
sveltekit-frontend/src/routes/api/legal/case/[caseId]/timeline/+server.ts(322,15): error TS1137: Expression or comma expected.
sveltekit-frontend/src/routes/api/legal/case/[caseId]/timeline/+server.ts(323,14): error TS1137: Expression or comma expected.
sveltekit-frontend/src/routes/api/legal/case/[caseId]/timeline/+server.ts(324,5): error TS1005: ',' expected.
sveltekit-frontend/src/routes/api/legal/case/[caseId]/timeline/+server.ts(324,7): error TS1134: Variable declaration expected.
sveltekit-frontend/src/routes/api/legal/case/[caseId]/timeline/+server.ts(327,1): error TS1128: Declaration or statement expected.
sveltekit-frontend/src/routes/api/legal/case/[caseId]/timeline/+server.ts(349,1): error TS1005: ',' expected.
sveltekit-frontend/src/routes/api/legal/case/[caseId]/timeline/+server.ts(358,5): error TS1005: ',' expected.
sveltekit-frontend/src/routes/api/legal/case/[caseId]/timeline/+server.ts(382,9): error TS1005: ',' expected.
sveltekit-frontend/src/routes/api/legal/case/[caseId]/timeline/+server.ts(394,9): error TS1005: ',' expected.
sveltekit-frontend/src/routes/api/legal/case/[caseId]/timeline/+server.ts(398,7): error TS1005: ',' expected.
sveltekit-frontend/src/routes/api/legal/case/[caseId]/timeline/+server.ts(398,18): error TS1136: Property assignment expected.
sveltekit-frontend/src/routes/api/legal/case/[caseId]/timeline/+server.ts(399,19): error TS1137: Expression or comma expected.
sveltekit-frontend/src/routes/api/legal/case/[caseId]/timeline/+server.ts(400,19): error TS1137: Expression or comma expected.
sveltekit-frontend/src/routes/api/legal/case/[caseId]/timeline/+server.ts(401,17): error TS1137: Expression or comma expected.
sveltekit-frontend/src/routes/api/legal/case/[caseId]/timeline/+server.ts(402,16): error TS1137: Expression or comma expected.
sveltekit-frontend/src/routes/api/legal/case/[caseId]/timeline/+server.ts(403,7): error TS1005: ',' expected.
sveltekit-frontend/src/routes/api/legal/case/[caseId]/timeline/+server.ts(403,9): error TS1109: Expression expected.
sveltekit-frontend/src/routes/api/legal/case/[caseId]/timeline/+server.ts(405,3): error TS1005: ',' expected.
sveltekit-frontend/src/routes/api/legal/case/[caseId]/timeline/+server.ts(405,4): error TS1128: Declaration or statement expected.
sveltekit-frontend/src/routes/api/legal/case/[caseId]/timeline/+server.ts(406,1): error TS1128: Declaration or statement expected.
sveltekit-frontend/src/routes/api/legal/precedent/search/+server.ts(85,7): error TS1128: Declaration or statement expected.
sveltekit-frontend/src/routes/api/legal/precedent/search/+server.ts(86,5): error TS1128: Declaration or statement expected.
sveltekit-frontend/src/routes/api/legal/precedent/search/+server.ts(119,3): error TS1128: Declaration or statement expected.
sveltekit-frontend/src/routes/api/legal/precedent/search/+server.ts(119,4): error TS1128: Declaration or statement expected.
sveltekit-frontend/src/routes/api/legal/precedent/search/+server.ts(119,6): error TS1005: 'try' expected.
sveltekit-frontend/src/routes/api/legal/precedent/search/+server.ts(124,5): error TS1128: Declaration or statement expected.
sveltekit-frontend/src/routes/api/legal/precedent/search/+server.ts(126,1): error TS1128: Declaration or statement expected.
sveltekit-frontend/src/routes/api/legal/precedent/search/+server.ts(136,3): error TS1005: ',' expected.
sveltekit-frontend/src/routes/api/legal/precedent/search/+server.ts(140,3): error TS1005: ',' expected.
sveltekit-frontend/src/routes/api/legal/precedent/search/+server.ts(153,7): error TS1005: ',' expected.
sveltekit-frontend/src/routes/api/legal/precedent/search/+server.ts(185,1): error TS1005: ',' expected.
sveltekit-frontend/src/routes/api/legal/precedent/search/+server.ts(285,7): error TS1005: ',' expected.
sveltekit-frontend/src/routes/api/legal/precedent/search/+server.ts(286,7): error TS1005: ',' expected.
sveltekit-frontend/src/routes/api/legal/precedent/search/+server.ts(287,7): error TS1005: ',' expected.
sveltekit-frontend/src/routes/api/legal/research/search/+server.ts(66,5): error TS1128: Declaration or statement expected.
sveltekit-frontend/src/routes/api/legal/research/search/+server.ts(67,3): error TS1128: Declaration or statement expected.
sveltekit-frontend/src/routes/api/legal/research/search/+server.ts(68,1): error TS1128: Declaration or statement expected.
sveltekit-frontend/src/routes/api/legal/research/search/+server.ts(157,16): error TS1138: Parameter declaration expected.
sveltekit-frontend/src/routes/api/legal/research/search/+server.ts(192,46): error TS1005: ')' expected.
sveltekit-frontend/src/routes/api/legal/search/+server.ts(15,1): error TS1005: ',' expected.
sveltekit-frontend/src/routes/api/libraries/+server.ts(30,5): error TS1128: Declaration or statement expected.
sveltekit-frontend/src/routes/api/libraries/+server.ts(31,3): error TS1128: Declaration or statement expected.
sveltekit-frontend/src/routes/api/libraries/+server.ts(32,1): error TS1128: Declaration or statement expected.
sveltekit-frontend/src/routes/api/libraries/+server.ts(57,5): error TS1128: Declaration or statement expected.
sveltekit-frontend/src/routes/api/libraries/+server.ts(58,3): error TS1128: Declaration or statement expected.
sveltekit-frontend/src/routes/api/libraries/+server.ts(59,1): error TS1128: Declaration or statement expected.
sveltekit-frontend/src/routes/api/metrics/service-worker/+server.ts(26,5): error TS1128: Declaration or statement expected.
sveltekit-frontend/src/routes/api/metrics/service-worker/+server.ts(27,3): error TS1128: Declaration or statement expected.
sveltekit-frontend/src/routes/api/metrics/service-worker/+server.ts(28,1): error TS1128: Declaration or statement expected.
sveltekit-frontend/src/routes/api/migrations/+server.ts(39,9): error TS1005: ',' expected.
sveltekit-frontend/src/routes/api/migrations/+server.ts(50,22): error TS1136: Property assignment expected.
sveltekit-frontend/src/routes/api/migrations/+server.ts(124,22): error TS1136: Property assignment expected.
sveltekit-frontend/src/routes/api/models/+server.ts(42,44): error TS1136: Property assignment expected.
sveltekit-frontend/src/routes/api/node/metrics/+server.ts(50,15): error TS1109: Expression expected.
sveltekit-frontend/src/routes/api/node/metrics/+server.ts(51,17): error TS1109: Expression expected.
sveltekit-frontend/src/routes/api/node/metrics/+server.ts(52,19): error TS1109: Expression expected.
sveltekit-frontend/src/routes/api/node/metrics/+server.ts(53,8): error TS1128: Declaration or statement expected.
sveltekit-frontend/src/routes/api/node/metrics/+server.ts(55,5): error TS1128: Declaration or statement expected.
sveltekit-frontend/src/routes/api/node/metrics/+server.ts(56,3): error TS1128: Declaration or statement expected.
sveltekit-frontend/src/routes/api/node/metrics/+server.ts(57,1): error TS1128: Declaration or statement expected.
sveltekit-frontend/src/routes/api/ollama/generate/+server.ts(92,3): error TS1128: Declaration or statement expected.
sveltekit-frontend/src/routes/api/ollama/generate/+server.ts(92,5): error TS1005: 'try' expected.
sveltekit-frontend/src/routes/api/ollama/generate/+server.ts(96,1): error TS1128: Declaration or statement expected.
sveltekit-frontend/src/routes/api/ollama/gpu-status/+server.ts(26,1): error TS1005: ',' expected.
sveltekit-frontend/src/routes/api/ollama/gpu-status/+server.ts(49,9): error TS1005: ',' expected.
sveltekit-frontend/src/routes/api/ollama/gpu-status/+server.ts(50,9): error TS1005: ',' expected.
sveltekit-frontend/src/routes/api/ollama/gpu-status/+server.ts(71,7): error TS1128: Declaration or statement expected.
sveltekit-frontend/src/routes/api/ollama/gpu-status/+server.ts(72,5): error TS1128: Declaration or statement expected.
sveltekit-frontend/src/routes/api/ollama/gpu-status/+server.ts(73,3): error TS1128: Declaration or statement expected.
sveltekit-frontend/src/routes/api/ollama/gpu-status/+server.ts(73,4): error TS1128: Declaration or statement expected.
sveltekit-frontend/src/routes/api/ollama/gpu-status/+server.ts(73,6): error TS1005: 'try' expected.
sveltekit-frontend/src/routes/api/ollama/gpu-status/+server.ts(104,1): error TS1128: Declaration or statement expected.
sveltekit-frontend/src/routes/api/ollama/models/+server.ts(17,5): error TS1136: Property assignment expected.
sveltekit-frontend/src/routes/api/ollama/models/+server.ts(17,7): error TS1472: 'catch' or 'finally' expected.
sveltekit-frontend/src/routes/api/ollama/models/+server.ts(30,5): error TS1135: Argument expression expected.
sveltekit-frontend/src/routes/api/ollama/models/+server.ts(40,6): error TS1389: 'catch' is not allowed as a variable declaration name.
sveltekit-frontend/src/routes/api/ollama/models/+server.ts(45,15): error TS1109: Expression expected.
sveltekit-frontend/src/routes/api/ollama/models/+server.ts(46,17): error TS1109: Expression expected.
sveltekit-frontend/src/routes/api/ollama/models/+server.ts(47,8): error TS1128: Declaration or statement expected.
sveltekit-frontend/src/routes/api/ollama/models/+server.ts(49,5): error TS1128: Declaration or statement expected.
sveltekit-frontend/src/routes/api/ollama/models/+server.ts(51,1): error TS1128: Declaration or statement expected.
sveltekit-frontend/src/routes/api/ollama/models/+server.ts(54,56): error TS1128: Declaration or statement expected.
sveltekit-frontend/src/routes/api/ollama/models/+server.ts(67,11): error TS1136: Property assignment expected.
sveltekit-frontend/src/routes/api/ollama/models/+server.ts(68,10): error TS1128: Declaration or statement expected.
sveltekit-frontend/src/routes/api/ollama/models/+server.ts(77,7): error TS1128: Declaration or statement expected.
sveltekit-frontend/src/routes/api/ollama/models/+server.ts(77,21): error TS1109: Expression expected.
sveltekit-frontend/src/routes/api/ollama/models/+server.ts(88,11): error TS1136: Property assignment expected.
sveltekit-frontend/src/routes/api/ollama/models/+server.ts(89,9): error TS1128: Declaration or statement expected.
sveltekit-frontend/src/routes/api/ollama/models/+server.ts(89,10): error TS1128: Declaration or statement expected.
sveltekit-frontend/src/routes/api/ollama/models/+server.ts(98,7): error TS1005: 'export' expected.
sveltekit-frontend/src/routes/api/ollama/models/+server.ts(98,14): error TS1128: Declaration or statement expected.
sveltekit-frontend/src/routes/api/ollama/models/+server.ts(100,5): error TS1128: Declaration or statement expected.
sveltekit-frontend/src/routes/api/ollama/models/+server.ts(101,3): error TS1128: Declaration or statement expected.
sveltekit-frontend/src/routes/api/ollama/models/+server.ts(101,4): error TS1128: Declaration or statement expected.
sveltekit-frontend/src/routes/api/ollama/models/+server.ts(101,6): error TS1005: 'try' expected.
sveltekit-frontend/src/routes/api/ollama/models/+server.ts(106,15): error TS1109: Expression expected.
sveltekit-frontend/src/routes/api/ollama/models/+server.ts(107,17): error TS1109: Expression expected.
sveltekit-frontend/src/routes/api/ollama/models/+server.ts(108,8): error TS1128: Declaration or statement expected.
sveltekit-frontend/src/routes/api/ollama/models/+server.ts(110,5): error TS1128: Declaration or statement expected.
sveltekit-frontend/src/routes/api/ollama/models/+server.ts(112,1): error TS1128: Declaration or statement expected.
sveltekit-frontend/src/routes/api/ollama/pull/+server.ts(30,29): error TS1109: Expression expected.
sveltekit-frontend/src/routes/api/ollama/pull/+server.ts(30,49): error TS1005: ';' expected.
sveltekit-frontend/src/routes/api/ollama/pull/+server.ts(30,72): error TS1128: Declaration or statement expected.
sveltekit-frontend/src/routes/api/ollama/pull/+server.ts(32,7): error TS1128: Declaration or statement expected.
sveltekit-frontend/src/routes/api/ollama/pull/+server.ts(33,5): error TS1128: Declaration or statement expected.
sveltekit-frontend/src/routes/api/ollama/pull/+server.ts(40,12): error TS1109: Expression expected.
sveltekit-frontend/src/routes/api/ollama/pull/+server.ts(66,3): error TS1128: Declaration or statement expected.
sveltekit-frontend/src/routes/api/ollama/pull/+server.ts(66,4): error TS1128: Declaration or statement expected.
sveltekit-frontend/src/routes/api/ollama/pull/+server.ts(66,6): error TS1005: 'try' expected.
sveltekit-frontend/src/routes/api/ollama/pull/+server.ts(70,1): error TS1128: Declaration or statement expected.
sveltekit-frontend/src/routes/api/orchestrator/+server.ts(28,5): error TS1005: ',' expected.
sveltekit-frontend/src/routes/api/orchestrator/health/+server.ts(111,81): error TS1134: Variable declaration expected.
sveltekit-frontend/src/routes/api/orchestrator/health/+server.ts(112,9): error TS1005: ',' expected.
sveltekit-frontend/src/routes/api/orchestrator/health/+server.ts(118,8): error TS1472: 'catch' or 'finally' expected.
sveltekit-frontend/src/routes/api/orchestrator/health/+server.ts(119,5): error TS1128: Declaration or statement expected.
sveltekit-frontend/src/routes/api/orchestrator/health/+server.ts(156,3): error TS1128: Declaration or statement expected.
sveltekit-frontend/src/routes/api/orchestrator/health/+server.ts(156,4): error TS1128: Declaration or statement expected.
sveltekit-frontend/src/routes/api/orchestrator/health/+server.ts(156,6): error TS1005: 'try' expected.
sveltekit-frontend/src/routes/api/orchestrator/health/+server.ts(160,37): error TS1109: Expression expected.
sveltekit-frontend/src/routes/api/orchestrator/health/+server.ts(160,46): error TS1005: ',' expected.
sveltekit-frontend/src/routes/api/orchestrator/health/+server.ts(160,47): error TS1136: Property assignment expected.
sveltekit-frontend/src/routes/api/orchestrator/health/+server.ts(165,1): error TS1128: Declaration or statement expected.
sveltekit-frontend/src/routes/api/production/health/+server.ts(7,1): error TS1128: Declaration or statement expected.
sveltekit-frontend/src/routes/api/security/validate/progress/+server.ts(16,5): error TS1128: Declaration or statement expected.
sveltekit-frontend/src/routes/api/security/validate/progress/+server.ts(17,3): error TS1128: Declaration or statement expected.
sveltekit-frontend/src/routes/api/security/validate/progress/+server.ts(26,3): error TS1128: Declaration or statement expected.
sveltekit-frontend/src/routes/api/security/validate/progress/+server.ts(27,1): error TS1128: Declaration or statement expected.
sveltekit-frontend/src/routes/api/sse/workflows/+server.ts(21,9): error TS1005: ',' expected.
sveltekit-frontend/src/routes/api/test/qdrant/+server.ts(7,1): error TS1128: Declaration or statement expected.
sveltekit-frontend/src/types/langchain-rag.d.ts(3,33): error TS1005: '(' expected.
sveltekit-frontend/src/types/langchain-rag.d.ts(3,56): error TS1005: '=>' expected.
sveltekit-frontend/src/types/langchain-rag.d.ts(4,36): error TS1005: '(' expected.
sveltekit-frontend/src/types/langchain-rag.d.ts(4,59): error TS1005: '=>' expected.
sveltekit-frontend/src/types/langchain-rag.d.ts(10,20): error TS1005: ',' expected.
